!! Predictions spanning range 2808 - 158553 [R1]
# EVM prediction: Mode:STANDARD S-ratio: 2.29 2808-3955 orient(-) score(3705.00) noncoding_equivalent(1619.97) raw_noncoding(1955.62) offset(335.66) 
3171	2808	terminal-	6	6	{GeneMark_model.3023_t;GeneMark},{Augustus_model.g2346.t1;Augustus},{GlimmerHMM_glimmerT_2831-T1;GlimmerHMM}
3247	3172	INTRON			{GeneMark_model.3023_t;GeneMark},{Augustus_model.g2346.t1;Augustus},{GlimmerHMM_glimmerT_2831-T1;GlimmerHMM}
3502	3248	internal-	6	5	{GeneMark_model.3023_t;GeneMark},{Augustus_model.g2346.t1;Augustus},{GlimmerHMM_glimmerT_2831-T1;GlimmerHMM}
3569	3503	INTRON			{GeneMark_model.3023_t;GeneMark},{Augustus_model.g2346.t1;Augustus},{GlimmerHMM_glimmerT_2831-T1;GlimmerHMM}
3628	3570	internal-	4	5	{GeneMark_model.3023_t;GeneMark},{Augustus_model.g2346.t1;Augustus},{GlimmerHMM_glimmerT_2831-T1;GlimmerHMM}
3859	3629	INTRON			{GeneMark_model.3023_t;GeneMark},{Augustus_model.g2346.t1;Augustus},{GlimmerHMM_glimmerT_2831-T1;GlimmerHMM}
3955	3860	initial-	4	6	{GeneMark_model.3023_t;GeneMark},{Augustus_model.g2346.t1;Augustus},{GlimmerHMM_glimmerT_2831-T1;GlimmerHMM}

# EVM prediction: Mode:STANDARD S-ratio: 3.78 4399-5696 orient(+) score(4262.00) noncoding_equivalent(1127.31) raw_noncoding(1532.00) offset(404.69) 
4399	4486	initial+	1	1	{GeneMark_model.3024_t;GeneMark},{Augustus_model.g2347.t1;Augustus},{GlimmerHMM_glimmerT_2832-T1;GlimmerHMM}
4487	4572	INTRON			{GeneMark_model.3024_t;GeneMark},{Augustus_model.g2347.t1;Augustus}
4573	4772	internal+	2	3	{GeneMark_model.3024_t;GeneMark},{Augustus_model.g2347.t1;Augustus}
4773	4852	INTRON			{GeneMark_model.3024_t;GeneMark},{Augustus_model.g2347.t1;Augustus}
4853	5068	internal+	1	3	{GeneMark_model.3024_t;GeneMark},{Augustus_model.g2347.t1;Augustus}
5069	5171	INTRON			{GeneMark_model.3024_t;GeneMark},{Augustus_model.g2347.t1;Augustus},{GlimmerHMM_glimmerT_2832-T1;GlimmerHMM}
5172	5696	terminal+	1	3	{snap_scaffold_6-snap.400-T1;snap},{GeneMark_model.3024_t;GeneMark},{Augustus_model.g2347.t1;Augustus},{GlimmerHMM_glimmerT_2832-T1;GlimmerHMM}

# EVM prediction: Mode:STANDARD S-ratio: 2.65 5841-9746 orient(-) score(12207.00) noncoding_equivalent(4609.94) raw_noncoding(5370.00) offset(760.06) 
6833	5841	terminal-	4	6	{snap_scaffold_6-snap.401-T1;snap},{GeneMark_model.3025_t;GeneMark},{GlimmerHMM_glimmerT_2833-T1;GlimmerHMM},{Augustus_model.g2348.t1;Augustus}
6929	6834	INTRON			{GeneMark_model.3025_t;GeneMark},{GlimmerHMM_glimmerT_2833-T1;GlimmerHMM},{Augustus_model.g2348.t1;Augustus}
7115	6930	internal-	4	6	{GeneMark_model.3025_t;GeneMark},{Augustus_model.g2348.t1;Augustus}
7223	7116	INTRON			{GeneMark_model.3025_t;GeneMark},{Augustus_model.g2348.t1;Augustus}
7343	7224	internal-	4	6	{GeneMark_model.3025_t;GeneMark},{Augustus_model.g2348.t1;Augustus}
7439	7344	INTRON			{GeneMark_model.3025_t;GeneMark},{GlimmerHMM_glimmerT_2833-T1;GlimmerHMM},{Augustus_model.g2348.t1;Augustus}
7568	7440	internal-	4	6	{GeneMark_model.3025_t;GeneMark},{GlimmerHMM_glimmerT_2833-T1;GlimmerHMM},{Augustus_model.g2348.t1;Augustus}
7635	7569	INTRON			{GeneMark_model.3025_t;GeneMark},{GlimmerHMM_glimmerT_2833-T1;GlimmerHMM},{Augustus_model.g2348.t1;Augustus}
7704	7636	internal-	4	6	{GeneMark_model.3025_t;GeneMark},{GlimmerHMM_glimmerT_2833-T1;GlimmerHMM},{Augustus_model.g2348.t1;Augustus}
7779	7705	INTRON			{GeneMark_model.3025_t;GeneMark},{GlimmerHMM_glimmerT_2833-T1;GlimmerHMM},{Augustus_model.g2348.t1;Augustus}
8198	7780	internal-	5	6	{GeneMark_model.3025_t;GeneMark},{GlimmerHMM_glimmerT_2833-T1;GlimmerHMM},{Augustus_model.g2348.t1;Augustus}
8271	8199	INTRON			{GeneMark_model.3025_t;GeneMark},{GlimmerHMM_glimmerT_2833-T1;GlimmerHMM},{Augustus_model.g2348.t1;Augustus}
8506	8272	internal-	4	4	{GeneMark_model.3025_t;GeneMark},{GlimmerHMM_glimmerT_2833-T1;GlimmerHMM},{Augustus_model.g2348.t1;Augustus}
8577	8507	INTRON			{GeneMark_model.3025_t;GeneMark},{GlimmerHMM_glimmerT_2833-T1;GlimmerHMM},{Augustus_model.g2348.t1;Augustus}
8745	8578	internal-	4	6	{GeneMark_model.3025_t;GeneMark},{GlimmerHMM_glimmerT_2833-T1;GlimmerHMM},{Augustus_model.g2348.t1;Augustus}
8809	8746	INTRON			{GeneMark_model.3025_t;GeneMark},{GlimmerHMM_glimmerT_2833-T1;GlimmerHMM},{Augustus_model.g2348.t1;Augustus}
9115	8810	internal-	4	6	{GeneMark_model.3025_t;GeneMark},{GlimmerHMM_glimmerT_2833-T1;GlimmerHMM},{Augustus_model.g2348.t1;Augustus}
9188	9116	INTRON			{GeneMark_model.3025_t;GeneMark},{GlimmerHMM_glimmerT_2833-T1;GlimmerHMM},{Augustus_model.g2348.t1;Augustus}
9746	9189	initial-	4	6	{GeneMark_model.3025_t;GeneMark},{GlimmerHMM_glimmerT_2833-T1;GlimmerHMM}

# EVM prediction: Mode:STANDARD S-ratio: 7.72 10289-11711 orient(+) score(6035.00) noncoding_equivalent(781.39) raw_noncoding(1201.00) offset(419.61) 
10289	10354	initial+	1	3	{GeneMark_model.3026_t;GeneMark},{Augustus_model.g2349.t1;Augustus},{GlimmerHMM_glimmerT_2834-T1;GlimmerHMM}
10355	10607	INTRON			{Augustus_model.g2349.t1;Augustus},{GlimmerHMM_glimmerT_2834-T1;GlimmerHMM}
10608	11529	internal+	1	1	{GeneMark_model.3026_t;GeneMark},{Augustus_model.g2349.t1;Augustus},{GlimmerHMM_glimmerT_2834-T1;GlimmerHMM}
11530	11604	INTRON			{GeneMark_model.3026_t;GeneMark},{Augustus_model.g2349.t1;Augustus},{GlimmerHMM_glimmerT_2834-T1;GlimmerHMM},{ev_type:exonerate/ID=match.2566964.2626/Target=lcl|KQ954464_1_prot_KWU47372_1_98;exonerate}
11605	11711	terminal+	2	3	{GeneMark_model.3026_t;GeneMark},{Augustus_model.g2349.t1;Augustus},{GlimmerHMM_glimmerT_2834-T1;GlimmerHMM}

# EVM prediction: Mode:STANDARD S-ratio: 2.65 12085-13777 orient(-) score(8592.00) noncoding_equivalent(3240.50) raw_noncoding(4828.00) offset(1587.50) 
12182	12085	terminal-	5	6	{HiQ_model.g2350.t1;HiQ},{GeneMark_model.3027_t;GeneMark},{GlimmerHMM_glimmerT_2835-T1;GlimmerHMM}
12335	12183	INTRON			{HiQ_model.g2350.t1;HiQ},{GeneMark_model.3027_t;GeneMark},{GlimmerHMM_glimmerT_2835-T1;GlimmerHMM},{ev_type:exonerate/ID=match.2566964.2670/Target=lcl|KQ954464_1_prot_KWU47371_1_97;exonerate}
12417	12336	internal-	4	4	{HiQ_model.g2350.t1;HiQ},{GeneMark_model.3027_t;GeneMark},{GlimmerHMM_glimmerT_2835-T1;GlimmerHMM},{ev_type:exonerate/ID=match.2566964.2670/Target=lcl|KQ954464_1_prot_KWU47371_1_97;exonerate}
12528	12418	INTRON			{HiQ_model.g2350.t1;HiQ},{GeneMark_model.3027_t;GeneMark},{GlimmerHMM_glimmerT_2835-T1;GlimmerHMM},{ev_type:exonerate/ID=match.2566964.2670/Target=lcl|KQ954464_1_prot_KWU47371_1_97;exonerate}
12593	12529	internal-	5	6	{HiQ_model.g2350.t1;HiQ},{GeneMark_model.3027_t;GeneMark},{GlimmerHMM_glimmerT_2835-T1;GlimmerHMM},{ev_type:exonerate/ID=match.2566964.2670/Target=lcl|KQ954464_1_prot_KWU47371_1_97;exonerate}
12667	12594	INTRON			{HiQ_model.g2350.t1;HiQ},{GeneMark_model.3027_t;GeneMark},{GlimmerHMM_glimmerT_2835-T1;GlimmerHMM},{ev_type:exonerate/ID=match.2566964.2670/Target=lcl|KQ954464_1_prot_KWU47371_1_97;exonerate}
12775	12668	internal-	5	4	{HiQ_model.g2350.t1;HiQ},{GeneMark_model.3027_t;GeneMark},{GlimmerHMM_glimmerT_2835-T1;GlimmerHMM},{ev_type:exonerate/ID=match.2566964.2670/Target=lcl|KQ954464_1_prot_KWU47371_1_97;exonerate}
12867	12776	INTRON			{HiQ_model.g2350.t1;HiQ},{GeneMark_model.3027_t;GeneMark},{GlimmerHMM_glimmerT_2835-T1;GlimmerHMM},{ev_type:exonerate/ID=match.2566964.2670/Target=lcl|KQ954464_1_prot_KWU47371_1_97;exonerate}
13004	12868	internal-	6	4	{HiQ_model.g2350.t1;HiQ},{GeneMark_model.3027_t;GeneMark},{GlimmerHMM_glimmerT_2835-T1;GlimmerHMM},{ev_type:exonerate/ID=match.2566964.2670/Target=lcl|KQ954464_1_prot_KWU47371_1_97;exonerate}
13177	13005	INTRON			{HiQ_model.g2350.t1;HiQ},{GeneMark_model.3027_t;GeneMark},{GlimmerHMM_glimmerT_2835-T1;GlimmerHMM},{ev_type:exonerate/ID=match.2566964.2670/Target=lcl|KQ954464_1_prot_KWU47371_1_97;exonerate}
13261	13178	internal-	6	5	{HiQ_model.g2350.t1;HiQ},{GeneMark_model.3027_t;GeneMark},{GlimmerHMM_glimmerT_2835-T1;GlimmerHMM},{ev_type:exonerate/ID=match.2566964.2670/Target=lcl|KQ954464_1_prot_KWU47371_1_97;exonerate}
13350	13262	INTRON			{HiQ_model.g2350.t1;HiQ},{GeneMark_model.3027_t;GeneMark},{GlimmerHMM_glimmerT_2835-T1;GlimmerHMM},{ev_type:exonerate/ID=match.2566964.2670/Target=lcl|KQ954464_1_prot_KWU47371_1_97;exonerate}
13575	13351	internal-	6	5	{HiQ_model.g2350.t1;HiQ},{GeneMark_model.3027_t;GeneMark},{GlimmerHMM_glimmerT_2835-T1;GlimmerHMM},{ev_type:exonerate/ID=match.2566964.2670/Target=lcl|KQ954464_1_prot_KWU47371_1_97;exonerate}
13721	13576	INTRON			{HiQ_model.g2350.t1;HiQ},{GeneMark_model.3027_t;GeneMark},{GlimmerHMM_glimmerT_2835-T1;GlimmerHMM},{ev_type:exonerate/ID=match.2566964.2670/Target=lcl|KQ954464_1_prot_KWU47371_1_97;exonerate}
13777	13722	initial-	4	5	{HiQ_model.g2350.t1;HiQ},{GeneMark_model.3027_t;GeneMark},{GlimmerHMM_glimmerT_2835-T1;GlimmerHMM}

# EVM prediction: Mode:STANDARD S-ratio: 3.24 14196-19839 orient(+) score(17238.00) noncoding_equivalent(5317.52) raw_noncoding(9175.00) offset(3857.48) 
14196	14288	initial+	1	3	{Augustus_model.g2351.t1;Augustus},{GeneMark_model.3028_t;GeneMark},{GlimmerHMM_glimmerT_2836-T1;GlimmerHMM}
14289	14361	INTRON			{Augustus_model.g2351.t1;Augustus},{GeneMark_model.3028_t;GeneMark}
14362	14419	internal+	1	1	{Augustus_model.g2351.t1;Augustus},{GeneMark_model.3028_t;GeneMark}
14420	14503	INTRON			{Augustus_model.g2351.t1;Augustus},{GeneMark_model.3028_t;GeneMark},{GlimmerHMM_glimmerT_2836-T1;GlimmerHMM}
14504	14730	internal+	2	3	{Augustus_model.g2351.t1;Augustus},{GeneMark_model.3028_t;GeneMark},{GlimmerHMM_glimmerT_2836-T1;GlimmerHMM}
14731	14813	INTRON			{Augustus_model.g2351.t1;Augustus},{GeneMark_model.3028_t;GeneMark}
14814	15003	internal+	1	1	{Augustus_model.g2351.t1;Augustus},{GeneMark_model.3028_t;GeneMark}
15004	15084	INTRON			{Augustus_model.g2351.t1;Augustus},{GeneMark_model.3028_t;GeneMark},{GlimmerHMM_glimmerT_2836-T1;GlimmerHMM}
15085	15212	internal+	2	3	{GlimmerHMM_glimmerT_2836-T1;GlimmerHMM}
15213	15442	INTRON			{GlimmerHMM_glimmerT_2836-T1;GlimmerHMM}
15443	17259	internal+	1	2	{GlimmerHMM_glimmerT_2836-T1;GlimmerHMM}
17260	17324	INTRON			{Augustus_model.g2351.t1;Augustus},{GlimmerHMM_glimmerT_2836-T1;GlimmerHMM},{GeneMark_model.3029_t;GeneMark}
17325	17386	internal+	3	1	{Augustus_model.g2351.t1;Augustus},{GlimmerHMM_glimmerT_2836-T1;GlimmerHMM},{GeneMark_model.3029_t;GeneMark}
17387	17454	INTRON			{Augustus_model.g2351.t1;Augustus},{GeneMark_model.3029_t;GeneMark}
17455	17552	internal+	2	3	{Augustus_model.g2351.t1;Augustus},{GeneMark_model.3029_t;GeneMark}
17553	18966	INTRON			{Augustus_model.g2351.t1;Augustus},{GlimmerHMM_glimmerT_2836-T1;GlimmerHMM}
18967	19839	terminal+	1	3	{Augustus_model.g2351.t1;Augustus},{snap_scaffold_6-snap.405-T1;snap},{GlimmerHMM_glimmerT_2836-T1;GlimmerHMM}

# EVM prediction: Mode:STANDARD S-ratio: 8.35 20188-22777 orient(-) score(9354.00) noncoding_equivalent(1119.58) raw_noncoding(1417.00) offset(297.42) 
21032	20188	terminal-	5	6	{GlimmerHMM_glimmerT_2837-T1;GlimmerHMM},{GeneMark_model.3031_t;GeneMark},{Augustus_model.g2352.t1;Augustus},{snap_scaffold_6-snap.406-T1;snap}
21100	21033	INTRON			{GlimmerHMM_glimmerT_2837-T1;GlimmerHMM},{GeneMark_model.3031_t;GeneMark},{Augustus_model.g2352.t1;Augustus}
21336	21101	internal-	6	4	{GlimmerHMM_glimmerT_2837-T1;GlimmerHMM},{GeneMark_model.3031_t;GeneMark},{Augustus_model.g2352.t1;Augustus}
21398	21337	INTRON			{GlimmerHMM_glimmerT_2837-T1;GlimmerHMM},{GeneMark_model.3031_t;GeneMark},{Augustus_model.g2352.t1;Augustus}
22509	21399	internal-	5	5	{GeneMark_model.3031_t;GeneMark},{Augustus_model.g2352.t1;Augustus}
22578	22510	INTRON			{GeneMark_model.3031_t;GeneMark}
22777	22579	initial-	4	4	{GeneMark_model.3031_t;GeneMark}

# EVM prediction: Mode:STANDARD S-ratio: 2.20 22974-24339 orient(+) score(4118.00) noncoding_equivalent(1868.50) raw_noncoding(2428.00) offset(559.50) 
22974	23218	initial+	1	2	{GeneMark_model.3032_t;GeneMark},{GlimmerHMM_glimmerT_2838-T1;GlimmerHMM},{Augustus_model.g2353.t1;Augustus}
23219	23282	INTRON			{GeneMark_model.3032_t;GeneMark},{Augustus_model.g2353.t1;Augustus}
23283	23327	internal+	3	2	{GeneMark_model.3032_t;GeneMark},{Augustus_model.g2353.t1;Augustus}
23328	23407	INTRON			{GeneMark_model.3032_t;GeneMark},{Augustus_model.g2353.t1;Augustus}
23408	23521	internal+	3	2	{GeneMark_model.3032_t;GeneMark},{GlimmerHMM_glimmerT_2838-T1;GlimmerHMM},{Augustus_model.g2353.t1;Augustus}
23522	23588	INTRON			{GeneMark_model.3032_t;GeneMark},{GlimmerHMM_glimmerT_2838-T1;GlimmerHMM},{Augustus_model.g2353.t1;Augustus}
23589	23650	internal+	3	1	{GeneMark_model.3032_t;GeneMark},{GlimmerHMM_glimmerT_2838-T1;GlimmerHMM},{Augustus_model.g2353.t1;Augustus}
23651	23719	INTRON			{GeneMark_model.3032_t;GeneMark},{GlimmerHMM_glimmerT_2838-T1;GlimmerHMM},{Augustus_model.g2353.t1;Augustus}
23720	23808	internal+	2	3	{GeneMark_model.3032_t;GeneMark},{GlimmerHMM_glimmerT_2838-T1;GlimmerHMM},{Augustus_model.g2353.t1;Augustus}
23809	23875	INTRON			{GeneMark_model.3032_t;GeneMark},{GlimmerHMM_glimmerT_2838-T1;GlimmerHMM},{Augustus_model.g2353.t1;Augustus}
23876	24070	internal+	1	3	{GeneMark_model.3032_t;GeneMark},{GlimmerHMM_glimmerT_2838-T1;GlimmerHMM},{Augustus_model.g2353.t1;Augustus}
24071	24138	INTRON			{GeneMark_model.3032_t;GeneMark},{GlimmerHMM_glimmerT_2838-T1;GlimmerHMM},{Augustus_model.g2353.t1;Augustus}
24139	24339	terminal+	1	3	{GeneMark_model.3032_t;GeneMark},{GlimmerHMM_glimmerT_2838-T1;GlimmerHMM},{Augustus_model.g2353.t1;Augustus}

# EVM prediction: Mode:STANDARD S-ratio: 6.24 24469-28088 orient(-) score(13043.00) noncoding_equivalent(2090.43) raw_noncoding(2747.00) offset(656.57) 
24555	24469	terminal-	4	6	{Augustus_model.g2354.t1;Augustus},{GlimmerHMM_glimmerT_2839-T1;GlimmerHMM},{GeneMark_model.3033_t;GeneMark}
24642	24556	INTRON			{Augustus_model.g2354.t1;Augustus},{GlimmerHMM_glimmerT_2839-T1;GlimmerHMM},{GeneMark_model.3033_t;GeneMark}
25145	24643	internal-	5	6	{Augustus_model.g2354.t1;Augustus},{GlimmerHMM_glimmerT_2839-T1;GlimmerHMM},{GeneMark_model.3033_t;GeneMark}
25211	25146	INTRON			{Augustus_model.g2354.t1;Augustus},{GlimmerHMM_glimmerT_2839-T1;GlimmerHMM},{GeneMark_model.3033_t;GeneMark}
26412	25212	internal-	4	4	{Augustus_model.g2354.t1;Augustus},{GlimmerHMM_glimmerT_2839-T1;GlimmerHMM},{GeneMark_model.3033_t;GeneMark}
26483	26413	INTRON			{Augustus_model.g2354.t1;Augustus},{GlimmerHMM_glimmerT_2839-T1;GlimmerHMM},{GeneMark_model.3033_t;GeneMark}
26601	26484	internal-	6	6	{Augustus_model.g2354.t1;Augustus},{GlimmerHMM_glimmerT_2839-T1;GlimmerHMM},{GeneMark_model.3033_t;GeneMark}
26665	26602	INTRON			{Augustus_model.g2354.t1;Augustus},{GlimmerHMM_glimmerT_2839-T1;GlimmerHMM},{GeneMark_model.3033_t;GeneMark}
27388	26666	internal-	6	5	{Augustus_model.g2354.t1;Augustus},{GlimmerHMM_glimmerT_2839-T1;GlimmerHMM},{GeneMark_model.3033_t;GeneMark}
27442	27389	INTRON			{Augustus_model.g2354.t1;Augustus},{GlimmerHMM_glimmerT_2839-T1;GlimmerHMM},{GeneMark_model.3033_t;GeneMark}
27724	27443	internal-	6	5	{Augustus_model.g2354.t1;Augustus},{GeneMark_model.3033_t;GeneMark}
27796	27725	INTRON			{Augustus_model.g2354.t1;Augustus},{GeneMark_model.3033_t;GeneMark}
27811	27797	internal-	6	5	{Augustus_model.g2354.t1;Augustus},{GeneMark_model.3033_t;GeneMark}
27890	27812	INTRON			{Augustus_model.g2354.t1;Augustus},{GeneMark_model.3033_t;GeneMark}
27906	27891	internal-	5	5	{Augustus_model.g2354.t1;Augustus},{GeneMark_model.3033_t;GeneMark}
27971	27907	INTRON			{Augustus_model.g2354.t1;Augustus},{GeneMark_model.3033_t;GeneMark}
27999	27972	internal-	4	4	{Augustus_model.g2354.t1;Augustus},{GeneMark_model.3033_t;GeneMark}
28085	28000	INTRON			{Augustus_model.g2354.t1;Augustus},{GeneMark_model.3033_t;GeneMark}
28088	28086	initial-	4	6	{Augustus_model.g2354.t1;Augustus},{GlimmerHMM_glimmerT_2839-T1;GlimmerHMM},{GeneMark_model.3033_t;GeneMark}

# EVM prediction: Mode:STANDARD S-ratio: 4.36 28751-31164 orient(+) score(8276.00) noncoding_equivalent(1899.04) raw_noncoding(2255.00) offset(355.96) 
28751	28839	initial+	1	2	{GeneMark_model.3034_t;GeneMark},{Augustus_model.g2355.t1;Augustus},{GlimmerHMM_glimmerT_2840-T1;GlimmerHMM}
28840	28949	INTRON			{GeneMark_model.3034_t;GeneMark},{Augustus_model.g2355.t1;Augustus},{GlimmerHMM_glimmerT_2840-T1;GlimmerHMM}
28950	29004	internal+	3	3	{GeneMark_model.3034_t;GeneMark},{Augustus_model.g2355.t1;Augustus},{GlimmerHMM_glimmerT_2840-T1;GlimmerHMM}
29005	29070	INTRON			{GeneMark_model.3034_t;GeneMark},{GlimmerHMM_glimmerT_2840-T1;GlimmerHMM}
29071	30364	internal+	1	1	{GeneMark_model.3034_t;GeneMark},{GlimmerHMM_glimmerT_2840-T1;GlimmerHMM}
30365	30436	INTRON			{GeneMark_model.3034_t;GeneMark},{Augustus_model.g2355.t1;Augustus},{GlimmerHMM_glimmerT_2840-T1;GlimmerHMM}
30437	30695	internal+	2	2	{GeneMark_model.3034_t;GeneMark},{Augustus_model.g2355.t1;Augustus},{GlimmerHMM_glimmerT_2840-T1;GlimmerHMM}
30696	30779	INTRON			{GeneMark_model.3034_t;GeneMark},{Augustus_model.g2355.t1;Augustus},{GlimmerHMM_glimmerT_2840-T1;GlimmerHMM}
30780	31164	terminal+	3	3	{GeneMark_model.3034_t;GeneMark},{Augustus_model.g2355.t1;Augustus},{GlimmerHMM_glimmerT_2840-T1;GlimmerHMM}

# EVM prediction: Mode:STANDARD S-ratio: 1.87 31371-33018 orient(-) score(4934.00) noncoding_equivalent(2636.42) raw_noncoding(3754.70) offset(1118.28) 
31430	31371	terminal-	4	6	{GlimmerHMM_glimmerT_2841-T1;GlimmerHMM},{GeneMark_model.3035_t;GeneMark},{Augustus_model.g2356.t1;Augustus}
31514	31431	INTRON			{GlimmerHMM_glimmerT_2841-T1;GlimmerHMM},{GeneMark_model.3035_t;GeneMark},{Augustus_model.g2356.t1;Augustus}
31607	31515	internal-	4	6	{GlimmerHMM_glimmerT_2841-T1;GlimmerHMM},{GeneMark_model.3035_t;GeneMark},{Augustus_model.g2356.t1;Augustus}
31721	31608	INTRON			{GlimmerHMM_glimmerT_2841-T1;GlimmerHMM},{GeneMark_model.3035_t;GeneMark},{Augustus_model.g2356.t1;Augustus}
31904	31722	internal-	4	6	{GlimmerHMM_glimmerT_2841-T1;GlimmerHMM},{GeneMark_model.3035_t;GeneMark},{Augustus_model.g2356.t1;Augustus}
31971	31905	INTRON			{GlimmerHMM_glimmerT_2841-T1;GlimmerHMM},{GeneMark_model.3035_t;GeneMark},{Augustus_model.g2356.t1;Augustus}
32044	31972	internal-	6	6	{GlimmerHMM_glimmerT_2841-T1;GlimmerHMM},{GeneMark_model.3035_t;GeneMark},{Augustus_model.g2356.t1;Augustus}
32133	32045	INTRON			{GlimmerHMM_glimmerT_2841-T1;GlimmerHMM},{GeneMark_model.3035_t;GeneMark},{Augustus_model.g2356.t1;Augustus}
32425	32134	internal-	5	5	{GlimmerHMM_glimmerT_2841-T1;GlimmerHMM},{GeneMark_model.3035_t;GeneMark},{Augustus_model.g2356.t1;Augustus}
32508	32426	INTRON			{GlimmerHMM_glimmerT_2841-T1;GlimmerHMM},{GeneMark_model.3035_t;GeneMark},{Augustus_model.g2356.t1;Augustus}
32518	32509	internal-	4	4	{GlimmerHMM_glimmerT_2841-T1;GlimmerHMM},{GeneMark_model.3035_t;GeneMark},{Augustus_model.g2356.t1;Augustus}
32820	32519	INTRON			{GlimmerHMM_glimmerT_2841-T1;GlimmerHMM},{GeneMark_model.3035_t;GeneMark}
32879	32821	internal-	5	6	{GlimmerHMM_glimmerT_2841-T1;GlimmerHMM},{GeneMark_model.3035_t;GeneMark},{Augustus_model.g2356.t1;Augustus}
32945	32880	INTRON			{GlimmerHMM_glimmerT_2841-T1;GlimmerHMM},{GeneMark_model.3035_t;GeneMark},{Augustus_model.g2356.t1;Augustus}
33018	32946	initial-	4	4	{GlimmerHMM_glimmerT_2841-T1;GlimmerHMM},{GeneMark_model.3035_t;GeneMark},{Augustus_model.g2356.t1;Augustus}

# EVM prediction: Mode:STANDARD S-ratio: 1.49 33469-34131 orient(+) score(1584.00) noncoding_equivalent(1066.32) raw_noncoding(1758.00) offset(691.68) 
33469	33634	initial+	1	1	{GeneMark_model.3036_t;GeneMark},{Augustus_model.g2357.t1;Augustus},{GlimmerHMM_glimmerT_2842-T1;GlimmerHMM}
33635	33801	INTRON			{GeneMark_model.3036_t;GeneMark},{Augustus_model.g2357.t1;Augustus}
33802	33823	internal+	2	2	{GeneMark_model.3036_t;GeneMark},{Augustus_model.g2357.t1;Augustus}
33824	33934	INTRON			{GeneMark_model.3036_t;GeneMark},{Augustus_model.g2357.t1;Augustus}
33935	33972	internal+	3	1	{GeneMark_model.3036_t;GeneMark},{Augustus_model.g2357.t1;Augustus}
33973	34039	INTRON			{GeneMark_model.3036_t;GeneMark},{Augustus_model.g2357.t1;Augustus}
34040	34131	terminal+	2	3	{GeneMark_model.3036_t;GeneMark},{Augustus_model.g2357.t1;Augustus},{GlimmerHMM_glimmerT_2842-T1;GlimmerHMM}

# EVM prediction: Mode:STANDARD S-ratio: 2.20 35033-35640 orient(+) score(2470.00) noncoding_equivalent(1123.00) raw_noncoding(1739.00) offset(616.00) 
35033	35035	initial+	1	3	{GeneMark_model.3037_t;GeneMark},{Augustus_model.g2358.t1;Augustus}
35036	35129	INTRON			{GeneMark_model.3037_t;GeneMark},{Augustus_model.g2358.t1;Augustus}
35130	35190	internal+	1	1	{GeneMark_model.3037_t;GeneMark},{Augustus_model.g2358.t1;Augustus}
35191	35284	INTRON			{GeneMark_model.3037_t;GeneMark},{Augustus_model.g2358.t1;Augustus},{ev_type:exonerate/ID=match.2566964.2724/Target=lcl|LCTV02000005_1_prot_PRQ75325_1_5979;exonerate},{ev_type:exonerate/ID=match.2566964.2721/Target=lcl|PJQD01000035_1_prot_POY73619_1_3190;exonerate}
35285	35312	internal+	2	2	{GeneMark_model.3037_t;GeneMark},{Augustus_model.g2358.t1;Augustus},{ev_type:exonerate/ID=match.2566964.2724/Target=lcl|LCTV02000005_1_prot_PRQ75325_1_5979;exonerate},{ev_type:exonerate/ID=match.2566964.2721/Target=lcl|PJQD01000035_1_prot_POY73619_1_3190;exonerate}
35313	35392	INTRON			{GeneMark_model.3037_t;GeneMark},{Augustus_model.g2358.t1;Augustus},{ev_type:exonerate/ID=match.2566964.2724/Target=lcl|LCTV02000005_1_prot_PRQ75325_1_5979;exonerate},{ev_type:exonerate/ID=match.2566964.2721/Target=lcl|PJQD01000035_1_prot_POY73619_1_3190;exonerate}
35393	35516	internal+	3	3	{GeneMark_model.3037_t;GeneMark},{Augustus_model.g2358.t1;Augustus},{ev_type:exonerate/ID=match.2566964.2724/Target=lcl|LCTV02000005_1_prot_PRQ75325_1_5979;exonerate},{ev_type:exonerate/ID=match.2566964.2721/Target=lcl|PJQD01000035_1_prot_POY73619_1_3190;exonerate}
35517	35592	INTRON			{GeneMark_model.3037_t;GeneMark},{GlimmerHMM_glimmerT_2843-T1;GlimmerHMM},{Augustus_model.g2358.t1;Augustus},{ev_type:exonerate/ID=match.2566964.2724/Target=lcl|LCTV02000005_1_prot_PRQ75325_1_5979;exonerate},{ev_type:exonerate/ID=match.2566964.2721/Target=lcl|PJQD01000035_1_prot_POY73619_1_3190;exonerate}
35593	35640	terminal+	1	3	{GeneMark_model.3037_t;GeneMark},{GlimmerHMM_glimmerT_2843-T1;GlimmerHMM},{Augustus_model.g2358.t1;Augustus}

# EVM prediction: Mode:STANDARD S-ratio: 2.44 35919-38140 orient(-) score(6390.00) noncoding_equivalent(2622.94) raw_noncoding(3134.00) offset(511.06) 
35946	35919	terminal-	6	6	{GlimmerHMM_glimmerT_2844-T1;GlimmerHMM},{Augustus_model.g2359.t1;Augustus},{GeneMark_model.3038_t;GeneMark}
36032	35947	INTRON			{GlimmerHMM_glimmerT_2844-T1;GlimmerHMM},{GeneMark_model.3038_t;GeneMark}
36292	36033	internal-	4	5	{GlimmerHMM_glimmerT_2844-T1;GlimmerHMM},{GeneMark_model.3038_t;GeneMark}
36392	36293	INTRON			{GlimmerHMM_glimmerT_2844-T1;GlimmerHMM},{GeneMark_model.3038_t;GeneMark}
36921	36393	internal-	6	6	{GlimmerHMM_glimmerT_2844-T1;GlimmerHMM},{GeneMark_model.3038_t;GeneMark}
36989	36922	INTRON			{GlimmerHMM_glimmerT_2844-T1;GlimmerHMM},{Augustus_model.g2359.t1;Augustus},{GeneMark_model.3038_t;GeneMark}
37641	36990	internal-	5	5	{Augustus_model.g2359.t1;Augustus},{GeneMark_model.3038_t;GeneMark}
37703	37642	INTRON			{Augustus_model.g2359.t1;Augustus},{GeneMark_model.3038_t;GeneMark}
38028	37704	internal-	4	4	{Augustus_model.g2359.t1;Augustus},{GeneMark_model.3038_t;GeneMark}
38095	38029	INTRON			{Augustus_model.g2359.t1;Augustus},{GeneMark_model.3038_t;GeneMark}
38140	38096	initial-	4	6	{Augustus_model.g2359.t1;Augustus},{GeneMark_model.3038_t;GeneMark}

# EVM prediction: Mode:STANDARD S-ratio: 3.60 38581-43234 orient(-) score(15784.00) noncoding_equivalent(4388.28) raw_noncoding(5158.64) offset(770.36) 
38638	38581	terminal-	6	6	{GeneMark_model.3039_t;GeneMark},{Augustus_model.g2360.t1;Augustus},{GlimmerHMM_glimmerT_2845-T1;GlimmerHMM}
38699	38639	INTRON			{GeneMark_model.3039_t;GeneMark},{Augustus_model.g2360.t1;Augustus},{GlimmerHMM_glimmerT_2845-T1;GlimmerHMM}
38778	38700	internal-	5	5	{GeneMark_model.3039_t;GeneMark},{Augustus_model.g2360.t1;Augustus},{GlimmerHMM_glimmerT_2845-T1;GlimmerHMM}
38844	38779	INTRON			{GeneMark_model.3039_t;GeneMark},{Augustus_model.g2360.t1;Augustus},{GlimmerHMM_glimmerT_2845-T1;GlimmerHMM}
38966	38845	internal-	6	4	{GeneMark_model.3039_t;GeneMark},{Augustus_model.g2360.t1;Augustus},{GlimmerHMM_glimmerT_2845-T1;GlimmerHMM}
39033	38967	INTRON			{GeneMark_model.3039_t;GeneMark},{Augustus_model.g2360.t1;Augustus},{GlimmerHMM_glimmerT_2845-T1;GlimmerHMM}
39148	39034	internal-	5	5	{GeneMark_model.3039_t;GeneMark},{Augustus_model.g2360.t1;Augustus},{GlimmerHMM_glimmerT_2845-T1;GlimmerHMM}
39208	39149	INTRON			{GeneMark_model.3039_t;GeneMark},{Augustus_model.g2360.t1;Augustus},{GlimmerHMM_glimmerT_2845-T1;GlimmerHMM}
39346	39209	internal-	5	4	{GeneMark_model.3039_t;GeneMark},{Augustus_model.g2360.t1;Augustus},{GlimmerHMM_glimmerT_2845-T1;GlimmerHMM}
39413	39347	INTRON			{GeneMark_model.3039_t;GeneMark},{Augustus_model.g2360.t1;Augustus},{GlimmerHMM_glimmerT_2845-T1;GlimmerHMM}
39846	39414	internal-	4	4	{GeneMark_model.3039_t;GeneMark},{Augustus_model.g2360.t1;Augustus},{GlimmerHMM_glimmerT_2845-T1;GlimmerHMM}
39911	39847	INTRON			{GeneMark_model.3039_t;GeneMark},{Augustus_model.g2360.t1;Augustus},{GlimmerHMM_glimmerT_2845-T1;GlimmerHMM}
40469	39912	internal-	4	6	{GeneMark_model.3039_t;GeneMark},{Augustus_model.g2360.t1;Augustus},{GlimmerHMM_glimmerT_2845-T1;GlimmerHMM}
40538	40470	INTRON			{GeneMark_model.3039_t;GeneMark},{Augustus_model.g2360.t1;Augustus},{GlimmerHMM_glimmerT_2845-T1;GlimmerHMM}
40667	40539	internal-	4	6	{GeneMark_model.3039_t;GeneMark},{Augustus_model.g2360.t1;Augustus},{GlimmerHMM_glimmerT_2845-T1;GlimmerHMM}
40731	40668	INTRON			{GeneMark_model.3039_t;GeneMark},{Augustus_model.g2360.t1;Augustus},{GlimmerHMM_glimmerT_2845-T1;GlimmerHMM}
41192	40732	internal-	5	6	{GeneMark_model.3039_t;GeneMark},{Augustus_model.g2360.t1;Augustus},{GlimmerHMM_glimmerT_2845-T1;GlimmerHMM}
41260	41193	INTRON			{GeneMark_model.3039_t;GeneMark},{Augustus_model.g2360.t1;Augustus},{GlimmerHMM_glimmerT_2845-T1;GlimmerHMM}
41771	41261	internal-	4	4	{GeneMark_model.3039_t;GeneMark},{Augustus_model.g2360.t1;Augustus},{GlimmerHMM_glimmerT_2845-T1;GlimmerHMM}
41842	41772	INTRON			{GeneMark_model.3039_t;GeneMark},{Augustus_model.g2360.t1;Augustus},{GlimmerHMM_glimmerT_2845-T1;GlimmerHMM}
42274	41843	internal-	4	6	{GeneMark_model.3039_t;GeneMark},{Augustus_model.g2360.t1;Augustus},{GlimmerHMM_glimmerT_2845-T1;GlimmerHMM}
42338	42275	INTRON			{GeneMark_model.3039_t;GeneMark},{Augustus_model.g2360.t1;Augustus},{GlimmerHMM_glimmerT_2845-T1;GlimmerHMM}
43089	42339	internal-	6	6	{GeneMark_model.3039_t;GeneMark},{Augustus_model.g2360.t1;Augustus},{GlimmerHMM_glimmerT_2845-T1;GlimmerHMM}
43172	43090	INTRON			{GeneMark_model.3039_t;GeneMark},{Augustus_model.g2360.t1;Augustus},{GlimmerHMM_glimmerT_2845-T1;GlimmerHMM}
43234	43173	initial-	4	5	{GeneMark_model.3039_t;GeneMark},{Augustus_model.g2360.t1;Augustus},{GlimmerHMM_glimmerT_2845-T1;GlimmerHMM}

# EVM prediction: Mode:STANDARD S-ratio: 3.70 43703-45022 orient(+) score(4145.00) noncoding_equivalent(1121.32) raw_noncoding(1617.00) offset(495.68) 
43703	43889	initial+	1	1	{Augustus_model.g2361.t1;Augustus},{GeneMark_model.3040_t;GeneMark},{GlimmerHMM_glimmerT_2846-T1;GlimmerHMM}
43890	43956	INTRON			{Augustus_model.g2361.t1;Augustus},{GeneMark_model.3040_t;GeneMark}
43957	44012	internal+	2	3	{Augustus_model.g2361.t1;Augustus},{GeneMark_model.3040_t;GeneMark}
44013	44081	INTRON			{Augustus_model.g2361.t1;Augustus},{GeneMark_model.3040_t;GeneMark}
44082	44166	internal+	1	1	{Augustus_model.g2361.t1;Augustus},{GeneMark_model.3040_t;GeneMark}
44167	44245	INTRON			{Augustus_model.g2361.t1;Augustus}
44246	44641	internal+	2	1	{Augustus_model.g2361.t1;Augustus},{GlimmerHMM_glimmerT_2846-T1;GlimmerHMM}
44642	44717	INTRON			{Augustus_model.g2361.t1;Augustus},{GeneMark_model.3040_t;GeneMark},{GlimmerHMM_glimmerT_2846-T1;GlimmerHMM}
44718	45022	terminal+	2	3	{Augustus_model.g2361.t1;Augustus},{GeneMark_model.3040_t;GeneMark},{GlimmerHMM_glimmerT_2846-T1;GlimmerHMM}

# EVM prediction: Mode:STANDARD S-ratio: 1.97 46032-46576 orient(+) score(1780.00) noncoding_equivalent(904.02) raw_noncoding(1121.00) offset(216.98) 
46032	46155	initial+	1	1	{GlimmerHMM_glimmerT_2847-T1;GlimmerHMM},{Augustus_model.g2362.t1;Augustus},{GeneMark_model.3041_t;GeneMark}
46156	46343	INTRON			{GlimmerHMM_glimmerT_2847-T1;GlimmerHMM},{Augustus_model.g2362.t1;Augustus},{GeneMark_model.3041_t;GeneMark}
46344	46484	internal+	2	1	{GlimmerHMM_glimmerT_2847-T1;GlimmerHMM},{Augustus_model.g2362.t1;Augustus},{GeneMark_model.3041_t;GeneMark}
46485	46553	INTRON			{GlimmerHMM_glimmerT_2847-T1;GlimmerHMM},{Augustus_model.g2362.t1;Augustus},{GeneMark_model.3041_t;GeneMark}
46554	46576	terminal+	2	3	{GlimmerHMM_glimmerT_2847-T1;GlimmerHMM},{Augustus_model.g2362.t1;Augustus},{GeneMark_model.3041_t;GeneMark}

# EVM prediction: Mode:STANDARD S-ratio: 3.10 47043-52412 orient(-) score(17047.00) noncoding_equivalent(5503.00) raw_noncoding(7602.00) offset(2099.00) 
50082	47043	terminal-	6	6	{GeneMark_model.3042_t;GeneMark}
50867	50083	INTRON			{GeneMark_model.3042_t;GeneMark},{Augustus_model.g2363.t1;Augustus}
51016	50868	internal-	4	5	{GeneMark_model.3042_t;GeneMark},{Augustus_model.g2363.t1;Augustus}
51101	51017	INTRON			{GeneMark_model.3042_t;GeneMark},{GlimmerHMM_glimmerT_2849-T1;GlimmerHMM},{Augustus_model.g2363.t1;Augustus}
51200	51102	internal-	4	6	{GeneMark_model.3042_t;GeneMark},{GlimmerHMM_glimmerT_2849-T1;GlimmerHMM},{Augustus_model.g2363.t1;Augustus}
51259	51201	INTRON			{GeneMark_model.3042_t;GeneMark},{GlimmerHMM_glimmerT_2849-T1;GlimmerHMM},{Augustus_model.g2363.t1;Augustus}
51362	51260	internal-	6	6	{GeneMark_model.3042_t;GeneMark},{GlimmerHMM_glimmerT_2849-T1;GlimmerHMM},{Augustus_model.g2363.t1;Augustus}
51429	51363	INTRON			{GeneMark_model.3042_t;GeneMark},{GlimmerHMM_glimmerT_2849-T1;GlimmerHMM},{Augustus_model.g2363.t1;Augustus}
51602	51430	internal-	4	5	{GeneMark_model.3042_t;GeneMark},{GlimmerHMM_glimmerT_2849-T1;GlimmerHMM},{Augustus_model.g2363.t1;Augustus}
51727	51603	INTRON			{GeneMark_model.3042_t;GeneMark},{GlimmerHMM_glimmerT_2849-T1;GlimmerHMM},{Augustus_model.g2363.t1;Augustus}
51967	51728	internal-	4	6	{GeneMark_model.3042_t;GeneMark},{GlimmerHMM_glimmerT_2849-T1;GlimmerHMM},{Augustus_model.g2363.t1;Augustus}
52025	51968	INTRON			{GeneMark_model.3042_t;GeneMark},{GlimmerHMM_glimmerT_2849-T1;GlimmerHMM},{Augustus_model.g2363.t1;Augustus}
52121	52026	internal-	4	6	{GeneMark_model.3042_t;GeneMark},{GlimmerHMM_glimmerT_2849-T1;GlimmerHMM},{Augustus_model.g2363.t1;Augustus}
52197	52122	INTRON			{GeneMark_model.3042_t;GeneMark},{GlimmerHMM_glimmerT_2849-T1;GlimmerHMM},{Augustus_model.g2363.t1;Augustus}
52268	52198	internal-	5	6	{GeneMark_model.3042_t;GeneMark},{GlimmerHMM_glimmerT_2849-T1;GlimmerHMM},{Augustus_model.g2363.t1;Augustus}
52348	52269	INTRON			{GeneMark_model.3042_t;GeneMark},{GlimmerHMM_glimmerT_2849-T1;GlimmerHMM},{Augustus_model.g2363.t1;Augustus}
52412	52349	initial-	4	4	{GeneMark_model.3042_t;GeneMark},{GlimmerHMM_glimmerT_2849-T1;GlimmerHMM},{Augustus_model.g2363.t1;Augustus}

# EVM prediction: Mode:STANDARD S-ratio: 6.02 52933-58352 orient(+) score(24160.00) noncoding_equivalent(4014.15) raw_noncoding(4505.00) offset(490.85) 
52933	53313	initial+	1	3	{GeneMark_model.3043_t;GeneMark},{GlimmerHMM_glimmerT_2850-T1;GlimmerHMM},{Augustus_model.g2364.t1;Augustus}
53314	53371	INTRON			{GeneMark_model.3043_t;GeneMark},{GlimmerHMM_glimmerT_2850-T1;GlimmerHMM},{Augustus_model.g2364.t1;Augustus},{ev_type:exonerate/ID=match.2566964.2524/Target=lcl|KQ954464_1_prot_KWU47632_1_358;exonerate}
53372	53515	internal+	1	3	{GeneMark_model.3043_t;GeneMark},{GlimmerHMM_glimmerT_2850-T1;GlimmerHMM},{Augustus_model.g2364.t1;Augustus},{ev_type:exonerate/ID=match.2566964.2524/Target=lcl|KQ954464_1_prot_KWU47632_1_358;exonerate}
53516	53580	INTRON			{GeneMark_model.3043_t;GeneMark},{GlimmerHMM_glimmerT_2850-T1;GlimmerHMM},{Augustus_model.g2364.t1;Augustus},{ev_type:exonerate/ID=match.2566964.2524/Target=lcl|KQ954464_1_prot_KWU47632_1_358;exonerate}
53581	54660	internal+	1	3	{GeneMark_model.3043_t;GeneMark},{GlimmerHMM_glimmerT_2850-T1;GlimmerHMM},{Augustus_model.g2364.t1;Augustus},{ev_type:exonerate/ID=match.2566964.2524/Target=lcl|KQ954464_1_prot_KWU47632_1_358;exonerate}
54661	54728	INTRON			{GeneMark_model.3043_t;GeneMark},{GlimmerHMM_glimmerT_2850-T1;GlimmerHMM},{Augustus_model.g2364.t1;Augustus},{ev_type:exonerate/ID=match.2566964.2524/Target=lcl|KQ954464_1_prot_KWU47632_1_358;exonerate}
54729	55067	internal+	1	3	{GeneMark_model.3043_t;GeneMark},{GlimmerHMM_glimmerT_2850-T1;GlimmerHMM},{Augustus_model.g2364.t1;Augustus},{ev_type:exonerate/ID=match.2566964.2524/Target=lcl|KQ954464_1_prot_KWU47632_1_358;exonerate}
55068	55132	INTRON			{GeneMark_model.3043_t;GeneMark},{GlimmerHMM_glimmerT_2850-T1;GlimmerHMM},{Augustus_model.g2364.t1;Augustus},{ev_type:exonerate/ID=match.2566964.2524/Target=lcl|KQ954464_1_prot_KWU47632_1_358;exonerate}
55133	56307	internal+	1	2	{GeneMark_model.3043_t;GeneMark},{GlimmerHMM_glimmerT_2850-T1;GlimmerHMM},{Augustus_model.g2364.t1;Augustus},{ev_type:exonerate/ID=match.2566964.2524/Target=lcl|KQ954464_1_prot_KWU47632_1_358;exonerate}
56308	56375	INTRON			{GeneMark_model.3043_t;GeneMark},{GlimmerHMM_glimmerT_2850-T1;GlimmerHMM},{Augustus_model.g2364.t1;Augustus},{ev_type:exonerate/ID=match.2566964.2524/Target=lcl|KQ954464_1_prot_KWU47632_1_358;exonerate}
56376	56937	internal+	3	3	{GeneMark_model.3043_t;GeneMark},{GlimmerHMM_glimmerT_2850-T1;GlimmerHMM},{Augustus_model.g2364.t1;Augustus}
56938	57005	INTRON			{GeneMark_model.3043_t;GeneMark},{GlimmerHMM_glimmerT_2850-T1;GlimmerHMM},{Augustus_model.g2364.t1;Augustus},{ev_type:exonerate/ID=match.2566964.2524/Target=lcl|KQ954464_1_prot_KWU47632_1_358;exonerate}
57006	57599	internal+	1	3	{GeneMark_model.3043_t;GeneMark},{GlimmerHMM_glimmerT_2850-T1;GlimmerHMM},{Augustus_model.g2364.t1;Augustus},{ev_type:exonerate/ID=match.2566964.2524/Target=lcl|KQ954464_1_prot_KWU47632_1_358;exonerate}
57600	57676	INTRON			{GeneMark_model.3043_t;GeneMark},{GlimmerHMM_glimmerT_2850-T1;GlimmerHMM},{Augustus_model.g2364.t1;Augustus},{ev_type:exonerate/ID=match.2566964.2524/Target=lcl|KQ954464_1_prot_KWU47632_1_358;exonerate}
57677	57830	internal+	1	1	{GeneMark_model.3043_t;GeneMark},{GlimmerHMM_glimmerT_2850-T1;GlimmerHMM},{Augustus_model.g2364.t1;Augustus},{ev_type:exonerate/ID=match.2566964.2524/Target=lcl|KQ954464_1_prot_KWU47632_1_358;exonerate}
57831	57913	INTRON			{GeneMark_model.3043_t;GeneMark},{GlimmerHMM_glimmerT_2850-T1;GlimmerHMM},{Augustus_model.g2364.t1;Augustus},{ev_type:exonerate/ID=match.2566964.2524/Target=lcl|KQ954464_1_prot_KWU47632_1_358;exonerate}
57914	58120	internal+	2	1	{GeneMark_model.3043_t;GeneMark},{GlimmerHMM_glimmerT_2850-T1;GlimmerHMM},{Augustus_model.g2364.t1;Augustus},{ev_type:exonerate/ID=match.2566964.2524/Target=lcl|KQ954464_1_prot_KWU47632_1_358;exonerate}
58121	58200	INTRON			{GeneMark_model.3043_t;GeneMark},{GlimmerHMM_glimmerT_2850-T1;GlimmerHMM},{Augustus_model.g2364.t1;Augustus},{ev_type:exonerate/ID=match.2566964.2524/Target=lcl|KQ954464_1_prot_KWU47632_1_358;exonerate}
58201	58352	terminal+	2	3	{GeneMark_model.3043_t;GeneMark},{GlimmerHMM_glimmerT_2850-T1;GlimmerHMM},{Augustus_model.g2364.t1;Augustus}

# EVM prediction: Mode:STANDARD S-ratio: 3.90 60082-65386 orient(+) score(17790.00) noncoding_equivalent(4557.12) raw_noncoding(5077.00) offset(519.88) 
60082	61237	initial+	1	1	{GlimmerHMM_glimmerT_2851-T1;GlimmerHMM},{GeneMark_model.3044_t;GeneMark},{Augustus_model.g2365.t1;Augustus}
61238	61308	INTRON			{GlimmerHMM_glimmerT_2851-T1;GlimmerHMM},{GeneMark_model.3044_t;GeneMark},{Augustus_model.g2365.t1;Augustus}
61309	61417	internal+	2	2	{GlimmerHMM_glimmerT_2851-T1;GlimmerHMM},{GeneMark_model.3044_t;GeneMark},{Augustus_model.g2365.t1;Augustus}
61418	61510	INTRON			{GlimmerHMM_glimmerT_2851-T1;GlimmerHMM},{GeneMark_model.3044_t;GeneMark},{Augustus_model.g2365.t1;Augustus}
61511	61722	internal+	3	1	{GlimmerHMM_glimmerT_2851-T1;GlimmerHMM},{GeneMark_model.3044_t;GeneMark},{Augustus_model.g2365.t1;Augustus}
61723	61799	INTRON			{GlimmerHMM_glimmerT_2851-T1;GlimmerHMM},{GeneMark_model.3044_t;GeneMark},{Augustus_model.g2365.t1;Augustus}
61800	61958	internal+	2	1	{GlimmerHMM_glimmerT_2851-T1;GlimmerHMM},{GeneMark_model.3044_t;GeneMark},{Augustus_model.g2365.t1;Augustus}
61959	62041	INTRON			{GlimmerHMM_glimmerT_2851-T1;GlimmerHMM},{GeneMark_model.3044_t;GeneMark},{Augustus_model.g2365.t1;Augustus}
62042	62982	internal+	2	3	{GlimmerHMM_glimmerT_2851-T1;GlimmerHMM},{GeneMark_model.3044_t;GeneMark},{Augustus_model.g2365.t1;Augustus}
62983	63041	INTRON			{GlimmerHMM_glimmerT_2851-T1;GlimmerHMM},{GeneMark_model.3044_t;GeneMark},{Augustus_model.g2365.t1;Augustus}
63042	64619	internal+	1	3	{GlimmerHMM_glimmerT_2851-T1;GlimmerHMM},{GeneMark_model.3044_t;GeneMark},{Augustus_model.g2365.t1;Augustus}
64620	64681	INTRON			{GlimmerHMM_glimmerT_2851-T1;GlimmerHMM},{GeneMark_model.3044_t;GeneMark},{Augustus_model.g2365.t1;Augustus}
64682	64989	internal+	1	2	{GlimmerHMM_glimmerT_2851-T1;GlimmerHMM},{GeneMark_model.3044_t;GeneMark},{Augustus_model.g2365.t1;Augustus}
64990	65050	INTRON			{GlimmerHMM_glimmerT_2851-T1;GlimmerHMM},{GeneMark_model.3044_t;GeneMark},{Augustus_model.g2365.t1;Augustus}
65051	65116	internal+	3	2	{GlimmerHMM_glimmerT_2851-T1;GlimmerHMM},{GeneMark_model.3044_t;GeneMark},{Augustus_model.g2365.t1;Augustus}
65117	65190	INTRON			{GlimmerHMM_glimmerT_2851-T1;GlimmerHMM},{GeneMark_model.3044_t;GeneMark},{Augustus_model.g2365.t1;Augustus}
65191	65386	terminal+	3	3	{GlimmerHMM_glimmerT_2851-T1;GlimmerHMM},{GeneMark_model.3044_t;GeneMark},{Augustus_model.g2365.t1;Augustus}

# EVM prediction: Mode:STANDARD S-ratio: 3.43 65627-68380 orient(-) score(17014.00) noncoding_equivalent(4958.95) raw_noncoding(6693.00) offset(1734.05) 
65776	65627	terminal-	4	6	{GlimmerHMM_glimmerT_2852-T1;GlimmerHMM},{GeneMark_model.3045_t;GeneMark},{HiQ_model.g2366.t1;HiQ}
65859	65777	INTRON			{GlimmerHMM_glimmerT_2852-T1;GlimmerHMM},{GeneMark_model.3045_t;GeneMark},{HiQ_model.g2366.t1;HiQ},{ev_type:exonerate/ID=match.2566964.2554/Target=lcl|KQ954464_1_prot_KWU47633_1_359;exonerate},{ev_type:exonerate/ID=match.2566964.2558/Target=lcl|PJQD01000035_1_prot_POY73768_1_3339;exonerate}
66052	65860	internal-	6	6	{GlimmerHMM_glimmerT_2852-T1;GlimmerHMM},{GeneMark_model.3045_t;GeneMark},{HiQ_model.g2366.t1;HiQ},{ev_type:exonerate/ID=match.2566964.2554/Target=lcl|KQ954464_1_prot_KWU47633_1_359;exonerate},{ev_type:exonerate/ID=match.2566964.2558/Target=lcl|PJQD01000035_1_prot_POY73768_1_3339;exonerate}
66118	66053	INTRON			{GlimmerHMM_glimmerT_2852-T1;GlimmerHMM},{snap_scaffold_6-snap.426-T1;snap},{GeneMark_model.3045_t;GeneMark},{HiQ_model.g2366.t1;HiQ},{ev_type:exonerate/ID=match.2566964.2554/Target=lcl|KQ954464_1_prot_KWU47633_1_359;exonerate}
66145	66119	internal-	6	5	{GlimmerHMM_glimmerT_2852-T1;GlimmerHMM},{GeneMark_model.3045_t;GeneMark},{HiQ_model.g2366.t1;HiQ},{ev_type:exonerate/ID=match.2566964.2554/Target=lcl|KQ954464_1_prot_KWU47633_1_359;exonerate}
66227	66146	INTRON			{GlimmerHMM_glimmerT_2852-T1;GlimmerHMM},{GeneMark_model.3045_t;GeneMark},{HiQ_model.g2366.t1;HiQ},{ev_type:exonerate/ID=match.2566964.2554/Target=lcl|KQ954464_1_prot_KWU47633_1_359;exonerate}
66417	66228	internal-	5	5	{GlimmerHMM_glimmerT_2852-T1;GlimmerHMM},{GeneMark_model.3045_t;GeneMark},{HiQ_model.g2366.t1;HiQ},{ev_type:exonerate/ID=match.2566964.2554/Target=lcl|KQ954464_1_prot_KWU47633_1_359;exonerate},{ev_type:exonerate/ID=match.2566964.2558/Target=lcl|PJQD01000035_1_prot_POY73768_1_3339;exonerate}
66494	66418	INTRON			{GlimmerHMM_glimmerT_2852-T1;GlimmerHMM},{GeneMark_model.3045_t;GeneMark},{HiQ_model.g2366.t1;HiQ},{ev_type:exonerate/ID=match.2566964.2554/Target=lcl|KQ954464_1_prot_KWU47633_1_359;exonerate},{ev_type:exonerate/ID=match.2566964.2558/Target=lcl|PJQD01000035_1_prot_POY73768_1_3339;exonerate}
66713	66495	internal-	5	4	{GlimmerHMM_glimmerT_2852-T1;GlimmerHMM},{GeneMark_model.3045_t;GeneMark},{HiQ_model.g2366.t1;HiQ},{ev_type:exonerate/ID=match.2566964.2554/Target=lcl|KQ954464_1_prot_KWU47633_1_359;exonerate},{ev_type:exonerate/ID=match.2566964.2558/Target=lcl|PJQD01000035_1_prot_POY73768_1_3339;exonerate}
66798	66714	INTRON			{GlimmerHMM_glimmerT_2852-T1;GlimmerHMM},{GeneMark_model.3045_t;GeneMark},{HiQ_model.g2366.t1;HiQ},{ev_type:exonerate/ID=match.2566964.2554/Target=lcl|KQ954464_1_prot_KWU47633_1_359;exonerate},{ev_type:exonerate/ID=match.2566964.2558/Target=lcl|PJQD01000035_1_prot_POY73768_1_3339;exonerate}
66980	66799	internal-	6	4	{GlimmerHMM_glimmerT_2852-T1;GlimmerHMM},{GeneMark_model.3045_t;GeneMark},{HiQ_model.g2366.t1;HiQ},{ev_type:exonerate/ID=match.2566964.2554/Target=lcl|KQ954464_1_prot_KWU47633_1_359;exonerate},{ev_type:exonerate/ID=match.2566964.2558/Target=lcl|PJQD01000035_1_prot_POY73768_1_3339;exonerate}
67046	66981	INTRON			{GlimmerHMM_glimmerT_2852-T1;GlimmerHMM},{GeneMark_model.3045_t;GeneMark},{HiQ_model.g2366.t1;HiQ},{ev_type:exonerate/ID=match.2566964.2554/Target=lcl|KQ954464_1_prot_KWU47633_1_359;exonerate},{ev_type:exonerate/ID=match.2566964.2558/Target=lcl|PJQD01000035_1_prot_POY73768_1_3339;exonerate}
67201	67047	internal-	4	5	{GlimmerHMM_glimmerT_2852-T1;GlimmerHMM},{GeneMark_model.3045_t;GeneMark},{HiQ_model.g2366.t1;HiQ},{ev_type:exonerate/ID=match.2566964.2554/Target=lcl|KQ954464_1_prot_KWU47633_1_359;exonerate},{ev_type:exonerate/ID=match.2566964.2558/Target=lcl|PJQD01000035_1_prot_POY73768_1_3339;exonerate}
67274	67202	INTRON			{GlimmerHMM_glimmerT_2852-T1;GlimmerHMM},{GeneMark_model.3045_t;GeneMark},{HiQ_model.g2366.t1;HiQ},{ev_type:exonerate/ID=match.2566964.2554/Target=lcl|KQ954464_1_prot_KWU47633_1_359;exonerate},{ev_type:exonerate/ID=match.2566964.2558/Target=lcl|PJQD01000035_1_prot_POY73768_1_3339;exonerate}
67484	67275	internal-	4	6	{GlimmerHMM_glimmerT_2852-T1;GlimmerHMM},{GeneMark_model.3045_t;GeneMark},{HiQ_model.g2366.t1;HiQ},{ev_type:exonerate/ID=match.2566964.2554/Target=lcl|KQ954464_1_prot_KWU47633_1_359;exonerate},{ev_type:exonerate/ID=match.2566964.2558/Target=lcl|PJQD01000035_1_prot_POY73768_1_3339;exonerate}
67555	67485	INTRON			{GlimmerHMM_glimmerT_2852-T1;GlimmerHMM},{GeneMark_model.3045_t;GeneMark},{HiQ_model.g2366.t1;HiQ},{ev_type:exonerate/ID=match.2566964.2554/Target=lcl|KQ954464_1_prot_KWU47633_1_359;exonerate},{ev_type:exonerate/ID=match.2566964.2558/Target=lcl|PJQD01000035_1_prot_POY73768_1_3339;exonerate}
67610	67556	internal-	6	6	{GlimmerHMM_glimmerT_2852-T1;GlimmerHMM},{GeneMark_model.3045_t;GeneMark},{HiQ_model.g2366.t1;HiQ},{ev_type:exonerate/ID=match.2566964.2554/Target=lcl|KQ954464_1_prot_KWU47633_1_359;exonerate},{ev_type:exonerate/ID=match.2566964.2558/Target=lcl|PJQD01000035_1_prot_POY73768_1_3339;exonerate}
67681	67611	INTRON			{GlimmerHMM_glimmerT_2852-T1;GlimmerHMM},{GeneMark_model.3045_t;GeneMark},{HiQ_model.g2366.t1;HiQ},{ev_type:exonerate/ID=match.2566964.2554/Target=lcl|KQ954464_1_prot_KWU47633_1_359;exonerate},{ev_type:exonerate/ID=match.2566964.2558/Target=lcl|PJQD01000035_1_prot_POY73768_1_3339;exonerate}
67724	67682	internal-	5	5	{GlimmerHMM_glimmerT_2852-T1;GlimmerHMM},{GeneMark_model.3045_t;GeneMark},{HiQ_model.g2366.t1;HiQ},{ev_type:exonerate/ID=match.2566964.2554/Target=lcl|KQ954464_1_prot_KWU47633_1_359;exonerate},{ev_type:exonerate/ID=match.2566964.2558/Target=lcl|PJQD01000035_1_prot_POY73768_1_3339;exonerate}
67795	67725	INTRON			{GlimmerHMM_glimmerT_2852-T1;GlimmerHMM},{GeneMark_model.3045_t;GeneMark},{HiQ_model.g2366.t1;HiQ},{ev_type:exonerate/ID=match.2566964.2554/Target=lcl|KQ954464_1_prot_KWU47633_1_359;exonerate},{ev_type:exonerate/ID=match.2566964.2558/Target=lcl|PJQD01000035_1_prot_POY73768_1_3339;exonerate}
68011	67796	internal-	5	4	{GlimmerHMM_glimmerT_2852-T1;GlimmerHMM},{GeneMark_model.3045_t;GeneMark},{HiQ_model.g2366.t1;HiQ},{ev_type:exonerate/ID=match.2566964.2554/Target=lcl|KQ954464_1_prot_KWU47633_1_359;exonerate},{ev_type:exonerate/ID=match.2566964.2558/Target=lcl|PJQD01000035_1_prot_POY73768_1_3339;exonerate}
68085	68012	INTRON			{GlimmerHMM_glimmerT_2852-T1;GlimmerHMM},{GeneMark_model.3045_t;GeneMark},{HiQ_model.g2366.t1;HiQ},{ev_type:exonerate/ID=match.2566964.2554/Target=lcl|KQ954464_1_prot_KWU47633_1_359;exonerate},{ev_type:exonerate/ID=match.2566964.2558/Target=lcl|PJQD01000035_1_prot_POY73768_1_3339;exonerate}
68213	68086	internal-	6	4	{GlimmerHMM_glimmerT_2852-T1;GlimmerHMM},{GeneMark_model.3045_t;GeneMark},{HiQ_model.g2366.t1;HiQ},{ev_type:exonerate/ID=match.2566964.2554/Target=lcl|KQ954464_1_prot_KWU47633_1_359;exonerate},{ev_type:exonerate/ID=match.2566964.2558/Target=lcl|PJQD01000035_1_prot_POY73768_1_3339;exonerate}
68342	68214	INTRON			{GlimmerHMM_glimmerT_2852-T1;GlimmerHMM},{GeneMark_model.3045_t;GeneMark},{HiQ_model.g2366.t1;HiQ},{ev_type:exonerate/ID=match.2566964.2554/Target=lcl|KQ954464_1_prot_KWU47633_1_359;exonerate},{ev_type:exonerate/ID=match.2566964.2558/Target=lcl|PJQD01000035_1_prot_POY73768_1_3339;exonerate}
68380	68343	initial-	4	5	{GlimmerHMM_glimmerT_2852-T1;GlimmerHMM},{GeneMark_model.3045_t;GeneMark},{HiQ_model.g2366.t1;HiQ}

# EVM prediction: Mode:STANDARD S-ratio: 2.24 68711-74050 orient(+) score(15327.00) noncoding_equivalent(6827.72) raw_noncoding(8937.00) offset(2109.28) 
68711	68806	initial+	1	3	{Augustus_model.g2367.t1;Augustus},{GlimmerHMM_glimmerT_2853-T1;GlimmerHMM},{GeneMark_model.3046_t;GeneMark}
68807	68866	INTRON			{Augustus_model.g2367.t1;Augustus},{GeneMark_model.3046_t;GeneMark}
68867	69013	internal+	1	3	{Augustus_model.g2367.t1;Augustus},{GeneMark_model.3046_t;GeneMark}
69014	69077	INTRON			{Augustus_model.g2367.t1;Augustus},{GeneMark_model.3046_t;GeneMark}
69078	69195	internal+	1	1	{Augustus_model.g2367.t1;Augustus},{GlimmerHMM_glimmerT_2853-T1;GlimmerHMM},{GeneMark_model.3046_t;GeneMark}
69196	69262	INTRON			{Augustus_model.g2367.t1;Augustus},{GlimmerHMM_glimmerT_2853-T1;GlimmerHMM},{GeneMark_model.3046_t;GeneMark}
69263	69353	internal+	2	2	{Augustus_model.g2367.t1;Augustus},{GlimmerHMM_glimmerT_2853-T1;GlimmerHMM},{GeneMark_model.3046_t;GeneMark}
69354	69417	INTRON			{Augustus_model.g2367.t1;Augustus},{GeneMark_model.3046_t;GeneMark}
69418	69490	internal+	3	3	{Augustus_model.g2367.t1;Augustus},{GeneMark_model.3046_t;GeneMark}
69491	69558	INTRON			{Augustus_model.g2367.t1;Augustus},{GeneMark_model.3046_t;GeneMark}
69559	69695	internal+	1	2	{Augustus_model.g2367.t1;Augustus},{GeneMark_model.3046_t;GeneMark}
69696	69771	INTRON			{Augustus_model.g2367.t1;Augustus},{GeneMark_model.3046_t;GeneMark}
69772	70027	internal+	3	3	{Augustus_model.g2367.t1;Augustus},{GlimmerHMM_glimmerT_2853-T1;GlimmerHMM},{GeneMark_model.3046_t;GeneMark}
70028	70093	INTRON			{Augustus_model.g2367.t1;Augustus},{GlimmerHMM_glimmerT_2853-T1;GlimmerHMM},{GeneMark_model.3046_t;GeneMark}
70094	70526	internal+	1	1	{Augustus_model.g2367.t1;Augustus},{GlimmerHMM_glimmerT_2853-T1;GlimmerHMM},{GeneMark_model.3046_t;GeneMark}
70527	70587	INTRON			{Augustus_model.g2367.t1;Augustus},{GlimmerHMM_glimmerT_2853-T1;GlimmerHMM},{GeneMark_model.3046_t;GeneMark}
70588	71109	internal+	2	1	{Augustus_model.g2367.t1;Augustus},{GlimmerHMM_glimmerT_2853-T1;GlimmerHMM},{GeneMark_model.3046_t;GeneMark}
71110	71193	INTRON			{Augustus_model.g2367.t1;Augustus},{GlimmerHMM_glimmerT_2853-T1;GlimmerHMM},{GeneMark_model.3046_t;GeneMark}
71194	71293	internal+	2	2	{Augustus_model.g2367.t1;Augustus},{GlimmerHMM_glimmerT_2853-T1;GlimmerHMM},{GeneMark_model.3046_t;GeneMark}
71294	71368	INTRON			{Augustus_model.g2367.t1;Augustus},{GlimmerHMM_glimmerT_2853-T1;GlimmerHMM},{GeneMark_model.3046_t;GeneMark}
71369	71518	internal+	3	2	{Augustus_model.g2367.t1;Augustus},{GeneMark_model.3046_t;GeneMark}
71519	71603	INTRON			{Augustus_model.g2367.t1;Augustus},{GeneMark_model.3046_t;GeneMark}
71604	71791	internal+	3	1	{Augustus_model.g2367.t1;Augustus},{GeneMark_model.3046_t;GeneMark}
71792	71873	INTRON			{Augustus_model.g2367.t1;Augustus},{GeneMark_model.3046_t;GeneMark}
71874	72019	internal+	2	3	{Augustus_model.g2367.t1;Augustus},{GlimmerHMM_glimmerT_2853-T1;GlimmerHMM},{GeneMark_model.3046_t;GeneMark}
72020	72085	INTRON			{Augustus_model.g2367.t1;Augustus},{GeneMark_model.3046_t;GeneMark}
72086	72147	internal+	1	2	{Augustus_model.g2367.t1;Augustus},{GeneMark_model.3046_t;GeneMark}
72148	72209	INTRON			{Augustus_model.g2367.t1;Augustus},{GeneMark_model.3046_t;GeneMark}
72210	72345	internal+	3	3	{Augustus_model.g2367.t1;Augustus},{GeneMark_model.3046_t;GeneMark}
72346	72407	INTRON			{Augustus_model.g2367.t1;Augustus},{GeneMark_model.3046_t;GeneMark}
72408	72686	internal+	1	3	{Augustus_model.g2367.t1;Augustus},{GlimmerHMM_glimmerT_2853-T1;GlimmerHMM},{GeneMark_model.3046_t;GeneMark}
72687	72749	INTRON			{Augustus_model.g2367.t1;Augustus},{GlimmerHMM_glimmerT_2853-T1;GlimmerHMM},{GeneMark_model.3046_t;GeneMark}
72750	73002	internal+	1	1	{Augustus_model.g2367.t1;Augustus},{GlimmerHMM_glimmerT_2853-T1;GlimmerHMM},{GeneMark_model.3046_t;GeneMark}
73003	73065	INTRON			{Augustus_model.g2367.t1;Augustus},{GeneMark_model.3046_t;GeneMark}
73066	73316	internal+	2	3	{Augustus_model.g2367.t1;Augustus},{GeneMark_model.3046_t;GeneMark}
73317	73387	INTRON			{Augustus_model.g2367.t1;Augustus},{GeneMark_model.3046_t;GeneMark}
73388	73552	internal+	1	3	{Augustus_model.g2367.t1;Augustus},{GeneMark_model.3046_t;GeneMark}
73553	73620	INTRON			{Augustus_model.g2367.t1;Augustus},{GeneMark_model.3046_t;GeneMark}
73621	73657	internal+	1	1	{Augustus_model.g2367.t1;Augustus},{GeneMark_model.3046_t;GeneMark}
73658	73727	INTRON			{Augustus_model.g2367.t1;Augustus},{GeneMark_model.3046_t;GeneMark}
73728	74050	terminal+	2	3	{Augustus_model.g2367.t1;Augustus},{GlimmerHMM_glimmerT_2853-T1;GlimmerHMM},{GeneMark_model.3046_t;GeneMark},{snap_scaffold_6-snap.431-T1;snap}

# EVM prediction: Mode:STANDARD S-ratio: 3.78 74378-76851 orient(+) score(8473.00) noncoding_equivalent(2240.87) raw_noncoding(2597.00) offset(356.13) 
74378	74380	initial+	1	3	{GlimmerHMM_glimmerT_2854-T1;GlimmerHMM},{GeneMark_model.3047_t;GeneMark},{Augustus_model.g2368.t1;Augustus}
74381	74444	INTRON			{GlimmerHMM_glimmerT_2854-T1;GlimmerHMM},{GeneMark_model.3047_t;GeneMark},{Augustus_model.g2368.t1;Augustus}
74445	74567	internal+	1	3	{GlimmerHMM_glimmerT_2854-T1;GlimmerHMM},{GeneMark_model.3047_t;GeneMark},{Augustus_model.g2368.t1;Augustus}
74568	74631	INTRON			{GlimmerHMM_glimmerT_2854-T1;GlimmerHMM},{GeneMark_model.3047_t;GeneMark},{Augustus_model.g2368.t1;Augustus}
74632	74734	internal+	1	1	{GlimmerHMM_glimmerT_2854-T1;GlimmerHMM},{GeneMark_model.3047_t;GeneMark},{Augustus_model.g2368.t1;Augustus}
74735	74795	INTRON			{GlimmerHMM_glimmerT_2854-T1;GlimmerHMM},{GeneMark_model.3047_t;GeneMark},{Augustus_model.g2368.t1;Augustus}
74796	75021	internal+	2	2	{GlimmerHMM_glimmerT_2854-T1;GlimmerHMM},{GeneMark_model.3047_t;GeneMark},{Augustus_model.g2368.t1;Augustus}
75022	75076	INTRON			{GlimmerHMM_glimmerT_2854-T1;GlimmerHMM},{GeneMark_model.3047_t;GeneMark},{Augustus_model.g2368.t1;Augustus}
75077	75376	internal+	3	2	{GlimmerHMM_glimmerT_2854-T1;GlimmerHMM},{GeneMark_model.3047_t;GeneMark},{Augustus_model.g2368.t1;Augustus}
75377	75435	INTRON			{GlimmerHMM_glimmerT_2854-T1;GlimmerHMM},{GeneMark_model.3047_t;GeneMark},{Augustus_model.g2368.t1;Augustus}
75436	75851	internal+	3	1	{GlimmerHMM_glimmerT_2854-T1;GlimmerHMM},{GeneMark_model.3047_t;GeneMark},{Augustus_model.g2368.t1;Augustus}
75852	75908	INTRON			{GlimmerHMM_glimmerT_2854-T1;GlimmerHMM},{GeneMark_model.3047_t;GeneMark},{Augustus_model.g2368.t1;Augustus}
75909	76325	internal+	2	1	{GlimmerHMM_glimmerT_2854-T1;GlimmerHMM},{GeneMark_model.3047_t;GeneMark},{Augustus_model.g2368.t1;Augustus}
76326	76390	INTRON			{GlimmerHMM_glimmerT_2854-T1;GlimmerHMM},{GeneMark_model.3047_t;GeneMark},{Augustus_model.g2368.t1;Augustus}
76391	76851	terminal+	2	3	{GlimmerHMM_glimmerT_2854-T1;GlimmerHMM},{GeneMark_model.3047_t;GeneMark},{Augustus_model.g2368.t1;Augustus}

# EVM prediction: Mode:STANDARD S-ratio: 5.57 76998-79607 orient(-) score(9489.00) noncoding_equivalent(1702.71) raw_noncoding(2001.00) offset(298.29) 
77295	76998	terminal-	6	6	{GlimmerHMM_glimmerT_2855-T1;GlimmerHMM},{GeneMark_model.3048_t;GeneMark},{Augustus_model.g2369.t1;Augustus},{snap_scaffold_6-snap.434-T1;snap}
77364	77296	INTRON			{GlimmerHMM_glimmerT_2855-T1;GlimmerHMM},{GeneMark_model.3048_t;GeneMark},{Augustus_model.g2369.t1;Augustus}
77612	77365	internal-	4	5	{GlimmerHMM_glimmerT_2855-T1;GlimmerHMM},{GeneMark_model.3048_t;GeneMark},{Augustus_model.g2369.t1;Augustus}
77675	77613	INTRON			{GlimmerHMM_glimmerT_2855-T1;GlimmerHMM},{GeneMark_model.3048_t;GeneMark},{Augustus_model.g2369.t1;Augustus}
77990	77676	internal-	4	6	{GlimmerHMM_glimmerT_2855-T1;GlimmerHMM},{GeneMark_model.3048_t;GeneMark},{Augustus_model.g2369.t1;Augustus}
78061	77991	INTRON			{GlimmerHMM_glimmerT_2855-T1;GlimmerHMM},{GeneMark_model.3048_t;GeneMark},{Augustus_model.g2369.t1;Augustus}
78146	78062	internal-	6	6	{GlimmerHMM_glimmerT_2855-T1;GlimmerHMM},{GeneMark_model.3048_t;GeneMark},{Augustus_model.g2369.t1;Augustus}
78214	78147	INTRON			{GlimmerHMM_glimmerT_2855-T1;GlimmerHMM},{GeneMark_model.3048_t;GeneMark},{Augustus_model.g2369.t1;Augustus}
78655	78215	internal-	6	5	{GlimmerHMM_glimmerT_2855-T1;GlimmerHMM},{GeneMark_model.3048_t;GeneMark},{Augustus_model.g2369.t1;Augustus}
78717	78656	INTRON			{GlimmerHMM_glimmerT_2855-T1;GlimmerHMM},{GeneMark_model.3048_t;GeneMark},{Augustus_model.g2369.t1;Augustus}
78965	78718	internal-	4	5	{GlimmerHMM_glimmerT_2855-T1;GlimmerHMM},{GeneMark_model.3048_t;GeneMark},{Augustus_model.g2369.t1;Augustus}
79022	78966	INTRON			{GlimmerHMM_glimmerT_2855-T1;GlimmerHMM},{GeneMark_model.3048_t;GeneMark},{Augustus_model.g2369.t1;Augustus}
79607	79023	initial-	4	6	{GlimmerHMM_glimmerT_2855-T1;GlimmerHMM},{GeneMark_model.3048_t;GeneMark},{Augustus_model.g2369.t1;Augustus}

# EVM prediction: Mode:STANDARD S-ratio: 3.08 79827-82498 orient(+) score(8818.00) noncoding_equivalent(2862.29) raw_noncoding(3215.00) offset(352.71) 
79827	79880	initial+	1	3	{GeneMark_model.3049_t;GeneMark},{GlimmerHMM_glimmerT_2856-T1;GlimmerHMM},{Augustus_model.g2370.t1;Augustus}
79881	79948	INTRON			{GeneMark_model.3049_t;GeneMark},{GlimmerHMM_glimmerT_2856-T1;GlimmerHMM},{Augustus_model.g2370.t1;Augustus}
79949	80614	internal+	1	3	{GeneMark_model.3049_t;GeneMark},{GlimmerHMM_glimmerT_2856-T1;GlimmerHMM},{Augustus_model.g2370.t1;Augustus}
80615	80675	INTRON			{GeneMark_model.3049_t;GeneMark},{GlimmerHMM_glimmerT_2856-T1;GlimmerHMM},{Augustus_model.g2370.t1;Augustus}
80676	81354	internal+	1	1	{GeneMark_model.3049_t;GeneMark},{GlimmerHMM_glimmerT_2856-T1;GlimmerHMM},{Augustus_model.g2370.t1;Augustus}
81355	81424	INTRON			{GeneMark_model.3049_t;GeneMark},{GlimmerHMM_glimmerT_2856-T1;GlimmerHMM},{Augustus_model.g2370.t1;Augustus}
81425	81526	internal+	2	1	{GeneMark_model.3049_t;GeneMark},{GlimmerHMM_glimmerT_2856-T1;GlimmerHMM},{Augustus_model.g2370.t1;Augustus}
81527	81606	INTRON			{GeneMark_model.3049_t;GeneMark},{GlimmerHMM_glimmerT_2856-T1;GlimmerHMM},{Augustus_model.g2370.t1;Augustus}
81607	81909	internal+	2	1	{GeneMark_model.3049_t;GeneMark},{GlimmerHMM_glimmerT_2856-T1;GlimmerHMM},{Augustus_model.g2370.t1;Augustus}
81910	82007	INTRON			{GeneMark_model.3049_t;GeneMark},{GlimmerHMM_glimmerT_2856-T1;GlimmerHMM},{Augustus_model.g2370.t1;Augustus}
82008	82267	internal+	2	3	{GeneMark_model.3049_t;GeneMark},{GlimmerHMM_glimmerT_2856-T1;GlimmerHMM},{Augustus_model.g2370.t1;Augustus}
82268	82369	INTRON			{GeneMark_model.3049_t;GeneMark},{GlimmerHMM_glimmerT_2856-T1;GlimmerHMM},{Augustus_model.g2370.t1;Augustus}
82370	82498	terminal+	1	3	{GeneMark_model.3049_t;GeneMark},{GlimmerHMM_glimmerT_2856-T1;GlimmerHMM},{Augustus_model.g2370.t1;Augustus}

# EVM prediction: Mode:STANDARD S-ratio: 3.39 82854-89415 orient(+) score(21715.00) noncoding_equivalent(6414.03) raw_noncoding(7566.56) offset(1152.53) 
82854	82976	initial+	1	3	{Augustus_model.g2371.t1;Augustus},{GeneMark_model.3050_t;GeneMark},{GlimmerHMM_glimmerT_2857-T1;GlimmerHMM}
82977	83132	INTRON			{Augustus_model.g2371.t1;Augustus},{GeneMark_model.3050_t;GeneMark},{GlimmerHMM_glimmerT_2857-T1;GlimmerHMM}
83133	84819	internal+	1	1	{Augustus_model.g2371.t1;Augustus},{GeneMark_model.3050_t;GeneMark},{GlimmerHMM_glimmerT_2857-T1;GlimmerHMM}
84820	84884	INTRON			{Augustus_model.g2371.t1;Augustus},{GeneMark_model.3050_t;GeneMark},{GlimmerHMM_glimmerT_2857-T1;GlimmerHMM}
84885	85263	internal+	2	2	{Augustus_model.g2371.t1;Augustus},{GeneMark_model.3050_t;GeneMark},{GlimmerHMM_glimmerT_2857-T1;GlimmerHMM}
85264	85337	INTRON			{Augustus_model.g2371.t1;Augustus},{GeneMark_model.3050_t;GeneMark},{GlimmerHMM_glimmerT_2857-T1;GlimmerHMM}
85338	85537	internal+	3	1	{Augustus_model.g2371.t1;Augustus},{GeneMark_model.3050_t;GeneMark},{GlimmerHMM_glimmerT_2857-T1;GlimmerHMM}
85538	85614	INTRON			{Augustus_model.g2371.t1;Augustus},{GeneMark_model.3050_t;GeneMark},{GlimmerHMM_glimmerT_2857-T1;GlimmerHMM}
85615	86383	internal+	2	2	{Augustus_model.g2371.t1;Augustus},{GeneMark_model.3050_t;GeneMark},{GlimmerHMM_glimmerT_2857-T1;GlimmerHMM}
86384	86445	INTRON			{Augustus_model.g2371.t1;Augustus},{GeneMark_model.3050_t;GeneMark},{GlimmerHMM_glimmerT_2857-T1;GlimmerHMM}
86446	86789	internal+	3	1	{Augustus_model.g2371.t1;Augustus},{GeneMark_model.3050_t;GeneMark},{GlimmerHMM_glimmerT_2857-T1;GlimmerHMM}
86790	86875	INTRON			{Augustus_model.g2371.t1;Augustus},{GeneMark_model.3050_t;GeneMark},{GlimmerHMM_glimmerT_2857-T1;GlimmerHMM}
86876	86918	internal+	2	2	{Augustus_model.g2371.t1;Augustus},{GeneMark_model.3050_t;GeneMark},{GlimmerHMM_glimmerT_2857-T1;GlimmerHMM}
86919	86995	INTRON			{Augustus_model.g2371.t1;Augustus},{GeneMark_model.3050_t;GeneMark},{GlimmerHMM_glimmerT_2857-T1;GlimmerHMM}
86996	87311	internal+	3	3	{Augustus_model.g2371.t1;Augustus},{GeneMark_model.3050_t;GeneMark},{GlimmerHMM_glimmerT_2857-T1;GlimmerHMM}
87312	87371	INTRON			{Augustus_model.g2371.t1;Augustus},{GeneMark_model.3050_t;GeneMark},{GlimmerHMM_glimmerT_2857-T1;GlimmerHMM}
87372	87644	internal+	1	3	{Augustus_model.g2371.t1;Augustus},{GeneMark_model.3050_t;GeneMark},{GlimmerHMM_glimmerT_2857-T1;GlimmerHMM}
87645	87699	INTRON			{Augustus_model.g2371.t1;Augustus},{GeneMark_model.3050_t;GeneMark},{GlimmerHMM_glimmerT_2857-T1;GlimmerHMM}
87700	87889	internal+	1	1	{Augustus_model.g2371.t1;Augustus},{GeneMark_model.3050_t;GeneMark},{GlimmerHMM_glimmerT_2857-T1;GlimmerHMM}
87890	87949	INTRON			{Augustus_model.g2371.t1;Augustus},{GeneMark_model.3050_t;GeneMark},{GlimmerHMM_glimmerT_2857-T1;GlimmerHMM}
87950	88197	internal+	2	3	{Augustus_model.g2371.t1;Augustus},{GeneMark_model.3050_t;GeneMark},{GlimmerHMM_glimmerT_2857-T1;GlimmerHMM}
88198	88263	INTRON			{Augustus_model.g2371.t1;Augustus},{GeneMark_model.3050_t;GeneMark},{GlimmerHMM_glimmerT_2857-T1;GlimmerHMM}
88264	88472	internal+	1	2	{Augustus_model.g2371.t1;Augustus},{GeneMark_model.3050_t;GeneMark},{GlimmerHMM_glimmerT_2857-T1;GlimmerHMM}
88473	88536	INTRON			{Augustus_model.g2371.t1;Augustus},{GeneMark_model.3050_t;GeneMark},{GlimmerHMM_glimmerT_2857-T1;GlimmerHMM}
88537	88819	internal+	3	3	{Augustus_model.g2371.t1;Augustus},{GeneMark_model.3050_t;GeneMark},{GlimmerHMM_glimmerT_2857-T1;GlimmerHMM}
88820	88884	INTRON			{Augustus_model.g2371.t1;Augustus},{GeneMark_model.3050_t;GeneMark},{GlimmerHMM_glimmerT_2857-T1;GlimmerHMM}
88885	88992	internal+	1	3	{Augustus_model.g2371.t1;Augustus},{GeneMark_model.3050_t;GeneMark},{GlimmerHMM_glimmerT_2857-T1;GlimmerHMM}
88993	89054	INTRON			{Augustus_model.g2371.t1;Augustus},{GeneMark_model.3050_t;GeneMark},{GlimmerHMM_glimmerT_2857-T1;GlimmerHMM}
89055	89189	internal+	1	3	{Augustus_model.g2371.t1;Augustus},{GeneMark_model.3050_t;GeneMark},{GlimmerHMM_glimmerT_2857-T1;GlimmerHMM}
89190	89250	INTRON			{GeneMark_model.3050_t;GeneMark}
89251	89415	terminal+	1	3	{GeneMark_model.3050_t;GeneMark}

# EVM prediction: Mode:STANDARD S-ratio: 4.50 89667-93707 orient(-) score(14000.00) noncoding_equivalent(3110.41) raw_noncoding(3918.00) offset(807.59) 
89893	89667	terminal-	5	6	{GlimmerHMM_glimmerT_2858-T1;GlimmerHMM},{Augustus_model.g2372.t1;Augustus}
89991	89894	INTRON			{GlimmerHMM_glimmerT_2858-T1;GlimmerHMM},{Augustus_model.g2372.t1;Augustus}
90800	89992	internal-	6	4	{GeneMark_model.3051_t;GeneMark},{GlimmerHMM_glimmerT_2858-T1;GlimmerHMM},{Augustus_model.g2372.t1;Augustus}
90858	90801	INTRON			{GeneMark_model.3051_t;GeneMark},{GlimmerHMM_glimmerT_2858-T1;GlimmerHMM},{Augustus_model.g2372.t1;Augustus}
91062	90859	internal-	6	5	{GeneMark_model.3051_t;GeneMark},{GlimmerHMM_glimmerT_2858-T1;GlimmerHMM},{Augustus_model.g2372.t1;Augustus}
91135	91063	INTRON			{GeneMark_model.3051_t;GeneMark},{GlimmerHMM_glimmerT_2858-T1;GlimmerHMM},{Augustus_model.g2372.t1;Augustus}
91216	91136	internal-	6	5	{GeneMark_model.3051_t;GeneMark},{GlimmerHMM_glimmerT_2858-T1;GlimmerHMM},{Augustus_model.g2372.t1;Augustus}
91286	91217	INTRON			{GeneMark_model.3051_t;GeneMark},{GlimmerHMM_glimmerT_2858-T1;GlimmerHMM},{Augustus_model.g2372.t1;Augustus}
92025	91287	internal-	5	5	{GeneMark_model.3051_t;GeneMark},{GlimmerHMM_glimmerT_2858-T1;GlimmerHMM},{Augustus_model.g2372.t1;Augustus}
92094	92026	INTRON			{GeneMark_model.3051_t;GeneMark},{GlimmerHMM_glimmerT_2858-T1;GlimmerHMM},{Augustus_model.g2372.t1;Augustus}
92484	92095	internal-	5	4	{GeneMark_model.3051_t;GeneMark},{GlimmerHMM_glimmerT_2858-T1;GlimmerHMM},{Augustus_model.g2372.t1;Augustus}
92551	92485	INTRON			{GeneMark_model.3051_t;GeneMark},{Augustus_model.g2372.t1;Augustus}
92819	92552	internal-	4	4	{GeneMark_model.3051_t;GeneMark},{Augustus_model.g2372.t1;Augustus}
92890	92820	INTRON			{GeneMark_model.3051_t;GeneMark},{GlimmerHMM_glimmerT_2858-T1;GlimmerHMM},{Augustus_model.g2372.t1;Augustus}
93259	92891	internal-	4	6	{GeneMark_model.3051_t;GeneMark},{GlimmerHMM_glimmerT_2858-T1;GlimmerHMM},{Augustus_model.g2372.t1;Augustus}
93342	93260	INTRON			{GeneMark_model.3051_t;GeneMark},{GlimmerHMM_glimmerT_2858-T1;GlimmerHMM},{Augustus_model.g2372.t1;Augustus}
93444	93343	internal-	4	6	{GeneMark_model.3051_t;GeneMark},{GlimmerHMM_glimmerT_2858-T1;GlimmerHMM},{Augustus_model.g2372.t1;Augustus}
93512	93445	INTRON			{GeneMark_model.3051_t;GeneMark},{GlimmerHMM_glimmerT_2858-T1;GlimmerHMM},{Augustus_model.g2372.t1;Augustus}
93614	93513	internal-	4	6	{GeneMark_model.3051_t;GeneMark},{Augustus_model.g2372.t1;Augustus}
93689	93615	INTRON			{GeneMark_model.3051_t;GeneMark},{Augustus_model.g2372.t1;Augustus}
93707	93690	initial-	4	6	{GeneMark_model.3051_t;GeneMark},{Augustus_model.g2372.t1;Augustus}

# EVM prediction: Mode:STANDARD S-ratio: 3.86 94263-95421 orient(+) score(4387.00) noncoding_equivalent(1136.48) raw_noncoding(1291.00) offset(154.52) 
94263	94758	initial+	1	1	{GeneMark_model.3052_t;GeneMark},{Augustus_model.g2373.t1;Augustus},{GlimmerHMM_glimmerT_2859-T1;GlimmerHMM}
94759	94826	INTRON			{GeneMark_model.3052_t;GeneMark},{Augustus_model.g2373.t1;Augustus},{GlimmerHMM_glimmerT_2859-T1;GlimmerHMM},{ev_type:exonerate/ID=match.2566964.2685/Target=lcl|KQ954464_1_prot_KWU47638_1_364;exonerate}
94827	95033	internal+	2	1	{GeneMark_model.3052_t;GeneMark},{Augustus_model.g2373.t1;Augustus},{GlimmerHMM_glimmerT_2859-T1;GlimmerHMM},{ev_type:exonerate/ID=match.2566964.2685/Target=lcl|KQ954464_1_prot_KWU47638_1_364;exonerate}
95034	95110	INTRON			{GeneMark_model.3052_t;GeneMark},{Augustus_model.g2373.t1;Augustus},{GlimmerHMM_glimmerT_2859-T1;GlimmerHMM},{ev_type:exonerate/ID=match.2566964.2685/Target=lcl|KQ954464_1_prot_KWU47638_1_364;exonerate}
95111	95421	terminal+	2	3	{GeneMark_model.3052_t;GeneMark},{Augustus_model.g2373.t1;Augustus},{GlimmerHMM_glimmerT_2859-T1;GlimmerHMM}

# EVM prediction: Mode:STANDARD S-ratio: 1.97 101755-103179 orient(-) score(3972.00) noncoding_equivalent(2014.97) raw_noncoding(2290.07) offset(275.11) 
102213	101755	terminal-	4	6	{GeneMark_model.3053_t;GeneMark}
102272	102214	INTRON			{Augustus_model.g2374.t1;Augustus},{GeneMark_model.3053_t;GeneMark}
102698	102273	internal-	4	6	{GlimmerHMM_glimmerT_2860-T1;GlimmerHMM},{Augustus_model.g2374.t1;Augustus},{GeneMark_model.3053_t;GeneMark}
102769	102699	INTRON			{GlimmerHMM_glimmerT_2860-T1;GlimmerHMM},{Augustus_model.g2374.t1;Augustus},{GeneMark_model.3053_t;GeneMark}
103069	102770	internal-	4	6	{GlimmerHMM_glimmerT_2860-T1;GlimmerHMM},{Augustus_model.g2374.t1;Augustus},{GeneMark_model.3053_t;GeneMark}
103146	103070	INTRON			{GlimmerHMM_glimmerT_2860-T1;GlimmerHMM},{Augustus_model.g2374.t1;Augustus},{GeneMark_model.3053_t;GeneMark}
103179	103147	initial-	4	6	{GlimmerHMM_glimmerT_2860-T1;GlimmerHMM},{Augustus_model.g2374.t1;Augustus},{GeneMark_model.3053_t;GeneMark}

# EVM prediction: Mode:STANDARD S-ratio: 1.79 108915-110412 orient(+) score(3852.00) noncoding_equivalent(2151.25) raw_noncoding(2742.00) offset(590.75) 
108915	108945	initial+	1	1	{GlimmerHMM_glimmerT_2861-T1;GlimmerHMM},{GeneMark_model.3054_t;GeneMark},{Augustus_model.g2375.t1;Augustus}
108946	109005	INTRON			{GlimmerHMM_glimmerT_2861-T1;GlimmerHMM},{GeneMark_model.3054_t;GeneMark},{Augustus_model.g2375.t1;Augustus}
109006	109034	internal+	2	3	{GlimmerHMM_glimmerT_2861-T1;GlimmerHMM},{GeneMark_model.3054_t;GeneMark},{Augustus_model.g2375.t1;Augustus}
109035	109102	INTRON			{GlimmerHMM_glimmerT_2861-T1;GlimmerHMM},{GeneMark_model.3054_t;GeneMark},{Augustus_model.g2375.t1;Augustus}
109103	109363	internal+	1	3	{GlimmerHMM_glimmerT_2861-T1;GlimmerHMM},{GeneMark_model.3054_t;GeneMark},{Augustus_model.g2375.t1;Augustus}
109364	109422	INTRON			{GlimmerHMM_glimmerT_2861-T1;GlimmerHMM},{GeneMark_model.3054_t;GeneMark},{Augustus_model.g2375.t1;Augustus}
109423	109636	internal+	1	1	{GeneMark_model.3054_t;GeneMark},{Augustus_model.g2375.t1;Augustus}
109637	109736	INTRON			{GeneMark_model.3054_t;GeneMark}
109737	110024	internal+	2	1	{GeneMark_model.3054_t;GeneMark}
110025	110101	INTRON			{GeneMark_model.3054_t;GeneMark}
110102	110412	terminal+	2	3	{GlimmerHMM_glimmerT_2861-T1;GlimmerHMM},{GeneMark_model.3054_t;GeneMark},{Augustus_model.g2375.t1;Augustus}

# EVM prediction: Mode:STANDARD S-ratio: 2.30 110869-111429 orient(-) score(1563.00) noncoding_equivalent(679.92) raw_noncoding(813.00) offset(133.08) 
111130	110869	terminal-	6	6	{GeneMark_model.3055_t;GeneMark},{Augustus_model.g2376.t1;Augustus}
111196	111131	INTRON			{GeneMark_model.3055_t;GeneMark},{Augustus_model.g2376.t1;Augustus}
111429	111197	initial-	4	5	{GeneMark_model.3055_t;GeneMark},{Augustus_model.g2376.t1;Augustus},{GlimmerHMM_glimmerT_2862-T1;GlimmerHMM}

# EVM prediction: Mode:STANDARD S-ratio: 1.48 112436-113892 orient(+) score(3333.00) noncoding_equivalent(2254.76) raw_noncoding(3517.92) offset(1263.16) 
112436	112513	initial+	1	3	{Augustus_model.g2377.t1;Augustus}
112514	112573	INTRON			{GeneMark_model.3056_t;GeneMark},{Augustus_model.g2377.t1;Augustus}
112574	112614	internal+	1	2	{GeneMark_model.3056_t;GeneMark},{Augustus_model.g2377.t1;Augustus}
112615	112693	INTRON			{GeneMark_model.3056_t;GeneMark},{Augustus_model.g2377.t1;Augustus}
112694	112711	internal+	3	2	{GeneMark_model.3056_t;GeneMark},{Augustus_model.g2377.t1;Augustus}
112712	112785	INTRON			{GeneMark_model.3056_t;GeneMark},{Augustus_model.g2377.t1;Augustus}
112786	112847	internal+	3	1	{GeneMark_model.3056_t;GeneMark},{Augustus_model.g2377.t1;Augustus}
112848	112923	INTRON			{GeneMark_model.3056_t;GeneMark},{Augustus_model.g2377.t1;Augustus}
112924	113051	internal+	2	3	{GeneMark_model.3056_t;GeneMark}
113052	113112	INTRON			{GeneMark_model.3056_t;GeneMark}
113113	113167	internal+	1	1	{GeneMark_model.3056_t;GeneMark}
113168	113228	INTRON			{GeneMark_model.3056_t;GeneMark}
113229	113282	internal+	2	1	{GeneMark_model.3056_t;GeneMark},{Augustus_model.g2377.t1;Augustus}
113283	113349	INTRON			{GeneMark_model.3056_t;GeneMark},{Augustus_model.g2377.t1;Augustus}
113350	113384	internal+	2	3	{GeneMark_model.3056_t;GeneMark},{Augustus_model.g2377.t1;Augustus}
113385	113445	INTRON			{GeneMark_model.3056_t;GeneMark},{Augustus_model.g2377.t1;Augustus}
113446	113683	internal+	1	1	{GlimmerHMM_glimmerT_2863-T1;GlimmerHMM},{GeneMark_model.3056_t;GeneMark},{Augustus_model.g2377.t1;Augustus}
113684	113758	INTRON			{GeneMark_model.3056_t;GeneMark},{Augustus_model.g2377.t1;Augustus}
113759	113892	terminal+	2	3	{GeneMark_model.3056_t;GeneMark}

# EVM prediction: Mode:STANDARD S-ratio: 8.99 114027-116207 orient(+) score(7957.00) noncoding_equivalent(885.22) raw_noncoding(952.22) offset(67.00) 
114027	114323	initial+	1	3	{GeneMark_model.3057_t;GeneMark}
114324	114386	INTRON			{GlimmerHMM_glimmerT_2863-T1;GlimmerHMM},{GeneMark_model.3057_t;GeneMark},{Augustus_model.g2377.t1;Augustus}
114387	116207	terminal+	1	3	{GlimmerHMM_glimmerT_2863-T1;GlimmerHMM},{GeneMark_model.3057_t;GeneMark},{Augustus_model.g2377.t1;Augustus}

# EVM prediction: Mode:STANDARD S-ratio: 3.21 116278-119317 orient(-) score(9468.00) noncoding_equivalent(2953.30) raw_noncoding(3606.34) offset(653.04) 
116666	116278	terminal-	5	6	{GlimmerHMM_glimmerT_2864-T1;GlimmerHMM},{GeneMark_model.3058_t;GeneMark},{Augustus_model.g2378.t1;Augustus}
116730	116667	INTRON			{GeneMark_model.3058_t;GeneMark},{Augustus_model.g2378.t1;Augustus}
116793	116731	internal-	5	4	{GeneMark_model.3058_t;GeneMark},{Augustus_model.g2378.t1;Augustus}
116865	116794	INTRON			{GeneMark_model.3058_t;GeneMark},{Augustus_model.g2378.t1;Augustus}
117125	116866	internal-	6	4	{GlimmerHMM_glimmerT_2864-T1;GlimmerHMM},{GeneMark_model.3058_t;GeneMark},{Augustus_model.g2378.t1;Augustus}
117197	117126	INTRON			{GlimmerHMM_glimmerT_2864-T1;GlimmerHMM},{GeneMark_model.3058_t;GeneMark},{Augustus_model.g2378.t1;Augustus}
117400	117198	internal-	4	5	{GlimmerHMM_glimmerT_2864-T1;GlimmerHMM},{GeneMark_model.3058_t;GeneMark},{Augustus_model.g2378.t1;Augustus}
117467	117401	INTRON			{GlimmerHMM_glimmerT_2864-T1;GlimmerHMM},{GeneMark_model.3058_t;GeneMark},{Augustus_model.g2378.t1;Augustus}
118828	117468	internal-	5	6	{GeneMark_model.3058_t;GeneMark},{Augustus_model.g2378.t1;Augustus}
118892	118829	INTRON			{GeneMark_model.3058_t;GeneMark},{Augustus_model.g2378.t1;Augustus}
118990	118893	internal-	6	4	{GeneMark_model.3058_t;GeneMark},{Augustus_model.g2378.t1;Augustus}
119066	118991	INTRON			{GeneMark_model.3058_t;GeneMark},{Augustus_model.g2378.t1;Augustus}
119317	119067	initial-	4	5	{GeneMark_model.3058_t;GeneMark},{Augustus_model.g2378.t1;Augustus}

# EVM prediction: Mode:STANDARD S-ratio: 7.13 119983-120612 orient(+) score(5157.00) noncoding_equivalent(722.89) raw_noncoding(722.89) offset(0.00) 
119983	120612	single+	1	3	{HiQ_model.g2379.t1;HiQ}

# EVM prediction: Mode:STANDARD S-ratio: 10.26 120641-124415 orient(+) score(28182.00) noncoding_equivalent(2747.41) raw_noncoding(3362.27) offset(614.86) 
120641	120721	initial+	1	3	{Augustus_model.g2380.t1;Augustus}
120722	120785	INTRON			{GlimmerHMM_glimmerT_2865-T1;GlimmerHMM},{Augustus_model.g2380.t1;Augustus},{GeneMark_model.3059_t;GeneMark},{ev_type:exonerate/ID=match.2566964.439/Target=lcl|LCTV02000005_1_prot_PRQ75428_1_6082;exonerate},{ev_type:exonerate/ID=match.2566964.444/Target=lcl|BJWK01000005_1_prot_GEM08151_1_2168;exonerate},{ev_type:exonerate/ID=match.2566964.447/Target=lcl|KQ954492_1_prot_KWU43315_1_4372;exonerate}
120786	120983	internal+	1	3	{GlimmerHMM_glimmerT_2865-T1;GlimmerHMM},{Augustus_model.g2380.t1;Augustus},{GeneMark_model.3059_t;GeneMark},{ev_type:exonerate/ID=match.2566964.439/Target=lcl|LCTV02000005_1_prot_PRQ75428_1_6082;exonerate},{ev_type:exonerate/ID=match.2566964.444/Target=lcl|BJWK01000005_1_prot_GEM08151_1_2168;exonerate},{ev_type:exonerate/ID=match.2566964.441/Target=lcl|PJQD01000035_1_prot_POY73784_1_3355;exonerate},{ev_type:exonerate/ID=match.2566964.447/Target=lcl|KQ954492_1_prot_KWU43315_1_4372;exonerate}
120984	121059	INTRON			{GlimmerHMM_glimmerT_2865-T1;GlimmerHMM},{Augustus_model.g2380.t1;Augustus},{GeneMark_model.3059_t;GeneMark},{ev_type:exonerate/ID=match.2566964.439/Target=lcl|LCTV02000005_1_prot_PRQ75428_1_6082;exonerate},{ev_type:exonerate/ID=match.2566964.444/Target=lcl|BJWK01000005_1_prot_GEM08151_1_2168;exonerate},{ev_type:exonerate/ID=match.2566964.441/Target=lcl|PJQD01000035_1_prot_POY73784_1_3355;exonerate},{ev_type:exonerate/ID=match.2566964.447/Target=lcl|KQ954492_1_prot_KWU43315_1_4372;exonerate}
121060	121251	internal+	1	3	{GlimmerHMM_glimmerT_2865-T1;GlimmerHMM},{Augustus_model.g2380.t1;Augustus},{GeneMark_model.3059_t;GeneMark},{ev_type:exonerate/ID=match.2566964.439/Target=lcl|LCTV02000005_1_prot_PRQ75428_1_6082;exonerate},{ev_type:exonerate/ID=match.2566964.444/Target=lcl|BJWK01000005_1_prot_GEM08151_1_2168;exonerate},{ev_type:exonerate/ID=match.2566964.441/Target=lcl|PJQD01000035_1_prot_POY73784_1_3355;exonerate},{ev_type:exonerate/ID=match.2566964.447/Target=lcl|KQ954492_1_prot_KWU43315_1_4372;exonerate}
121252	121370	INTRON			{GlimmerHMM_glimmerT_2865-T1;GlimmerHMM},{Augustus_model.g2380.t1;Augustus},{GeneMark_model.3059_t;GeneMark},{ev_type:exonerate/ID=match.2566964.439/Target=lcl|LCTV02000005_1_prot_PRQ75428_1_6082;exonerate},{ev_type:exonerate/ID=match.2566964.444/Target=lcl|BJWK01000005_1_prot_GEM08151_1_2168;exonerate},{ev_type:exonerate/ID=match.2566964.447/Target=lcl|KQ954492_1_prot_KWU43315_1_4372;exonerate}
121371	121688	internal+	1	3	{GlimmerHMM_glimmerT_2865-T1;GlimmerHMM},{Augustus_model.g2380.t1;Augustus},{GeneMark_model.3059_t;GeneMark},{ev_type:exonerate/ID=match.2566964.439/Target=lcl|LCTV02000005_1_prot_PRQ75428_1_6082;exonerate},{ev_type:exonerate/ID=match.2566964.444/Target=lcl|BJWK01000005_1_prot_GEM08151_1_2168;exonerate},{ev_type:exonerate/ID=match.2566964.447/Target=lcl|KQ954492_1_prot_KWU43315_1_4372;exonerate}
121689	121756	INTRON			{GlimmerHMM_glimmerT_2865-T1;GlimmerHMM},{Augustus_model.g2380.t1;Augustus},{GeneMark_model.3059_t;GeneMark},{ev_type:exonerate/ID=match.2566964.439/Target=lcl|LCTV02000005_1_prot_PRQ75428_1_6082;exonerate},{ev_type:exonerate/ID=match.2566964.444/Target=lcl|BJWK01000005_1_prot_GEM08151_1_2168;exonerate},{ev_type:exonerate/ID=match.2566964.441/Target=lcl|PJQD01000035_1_prot_POY73784_1_3355;exonerate},{ev_type:exonerate/ID=match.2566964.447/Target=lcl|KQ954492_1_prot_KWU43315_1_4372;exonerate}
121757	123849	internal+	1	2	{GlimmerHMM_glimmerT_2865-T1;GlimmerHMM},{Augustus_model.g2380.t1;Augustus},{GeneMark_model.3059_t;GeneMark},{ev_type:exonerate/ID=match.2566964.439/Target=lcl|LCTV02000005_1_prot_PRQ75428_1_6082;exonerate},{ev_type:exonerate/ID=match.2566964.444/Target=lcl|BJWK01000005_1_prot_GEM08151_1_2168;exonerate},{ev_type:exonerate/ID=match.2566964.441/Target=lcl|PJQD01000035_1_prot_POY73784_1_3355;exonerate},{ev_type:exonerate/ID=match.2566964.447/Target=lcl|KQ954492_1_prot_KWU43315_1_4372;exonerate}
123850	123918	INTRON			{GlimmerHMM_glimmerT_2865-T1;GlimmerHMM},{Augustus_model.g2380.t1;Augustus},{GeneMark_model.3059_t;GeneMark},{ev_type:exonerate/ID=match.2566964.439/Target=lcl|LCTV02000005_1_prot_PRQ75428_1_6082;exonerate},{ev_type:exonerate/ID=match.2566964.444/Target=lcl|BJWK01000005_1_prot_GEM08151_1_2168;exonerate},{ev_type:exonerate/ID=match.2566964.441/Target=lcl|PJQD01000035_1_prot_POY73784_1_3355;exonerate},{ev_type:exonerate/ID=match.2566964.447/Target=lcl|KQ954492_1_prot_KWU43315_1_4372;exonerate}
123919	124005	internal+	3	2	{GlimmerHMM_glimmerT_2865-T1;GlimmerHMM},{Augustus_model.g2380.t1;Augustus},{GeneMark_model.3059_t;GeneMark},{ev_type:exonerate/ID=match.2566964.439/Target=lcl|LCTV02000005_1_prot_PRQ75428_1_6082;exonerate},{ev_type:exonerate/ID=match.2566964.444/Target=lcl|BJWK01000005_1_prot_GEM08151_1_2168;exonerate},{ev_type:exonerate/ID=match.2566964.441/Target=lcl|PJQD01000035_1_prot_POY73784_1_3355;exonerate},{ev_type:exonerate/ID=match.2566964.447/Target=lcl|KQ954492_1_prot_KWU43315_1_4372;exonerate}
124006	124075	INTRON			{GlimmerHMM_glimmerT_2865-T1;GlimmerHMM},{Augustus_model.g2380.t1;Augustus},{GeneMark_model.3059_t;GeneMark},{ev_type:exonerate/ID=match.2566964.439/Target=lcl|LCTV02000005_1_prot_PRQ75428_1_6082;exonerate},{ev_type:exonerate/ID=match.2566964.444/Target=lcl|BJWK01000005_1_prot_GEM08151_1_2168;exonerate},{ev_type:exonerate/ID=match.2566964.441/Target=lcl|PJQD01000035_1_prot_POY73784_1_3355;exonerate},{ev_type:exonerate/ID=match.2566964.447/Target=lcl|KQ954492_1_prot_KWU43315_1_4372;exonerate}
124076	124149	internal+	3	1	{GlimmerHMM_glimmerT_2865-T1;GlimmerHMM},{Augustus_model.g2380.t1;Augustus},{GeneMark_model.3059_t;GeneMark},{ev_type:exonerate/ID=match.2566964.439/Target=lcl|LCTV02000005_1_prot_PRQ75428_1_6082;exonerate},{ev_type:exonerate/ID=match.2566964.444/Target=lcl|BJWK01000005_1_prot_GEM08151_1_2168;exonerate},{ev_type:exonerate/ID=match.2566964.441/Target=lcl|PJQD01000035_1_prot_POY73784_1_3355;exonerate},{ev_type:exonerate/ID=match.2566964.447/Target=lcl|KQ954492_1_prot_KWU43315_1_4372;exonerate}
124150	124222	INTRON			{GlimmerHMM_glimmerT_2865-T1;GlimmerHMM},{Augustus_model.g2380.t1;Augustus},{GeneMark_model.3059_t;GeneMark},{ev_type:exonerate/ID=match.2566964.439/Target=lcl|LCTV02000005_1_prot_PRQ75428_1_6082;exonerate},{ev_type:exonerate/ID=match.2566964.444/Target=lcl|BJWK01000005_1_prot_GEM08151_1_2168;exonerate},{ev_type:exonerate/ID=match.2566964.441/Target=lcl|PJQD01000035_1_prot_POY73784_1_3355;exonerate},{ev_type:exonerate/ID=match.2566964.447/Target=lcl|KQ954492_1_prot_KWU43315_1_4372;exonerate}
124223	124295	internal+	2	2	{GlimmerHMM_glimmerT_2865-T1;GlimmerHMM},{Augustus_model.g2380.t1;Augustus},{GeneMark_model.3059_t;GeneMark},{ev_type:exonerate/ID=match.2566964.439/Target=lcl|LCTV02000005_1_prot_PRQ75428_1_6082;exonerate},{ev_type:exonerate/ID=match.2566964.444/Target=lcl|BJWK01000005_1_prot_GEM08151_1_2168;exonerate},{ev_type:exonerate/ID=match.2566964.441/Target=lcl|PJQD01000035_1_prot_POY73784_1_3355;exonerate}
124296	124357	INTRON			{Augustus_model.g2380.t1;Augustus},{GeneMark_model.3059_t;GeneMark},{ev_type:exonerate/ID=match.2566964.439/Target=lcl|LCTV02000005_1_prot_PRQ75428_1_6082;exonerate},{ev_type:exonerate/ID=match.2566964.444/Target=lcl|BJWK01000005_1_prot_GEM08151_1_2168;exonerate},{ev_type:exonerate/ID=match.2566964.441/Target=lcl|PJQD01000035_1_prot_POY73784_1_3355;exonerate}
124358	124415	terminal+	3	3	{Augustus_model.g2380.t1;Augustus},{GeneMark_model.3059_t;GeneMark}

# EVM prediction: Mode:STANDARD S-ratio: 4.49 126223-126984 orient(+) score(2607.00) noncoding_equivalent(580.64) raw_noncoding(657.00) offset(76.36) 
126223	126597	initial+	1	3	{Augustus_model.g2381.t1;Augustus}
126598	126669	INTRON			{GlimmerHMM_glimmerT_2865-T1;GlimmerHMM},{GeneMark_model.3060_t;GeneMark},{Augustus_model.g2381.t1;Augustus}
126670	126984	terminal+	1	3	{GlimmerHMM_glimmerT_2865-T1;GlimmerHMM},{snap_scaffold_6-snap.451-T1;snap},{GeneMark_model.3060_t;GeneMark},{Augustus_model.g2381.t1;Augustus}

# EVM prediction: Mode:STANDARD S-ratio: 4.59 127125-129116 orient(-) score(6741.00) noncoding_equivalent(1468.60) raw_noncoding(1576.22) offset(107.61) 
127639	127125	terminal-	5	6	{Augustus_model.g2382.t1;Augustus},{GeneMark_model.3061_t;GeneMark},{GlimmerHMM_glimmerT_2866-T1;GlimmerHMM}
127704	127640	INTRON			{Augustus_model.g2382.t1;Augustus},{GeneMark_model.3061_t;GeneMark},{GlimmerHMM_glimmerT_2866-T1;GlimmerHMM}
127851	127705	internal-	5	4	{Augustus_model.g2382.t1;Augustus},{GeneMark_model.3061_t;GeneMark},{GlimmerHMM_glimmerT_2866-T1;GlimmerHMM}
127917	127852	INTRON			{Augustus_model.g2382.t1;Augustus},{GeneMark_model.3061_t;GeneMark},{GlimmerHMM_glimmerT_2866-T1;GlimmerHMM}
128238	127918	internal-	5	4	{Augustus_model.g2382.t1;Augustus},{GeneMark_model.3061_t;GeneMark}
128313	128239	INTRON			{Augustus_model.g2382.t1;Augustus},{GeneMark_model.3061_t;GeneMark}
128893	128314	internal-	4	4	{Augustus_model.g2382.t1;Augustus},{GeneMark_model.3061_t;GeneMark}
128960	128894	INTRON			{Augustus_model.g2382.t1;Augustus},{GeneMark_model.3061_t;GeneMark}
129116	128961	initial-	4	6	{GeneMark_model.3061_t;GeneMark}

# EVM prediction: Mode:STANDARD S-ratio: 3.37 129457-130546 orient(-) score(4616.00) noncoding_equivalent(1369.08) raw_noncoding(1642.08) offset(273.00) 
129502	129457	terminal-	6	6	{GeneMark_model.3062_t;GeneMark},{GlimmerHMM_glimmerT_2867-T1;GlimmerHMM}
129579	129503	INTRON			{GeneMark_model.3062_t;GeneMark},{Augustus_model.g2382.t1;Augustus},{GlimmerHMM_glimmerT_2867-T1;GlimmerHMM},{ev_type:exonerate/ID=match.2566964.2659/Target=lcl|KQ954492_1_prot_KWU43311_1_4368;exonerate}
129708	129580	internal-	6	5	{GeneMark_model.3062_t;GeneMark},{Augustus_model.g2382.t1;Augustus},{GlimmerHMM_glimmerT_2867-T1;GlimmerHMM},{ev_type:exonerate/ID=match.2566964.2659/Target=lcl|KQ954492_1_prot_KWU43311_1_4368;exonerate}
129769	129709	INTRON			{GeneMark_model.3062_t;GeneMark},{Augustus_model.g2382.t1;Augustus},{GlimmerHMM_glimmerT_2867-T1;GlimmerHMM},{ev_type:exonerate/ID=match.2566964.2659/Target=lcl|KQ954492_1_prot_KWU43311_1_4368;exonerate}
129951	129770	internal-	4	5	{GeneMark_model.3062_t;GeneMark},{Augustus_model.g2382.t1;Augustus},{GlimmerHMM_glimmerT_2867-T1;GlimmerHMM},{ev_type:exonerate/ID=match.2566964.2659/Target=lcl|KQ954492_1_prot_KWU43311_1_4368;exonerate}
130028	129952	INTRON			{GeneMark_model.3062_t;GeneMark},{Augustus_model.g2382.t1;Augustus},{GlimmerHMM_glimmerT_2867-T1;GlimmerHMM},{ev_type:exonerate/ID=match.2566964.2659/Target=lcl|KQ954492_1_prot_KWU43311_1_4368;exonerate}
130174	130029	internal-	5	6	{GeneMark_model.3062_t;GeneMark},{Augustus_model.g2382.t1;Augustus},{GlimmerHMM_glimmerT_2867-T1;GlimmerHMM},{ev_type:exonerate/ID=match.2566964.2659/Target=lcl|KQ954492_1_prot_KWU43311_1_4368;exonerate}
130248	130175	INTRON			{GeneMark_model.3062_t;GeneMark},{Augustus_model.g2382.t1;Augustus},{GlimmerHMM_glimmerT_2867-T1;GlimmerHMM},{ev_type:exonerate/ID=match.2566964.2659/Target=lcl|KQ954492_1_prot_KWU43311_1_4368;exonerate}
130546	130249	initial-	4	4	{GeneMark_model.3062_t;GeneMark},{Augustus_model.g2382.t1;Augustus}

# EVM prediction: Mode:STANDARD S-ratio: 2.08 130789-135118 orient(-) score(12041.00) noncoding_equivalent(5776.32) raw_noncoding(7143.81) offset(1367.49) 
130868	130789	terminal-	5	6	{Augustus_model.g2383.t1;Augustus},{GeneMark_model.3063_t;GeneMark}
130938	130869	INTRON			{Augustus_model.g2383.t1;Augustus},{GeneMark_model.3063_t;GeneMark}
131077	130939	internal-	4	4	{Augustus_model.g2383.t1;Augustus},{GlimmerHMM_glimmerT_2867-T1;GlimmerHMM},{GeneMark_model.3063_t;GeneMark}
131156	131078	INTRON			{Augustus_model.g2383.t1;Augustus},{GlimmerHMM_glimmerT_2867-T1;GlimmerHMM},{GeneMark_model.3063_t;GeneMark}
131276	131157	internal-	4	6	{Augustus_model.g2383.t1;Augustus},{GeneMark_model.3063_t;GeneMark}
131336	131277	INTRON			{Augustus_model.g2383.t1;Augustus},{GeneMark_model.3063_t;GeneMark}
131548	131337	internal-	5	6	{Augustus_model.g2383.t1;Augustus},{GeneMark_model.3063_t;GeneMark}
131610	131549	INTRON			{Augustus_model.g2383.t1;Augustus},{GlimmerHMM_glimmerT_2867-T1;GlimmerHMM},{GeneMark_model.3063_t;GeneMark}
131666	131611	internal-	6	4	{Augustus_model.g2383.t1;Augustus},{GlimmerHMM_glimmerT_2867-T1;GlimmerHMM},{GeneMark_model.3063_t;GeneMark}
131729	131667	INTRON			{Augustus_model.g2383.t1;Augustus},{GlimmerHMM_glimmerT_2867-T1;GlimmerHMM},{GeneMark_model.3063_t;GeneMark}
131769	131730	internal-	5	5	{Augustus_model.g2383.t1;Augustus},{GlimmerHMM_glimmerT_2867-T1;GlimmerHMM},{GeneMark_model.3063_t;GeneMark}
131827	131770	INTRON			{Augustus_model.g2383.t1;Augustus},{GeneMark_model.3063_t;GeneMark}
131908	131828	internal-	5	4	{Augustus_model.g2383.t1;Augustus},{GeneMark_model.3063_t;GeneMark}
131970	131909	INTRON			{Augustus_model.g2383.t1;Augustus},{GeneMark_model.3063_t;GeneMark}
132031	131971	internal-	4	4	{Augustus_model.g2383.t1;Augustus},{GlimmerHMM_glimmerT_2867-T1;GlimmerHMM},{GeneMark_model.3063_t;GeneMark}
132095	132032	INTRON			{Augustus_model.g2383.t1;Augustus},{GeneMark_model.3063_t;GeneMark}
132141	132096	internal-	6	6	{Augustus_model.g2383.t1;Augustus},{GeneMark_model.3063_t;GeneMark}
132200	132142	INTRON			{Augustus_model.g2383.t1;Augustus},{GeneMark_model.3063_t;GeneMark}
132425	132201	internal-	6	5	{GeneMark_model.3063_t;GeneMark}
132486	132426	INTRON			{GlimmerHMM_glimmerT_2867-T1;GlimmerHMM},{GeneMark_model.3063_t;GeneMark}
132800	132487	internal-	4	5	{Augustus_model.g2383.t1;Augustus},{GlimmerHMM_glimmerT_2867-T1;GlimmerHMM},{GeneMark_model.3063_t;GeneMark}
132862	132801	INTRON			{Augustus_model.g2383.t1;Augustus},{GeneMark_model.3063_t;GeneMark}
132955	132863	internal-	4	6	{Augustus_model.g2383.t1;Augustus},{GeneMark_model.3063_t;GeneMark}
133013	132956	INTRON			{GeneMark_model.3063_t;GeneMark}
133556	133014	internal-	4	6	{GlimmerHMM_glimmerT_2867-T1;GlimmerHMM},{GeneMark_model.3063_t;GeneMark}
133613	133557	INTRON			{Augustus_model.g2383.t1;Augustus},{GlimmerHMM_glimmerT_2867-T1;GlimmerHMM},{GeneMark_model.3063_t;GeneMark}
134341	133614	internal-	5	6	{Augustus_model.g2383.t1;Augustus},{GlimmerHMM_glimmerT_2867-T1;GlimmerHMM},{GeneMark_model.3063_t;GeneMark}
134400	134342	INTRON			{Augustus_model.g2383.t1;Augustus},{GlimmerHMM_glimmerT_2867-T1;GlimmerHMM},{GeneMark_model.3063_t;GeneMark}
135118	134401	initial-	4	4	{Augustus_model.g2383.t1;Augustus}

# EVM prediction: Mode:STANDARD S-ratio: 2.25 139929-142135 orient(+) score(9075.00) noncoding_equivalent(4038.34) raw_noncoding(5165.00) offset(1126.66) 
139929	139999	initial+	1	2	{GlimmerHMM_glimmerT_2868-T1;GlimmerHMM},{GeneMark_model.3065_t;GeneMark}
140000	140064	INTRON			{GlimmerHMM_glimmerT_2868-T1;GlimmerHMM},{GeneMark_model.3065_t;GeneMark},{ev_type:exonerate/ID=match.2566964.2213/Target=lcl|PJQD01000035_1_prot_POY73777_1_3348;exonerate},{ev_type:exonerate/ID=match.2566964.2455/Target=lcl|KQ954492_1_prot_KWU43308_1_4365;exonerate}
140065	140309	internal+	3	1	{GlimmerHMM_glimmerT_2868-T1;GlimmerHMM},{GeneMark_model.3065_t;GeneMark},{ev_type:exonerate/ID=match.2566964.2213/Target=lcl|PJQD01000035_1_prot_POY73777_1_3348;exonerate},{ev_type:exonerate/ID=match.2566964.2455/Target=lcl|KQ954492_1_prot_KWU43308_1_4365;exonerate}
140310	140401	INTRON			{GlimmerHMM_glimmerT_2868-T1;GlimmerHMM},{GeneMark_model.3065_t;GeneMark},{ev_type:exonerate/ID=match.2566964.2213/Target=lcl|PJQD01000035_1_prot_POY73777_1_3348;exonerate},{ev_type:exonerate/ID=match.2566964.2455/Target=lcl|KQ954492_1_prot_KWU43308_1_4365;exonerate}
140402	140520	internal+	2	3	{GlimmerHMM_glimmerT_2868-T1;GlimmerHMM},{GeneMark_model.3065_t;GeneMark},{ev_type:exonerate/ID=match.2566964.2213/Target=lcl|PJQD01000035_1_prot_POY73777_1_3348;exonerate},{ev_type:exonerate/ID=match.2566964.2455/Target=lcl|KQ954492_1_prot_KWU43308_1_4365;exonerate}
140521	140582	INTRON			{GlimmerHMM_glimmerT_2868-T1;GlimmerHMM},{GeneMark_model.3065_t;GeneMark},{ev_type:exonerate/ID=match.2566964.2213/Target=lcl|PJQD01000035_1_prot_POY73777_1_3348;exonerate},{ev_type:exonerate/ID=match.2566964.2455/Target=lcl|KQ954492_1_prot_KWU43308_1_4365;exonerate}
140583	140732	internal+	1	3	{GlimmerHMM_glimmerT_2868-T1;GlimmerHMM},{GeneMark_model.3065_t;GeneMark},{ev_type:exonerate/ID=match.2566964.2213/Target=lcl|PJQD01000035_1_prot_POY73777_1_3348;exonerate},{ev_type:exonerate/ID=match.2566964.2455/Target=lcl|KQ954492_1_prot_KWU43308_1_4365;exonerate}
140733	140799	INTRON			{GlimmerHMM_glimmerT_2868-T1;GlimmerHMM},{GeneMark_model.3065_t;GeneMark},{ev_type:exonerate/ID=match.2566964.2213/Target=lcl|PJQD01000035_1_prot_POY73777_1_3348;exonerate},{ev_type:exonerate/ID=match.2566964.2455/Target=lcl|KQ954492_1_prot_KWU43308_1_4365;exonerate}
140800	141128	internal+	1	2	{GlimmerHMM_glimmerT_2868-T1;GlimmerHMM},{GeneMark_model.3065_t;GeneMark},{ev_type:exonerate/ID=match.2566964.2213/Target=lcl|PJQD01000035_1_prot_POY73777_1_3348;exonerate},{ev_type:exonerate/ID=match.2566964.2455/Target=lcl|KQ954492_1_prot_KWU43308_1_4365;exonerate}
141129	141193	INTRON			{GlimmerHMM_glimmerT_2868-T1;GlimmerHMM},{GeneMark_model.3065_t;GeneMark},{ev_type:exonerate/ID=match.2566964.2213/Target=lcl|PJQD01000035_1_prot_POY73777_1_3348;exonerate},{ev_type:exonerate/ID=match.2566964.2455/Target=lcl|KQ954492_1_prot_KWU43308_1_4365;exonerate}
141194	141269	internal+	3	3	{GlimmerHMM_glimmerT_2868-T1;GlimmerHMM},{GeneMark_model.3065_t;GeneMark},{ev_type:exonerate/ID=match.2566964.2213/Target=lcl|PJQD01000035_1_prot_POY73777_1_3348;exonerate}
141270	141337	INTRON			{GlimmerHMM_glimmerT_2868-T1;GlimmerHMM},{GeneMark_model.3065_t;GeneMark},{ev_type:exonerate/ID=match.2566964.2213/Target=lcl|PJQD01000035_1_prot_POY73777_1_3348;exonerate}
141338	141596	internal+	1	1	{GlimmerHMM_glimmerT_2868-T1;GlimmerHMM},{GeneMark_model.3065_t;GeneMark},{ev_type:exonerate/ID=match.2566964.2213/Target=lcl|PJQD01000035_1_prot_POY73777_1_3348;exonerate}
141597	141664	INTRON			{GlimmerHMM_glimmerT_2868-T1;GlimmerHMM},{GeneMark_model.3065_t;GeneMark},{ev_type:exonerate/ID=match.2566964.2213/Target=lcl|PJQD01000035_1_prot_POY73777_1_3348;exonerate},{ev_type:exonerate/ID=match.2566964.2455/Target=lcl|KQ954492_1_prot_KWU43308_1_4365;exonerate}
141665	141691	internal+	2	1	{GlimmerHMM_glimmerT_2868-T1;GlimmerHMM},{GeneMark_model.3065_t;GeneMark},{ev_type:exonerate/ID=match.2566964.2213/Target=lcl|PJQD01000035_1_prot_POY73777_1_3348;exonerate},{ev_type:exonerate/ID=match.2566964.2455/Target=lcl|KQ954492_1_prot_KWU43308_1_4365;exonerate}
141692	141767	INTRON			{GlimmerHMM_glimmerT_2868-T1;GlimmerHMM},{GeneMark_model.3065_t;GeneMark},{ev_type:exonerate/ID=match.2566964.2213/Target=lcl|PJQD01000035_1_prot_POY73777_1_3348;exonerate},{ev_type:exonerate/ID=match.2566964.2455/Target=lcl|KQ954492_1_prot_KWU43308_1_4365;exonerate}
141768	142135	terminal+	2	3	{GlimmerHMM_glimmerT_2868-T1;GlimmerHMM},{GeneMark_model.3065_t;GeneMark},{snap_scaffold_6-snap.455-T1;snap}

# EVM prediction: Mode:STANDARD S-ratio: 1.08 142708-144929 orient(-) score(4639.00) noncoding_equivalent(4302.14) raw_noncoding(4729.24) offset(427.10) 
142937	142708	terminal-	5	6	{GeneMark_model.3066_t;GeneMark},{GlimmerHMM_glimmerT_2869-T1;GlimmerHMM}
143002	142938	INTRON			{GeneMark_model.3066_t;GeneMark},{GlimmerHMM_glimmerT_2869-T1;GlimmerHMM}
143203	143003	internal-	5	4	{GeneMark_model.3066_t;GeneMark},{GlimmerHMM_glimmerT_2869-T1;GlimmerHMM}
143263	143204	INTRON			{GeneMark_model.3066_t;GeneMark},{GlimmerHMM_glimmerT_2869-T1;GlimmerHMM}
143747	143264	internal-	4	4	{GeneMark_model.3066_t;GeneMark},{GlimmerHMM_glimmerT_2869-T1;GlimmerHMM}
143807	143748	INTRON			{GeneMark_model.3066_t;GeneMark},{GlimmerHMM_glimmerT_2869-T1;GlimmerHMM}
144737	143808	internal-	4	6	{GeneMark_model.3066_t;GeneMark},{GlimmerHMM_glimmerT_2869-T1;GlimmerHMM}
144797	144738	INTRON			{GeneMark_model.3066_t;GeneMark},{GlimmerHMM_glimmerT_2869-T1;GlimmerHMM}
144929	144798	initial-	4	6	{GeneMark_model.3066_t;GeneMark},{GlimmerHMM_glimmerT_2869-T1;GlimmerHMM}

# EVM prediction: Mode:STANDARD S-ratio: 1.79 145156-147240 orient(+) score(5349.00) noncoding_equivalent(2991.00) raw_noncoding(3093.00) offset(102.00) 
145156	146334	initial+	1	3	{GeneMark_model.3067_t;GeneMark}
146335	146400	INTRON			{GeneMark_model.3067_t;GeneMark},{GlimmerHMM_glimmerT_2870-T1;GlimmerHMM}
146401	147240	terminal+	1	3	{GeneMark_model.3067_t;GeneMark},{GlimmerHMM_glimmerT_2870-T1;GlimmerHMM}

# EVM prediction: Mode:STANDARD S-ratio: 1.64 148025-148973 orient(-) score(2358.00) noncoding_equivalent(1439.08) raw_noncoding(1549.43) offset(110.35) 
148912	148025	terminal-	4	6	{snap_scaffold_6-snap.458-T1;snap}
148967	148913	INTRON			{snap_scaffold_6-snap.458-T1;snap},{GeneMark_model.3068_t;GeneMark}
148973	148968	initial-	4	6	{snap_scaffold_6-snap.458-T1;snap}

# EVM prediction: Mode:STANDARD S-ratio: 1.63 150998-152257 orient(-) score(2748.00) noncoding_equivalent(1684.41) raw_noncoding(2734.36) offset(1049.95) 
151569	150998	terminal-	5	6	{snap_scaffold_6-snap.459-T1;snap}
151690	151570	INTRON			{GlimmerHMM_glimmerT_2871-T1;GlimmerHMM},{GeneMark_model.3068_t;GeneMark}
151936	151691	internal-	5	4	{GlimmerHMM_glimmerT_2871-T1;GlimmerHMM},{GeneMark_model.3068_t;GeneMark}
152241	151937	INTRON			{GlimmerHMM_glimmerT_2871-T1;GlimmerHMM}
152257	152242	initial-	4	4	{GlimmerHMM_glimmerT_2871-T1;GlimmerHMM}

# EVM prediction: Mode:STANDARD S-ratio: 2.08 152922-156175 orient(+) score(8783.00) noncoding_equivalent(4229.44) raw_noncoding(4676.00) offset(446.56) 
152922	153202	initial+	1	2	{GlimmerHMM_glimmerT_2872-T1;GlimmerHMM},{GeneMark_model.3069_t;GeneMark}
153203	153260	INTRON			{GlimmerHMM_glimmerT_2872-T1;GlimmerHMM},{GeneMark_model.3069_t;GeneMark}
153261	154423	internal+	3	1	{GlimmerHMM_glimmerT_2872-T1;GlimmerHMM},{GeneMark_model.3069_t;GeneMark}
154424	154488	INTRON			{GlimmerHMM_glimmerT_2872-T1;GlimmerHMM},{GeneMark_model.3069_t;GeneMark}
154489	154855	internal+	2	2	{GlimmerHMM_glimmerT_2872-T1;GlimmerHMM},{GeneMark_model.3069_t;GeneMark}
154856	154912	INTRON			{GlimmerHMM_glimmerT_2872-T1;GlimmerHMM},{GeneMark_model.3069_t;GeneMark}
154913	155337	internal+	3	1	{GlimmerHMM_glimmerT_2872-T1;GlimmerHMM},{GeneMark_model.3069_t;GeneMark}
155338	155411	INTRON			{GlimmerHMM_glimmerT_2872-T1;GlimmerHMM},{GeneMark_model.3069_t;GeneMark}
155412	156175	terminal+	2	3	{GlimmerHMM_glimmerT_2872-T1;GlimmerHMM},{GeneMark_model.3069_t;GeneMark},{snap_scaffold_6-snap.461-T1;snap}

# EVM prediction: Mode:STANDARD S-ratio: 2.56 157803-158553 orient(+) score(2017.00) noncoding_equivalent(787.71) raw_noncoding(887.71) offset(100.00) 
157803	157806	initial+	1	1	{snap_scaffold_6-snap.462-T1;snap}
157807	157906	INTRON			{snap_scaffold_6-snap.462-T1;snap}
157907	158553	terminal+	2	3	{snap_scaffold_6-snap.462-T1;snap}

