!! Predictions spanning range 3495 - 101067 [R1]
# EVM prediction: Mode:STANDARD S-ratio: 2.61 3495-4529 orient(-) score(3394.00) noncoding_equivalent(1299.22) raw_noncoding(1593.00) offset(293.78) 
3645	3495	terminal-	6	6	{Augustus_model.g2315.t1;Augustus},{GlimmerHMM_glimmerT_2798-T1;GlimmerHMM},{GeneMark_model.2986_t;GeneMark}
3719	3646	INTRON			{Augustus_model.g2315.t1;Augustus},{GlimmerHMM_glimmerT_2798-T1;GlimmerHMM},{GeneMark_model.2986_t;GeneMark}
4005	3720	internal-	5	5	{Augustus_model.g2315.t1;Augustus},{GlimmerHMM_glimmerT_2798-T1;GlimmerHMM},{GeneMark_model.2986_t;GeneMark}
4075	4006	INTRON			{Augustus_model.g2315.t1;Augustus},{GlimmerHMM_glimmerT_2798-T1;GlimmerHMM},{GeneMark_model.2986_t;GeneMark}
4247	4076	internal-	4	4	{Augustus_model.g2315.t1;Augustus},{GlimmerHMM_glimmerT_2798-T1;GlimmerHMM},{GeneMark_model.2986_t;GeneMark}
4320	4248	INTRON			{Augustus_model.g2315.t1;Augustus},{GlimmerHMM_glimmerT_2798-T1;GlimmerHMM},{GeneMark_model.2986_t;GeneMark}
4458	4321	internal-	4	6	{Augustus_model.g2315.t1;Augustus},{GlimmerHMM_glimmerT_2798-T1;GlimmerHMM},{GeneMark_model.2986_t;GeneMark}
4526	4459	INTRON			{Augustus_model.g2315.t1;Augustus},{GlimmerHMM_glimmerT_2798-T1;GlimmerHMM},{GeneMark_model.2986_t;GeneMark}
4529	4527	initial-	4	6	{Augustus_model.g2315.t1;Augustus},{GlimmerHMM_glimmerT_2798-T1;GlimmerHMM},{GeneMark_model.2986_t;GeneMark}

# EVM prediction: Mode:STANDARD S-ratio: 394.39 4644-5852 orient(+) score(4822.00) noncoding_equivalent(12.23) raw_noncoding(12.23) offset(0.00) 
4644	5852	single+	1	3	{GeneMark_model.2987_t;GeneMark},{GlimmerHMM_glimmerT_2799-T1;GlimmerHMM},{Augustus_model.g2316.t1;Augustus}

# EVM prediction: Mode:STANDARD S-ratio: 2.03 6227-7948 orient(-) score(4829.00) noncoding_equivalent(2380.17) raw_noncoding(3321.00) offset(940.83) 
6325	6227	terminal-	4	6	{GeneMark_model.2988_t;GeneMark},{Augustus_model.g2317.t1;Augustus},{GlimmerHMM_glimmerT_2800-T1;GlimmerHMM}
6406	6326	INTRON			{GeneMark_model.2988_t;GeneMark},{Augustus_model.g2317.t1;Augustus},{GlimmerHMM_glimmerT_2800-T1;GlimmerHMM}
6559	6407	internal-	4	6	{GeneMark_model.2988_t;GeneMark},{Augustus_model.g2317.t1;Augustus},{GlimmerHMM_glimmerT_2800-T1;GlimmerHMM}
6639	6560	INTRON			{GeneMark_model.2988_t;GeneMark},{Augustus_model.g2317.t1;Augustus}
6698	6640	internal-	5	6	{GeneMark_model.2988_t;GeneMark},{Augustus_model.g2317.t1;Augustus}
6780	6699	INTRON			{GeneMark_model.2988_t;GeneMark},{Augustus_model.g2317.t1;Augustus}
7019	6781	internal-	6	4	{GeneMark_model.2988_t;GeneMark},{Augustus_model.g2317.t1;Augustus}
7105	7020	INTRON			{GeneMark_model.2988_t;GeneMark},{Augustus_model.g2317.t1;Augustus},{GlimmerHMM_glimmerT_2800-T1;GlimmerHMM}
7332	7106	internal-	4	5	{GeneMark_model.2988_t;GeneMark},{Augustus_model.g2317.t1;Augustus}
7408	7333	INTRON			{GeneMark_model.2988_t;GeneMark},{Augustus_model.g2317.t1;Augustus}
7469	7409	internal-	6	6	{GeneMark_model.2988_t;GeneMark},{Augustus_model.g2317.t1;Augustus}
7531	7470	INTRON			{GeneMark_model.2988_t;GeneMark},{Augustus_model.g2317.t1;Augustus}
7553	7532	internal-	5	5	{GeneMark_model.2988_t;GeneMark},{Augustus_model.g2317.t1;Augustus}
7683	7554	INTRON			{GeneMark_model.2988_t;GeneMark},{Augustus_model.g2317.t1;Augustus}
7948	7684	initial-	4	4	{GeneMark_model.2988_t;GeneMark},{Augustus_model.g2317.t1;Augustus},{GlimmerHMM_glimmerT_2800-T1;GlimmerHMM}

# EVM prediction: Mode:STANDARD S-ratio: 1.58 8807-10342 orient(+) score(4115.00) noncoding_equivalent(2605.00) raw_noncoding(3030.00) offset(425.00) 
8807	9087	initial+	1	2	{Augustus_model.g2318.t1;Augustus},{GeneMark_model.2989_t;GeneMark},{GlimmerHMM_glimmerT_2801-T1;GlimmerHMM}
9088	9170	INTRON			{Augustus_model.g2318.t1;Augustus},{GeneMark_model.2989_t;GeneMark},{GlimmerHMM_glimmerT_2801-T1;GlimmerHMM}
9171	9256	internal+	3	1	{Augustus_model.g2318.t1;Augustus},{GeneMark_model.2989_t;GeneMark},{GlimmerHMM_glimmerT_2801-T1;GlimmerHMM}
9257	9315	INTRON			{Augustus_model.g2318.t1;Augustus},{GeneMark_model.2989_t;GeneMark},{GlimmerHMM_glimmerT_2801-T1;GlimmerHMM}
9316	9414	internal+	2	1	{Augustus_model.g2318.t1;Augustus},{GeneMark_model.2989_t;GeneMark},{GlimmerHMM_glimmerT_2801-T1;GlimmerHMM}
9415	9490	INTRON			{Augustus_model.g2318.t1;Augustus},{GeneMark_model.2989_t;GeneMark},{GlimmerHMM_glimmerT_2801-T1;GlimmerHMM}
9491	9678	internal+	2	3	{Augustus_model.g2318.t1;Augustus},{GeneMark_model.2989_t;GeneMark},{GlimmerHMM_glimmerT_2801-T1;GlimmerHMM}
9679	9756	INTRON			{Augustus_model.g2318.t1;Augustus},{GeneMark_model.2989_t;GeneMark},{GlimmerHMM_glimmerT_2801-T1;GlimmerHMM}
9757	9849	internal+	1	3	{GeneMark_model.2989_t;GeneMark},{GlimmerHMM_glimmerT_2801-T1;GlimmerHMM}
9850	9937	INTRON			{GeneMark_model.2989_t;GeneMark},{GlimmerHMM_glimmerT_2801-T1;GlimmerHMM}
9938	10342	terminal+	1	3	{GeneMark_model.2989_t;GeneMark},{GlimmerHMM_glimmerT_2801-T1;GlimmerHMM}

# EVM prediction: Mode:STANDARD S-ratio: 2.69 10538-12204 orient(-) score(7827.00) noncoding_equivalent(2906.40) raw_noncoding(3460.40) offset(554.00) 
10663	10538	terminal-	4	6	{Augustus_model.g2319.t1;Augustus},{GeneMark_model.2990_t;GeneMark},{GlimmerHMM_glimmerT_2802-T1;GlimmerHMM}
10766	10664	INTRON			{Augustus_model.g2319.t1;Augustus},{GeneMark_model.2990_t;GeneMark},{GlimmerHMM_glimmerT_2802-T1;GlimmerHMM},{ev_type:exonerate/ID=match.2566964.1704/Target=lcl|PJQD01000035_1_prot_POY73662_1_3233;exonerate},{ev_type:exonerate/ID=match.2566964.1693/Target=lcl|KQ954464_1_prot_KWU47578_1_304;exonerate}
11093	10767	internal-	4	6	{Augustus_model.g2319.t1;Augustus},{GeneMark_model.2990_t;GeneMark},{GlimmerHMM_glimmerT_2802-T1;GlimmerHMM},{ev_type:exonerate/ID=match.2566964.1704/Target=lcl|PJQD01000035_1_prot_POY73662_1_3233;exonerate},{ev_type:exonerate/ID=match.2566964.1693/Target=lcl|KQ954464_1_prot_KWU47578_1_304;exonerate}
11192	11094	INTRON			{Augustus_model.g2319.t1;Augustus},{GeneMark_model.2990_t;GeneMark},{GlimmerHMM_glimmerT_2802-T1;GlimmerHMM},{ev_type:exonerate/ID=match.2566964.1704/Target=lcl|PJQD01000035_1_prot_POY73662_1_3233;exonerate},{ev_type:exonerate/ID=match.2566964.1693/Target=lcl|KQ954464_1_prot_KWU47578_1_304;exonerate}
11490	11193	internal-	6	6	{Augustus_model.g2319.t1;Augustus},{GeneMark_model.2990_t;GeneMark},{GlimmerHMM_glimmerT_2802-T1;GlimmerHMM},{ev_type:exonerate/ID=match.2566964.1704/Target=lcl|PJQD01000035_1_prot_POY73662_1_3233;exonerate},{ev_type:exonerate/ID=match.2566964.1693/Target=lcl|KQ954464_1_prot_KWU47578_1_304;exonerate}
11575	11491	INTRON			{Augustus_model.g2319.t1;Augustus},{GeneMark_model.2990_t;GeneMark},{GlimmerHMM_glimmerT_2802-T1;GlimmerHMM},{ev_type:exonerate/ID=match.2566964.1704/Target=lcl|PJQD01000035_1_prot_POY73662_1_3233;exonerate},{ev_type:exonerate/ID=match.2566964.1693/Target=lcl|KQ954464_1_prot_KWU47578_1_304;exonerate}
11682	11576	internal-	4	5	{Augustus_model.g2319.t1;Augustus},{GeneMark_model.2990_t;GeneMark},{GlimmerHMM_glimmerT_2802-T1;GlimmerHMM},{ev_type:exonerate/ID=match.2566964.1704/Target=lcl|PJQD01000035_1_prot_POY73662_1_3233;exonerate},{ev_type:exonerate/ID=match.2566964.1693/Target=lcl|KQ954464_1_prot_KWU47578_1_304;exonerate}
11753	11683	INTRON			{Augustus_model.g2319.t1;Augustus},{GeneMark_model.2990_t;GeneMark},{GlimmerHMM_glimmerT_2802-T1;GlimmerHMM},{ev_type:exonerate/ID=match.2566964.1704/Target=lcl|PJQD01000035_1_prot_POY73662_1_3233;exonerate},{ev_type:exonerate/ID=match.2566964.1693/Target=lcl|KQ954464_1_prot_KWU47578_1_304;exonerate}
11855	11754	internal-	4	6	{Augustus_model.g2319.t1;Augustus},{GeneMark_model.2990_t;GeneMark},{GlimmerHMM_glimmerT_2802-T1;GlimmerHMM}
11989	11856	INTRON			{Augustus_model.g2319.t1;Augustus},{GeneMark_model.2990_t;GeneMark},{GlimmerHMM_glimmerT_2802-T1;GlimmerHMM}
11999	11990	internal-	6	6	{Augustus_model.g2319.t1;Augustus},{GeneMark_model.2990_t;GeneMark},{GlimmerHMM_glimmerT_2802-T1;GlimmerHMM}
12106	12000	INTRON			{Augustus_model.g2319.t1;Augustus},{GeneMark_model.2990_t;GeneMark},{GlimmerHMM_glimmerT_2802-T1;GlimmerHMM}
12204	12107	initial-	4	5	{Augustus_model.g2319.t1;Augustus},{GeneMark_model.2990_t;GeneMark},{GlimmerHMM_glimmerT_2802-T1;GlimmerHMM}

# EVM prediction: Mode:STANDARD S-ratio: 3.00 12670-16408 orient(+) score(11785.00) noncoding_equivalent(3928.45) raw_noncoding(4590.45) offset(662.00) 
12670	12828	initial+	1	3	{GlimmerHMM_glimmerT_2803-T1;GlimmerHMM},{GeneMark_model.2991_t;GeneMark},{Augustus_model.g2320.t1;Augustus}
12829	12908	INTRON			{GeneMark_model.2991_t;GeneMark},{Augustus_model.g2320.t1;Augustus}
12909	12980	internal+	1	3	{GeneMark_model.2991_t;GeneMark},{Augustus_model.g2320.t1;Augustus}
12981	13052	INTRON			{GeneMark_model.2991_t;GeneMark},{Augustus_model.g2320.t1;Augustus}
13053	13541	internal+	1	3	{GeneMark_model.2991_t;GeneMark},{Augustus_model.g2320.t1;Augustus}
13542	13604	INTRON			{GlimmerHMM_glimmerT_2803-T1;GlimmerHMM},{GeneMark_model.2991_t;GeneMark},{Augustus_model.g2320.t1;Augustus}
13605	13750	internal+	1	2	{GlimmerHMM_glimmerT_2803-T1;GlimmerHMM},{GeneMark_model.2991_t;GeneMark},{Augustus_model.g2320.t1;Augustus}
13751	13823	INTRON			{GlimmerHMM_glimmerT_2803-T1;GlimmerHMM},{GeneMark_model.2991_t;GeneMark},{Augustus_model.g2320.t1;Augustus}
13824	14388	internal+	3	3	{GlimmerHMM_glimmerT_2803-T1;GlimmerHMM},{GeneMark_model.2991_t;GeneMark},{Augustus_model.g2320.t1;Augustus}
14389	14451	INTRON			{GlimmerHMM_glimmerT_2803-T1;GlimmerHMM},{GeneMark_model.2991_t;GeneMark},{Augustus_model.g2320.t1;Augustus}
14452	15412	internal+	1	1	{GlimmerHMM_glimmerT_2803-T1;GlimmerHMM},{GeneMark_model.2991_t;GeneMark},{Augustus_model.g2320.t1;Augustus}
15413	15486	INTRON			{GlimmerHMM_glimmerT_2803-T1;GlimmerHMM},{GeneMark_model.2991_t;GeneMark},{Augustus_model.g2320.t1;Augustus}
15487	15740	internal+	2	3	{GlimmerHMM_glimmerT_2803-T1;GlimmerHMM},{GeneMark_model.2991_t;GeneMark},{Augustus_model.g2320.t1;Augustus}
15741	15799	INTRON			{GlimmerHMM_glimmerT_2803-T1;GlimmerHMM},{GeneMark_model.2991_t;GeneMark},{Augustus_model.g2320.t1;Augustus}
15800	15886	internal+	1	3	{GlimmerHMM_glimmerT_2803-T1;GlimmerHMM},{GeneMark_model.2991_t;GeneMark},{Augustus_model.g2320.t1;Augustus}
15887	15946	INTRON			{GlimmerHMM_glimmerT_2803-T1;GlimmerHMM},{GeneMark_model.2991_t;GeneMark},{Augustus_model.g2320.t1;Augustus}
15947	16408	terminal+	1	3	{GlimmerHMM_glimmerT_2803-T1;GlimmerHMM},{GeneMark_model.2991_t;GeneMark},{Augustus_model.g2320.t1;Augustus}

# EVM prediction: Mode:STANDARD S-ratio: 5.18 16765-18887 orient(+) score(11367.00) noncoding_equivalent(2195.50) raw_noncoding(2535.18) offset(339.68) 
16765	17342	initial+	1	2	{GlimmerHMM_glimmerT_2804-T1;GlimmerHMM},{GeneMark_model.2992_t;GeneMark}
17343	17409	INTRON			{GlimmerHMM_glimmerT_2804-T1;GlimmerHMM},{GeneMark_model.2992_t;GeneMark},{Augustus_model.g2321.t1;Augustus},{ev_type:exonerate/ID=match.2566964.2547/Target=lcl|PJQD01000035_1_prot_POY73660_1_3231;exonerate},{ev_type:exonerate/ID=match.2566964.2559/Target=lcl|NW_017264929_1_prot_XP_018273556_1_1067;exonerate}
17410	17831	internal+	3	1	{GlimmerHMM_glimmerT_2804-T1;GlimmerHMM},{GeneMark_model.2992_t;GeneMark},{Augustus_model.g2321.t1;Augustus},{ev_type:exonerate/ID=match.2566964.2547/Target=lcl|PJQD01000035_1_prot_POY73660_1_3231;exonerate},{ev_type:exonerate/ID=match.2566964.2559/Target=lcl|NW_017264929_1_prot_XP_018273556_1_1067;exonerate}
17832	17896	INTRON			{GlimmerHMM_glimmerT_2804-T1;GlimmerHMM},{GeneMark_model.2992_t;GeneMark},{Augustus_model.g2321.t1;Augustus},{ev_type:exonerate/ID=match.2566964.2547/Target=lcl|PJQD01000035_1_prot_POY73660_1_3231;exonerate},{ev_type:exonerate/ID=match.2566964.2559/Target=lcl|NW_017264929_1_prot_XP_018273556_1_1067;exonerate}
17897	18102	internal+	2	3	{GlimmerHMM_glimmerT_2804-T1;GlimmerHMM},{GeneMark_model.2992_t;GeneMark},{Augustus_model.g2321.t1;Augustus},{ev_type:exonerate/ID=match.2566964.2547/Target=lcl|PJQD01000035_1_prot_POY73660_1_3231;exonerate},{ev_type:exonerate/ID=match.2566964.2559/Target=lcl|NW_017264929_1_prot_XP_018273556_1_1067;exonerate}
18103	18171	INTRON			{GlimmerHMM_glimmerT_2804-T1;GlimmerHMM},{GeneMark_model.2992_t;GeneMark},{Augustus_model.g2321.t1;Augustus},{ev_type:exonerate/ID=match.2566964.2547/Target=lcl|PJQD01000035_1_prot_POY73660_1_3231;exonerate},{ev_type:exonerate/ID=match.2566964.2559/Target=lcl|NW_017264929_1_prot_XP_018273556_1_1067;exonerate}
18172	18296	internal+	1	2	{GlimmerHMM_glimmerT_2804-T1;GlimmerHMM},{GeneMark_model.2992_t;GeneMark},{Augustus_model.g2321.t1;Augustus},{ev_type:exonerate/ID=match.2566964.2547/Target=lcl|PJQD01000035_1_prot_POY73660_1_3231;exonerate},{ev_type:exonerate/ID=match.2566964.2559/Target=lcl|NW_017264929_1_prot_XP_018273556_1_1067;exonerate}
18297	18375	INTRON			{GlimmerHMM_glimmerT_2804-T1;GlimmerHMM},{GeneMark_model.2992_t;GeneMark},{Augustus_model.g2321.t1;Augustus},{ev_type:exonerate/ID=match.2566964.2547/Target=lcl|PJQD01000035_1_prot_POY73660_1_3231;exonerate},{ev_type:exonerate/ID=match.2566964.2559/Target=lcl|NW_017264929_1_prot_XP_018273556_1_1067;exonerate}
18376	18530	internal+	3	1	{GlimmerHMM_glimmerT_2804-T1;GlimmerHMM},{GeneMark_model.2992_t;GeneMark},{Augustus_model.g2321.t1;Augustus},{ev_type:exonerate/ID=match.2566964.2547/Target=lcl|PJQD01000035_1_prot_POY73660_1_3231;exonerate},{ev_type:exonerate/ID=match.2566964.2559/Target=lcl|NW_017264929_1_prot_XP_018273556_1_1067;exonerate}
18531	18609	INTRON			{GlimmerHMM_glimmerT_2804-T1;GlimmerHMM},{GeneMark_model.2992_t;GeneMark},{Augustus_model.g2321.t1;Augustus},{ev_type:exonerate/ID=match.2566964.2547/Target=lcl|PJQD01000035_1_prot_POY73660_1_3231;exonerate},{ev_type:exonerate/ID=match.2566964.2559/Target=lcl|NW_017264929_1_prot_XP_018273556_1_1067;exonerate}
18610	18750	internal+	2	1	{GlimmerHMM_glimmerT_2804-T1;GlimmerHMM},{GeneMark_model.2992_t;GeneMark},{Augustus_model.g2321.t1;Augustus},{ev_type:exonerate/ID=match.2566964.2547/Target=lcl|PJQD01000035_1_prot_POY73660_1_3231;exonerate},{ev_type:exonerate/ID=match.2566964.2559/Target=lcl|NW_017264929_1_prot_XP_018273556_1_1067;exonerate}
18751	18822	INTRON			{GlimmerHMM_glimmerT_2804-T1;GlimmerHMM},{GeneMark_model.2992_t;GeneMark},{Augustus_model.g2321.t1;Augustus},{ev_type:exonerate/ID=match.2566964.2547/Target=lcl|PJQD01000035_1_prot_POY73660_1_3231;exonerate},{ev_type:exonerate/ID=match.2566964.2559/Target=lcl|NW_017264929_1_prot_XP_018273556_1_1067;exonerate}
18823	18887	terminal+	2	3	{GlimmerHMM_glimmerT_2804-T1;GlimmerHMM},{GeneMark_model.2992_t;GeneMark},{Augustus_model.g2321.t1;Augustus}

# EVM prediction: Mode:STANDARD S-ratio: 4.39 19069-21969 orient(-) score(12723.00) noncoding_equivalent(2895.00) raw_noncoding(3496.00) offset(601.00) 
19358	19069	terminal-	5	6	{GlimmerHMM_glimmerT_2805-T1;GlimmerHMM},{GeneMark_model.2993_t;GeneMark},{snap_scaffold_6-snap.365-T1;snap},{Augustus_model.g2322.t1;Augustus}
19431	19359	INTRON			{GlimmerHMM_glimmerT_2805-T1;GlimmerHMM},{GeneMark_model.2993_t;GeneMark},{Augustus_model.g2322.t1;Augustus},{ev_type:exonerate/ID=match.2566964.2546/Target=lcl|KQ954464_1_prot_KWU47580_1_306;exonerate}
19576	19432	internal-	4	4	{GlimmerHMM_glimmerT_2805-T1;GlimmerHMM},{GeneMark_model.2993_t;GeneMark},{Augustus_model.g2322.t1;Augustus},{ev_type:exonerate/ID=match.2566964.2546/Target=lcl|KQ954464_1_prot_KWU47580_1_306;exonerate}
19645	19577	INTRON			{GlimmerHMM_glimmerT_2805-T1;GlimmerHMM},{GeneMark_model.2993_t;GeneMark},{Augustus_model.g2322.t1;Augustus},{ev_type:exonerate/ID=match.2566964.2546/Target=lcl|KQ954464_1_prot_KWU47580_1_306;exonerate}
19948	19646	internal-	4	6	{GlimmerHMM_glimmerT_2805-T1;GlimmerHMM},{GeneMark_model.2993_t;GeneMark},{Augustus_model.g2322.t1;Augustus},{ev_type:exonerate/ID=match.2566964.2546/Target=lcl|KQ954464_1_prot_KWU47580_1_306;exonerate}
20016	19949	INTRON			{GlimmerHMM_glimmerT_2805-T1;GlimmerHMM},{GeneMark_model.2993_t;GeneMark},{Augustus_model.g2322.t1;Augustus},{ev_type:exonerate/ID=match.2566964.2546/Target=lcl|KQ954464_1_prot_KWU47580_1_306;exonerate}
20967	20017	internal-	4	6	{GlimmerHMM_glimmerT_2805-T1;GlimmerHMM},{GeneMark_model.2993_t;GeneMark},{Augustus_model.g2322.t1;Augustus},{ev_type:exonerate/ID=match.2566964.2546/Target=lcl|KQ954464_1_prot_KWU47580_1_306;exonerate}
21043	20968	INTRON			{GlimmerHMM_glimmerT_2805-T1;GlimmerHMM},{GeneMark_model.2993_t;GeneMark},{Augustus_model.g2322.t1;Augustus},{ev_type:exonerate/ID=match.2566964.2546/Target=lcl|KQ954464_1_prot_KWU47580_1_306;exonerate}
21419	21044	internal-	6	6	{GlimmerHMM_glimmerT_2805-T1;GlimmerHMM},{GeneMark_model.2993_t;GeneMark},{Augustus_model.g2322.t1;Augustus},{ev_type:exonerate/ID=match.2566964.2546/Target=lcl|KQ954464_1_prot_KWU47580_1_306;exonerate}
21493	21420	INTRON			{GlimmerHMM_glimmerT_2805-T1;GlimmerHMM},{GeneMark_model.2993_t;GeneMark},{Augustus_model.g2322.t1;Augustus},{ev_type:exonerate/ID=match.2566964.2546/Target=lcl|KQ954464_1_prot_KWU47580_1_306;exonerate}
21609	21494	internal-	4	5	{GlimmerHMM_glimmerT_2805-T1;GlimmerHMM},{GeneMark_model.2993_t;GeneMark},{Augustus_model.g2322.t1;Augustus},{ev_type:exonerate/ID=match.2566964.2546/Target=lcl|KQ954464_1_prot_KWU47580_1_306;exonerate}
21766	21610	INTRON			{GlimmerHMM_glimmerT_2805-T1;GlimmerHMM},{GeneMark_model.2993_t;GeneMark},{Augustus_model.g2322.t1;Augustus},{ev_type:exonerate/ID=match.2566964.2546/Target=lcl|KQ954464_1_prot_KWU47580_1_306;exonerate}
21847	21767	internal-	4	6	{GlimmerHMM_glimmerT_2805-T1;GlimmerHMM},{GeneMark_model.2993_t;GeneMark},{Augustus_model.g2322.t1;Augustus}
21966	21848	INTRON			{GlimmerHMM_glimmerT_2805-T1;GlimmerHMM},{GeneMark_model.2993_t;GeneMark},{Augustus_model.g2322.t1;Augustus}
21969	21967	initial-	4	6	{GlimmerHMM_glimmerT_2805-T1;GlimmerHMM},{GeneMark_model.2993_t;GeneMark},{Augustus_model.g2322.t1;Augustus}

# EVM prediction: Mode:STANDARD S-ratio: 3.14 22198-23664 orient(+) score(4942.00) noncoding_equivalent(1574.91) raw_noncoding(1975.06) offset(400.15) 
22198	22241	initial+	1	2	{Augustus_model.g2323.t1;Augustus},{GlimmerHMM_glimmerT_2806-T1;GlimmerHMM},{GeneMark_model.2994_t;GeneMark}
22242	22333	INTRON			{Augustus_model.g2323.t1;Augustus},{GlimmerHMM_glimmerT_2806-T1;GlimmerHMM},{GeneMark_model.2994_t;GeneMark}
22334	22511	internal+	3	3	{Augustus_model.g2323.t1;Augustus},{GlimmerHMM_glimmerT_2806-T1;GlimmerHMM},{GeneMark_model.2994_t;GeneMark}
22512	22588	INTRON			{Augustus_model.g2323.t1;Augustus},{GlimmerHMM_glimmerT_2806-T1;GlimmerHMM},{GeneMark_model.2994_t;GeneMark}
22589	22702	internal+	1	3	{Augustus_model.g2323.t1;Augustus},{GlimmerHMM_glimmerT_2806-T1;GlimmerHMM},{GeneMark_model.2994_t;GeneMark}
22703	22790	INTRON			{Augustus_model.g2323.t1;Augustus},{GlimmerHMM_glimmerT_2806-T1;GlimmerHMM},{GeneMark_model.2994_t;GeneMark}
22791	22992	internal+	1	1	{Augustus_model.g2323.t1;Augustus},{GlimmerHMM_glimmerT_2806-T1;GlimmerHMM},{GeneMark_model.2994_t;GeneMark}
22993	23070	INTRON			{Augustus_model.g2323.t1;Augustus},{GlimmerHMM_glimmerT_2806-T1;GlimmerHMM},{GeneMark_model.2994_t;GeneMark}
23071	23534	internal+	2	3	{Augustus_model.g2323.t1;Augustus},{GlimmerHMM_glimmerT_2806-T1;GlimmerHMM},{GeneMark_model.2994_t;GeneMark}
23535	23637	INTRON			{GlimmerHMM_glimmerT_2806-T1;GlimmerHMM},{GeneMark_model.2994_t;GeneMark}
23638	23664	terminal+	1	3	{GlimmerHMM_glimmerT_2806-T1;GlimmerHMM},{GeneMark_model.2994_t;GeneMark}

# EVM prediction: Mode:STANDARD S-ratio: 2.88 24017-28001 orient(+) score(12827.00) noncoding_equivalent(4450.85) raw_noncoding(5169.85) offset(719.00) 
24017	24423	initial+	1	2	{GeneMark_model.2995_t;GeneMark}
24424	24493	INTRON			{Augustus_model.g2323.t1;Augustus},{GeneMark_model.2995_t;GeneMark}
24494	24575	internal+	3	3	{Augustus_model.g2323.t1;Augustus},{GeneMark_model.2995_t;GeneMark}
24576	24641	INTRON			{Augustus_model.g2323.t1;Augustus},{GeneMark_model.2995_t;GeneMark},{GlimmerHMM_glimmerT_2807-T1;GlimmerHMM}
24642	24851	internal+	1	3	{Augustus_model.g2323.t1;Augustus},{GeneMark_model.2995_t;GeneMark},{GlimmerHMM_glimmerT_2807-T1;GlimmerHMM}
24852	24928	INTRON			{Augustus_model.g2323.t1;Augustus},{GeneMark_model.2995_t;GeneMark},{GlimmerHMM_glimmerT_2807-T1;GlimmerHMM}
24929	25244	internal+	1	1	{Augustus_model.g2323.t1;Augustus},{GeneMark_model.2995_t;GeneMark},{GlimmerHMM_glimmerT_2807-T1;GlimmerHMM}
25245	25305	INTRON			{Augustus_model.g2323.t1;Augustus},{GeneMark_model.2995_t;GeneMark},{GlimmerHMM_glimmerT_2807-T1;GlimmerHMM}
25306	25318	internal+	2	2	{Augustus_model.g2323.t1;Augustus},{GeneMark_model.2995_t;GeneMark},{GlimmerHMM_glimmerT_2807-T1;GlimmerHMM}
25319	25385	INTRON			{Augustus_model.g2323.t1;Augustus},{GeneMark_model.2995_t;GeneMark},{GlimmerHMM_glimmerT_2807-T1;GlimmerHMM}
25386	25695	internal+	3	3	{Augustus_model.g2323.t1;Augustus},{GeneMark_model.2995_t;GeneMark},{GlimmerHMM_glimmerT_2807-T1;GlimmerHMM}
25696	25771	INTRON			{Augustus_model.g2323.t1;Augustus},{GeneMark_model.2995_t;GeneMark},{GlimmerHMM_glimmerT_2807-T1;GlimmerHMM}
25772	26454	internal+	1	2	{Augustus_model.g2323.t1;Augustus},{GeneMark_model.2995_t;GeneMark},{GlimmerHMM_glimmerT_2807-T1;GlimmerHMM}
26455	26524	INTRON			{Augustus_model.g2323.t1;Augustus},{GeneMark_model.2995_t;GeneMark},{GlimmerHMM_glimmerT_2807-T1;GlimmerHMM}
26525	26671	internal+	3	2	{Augustus_model.g2323.t1;Augustus},{GeneMark_model.2995_t;GeneMark},{GlimmerHMM_glimmerT_2807-T1;GlimmerHMM}
26672	26733	INTRON			{Augustus_model.g2323.t1;Augustus},{GeneMark_model.2995_t;GeneMark},{GlimmerHMM_glimmerT_2807-T1;GlimmerHMM}
26734	27010	internal+	3	3	{Augustus_model.g2323.t1;Augustus},{GeneMark_model.2995_t;GeneMark},{GlimmerHMM_glimmerT_2807-T1;GlimmerHMM}
27011	27075	INTRON			{Augustus_model.g2323.t1;Augustus},{GeneMark_model.2995_t;GeneMark},{GlimmerHMM_glimmerT_2807-T1;GlimmerHMM}
27076	27190	internal+	1	1	{Augustus_model.g2323.t1;Augustus},{GeneMark_model.2995_t;GeneMark},{GlimmerHMM_glimmerT_2807-T1;GlimmerHMM}
27191	27264	INTRON			{Augustus_model.g2323.t1;Augustus},{GeneMark_model.2995_t;GeneMark},{GlimmerHMM_glimmerT_2807-T1;GlimmerHMM}
27265	27712	internal+	2	2	{Augustus_model.g2323.t1;Augustus},{GeneMark_model.2995_t;GeneMark},{GlimmerHMM_glimmerT_2807-T1;GlimmerHMM}
27713	27787	INTRON			{Augustus_model.g2323.t1;Augustus},{GeneMark_model.2995_t;GeneMark},{GlimmerHMM_glimmerT_2807-T1;GlimmerHMM}
27788	28001	terminal+	3	3	{GeneMark_model.2995_t;GeneMark},{GlimmerHMM_glimmerT_2807-T1;GlimmerHMM}

# EVM prediction: Mode:STANDARD S-ratio: 6.49 28466-30086 orient(+) score(5833.00) noncoding_equivalent(898.23) raw_noncoding(1039.00) offset(140.77) 
28466	28585	initial+	1	3	{GeneMark_model.2996_t;GeneMark},{GlimmerHMM_glimmerT_2808-T1;GlimmerHMM}
28586	28644	INTRON			{Augustus_model.g2323.t1;Augustus},{GeneMark_model.2996_t;GeneMark},{GlimmerHMM_glimmerT_2808-T1;GlimmerHMM}
28645	28726	internal+	1	1	{Augustus_model.g2323.t1;Augustus},{GeneMark_model.2996_t;GeneMark}
28727	28795	INTRON			{Augustus_model.g2323.t1;Augustus},{GeneMark_model.2996_t;GeneMark}
28796	29187	internal+	2	3	{Augustus_model.g2323.t1;Augustus},{GeneMark_model.2996_t;GeneMark}
29188	29258	INTRON			{Augustus_model.g2323.t1;Augustus},{GeneMark_model.2996_t;GeneMark},{GlimmerHMM_glimmerT_2808-T1;GlimmerHMM}
29259	30086	terminal+	1	3	{Augustus_model.g2323.t1;Augustus},{GeneMark_model.2996_t;GeneMark},{GlimmerHMM_glimmerT_2808-T1;GlimmerHMM}

# EVM prediction: Mode:STANDARD S-ratio: 10000.00 30775-31308 orient(-) score(2136.00) noncoding_equivalent(0.21) raw_noncoding(0.00) offset(0.00) 
31308	30775	single-	4	6	{Augustus_model.g2324.t1;Augustus},{GlimmerHMM_glimmerT_2809-T1;GlimmerHMM},{GeneMark_model.2997_t;GeneMark}

# EVM prediction: Mode:STANDARD S-ratio: 2.65 33718-36884 orient(+) score(9351.00) noncoding_equivalent(3528.60) raw_noncoding(4823.00) offset(1294.40) 
33718	34025	initial+	1	2	{GlimmerHMM_glimmerT_2810-T1;GlimmerHMM},{Augustus_model.g2325.t1;Augustus}
34026	34273	INTRON			{GlimmerHMM_glimmerT_2810-T1;GlimmerHMM},{Augustus_model.g2325.t1;Augustus}
34274	34342	internal+	3	2	{GeneMark_model.2998_t;GeneMark},{GlimmerHMM_glimmerT_2810-T1;GlimmerHMM},{Augustus_model.g2325.t1;Augustus}
34343	34404	INTRON			{GeneMark_model.2998_t;GeneMark},{GlimmerHMM_glimmerT_2810-T1;GlimmerHMM},{Augustus_model.g2325.t1;Augustus}
34405	34580	internal+	3	1	{GeneMark_model.2998_t;GeneMark},{Augustus_model.g2325.t1;Augustus}
34581	34647	INTRON			{GeneMark_model.2998_t;GeneMark},{Augustus_model.g2325.t1;Augustus}
34648	34652	internal+	2	3	{Augustus_model.g2325.t1;Augustus}
34653	34852	INTRON			{Augustus_model.g2325.t1;Augustus}
34853	35090	internal+	1	1	{GeneMark_model.2998_t;GeneMark},{GlimmerHMM_glimmerT_2810-T1;GlimmerHMM},{Augustus_model.g2325.t1;Augustus}
35091	35154	INTRON			{GeneMark_model.2998_t;GeneMark},{GlimmerHMM_glimmerT_2810-T1;GlimmerHMM},{Augustus_model.g2325.t1;Augustus}
35155	35359	internal+	2	2	{GeneMark_model.2998_t;GeneMark},{GlimmerHMM_glimmerT_2810-T1;GlimmerHMM},{Augustus_model.g2325.t1;Augustus}
35360	35420	INTRON			{GeneMark_model.2998_t;GeneMark},{GlimmerHMM_glimmerT_2810-T1;GlimmerHMM},{Augustus_model.g2325.t1;Augustus}
35421	35593	internal+	3	1	{GeneMark_model.2998_t;GeneMark},{Augustus_model.g2325.t1;Augustus}
35594	35659	INTRON			{GeneMark_model.2998_t;GeneMark},{Augustus_model.g2325.t1;Augustus}
35660	35804	internal+	2	2	{GeneMark_model.2998_t;GeneMark},{Augustus_model.g2325.t1;Augustus}
35805	35865	INTRON			{GeneMark_model.2998_t;GeneMark},{GlimmerHMM_glimmerT_2810-T1;GlimmerHMM},{Augustus_model.g2325.t1;Augustus}
35866	36204	internal+	3	2	{GeneMark_model.2998_t;GeneMark},{GlimmerHMM_glimmerT_2810-T1;GlimmerHMM},{Augustus_model.g2325.t1;Augustus}
36205	36274	INTRON			{GeneMark_model.2998_t;GeneMark},{GlimmerHMM_glimmerT_2810-T1;GlimmerHMM},{Augustus_model.g2325.t1;Augustus}
36275	36884	terminal+	3	3	{GeneMark_model.2998_t;GeneMark},{GlimmerHMM_glimmerT_2810-T1;GlimmerHMM},{Augustus_model.g2325.t1;Augustus}

# EVM prediction: Mode:STANDARD S-ratio: 3.29 37145-39784 orient(-) score(16182.00) noncoding_equivalent(4924.00) raw_noncoding(6135.00) offset(1211.00) 
37582	37145	terminal-	4	6	{HiQ_model.g2326.t1;HiQ},{GeneMark_model.2999_t;GeneMark},{GlimmerHMM_glimmerT_2811-T1;GlimmerHMM}
37660	37583	INTRON			{HiQ_model.g2326.t1;HiQ},{GeneMark_model.2999_t;GeneMark},{GlimmerHMM_glimmerT_2811-T1;GlimmerHMM},{ev_type:exonerate/ID=match.2566964.2549/Target=lcl|KQ954464_1_prot_KWU47394_1_120;exonerate},{ev_type:exonerate/ID=match.2566964.2551/Target=lcl|PJQD01000035_1_prot_POY73654_1_3225;exonerate}
37887	37661	internal-	5	6	{HiQ_model.g2326.t1;HiQ},{GeneMark_model.2999_t;GeneMark},{GlimmerHMM_glimmerT_2811-T1;GlimmerHMM},{ev_type:exonerate/ID=match.2566964.2549/Target=lcl|KQ954464_1_prot_KWU47394_1_120;exonerate},{ev_type:exonerate/ID=match.2566964.2551/Target=lcl|PJQD01000035_1_prot_POY73654_1_3225;exonerate}
37956	37888	INTRON			{HiQ_model.g2326.t1;HiQ},{GeneMark_model.2999_t;GeneMark},{GlimmerHMM_glimmerT_2811-T1;GlimmerHMM},{ev_type:exonerate/ID=match.2566964.2549/Target=lcl|KQ954464_1_prot_KWU47394_1_120;exonerate},{ev_type:exonerate/ID=match.2566964.2551/Target=lcl|PJQD01000035_1_prot_POY73654_1_3225;exonerate}
38310	37957	internal-	5	4	{HiQ_model.g2326.t1;HiQ},{GeneMark_model.2999_t;GeneMark},{GlimmerHMM_glimmerT_2811-T1;GlimmerHMM},{ev_type:exonerate/ID=match.2566964.2549/Target=lcl|KQ954464_1_prot_KWU47394_1_120;exonerate},{ev_type:exonerate/ID=match.2566964.2551/Target=lcl|PJQD01000035_1_prot_POY73654_1_3225;exonerate}
38378	38311	INTRON			{HiQ_model.g2326.t1;HiQ},{GeneMark_model.2999_t;GeneMark},{GlimmerHMM_glimmerT_2811-T1;GlimmerHMM},{ev_type:exonerate/ID=match.2566964.2549/Target=lcl|KQ954464_1_prot_KWU47394_1_120;exonerate},{ev_type:exonerate/ID=match.2566964.2551/Target=lcl|PJQD01000035_1_prot_POY73654_1_3225;exonerate}
38730	38379	internal-	4	4	{HiQ_model.g2326.t1;HiQ},{GeneMark_model.2999_t;GeneMark},{GlimmerHMM_glimmerT_2811-T1;GlimmerHMM},{ev_type:exonerate/ID=match.2566964.2549/Target=lcl|KQ954464_1_prot_KWU47394_1_120;exonerate},{ev_type:exonerate/ID=match.2566964.2551/Target=lcl|PJQD01000035_1_prot_POY73654_1_3225;exonerate}
38791	38731	INTRON			{HiQ_model.g2326.t1;HiQ},{GeneMark_model.2999_t;GeneMark},{GlimmerHMM_glimmerT_2811-T1;GlimmerHMM},{ev_type:exonerate/ID=match.2566964.2549/Target=lcl|KQ954464_1_prot_KWU47394_1_120;exonerate},{ev_type:exonerate/ID=match.2566964.2551/Target=lcl|PJQD01000035_1_prot_POY73654_1_3225;exonerate}
38963	38792	internal-	6	6	{HiQ_model.g2326.t1;HiQ},{GeneMark_model.2999_t;GeneMark},{GlimmerHMM_glimmerT_2811-T1;GlimmerHMM},{ev_type:exonerate/ID=match.2566964.2549/Target=lcl|KQ954464_1_prot_KWU47394_1_120;exonerate},{ev_type:exonerate/ID=match.2566964.2551/Target=lcl|PJQD01000035_1_prot_POY73654_1_3225;exonerate}
39024	38964	INTRON			{HiQ_model.g2326.t1;HiQ},{GeneMark_model.2999_t;GeneMark},{GlimmerHMM_glimmerT_2811-T1;GlimmerHMM},{ev_type:exonerate/ID=match.2566964.2549/Target=lcl|KQ954464_1_prot_KWU47394_1_120;exonerate},{ev_type:exonerate/ID=match.2566964.2551/Target=lcl|PJQD01000035_1_prot_POY73654_1_3225;exonerate}
39111	39025	internal-	6	5	{HiQ_model.g2326.t1;HiQ},{GeneMark_model.2999_t;GeneMark},{GlimmerHMM_glimmerT_2811-T1;GlimmerHMM},{ev_type:exonerate/ID=match.2566964.2549/Target=lcl|KQ954464_1_prot_KWU47394_1_120;exonerate},{ev_type:exonerate/ID=match.2566964.2551/Target=lcl|PJQD01000035_1_prot_POY73654_1_3225;exonerate}
39178	39112	INTRON			{HiQ_model.g2326.t1;HiQ},{GeneMark_model.2999_t;GeneMark},{GlimmerHMM_glimmerT_2811-T1;GlimmerHMM},{ev_type:exonerate/ID=match.2566964.2549/Target=lcl|KQ954464_1_prot_KWU47394_1_120;exonerate},{ev_type:exonerate/ID=match.2566964.2551/Target=lcl|PJQD01000035_1_prot_POY73654_1_3225;exonerate}
39231	39179	internal-	4	5	{HiQ_model.g2326.t1;HiQ},{GeneMark_model.2999_t;GeneMark},{GlimmerHMM_glimmerT_2811-T1;GlimmerHMM},{ev_type:exonerate/ID=match.2566964.2549/Target=lcl|KQ954464_1_prot_KWU47394_1_120;exonerate},{ev_type:exonerate/ID=match.2566964.2551/Target=lcl|PJQD01000035_1_prot_POY73654_1_3225;exonerate}
39298	39232	INTRON			{HiQ_model.g2326.t1;HiQ},{GeneMark_model.2999_t;GeneMark},{GlimmerHMM_glimmerT_2811-T1;GlimmerHMM},{ev_type:exonerate/ID=match.2566964.2549/Target=lcl|KQ954464_1_prot_KWU47394_1_120;exonerate},{ev_type:exonerate/ID=match.2566964.2551/Target=lcl|PJQD01000035_1_prot_POY73654_1_3225;exonerate}
39413	39299	internal-	6	6	{HiQ_model.g2326.t1;HiQ},{GeneMark_model.2999_t;GeneMark},{GlimmerHMM_glimmerT_2811-T1;GlimmerHMM},{ev_type:exonerate/ID=match.2566964.2549/Target=lcl|KQ954464_1_prot_KWU47394_1_120;exonerate},{ev_type:exonerate/ID=match.2566964.2551/Target=lcl|PJQD01000035_1_prot_POY73654_1_3225;exonerate}
39501	39414	INTRON			{HiQ_model.g2326.t1;HiQ},{GeneMark_model.2999_t;GeneMark},{GlimmerHMM_glimmerT_2811-T1;GlimmerHMM},{ev_type:exonerate/ID=match.2566964.2549/Target=lcl|KQ954464_1_prot_KWU47394_1_120;exonerate},{ev_type:exonerate/ID=match.2566964.2551/Target=lcl|PJQD01000035_1_prot_POY73654_1_3225;exonerate}
39677	39502	internal-	4	5	{HiQ_model.g2326.t1;HiQ},{GeneMark_model.2999_t;GeneMark},{GlimmerHMM_glimmerT_2811-T1;GlimmerHMM},{ev_type:exonerate/ID=match.2566964.2549/Target=lcl|KQ954464_1_prot_KWU47394_1_120;exonerate},{ev_type:exonerate/ID=match.2566964.2551/Target=lcl|PJQD01000035_1_prot_POY73654_1_3225;exonerate}
39748	39678	INTRON			{HiQ_model.g2326.t1;HiQ},{GeneMark_model.2999_t;GeneMark},{GlimmerHMM_glimmerT_2811-T1;GlimmerHMM},{ev_type:exonerate/ID=match.2566964.2549/Target=lcl|KQ954464_1_prot_KWU47394_1_120;exonerate},{ev_type:exonerate/ID=match.2566964.2551/Target=lcl|PJQD01000035_1_prot_POY73654_1_3225;exonerate}
39784	39749	initial-	4	6	{HiQ_model.g2326.t1;HiQ},{GeneMark_model.2999_t;GeneMark},{GlimmerHMM_glimmerT_2811-T1;GlimmerHMM}

# EVM prediction: Mode:STANDARD S-ratio: 5.20 40140-42626 orient(-) score(8717.00) noncoding_equivalent(1677.00) raw_noncoding(2031.00) offset(354.00) 
40683	40140	terminal-	6	6	{GeneMark_model.3000_t;GeneMark},{GlimmerHMM_glimmerT_2812-T1;GlimmerHMM},{Augustus_model.g2327.t1;Augustus}
40751	40684	INTRON			{GeneMark_model.3000_t;GeneMark},{GlimmerHMM_glimmerT_2812-T1;GlimmerHMM},{Augustus_model.g2327.t1;Augustus}
41459	40752	internal-	6	5	{GeneMark_model.3000_t;GeneMark},{GlimmerHMM_glimmerT_2812-T1;GlimmerHMM},{Augustus_model.g2327.t1;Augustus}
41520	41460	INTRON			{GeneMark_model.3000_t;GeneMark},{GlimmerHMM_glimmerT_2812-T1;GlimmerHMM},{Augustus_model.g2327.t1;Augustus}
41850	41521	internal-	6	5	{GeneMark_model.3000_t;GeneMark},{GlimmerHMM_glimmerT_2812-T1;GlimmerHMM},{Augustus_model.g2327.t1;Augustus}
41951	41851	INTRON			{GeneMark_model.3000_t;GeneMark},{GlimmerHMM_glimmerT_2812-T1;GlimmerHMM},{Augustus_model.g2327.t1;Augustus}
42177	41952	internal-	5	5	{GlimmerHMM_glimmerT_2812-T1;GlimmerHMM},{Augustus_model.g2327.t1;Augustus}
42283	42178	INTRON			{GlimmerHMM_glimmerT_2812-T1;GlimmerHMM},{Augustus_model.g2327.t1;Augustus}
42626	42284	initial-	4	4	{GeneMark_model.3000_t;GeneMark},{GlimmerHMM_glimmerT_2812-T1;GlimmerHMM},{Augustus_model.g2327.t1;Augustus}

# EVM prediction: Mode:STANDARD S-ratio: 8.99 43047-45369 orient(+) score(8359.00) noncoding_equivalent(929.82) raw_noncoding(1438.00) offset(508.18) 
43047	43137	initial+	1	1	{GlimmerHMM_glimmerT_2813-T1;GlimmerHMM},{GeneMark_model.3001_t;GeneMark}
43138	43465	INTRON			{GlimmerHMM_glimmerT_2813-T1;GlimmerHMM},{GeneMark_model.3001_t;GeneMark}
43466	45369	terminal+	2	3	{GlimmerHMM_glimmerT_2813-T1;GlimmerHMM},{GeneMark_model.3001_t;GeneMark}

# EVM prediction: Mode:STANDARD S-ratio: 2.18 45513-46212 orient(-) score(2100.00) noncoding_equivalent(964.00) raw_noncoding(1108.00) offset(144.00) 
45722	45513	terminal-	4	6	{GeneMark_model.3002_t;GeneMark},{GlimmerHMM_glimmerT_2814-T1;GlimmerHMM},{Augustus_model.g2329.t1;Augustus}
45794	45723	INTRON			{GeneMark_model.3002_t;GeneMark},{GlimmerHMM_glimmerT_2814-T1;GlimmerHMM},{Augustus_model.g2329.t1;Augustus}
46022	45795	internal-	4	6	{GeneMark_model.3002_t;GeneMark},{GlimmerHMM_glimmerT_2814-T1;GlimmerHMM},{Augustus_model.g2329.t1;Augustus}
46086	46023	INTRON			{GeneMark_model.3002_t;GeneMark},{GlimmerHMM_glimmerT_2814-T1;GlimmerHMM},{Augustus_model.g2329.t1;Augustus}
46212	46087	initial-	4	6	{GlimmerHMM_glimmerT_2814-T1;GlimmerHMM}

# EVM prediction: Mode:STANDARD S-ratio: 1.00 47164-48380 orient(+) score(2434.00) noncoding_equivalent(2434.00) raw_noncoding(3788.00) offset(1354.00) 
47164	47262	initial+	1	3	{GeneMark_model.3003_t;GeneMark}
47263	47346	INTRON			{GeneMark_model.3003_t;GeneMark},{Augustus_model.g2330.t1;Augustus}
47347	47422	internal+	1	1	{GeneMark_model.3003_t;GeneMark},{Augustus_model.g2330.t1;Augustus}
47423	47482	INTRON			{GeneMark_model.3003_t;GeneMark},{Augustus_model.g2330.t1;Augustus}
47483	47546	internal+	2	2	{GeneMark_model.3003_t;GeneMark},{Augustus_model.g2330.t1;Augustus}
47547	47616	INTRON			{GeneMark_model.3003_t;GeneMark},{Augustus_model.g2330.t1;Augustus}
47617	47642	internal+	3	1	{GeneMark_model.3003_t;GeneMark},{Augustus_model.g2330.t1;Augustus}
47643	47703	INTRON			{GeneMark_model.3003_t;GeneMark},{Augustus_model.g2330.t1;Augustus}
47704	47745	internal+	2	1	{GeneMark_model.3003_t;GeneMark},{Augustus_model.g2330.t1;Augustus}
47746	47839	INTRON			{GeneMark_model.3003_t;GeneMark},{Augustus_model.g2330.t1;Augustus}
47840	47918	internal+	2	2	{GeneMark_model.3003_t;GeneMark},{Augustus_model.g2330.t1;Augustus}
47919	48020	INTRON			{GeneMark_model.3003_t;GeneMark},{Augustus_model.g2330.t1;Augustus}
48021	48048	internal+	3	3	{GeneMark_model.3003_t;GeneMark},{Augustus_model.g2330.t1;Augustus}
48049	48128	INTRON			{GeneMark_model.3003_t;GeneMark},{Augustus_model.g2330.t1;Augustus}
48129	48182	internal+	1	3	{GeneMark_model.3003_t;GeneMark},{Augustus_model.g2330.t1;Augustus}
48183	48250	INTRON			{GeneMark_model.3003_t;GeneMark},{Augustus_model.g2330.t1;Augustus}
48251	48305	internal+	1	1	{GeneMark_model.3003_t;GeneMark},{Augustus_model.g2330.t1;Augustus}
48306	48363	INTRON			{GeneMark_model.3003_t;GeneMark},{Augustus_model.g2330.t1;Augustus}
48364	48380	terminal+	2	3	{GeneMark_model.3003_t;GeneMark},{Augustus_model.g2330.t1;Augustus}

# EVM prediction: Mode:STANDARD S-ratio: 2.46 49828-50945 orient(-) score(5421.00) noncoding_equivalent(2202.29) raw_noncoding(3143.74) offset(941.45) 
50041	49828	terminal-	6	6	{HiQ_model.g2331.t1;HiQ},{GlimmerHMM_glimmerT_2815-T1;GlimmerHMM},{GeneMark_model.3005_t;GeneMark}
50124	50042	INTRON			{HiQ_model.g2331.t1;HiQ},{GlimmerHMM_glimmerT_2815-T1;GlimmerHMM},{GeneMark_model.3005_t;GeneMark},{ev_type:exonerate/ID=match.2566964.2680/Target=lcl|PJQD01000035_1_prot_POY73649_1_3220;exonerate}
50289	50125	internal-	6	5	{HiQ_model.g2331.t1;HiQ},{GlimmerHMM_glimmerT_2815-T1;GlimmerHMM},{GeneMark_model.3005_t;GeneMark},{ev_type:exonerate/ID=match.2566964.2680/Target=lcl|PJQD01000035_1_prot_POY73649_1_3220;exonerate}
50378	50290	INTRON			{HiQ_model.g2331.t1;HiQ},{GlimmerHMM_glimmerT_2815-T1;GlimmerHMM},{GeneMark_model.3005_t;GeneMark},{ev_type:exonerate/ID=match.2566964.2680/Target=lcl|PJQD01000035_1_prot_POY73649_1_3220;exonerate}
50392	50379	internal-	4	5	{HiQ_model.g2331.t1;HiQ},{GlimmerHMM_glimmerT_2815-T1;GlimmerHMM},{GeneMark_model.3005_t;GeneMark},{ev_type:exonerate/ID=match.2566964.2680/Target=lcl|PJQD01000035_1_prot_POY73649_1_3220;exonerate}
50461	50393	INTRON			{HiQ_model.g2331.t1;HiQ},{GlimmerHMM_glimmerT_2815-T1;GlimmerHMM},{GeneMark_model.3005_t;GeneMark},{ev_type:exonerate/ID=match.2566964.2680/Target=lcl|PJQD01000035_1_prot_POY73649_1_3220;exonerate}
50585	50462	internal-	6	6	{HiQ_model.g2331.t1;HiQ},{GlimmerHMM_glimmerT_2815-T1;GlimmerHMM},{GeneMark_model.3005_t;GeneMark},{ev_type:exonerate/ID=match.2566964.2680/Target=lcl|PJQD01000035_1_prot_POY73649_1_3220;exonerate}
50665	50586	INTRON			{HiQ_model.g2331.t1;HiQ},{GlimmerHMM_glimmerT_2815-T1;GlimmerHMM},{GeneMark_model.3005_t;GeneMark},{ev_type:exonerate/ID=match.2566964.2680/Target=lcl|PJQD01000035_1_prot_POY73649_1_3220;exonerate}
50779	50666	internal-	6	5	{HiQ_model.g2331.t1;HiQ},{GlimmerHMM_glimmerT_2815-T1;GlimmerHMM},{GeneMark_model.3005_t;GeneMark},{ev_type:exonerate/ID=match.2566964.2680/Target=lcl|PJQD01000035_1_prot_POY73649_1_3220;exonerate}
50880	50780	INTRON			{HiQ_model.g2331.t1;HiQ},{GeneMark_model.3005_t;GeneMark},{ev_type:exonerate/ID=match.2566964.2680/Target=lcl|PJQD01000035_1_prot_POY73649_1_3220;exonerate}
50945	50881	initial-	4	5	{HiQ_model.g2331.t1;HiQ},{GeneMark_model.3005_t;GeneMark}

# EVM prediction: Mode:STANDARD S-ratio: 2.61 51219-52735 orient(-) score(5022.00) noncoding_equivalent(1924.50) raw_noncoding(2297.08) offset(372.58) 
51552	51219	terminal-	6	6	{GeneMark_model.3006_t;GeneMark}
51619	51553	INTRON			{GlimmerHMM_glimmerT_2815-T1;GlimmerHMM},{Augustus_model.g2332.t1;Augustus},{GeneMark_model.3006_t;GeneMark}
51725	51620	internal-	5	5	{GlimmerHMM_glimmerT_2815-T1;GlimmerHMM},{Augustus_model.g2332.t1;Augustus},{GeneMark_model.3006_t;GeneMark}
51801	51726	INTRON			{GlimmerHMM_glimmerT_2815-T1;GlimmerHMM},{Augustus_model.g2332.t1;Augustus},{GeneMark_model.3006_t;GeneMark}
51856	51802	internal-	4	4	{GlimmerHMM_glimmerT_2815-T1;GlimmerHMM},{Augustus_model.g2332.t1;Augustus},{GeneMark_model.3006_t;GeneMark}
51922	51857	INTRON			{GlimmerHMM_glimmerT_2815-T1;GlimmerHMM},{Augustus_model.g2332.t1;Augustus},{GeneMark_model.3006_t;GeneMark}
52045	51923	internal-	4	6	{GlimmerHMM_glimmerT_2815-T1;GlimmerHMM},{Augustus_model.g2332.t1;Augustus},{GeneMark_model.3006_t;GeneMark}
52192	52046	INTRON			{GlimmerHMM_glimmerT_2815-T1;GlimmerHMM},{Augustus_model.g2332.t1;Augustus},{GeneMark_model.3006_t;GeneMark}
52312	52193	internal-	4	6	{GlimmerHMM_glimmerT_2815-T1;GlimmerHMM},{Augustus_model.g2332.t1;Augustus},{GeneMark_model.3006_t;GeneMark}
52405	52313	INTRON			{GlimmerHMM_glimmerT_2815-T1;GlimmerHMM},{Augustus_model.g2332.t1;Augustus},{GeneMark_model.3006_t;GeneMark}
52735	52406	initial-	4	6	{GlimmerHMM_glimmerT_2815-T1;GlimmerHMM},{Augustus_model.g2332.t1;Augustus},{GeneMark_model.3006_t;GeneMark}

# EVM prediction: Mode:STANDARD S-ratio: 1.89 52981-57017 orient(+) score(10821.00) noncoding_equivalent(5726.52) raw_noncoding(7469.39) offset(1742.87) 
52981	53364	initial+	1	3	{Augustus_model.g2333.t1;Augustus},{GeneMark_model.3007_t;GeneMark}
53365	53424	INTRON			{Augustus_model.g2333.t1;Augustus},{GeneMark_model.3007_t;GeneMark}
53425	53533	internal+	1	1	{Augustus_model.g2333.t1;Augustus},{GlimmerHMM_glimmerT_2816-T1;GlimmerHMM},{GeneMark_model.3007_t;GeneMark}
53534	53590	INTRON			{Augustus_model.g2333.t1;Augustus},{GeneMark_model.3007_t;GeneMark}
53591	53811	internal+	2	3	{GeneMark_model.3007_t;GeneMark}
53812	53872	INTRON			{GeneMark_model.3007_t;GeneMark}
53873	54274	internal+	1	3	{GeneMark_model.3007_t;GeneMark}
54275	54339	INTRON			{Augustus_model.g2333.t1;Augustus},{GeneMark_model.3007_t;GeneMark}
54340	54391	internal+	1	1	{Augustus_model.g2333.t1;Augustus},{GeneMark_model.3007_t;GeneMark}
54392	54453	INTRON			{Augustus_model.g2333.t1;Augustus},{GeneMark_model.3007_t;GeneMark}
54454	54599	internal+	2	3	{Augustus_model.g2333.t1;Augustus},{GeneMark_model.3007_t;GeneMark}
54600	54661	INTRON			{Augustus_model.g2333.t1;Augustus},{GeneMark_model.3007_t;GeneMark}
54662	54688	internal+	1	3	{Augustus_model.g2333.t1;Augustus},{GeneMark_model.3007_t;GeneMark}
54689	54776	INTRON			{Augustus_model.g2333.t1;Augustus},{GeneMark_model.3007_t;GeneMark}
54777	54986	internal+	1	3	{Augustus_model.g2333.t1;Augustus},{GlimmerHMM_glimmerT_2816-T1;GlimmerHMM},{GeneMark_model.3007_t;GeneMark}
54987	55052	INTRON			{Augustus_model.g2333.t1;Augustus},{GlimmerHMM_glimmerT_2816-T1;GlimmerHMM},{GeneMark_model.3007_t;GeneMark}
55053	55116	internal+	1	1	{Augustus_model.g2333.t1;Augustus},{GlimmerHMM_glimmerT_2816-T1;GlimmerHMM},{GeneMark_model.3007_t;GeneMark}
55117	55192	INTRON			{Augustus_model.g2333.t1;Augustus},{GlimmerHMM_glimmerT_2816-T1;GlimmerHMM},{GeneMark_model.3007_t;GeneMark}
55193	55326	internal+	2	3	{Augustus_model.g2333.t1;Augustus},{GlimmerHMM_glimmerT_2816-T1;GlimmerHMM},{GeneMark_model.3007_t;GeneMark}
55327	55391	INTRON			{Augustus_model.g2333.t1;Augustus},{GlimmerHMM_glimmerT_2816-T1;GlimmerHMM},{GeneMark_model.3007_t;GeneMark}
55392	55745	internal+	1	3	{Augustus_model.g2333.t1;Augustus},{GlimmerHMM_glimmerT_2816-T1;GlimmerHMM},{GeneMark_model.3007_t;GeneMark}
55746	55811	INTRON			{Augustus_model.g2333.t1;Augustus},{GlimmerHMM_glimmerT_2816-T1;GlimmerHMM},{GeneMark_model.3007_t;GeneMark}
55812	56122	internal+	1	2	{Augustus_model.g2333.t1;Augustus},{GlimmerHMM_glimmerT_2816-T1;GlimmerHMM},{GeneMark_model.3007_t;GeneMark}
56123	56186	INTRON			{Augustus_model.g2333.t1;Augustus},{GeneMark_model.3007_t;GeneMark}
56187	56255	internal+	3	2	{Augustus_model.g2333.t1;Augustus},{GeneMark_model.3007_t;GeneMark}
56256	56322	INTRON			{Augustus_model.g2333.t1;Augustus},{GeneMark_model.3007_t;GeneMark}
56323	56518	internal+	3	3	{Augustus_model.g2333.t1;Augustus},{GlimmerHMM_glimmerT_2816-T1;GlimmerHMM},{GeneMark_model.3007_t;GeneMark}
56519	56586	INTRON			{Augustus_model.g2333.t1;Augustus},{GeneMark_model.3007_t;GeneMark}
56587	56613	internal+	1	3	{Augustus_model.g2333.t1;Augustus},{GeneMark_model.3007_t;GeneMark}
56614	56673	INTRON			{Augustus_model.g2333.t1;Augustus},{GeneMark_model.3007_t;GeneMark}
56674	56892	internal+	1	3	{Augustus_model.g2333.t1;Augustus},{GlimmerHMM_glimmerT_2816-T1;GlimmerHMM},{GeneMark_model.3007_t;GeneMark}
56893	56966	INTRON			{GlimmerHMM_glimmerT_2816-T1;GlimmerHMM},{GeneMark_model.3007_t;GeneMark}
56967	57017	terminal+	1	3	{GlimmerHMM_glimmerT_2816-T1;GlimmerHMM},{GeneMark_model.3007_t;GeneMark}

# EVM prediction: Mode:STANDARD S-ratio: 1.51 57213-58147 orient(+) score(2481.00) noncoding_equivalent(1643.75) raw_noncoding(2017.00) offset(373.26) 
57213	57452	initial+	1	3	{GlimmerHMM_glimmerT_2817-T1;GlimmerHMM},{GeneMark_model.3008_t;GeneMark}
57453	57536	INTRON			{GlimmerHMM_glimmerT_2817-T1;GlimmerHMM},{GeneMark_model.3008_t;GeneMark}
57537	57749	internal+	1	3	{GlimmerHMM_glimmerT_2817-T1;GlimmerHMM},{GeneMark_model.3008_t;GeneMark},{Augustus_model.g2333.t1;Augustus}
57750	57812	INTRON			{GlimmerHMM_glimmerT_2817-T1;GlimmerHMM},{GeneMark_model.3008_t;GeneMark},{Augustus_model.g2333.t1;Augustus}
57813	57867	internal+	1	1	{GlimmerHMM_glimmerT_2817-T1;GlimmerHMM},{GeneMark_model.3008_t;GeneMark},{Augustus_model.g2333.t1;Augustus}
57868	58001	INTRON			{GlimmerHMM_glimmerT_2817-T1;GlimmerHMM},{GeneMark_model.3008_t;GeneMark},{Augustus_model.g2333.t1;Augustus}
58002	58147	terminal+	2	3	{GlimmerHMM_glimmerT_2817-T1;GlimmerHMM},{GeneMark_model.3008_t;GeneMark},{Augustus_model.g2333.t1;Augustus}

# EVM prediction: Mode:STANDARD S-ratio: 1.46 58397-59426 orient(-) score(3090.00) noncoding_equivalent(2122.00) raw_noncoding(2680.00) offset(558.00) 
58468	58397	terminal-	4	6	{GeneMark_model.3009_t;GeneMark},{GlimmerHMM_glimmerT_2818-T1;GlimmerHMM},{Augustus_model.g2334.t1;Augustus}
58554	58469	INTRON			{GeneMark_model.3009_t;GeneMark},{GlimmerHMM_glimmerT_2818-T1;GlimmerHMM},{Augustus_model.g2334.t1;Augustus}
58880	58555	internal-	5	6	{GeneMark_model.3009_t;GeneMark},{GlimmerHMM_glimmerT_2818-T1;GlimmerHMM},{Augustus_model.g2334.t1;Augustus}
59344	58881	INTRON			{GeneMark_model.3009_t;GeneMark},{GlimmerHMM_glimmerT_2818-T1;GlimmerHMM},{Augustus_model.g2334.t1;Augustus}
59426	59345	initial-	4	4	{GeneMark_model.3009_t;GeneMark},{GlimmerHMM_glimmerT_2818-T1;GlimmerHMM},{Augustus_model.g2334.t1;Augustus}

# EVM prediction: Mode:STANDARD S-ratio: 8.60 60101-65432 orient(+) score(19460.00) noncoding_equivalent(2264.00) raw_noncoding(2458.00) offset(194.00) 
60101	60436	initial+	1	3	{GlimmerHMM_glimmerT_2819-T1;GlimmerHMM},{Augustus_model.g2335.t1;Augustus},{GeneMark_model.3010_t;GeneMark}
60437	60508	INTRON			{GlimmerHMM_glimmerT_2819-T1;GlimmerHMM},{Augustus_model.g2335.t1;Augustus},{GeneMark_model.3010_t;GeneMark}
60509	61435	internal+	1	3	{GlimmerHMM_glimmerT_2819-T1;GlimmerHMM},{Augustus_model.g2335.t1;Augustus},{GeneMark_model.3010_t;GeneMark}
61436	61503	INTRON			{GlimmerHMM_glimmerT_2819-T1;GlimmerHMM},{Augustus_model.g2335.t1;Augustus},{GeneMark_model.3010_t;GeneMark}
61504	64965	internal+	1	3	{GlimmerHMM_glimmerT_2819-T1;GlimmerHMM},{Augustus_model.g2335.t1;Augustus},{GeneMark_model.3010_t;GeneMark}
64966	65030	INTRON			{GlimmerHMM_glimmerT_2819-T1;GlimmerHMM},{Augustus_model.g2335.t1;Augustus},{GeneMark_model.3010_t;GeneMark}
65031	65432	terminal+	1	3	{GlimmerHMM_glimmerT_2819-T1;GlimmerHMM},{Augustus_model.g2335.t1;Augustus},{GeneMark_model.3010_t;GeneMark}

# EVM prediction: Mode:STANDARD S-ratio: 2.04 65902-67211 orient(-) score(4314.00) noncoding_equivalent(2119.08) raw_noncoding(2942.00) offset(822.92) 
65955	65902	terminal-	4	6	{GeneMark_model.3011_t;GeneMark},{Augustus_model.g2336.t1;Augustus},{GlimmerHMM_glimmerT_2820-T1;GlimmerHMM}
66035	65956	INTRON			{GeneMark_model.3011_t;GeneMark},{GlimmerHMM_glimmerT_2820-T1;GlimmerHMM}
66331	66036	internal-	5	6	{GeneMark_model.3011_t;GeneMark},{GlimmerHMM_glimmerT_2820-T1;GlimmerHMM}
66412	66332	INTRON			{GeneMark_model.3011_t;GeneMark},{Augustus_model.g2336.t1;Augustus},{GlimmerHMM_glimmerT_2820-T1;GlimmerHMM},{ev_type:exonerate/ID=match.2566964.2657/Target=lcl|KQ954464_1_prot_KWU47383_1_109;exonerate}
66568	66413	internal-	5	4	{GeneMark_model.3011_t;GeneMark},{Augustus_model.g2336.t1;Augustus},{GlimmerHMM_glimmerT_2820-T1;GlimmerHMM},{ev_type:exonerate/ID=match.2566964.2657/Target=lcl|KQ954464_1_prot_KWU47383_1_109;exonerate}
66630	66569	INTRON			{GeneMark_model.3011_t;GeneMark},{Augustus_model.g2336.t1;Augustus},{GlimmerHMM_glimmerT_2820-T1;GlimmerHMM},{ev_type:exonerate/ID=match.2566964.2657/Target=lcl|KQ954464_1_prot_KWU47383_1_109;exonerate}
66712	66631	internal-	4	4	{GeneMark_model.3011_t;GeneMark},{Augustus_model.g2336.t1;Augustus},{GlimmerHMM_glimmerT_2820-T1;GlimmerHMM},{ev_type:exonerate/ID=match.2566964.2657/Target=lcl|KQ954464_1_prot_KWU47383_1_109;exonerate}
66786	66713	INTRON			{GeneMark_model.3011_t;GeneMark},{Augustus_model.g2336.t1;Augustus},{GlimmerHMM_glimmerT_2820-T1;GlimmerHMM},{ev_type:exonerate/ID=match.2566964.2657/Target=lcl|KQ954464_1_prot_KWU47383_1_109;exonerate}
66881	66787	internal-	5	6	{GeneMark_model.3011_t;GeneMark},{Augustus_model.g2336.t1;Augustus},{ev_type:exonerate/ID=match.2566964.2657/Target=lcl|KQ954464_1_prot_KWU47383_1_109;exonerate}
66953	66882	INTRON			{GeneMark_model.3011_t;GeneMark},{Augustus_model.g2336.t1;Augustus},{ev_type:exonerate/ID=match.2566964.2657/Target=lcl|KQ954464_1_prot_KWU47383_1_109;exonerate}
67019	66954	internal-	5	4	{GeneMark_model.3011_t;GeneMark},{Augustus_model.g2336.t1;Augustus}
67064	67020	INTRON			{Augustus_model.g2336.t1;Augustus}
67069	67065	internal-	6	4	{Augustus_model.g2336.t1;Augustus}
67131	67070	INTRON			{Augustus_model.g2336.t1;Augustus}
67211	67132	initial-	4	5	{Augustus_model.g2336.t1;Augustus}

# EVM prediction: Mode:STANDARD S-ratio: 12.72 67594-68995 orient(+) score(6389.00) noncoding_equivalent(502.15) raw_noncoding(668.58) offset(166.43) 
67594	68313	initial+	1	3	{Augustus_model.g2337.t1;Augustus},{GlimmerHMM_glimmerT_2821-T1;GlimmerHMM},{GeneMark_model.3012_t;GeneMark}
68314	68386	INTRON			{Augustus_model.g2337.t1;Augustus},{GlimmerHMM_glimmerT_2821-T1;GlimmerHMM},{GeneMark_model.3012_t;GeneMark},{ev_type:exonerate/ID=match.2566964.2587/Target=lcl|PJQD01000035_1_prot_POY73643_1_3214;exonerate}
68387	68905	internal+	1	3	{Augustus_model.g2337.t1;Augustus},{GeneMark_model.3012_t;GeneMark}
68906	68986	INTRON			{GeneMark_model.3012_t;GeneMark}
68987	68995	terminal+	1	3	{GeneMark_model.3012_t;GeneMark}

# EVM prediction: Mode:STANDARD S-ratio: 3.39 69587-72633 orient(+) score(10154.00) noncoding_equivalent(2995.67) raw_noncoding(3615.29) offset(619.62) 
69587	70072	initial+	1	3	{GeneMark_model.3013_t;GeneMark}
70073	70183	INTRON			{Augustus_model.g2337.t1;Augustus},{GlimmerHMM_glimmerT_2821-T1;GlimmerHMM},{GeneMark_model.3013_t;GeneMark}
70184	70561	internal+	1	3	{Augustus_model.g2337.t1;Augustus},{GlimmerHMM_glimmerT_2821-T1;GlimmerHMM},{GeneMark_model.3013_t;GeneMark}
70562	70636	INTRON			{Augustus_model.g2337.t1;Augustus},{GlimmerHMM_glimmerT_2821-T1;GlimmerHMM},{GeneMark_model.3013_t;GeneMark}
70637	70686	internal+	1	2	{Augustus_model.g2337.t1;Augustus},{GlimmerHMM_glimmerT_2821-T1;GlimmerHMM},{GeneMark_model.3013_t;GeneMark}
70687	70764	INTRON			{Augustus_model.g2337.t1;Augustus},{GlimmerHMM_glimmerT_2821-T1;GlimmerHMM},{GeneMark_model.3013_t;GeneMark}
70765	70829	internal+	3	1	{Augustus_model.g2337.t1;Augustus},{GlimmerHMM_glimmerT_2821-T1;GlimmerHMM},{GeneMark_model.3013_t;GeneMark}
70830	70926	INTRON			{Augustus_model.g2337.t1;Augustus},{GlimmerHMM_glimmerT_2821-T1;GlimmerHMM},{GeneMark_model.3013_t;GeneMark}
70927	71099	internal+	2	3	{Augustus_model.g2337.t1;Augustus},{GlimmerHMM_glimmerT_2821-T1;GlimmerHMM},{GeneMark_model.3013_t;GeneMark}
71100	71174	INTRON			{Augustus_model.g2337.t1;Augustus},{GeneMark_model.3013_t;GeneMark}
71175	71220	internal+	1	1	{Augustus_model.g2337.t1;Augustus},{GeneMark_model.3013_t;GeneMark}
71221	71286	INTRON			{Augustus_model.g2337.t1;Augustus},{GeneMark_model.3013_t;GeneMark}
71287	71538	internal+	2	1	{Augustus_model.g2337.t1;Augustus},{GeneMark_model.3013_t;GeneMark}
71539	71608	INTRON			{Augustus_model.g2337.t1;Augustus},{GlimmerHMM_glimmerT_2821-T1;GlimmerHMM},{GeneMark_model.3013_t;GeneMark}
71609	71863	internal+	2	1	{Augustus_model.g2337.t1;Augustus},{GlimmerHMM_glimmerT_2821-T1;GlimmerHMM},{GeneMark_model.3013_t;GeneMark}
71864	71929	INTRON			{Augustus_model.g2337.t1;Augustus},{GlimmerHMM_glimmerT_2821-T1;GlimmerHMM},{GeneMark_model.3013_t;GeneMark}
71930	72633	terminal+	2	3	{Augustus_model.g2337.t1;Augustus},{GlimmerHMM_glimmerT_2821-T1;GlimmerHMM},{GeneMark_model.3013_t;GeneMark}

# EVM prediction: Mode:STANDARD S-ratio: 3.97 72822-76441 orient(-) score(12153.00) noncoding_equivalent(3064.21) raw_noncoding(3455.00) offset(390.79) 
73002	72822	terminal-	6	6	{GeneMark_model.3014_t;GeneMark},{GlimmerHMM_glimmerT_2822-T1;GlimmerHMM},{Augustus_model.g2338.t1;Augustus}
73063	73003	INTRON			{GeneMark_model.3014_t;GeneMark},{GlimmerHMM_glimmerT_2822-T1;GlimmerHMM},{Augustus_model.g2338.t1;Augustus}
73136	73064	internal-	5	5	{GeneMark_model.3014_t;GeneMark},{GlimmerHMM_glimmerT_2822-T1;GlimmerHMM},{Augustus_model.g2338.t1;Augustus}
73200	73137	INTRON			{GeneMark_model.3014_t;GeneMark},{GlimmerHMM_glimmerT_2822-T1;GlimmerHMM},{Augustus_model.g2338.t1;Augustus}
73296	73201	internal-	5	4	{GeneMark_model.3014_t;GeneMark},{GlimmerHMM_glimmerT_2822-T1;GlimmerHMM},{Augustus_model.g2338.t1;Augustus}
73363	73297	INTRON			{GeneMark_model.3014_t;GeneMark},{GlimmerHMM_glimmerT_2822-T1;GlimmerHMM},{Augustus_model.g2338.t1;Augustus}
73611	73364	internal-	6	4	{GeneMark_model.3014_t;GeneMark},{GlimmerHMM_glimmerT_2822-T1;GlimmerHMM},{Augustus_model.g2338.t1;Augustus}
73674	73612	INTRON			{GeneMark_model.3014_t;GeneMark},{GlimmerHMM_glimmerT_2822-T1;GlimmerHMM},{Augustus_model.g2338.t1;Augustus}
74842	73675	internal-	5	5	{GeneMark_model.3014_t;GeneMark},{GlimmerHMM_glimmerT_2822-T1;GlimmerHMM}
74905	74843	INTRON			{GeneMark_model.3014_t;GeneMark},{GlimmerHMM_glimmerT_2822-T1;GlimmerHMM},{Augustus_model.g2338.t1;Augustus}
75009	74906	internal-	6	4	{GeneMark_model.3014_t;GeneMark},{Augustus_model.g2338.t1;Augustus}
75071	75010	INTRON			{GeneMark_model.3014_t;GeneMark},{Augustus_model.g2338.t1;Augustus}
75249	75072	internal-	5	5	{GeneMark_model.3014_t;GeneMark},{Augustus_model.g2338.t1;Augustus}
75315	75250	INTRON			{GeneMark_model.3014_t;GeneMark},{GlimmerHMM_glimmerT_2822-T1;GlimmerHMM},{Augustus_model.g2338.t1;Augustus}
76441	75316	initial-	4	4	{GeneMark_model.3014_t;GeneMark},{GlimmerHMM_glimmerT_2822-T1;GlimmerHMM},{Augustus_model.g2338.t1;Augustus}

# EVM prediction: Mode:STANDARD S-ratio: 2.78 76751-81639 orient(+) score(15642.00) noncoding_equivalent(5618.08) raw_noncoding(7205.00) offset(1586.92) 
76751	76762	initial+	1	3	{GeneMark_model.3015_t;GeneMark},{Augustus_model.g2339.t1;Augustus},{GlimmerHMM_glimmerT_2823-T1;GlimmerHMM}
76763	76823	INTRON			{GeneMark_model.3015_t;GeneMark},{Augustus_model.g2339.t1;Augustus}
76824	76832	internal+	1	3	{GeneMark_model.3015_t;GeneMark},{Augustus_model.g2339.t1;Augustus}
76833	76972	INTRON			{GeneMark_model.3015_t;GeneMark},{Augustus_model.g2339.t1;Augustus}
76973	77022	internal+	1	2	{GeneMark_model.3015_t;GeneMark},{Augustus_model.g2339.t1;Augustus},{GlimmerHMM_glimmerT_2823-T1;GlimmerHMM}
77023	77097	INTRON			{GeneMark_model.3015_t;GeneMark},{Augustus_model.g2339.t1;Augustus},{GlimmerHMM_glimmerT_2823-T1;GlimmerHMM}
77098	77309	internal+	3	1	{GeneMark_model.3015_t;GeneMark},{Augustus_model.g2339.t1;Augustus},{GlimmerHMM_glimmerT_2823-T1;GlimmerHMM}
77310	77379	INTRON			{GeneMark_model.3015_t;GeneMark},{Augustus_model.g2339.t1;Augustus},{GlimmerHMM_glimmerT_2823-T1;GlimmerHMM}
77380	77534	internal+	2	3	{GeneMark_model.3015_t;GeneMark},{Augustus_model.g2339.t1;Augustus},{GlimmerHMM_glimmerT_2823-T1;GlimmerHMM}
77535	77603	INTRON			{GeneMark_model.3015_t;GeneMark},{Augustus_model.g2339.t1;Augustus},{GlimmerHMM_glimmerT_2823-T1;GlimmerHMM}
77604	77721	internal+	1	1	{GeneMark_model.3015_t;GeneMark},{Augustus_model.g2339.t1;Augustus},{GlimmerHMM_glimmerT_2823-T1;GlimmerHMM}
77722	77782	INTRON			{GeneMark_model.3015_t;GeneMark},{Augustus_model.g2339.t1;Augustus},{GlimmerHMM_glimmerT_2823-T1;GlimmerHMM}
77783	77877	internal+	2	3	{GeneMark_model.3015_t;GeneMark},{Augustus_model.g2339.t1;Augustus},{GlimmerHMM_glimmerT_2823-T1;GlimmerHMM}
77878	77936	INTRON			{GeneMark_model.3015_t;GeneMark},{Augustus_model.g2339.t1;Augustus},{GlimmerHMM_glimmerT_2823-T1;GlimmerHMM}
77937	78098	internal+	1	3	{GeneMark_model.3015_t;GeneMark},{Augustus_model.g2339.t1;Augustus},{GlimmerHMM_glimmerT_2823-T1;GlimmerHMM}
78099	78195	INTRON			{GlimmerHMM_glimmerT_2823-T1;GlimmerHMM}
78196	78773	internal+	1	2	{GlimmerHMM_glimmerT_2823-T1;GlimmerHMM}
78774	78836	INTRON			{GeneMark_model.3015_t;GeneMark},{Augustus_model.g2339.t1;Augustus},{GlimmerHMM_glimmerT_2823-T1;GlimmerHMM}
78837	79073	internal+	3	2	{GeneMark_model.3015_t;GeneMark},{Augustus_model.g2339.t1;Augustus},{GlimmerHMM_glimmerT_2823-T1;GlimmerHMM}
79074	79137	INTRON			{GeneMark_model.3015_t;GeneMark},{Augustus_model.g2339.t1;Augustus},{GlimmerHMM_glimmerT_2823-T1;GlimmerHMM}
79138	79290	internal+	3	2	{GeneMark_model.3015_t;GeneMark},{Augustus_model.g2339.t1;Augustus},{GlimmerHMM_glimmerT_2823-T1;GlimmerHMM}
79291	79349	INTRON			{GeneMark_model.3015_t;GeneMark},{Augustus_model.g2339.t1;Augustus},{GlimmerHMM_glimmerT_2823-T1;GlimmerHMM}
79350	79986	internal+	3	3	{GeneMark_model.3015_t;GeneMark},{Augustus_model.g2339.t1;Augustus},{GlimmerHMM_glimmerT_2823-T1;GlimmerHMM}
79987	80058	INTRON			{GeneMark_model.3015_t;GeneMark},{Augustus_model.g2339.t1;Augustus},{GlimmerHMM_glimmerT_2823-T1;GlimmerHMM}
80059	80266	internal+	1	1	{GeneMark_model.3015_t;GeneMark},{Augustus_model.g2339.t1;Augustus},{GlimmerHMM_glimmerT_2823-T1;GlimmerHMM}
80267	80328	INTRON			{GeneMark_model.3015_t;GeneMark},{Augustus_model.g2339.t1;Augustus},{GlimmerHMM_glimmerT_2823-T1;GlimmerHMM}
80329	80573	internal+	2	3	{GeneMark_model.3015_t;GeneMark},{Augustus_model.g2339.t1;Augustus},{GlimmerHMM_glimmerT_2823-T1;GlimmerHMM}
80574	80636	INTRON			{GeneMark_model.3015_t;GeneMark},{Augustus_model.g2339.t1;Augustus},{GlimmerHMM_glimmerT_2823-T1;GlimmerHMM}
80637	81096	internal+	1	1	{GeneMark_model.3015_t;GeneMark},{Augustus_model.g2339.t1;Augustus},{GlimmerHMM_glimmerT_2823-T1;GlimmerHMM}
81097	81160	INTRON			{GeneMark_model.3015_t;GeneMark},{Augustus_model.g2339.t1;Augustus},{GlimmerHMM_glimmerT_2823-T1;GlimmerHMM}
81161	81253	internal+	2	1	{GeneMark_model.3015_t;GeneMark},{Augustus_model.g2339.t1;Augustus},{GlimmerHMM_glimmerT_2823-T1;GlimmerHMM}
81254	81317	INTRON			{GeneMark_model.3015_t;GeneMark},{Augustus_model.g2339.t1;Augustus},{GlimmerHMM_glimmerT_2823-T1;GlimmerHMM}
81318	81446	internal+	2	1	{GeneMark_model.3015_t;GeneMark},{Augustus_model.g2339.t1;Augustus},{GlimmerHMM_glimmerT_2823-T1;GlimmerHMM}
81447	81508	INTRON			{GeneMark_model.3015_t;GeneMark},{Augustus_model.g2339.t1;Augustus},{GlimmerHMM_glimmerT_2823-T1;GlimmerHMM}
81509	81537	internal+	2	3	{GeneMark_model.3015_t;GeneMark},{Augustus_model.g2339.t1;Augustus},{GlimmerHMM_glimmerT_2823-T1;GlimmerHMM}
81538	81612	INTRON			{GeneMark_model.3015_t;GeneMark},{Augustus_model.g2339.t1;Augustus},{GlimmerHMM_glimmerT_2823-T1;GlimmerHMM}
81613	81639	terminal+	1	3	{GeneMark_model.3015_t;GeneMark},{Augustus_model.g2339.t1;Augustus},{GlimmerHMM_glimmerT_2823-T1;GlimmerHMM}

# EVM prediction: Mode:STANDARD S-ratio: 2.26 82276-82766 orient(+) score(1473.00) noncoding_equivalent(653.00) raw_noncoding(740.00) offset(87.00) 
82276	82402	initial+	1	1	{GeneMark_model.3016_t;GeneMark},{Augustus_model.g2340.t1;Augustus},{GlimmerHMM_glimmerT_2824-T1;GlimmerHMM}
82403	82485	INTRON			{GeneMark_model.3016_t;GeneMark},{Augustus_model.g2340.t1;Augustus},{GlimmerHMM_glimmerT_2824-T1;GlimmerHMM}
82486	82766	terminal+	2	3	{GeneMark_model.3016_t;GeneMark},{Augustus_model.g2340.t1;Augustus},{GlimmerHMM_glimmerT_2824-T1;GlimmerHMM}

# EVM prediction: Mode:STANDARD S-ratio: 11.69 83118-86543 orient(+) score(12853.00) noncoding_equivalent(1099.45) raw_noncoding(1190.88) offset(91.43) 
83118	83958	initial+	1	1	{Augustus_model.g2341.t1;Augustus},{GeneMark_model.3017_t;GeneMark},{GlimmerHMM_glimmerT_2825-T1;GlimmerHMM}
83959	84023	INTRON			{Augustus_model.g2341.t1;Augustus},{GeneMark_model.3017_t;GeneMark},{GlimmerHMM_glimmerT_2825-T1;GlimmerHMM}
84024	84416	internal+	2	1	{Augustus_model.g2341.t1;Augustus},{GeneMark_model.3017_t;GeneMark},{GlimmerHMM_glimmerT_2825-T1;GlimmerHMM}
84417	84480	INTRON			{Augustus_model.g2341.t1;Augustus},{GeneMark_model.3017_t;GeneMark},{GlimmerHMM_glimmerT_2825-T1;GlimmerHMM}
84481	86543	terminal+	2	3	{GeneMark_model.3017_t;GeneMark},{GlimmerHMM_glimmerT_2825-T1;GlimmerHMM}

# EVM prediction: Mode:STANDARD S-ratio: 1.79 87294-88013 orient(+) score(1944.00) noncoding_equivalent(1086.19) raw_noncoding(1566.00) offset(479.81) 
87294	87351	initial+	1	1	{GlimmerHMM_glimmerT_2826-T1;GlimmerHMM},{GeneMark_model.3018_t;GeneMark}
87352	87429	INTRON			{Augustus_model.g2341.t1;Augustus},{GlimmerHMM_glimmerT_2826-T1;GlimmerHMM},{GeneMark_model.3018_t;GeneMark}
87430	87686	internal+	2	3	{Augustus_model.g2341.t1;Augustus},{GeneMark_model.3018_t;GeneMark}
87687	87803	INTRON			{Augustus_model.g2341.t1;Augustus},{GeneMark_model.3018_t;GeneMark}
87804	87816	internal+	1	1	{Augustus_model.g2341.t1;Augustus},{GeneMark_model.3018_t;GeneMark}
87817	87897	INTRON			{Augustus_model.g2341.t1;Augustus},{GeneMark_model.3018_t;GeneMark}
87898	88013	terminal+	2	3	{Augustus_model.g2341.t1;Augustus},{GlimmerHMM_glimmerT_2826-T1;GlimmerHMM},{GeneMark_model.3018_t;GeneMark}

# EVM prediction: Mode:STANDARD S-ratio: 4.03 88141-89212 orient(-) score(6837.00) noncoding_equivalent(1696.72) raw_noncoding(2029.00) offset(332.28) 
88205	88141	terminal-	5	6	{GlimmerHMM_glimmerT_2827-T1;GlimmerHMM},{GeneMark_model.3019_t;GeneMark},{HiQ_model.g2342.t1;HiQ}
88282	88206	INTRON			{GlimmerHMM_glimmerT_2827-T1;GlimmerHMM},{GeneMark_model.3019_t;GeneMark},{HiQ_model.g2342.t1;HiQ},{ev_type:exonerate/ID=match.2566964.2651/Target=lcl|KQ954464_1_prot_KWU47375_1_101;exonerate},{ev_type:exonerate/ID=match.2566964.2646/Target=lcl|PJQD01000035_1_prot_POY73637_1_3208;exonerate}
88411	88283	internal-	5	4	{GlimmerHMM_glimmerT_2827-T1;GlimmerHMM},{GeneMark_model.3019_t;GeneMark},{HiQ_model.g2342.t1;HiQ},{ev_type:exonerate/ID=match.2566964.2651/Target=lcl|KQ954464_1_prot_KWU47375_1_101;exonerate},{ev_type:exonerate/ID=match.2566964.2646/Target=lcl|PJQD01000035_1_prot_POY73637_1_3208;exonerate}
88478	88412	INTRON			{GlimmerHMM_glimmerT_2827-T1;GlimmerHMM},{GeneMark_model.3019_t;GeneMark},{HiQ_model.g2342.t1;HiQ},{ev_type:exonerate/ID=match.2566964.2651/Target=lcl|KQ954464_1_prot_KWU47375_1_101;exonerate},{ev_type:exonerate/ID=match.2566964.2646/Target=lcl|PJQD01000035_1_prot_POY73637_1_3208;exonerate}
88920	88479	internal-	4	4	{GlimmerHMM_glimmerT_2827-T1;GlimmerHMM},{GeneMark_model.3019_t;GeneMark},{HiQ_model.g2342.t1;HiQ},{ev_type:exonerate/ID=match.2566964.2651/Target=lcl|KQ954464_1_prot_KWU47375_1_101;exonerate},{ev_type:exonerate/ID=match.2566964.2646/Target=lcl|PJQD01000035_1_prot_POY73637_1_3208;exonerate}
88981	88921	INTRON			{GlimmerHMM_glimmerT_2827-T1;GlimmerHMM},{GeneMark_model.3019_t;GeneMark},{HiQ_model.g2342.t1;HiQ},{ev_type:exonerate/ID=match.2566964.2651/Target=lcl|KQ954464_1_prot_KWU47375_1_101;exonerate},{ev_type:exonerate/ID=match.2566964.2646/Target=lcl|PJQD01000035_1_prot_POY73637_1_3208;exonerate}
89212	88982	initial-	4	6	{GlimmerHMM_glimmerT_2827-T1;GlimmerHMM},{GeneMark_model.3019_t;GeneMark},{HiQ_model.g2342.t1;HiQ}

# EVM prediction: Mode:STANDARD S-ratio: 3.99 89551-90312 orient(-) score(4866.00) noncoding_equivalent(1219.70) raw_noncoding(1647.00) offset(427.30) 
89849	89551	terminal-	5	6	{GeneMark_model.3020_t;GeneMark},{HiQ_model.g2343.t1;HiQ},{GlimmerHMM_glimmerT_2828-T1;GlimmerHMM},{snap_scaffold_6-snap.395-T1;snap}
89923	89850	INTRON			{GeneMark_model.3020_t;GeneMark},{HiQ_model.g2343.t1;HiQ},{GlimmerHMM_glimmerT_2828-T1;GlimmerHMM},{ev_type:exonerate/ID=match.2566964.2651/Target=lcl|KQ954464_1_prot_KWU47375_1_101;exonerate},{ev_type:exonerate/ID=match.2566964.2688/Target=lcl|PJQD01000035_1_prot_POY73636_1_3207;exonerate}
90135	89924	internal-	6	4	{GeneMark_model.3020_t;GeneMark},{HiQ_model.g2343.t1;HiQ},{GlimmerHMM_glimmerT_2828-T1;GlimmerHMM},{ev_type:exonerate/ID=match.2566964.2651/Target=lcl|KQ954464_1_prot_KWU47375_1_101;exonerate},{ev_type:exonerate/ID=match.2566964.2688/Target=lcl|PJQD01000035_1_prot_POY73636_1_3207;exonerate}
90274	90136	INTRON			{GeneMark_model.3020_t;GeneMark},{HiQ_model.g2343.t1;HiQ},{GlimmerHMM_glimmerT_2828-T1;GlimmerHMM},{ev_type:exonerate/ID=match.2566964.2651/Target=lcl|KQ954464_1_prot_KWU47375_1_101;exonerate},{ev_type:exonerate/ID=match.2566964.2688/Target=lcl|PJQD01000035_1_prot_POY73636_1_3207;exonerate}
90312	90275	initial-	4	5	{GeneMark_model.3020_t;GeneMark},{HiQ_model.g2343.t1;HiQ},{GlimmerHMM_glimmerT_2828-T1;GlimmerHMM}

# EVM prediction: Mode:STANDARD S-ratio: 1.86 93011-97031 orient(-) score(10982.00) noncoding_equivalent(5903.15) raw_noncoding(6551.31) offset(648.16) 
93282	93011	terminal-	5	6	{GlimmerHMM_glimmerT_2829-T1;GlimmerHMM}
93360	93283	INTRON			{Augustus_model.g2345.t1;Augustus},{GlimmerHMM_glimmerT_2829-T1;GlimmerHMM},{GeneMark_model.3021_t;GeneMark}
93418	93361	internal-	4	4	{Augustus_model.g2345.t1;Augustus},{GlimmerHMM_glimmerT_2829-T1;GlimmerHMM},{GeneMark_model.3021_t;GeneMark}
93483	93419	INTRON			{Augustus_model.g2345.t1;Augustus},{GlimmerHMM_glimmerT_2829-T1;GlimmerHMM},{GeneMark_model.3021_t;GeneMark}
93605	93484	internal-	5	6	{Augustus_model.g2345.t1;Augustus},{GlimmerHMM_glimmerT_2829-T1;GlimmerHMM},{GeneMark_model.3021_t;GeneMark}
93670	93606	INTRON			{Augustus_model.g2345.t1;Augustus},{GeneMark_model.3021_t;GeneMark}
93733	93671	internal-	5	4	{Augustus_model.g2345.t1;Augustus},{GeneMark_model.3021_t;GeneMark}
93805	93734	INTRON			{Augustus_model.g2345.t1;Augustus},{GlimmerHMM_glimmerT_2829-T1;GlimmerHMM},{GeneMark_model.3021_t;GeneMark}
93903	93806	internal-	6	4	{Augustus_model.g2345.t1;Augustus},{GeneMark_model.3021_t;GeneMark}
93966	93904	INTRON			{GeneMark_model.3021_t;GeneMark}
94211	93967	internal-	4	5	{GlimmerHMM_glimmerT_2829-T1;GlimmerHMM},{GeneMark_model.3021_t;GeneMark}
94274	94212	INTRON			{Augustus_model.g2345.t1;Augustus},{GlimmerHMM_glimmerT_2829-T1;GlimmerHMM},{GeneMark_model.3021_t;GeneMark}
94485	94275	internal-	6	6	{Augustus_model.g2345.t1;Augustus},{GlimmerHMM_glimmerT_2829-T1;GlimmerHMM},{GeneMark_model.3021_t;GeneMark}
94551	94486	INTRON			{Augustus_model.g2345.t1;Augustus},{GlimmerHMM_glimmerT_2829-T1;GlimmerHMM},{snap_scaffold_6-snap.396-T1;snap},{GeneMark_model.3021_t;GeneMark}
95423	94552	internal-	4	5	{Augustus_model.g2345.t1;Augustus},{GeneMark_model.3021_t;GeneMark}
95486	95424	INTRON			{Augustus_model.g2345.t1;Augustus},{GeneMark_model.3021_t;GeneMark}
96631	95487	internal-	5	6	{GeneMark_model.3021_t;GeneMark}
96700	96632	INTRON			{Augustus_model.g2345.t1;Augustus},{GlimmerHMM_glimmerT_2829-T1;GlimmerHMM},{GeneMark_model.3021_t;GeneMark}
97031	96701	initial-	4	4	{GlimmerHMM_glimmerT_2829-T1;GlimmerHMM},{GeneMark_model.3021_t;GeneMark}

# EVM prediction: Mode:STANDARD S-ratio: 3.51 97747-101067 orient(-) score(15783.00) noncoding_equivalent(4493.07) raw_noncoding(6000.27) offset(1507.20) 
97752	97747	terminal-	4	6	{GeneMark_model.3022_t;GeneMark}
97874	97753	INTRON			{GeneMark_model.3022_t;GeneMark}
97976	97875	internal-	4	6	{Augustus_model.g2345.t1;Augustus},{GeneMark_model.3022_t;GeneMark}
98120	97977	INTRON			{Augustus_model.g2345.t1;Augustus},{GeneMark_model.3022_t;GeneMark},{ev_type:exonerate/ID=match.2566964.2543/Target=lcl|PJQD01000009_1_prot_POY75904_1_6620;exonerate},{ev_type:exonerate/ID=match.2566964.2545/Target=lcl|KQ954478_1_prot_KWU44558_1_3082;exonerate}
98240	98121	internal-	4	6	{Augustus_model.g2345.t1;Augustus},{GeneMark_model.3022_t;GeneMark},{ev_type:exonerate/ID=match.2566964.2543/Target=lcl|PJQD01000009_1_prot_POY75904_1_6620;exonerate},{ev_type:exonerate/ID=match.2566964.2545/Target=lcl|KQ954478_1_prot_KWU44558_1_3082;exonerate}
98341	98241	INTRON			{Augustus_model.g2345.t1;Augustus},{GeneMark_model.3022_t;GeneMark},{ev_type:exonerate/ID=match.2566964.2543/Target=lcl|PJQD01000009_1_prot_POY75904_1_6620;exonerate},{ev_type:exonerate/ID=match.2566964.2545/Target=lcl|KQ954478_1_prot_KWU44558_1_3082;exonerate}
98469	98342	internal-	5	6	{Augustus_model.g2345.t1;Augustus},{GeneMark_model.3022_t;GeneMark},{ev_type:exonerate/ID=match.2566964.2543/Target=lcl|PJQD01000009_1_prot_POY75904_1_6620;exonerate},{ev_type:exonerate/ID=match.2566964.2545/Target=lcl|KQ954478_1_prot_KWU44558_1_3082;exonerate}
98531	98470	INTRON			{Augustus_model.g2345.t1;Augustus},{GeneMark_model.3022_t;GeneMark},{ev_type:exonerate/ID=match.2566964.2543/Target=lcl|PJQD01000009_1_prot_POY75904_1_6620;exonerate},{ev_type:exonerate/ID=match.2566964.2545/Target=lcl|KQ954478_1_prot_KWU44558_1_3082;exonerate}
98554	98532	internal-	6	4	{Augustus_model.g2345.t1;Augustus},{GeneMark_model.3022_t;GeneMark},{ev_type:exonerate/ID=match.2566964.2543/Target=lcl|PJQD01000009_1_prot_POY75904_1_6620;exonerate},{ev_type:exonerate/ID=match.2566964.2545/Target=lcl|KQ954478_1_prot_KWU44558_1_3082;exonerate}
98625	98555	INTRON			{Augustus_model.g2345.t1;Augustus},{GeneMark_model.3022_t;GeneMark},{ev_type:exonerate/ID=match.2566964.2543/Target=lcl|PJQD01000009_1_prot_POY75904_1_6620;exonerate},{ev_type:exonerate/ID=match.2566964.2545/Target=lcl|KQ954478_1_prot_KWU44558_1_3082;exonerate}
98878	98626	internal-	5	5	{Augustus_model.g2345.t1;Augustus},{GeneMark_model.3022_t;GeneMark},{ev_type:exonerate/ID=match.2566964.2543/Target=lcl|PJQD01000009_1_prot_POY75904_1_6620;exonerate},{ev_type:exonerate/ID=match.2566964.2545/Target=lcl|KQ954478_1_prot_KWU44558_1_3082;exonerate}
98941	98879	INTRON			{Augustus_model.g2345.t1;Augustus},{GlimmerHMM_glimmerT_2830-T1;GlimmerHMM},{GeneMark_model.3022_t;GeneMark},{ev_type:exonerate/ID=match.2566964.2543/Target=lcl|PJQD01000009_1_prot_POY75904_1_6620;exonerate},{ev_type:exonerate/ID=match.2566964.2545/Target=lcl|KQ954478_1_prot_KWU44558_1_3082;exonerate}
99240	98942	internal-	6	4	{Augustus_model.g2345.t1;Augustus},{GlimmerHMM_glimmerT_2830-T1;GlimmerHMM},{GeneMark_model.3022_t;GeneMark},{ev_type:exonerate/ID=match.2566964.2543/Target=lcl|PJQD01000009_1_prot_POY75904_1_6620;exonerate},{ev_type:exonerate/ID=match.2566964.2545/Target=lcl|KQ954478_1_prot_KWU44558_1_3082;exonerate}
99304	99241	INTRON			{Augustus_model.g2345.t1;Augustus},{GlimmerHMM_glimmerT_2830-T1;GlimmerHMM},{GeneMark_model.3022_t;GeneMark},{ev_type:exonerate/ID=match.2566964.2543/Target=lcl|PJQD01000009_1_prot_POY75904_1_6620;exonerate},{ev_type:exonerate/ID=match.2566964.2545/Target=lcl|KQ954478_1_prot_KWU44558_1_3082;exonerate}
99665	99305	internal-	5	5	{Augustus_model.g2345.t1;Augustus},{GlimmerHMM_glimmerT_2830-T1;GlimmerHMM},{GeneMark_model.3022_t;GeneMark},{ev_type:exonerate/ID=match.2566964.2543/Target=lcl|PJQD01000009_1_prot_POY75904_1_6620;exonerate},{ev_type:exonerate/ID=match.2566964.2545/Target=lcl|KQ954478_1_prot_KWU44558_1_3082;exonerate}
99728	99666	INTRON			{Augustus_model.g2345.t1;Augustus},{GlimmerHMM_glimmerT_2830-T1;GlimmerHMM},{GeneMark_model.3022_t;GeneMark},{ev_type:exonerate/ID=match.2566964.2543/Target=lcl|PJQD01000009_1_prot_POY75904_1_6620;exonerate},{ev_type:exonerate/ID=match.2566964.2545/Target=lcl|KQ954478_1_prot_KWU44558_1_3082;exonerate}
99856	99729	internal-	6	4	{Augustus_model.g2345.t1;Augustus},{GlimmerHMM_glimmerT_2830-T1;GlimmerHMM},{GeneMark_model.3022_t;GeneMark},{ev_type:exonerate/ID=match.2566964.2543/Target=lcl|PJQD01000009_1_prot_POY75904_1_6620;exonerate},{ev_type:exonerate/ID=match.2566964.2545/Target=lcl|KQ954478_1_prot_KWU44558_1_3082;exonerate}
99920	99857	INTRON			{Augustus_model.g2345.t1;Augustus},{GlimmerHMM_glimmerT_2830-T1;GlimmerHMM},{GeneMark_model.3022_t;GeneMark},{ev_type:exonerate/ID=match.2566964.2543/Target=lcl|PJQD01000009_1_prot_POY75904_1_6620;exonerate},{ev_type:exonerate/ID=match.2566964.2545/Target=lcl|KQ954478_1_prot_KWU44558_1_3082;exonerate}
100000	99921	internal-	4	5	{Augustus_model.g2345.t1;Augustus},{GlimmerHMM_glimmerT_2830-T1;GlimmerHMM},{GeneMark_model.3022_t;GeneMark},{ev_type:exonerate/ID=match.2566964.2543/Target=lcl|PJQD01000009_1_prot_POY75904_1_6620;exonerate},{ev_type:exonerate/ID=match.2566964.2545/Target=lcl|KQ954478_1_prot_KWU44558_1_3082;exonerate}
100072	100001	INTRON			{Augustus_model.g2345.t1;Augustus},{GlimmerHMM_glimmerT_2830-T1;GlimmerHMM},{GeneMark_model.3022_t;GeneMark},{ev_type:exonerate/ID=match.2566964.2543/Target=lcl|PJQD01000009_1_prot_POY75904_1_6620;exonerate},{ev_type:exonerate/ID=match.2566964.2545/Target=lcl|KQ954478_1_prot_KWU44558_1_3082;exonerate}
100319	100073	internal-	6	6	{Augustus_model.g2345.t1;Augustus},{GlimmerHMM_glimmerT_2830-T1;GlimmerHMM},{GeneMark_model.3022_t;GeneMark},{ev_type:exonerate/ID=match.2566964.2543/Target=lcl|PJQD01000009_1_prot_POY75904_1_6620;exonerate},{ev_type:exonerate/ID=match.2566964.2545/Target=lcl|KQ954478_1_prot_KWU44558_1_3082;exonerate}
100378	100320	INTRON			{Augustus_model.g2345.t1;Augustus},{GlimmerHMM_glimmerT_2830-T1;GlimmerHMM},{GeneMark_model.3022_t;GeneMark},{ev_type:exonerate/ID=match.2566964.2543/Target=lcl|PJQD01000009_1_prot_POY75904_1_6620;exonerate},{ev_type:exonerate/ID=match.2566964.2545/Target=lcl|KQ954478_1_prot_KWU44558_1_3082;exonerate}
100743	100379	internal-	4	5	{Augustus_model.g2345.t1;Augustus},{GlimmerHMM_glimmerT_2830-T1;GlimmerHMM},{GeneMark_model.3022_t;GeneMark},{ev_type:exonerate/ID=match.2566964.2543/Target=lcl|PJQD01000009_1_prot_POY75904_1_6620;exonerate},{ev_type:exonerate/ID=match.2566964.2545/Target=lcl|KQ954478_1_prot_KWU44558_1_3082;exonerate}
100815	100744	INTRON			{Augustus_model.g2345.t1;Augustus},{GlimmerHMM_glimmerT_2830-T1;GlimmerHMM},{GeneMark_model.3022_t;GeneMark},{ev_type:exonerate/ID=match.2566964.2543/Target=lcl|PJQD01000009_1_prot_POY75904_1_6620;exonerate},{ev_type:exonerate/ID=match.2566964.2545/Target=lcl|KQ954478_1_prot_KWU44558_1_3082;exonerate}
101067	100816	initial-	4	6	{Augustus_model.g2345.t1;Augustus},{GlimmerHMM_glimmerT_2830-T1;GlimmerHMM},{GeneMark_model.3022_t;GeneMark}

