!! Predictions spanning range 1993 - 96701 [R1]
# EVM prediction: Mode:STANDARD S-ratio: 8.15 1993-3017 orient(+) score(3879.00) noncoding_equivalent(475.72) raw_noncoding(556.51) offset(80.79) 
1993	2077	initial+	1	1	{GlimmerHMM_glimmerT_1837-T1;GlimmerHMM},{Augustus_model.g1523.t1;Augustus},{GeneMark_model.1983_t;GeneMark}
2078	2146	INTRON			{GlimmerHMM_glimmerT_1837-T1;GlimmerHMM},{Augustus_model.g1523.t1;Augustus},{GeneMark_model.1983_t;GeneMark}
2147	2836	internal+	2	1	{GlimmerHMM_glimmerT_1837-T1;GlimmerHMM},{Augustus_model.g1523.t1;Augustus},{GeneMark_model.1983_t;GeneMark}
2837	2901	INTRON			{GlimmerHMM_glimmerT_1837-T1;GlimmerHMM},{Augustus_model.g1523.t1;Augustus},{GeneMark_model.1983_t;GeneMark}
2902	3017	terminal+	2	3	{GlimmerHMM_glimmerT_1837-T1;GlimmerHMM},{Augustus_model.g1523.t1;Augustus},{GeneMark_model.1983_t;GeneMark}

# EVM prediction: Mode:STANDARD S-ratio: 5.70 3475-9542 orient(-) score(51178.00) noncoding_equivalent(8983.57) raw_noncoding(10361.00) offset(1377.43) 
3531	3475	terminal-	4	6	{GlimmerHMM_glimmerT_1838-T1;GlimmerHMM},{GeneMark_model.1984_t;GeneMark},{HiQ_model.g1524.t1;HiQ}
3594	3532	INTRON			{GlimmerHMM_glimmerT_1838-T1;GlimmerHMM},{GeneMark_model.1984_t;GeneMark},{HiQ_model.g1524.t1;HiQ},{ev_type:exonerate/ID=match.2566964.1748/Target=lcl|KQ954470_1_prot_KWU45708_1_1868;exonerate},{ev_type:exonerate/ID=match.2566964.1750/Target=lcl|LCTV02000008_1_prot_PRQ73231_1_7616;exonerate},{ev_type:exonerate/ID=match.2566964.1746/Target=lcl|PJQD01000097_1_prot_POY70727_1_6859;exonerate},{ev_type:exonerate/ID=match.2566964.1749/Target=lcl|BJWK01000007_1_prot_GEM09235_1_3252;exonerate}
3778	3595	internal-	6	6	{GlimmerHMM_glimmerT_1838-T1;GlimmerHMM},{GeneMark_model.1984_t;GeneMark},{HiQ_model.g1524.t1;HiQ},{ev_type:exonerate/ID=match.2566964.1748/Target=lcl|KQ954470_1_prot_KWU45708_1_1868;exonerate},{ev_type:exonerate/ID=match.2566964.1750/Target=lcl|LCTV02000008_1_prot_PRQ73231_1_7616;exonerate},{ev_type:exonerate/ID=match.2566964.1746/Target=lcl|PJQD01000097_1_prot_POY70727_1_6859;exonerate},{ev_type:exonerate/ID=match.2566964.1749/Target=lcl|BJWK01000007_1_prot_GEM09235_1_3252;exonerate}
3842	3779	INTRON			{GlimmerHMM_glimmerT_1838-T1;GlimmerHMM},{GeneMark_model.1984_t;GeneMark},{HiQ_model.g1524.t1;HiQ},{ev_type:exonerate/ID=match.2566964.1748/Target=lcl|KQ954470_1_prot_KWU45708_1_1868;exonerate},{ev_type:exonerate/ID=match.2566964.1750/Target=lcl|LCTV02000008_1_prot_PRQ73231_1_7616;exonerate},{ev_type:exonerate/ID=match.2566964.1746/Target=lcl|PJQD01000097_1_prot_POY70727_1_6859;exonerate},{ev_type:exonerate/ID=match.2566964.1749/Target=lcl|BJWK01000007_1_prot_GEM09235_1_3252;exonerate}
3907	3843	internal-	4	5	{GlimmerHMM_glimmerT_1838-T1;GlimmerHMM},{GeneMark_model.1984_t;GeneMark},{HiQ_model.g1524.t1;HiQ},{ev_type:exonerate/ID=match.2566964.1748/Target=lcl|KQ954470_1_prot_KWU45708_1_1868;exonerate},{ev_type:exonerate/ID=match.2566964.1750/Target=lcl|LCTV02000008_1_prot_PRQ73231_1_7616;exonerate},{ev_type:exonerate/ID=match.2566964.1746/Target=lcl|PJQD01000097_1_prot_POY70727_1_6859;exonerate},{ev_type:exonerate/ID=match.2566964.1749/Target=lcl|BJWK01000007_1_prot_GEM09235_1_3252;exonerate}
3970	3908	INTRON			{GlimmerHMM_glimmerT_1838-T1;GlimmerHMM},{GeneMark_model.1984_t;GeneMark},{HiQ_model.g1524.t1;HiQ},{ev_type:exonerate/ID=match.2566964.1748/Target=lcl|KQ954470_1_prot_KWU45708_1_1868;exonerate},{ev_type:exonerate/ID=match.2566964.1750/Target=lcl|LCTV02000008_1_prot_PRQ73231_1_7616;exonerate},{ev_type:exonerate/ID=match.2566964.1746/Target=lcl|PJQD01000097_1_prot_POY70727_1_6859;exonerate},{ev_type:exonerate/ID=match.2566964.1749/Target=lcl|BJWK01000007_1_prot_GEM09235_1_3252;exonerate}
4127	3971	internal-	6	6	{GlimmerHMM_glimmerT_1838-T1;GlimmerHMM},{GeneMark_model.1984_t;GeneMark},{HiQ_model.g1524.t1;HiQ},{ev_type:exonerate/ID=match.2566964.1748/Target=lcl|KQ954470_1_prot_KWU45708_1_1868;exonerate},{ev_type:exonerate/ID=match.2566964.1750/Target=lcl|LCTV02000008_1_prot_PRQ73231_1_7616;exonerate},{ev_type:exonerate/ID=match.2566964.1746/Target=lcl|PJQD01000097_1_prot_POY70727_1_6859;exonerate},{ev_type:exonerate/ID=match.2566964.1749/Target=lcl|BJWK01000007_1_prot_GEM09235_1_3252;exonerate}
4191	4128	INTRON			{GlimmerHMM_glimmerT_1838-T1;GlimmerHMM},{GeneMark_model.1984_t;GeneMark},{HiQ_model.g1524.t1;HiQ},{ev_type:exonerate/ID=match.2566964.1748/Target=lcl|KQ954470_1_prot_KWU45708_1_1868;exonerate},{ev_type:exonerate/ID=match.2566964.1750/Target=lcl|LCTV02000008_1_prot_PRQ73231_1_7616;exonerate},{ev_type:exonerate/ID=match.2566964.1746/Target=lcl|PJQD01000097_1_prot_POY70727_1_6859;exonerate},{ev_type:exonerate/ID=match.2566964.1749/Target=lcl|BJWK01000007_1_prot_GEM09235_1_3252;exonerate}
4795	4192	internal-	5	5	{GlimmerHMM_glimmerT_1838-T1;GlimmerHMM},{GeneMark_model.1984_t;GeneMark},{HiQ_model.g1524.t1;HiQ},{ev_type:exonerate/ID=match.2566964.1748/Target=lcl|KQ954470_1_prot_KWU45708_1_1868;exonerate},{ev_type:exonerate/ID=match.2566964.1750/Target=lcl|LCTV02000008_1_prot_PRQ73231_1_7616;exonerate},{ev_type:exonerate/ID=match.2566964.1746/Target=lcl|PJQD01000097_1_prot_POY70727_1_6859;exonerate},{ev_type:exonerate/ID=match.2566964.1749/Target=lcl|BJWK01000007_1_prot_GEM09235_1_3252;exonerate}
4859	4796	INTRON			{GlimmerHMM_glimmerT_1838-T1;GlimmerHMM},{GeneMark_model.1984_t;GeneMark},{HiQ_model.g1524.t1;HiQ},{ev_type:exonerate/ID=match.2566964.1748/Target=lcl|KQ954470_1_prot_KWU45708_1_1868;exonerate},{ev_type:exonerate/ID=match.2566964.1750/Target=lcl|LCTV02000008_1_prot_PRQ73231_1_7616;exonerate},{ev_type:exonerate/ID=match.2566964.1746/Target=lcl|PJQD01000097_1_prot_POY70727_1_6859;exonerate},{ev_type:exonerate/ID=match.2566964.1749/Target=lcl|BJWK01000007_1_prot_GEM09235_1_3252;exonerate}
5168	4860	internal-	5	4	{GlimmerHMM_glimmerT_1838-T1;GlimmerHMM},{GeneMark_model.1984_t;GeneMark},{HiQ_model.g1524.t1;HiQ},{ev_type:exonerate/ID=match.2566964.1748/Target=lcl|KQ954470_1_prot_KWU45708_1_1868;exonerate},{ev_type:exonerate/ID=match.2566964.1750/Target=lcl|LCTV02000008_1_prot_PRQ73231_1_7616;exonerate},{ev_type:exonerate/ID=match.2566964.1746/Target=lcl|PJQD01000097_1_prot_POY70727_1_6859;exonerate},{ev_type:exonerate/ID=match.2566964.1749/Target=lcl|BJWK01000007_1_prot_GEM09235_1_3252;exonerate}
5229	5169	INTRON			{GlimmerHMM_glimmerT_1838-T1;GlimmerHMM},{GeneMark_model.1984_t;GeneMark},{HiQ_model.g1524.t1;HiQ},{ev_type:exonerate/ID=match.2566964.1748/Target=lcl|KQ954470_1_prot_KWU45708_1_1868;exonerate},{ev_type:exonerate/ID=match.2566964.1750/Target=lcl|LCTV02000008_1_prot_PRQ73231_1_7616;exonerate},{ev_type:exonerate/ID=match.2566964.1746/Target=lcl|PJQD01000097_1_prot_POY70727_1_6859;exonerate},{ev_type:exonerate/ID=match.2566964.1749/Target=lcl|BJWK01000007_1_prot_GEM09235_1_3252;exonerate}
6892	5230	internal-	4	4	{GlimmerHMM_glimmerT_1838-T1;GlimmerHMM},{GeneMark_model.1984_t;GeneMark},{HiQ_model.g1524.t1;HiQ},{ev_type:exonerate/ID=match.2566964.1748/Target=lcl|KQ954470_1_prot_KWU45708_1_1868;exonerate},{ev_type:exonerate/ID=match.2566964.1750/Target=lcl|LCTV02000008_1_prot_PRQ73231_1_7616;exonerate},{ev_type:exonerate/ID=match.2566964.1746/Target=lcl|PJQD01000097_1_prot_POY70727_1_6859;exonerate},{ev_type:exonerate/ID=match.2566964.1749/Target=lcl|BJWK01000007_1_prot_GEM09235_1_3252;exonerate}
6959	6893	INTRON			{GlimmerHMM_glimmerT_1838-T1;GlimmerHMM},{GeneMark_model.1984_t;GeneMark},{snap_scaffold_4-snap.271-T1;snap},{HiQ_model.g1524.t1;HiQ},{ev_type:exonerate/ID=match.2566964.1748/Target=lcl|KQ954470_1_prot_KWU45708_1_1868;exonerate},{ev_type:exonerate/ID=match.2566964.1750/Target=lcl|LCTV02000008_1_prot_PRQ73231_1_7616;exonerate},{ev_type:exonerate/ID=match.2566964.1746/Target=lcl|PJQD01000097_1_prot_POY70727_1_6859;exonerate},{ev_type:exonerate/ID=match.2566964.1749/Target=lcl|BJWK01000007_1_prot_GEM09235_1_3252;exonerate}
7204	6960	internal-	5	6	{GlimmerHMM_glimmerT_1838-T1;GlimmerHMM},{GeneMark_model.1984_t;GeneMark},{HiQ_model.g1524.t1;HiQ},{ev_type:exonerate/ID=match.2566964.1748/Target=lcl|KQ954470_1_prot_KWU45708_1_1868;exonerate},{ev_type:exonerate/ID=match.2566964.1750/Target=lcl|LCTV02000008_1_prot_PRQ73231_1_7616;exonerate},{ev_type:exonerate/ID=match.2566964.1746/Target=lcl|PJQD01000097_1_prot_POY70727_1_6859;exonerate},{ev_type:exonerate/ID=match.2566964.1749/Target=lcl|BJWK01000007_1_prot_GEM09235_1_3252;exonerate}
7259	7205	INTRON			{GlimmerHMM_glimmerT_1838-T1;GlimmerHMM},{GeneMark_model.1984_t;GeneMark},{HiQ_model.g1524.t1;HiQ},{ev_type:exonerate/ID=match.2566964.1748/Target=lcl|KQ954470_1_prot_KWU45708_1_1868;exonerate},{ev_type:exonerate/ID=match.2566964.1750/Target=lcl|LCTV02000008_1_prot_PRQ73231_1_7616;exonerate},{ev_type:exonerate/ID=match.2566964.1746/Target=lcl|PJQD01000097_1_prot_POY70727_1_6859;exonerate},{ev_type:exonerate/ID=match.2566964.1749/Target=lcl|BJWK01000007_1_prot_GEM09235_1_3252;exonerate}
7316	7260	internal-	5	4	{GlimmerHMM_glimmerT_1838-T1;GlimmerHMM},{GeneMark_model.1984_t;GeneMark},{HiQ_model.g1524.t1;HiQ},{ev_type:exonerate/ID=match.2566964.1748/Target=lcl|KQ954470_1_prot_KWU45708_1_1868;exonerate},{ev_type:exonerate/ID=match.2566964.1750/Target=lcl|LCTV02000008_1_prot_PRQ73231_1_7616;exonerate},{ev_type:exonerate/ID=match.2566964.1746/Target=lcl|PJQD01000097_1_prot_POY70727_1_6859;exonerate},{ev_type:exonerate/ID=match.2566964.1749/Target=lcl|BJWK01000007_1_prot_GEM09235_1_3252;exonerate}
7388	7317	INTRON			{GlimmerHMM_glimmerT_1838-T1;GlimmerHMM},{GeneMark_model.1984_t;GeneMark},{HiQ_model.g1524.t1;HiQ},{ev_type:exonerate/ID=match.2566964.1748/Target=lcl|KQ954470_1_prot_KWU45708_1_1868;exonerate},{ev_type:exonerate/ID=match.2566964.1750/Target=lcl|LCTV02000008_1_prot_PRQ73231_1_7616;exonerate},{ev_type:exonerate/ID=match.2566964.1746/Target=lcl|PJQD01000097_1_prot_POY70727_1_6859;exonerate},{ev_type:exonerate/ID=match.2566964.1749/Target=lcl|BJWK01000007_1_prot_GEM09235_1_3252;exonerate}
8070	7389	internal-	4	4	{GlimmerHMM_glimmerT_1838-T1;GlimmerHMM},{GeneMark_model.1984_t;GeneMark},{HiQ_model.g1524.t1;HiQ},{ev_type:exonerate/ID=match.2566964.1748/Target=lcl|KQ954470_1_prot_KWU45708_1_1868;exonerate},{ev_type:exonerate/ID=match.2566964.1750/Target=lcl|LCTV02000008_1_prot_PRQ73231_1_7616;exonerate},{ev_type:exonerate/ID=match.2566964.1746/Target=lcl|PJQD01000097_1_prot_POY70727_1_6859;exonerate},{ev_type:exonerate/ID=match.2566964.1749/Target=lcl|BJWK01000007_1_prot_GEM09235_1_3252;exonerate}
8131	8071	INTRON			{GlimmerHMM_glimmerT_1838-T1;GlimmerHMM},{GeneMark_model.1984_t;GeneMark},{HiQ_model.g1524.t1;HiQ},{ev_type:exonerate/ID=match.2566964.1748/Target=lcl|KQ954470_1_prot_KWU45708_1_1868;exonerate},{ev_type:exonerate/ID=match.2566964.1750/Target=lcl|LCTV02000008_1_prot_PRQ73231_1_7616;exonerate},{ev_type:exonerate/ID=match.2566964.1746/Target=lcl|PJQD01000097_1_prot_POY70727_1_6859;exonerate},{ev_type:exonerate/ID=match.2566964.1749/Target=lcl|BJWK01000007_1_prot_GEM09235_1_3252;exonerate}
9201	8132	internal-	5	6	{GlimmerHMM_glimmerT_1838-T1;GlimmerHMM},{GeneMark_model.1984_t;GeneMark},{HiQ_model.g1524.t1;HiQ},{ev_type:exonerate/ID=match.2566964.1746/Target=lcl|PJQD01000097_1_prot_POY70727_1_6859;exonerate},{ev_type:exonerate/ID=match.2566964.1749/Target=lcl|BJWK01000007_1_prot_GEM09235_1_3252;exonerate}
9349	9202	INTRON			{GlimmerHMM_glimmerT_1838-T1;GlimmerHMM},{GeneMark_model.1984_t;GeneMark},{HiQ_model.g1524.t1;HiQ},{ev_type:exonerate/ID=match.2566964.1746/Target=lcl|PJQD01000097_1_prot_POY70727_1_6859;exonerate},{ev_type:exonerate/ID=match.2566964.1749/Target=lcl|BJWK01000007_1_prot_GEM09235_1_3252;exonerate}
9542	9350	initial-	4	4	{GlimmerHMM_glimmerT_1838-T1;GlimmerHMM},{GeneMark_model.1984_t;GeneMark},{HiQ_model.g1524.t1;HiQ}

# EVM prediction: Mode:STANDARD S-ratio: 2.53 10688-14496 orient(-) score(12011.00) noncoding_equivalent(4752.74) raw_noncoding(5654.00) offset(901.26) 
10978	10688	terminal-	4	6	{GeneMark_model.1985_t;GeneMark},{GlimmerHMM_glimmerT_1839-T1;GlimmerHMM},{Augustus_model.g1525.t1;Augustus}
11053	10979	INTRON			{GeneMark_model.1985_t;GeneMark},{GlimmerHMM_glimmerT_1839-T1;GlimmerHMM},{Augustus_model.g1525.t1;Augustus}
11163	11054	internal-	5	6	{GeneMark_model.1985_t;GeneMark},{GlimmerHMM_glimmerT_1839-T1;GlimmerHMM},{Augustus_model.g1525.t1;Augustus}
11222	11164	INTRON			{GeneMark_model.1985_t;GeneMark},{GlimmerHMM_glimmerT_1839-T1;GlimmerHMM},{Augustus_model.g1525.t1;Augustus}
11308	11223	internal-	6	4	{GeneMark_model.1985_t;GeneMark},{GlimmerHMM_glimmerT_1839-T1;GlimmerHMM},{Augustus_model.g1525.t1;Augustus}
11381	11309	INTRON			{GeneMark_model.1985_t;GeneMark},{GlimmerHMM_glimmerT_1839-T1;GlimmerHMM},{Augustus_model.g1525.t1;Augustus}
11506	11382	internal-	4	5	{GeneMark_model.1985_t;GeneMark},{GlimmerHMM_glimmerT_1839-T1;GlimmerHMM},{Augustus_model.g1525.t1;Augustus}
11571	11507	INTRON			{GeneMark_model.1985_t;GeneMark},{GlimmerHMM_glimmerT_1839-T1;GlimmerHMM},{Augustus_model.g1525.t1;Augustus}
11703	11572	internal-	4	6	{GeneMark_model.1985_t;GeneMark},{Augustus_model.g1525.t1;Augustus}
11773	11704	INTRON			{GeneMark_model.1985_t;GeneMark}
11893	11774	internal-	4	6	{GeneMark_model.1985_t;GeneMark}
11951	11894	INTRON			{GeneMark_model.1985_t;GeneMark},{GlimmerHMM_glimmerT_1839-T1;GlimmerHMM},{Augustus_model.g1525.t1;Augustus}
12092	11952	internal-	4	6	{GeneMark_model.1985_t;GeneMark},{GlimmerHMM_glimmerT_1839-T1;GlimmerHMM},{Augustus_model.g1525.t1;Augustus}
12153	12093	INTRON			{GeneMark_model.1985_t;GeneMark},{GlimmerHMM_glimmerT_1839-T1;GlimmerHMM},{Augustus_model.g1525.t1;Augustus}
12282	12154	internal-	4	6	{GeneMark_model.1985_t;GeneMark},{GlimmerHMM_glimmerT_1839-T1;GlimmerHMM},{Augustus_model.g1525.t1;Augustus}
12342	12283	INTRON			{GeneMark_model.1985_t;GeneMark},{GlimmerHMM_glimmerT_1839-T1;GlimmerHMM},{Augustus_model.g1525.t1;Augustus}
12713	12343	internal-	5	6	{GeneMark_model.1985_t;GeneMark},{GlimmerHMM_glimmerT_1839-T1;GlimmerHMM},{Augustus_model.g1525.t1;Augustus}
12780	12714	INTRON			{GeneMark_model.1985_t;GeneMark},{GlimmerHMM_glimmerT_1839-T1;GlimmerHMM},{snap_scaffold_4-snap.274-T1;snap},{Augustus_model.g1525.t1;Augustus}
13074	12781	internal-	5	4	{GeneMark_model.1985_t;GeneMark},{GlimmerHMM_glimmerT_1839-T1;GlimmerHMM},{Augustus_model.g1525.t1;Augustus}
13144	13075	INTRON			{GeneMark_model.1985_t;GeneMark},{GlimmerHMM_glimmerT_1839-T1;GlimmerHMM},{Augustus_model.g1525.t1;Augustus}
13536	13145	internal-	6	4	{GeneMark_model.1985_t;GeneMark},{GlimmerHMM_glimmerT_1839-T1;GlimmerHMM},{Augustus_model.g1525.t1;Augustus}
13605	13537	INTRON			{GeneMark_model.1985_t;GeneMark},{GlimmerHMM_glimmerT_1839-T1;GlimmerHMM},{Augustus_model.g1525.t1;Augustus}
13830	13606	internal-	6	5	{GeneMark_model.1985_t;GeneMark},{GlimmerHMM_glimmerT_1839-T1;GlimmerHMM},{Augustus_model.g1525.t1;Augustus}
13894	13831	INTRON			{GeneMark_model.1985_t;GeneMark},{GlimmerHMM_glimmerT_1839-T1;GlimmerHMM},{Augustus_model.g1525.t1;Augustus}
14081	13895	internal-	5	5	{GeneMark_model.1985_t;GeneMark},{GlimmerHMM_glimmerT_1839-T1;GlimmerHMM},{Augustus_model.g1525.t1;Augustus}
14153	14082	INTRON			{GeneMark_model.1985_t;GeneMark},{GlimmerHMM_glimmerT_1839-T1;GlimmerHMM},{Augustus_model.g1525.t1;Augustus}
14496	14154	initial-	4	4	{GeneMark_model.1985_t;GeneMark},{GlimmerHMM_glimmerT_1839-T1;GlimmerHMM},{Augustus_model.g1525.t1;Augustus}

# EVM prediction: Mode:STANDARD S-ratio: 9.59 14837-17708 orient(-) score(10642.00) noncoding_equivalent(1109.21) raw_noncoding(1216.00) offset(106.79) 
15444	14837	terminal-	5	6	{GlimmerHMM_glimmerT_1840-T1;GlimmerHMM},{GeneMark_model.1986_t;GeneMark},{Augustus_model.g1526.t1;Augustus}
15508	15445	INTRON			{GlimmerHMM_glimmerT_1840-T1;GlimmerHMM},{GeneMark_model.1986_t;GeneMark},{Augustus_model.g1526.t1;Augustus}
17181	15509	internal-	6	4	{GlimmerHMM_glimmerT_1840-T1;GlimmerHMM},{GeneMark_model.1986_t;GeneMark},{Augustus_model.g1526.t1;Augustus}
17253	17182	INTRON			{GlimmerHMM_glimmerT_1840-T1;GlimmerHMM},{GeneMark_model.1986_t;GeneMark},{Augustus_model.g1526.t1;Augustus}
17708	17254	initial-	4	5	{GlimmerHMM_glimmerT_1840-T1;GlimmerHMM},{GeneMark_model.1986_t;GeneMark},{Augustus_model.g1526.t1;Augustus}

# EVM prediction: Mode:STANDARD S-ratio: 9.69 18555-20499 orient(+) score(7051.00) noncoding_equivalent(727.35) raw_noncoding(1012.97) offset(285.61) 
18555	18732	initial+	1	1	{Augustus_model.g1527.t1;Augustus},{GeneMark_model.1987_t;GeneMark}
18733	18802	INTRON			{Augustus_model.g1527.t1;Augustus},{GeneMark_model.1987_t;GeneMark}
18803	18909	internal+	2	3	{Augustus_model.g1527.t1;Augustus},{GeneMark_model.1987_t;GeneMark}
18910	18981	INTRON			{Augustus_model.g1527.t1;Augustus},{GeneMark_model.1987_t;GeneMark}
18982	20499	terminal+	1	3	{GlimmerHMM_glimmerT_1841-T1;GlimmerHMM},{Augustus_model.g1527.t1;Augustus},{GeneMark_model.1987_t;GeneMark}

# EVM prediction: Mode:STANDARD S-ratio: 8.96 20746-22973 orient(-) score(8518.00) noncoding_equivalent(950.88) raw_noncoding(1229.00) offset(278.12) 
22574	20746	terminal-	5	6	{GlimmerHMM_glimmerT_1842-T1;GlimmerHMM},{snap_scaffold_4-snap.278-T1;snap},{Augustus_model.g1528.t1;Augustus},{GeneMark_model.1988_t;GeneMark}
22855	22575	INTRON			{GlimmerHMM_glimmerT_1842-T1;GlimmerHMM},{Augustus_model.g1528.t1;Augustus},{GeneMark_model.1988_t;GeneMark}
22973	22856	initial-	4	4	{GlimmerHMM_glimmerT_1842-T1;GlimmerHMM},{Augustus_model.g1528.t1;Augustus},{GeneMark_model.1988_t;GeneMark}

# EVM prediction: Mode:STANDARD S-ratio: 9.92 23630-24038 orient(+) score(2331.00) noncoding_equivalent(235.00) raw_noncoding(280.00) offset(45.00) 
23630	23921	initial+	1	1	{GlimmerHMM_glimmerT_1843-T1;GlimmerHMM},{Augustus_model.g1529.t1;Augustus},{GeneMark_model.1989_t;GeneMark}
23922	23982	INTRON			{GlimmerHMM_glimmerT_1843-T1;GlimmerHMM},{Augustus_model.g1529.t1;Augustus},{GeneMark_model.1989_t;GeneMark},{ev_type:exonerate/ID=match.2566964.1938/Target=lcl|PJQD01000097_1_prot_POY70732_1_6864;exonerate},{ev_type:exonerate/ID=match.2566964.1948/Target=lcl|KQ954470_1_prot_KWU45713_1_1873;exonerate}
23983	24038	terminal+	2	3	{GlimmerHMM_glimmerT_1843-T1;GlimmerHMM},{Augustus_model.g1529.t1;Augustus},{GeneMark_model.1989_t;GeneMark}

# EVM prediction: Mode:STANDARD S-ratio: 2.51 24732-25955 orient(+) score(4991.00) noncoding_equivalent(1984.85) raw_noncoding(2595.00) offset(610.15) 
24732	24813	initial+	1	1	{GlimmerHMM_glimmerT_1844-T1;GlimmerHMM},{Augustus_model.g1530.t1;Augustus},{GeneMark_model.1990_t;GeneMark}
24814	24916	INTRON			{GlimmerHMM_glimmerT_1844-T1;GlimmerHMM},{Augustus_model.g1530.t1;Augustus},{GeneMark_model.1990_t;GeneMark},{ev_type:exonerate/ID=match.2566964.1906/Target=lcl|KQ954470_1_prot_KWU45714_1_1874;exonerate}
24917	24965	internal+	2	2	{Augustus_model.g1530.t1;Augustus},{GeneMark_model.1990_t;GeneMark},{ev_type:exonerate/ID=match.2566964.1906/Target=lcl|KQ954470_1_prot_KWU45714_1_1874;exonerate}
24966	25058	INTRON			{Augustus_model.g1530.t1;Augustus},{GeneMark_model.1990_t;GeneMark},{ev_type:exonerate/ID=match.2566964.1906/Target=lcl|KQ954470_1_prot_KWU45714_1_1874;exonerate}
25059	25117	internal+	3	1	{Augustus_model.g1530.t1;Augustus},{GeneMark_model.1990_t;GeneMark},{ev_type:exonerate/ID=match.2566964.1906/Target=lcl|KQ954470_1_prot_KWU45714_1_1874;exonerate}
25118	25185	INTRON			{Augustus_model.g1530.t1;Augustus},{GeneMark_model.1990_t;GeneMark},{GlimmerHMM_glimmerT_1845-T1;GlimmerHMM},{ev_type:exonerate/ID=match.2566964.1906/Target=lcl|KQ954470_1_prot_KWU45714_1_1874;exonerate}
25186	25307	internal+	2	3	{Augustus_model.g1530.t1;Augustus},{GeneMark_model.1990_t;GeneMark},{GlimmerHMM_glimmerT_1845-T1;GlimmerHMM},{ev_type:exonerate/ID=match.2566964.1906/Target=lcl|KQ954470_1_prot_KWU45714_1_1874;exonerate}
25308	25479	INTRON			{Augustus_model.g1530.t1;Augustus},{GeneMark_model.1990_t;GeneMark},{GlimmerHMM_glimmerT_1845-T1;GlimmerHMM},{ev_type:exonerate/ID=match.2566964.1906/Target=lcl|KQ954470_1_prot_KWU45714_1_1874;exonerate}
25480	25677	internal+	1	3	{Augustus_model.g1530.t1;Augustus},{GeneMark_model.1990_t;GeneMark},{GlimmerHMM_glimmerT_1845-T1;GlimmerHMM},{ev_type:exonerate/ID=match.2566964.1906/Target=lcl|KQ954470_1_prot_KWU45714_1_1874;exonerate}
25678	25778	INTRON			{Augustus_model.g1530.t1;Augustus},{GeneMark_model.1990_t;GeneMark},{GlimmerHMM_glimmerT_1845-T1;GlimmerHMM},{ev_type:exonerate/ID=match.2566964.1906/Target=lcl|KQ954470_1_prot_KWU45714_1_1874;exonerate}
25779	25955	terminal+	1	3	{Augustus_model.g1530.t1;Augustus},{GeneMark_model.1990_t;GeneMark},{GlimmerHMM_glimmerT_1845-T1;GlimmerHMM}

# EVM prediction: Mode:STANDARD S-ratio: 2.10 26088-27426 orient(-) score(3750.00) noncoding_equivalent(1783.47) raw_noncoding(2112.85) offset(329.37) 
26461	26088	terminal-	5	6	{GeneMark_model.1991_t;GeneMark},{Augustus_model.g1531.t1;Augustus},{GlimmerHMM_glimmerT_1846-T1;GlimmerHMM}
26543	26462	INTRON			{GeneMark_model.1991_t;GeneMark},{Augustus_model.g1531.t1;Augustus},{GlimmerHMM_glimmerT_1846-T1;GlimmerHMM}
26723	26544	internal-	5	4	{GeneMark_model.1991_t;GeneMark},{Augustus_model.g1531.t1;Augustus},{GlimmerHMM_glimmerT_1846-T1;GlimmerHMM}
26791	26724	INTRON			{GeneMark_model.1991_t;GeneMark},{Augustus_model.g1531.t1;Augustus},{GlimmerHMM_glimmerT_1846-T1;GlimmerHMM}
27265	26792	internal-	5	4	{GeneMark_model.1991_t;GeneMark},{Augustus_model.g1531.t1;Augustus}
27323	27266	INTRON			{Augustus_model.g1531.t1;Augustus}
27426	27324	initial-	4	4	{Augustus_model.g1531.t1;Augustus},{GlimmerHMM_glimmerT_1846-T1;GlimmerHMM}

# EVM prediction: Mode:STANDARD S-ratio: 1.49 27979-30506 orient(+) score(6622.00) noncoding_equivalent(4431.32) raw_noncoding(6411.01) offset(1979.70) 
27979	28257	initial+	1	3	{Augustus_model.g1532.t1;Augustus},{GlimmerHMM_glimmerT_1847-T1;GlimmerHMM},{GeneMark_model.1992_t;GeneMark}
28258	28325	INTRON			{Augustus_model.g1532.t1;Augustus},{GlimmerHMM_glimmerT_1847-T1;GlimmerHMM},{GeneMark_model.1992_t;GeneMark}
28326	28333	internal+	1	2	{Augustus_model.g1532.t1;Augustus},{GlimmerHMM_glimmerT_1847-T1;GlimmerHMM},{GeneMark_model.1992_t;GeneMark}
28334	28403	INTRON			{Augustus_model.g1532.t1;Augustus},{GlimmerHMM_glimmerT_1847-T1;GlimmerHMM},{GeneMark_model.1992_t;GeneMark}
28404	28432	internal+	3	1	{Augustus_model.g1532.t1;Augustus},{GlimmerHMM_glimmerT_1847-T1;GlimmerHMM},{GeneMark_model.1992_t;GeneMark}
28433	28495	INTRON			{Augustus_model.g1532.t1;Augustus},{GlimmerHMM_glimmerT_1847-T1;GlimmerHMM},{GeneMark_model.1992_t;GeneMark}
28496	28573	internal+	2	1	{Augustus_model.g1532.t1;Augustus},{GlimmerHMM_glimmerT_1847-T1;GlimmerHMM},{GeneMark_model.1992_t;GeneMark}
28574	28647	INTRON			{Augustus_model.g1532.t1;Augustus},{GlimmerHMM_glimmerT_1847-T1;GlimmerHMM},{GeneMark_model.1992_t;GeneMark}
28648	28772	internal+	2	3	{Augustus_model.g1532.t1;Augustus},{GlimmerHMM_glimmerT_1847-T1;GlimmerHMM},{GeneMark_model.1992_t;GeneMark}
28773	28846	INTRON			{Augustus_model.g1532.t1;Augustus},{GlimmerHMM_glimmerT_1847-T1;GlimmerHMM},{GeneMark_model.1992_t;GeneMark}
28847	28886	internal+	1	1	{Augustus_model.g1532.t1;Augustus},{GlimmerHMM_glimmerT_1847-T1;GlimmerHMM},{GeneMark_model.1992_t;GeneMark}
28887	28959	INTRON			{Augustus_model.g1532.t1;Augustus},{GlimmerHMM_glimmerT_1847-T1;GlimmerHMM},{GeneMark_model.1992_t;GeneMark}
28960	29025	internal+	2	1	{Augustus_model.g1532.t1;Augustus},{GlimmerHMM_glimmerT_1847-T1;GlimmerHMM},{GeneMark_model.1992_t;GeneMark}
29026	29090	INTRON			{Augustus_model.g1532.t1;Augustus},{GlimmerHMM_glimmerT_1847-T1;GlimmerHMM},{GeneMark_model.1992_t;GeneMark}
29091	29144	internal+	2	1	{Augustus_model.g1532.t1;Augustus},{GlimmerHMM_glimmerT_1847-T1;GlimmerHMM},{GeneMark_model.1992_t;GeneMark}
29145	29490	INTRON			{Augustus_model.g1532.t1;Augustus},{GlimmerHMM_glimmerT_1847-T1;GlimmerHMM}
29491	29529	internal+	2	1	{Augustus_model.g1532.t1;Augustus}
29530	29588	INTRON			{Augustus_model.g1532.t1;Augustus},{GeneMark_model.1993_t;GeneMark}
29589	29653	internal+	2	3	{Augustus_model.g1532.t1;Augustus},{GeneMark_model.1993_t;GeneMark}
29654	29714	INTRON			{Augustus_model.g1532.t1;Augustus},{GeneMark_model.1993_t;GeneMark}
29715	29741	internal+	1	3	{Augustus_model.g1532.t1;Augustus},{GeneMark_model.1993_t;GeneMark}
29742	29842	INTRON			{Augustus_model.g1532.t1;Augustus},{GeneMark_model.1993_t;GeneMark}
29843	30098	internal+	1	1	{Augustus_model.g1532.t1;Augustus},{GlimmerHMM_glimmerT_1847-T1;GlimmerHMM},{GeneMark_model.1993_t;GeneMark}
30099	30223	INTRON			{Augustus_model.g1532.t1;Augustus},{GeneMark_model.1993_t;GeneMark}
30224	30316	internal+	2	1	{Augustus_model.g1532.t1;Augustus},{GeneMark_model.1993_t;GeneMark}
30317	30390	INTRON			{Augustus_model.g1532.t1;Augustus},{GeneMark_model.1993_t;GeneMark}
30391	30506	terminal+	2	3	{Augustus_model.g1532.t1;Augustus},{GeneMark_model.1993_t;GeneMark}

# EVM prediction: Mode:STANDARD S-ratio: 1.27 30769-31519 orient(+) score(1680.00) noncoding_equivalent(1322.45) raw_noncoding(2069.14) offset(746.69) 
30769	30811	initial+	1	1	{Augustus_model.g1533.t1;Augustus},{GeneMark_model.1994_t;GeneMark}
30812	30883	INTRON			{Augustus_model.g1533.t1;Augustus},{GeneMark_model.1994_t;GeneMark}
30884	30936	internal+	2	3	{Augustus_model.g1533.t1;Augustus},{GeneMark_model.1994_t;GeneMark}
30937	31017	INTRON			{Augustus_model.g1533.t1;Augustus},{GeneMark_model.1994_t;GeneMark}
31018	31055	internal+	1	2	{Augustus_model.g1533.t1;Augustus},{GeneMark_model.1994_t;GeneMark}
31056	31121	INTRON			{Augustus_model.g1533.t1;Augustus},{GeneMark_model.1994_t;GeneMark}
31122	31299	internal+	3	3	{GlimmerHMM_glimmerT_1847-T1;GlimmerHMM},{Augustus_model.g1533.t1;Augustus},{GeneMark_model.1994_t;GeneMark}
31300	31391	INTRON			{Augustus_model.g1533.t1;Augustus},{GeneMark_model.1994_t;GeneMark}
31392	31428	internal+	1	1	{Augustus_model.g1533.t1;Augustus},{GeneMark_model.1994_t;GeneMark}
31429	31499	INTRON			{Augustus_model.g1533.t1;Augustus},{GeneMark_model.1994_t;GeneMark}
31500	31519	terminal+	2	3	{Augustus_model.g1533.t1;Augustus},{GeneMark_model.1994_t;GeneMark}

# EVM prediction: Mode:STANDARD S-ratio: 1.64 31723-32775 orient(-) score(2885.00) noncoding_equivalent(1755.00) raw_noncoding(2433.00) offset(678.00) 
31782	31723	terminal-	4	6	{GeneMark_model.1995_t;GeneMark},{Augustus_model.g1534.t1;Augustus}
31855	31783	INTRON			{GeneMark_model.1995_t;GeneMark},{Augustus_model.g1534.t1;Augustus}
31901	31856	internal-	6	6	{GeneMark_model.1995_t;GeneMark},{Augustus_model.g1534.t1;Augustus}
31980	31902	INTRON			{GeneMark_model.1995_t;GeneMark},{Augustus_model.g1534.t1;Augustus}
32068	31981	internal-	5	5	{GeneMark_model.1995_t;GeneMark},{Augustus_model.g1534.t1;Augustus}
32141	32069	INTRON			{GeneMark_model.1995_t;GeneMark},{GlimmerHMM_glimmerT_1848-T1;GlimmerHMM},{Augustus_model.g1534.t1;Augustus}
32163	32142	internal-	4	4	{GeneMark_model.1995_t;GeneMark},{GlimmerHMM_glimmerT_1848-T1;GlimmerHMM},{Augustus_model.g1534.t1;Augustus}
32227	32164	INTRON			{GeneMark_model.1995_t;GeneMark},{GlimmerHMM_glimmerT_1848-T1;GlimmerHMM},{Augustus_model.g1534.t1;Augustus}
32376	32228	internal-	5	6	{GeneMark_model.1995_t;GeneMark},{GlimmerHMM_glimmerT_1848-T1;GlimmerHMM},{Augustus_model.g1534.t1;Augustus}
32460	32377	INTRON			{GeneMark_model.1995_t;GeneMark},{GlimmerHMM_glimmerT_1848-T1;GlimmerHMM},{Augustus_model.g1534.t1;Augustus}
32529	32461	internal-	5	4	{GlimmerHMM_glimmerT_1848-T1;GlimmerHMM},{Augustus_model.g1534.t1;Augustus}
32660	32530	INTRON			{GlimmerHMM_glimmerT_1848-T1;GlimmerHMM},{Augustus_model.g1534.t1;Augustus}
32775	32661	initial-	4	4	{GeneMark_model.1995_t;GeneMark},{GlimmerHMM_glimmerT_1848-T1;GlimmerHMM},{Augustus_model.g1534.t1;Augustus}

# EVM prediction: Mode:STANDARD S-ratio: 1.44 33172-34506 orient(-) score(3743.00) noncoding_equivalent(2601.32) raw_noncoding(3609.00) offset(1007.68) 
33264	33172	terminal-	4	6	{GlimmerHMM_glimmerT_1849-T1;GlimmerHMM},{GeneMark_model.1996_t;GeneMark},{Augustus_model.g1535.t1;Augustus}
33341	33265	INTRON			{GlimmerHMM_glimmerT_1849-T1;GlimmerHMM},{GeneMark_model.1996_t;GeneMark},{Augustus_model.g1535.t1;Augustus}
33387	33342	internal-	6	6	{GlimmerHMM_glimmerT_1849-T1;GlimmerHMM},{GeneMark_model.1996_t;GeneMark},{Augustus_model.g1535.t1;Augustus}
33499	33388	INTRON			{GlimmerHMM_glimmerT_1849-T1;GlimmerHMM},{GeneMark_model.1996_t;GeneMark},{Augustus_model.g1535.t1;Augustus}
33551	33500	internal-	5	5	{GlimmerHMM_glimmerT_1849-T1;GlimmerHMM},{GeneMark_model.1996_t;GeneMark},{Augustus_model.g1535.t1;Augustus}
33628	33552	INTRON			{GeneMark_model.1996_t;GeneMark},{Augustus_model.g1535.t1;Augustus}
33664	33629	internal-	5	4	{GeneMark_model.1996_t;GeneMark},{Augustus_model.g1535.t1;Augustus}
33745	33665	INTRON			{GeneMark_model.1996_t;GeneMark},{Augustus_model.g1535.t1;Augustus}
33767	33746	internal-	4	4	{GeneMark_model.1996_t;GeneMark},{Augustus_model.g1535.t1;Augustus}
33847	33768	INTRON			{GeneMark_model.1996_t;GeneMark},{Augustus_model.g1535.t1;Augustus}
33996	33848	internal-	5	6	{GlimmerHMM_glimmerT_1849-T1;GlimmerHMM},{GeneMark_model.1996_t;GeneMark},{Augustus_model.g1535.t1;Augustus}
34082	33997	INTRON			{GlimmerHMM_glimmerT_1849-T1;GlimmerHMM},{GeneMark_model.1996_t;GeneMark},{Augustus_model.g1535.t1;Augustus}
34151	34083	internal-	5	4	{GlimmerHMM_glimmerT_1849-T1;GlimmerHMM},{GeneMark_model.1996_t;GeneMark},{Augustus_model.g1535.t1;Augustus}
34388	34152	INTRON			{GlimmerHMM_glimmerT_1849-T1;GlimmerHMM},{GeneMark_model.1996_t;GeneMark},{Augustus_model.g1535.t1;Augustus}
34506	34389	initial-	4	4	{GlimmerHMM_glimmerT_1849-T1;GlimmerHMM},{GeneMark_model.1996_t;GeneMark},{Augustus_model.g1535.t1;Augustus}

# EVM prediction: Mode:STANDARD S-ratio: 76.45 35022-35660 orient(-) score(2523.00) noncoding_equivalent(33.00) raw_noncoding(33.00) offset(0.00) 
35660	35022	single-	4	6	{GlimmerHMM_glimmerT_1850-T1;GlimmerHMM},{Augustus_model.g1536.t1;Augustus}

# EVM prediction: Mode:STANDARD S-ratio: 1.67 35710-36111 orient(-) score(1191.00) noncoding_equivalent(713.51) raw_noncoding(867.51) offset(154.00) 
35942	35710	terminal-	5	6	{Augustus_model.g1537.t1;Augustus},{GlimmerHMM_glimmerT_1851-T1;GlimmerHMM}
36092	35943	INTRON			{GeneMark_model.1997_t;GeneMark},{Augustus_model.g1537.t1;Augustus},{GlimmerHMM_glimmerT_1851-T1;GlimmerHMM}
36111	36093	initial-	4	4	{GeneMark_model.1997_t;GeneMark},{Augustus_model.g1537.t1;Augustus},{GlimmerHMM_glimmerT_1851-T1;GlimmerHMM}

# EVM prediction: Mode:STANDARD S-ratio: 2.67 36460-38105 orient(+) score(5717.00) noncoding_equivalent(2141.36) raw_noncoding(3014.00) offset(872.64) 
36460	36515	initial+	1	2	{Augustus_model.g1538.t1;Augustus},{GeneMark_model.1998_t;GeneMark}
36516	36595	INTRON			{Augustus_model.g1538.t1;Augustus},{GeneMark_model.1998_t;GeneMark}
36596	36622	internal+	3	2	{Augustus_model.g1538.t1;Augustus},{GeneMark_model.1998_t;GeneMark}
36623	36682	INTRON			{Augustus_model.g1538.t1;Augustus},{GeneMark_model.1998_t;GeneMark}
36683	36820	internal+	3	2	{Augustus_model.g1538.t1;Augustus},{GeneMark_model.1998_t;GeneMark},{GlimmerHMM_glimmerT_1852-T1;GlimmerHMM}
36821	36884	INTRON			{Augustus_model.g1538.t1;Augustus},{GeneMark_model.1998_t;GeneMark},{GlimmerHMM_glimmerT_1852-T1;GlimmerHMM}
36885	36980	internal+	3	2	{Augustus_model.g1538.t1;Augustus},{GeneMark_model.1998_t;GeneMark},{GlimmerHMM_glimmerT_1852-T1;GlimmerHMM}
36981	37051	INTRON			{Augustus_model.g1538.t1;Augustus},{GeneMark_model.1998_t;GeneMark},{GlimmerHMM_glimmerT_1852-T1;GlimmerHMM},{ev_type:exonerate/ID=match.2566964.1899/Target=lcl|KQ954537_1_prot_KWU41466_1_6184;exonerate}
37052	37092	internal+	3	1	{Augustus_model.g1538.t1;Augustus},{GeneMark_model.1998_t;GeneMark},{GlimmerHMM_glimmerT_1852-T1;GlimmerHMM},{ev_type:exonerate/ID=match.2566964.1899/Target=lcl|KQ954537_1_prot_KWU41466_1_6184;exonerate}
37093	37244	INTRON			{Augustus_model.g1538.t1;Augustus},{GlimmerHMM_glimmerT_1852-T1;GlimmerHMM},{ev_type:exonerate/ID=match.2566964.1899/Target=lcl|KQ954537_1_prot_KWU41466_1_6184;exonerate}
37245	37368	internal+	2	2	{Augustus_model.g1538.t1;Augustus},{GeneMark_model.1998_t;GeneMark},{GlimmerHMM_glimmerT_1852-T1;GlimmerHMM},{ev_type:exonerate/ID=match.2566964.1899/Target=lcl|KQ954537_1_prot_KWU41466_1_6184;exonerate}
37369	37439	INTRON			{Augustus_model.g1538.t1;Augustus},{GeneMark_model.1998_t;GeneMark},{GlimmerHMM_glimmerT_1852-T1;GlimmerHMM},{ev_type:exonerate/ID=match.2566964.1899/Target=lcl|KQ954537_1_prot_KWU41466_1_6184;exonerate}
37440	37642	internal+	3	1	{GeneMark_model.1998_t;GeneMark},{GlimmerHMM_glimmerT_1852-T1;GlimmerHMM}
37643	37755	INTRON			{GeneMark_model.1998_t;GeneMark},{GlimmerHMM_glimmerT_1852-T1;GlimmerHMM}
37756	38105	terminal+	2	3	{Augustus_model.g1538.t1;Augustus},{GeneMark_model.1998_t;GeneMark},{GlimmerHMM_glimmerT_1852-T1;GlimmerHMM}

# EVM prediction: Mode:STANDARD S-ratio: 2.39 38662-39598 orient(-) score(3037.00) noncoding_equivalent(1271.92) raw_noncoding(1573.00) offset(301.08) 
38887	38662	terminal-	6	6	{snap_scaffold_4-snap.285-T1;snap},{GeneMark_model.1999_t;GeneMark},{Augustus_model.g1539.t1;Augustus},{GlimmerHMM_glimmerT_1853-T1;GlimmerHMM}
38962	38888	INTRON			{GeneMark_model.1999_t;GeneMark},{Augustus_model.g1539.t1;Augustus},{GlimmerHMM_glimmerT_1853-T1;GlimmerHMM}
39029	38963	internal-	5	5	{GeneMark_model.1999_t;GeneMark},{Augustus_model.g1539.t1;Augustus},{GlimmerHMM_glimmerT_1853-T1;GlimmerHMM}
39094	39030	INTRON			{GeneMark_model.1999_t;GeneMark},{Augustus_model.g1539.t1;Augustus},{GlimmerHMM_glimmerT_1853-T1;GlimmerHMM}
39160	39095	internal-	5	4	{GeneMark_model.1999_t;GeneMark},{Augustus_model.g1539.t1;Augustus},{GlimmerHMM_glimmerT_1853-T1;GlimmerHMM}
39235	39161	INTRON			{GeneMark_model.1999_t;GeneMark},{Augustus_model.g1539.t1;Augustus},{GlimmerHMM_glimmerT_1853-T1;GlimmerHMM}
39467	39236	internal-	4	4	{GeneMark_model.1999_t;GeneMark},{Augustus_model.g1539.t1;Augustus},{GlimmerHMM_glimmerT_1853-T1;GlimmerHMM}
39541	39468	INTRON			{GeneMark_model.1999_t;GeneMark},{Augustus_model.g1539.t1;Augustus},{GlimmerHMM_glimmerT_1853-T1;GlimmerHMM}
39598	39542	initial-	4	6	{GlimmerHMM_glimmerT_1853-T1;GlimmerHMM}

# EVM prediction: Mode:STANDARD S-ratio: 4.15 39714-40985 orient(-) score(4296.00) noncoding_equivalent(1036.42) raw_noncoding(1131.06) offset(94.64) 
40032	39714	terminal-	6	6	{GlimmerHMM_glimmerT_1854-T1;GlimmerHMM}
40096	40033	INTRON			{GeneMark_model.1999_t;GeneMark},{Augustus_model.g1539.t1;Augustus},{GlimmerHMM_glimmerT_1854-T1;GlimmerHMM}
40632	40097	internal-	4	5	{GeneMark_model.1999_t;GeneMark},{Augustus_model.g1539.t1;Augustus},{GlimmerHMM_glimmerT_1854-T1;GlimmerHMM}
40694	40633	INTRON			{GeneMark_model.1999_t;GeneMark},{Augustus_model.g1539.t1;Augustus},{GlimmerHMM_glimmerT_1854-T1;GlimmerHMM}
40985	40695	initial-	4	6	{GeneMark_model.1999_t;GeneMark},{Augustus_model.g1539.t1;Augustus},{GlimmerHMM_glimmerT_1854-T1;GlimmerHMM}

# EVM prediction: Mode:STANDARD S-ratio: 3.19 42413-43605 orient(-) score(6005.00) noncoding_equivalent(1880.46) raw_noncoding(2847.07) offset(966.62) 
42549	42413	terminal-	5	6	{GeneMark_model.2000_t;GeneMark},{GlimmerHMM_glimmerT_1855-T1;GlimmerHMM},{Augustus_model.g1540.t1;Augustus}
42613	42550	INTRON			{GeneMark_model.2000_t;GeneMark},{GlimmerHMM_glimmerT_1855-T1;GlimmerHMM},{Augustus_model.g1540.t1;Augustus},{ev_type:exonerate/ID=match.2566964.1733/Target=lcl|LCTV02000008_1_prot_PRQ73279_1_7664;exonerate},{ev_type:exonerate/ID=match.2566964.1727/Target=lcl|KQ954537_1_prot_KWU41464_1_6182;exonerate},{ev_type:exonerate/ID=match.2566964.1732/Target=lcl|BJWK01000007_1_prot_GEM09191_1_3208;exonerate}
42675	42614	internal-	6	4	{GeneMark_model.2000_t;GeneMark},{GlimmerHMM_glimmerT_1855-T1;GlimmerHMM},{Augustus_model.g1540.t1;Augustus},{ev_type:exonerate/ID=match.2566964.1733/Target=lcl|LCTV02000008_1_prot_PRQ73279_1_7664;exonerate},{ev_type:exonerate/ID=match.2566964.1727/Target=lcl|KQ954537_1_prot_KWU41464_1_6182;exonerate},{ev_type:exonerate/ID=match.2566964.1732/Target=lcl|BJWK01000007_1_prot_GEM09191_1_3208;exonerate}
42738	42676	INTRON			{GeneMark_model.2000_t;GeneMark},{GlimmerHMM_glimmerT_1855-T1;GlimmerHMM},{Augustus_model.g1540.t1;Augustus},{ev_type:exonerate/ID=match.2566964.1733/Target=lcl|LCTV02000008_1_prot_PRQ73279_1_7664;exonerate},{ev_type:exonerate/ID=match.2566964.1727/Target=lcl|KQ954537_1_prot_KWU41464_1_6182;exonerate},{ev_type:exonerate/ID=match.2566964.1732/Target=lcl|BJWK01000007_1_prot_GEM09191_1_3208;exonerate}
42951	42739	internal-	6	5	{GeneMark_model.2000_t;GeneMark},{GlimmerHMM_glimmerT_1855-T1;GlimmerHMM},{Augustus_model.g1540.t1;Augustus},{ev_type:exonerate/ID=match.2566964.1733/Target=lcl|LCTV02000008_1_prot_PRQ73279_1_7664;exonerate},{ev_type:exonerate/ID=match.2566964.1727/Target=lcl|KQ954537_1_prot_KWU41464_1_6182;exonerate},{ev_type:exonerate/ID=match.2566964.1732/Target=lcl|BJWK01000007_1_prot_GEM09191_1_3208;exonerate}
43013	42952	INTRON			{GeneMark_model.2000_t;GeneMark},{GlimmerHMM_glimmerT_1855-T1;GlimmerHMM},{Augustus_model.g1540.t1;Augustus},{ev_type:exonerate/ID=match.2566964.1733/Target=lcl|LCTV02000008_1_prot_PRQ73279_1_7664;exonerate},{ev_type:exonerate/ID=match.2566964.1727/Target=lcl|KQ954537_1_prot_KWU41464_1_6182;exonerate},{ev_type:exonerate/ID=match.2566964.1732/Target=lcl|BJWK01000007_1_prot_GEM09191_1_3208;exonerate}
43047	43014	internal-	5	5	{GeneMark_model.2000_t;GeneMark},{GlimmerHMM_glimmerT_1855-T1;GlimmerHMM},{Augustus_model.g1540.t1;Augustus},{ev_type:exonerate/ID=match.2566964.1733/Target=lcl|LCTV02000008_1_prot_PRQ73279_1_7664;exonerate},{ev_type:exonerate/ID=match.2566964.1727/Target=lcl|KQ954537_1_prot_KWU41464_1_6182;exonerate},{ev_type:exonerate/ID=match.2566964.1732/Target=lcl|BJWK01000007_1_prot_GEM09191_1_3208;exonerate}
43107	43048	INTRON			{GeneMark_model.2000_t;GeneMark},{GlimmerHMM_glimmerT_1855-T1;GlimmerHMM},{Augustus_model.g1540.t1;Augustus},{ev_type:exonerate/ID=match.2566964.1733/Target=lcl|LCTV02000008_1_prot_PRQ73279_1_7664;exonerate},{ev_type:exonerate/ID=match.2566964.1727/Target=lcl|KQ954537_1_prot_KWU41464_1_6182;exonerate},{ev_type:exonerate/ID=match.2566964.1732/Target=lcl|BJWK01000007_1_prot_GEM09191_1_3208;exonerate}
43230	43108	internal-	5	4	{GeneMark_model.2000_t;GeneMark},{GlimmerHMM_glimmerT_1855-T1;GlimmerHMM},{Augustus_model.g1540.t1;Augustus}
43291	43231	INTRON			{Augustus_model.g1540.t1;Augustus}
43296	43292	internal-	6	4	{Augustus_model.g1540.t1;Augustus}
43382	43297	INTRON			{Augustus_model.g1540.t1;Augustus}
43417	43383	internal-	4	5	{Augustus_model.g1540.t1;Augustus},{ev_type:exonerate/ID=match.2566964.1733/Target=lcl|LCTV02000008_1_prot_PRQ73279_1_7664;exonerate},{ev_type:exonerate/ID=match.2566964.1727/Target=lcl|KQ954537_1_prot_KWU41464_1_6182;exonerate}
43569	43418	INTRON			{GeneMark_model.2000_t;GeneMark},{Augustus_model.g1540.t1;Augustus},{ev_type:exonerate/ID=match.2566964.1733/Target=lcl|LCTV02000008_1_prot_PRQ73279_1_7664;exonerate},{ev_type:exonerate/ID=match.2566964.1727/Target=lcl|KQ954537_1_prot_KWU41464_1_6182;exonerate}
43605	43570	initial-	4	6	{Augustus_model.g1540.t1;Augustus}

# EVM prediction: Mode:STANDARD S-ratio: 2.22 43983-45685 orient(+) score(5746.00) noncoding_equivalent(2593.22) raw_noncoding(3034.61) offset(441.40) 
43983	44010	initial+	1	1	{Augustus_model.g1541.t1;Augustus},{GeneMark_model.2001_t;GeneMark},{GlimmerHMM_glimmerT_1856-T1;GlimmerHMM}
44011	44083	INTRON			{Augustus_model.g1541.t1;Augustus},{GeneMark_model.2001_t;GeneMark},{GlimmerHMM_glimmerT_1856-T1;GlimmerHMM}
44084	44115	internal+	2	3	{Augustus_model.g1541.t1;Augustus},{GeneMark_model.2001_t;GeneMark},{GlimmerHMM_glimmerT_1856-T1;GlimmerHMM}
44116	44190	INTRON			{Augustus_model.g1541.t1;Augustus},{GeneMark_model.2001_t;GeneMark},{snap_scaffold_4-snap.287-T1;snap},{GlimmerHMM_glimmerT_1856-T1;GlimmerHMM}
44191	44393	internal+	1	2	{Augustus_model.g1541.t1;Augustus},{GeneMark_model.2001_t;GeneMark},{GlimmerHMM_glimmerT_1856-T1;GlimmerHMM}
44394	44460	INTRON			{Augustus_model.g1541.t1;Augustus},{GeneMark_model.2001_t;GeneMark},{GlimmerHMM_glimmerT_1856-T1;GlimmerHMM}
44461	44615	internal+	3	1	{Augustus_model.g1541.t1;Augustus},{GeneMark_model.2001_t;GeneMark},{GlimmerHMM_glimmerT_1856-T1;GlimmerHMM}
44616	44683	INTRON			{Augustus_model.g1541.t1;Augustus},{GeneMark_model.2001_t;GeneMark},{GlimmerHMM_glimmerT_1856-T1;GlimmerHMM}
44684	44889	internal+	2	3	{Augustus_model.g1541.t1;Augustus},{GeneMark_model.2001_t;GeneMark},{GlimmerHMM_glimmerT_1856-T1;GlimmerHMM}
44890	44982	INTRON			{Augustus_model.g1541.t1;Augustus},{GeneMark_model.2001_t;GeneMark},{GlimmerHMM_glimmerT_1856-T1;GlimmerHMM}
44983	45102	internal+	1	3	{Augustus_model.g1541.t1;Augustus},{GeneMark_model.2001_t;GeneMark},{GlimmerHMM_glimmerT_1856-T1;GlimmerHMM}
45103	45165	INTRON			{Augustus_model.g1541.t1;Augustus},{GeneMark_model.2001_t;GeneMark},{GlimmerHMM_glimmerT_1856-T1;GlimmerHMM}
45166	45178	internal+	1	1	{Augustus_model.g1541.t1;Augustus},{GeneMark_model.2001_t;GeneMark},{GlimmerHMM_glimmerT_1856-T1;GlimmerHMM}
45179	45253	INTRON			{Augustus_model.g1541.t1;Augustus},{GeneMark_model.2001_t;GeneMark},{GlimmerHMM_glimmerT_1856-T1;GlimmerHMM}
45254	45360	internal+	2	3	{Augustus_model.g1541.t1;Augustus},{GeneMark_model.2001_t;GeneMark},{GlimmerHMM_glimmerT_1856-T1;GlimmerHMM}
45361	45430	INTRON			{Augustus_model.g1541.t1;Augustus},{GeneMark_model.2001_t;GeneMark},{GlimmerHMM_glimmerT_1856-T1;GlimmerHMM}
45431	45479	internal+	1	1	{Augustus_model.g1541.t1;Augustus},{GeneMark_model.2001_t;GeneMark},{GlimmerHMM_glimmerT_1856-T1;GlimmerHMM}
45480	45540	INTRON			{Augustus_model.g1541.t1;Augustus},{GeneMark_model.2001_t;GeneMark},{GlimmerHMM_glimmerT_1856-T1;GlimmerHMM}
45541	45566	internal+	2	3	{Augustus_model.g1541.t1;Augustus},{GeneMark_model.2001_t;GeneMark},{GlimmerHMM_glimmerT_1856-T1;GlimmerHMM}
45567	45634	INTRON			{Augustus_model.g1541.t1;Augustus},{GeneMark_model.2001_t;GeneMark},{GlimmerHMM_glimmerT_1856-T1;GlimmerHMM}
45635	45685	terminal+	1	3	{Augustus_model.g1541.t1;Augustus},{GeneMark_model.2001_t;GeneMark},{GlimmerHMM_glimmerT_1856-T1;GlimmerHMM}

# EVM prediction: Mode:STANDARD S-ratio: 4.41 46141-50109 orient(+) score(16478.00) noncoding_equivalent(3738.30) raw_noncoding(4341.00) offset(602.70) 
46141	46689	initial+	1	3	{GeneMark_model.2002_t;GeneMark},{Augustus_model.g1542.t1;Augustus}
46690	46748	INTRON			{GeneMark_model.2002_t;GeneMark},{Augustus_model.g1542.t1;Augustus},{GlimmerHMM_glimmerT_1857-T1;GlimmerHMM},{ev_type:exonerate/ID=match.2566964.1762/Target=lcl|KQ954537_1_prot_KWU41462_1_6180;exonerate}
46749	46890	internal+	1	1	{GeneMark_model.2002_t;GeneMark},{Augustus_model.g1542.t1;Augustus},{GlimmerHMM_glimmerT_1857-T1;GlimmerHMM},{ev_type:exonerate/ID=match.2566964.1762/Target=lcl|KQ954537_1_prot_KWU41462_1_6180;exonerate}
46891	46951	INTRON			{GeneMark_model.2002_t;GeneMark},{Augustus_model.g1542.t1;Augustus},{GlimmerHMM_glimmerT_1857-T1;GlimmerHMM},{snap_scaffold_4-snap.290-T1;snap},{ev_type:exonerate/ID=match.2566964.1762/Target=lcl|KQ954537_1_prot_KWU41462_1_6180;exonerate}
46952	47208	internal+	2	3	{GeneMark_model.2002_t;GeneMark},{Augustus_model.g1542.t1;Augustus},{ev_type:exonerate/ID=match.2566964.1762/Target=lcl|KQ954537_1_prot_KWU41462_1_6180;exonerate}
47209	47262	INTRON			{GeneMark_model.2002_t;GeneMark},{Augustus_model.g1542.t1;Augustus},{ev_type:exonerate/ID=match.2566964.1762/Target=lcl|KQ954537_1_prot_KWU41462_1_6180;exonerate}
47263	47956	internal+	1	1	{GeneMark_model.2002_t;GeneMark},{Augustus_model.g1542.t1;Augustus},{ev_type:exonerate/ID=match.2566964.1762/Target=lcl|KQ954537_1_prot_KWU41462_1_6180;exonerate}
47957	48016	INTRON			{GeneMark_model.2002_t;GeneMark},{Augustus_model.g1542.t1;Augustus},{GlimmerHMM_glimmerT_1857-T1;GlimmerHMM},{ev_type:exonerate/ID=match.2566964.1762/Target=lcl|KQ954537_1_prot_KWU41462_1_6180;exonerate}
48017	48120	internal+	2	3	{GeneMark_model.2002_t;GeneMark},{Augustus_model.g1542.t1;Augustus},{GlimmerHMM_glimmerT_1857-T1;GlimmerHMM},{ev_type:exonerate/ID=match.2566964.1762/Target=lcl|KQ954537_1_prot_KWU41462_1_6180;exonerate}
48121	48180	INTRON			{GeneMark_model.2002_t;GeneMark},{Augustus_model.g1542.t1;Augustus},{GlimmerHMM_glimmerT_1857-T1;GlimmerHMM},{ev_type:exonerate/ID=match.2566964.1762/Target=lcl|KQ954537_1_prot_KWU41462_1_6180;exonerate}
48181	48273	internal+	1	3	{GeneMark_model.2002_t;GeneMark},{Augustus_model.g1542.t1;Augustus},{GlimmerHMM_glimmerT_1857-T1;GlimmerHMM},{ev_type:exonerate/ID=match.2566964.1762/Target=lcl|KQ954537_1_prot_KWU41462_1_6180;exonerate}
48274	48330	INTRON			{GeneMark_model.2002_t;GeneMark},{Augustus_model.g1542.t1;Augustus},{GlimmerHMM_glimmerT_1857-T1;GlimmerHMM},{ev_type:exonerate/ID=match.2566964.1762/Target=lcl|KQ954537_1_prot_KWU41462_1_6180;exonerate}
48331	48458	internal+	1	2	{GeneMark_model.2002_t;GeneMark},{Augustus_model.g1542.t1;Augustus},{GlimmerHMM_glimmerT_1857-T1;GlimmerHMM},{ev_type:exonerate/ID=match.2566964.1762/Target=lcl|KQ954537_1_prot_KWU41462_1_6180;exonerate}
48459	48521	INTRON			{GeneMark_model.2002_t;GeneMark},{Augustus_model.g1542.t1;Augustus},{GlimmerHMM_glimmerT_1857-T1;GlimmerHMM},{ev_type:exonerate/ID=match.2566964.1762/Target=lcl|KQ954537_1_prot_KWU41462_1_6180;exonerate}
48522	48762	internal+	3	3	{GeneMark_model.2002_t;GeneMark},{Augustus_model.g1542.t1;Augustus},{GlimmerHMM_glimmerT_1857-T1;GlimmerHMM},{ev_type:exonerate/ID=match.2566964.1762/Target=lcl|KQ954537_1_prot_KWU41462_1_6180;exonerate}
48763	48822	INTRON			{GeneMark_model.2002_t;GeneMark},{Augustus_model.g1542.t1;Augustus},{GlimmerHMM_glimmerT_1857-T1;GlimmerHMM},{ev_type:exonerate/ID=match.2566964.1762/Target=lcl|KQ954537_1_prot_KWU41462_1_6180;exonerate}
48823	49207	internal+	1	1	{GeneMark_model.2002_t;GeneMark},{Augustus_model.g1542.t1;Augustus},{GlimmerHMM_glimmerT_1857-T1;GlimmerHMM},{ev_type:exonerate/ID=match.2566964.1762/Target=lcl|KQ954537_1_prot_KWU41462_1_6180;exonerate}
49208	49266	INTRON			{GeneMark_model.2002_t;GeneMark},{Augustus_model.g1542.t1;Augustus},{GlimmerHMM_glimmerT_1857-T1;GlimmerHMM},{ev_type:exonerate/ID=match.2566964.1762/Target=lcl|KQ954537_1_prot_KWU41462_1_6180;exonerate}
49267	49403	internal+	2	3	{GeneMark_model.2002_t;GeneMark},{Augustus_model.g1542.t1;Augustus},{GlimmerHMM_glimmerT_1857-T1;GlimmerHMM},{ev_type:exonerate/ID=match.2566964.1762/Target=lcl|KQ954537_1_prot_KWU41462_1_6180;exonerate}
49404	49474	INTRON			{GeneMark_model.2002_t;GeneMark},{Augustus_model.g1542.t1;Augustus},{GlimmerHMM_glimmerT_1857-T1;GlimmerHMM},{ev_type:exonerate/ID=match.2566964.1762/Target=lcl|KQ954537_1_prot_KWU41462_1_6180;exonerate}
49475	49574	internal+	1	1	{GeneMark_model.2002_t;GeneMark},{Augustus_model.g1542.t1;Augustus},{GlimmerHMM_glimmerT_1857-T1;GlimmerHMM}
49575	49643	INTRON			{GeneMark_model.2002_t;GeneMark},{Augustus_model.g1542.t1;Augustus}
49644	49726	internal+	2	3	{GeneMark_model.2002_t;GeneMark},{Augustus_model.g1542.t1;Augustus}
49727	49794	INTRON			{GeneMark_model.2002_t;GeneMark},{Augustus_model.g1542.t1;Augustus},{GlimmerHMM_glimmerT_1857-T1;GlimmerHMM}
49795	50109	terminal+	1	3	{GeneMark_model.2002_t;GeneMark},{Augustus_model.g1542.t1;Augustus},{GlimmerHMM_glimmerT_1857-T1;GlimmerHMM}

# EVM prediction: Mode:STANDARD S-ratio: 1.51 50326-50957 orient(-) score(1896.00) noncoding_equivalent(1258.00) raw_noncoding(1583.00) offset(325.00) 
50451	50326	terminal-	4	6	{Augustus_model.g1543.t1;Augustus},{GlimmerHMM_glimmerT_1858-T1;GlimmerHMM},{GeneMark_model.2003_t;GeneMark}
50569	50452	INTRON			{Augustus_model.g1543.t1;Augustus},{GlimmerHMM_glimmerT_1858-T1;GlimmerHMM},{GeneMark_model.2003_t;GeneMark}
50643	50570	internal-	5	6	{Augustus_model.g1543.t1;Augustus},{GlimmerHMM_glimmerT_1858-T1;GlimmerHMM},{GeneMark_model.2003_t;GeneMark}
50842	50644	INTRON			{Augustus_model.g1543.t1;Augustus},{GlimmerHMM_glimmerT_1858-T1;GlimmerHMM},{GeneMark_model.2003_t;GeneMark}
50957	50843	initial-	4	4	{Augustus_model.g1543.t1;Augustus},{GlimmerHMM_glimmerT_1858-T1;GlimmerHMM},{GeneMark_model.2003_t;GeneMark}

# EVM prediction: Mode:STANDARD S-ratio: 1.59 51465-52601 orient(-) score(3043.00) noncoding_equivalent(1915.80) raw_noncoding(2565.00) offset(649.20) 
51528	51465	terminal-	6	6	{GeneMark_model.2004_t;GeneMark},{Augustus_model.g1544.t1;Augustus}
51599	51529	INTRON			{GeneMark_model.2004_t;GeneMark},{Augustus_model.g1544.t1;Augustus}
51739	51600	internal-	4	5	{GeneMark_model.2004_t;GeneMark},{Augustus_model.g1544.t1;Augustus}
51821	51740	INTRON			{GlimmerHMM_glimmerT_1859-T1;GlimmerHMM},{GeneMark_model.2004_t;GeneMark},{Augustus_model.g1544.t1;Augustus}
51933	51822	internal-	6	6	{GlimmerHMM_glimmerT_1859-T1;GlimmerHMM},{GeneMark_model.2004_t;GeneMark},{Augustus_model.g1544.t1;Augustus}
52011	51934	INTRON			{GeneMark_model.2004_t;GeneMark},{Augustus_model.g1544.t1;Augustus}
52101	52012	internal-	6	5	{GeneMark_model.2004_t;GeneMark},{Augustus_model.g1544.t1;Augustus}
52166	52102	INTRON			{GeneMark_model.2004_t;GeneMark},{Augustus_model.g1544.t1;Augustus}
52262	52167	internal-	6	5	{GlimmerHMM_glimmerT_1859-T1;GlimmerHMM},{GeneMark_model.2004_t;GeneMark},{Augustus_model.g1544.t1;Augustus}
52327	52263	INTRON			{GlimmerHMM_glimmerT_1859-T1;GlimmerHMM},{GeneMark_model.2004_t;GeneMark},{Augustus_model.g1544.t1;Augustus}
52424	52328	internal-	5	5	{GlimmerHMM_glimmerT_1859-T1;GlimmerHMM},{GeneMark_model.2004_t;GeneMark},{Augustus_model.g1544.t1;Augustus}
52489	52425	INTRON			{GlimmerHMM_glimmerT_1859-T1;GlimmerHMM},{GeneMark_model.2004_t;GeneMark},{Augustus_model.g1544.t1;Augustus}
52601	52490	initial-	4	4	{GlimmerHMM_glimmerT_1859-T1;GlimmerHMM},{GeneMark_model.2004_t;GeneMark}

# EVM prediction: Mode:STANDARD S-ratio: 4.38 53124-54107 orient(-) score(5121.00) noncoding_equivalent(1169.97) raw_noncoding(1380.02) offset(210.05) 
53331	53124	terminal-	6	6	{GlimmerHMM_glimmerT_1860-T1;GlimmerHMM},{snap_scaffold_4-snap.291-T1;snap},{GeneMark_model.2005_t;GeneMark}
53440	53332	INTRON			{GlimmerHMM_glimmerT_1860-T1;GlimmerHMM},{Augustus_model.g1544.t1;Augustus},{GeneMark_model.2005_t;GeneMark},{ev_type:exonerate/ID=match.2566964.1861/Target=lcl|PJQD01000097_1_prot_POY70748_1_6880;exonerate},{ev_type:exonerate/ID=match.2566964.1863/Target=lcl|KQ954537_1_prot_KWU41459_1_6177;exonerate}
53640	53441	internal-	4	5	{GlimmerHMM_glimmerT_1860-T1;GlimmerHMM},{Augustus_model.g1544.t1;Augustus},{GeneMark_model.2005_t;GeneMark},{ev_type:exonerate/ID=match.2566964.1861/Target=lcl|PJQD01000097_1_prot_POY70748_1_6880;exonerate},{ev_type:exonerate/ID=match.2566964.1863/Target=lcl|KQ954537_1_prot_KWU41459_1_6177;exonerate}
53732	53641	INTRON			{GlimmerHMM_glimmerT_1860-T1;GlimmerHMM},{Augustus_model.g1544.t1;Augustus},{GeneMark_model.2005_t;GeneMark},{ev_type:exonerate/ID=match.2566964.1861/Target=lcl|PJQD01000097_1_prot_POY70748_1_6880;exonerate},{ev_type:exonerate/ID=match.2566964.1863/Target=lcl|KQ954537_1_prot_KWU41459_1_6177;exonerate}
54107	53733	initial-	4	6	{GlimmerHMM_glimmerT_1860-T1;GlimmerHMM},{Augustus_model.g1544.t1;Augustus},{GeneMark_model.2005_t;GeneMark}

# EVM prediction: Mode:STANDARD S-ratio: 8.32 54347-56770 orient(-) score(23604.00) noncoding_equivalent(2836.47) raw_noncoding(3285.00) offset(448.53) 
54390	54347	terminal-	5	6	{GeneMark_model.2006_t;GeneMark},{GlimmerHMM_glimmerT_1861-T1;GlimmerHMM},{HiQ_model.g1545.t1;HiQ}
54454	54391	INTRON			{GeneMark_model.2006_t;GeneMark},{GlimmerHMM_glimmerT_1861-T1;GlimmerHMM},{HiQ_model.g1545.t1;HiQ},{ev_type:exonerate/ID=match.2566964.1397/Target=lcl|NW_017264930_1_prot_XP_018273023_1_1741;exonerate},{ev_type:exonerate/ID=match.2566964.1392/Target=lcl|LCTV02000008_1_prot_PRQ73263_1_7648;exonerate},{ev_type:exonerate/ID=match.2566964.1393/Target=lcl|KQ954537_1_prot_KWU41458_1_6176;exonerate},{ev_type:exonerate/ID=match.2566964.1388/Target=lcl|BJWK01000007_1_prot_GEM09207_1_3224;exonerate},{ev_type:exonerate/ID=match.2566964.1387/Target=lcl|PJQD01000097_1_prot_POY70749_1_6881;exonerate}
56394	54455	internal-	6	4	{GeneMark_model.2006_t;GeneMark},{GlimmerHMM_glimmerT_1861-T1;GlimmerHMM},{HiQ_model.g1545.t1;HiQ},{ev_type:exonerate/ID=match.2566964.1397/Target=lcl|NW_017264930_1_prot_XP_018273023_1_1741;exonerate},{ev_type:exonerate/ID=match.2566964.1392/Target=lcl|LCTV02000008_1_prot_PRQ73263_1_7648;exonerate},{ev_type:exonerate/ID=match.2566964.1393/Target=lcl|KQ954537_1_prot_KWU41458_1_6176;exonerate},{ev_type:exonerate/ID=match.2566964.1388/Target=lcl|BJWK01000007_1_prot_GEM09207_1_3224;exonerate},{ev_type:exonerate/ID=match.2566964.1387/Target=lcl|PJQD01000097_1_prot_POY70749_1_6881;exonerate}
56456	56395	INTRON			{GeneMark_model.2006_t;GeneMark},{HiQ_model.g1545.t1;HiQ},{ev_type:exonerate/ID=match.2566964.1397/Target=lcl|NW_017264930_1_prot_XP_018273023_1_1741;exonerate},{ev_type:exonerate/ID=match.2566964.1392/Target=lcl|LCTV02000008_1_prot_PRQ73263_1_7648;exonerate},{ev_type:exonerate/ID=match.2566964.1393/Target=lcl|KQ954537_1_prot_KWU41458_1_6176;exonerate},{ev_type:exonerate/ID=match.2566964.1388/Target=lcl|BJWK01000007_1_prot_GEM09207_1_3224;exonerate},{ev_type:exonerate/ID=match.2566964.1387/Target=lcl|PJQD01000097_1_prot_POY70749_1_6881;exonerate}
56482	56457	internal-	4	5	{GeneMark_model.2006_t;GeneMark},{HiQ_model.g1545.t1;HiQ},{ev_type:exonerate/ID=match.2566964.1397/Target=lcl|NW_017264930_1_prot_XP_018273023_1_1741;exonerate},{ev_type:exonerate/ID=match.2566964.1392/Target=lcl|LCTV02000008_1_prot_PRQ73263_1_7648;exonerate},{ev_type:exonerate/ID=match.2566964.1393/Target=lcl|KQ954537_1_prot_KWU41458_1_6176;exonerate},{ev_type:exonerate/ID=match.2566964.1388/Target=lcl|BJWK01000007_1_prot_GEM09207_1_3224;exonerate},{ev_type:exonerate/ID=match.2566964.1387/Target=lcl|PJQD01000097_1_prot_POY70749_1_6881;exonerate}
56572	56483	INTRON			{GeneMark_model.2006_t;GeneMark},{GlimmerHMM_glimmerT_1861-T1;GlimmerHMM},{HiQ_model.g1545.t1;HiQ},{ev_type:exonerate/ID=match.2566964.1397/Target=lcl|NW_017264930_1_prot_XP_018273023_1_1741;exonerate},{ev_type:exonerate/ID=match.2566964.1392/Target=lcl|LCTV02000008_1_prot_PRQ73263_1_7648;exonerate},{ev_type:exonerate/ID=match.2566964.1393/Target=lcl|KQ954537_1_prot_KWU41458_1_6176;exonerate},{ev_type:exonerate/ID=match.2566964.1388/Target=lcl|BJWK01000007_1_prot_GEM09207_1_3224;exonerate},{ev_type:exonerate/ID=match.2566964.1387/Target=lcl|PJQD01000097_1_prot_POY70749_1_6881;exonerate}
56770	56573	initial-	4	6	{GeneMark_model.2006_t;GeneMark},{HiQ_model.g1545.t1;HiQ}

# EVM prediction: Mode:STANDARD S-ratio: 2.30 57173-59625 orient(-) score(6712.00) noncoding_equivalent(2917.72) raw_noncoding(3234.47) offset(316.75) 
57746	57173	terminal-	6	6	{GeneMark_model.2007_t;GeneMark}
57813	57747	INTRON			{Augustus_model.g1546.t1;Augustus},{GeneMark_model.2007_t;GeneMark}
58065	57814	internal-	6	5	{GeneMark_model.2007_t;GeneMark}
58156	58066	INTRON			{GeneMark_model.2007_t;GeneMark}
59625	58157	initial-	4	5	{GlimmerHMM_glimmerT_1861-T1;GlimmerHMM},{GeneMark_model.2007_t;GeneMark}

# EVM prediction: Mode:STANDARD S-ratio: 5.11 60424-62424 orient(-) score(8878.00) noncoding_equivalent(1736.94) raw_noncoding(2024.52) offset(287.58) 
60672	60424	terminal-	4	6	{GlimmerHMM_glimmerT_1862-T1;GlimmerHMM},{GeneMark_model.2008_t;GeneMark}
60751	60673	INTRON			{GlimmerHMM_glimmerT_1862-T1;GlimmerHMM},{Augustus_model.g1546.t1;Augustus},{GeneMark_model.2008_t;GeneMark},{ev_type:exonerate/ID=match.2566964.641/Target=lcl|KQ954537_1_prot_KWU41456_1_6174;exonerate}
60840	60752	internal-	5	6	{GlimmerHMM_glimmerT_1862-T1;GlimmerHMM},{Augustus_model.g1546.t1;Augustus},{GeneMark_model.2008_t;GeneMark},{ev_type:exonerate/ID=match.2566964.641/Target=lcl|KQ954537_1_prot_KWU41456_1_6174;exonerate}
60896	60841	INTRON			{GlimmerHMM_glimmerT_1862-T1;GlimmerHMM},{Augustus_model.g1546.t1;Augustus},{GeneMark_model.2008_t;GeneMark},{ev_type:exonerate/ID=match.2566964.641/Target=lcl|KQ954537_1_prot_KWU41456_1_6174;exonerate}
61659	60897	internal-	4	4	{Augustus_model.g1546.t1;Augustus},{GeneMark_model.2008_t;GeneMark},{ev_type:exonerate/ID=match.2566964.641/Target=lcl|KQ954537_1_prot_KWU41456_1_6174;exonerate}
61740	61660	INTRON			{Augustus_model.g1546.t1;Augustus},{GeneMark_model.2008_t;GeneMark},{ev_type:exonerate/ID=match.2566964.641/Target=lcl|KQ954537_1_prot_KWU41456_1_6174;exonerate}
61951	61741	internal-	6	6	{Augustus_model.g1546.t1;Augustus},{GeneMark_model.2008_t;GeneMark},{ev_type:exonerate/ID=match.2566964.641/Target=lcl|KQ954537_1_prot_KWU41456_1_6174;exonerate}
62033	61952	INTRON			{GlimmerHMM_glimmerT_1862-T1;GlimmerHMM},{Augustus_model.g1546.t1;Augustus},{GeneMark_model.2008_t;GeneMark},{ev_type:exonerate/ID=match.2566964.641/Target=lcl|KQ954537_1_prot_KWU41456_1_6174;exonerate}
62157	62034	internal-	5	5	{GlimmerHMM_glimmerT_1862-T1;GlimmerHMM},{Augustus_model.g1546.t1;Augustus},{GeneMark_model.2008_t;GeneMark},{ev_type:exonerate/ID=match.2566964.641/Target=lcl|KQ954537_1_prot_KWU41456_1_6174;exonerate}
62261	62158	INTRON			{GlimmerHMM_glimmerT_1862-T1;GlimmerHMM},{Augustus_model.g1546.t1;Augustus},{GeneMark_model.2008_t;GeneMark},{ev_type:exonerate/ID=match.2566964.641/Target=lcl|KQ954537_1_prot_KWU41456_1_6174;exonerate}
62424	62262	initial-	4	4	{Augustus_model.g1546.t1;Augustus}

# EVM prediction: Mode:STANDARD S-ratio: 3.45 62580-65339 orient(+) score(8945.00) noncoding_equivalent(2593.65) raw_noncoding(2867.65) offset(274.00) 
62580	62737	initial+	1	2	{GeneMark_model.2009_t;GeneMark},{GlimmerHMM_glimmerT_1863-T1;GlimmerHMM},{Augustus_model.g1547.t1;Augustus}
62738	62799	INTRON			{GeneMark_model.2009_t;GeneMark},{GlimmerHMM_glimmerT_1863-T1;GlimmerHMM},{Augustus_model.g1547.t1;Augustus}
62800	63124	internal+	3	3	{GeneMark_model.2009_t;GeneMark},{GlimmerHMM_glimmerT_1863-T1;GlimmerHMM},{Augustus_model.g1547.t1;Augustus}
63125	63187	INTRON			{GeneMark_model.2009_t;GeneMark},{GlimmerHMM_glimmerT_1863-T1;GlimmerHMM},{Augustus_model.g1547.t1;Augustus}
63188	63470	internal+	1	1	{GeneMark_model.2009_t;GeneMark},{GlimmerHMM_glimmerT_1863-T1;GlimmerHMM},{Augustus_model.g1547.t1;Augustus}
63471	63542	INTRON			{GeneMark_model.2009_t;GeneMark},{GlimmerHMM_glimmerT_1863-T1;GlimmerHMM},{Augustus_model.g1547.t1;Augustus}
63543	64265	internal+	2	1	{GeneMark_model.2009_t;GeneMark},{GlimmerHMM_glimmerT_1863-T1;GlimmerHMM},{Augustus_model.g1547.t1;Augustus}
64266	64326	INTRON			{GeneMark_model.2009_t;GeneMark},{GlimmerHMM_glimmerT_1863-T1;GlimmerHMM},{Augustus_model.g1547.t1;Augustus}
64327	65339	terminal+	2	3	{GeneMark_model.2009_t;GeneMark},{GlimmerHMM_glimmerT_1863-T1;GlimmerHMM}

# EVM prediction: Mode:STANDARD S-ratio: 3.96 65635-66411 orient(+) score(3835.00) noncoding_equivalent(969.07) raw_noncoding(1290.00) offset(320.93) 
65635	65922	initial+	1	3	{GeneMark_model.2010_t;GeneMark}
65923	65989	INTRON			{GeneMark_model.2010_t;GeneMark},{Augustus_model.g1547.t1;Augustus},{ev_type:exonerate/ID=match.2566964.1902/Target=lcl|KQ954537_1_prot_KWU41454_1_6172;exonerate},{ev_type:exonerate/ID=match.2566964.1908/Target=lcl|PJQD01000097_1_prot_POY70753_1_6885;exonerate}
65990	66012	internal+	1	2	{GeneMark_model.2010_t;GeneMark},{Augustus_model.g1547.t1;Augustus},{ev_type:exonerate/ID=match.2566964.1902/Target=lcl|KQ954537_1_prot_KWU41454_1_6172;exonerate},{ev_type:exonerate/ID=match.2566964.1908/Target=lcl|PJQD01000097_1_prot_POY70753_1_6885;exonerate}
66013	66085	INTRON			{GeneMark_model.2010_t;GeneMark},{Augustus_model.g1547.t1;Augustus},{ev_type:exonerate/ID=match.2566964.1902/Target=lcl|KQ954537_1_prot_KWU41454_1_6172;exonerate},{ev_type:exonerate/ID=match.2566964.1908/Target=lcl|PJQD01000097_1_prot_POY70753_1_6885;exonerate}
66086	66257	internal+	3	3	{GeneMark_model.2010_t;GeneMark},{GlimmerHMM_glimmerT_1864-T1;GlimmerHMM},{Augustus_model.g1547.t1;Augustus},{ev_type:exonerate/ID=match.2566964.1902/Target=lcl|KQ954537_1_prot_KWU41454_1_6172;exonerate},{ev_type:exonerate/ID=match.2566964.1908/Target=lcl|PJQD01000097_1_prot_POY70753_1_6885;exonerate}
66258	66351	INTRON			{GeneMark_model.2010_t;GeneMark},{GlimmerHMM_glimmerT_1864-T1;GlimmerHMM},{Augustus_model.g1547.t1;Augustus},{ev_type:exonerate/ID=match.2566964.1902/Target=lcl|KQ954537_1_prot_KWU41454_1_6172;exonerate},{ev_type:exonerate/ID=match.2566964.1908/Target=lcl|PJQD01000097_1_prot_POY70753_1_6885;exonerate}
66352	66411	terminal+	1	3	{GeneMark_model.2010_t;GeneMark},{GlimmerHMM_glimmerT_1864-T1;GlimmerHMM},{Augustus_model.g1547.t1;Augustus}

# EVM prediction: Mode:STANDARD S-ratio: 4.03 66569-67485 orient(-) score(5135.00) noncoding_equivalent(1273.00) raw_noncoding(1664.00) offset(391.00) 
66638	66569	terminal-	6	6	{HiQ_model.g1548.t1;HiQ},{GlimmerHMM_glimmerT_1865-T1;GlimmerHMM},{GeneMark_model.2011_t;GeneMark}
66716	66639	INTRON			{HiQ_model.g1548.t1;HiQ},{GlimmerHMM_glimmerT_1865-T1;GlimmerHMM},{GeneMark_model.2011_t;GeneMark},{ev_type:exonerate/ID=match.2566964.1865/Target=lcl|PJQD01000097_1_prot_POY70754_1_6886;exonerate}
67275	66717	internal-	5	5	{HiQ_model.g1548.t1;HiQ},{GlimmerHMM_glimmerT_1865-T1;GlimmerHMM},{GeneMark_model.2011_t;GeneMark},{ev_type:exonerate/ID=match.2566964.1865/Target=lcl|PJQD01000097_1_prot_POY70754_1_6886;exonerate}
67335	67276	INTRON			{HiQ_model.g1548.t1;HiQ},{GlimmerHMM_glimmerT_1865-T1;GlimmerHMM},{GeneMark_model.2011_t;GeneMark},{ev_type:exonerate/ID=match.2566964.1865/Target=lcl|PJQD01000097_1_prot_POY70754_1_6886;exonerate}
67365	67336	internal-	5	4	{HiQ_model.g1548.t1;HiQ},{GlimmerHMM_glimmerT_1865-T1;GlimmerHMM},{GeneMark_model.2011_t;GeneMark},{ev_type:exonerate/ID=match.2566964.1865/Target=lcl|PJQD01000097_1_prot_POY70754_1_6886;exonerate}
67439	67366	INTRON			{HiQ_model.g1548.t1;HiQ},{GlimmerHMM_glimmerT_1865-T1;GlimmerHMM},{GeneMark_model.2011_t;GeneMark},{ev_type:exonerate/ID=match.2566964.1865/Target=lcl|PJQD01000097_1_prot_POY70754_1_6886;exonerate}
67485	67440	initial-	4	4	{HiQ_model.g1548.t1;HiQ},{GlimmerHMM_glimmerT_1865-T1;GlimmerHMM},{GeneMark_model.2011_t;GeneMark}

# EVM prediction: Mode:STANDARD S-ratio: 2.06 67799-69568 orient(+) score(5007.00) noncoding_equivalent(2427.22) raw_noncoding(3617.96) offset(1190.74) 
67799	67843	initial+	1	3	{Augustus_model.g1549.t1;Augustus},{GlimmerHMM_glimmerT_1866-T1;GlimmerHMM},{GeneMark_model.2012_t;GeneMark}
67844	67920	INTRON			{Augustus_model.g1549.t1;Augustus},{GlimmerHMM_glimmerT_1866-T1;GlimmerHMM},{GeneMark_model.2012_t;GeneMark}
67921	67971	internal+	1	3	{Augustus_model.g1549.t1;Augustus},{GlimmerHMM_glimmerT_1866-T1;GlimmerHMM},{GeneMark_model.2012_t;GeneMark}
67972	68066	INTRON			{Augustus_model.g1549.t1;Augustus},{GeneMark_model.2012_t;GeneMark}
68067	68109	internal+	1	1	{Augustus_model.g1549.t1;Augustus},{GeneMark_model.2012_t;GeneMark}
68110	68166	INTRON			{Augustus_model.g1549.t1;Augustus},{GeneMark_model.2012_t;GeneMark}
68167	68602	internal+	2	2	{Augustus_model.g1549.t1;Augustus},{GeneMark_model.2012_t;GeneMark}
68603	68665	INTRON			{Augustus_model.g1549.t1;Augustus},{GlimmerHMM_glimmerT_1866-T1;GlimmerHMM},{GeneMark_model.2012_t;GeneMark}
68666	68725	internal+	3	2	{Augustus_model.g1549.t1;Augustus},{GlimmerHMM_glimmerT_1866-T1;GlimmerHMM},{GeneMark_model.2012_t;GeneMark}
68726	68789	INTRON			{Augustus_model.g1549.t1;Augustus},{GlimmerHMM_glimmerT_1866-T1;GlimmerHMM},{GeneMark_model.2012_t;GeneMark}
68790	68843	internal+	3	2	{Augustus_model.g1549.t1;Augustus},{GeneMark_model.2012_t;GeneMark}
68844	68903	INTRON			{Augustus_model.g1549.t1;Augustus},{GeneMark_model.2012_t;GeneMark}
68904	68961	internal+	3	3	{Augustus_model.g1549.t1;Augustus},{GeneMark_model.2012_t;GeneMark}
68962	69021	INTRON			{Augustus_model.g1549.t1;Augustus},{GlimmerHMM_glimmerT_1866-T1;GlimmerHMM},{GeneMark_model.2012_t;GeneMark}
69022	69120	internal+	1	3	{Augustus_model.g1549.t1;Augustus},{GlimmerHMM_glimmerT_1866-T1;GlimmerHMM},{GeneMark_model.2012_t;GeneMark}
69121	69177	INTRON			{Augustus_model.g1549.t1;Augustus},{GeneMark_model.2012_t;GeneMark}
69178	69230	internal+	1	2	{GeneMark_model.2012_t;GeneMark}
69231	69306	INTRON			{GeneMark_model.2012_t;GeneMark}
69307	69395	internal+	3	1	{Augustus_model.g1549.t1;Augustus},{GeneMark_model.2012_t;GeneMark}
69396	69460	INTRON			{Augustus_model.g1549.t1;Augustus},{GeneMark_model.2012_t;GeneMark}
69461	69468	internal+	2	3	{Augustus_model.g1549.t1;Augustus},{GeneMark_model.2012_t;GeneMark}
69469	69535	INTRON			{Augustus_model.g1549.t1;Augustus},{GeneMark_model.2012_t;GeneMark}
69536	69568	terminal+	1	3	{Augustus_model.g1549.t1;Augustus},{GlimmerHMM_glimmerT_1866-T1;GlimmerHMM},{GeneMark_model.2012_t;GeneMark}

# EVM prediction: Mode:STANDARD S-ratio: 3.83 69758-71243 orient(-) score(9415.00) noncoding_equivalent(2458.62) raw_noncoding(2733.76) offset(275.15) 
70490	69758	terminal-	6	6	{GeneMark_model.2013_t;GeneMark},{GlimmerHMM_glimmerT_1867-T1;GlimmerHMM},{HiQ_model.g1550.t1;HiQ}
70564	70491	INTRON			{GeneMark_model.2013_t;GeneMark},{GlimmerHMM_glimmerT_1867-T1;GlimmerHMM},{HiQ_model.g1550.t1;HiQ},{ev_type:exonerate/ID=match.2566964.1796/Target=lcl|PJQD01000097_1_prot_POY70756_1_6888;exonerate},{ev_type:exonerate/ID=match.2566964.1799/Target=lcl|KQ954537_1_prot_KWU41451_1_6169;exonerate}
71069	70565	internal-	5	5	{GeneMark_model.2013_t;GeneMark},{GlimmerHMM_glimmerT_1867-T1;GlimmerHMM},{HiQ_model.g1550.t1;HiQ},{ev_type:exonerate/ID=match.2566964.1796/Target=lcl|PJQD01000097_1_prot_POY70756_1_6888;exonerate},{ev_type:exonerate/ID=match.2566964.1799/Target=lcl|KQ954537_1_prot_KWU41451_1_6169;exonerate}
71134	71070	INTRON			{GeneMark_model.2013_t;GeneMark},{GlimmerHMM_glimmerT_1867-T1;GlimmerHMM},{HiQ_model.g1550.t1;HiQ},{ev_type:exonerate/ID=match.2566964.1796/Target=lcl|PJQD01000097_1_prot_POY70756_1_6888;exonerate},{ev_type:exonerate/ID=match.2566964.1799/Target=lcl|KQ954537_1_prot_KWU41451_1_6169;exonerate}
71243	71135	initial-	4	4	{GeneMark_model.2013_t;GeneMark},{GlimmerHMM_glimmerT_1867-T1;GlimmerHMM},{HiQ_model.g1550.t1;HiQ}

# EVM prediction: Mode:STANDARD S-ratio: 2.22 71632-72710 orient(+) score(3157.00) noncoding_equivalent(1419.00) raw_noncoding(1700.00) offset(281.00) 
71632	71770	initial+	1	1	{Augustus_model.g1551.t1;Augustus},{GlimmerHMM_glimmerT_1868-T1;GlimmerHMM},{GeneMark_model.2014_t;GeneMark}
71771	71836	INTRON			{Augustus_model.g1551.t1;Augustus},{GlimmerHMM_glimmerT_1868-T1;GlimmerHMM},{GeneMark_model.2014_t;GeneMark}
71837	72000	internal+	2	3	{Augustus_model.g1551.t1;Augustus},{GlimmerHMM_glimmerT_1868-T1;GlimmerHMM},{GeneMark_model.2014_t;GeneMark}
72001	72069	INTRON			{Augustus_model.g1551.t1;Augustus},{GlimmerHMM_glimmerT_1868-T1;GlimmerHMM},{GeneMark_model.2014_t;GeneMark}
72070	72157	internal+	1	1	{Augustus_model.g1551.t1;Augustus},{GlimmerHMM_glimmerT_1868-T1;GlimmerHMM},{GeneMark_model.2014_t;GeneMark}
72158	72237	INTRON			{Augustus_model.g1551.t1;Augustus},{GlimmerHMM_glimmerT_1868-T1;GlimmerHMM}
72238	72710	terminal+	2	3	{Augustus_model.g1551.t1;Augustus},{GlimmerHMM_glimmerT_1868-T1;GlimmerHMM}

# EVM prediction: Mode:STANDARD S-ratio: 5.18 73168-79090 orient(+) score(20701.00) noncoding_equivalent(3994.91) raw_noncoding(4351.00) offset(356.09) 
73168	73665	initial+	1	3	{GlimmerHMM_glimmerT_1869-T1;GlimmerHMM},{Augustus_model.g1552.t1;Augustus},{GeneMark_model.2015_t;GeneMark}
73666	73737	INTRON			{GlimmerHMM_glimmerT_1869-T1;GlimmerHMM},{Augustus_model.g1552.t1;Augustus},{GeneMark_model.2015_t;GeneMark}
73738	73837	internal+	1	1	{GlimmerHMM_glimmerT_1869-T1;GlimmerHMM},{Augustus_model.g1552.t1;Augustus},{GeneMark_model.2015_t;GeneMark}
73838	73902	INTRON			{GlimmerHMM_glimmerT_1869-T1;GlimmerHMM},{Augustus_model.g1552.t1;Augustus},{GeneMark_model.2015_t;GeneMark}
73903	74933	internal+	2	3	{GlimmerHMM_glimmerT_1869-T1;GlimmerHMM},{Augustus_model.g1552.t1;Augustus},{GeneMark_model.2015_t;GeneMark}
74934	74997	INTRON			{GlimmerHMM_glimmerT_1869-T1;GlimmerHMM},{Augustus_model.g1552.t1;Augustus},{GeneMark_model.2015_t;GeneMark}
74998	76388	internal+	1	2	{GlimmerHMM_glimmerT_1869-T1;GlimmerHMM},{Augustus_model.g1552.t1;Augustus},{GeneMark_model.2015_t;GeneMark}
76389	76454	INTRON			{GlimmerHMM_glimmerT_1869-T1;GlimmerHMM},{Augustus_model.g1552.t1;Augustus},{GeneMark_model.2015_t;GeneMark}
76455	76893	internal+	3	3	{GlimmerHMM_glimmerT_1869-T1;GlimmerHMM},{Augustus_model.g1552.t1;Augustus},{GeneMark_model.2015_t;GeneMark}
76894	76954	INTRON			{GlimmerHMM_glimmerT_1869-T1;GlimmerHMM},{Augustus_model.g1552.t1;Augustus},{snap_scaffold_4-snap.300-T1;snap},{GeneMark_model.2015_t;GeneMark}
76955	78420	internal+	1	2	{GlimmerHMM_glimmerT_1869-T1;GlimmerHMM},{Augustus_model.g1552.t1;Augustus},{GeneMark_model.2015_t;GeneMark}
78421	78482	INTRON			{GlimmerHMM_glimmerT_1869-T1;GlimmerHMM},{Augustus_model.g1552.t1;Augustus},{GeneMark_model.2015_t;GeneMark}
78483	78542	internal+	3	2	{GlimmerHMM_glimmerT_1869-T1;GlimmerHMM},{Augustus_model.g1552.t1;Augustus},{GeneMark_model.2015_t;GeneMark}
78543	78609	INTRON			{GlimmerHMM_glimmerT_1869-T1;GlimmerHMM},{Augustus_model.g1552.t1;Augustus},{GeneMark_model.2015_t;GeneMark}
78610	79090	terminal+	3	3	{GlimmerHMM_glimmerT_1869-T1;GlimmerHMM},{Augustus_model.g1552.t1;Augustus},{GeneMark_model.2015_t;GeneMark}

# EVM prediction: Mode:STANDARD S-ratio: 1.90 79984-84166 orient(-) score(12549.00) noncoding_equivalent(6615.00) raw_noncoding(7939.00) offset(1324.00) 
80096	79984	terminal-	5	6	{Augustus_model.g1553.t1;Augustus},{GlimmerHMM_glimmerT_1870-T1;GlimmerHMM},{GeneMark_model.2016_t;GeneMark}
80176	80097	INTRON			{Augustus_model.g1553.t1;Augustus},{GlimmerHMM_glimmerT_1870-T1;GlimmerHMM},{GeneMark_model.2016_t;GeneMark}
80274	80177	internal-	6	4	{Augustus_model.g1553.t1;Augustus},{GlimmerHMM_glimmerT_1870-T1;GlimmerHMM},{GeneMark_model.2016_t;GeneMark}
80328	80275	INTRON			{Augustus_model.g1553.t1;Augustus},{GlimmerHMM_glimmerT_1870-T1;GlimmerHMM},{GeneMark_model.2016_t;GeneMark}
80411	80329	internal-	4	5	{Augustus_model.g1553.t1;Augustus},{GlimmerHMM_glimmerT_1870-T1;GlimmerHMM},{GeneMark_model.2016_t;GeneMark}
80511	80412	INTRON			{Augustus_model.g1553.t1;Augustus},{GlimmerHMM_glimmerT_1870-T1;GlimmerHMM},{GeneMark_model.2016_t;GeneMark}
80602	80512	internal-	6	6	{Augustus_model.g1553.t1;Augustus},{GlimmerHMM_glimmerT_1870-T1;GlimmerHMM},{GeneMark_model.2016_t;GeneMark}
80662	80603	INTRON			{Augustus_model.g1553.t1;Augustus},{GlimmerHMM_glimmerT_1870-T1;GlimmerHMM},{GeneMark_model.2016_t;GeneMark}
80793	80663	internal-	4	5	{Augustus_model.g1553.t1;Augustus},{GlimmerHMM_glimmerT_1870-T1;GlimmerHMM},{GeneMark_model.2016_t;GeneMark}
80870	80794	INTRON			{Augustus_model.g1553.t1;Augustus},{GlimmerHMM_glimmerT_1870-T1;GlimmerHMM},{GeneMark_model.2016_t;GeneMark}
81020	80871	internal-	4	6	{Augustus_model.g1553.t1;Augustus},{GlimmerHMM_glimmerT_1870-T1;GlimmerHMM},{GeneMark_model.2016_t;GeneMark}
81083	81021	INTRON			{Augustus_model.g1553.t1;Augustus},{GlimmerHMM_glimmerT_1870-T1;GlimmerHMM},{GeneMark_model.2016_t;GeneMark}
81310	81084	internal-	5	6	{Augustus_model.g1553.t1;Augustus},{GlimmerHMM_glimmerT_1870-T1;GlimmerHMM},{GeneMark_model.2016_t;GeneMark}
81366	81311	INTRON			{Augustus_model.g1553.t1;Augustus},{GlimmerHMM_glimmerT_1870-T1;GlimmerHMM},{GeneMark_model.2016_t;GeneMark}
81595	81367	internal-	4	4	{Augustus_model.g1553.t1;Augustus},{GlimmerHMM_glimmerT_1870-T1;GlimmerHMM},{GeneMark_model.2016_t;GeneMark}
81662	81596	INTRON			{Augustus_model.g1553.t1;Augustus},{GlimmerHMM_glimmerT_1870-T1;GlimmerHMM},{GeneMark_model.2016_t;GeneMark}
81855	81663	internal-	6	6	{Augustus_model.g1553.t1;Augustus},{GlimmerHMM_glimmerT_1870-T1;GlimmerHMM},{GeneMark_model.2016_t;GeneMark}
81928	81856	INTRON			{Augustus_model.g1553.t1;Augustus},{GlimmerHMM_glimmerT_1870-T1;GlimmerHMM},{GeneMark_model.2016_t;GeneMark}
81992	81929	internal-	5	5	{Augustus_model.g1553.t1;Augustus},{GlimmerHMM_glimmerT_1870-T1;GlimmerHMM},{GeneMark_model.2016_t;GeneMark}
82056	81993	INTRON			{Augustus_model.g1553.t1;Augustus},{GlimmerHMM_glimmerT_1870-T1;GlimmerHMM},{GeneMark_model.2016_t;GeneMark}
82117	82057	internal-	4	4	{Augustus_model.g1553.t1;Augustus},{GlimmerHMM_glimmerT_1870-T1;GlimmerHMM},{GeneMark_model.2016_t;GeneMark}
82179	82118	INTRON			{Augustus_model.g1553.t1;Augustus},{GlimmerHMM_glimmerT_1870-T1;GlimmerHMM},{GeneMark_model.2016_t;GeneMark}
82458	82180	internal-	4	6	{Augustus_model.g1553.t1;Augustus},{GlimmerHMM_glimmerT_1870-T1;GlimmerHMM},{GeneMark_model.2016_t;GeneMark}
82522	82459	INTRON			{Augustus_model.g1553.t1;Augustus},{GlimmerHMM_glimmerT_1870-T1;GlimmerHMM},{GeneMark_model.2016_t;GeneMark}
82555	82523	internal-	4	6	{Augustus_model.g1553.t1;Augustus},{GlimmerHMM_glimmerT_1870-T1;GlimmerHMM},{GeneMark_model.2016_t;GeneMark}
82620	82556	INTRON			{Augustus_model.g1553.t1;Augustus},{GlimmerHMM_glimmerT_1870-T1;GlimmerHMM},{GeneMark_model.2016_t;GeneMark}
82821	82621	internal-	4	6	{Augustus_model.g1553.t1;Augustus},{GlimmerHMM_glimmerT_1870-T1;GlimmerHMM},{GeneMark_model.2016_t;GeneMark}
82883	82822	INTRON			{Augustus_model.g1553.t1;Augustus},{GlimmerHMM_glimmerT_1870-T1;GlimmerHMM},{GeneMark_model.2016_t;GeneMark}
83004	82884	internal-	6	6	{Augustus_model.g1553.t1;Augustus},{GlimmerHMM_glimmerT_1870-T1;GlimmerHMM},{GeneMark_model.2016_t;GeneMark}
83089	83005	INTRON			{Augustus_model.g1553.t1;Augustus},{GlimmerHMM_glimmerT_1870-T1;GlimmerHMM},{GeneMark_model.2016_t;GeneMark}
83211	83090	internal-	4	5	{Augustus_model.g1553.t1;Augustus},{GlimmerHMM_glimmerT_1870-T1;GlimmerHMM},{GeneMark_model.2016_t;GeneMark}
83287	83212	INTRON			{Augustus_model.g1553.t1;Augustus},{GlimmerHMM_glimmerT_1870-T1;GlimmerHMM},{GeneMark_model.2016_t;GeneMark}
83493	83288	internal-	5	6	{Augustus_model.g1553.t1;Augustus},{GlimmerHMM_glimmerT_1870-T1;GlimmerHMM},{GeneMark_model.2016_t;GeneMark}
83567	83494	INTRON			{Augustus_model.g1553.t1;Augustus},{GlimmerHMM_glimmerT_1870-T1;GlimmerHMM},{GeneMark_model.2016_t;GeneMark}
83678	83568	internal-	5	4	{Augustus_model.g1553.t1;Augustus},{GlimmerHMM_glimmerT_1870-T1;GlimmerHMM},{GeneMark_model.2016_t;GeneMark}
83748	83679	INTRON			{Augustus_model.g1553.t1;Augustus},{GlimmerHMM_glimmerT_1870-T1;GlimmerHMM},{GeneMark_model.2016_t;GeneMark}
84166	83749	initial-	4	4	{Augustus_model.g1553.t1;Augustus},{GlimmerHMM_glimmerT_1870-T1;GlimmerHMM},{GeneMark_model.2016_t;GeneMark}

# EVM prediction: Mode:STANDARD S-ratio: 6.09 84720-85991 orient(+) score(9164.00) noncoding_equivalent(1505.42) raw_noncoding(1819.77) offset(314.35) 
84720	84815	initial+	1	3	{Augustus_model.g1554.t1;Augustus},{GlimmerHMM_glimmerT_1871-T1;GlimmerHMM},{GeneMark_model.2017_t;GeneMark}
84816	84895	INTRON			{Augustus_model.g1554.t1;Augustus},{GlimmerHMM_glimmerT_1871-T1;GlimmerHMM},{GeneMark_model.2017_t;GeneMark},{ev_type:exonerate/ID=match.2566964.1847/Target=lcl|BJWK01000007_1_prot_GEM09172_1_3189;exonerate},{ev_type:exonerate/ID=match.2566964.1845/Target=lcl|LCTV02000008_1_prot_PRQ73309_1_7694;exonerate},{ev_type:exonerate/ID=match.2566964.1852/Target=lcl|NW_017264930_1_prot_XP_018272875_1_1593;exonerate},{ev_type:exonerate/ID=match.2566964.1835/Target=lcl|PJQD01000097_1_prot_POY70844_1_6976;exonerate}
84896	85251	internal+	1	2	{Augustus_model.g1554.t1;Augustus},{GlimmerHMM_glimmerT_1871-T1;GlimmerHMM},{GeneMark_model.2017_t;GeneMark},{ev_type:exonerate/ID=match.2566964.1847/Target=lcl|BJWK01000007_1_prot_GEM09172_1_3189;exonerate},{ev_type:exonerate/ID=match.2566964.1845/Target=lcl|LCTV02000008_1_prot_PRQ73309_1_7694;exonerate},{ev_type:exonerate/ID=match.2566964.1852/Target=lcl|NW_017264930_1_prot_XP_018272875_1_1593;exonerate},{ev_type:exonerate/ID=match.2566964.1835/Target=lcl|PJQD01000097_1_prot_POY70844_1_6976;exonerate}
85252	85313	INTRON			{Augustus_model.g1554.t1;Augustus},{GlimmerHMM_glimmerT_1871-T1;GlimmerHMM},{GeneMark_model.2017_t;GeneMark},{ev_type:exonerate/ID=match.2566964.1847/Target=lcl|BJWK01000007_1_prot_GEM09172_1_3189;exonerate},{ev_type:exonerate/ID=match.2566964.1845/Target=lcl|LCTV02000008_1_prot_PRQ73309_1_7694;exonerate},{ev_type:exonerate/ID=match.2566964.1852/Target=lcl|NW_017264930_1_prot_XP_018272875_1_1593;exonerate},{ev_type:exonerate/ID=match.2566964.1835/Target=lcl|PJQD01000097_1_prot_POY70844_1_6976;exonerate}
85314	85428	internal+	3	3	{Augustus_model.g1554.t1;Augustus},{GeneMark_model.2017_t;GeneMark},{ev_type:exonerate/ID=match.2566964.1847/Target=lcl|BJWK01000007_1_prot_GEM09172_1_3189;exonerate},{ev_type:exonerate/ID=match.2566964.1845/Target=lcl|LCTV02000008_1_prot_PRQ73309_1_7694;exonerate},{ev_type:exonerate/ID=match.2566964.1852/Target=lcl|NW_017264930_1_prot_XP_018272875_1_1593;exonerate},{ev_type:exonerate/ID=match.2566964.1835/Target=lcl|PJQD01000097_1_prot_POY70844_1_6976;exonerate}
85429	85497	INTRON			{Augustus_model.g1554.t1;Augustus},{GeneMark_model.2017_t;GeneMark},{ev_type:exonerate/ID=match.2566964.1847/Target=lcl|BJWK01000007_1_prot_GEM09172_1_3189;exonerate},{ev_type:exonerate/ID=match.2566964.1845/Target=lcl|LCTV02000008_1_prot_PRQ73309_1_7694;exonerate},{ev_type:exonerate/ID=match.2566964.1852/Target=lcl|NW_017264930_1_prot_XP_018272875_1_1593;exonerate},{ev_type:exonerate/ID=match.2566964.1835/Target=lcl|PJQD01000097_1_prot_POY70844_1_6976;exonerate}
85498	85560	internal+	1	3	{Augustus_model.g1554.t1;Augustus},{GeneMark_model.2017_t;GeneMark},{ev_type:exonerate/ID=match.2566964.1847/Target=lcl|BJWK01000007_1_prot_GEM09172_1_3189;exonerate},{ev_type:exonerate/ID=match.2566964.1845/Target=lcl|LCTV02000008_1_prot_PRQ73309_1_7694;exonerate},{ev_type:exonerate/ID=match.2566964.1852/Target=lcl|NW_017264930_1_prot_XP_018272875_1_1593;exonerate},{ev_type:exonerate/ID=match.2566964.1835/Target=lcl|PJQD01000097_1_prot_POY70844_1_6976;exonerate}
85561	85621	INTRON			{Augustus_model.g1554.t1;Augustus},{GlimmerHMM_glimmerT_1871-T1;GlimmerHMM},{GeneMark_model.2017_t;GeneMark},{ev_type:exonerate/ID=match.2566964.1847/Target=lcl|BJWK01000007_1_prot_GEM09172_1_3189;exonerate},{ev_type:exonerate/ID=match.2566964.1845/Target=lcl|LCTV02000008_1_prot_PRQ73309_1_7694;exonerate},{ev_type:exonerate/ID=match.2566964.1852/Target=lcl|NW_017264930_1_prot_XP_018272875_1_1593;exonerate},{ev_type:exonerate/ID=match.2566964.1835/Target=lcl|PJQD01000097_1_prot_POY70844_1_6976;exonerate}
85622	85735	internal+	1	3	{Augustus_model.g1554.t1;Augustus},{GlimmerHMM_glimmerT_1871-T1;GlimmerHMM},{GeneMark_model.2017_t;GeneMark},{ev_type:exonerate/ID=match.2566964.1847/Target=lcl|BJWK01000007_1_prot_GEM09172_1_3189;exonerate},{ev_type:exonerate/ID=match.2566964.1845/Target=lcl|LCTV02000008_1_prot_PRQ73309_1_7694;exonerate},{ev_type:exonerate/ID=match.2566964.1852/Target=lcl|NW_017264930_1_prot_XP_018272875_1_1593;exonerate},{ev_type:exonerate/ID=match.2566964.1835/Target=lcl|PJQD01000097_1_prot_POY70844_1_6976;exonerate}
85736	85802	INTRON			{Augustus_model.g1554.t1;Augustus},{GlimmerHMM_glimmerT_1871-T1;GlimmerHMM},{GeneMark_model.2017_t;GeneMark},{ev_type:exonerate/ID=match.2566964.1847/Target=lcl|BJWK01000007_1_prot_GEM09172_1_3189;exonerate},{ev_type:exonerate/ID=match.2566964.1845/Target=lcl|LCTV02000008_1_prot_PRQ73309_1_7694;exonerate},{ev_type:exonerate/ID=match.2566964.1852/Target=lcl|NW_017264930_1_prot_XP_018272875_1_1593;exonerate},{ev_type:exonerate/ID=match.2566964.1835/Target=lcl|PJQD01000097_1_prot_POY70844_1_6976;exonerate}
85803	85991	terminal+	1	3	{Augustus_model.g1554.t1;Augustus},{GlimmerHMM_glimmerT_1871-T1;GlimmerHMM},{GeneMark_model.2017_t;GeneMark}

# EVM prediction: Mode:STANDARD S-ratio: 1.48 87654-89143 orient(-) score(3389.00) noncoding_equivalent(2291.72) raw_noncoding(3045.00) offset(753.28) 
87981	87654	terminal-	6	6	{GlimmerHMM_glimmerT_1872-T1;GlimmerHMM},{Augustus_model.g1555.t1;Augustus}
88121	87982	INTRON			{Augustus_model.g1555.t1;Augustus}
88229	88122	internal-	6	5	{Augustus_model.g1555.t1;Augustus}
88287	88230	INTRON			{GeneMark_model.2018_t;GeneMark},{Augustus_model.g1555.t1;Augustus}
88595	88288	internal-	4	5	{GeneMark_model.2018_t;GeneMark},{Augustus_model.g1555.t1;Augustus}
88660	88596	INTRON			{GeneMark_model.2018_t;GeneMark},{Augustus_model.g1555.t1;Augustus}
88770	88661	internal-	5	6	{GeneMark_model.2018_t;GeneMark},{Augustus_model.g1555.t1;Augustus}
88828	88771	INTRON			{GeneMark_model.2018_t;GeneMark},{Augustus_model.g1555.t1;Augustus}
88891	88829	internal-	5	4	{GeneMark_model.2018_t;GeneMark},{Augustus_model.g1555.t1;Augustus}
88947	88892	INTRON			{GeneMark_model.2018_t;GeneMark},{Augustus_model.g1555.t1;Augustus}
89143	88948	initial-	4	4	{GeneMark_model.2018_t;GeneMark},{Augustus_model.g1555.t1;Augustus}

# EVM prediction: Mode:STANDARD S-ratio: 7.33 89234-89989 orient(+) score(2661.00) noncoding_equivalent(363.00) raw_noncoding(363.00) offset(0.00) 
89234	89989	single+	1	3	{Augustus_model.g1556.t1;Augustus},{GeneMark_model.2019_t;GeneMark}

# EVM prediction: Mode:STANDARD S-ratio: 1.18 90621-92953 orient(+) score(4626.00) noncoding_equivalent(3907.21) raw_noncoding(5317.10) offset(1409.89) 
90621	90649	initial+	1	2	{Augustus_model.g1557.t1;Augustus},{GeneMark_model.2020_t;GeneMark}
90650	90717	INTRON			{Augustus_model.g1557.t1;Augustus},{GeneMark_model.2020_t;GeneMark}
90718	90877	internal+	3	3	{Augustus_model.g1557.t1;Augustus},{GeneMark_model.2020_t;GeneMark}
90878	90945	INTRON			{Augustus_model.g1557.t1;Augustus},{GeneMark_model.2020_t;GeneMark}
90946	91059	internal+	1	3	{Augustus_model.g1557.t1;Augustus},{GeneMark_model.2020_t;GeneMark}
91060	91123	INTRON			{Augustus_model.g1557.t1;Augustus},{GeneMark_model.2020_t;GeneMark}
91124	91297	internal+	1	3	{Augustus_model.g1557.t1;Augustus},{GeneMark_model.2020_t;GeneMark}
91298	91364	INTRON			{Augustus_model.g1557.t1;Augustus},{GeneMark_model.2020_t;GeneMark}
91365	91676	internal+	1	3	{GeneMark_model.2020_t;GeneMark}
91677	92075	INTRON			{GeneMark_model.2020_t;GeneMark}
92076	92640	internal+	1	1	{GeneMark_model.2020_t;GeneMark}
92641	92717	INTRON			{Augustus_model.g1557.t1;Augustus},{GeneMark_model.2020_t;GeneMark}
92718	92953	terminal+	2	3	{Augustus_model.g1557.t1;Augustus},{GeneMark_model.2020_t;GeneMark}

# EVM prediction: Mode:STANDARD S-ratio: 374.78 93558-93935 orient(+) score(1508.00) noncoding_equivalent(4.02) raw_noncoding(4.02) offset(0.00) 
93558	93935	single+	1	3	{GeneMark_model.2021_t;GeneMark}

# EVM prediction: Mode:STANDARD S-ratio: 9.21 94272-96701 orient(+) score(19596.00) noncoding_equivalent(2127.85) raw_noncoding(2691.00) offset(563.15) 
94272	94313	initial+	1	3	{GlimmerHMM_glimmerT_1875-T1;GlimmerHMM},{GeneMark_model.2022_t;GeneMark}
94314	94454	INTRON			{GlimmerHMM_glimmerT_1875-T1;GlimmerHMM},{GeneMark_model.2022_t;GeneMark},{Augustus_model.g1558.t1;Augustus},{ev_type:exonerate/ID=match.2566964.1683/Target=lcl|PJQD01000097_1_prot_POY70818_1_6950;exonerate},{ev_type:exonerate/ID=match.2566964.1681/Target=lcl|NW_017264930_1_prot_XP_018273038_1_1756;exonerate},{ev_type:exonerate/ID=match.2566964.1682/Target=lcl|KQ954537_1_prot_KWU41448_1_6166;exonerate},{ev_type:exonerate/ID=match.2566964.1679/Target=lcl|BJWK01000007_1_prot_GEM09176_1_3193;exonerate}
94455	94757	internal+	1	3	{GlimmerHMM_glimmerT_1875-T1;GlimmerHMM},{GeneMark_model.2022_t;GeneMark},{Augustus_model.g1558.t1;Augustus},{ev_type:exonerate/ID=match.2566964.1683/Target=lcl|PJQD01000097_1_prot_POY70818_1_6950;exonerate},{ev_type:exonerate/ID=match.2566964.1681/Target=lcl|NW_017264930_1_prot_XP_018273038_1_1756;exonerate},{ev_type:exonerate/ID=match.2566964.1682/Target=lcl|KQ954537_1_prot_KWU41448_1_6166;exonerate},{ev_type:exonerate/ID=match.2566964.1679/Target=lcl|BJWK01000007_1_prot_GEM09176_1_3193;exonerate}
94758	94830	INTRON			{GlimmerHMM_glimmerT_1875-T1;GlimmerHMM},{GeneMark_model.2022_t;GeneMark},{Augustus_model.g1558.t1;Augustus},{ev_type:exonerate/ID=match.2566964.1683/Target=lcl|PJQD01000097_1_prot_POY70818_1_6950;exonerate},{ev_type:exonerate/ID=match.2566964.1681/Target=lcl|NW_017264930_1_prot_XP_018273038_1_1756;exonerate},{ev_type:exonerate/ID=match.2566964.1680/Target=lcl|LCTV02000008_1_prot_PRQ73301_1_7686;exonerate},{ev_type:exonerate/ID=match.2566964.1682/Target=lcl|KQ954537_1_prot_KWU41448_1_6166;exonerate},{ev_type:exonerate/ID=match.2566964.1679/Target=lcl|BJWK01000007_1_prot_GEM09176_1_3193;exonerate}
94831	94887	internal+	1	3	{GlimmerHMM_glimmerT_1875-T1;GlimmerHMM},{GeneMark_model.2022_t;GeneMark},{Augustus_model.g1558.t1;Augustus},{ev_type:exonerate/ID=match.2566964.1683/Target=lcl|PJQD01000097_1_prot_POY70818_1_6950;exonerate},{ev_type:exonerate/ID=match.2566964.1681/Target=lcl|NW_017264930_1_prot_XP_018273038_1_1756;exonerate},{ev_type:exonerate/ID=match.2566964.1680/Target=lcl|LCTV02000008_1_prot_PRQ73301_1_7686;exonerate},{ev_type:exonerate/ID=match.2566964.1682/Target=lcl|KQ954537_1_prot_KWU41448_1_6166;exonerate},{ev_type:exonerate/ID=match.2566964.1679/Target=lcl|BJWK01000007_1_prot_GEM09176_1_3193;exonerate}
94888	94949	INTRON			{GlimmerHMM_glimmerT_1875-T1;GlimmerHMM},{GeneMark_model.2022_t;GeneMark},{Augustus_model.g1558.t1;Augustus},{ev_type:exonerate/ID=match.2566964.1683/Target=lcl|PJQD01000097_1_prot_POY70818_1_6950;exonerate},{ev_type:exonerate/ID=match.2566964.1681/Target=lcl|NW_017264930_1_prot_XP_018273038_1_1756;exonerate},{ev_type:exonerate/ID=match.2566964.1680/Target=lcl|LCTV02000008_1_prot_PRQ73301_1_7686;exonerate},{ev_type:exonerate/ID=match.2566964.1682/Target=lcl|KQ954537_1_prot_KWU41448_1_6166;exonerate},{ev_type:exonerate/ID=match.2566964.1679/Target=lcl|BJWK01000007_1_prot_GEM09176_1_3193;exonerate}
94950	95548	internal+	1	2	{GlimmerHMM_glimmerT_1875-T1;GlimmerHMM},{GeneMark_model.2022_t;GeneMark},{Augustus_model.g1558.t1;Augustus},{ev_type:exonerate/ID=match.2566964.1683/Target=lcl|PJQD01000097_1_prot_POY70818_1_6950;exonerate},{ev_type:exonerate/ID=match.2566964.1681/Target=lcl|NW_017264930_1_prot_XP_018273038_1_1756;exonerate},{ev_type:exonerate/ID=match.2566964.1680/Target=lcl|LCTV02000008_1_prot_PRQ73301_1_7686;exonerate},{ev_type:exonerate/ID=match.2566964.1682/Target=lcl|KQ954537_1_prot_KWU41448_1_6166;exonerate},{ev_type:exonerate/ID=match.2566964.1679/Target=lcl|BJWK01000007_1_prot_GEM09176_1_3193;exonerate}
95549	95614	INTRON			{GlimmerHMM_glimmerT_1875-T1;GlimmerHMM},{GeneMark_model.2022_t;GeneMark},{Augustus_model.g1558.t1;Augustus},{ev_type:exonerate/ID=match.2566964.1683/Target=lcl|PJQD01000097_1_prot_POY70818_1_6950;exonerate},{ev_type:exonerate/ID=match.2566964.1681/Target=lcl|NW_017264930_1_prot_XP_018273038_1_1756;exonerate},{ev_type:exonerate/ID=match.2566964.1680/Target=lcl|LCTV02000008_1_prot_PRQ73301_1_7686;exonerate},{ev_type:exonerate/ID=match.2566964.1682/Target=lcl|KQ954537_1_prot_KWU41448_1_6166;exonerate},{ev_type:exonerate/ID=match.2566964.1679/Target=lcl|BJWK01000007_1_prot_GEM09176_1_3193;exonerate}
95615	96392	internal+	3	3	{GlimmerHMM_glimmerT_1875-T1;GlimmerHMM},{GeneMark_model.2022_t;GeneMark},{Augustus_model.g1558.t1;Augustus},{ev_type:exonerate/ID=match.2566964.1683/Target=lcl|PJQD01000097_1_prot_POY70818_1_6950;exonerate},{ev_type:exonerate/ID=match.2566964.1681/Target=lcl|NW_017264930_1_prot_XP_018273038_1_1756;exonerate},{ev_type:exonerate/ID=match.2566964.1682/Target=lcl|KQ954537_1_prot_KWU41448_1_6166;exonerate},{ev_type:exonerate/ID=match.2566964.1679/Target=lcl|BJWK01000007_1_prot_GEM09176_1_3193;exonerate}
96393	96459	INTRON			{GlimmerHMM_glimmerT_1875-T1;GlimmerHMM},{GeneMark_model.2022_t;GeneMark},{Augustus_model.g1558.t1;Augustus},{ev_type:exonerate/ID=match.2566964.1683/Target=lcl|PJQD01000097_1_prot_POY70818_1_6950;exonerate},{ev_type:exonerate/ID=match.2566964.1681/Target=lcl|NW_017264930_1_prot_XP_018273038_1_1756;exonerate},{ev_type:exonerate/ID=match.2566964.1682/Target=lcl|KQ954537_1_prot_KWU41448_1_6166;exonerate},{ev_type:exonerate/ID=match.2566964.1679/Target=lcl|BJWK01000007_1_prot_GEM09176_1_3193;exonerate}
96460	96516	internal+	1	3	{GeneMark_model.2022_t;GeneMark},{Augustus_model.g1558.t1;Augustus},{ev_type:exonerate/ID=match.2566964.1683/Target=lcl|PJQD01000097_1_prot_POY70818_1_6950;exonerate},{ev_type:exonerate/ID=match.2566964.1681/Target=lcl|NW_017264930_1_prot_XP_018273038_1_1756;exonerate},{ev_type:exonerate/ID=match.2566964.1682/Target=lcl|KQ954537_1_prot_KWU41448_1_6166;exonerate},{ev_type:exonerate/ID=match.2566964.1679/Target=lcl|BJWK01000007_1_prot_GEM09176_1_3193;exonerate}
96517	96571	INTRON			{GeneMark_model.2022_t;GeneMark},{Augustus_model.g1558.t1;Augustus},{ev_type:exonerate/ID=match.2566964.1683/Target=lcl|PJQD01000097_1_prot_POY70818_1_6950;exonerate},{ev_type:exonerate/ID=match.2566964.1681/Target=lcl|NW_017264930_1_prot_XP_018273038_1_1756;exonerate},{ev_type:exonerate/ID=match.2566964.1682/Target=lcl|KQ954537_1_prot_KWU41448_1_6166;exonerate},{ev_type:exonerate/ID=match.2566964.1679/Target=lcl|BJWK01000007_1_prot_GEM09176_1_3193;exonerate}
96572	96622	internal+	1	3	{GeneMark_model.2022_t;GeneMark},{Augustus_model.g1558.t1;Augustus}
96623	96698	INTRON			{GeneMark_model.2022_t;GeneMark},{Augustus_model.g1558.t1;Augustus}
96699	96701	terminal+	1	3	{GlimmerHMM_glimmerT_1875-T1;GlimmerHMM},{GeneMark_model.2022_t;GeneMark},{Augustus_model.g1558.t1;Augustus}

