!! Predictions spanning range 2101 - 157363 [R1]
# EVM prediction: Mode:STANDARD S-ratio: 4.75 2101-5691 orient(+) score(26659.00) noncoding_equivalent(5611.43) raw_noncoding(7134.00) offset(1522.57) 
2101	2275	initial+	1	1	{GeneMark_model.663_t;GeneMark},{GlimmerHMM_glimmerT_614-T1;GlimmerHMM}
2276	2431	INTRON			{GeneMark_model.663_t;GeneMark},{GlimmerHMM_glimmerT_614-T1;GlimmerHMM},{ev_type:exonerate/ID=match.2566964.55/Target=lcl|PJQD01000017_1_prot_POY75334_1_1393;exonerate},{ev_type:exonerate/ID=match.2566964.61/Target=lcl|KQ954516_1_prot_KWU42084_1_5533;exonerate},{ev_type:exonerate/ID=match.2566964.69/Target=lcl|BJWK01000001_1_prot_GEM06123_1_140;exonerate},{ev_type:exonerate/ID=match.2566964.70/Target=lcl|LCTV02000002_1_prot_PRQ76958_1_4008;exonerate},{ev_type:exonerate/ID=match.2566964.68/Target=lcl|NW_017264928_1_prot_XP_018274244_1_304;exonerate}
2432	2577	internal+	2	3	{GeneMark_model.663_t;GeneMark},{GlimmerHMM_glimmerT_614-T1;GlimmerHMM},{ev_type:exonerate/ID=match.2566964.55/Target=lcl|PJQD01000017_1_prot_POY75334_1_1393;exonerate},{ev_type:exonerate/ID=match.2566964.61/Target=lcl|KQ954516_1_prot_KWU42084_1_5533;exonerate},{ev_type:exonerate/ID=match.2566964.69/Target=lcl|BJWK01000001_1_prot_GEM06123_1_140;exonerate},{ev_type:exonerate/ID=match.2566964.70/Target=lcl|LCTV02000002_1_prot_PRQ76958_1_4008;exonerate},{ev_type:exonerate/ID=match.2566964.68/Target=lcl|NW_017264928_1_prot_XP_018274244_1_304;exonerate}
2578	2675	INTRON			{GeneMark_model.663_t;GeneMark},{GlimmerHMM_glimmerT_614-T1;GlimmerHMM},{ev_type:exonerate/ID=match.2566964.55/Target=lcl|PJQD01000017_1_prot_POY75334_1_1393;exonerate},{ev_type:exonerate/ID=match.2566964.61/Target=lcl|KQ954516_1_prot_KWU42084_1_5533;exonerate},{ev_type:exonerate/ID=match.2566964.69/Target=lcl|BJWK01000001_1_prot_GEM06123_1_140;exonerate},{ev_type:exonerate/ID=match.2566964.70/Target=lcl|LCTV02000002_1_prot_PRQ76958_1_4008;exonerate},{ev_type:exonerate/ID=match.2566964.68/Target=lcl|NW_017264928_1_prot_XP_018274244_1_304;exonerate}
2676	2967	internal+	1	1	{GeneMark_model.663_t;GeneMark},{GlimmerHMM_glimmerT_614-T1;GlimmerHMM},{ev_type:exonerate/ID=match.2566964.55/Target=lcl|PJQD01000017_1_prot_POY75334_1_1393;exonerate},{ev_type:exonerate/ID=match.2566964.61/Target=lcl|KQ954516_1_prot_KWU42084_1_5533;exonerate},{ev_type:exonerate/ID=match.2566964.69/Target=lcl|BJWK01000001_1_prot_GEM06123_1_140;exonerate},{ev_type:exonerate/ID=match.2566964.70/Target=lcl|LCTV02000002_1_prot_PRQ76958_1_4008;exonerate},{ev_type:exonerate/ID=match.2566964.68/Target=lcl|NW_017264928_1_prot_XP_018274244_1_304;exonerate}
2968	3051	INTRON			{GeneMark_model.663_t;GeneMark},{GlimmerHMM_glimmerT_614-T1;GlimmerHMM},{ev_type:exonerate/ID=match.2566964.61/Target=lcl|KQ954516_1_prot_KWU42084_1_5533;exonerate},{ev_type:exonerate/ID=match.2566964.69/Target=lcl|BJWK01000001_1_prot_GEM06123_1_140;exonerate},{ev_type:exonerate/ID=match.2566964.70/Target=lcl|LCTV02000002_1_prot_PRQ76958_1_4008;exonerate},{ev_type:exonerate/ID=match.2566964.68/Target=lcl|NW_017264928_1_prot_XP_018274244_1_304;exonerate}
3052	3207	internal+	2	1	{GeneMark_model.663_t;GeneMark},{GlimmerHMM_glimmerT_614-T1;GlimmerHMM},{ev_type:exonerate/ID=match.2566964.61/Target=lcl|KQ954516_1_prot_KWU42084_1_5533;exonerate},{ev_type:exonerate/ID=match.2566964.69/Target=lcl|BJWK01000001_1_prot_GEM06123_1_140;exonerate},{ev_type:exonerate/ID=match.2566964.70/Target=lcl|LCTV02000002_1_prot_PRQ76958_1_4008;exonerate},{ev_type:exonerate/ID=match.2566964.68/Target=lcl|NW_017264928_1_prot_XP_018274244_1_304;exonerate}
3208	3294	INTRON			{GeneMark_model.663_t;GeneMark},{GlimmerHMM_glimmerT_614-T1;GlimmerHMM},{ev_type:exonerate/ID=match.2566964.55/Target=lcl|PJQD01000017_1_prot_POY75334_1_1393;exonerate},{ev_type:exonerate/ID=match.2566964.61/Target=lcl|KQ954516_1_prot_KWU42084_1_5533;exonerate},{ev_type:exonerate/ID=match.2566964.69/Target=lcl|BJWK01000001_1_prot_GEM06123_1_140;exonerate},{ev_type:exonerate/ID=match.2566964.70/Target=lcl|LCTV02000002_1_prot_PRQ76958_1_4008;exonerate},{ev_type:exonerate/ID=match.2566964.68/Target=lcl|NW_017264928_1_prot_XP_018274244_1_304;exonerate}
3295	3374	internal+	2	3	{GeneMark_model.663_t;GeneMark},{GlimmerHMM_glimmerT_614-T1;GlimmerHMM},{ev_type:exonerate/ID=match.2566964.55/Target=lcl|PJQD01000017_1_prot_POY75334_1_1393;exonerate},{ev_type:exonerate/ID=match.2566964.61/Target=lcl|KQ954516_1_prot_KWU42084_1_5533;exonerate},{ev_type:exonerate/ID=match.2566964.69/Target=lcl|BJWK01000001_1_prot_GEM06123_1_140;exonerate},{ev_type:exonerate/ID=match.2566964.70/Target=lcl|LCTV02000002_1_prot_PRQ76958_1_4008;exonerate},{ev_type:exonerate/ID=match.2566964.68/Target=lcl|NW_017264928_1_prot_XP_018274244_1_304;exonerate}
3375	3448	INTRON			{GeneMark_model.663_t;GeneMark},{GlimmerHMM_glimmerT_614-T1;GlimmerHMM},{ev_type:exonerate/ID=match.2566964.55/Target=lcl|PJQD01000017_1_prot_POY75334_1_1393;exonerate},{ev_type:exonerate/ID=match.2566964.61/Target=lcl|KQ954516_1_prot_KWU42084_1_5533;exonerate},{ev_type:exonerate/ID=match.2566964.69/Target=lcl|BJWK01000001_1_prot_GEM06123_1_140;exonerate},{ev_type:exonerate/ID=match.2566964.70/Target=lcl|LCTV02000002_1_prot_PRQ76958_1_4008;exonerate},{ev_type:exonerate/ID=match.2566964.68/Target=lcl|NW_017264928_1_prot_XP_018274244_1_304;exonerate}
3449	4110	internal+	1	2	{GeneMark_model.663_t;GeneMark},{GlimmerHMM_glimmerT_614-T1;GlimmerHMM},{ev_type:exonerate/ID=match.2566964.55/Target=lcl|PJQD01000017_1_prot_POY75334_1_1393;exonerate},{ev_type:exonerate/ID=match.2566964.61/Target=lcl|KQ954516_1_prot_KWU42084_1_5533;exonerate},{ev_type:exonerate/ID=match.2566964.69/Target=lcl|BJWK01000001_1_prot_GEM06123_1_140;exonerate},{ev_type:exonerate/ID=match.2566964.70/Target=lcl|LCTV02000002_1_prot_PRQ76958_1_4008;exonerate},{ev_type:exonerate/ID=match.2566964.68/Target=lcl|NW_017264928_1_prot_XP_018274244_1_304;exonerate}
4111	4181	INTRON			{GeneMark_model.663_t;GeneMark},{GlimmerHMM_glimmerT_614-T1;GlimmerHMM},{ev_type:exonerate/ID=match.2566964.55/Target=lcl|PJQD01000017_1_prot_POY75334_1_1393;exonerate},{ev_type:exonerate/ID=match.2566964.61/Target=lcl|KQ954516_1_prot_KWU42084_1_5533;exonerate},{ev_type:exonerate/ID=match.2566964.69/Target=lcl|BJWK01000001_1_prot_GEM06123_1_140;exonerate},{ev_type:exonerate/ID=match.2566964.70/Target=lcl|LCTV02000002_1_prot_PRQ76958_1_4008;exonerate},{ev_type:exonerate/ID=match.2566964.68/Target=lcl|NW_017264928_1_prot_XP_018274244_1_304;exonerate}
4182	4383	internal+	3	3	{GeneMark_model.663_t;GeneMark},{GlimmerHMM_glimmerT_614-T1;GlimmerHMM},{ev_type:exonerate/ID=match.2566964.61/Target=lcl|KQ954516_1_prot_KWU42084_1_5533;exonerate},{ev_type:exonerate/ID=match.2566964.69/Target=lcl|BJWK01000001_1_prot_GEM06123_1_140;exonerate},{ev_type:exonerate/ID=match.2566964.70/Target=lcl|LCTV02000002_1_prot_PRQ76958_1_4008;exonerate},{ev_type:exonerate/ID=match.2566964.68/Target=lcl|NW_017264928_1_prot_XP_018274244_1_304;exonerate}
4384	4451	INTRON			{GeneMark_model.663_t;GeneMark},{snap_scaffold_1-snap.710-T1;snap},{GlimmerHMM_glimmerT_614-T1;GlimmerHMM},{ev_type:exonerate/ID=match.2566964.61/Target=lcl|KQ954516_1_prot_KWU42084_1_5533;exonerate},{ev_type:exonerate/ID=match.2566964.69/Target=lcl|BJWK01000001_1_prot_GEM06123_1_140;exonerate},{ev_type:exonerate/ID=match.2566964.70/Target=lcl|LCTV02000002_1_prot_PRQ76958_1_4008;exonerate},{ev_type:exonerate/ID=match.2566964.68/Target=lcl|NW_017264928_1_prot_XP_018274244_1_304;exonerate}
4452	4706	internal+	1	3	{GeneMark_model.663_t;GeneMark},{GlimmerHMM_glimmerT_614-T1;GlimmerHMM},{ev_type:exonerate/ID=match.2566964.61/Target=lcl|KQ954516_1_prot_KWU42084_1_5533;exonerate},{ev_type:exonerate/ID=match.2566964.69/Target=lcl|BJWK01000001_1_prot_GEM06123_1_140;exonerate},{ev_type:exonerate/ID=match.2566964.70/Target=lcl|LCTV02000002_1_prot_PRQ76958_1_4008;exonerate},{ev_type:exonerate/ID=match.2566964.68/Target=lcl|NW_017264928_1_prot_XP_018274244_1_304;exonerate}
4707	4777	INTRON			{GeneMark_model.663_t;GeneMark},{GlimmerHMM_glimmerT_614-T1;GlimmerHMM},{ev_type:exonerate/ID=match.2566964.55/Target=lcl|PJQD01000017_1_prot_POY75334_1_1393;exonerate},{ev_type:exonerate/ID=match.2566964.61/Target=lcl|KQ954516_1_prot_KWU42084_1_5533;exonerate},{ev_type:exonerate/ID=match.2566964.69/Target=lcl|BJWK01000001_1_prot_GEM06123_1_140;exonerate},{ev_type:exonerate/ID=match.2566964.70/Target=lcl|LCTV02000002_1_prot_PRQ76958_1_4008;exonerate},{ev_type:exonerate/ID=match.2566964.68/Target=lcl|NW_017264928_1_prot_XP_018274244_1_304;exonerate}
4778	4899	internal+	1	2	{GeneMark_model.663_t;GeneMark},{GlimmerHMM_glimmerT_614-T1;GlimmerHMM},{ev_type:exonerate/ID=match.2566964.55/Target=lcl|PJQD01000017_1_prot_POY75334_1_1393;exonerate},{ev_type:exonerate/ID=match.2566964.61/Target=lcl|KQ954516_1_prot_KWU42084_1_5533;exonerate},{ev_type:exonerate/ID=match.2566964.69/Target=lcl|BJWK01000001_1_prot_GEM06123_1_140;exonerate},{ev_type:exonerate/ID=match.2566964.70/Target=lcl|LCTV02000002_1_prot_PRQ76958_1_4008;exonerate},{ev_type:exonerate/ID=match.2566964.68/Target=lcl|NW_017264928_1_prot_XP_018274244_1_304;exonerate}
4900	4974	INTRON			{GeneMark_model.663_t;GeneMark},{GlimmerHMM_glimmerT_614-T1;GlimmerHMM},{ev_type:exonerate/ID=match.2566964.55/Target=lcl|PJQD01000017_1_prot_POY75334_1_1393;exonerate},{ev_type:exonerate/ID=match.2566964.61/Target=lcl|KQ954516_1_prot_KWU42084_1_5533;exonerate},{ev_type:exonerate/ID=match.2566964.69/Target=lcl|BJWK01000001_1_prot_GEM06123_1_140;exonerate},{ev_type:exonerate/ID=match.2566964.70/Target=lcl|LCTV02000002_1_prot_PRQ76958_1_4008;exonerate},{ev_type:exonerate/ID=match.2566964.68/Target=lcl|NW_017264928_1_prot_XP_018274244_1_304;exonerate}
4975	5102	internal+	3	1	{GeneMark_model.663_t;GeneMark},{GlimmerHMM_glimmerT_614-T1;GlimmerHMM},{ev_type:exonerate/ID=match.2566964.55/Target=lcl|PJQD01000017_1_prot_POY75334_1_1393;exonerate},{ev_type:exonerate/ID=match.2566964.61/Target=lcl|KQ954516_1_prot_KWU42084_1_5533;exonerate},{ev_type:exonerate/ID=match.2566964.69/Target=lcl|BJWK01000001_1_prot_GEM06123_1_140;exonerate},{ev_type:exonerate/ID=match.2566964.70/Target=lcl|LCTV02000002_1_prot_PRQ76958_1_4008;exonerate},{ev_type:exonerate/ID=match.2566964.68/Target=lcl|NW_017264928_1_prot_XP_018274244_1_304;exonerate}
5103	5170	INTRON			{GeneMark_model.663_t;GeneMark},{GlimmerHMM_glimmerT_614-T1;GlimmerHMM},{ev_type:exonerate/ID=match.2566964.55/Target=lcl|PJQD01000017_1_prot_POY75334_1_1393;exonerate},{ev_type:exonerate/ID=match.2566964.61/Target=lcl|KQ954516_1_prot_KWU42084_1_5533;exonerate},{ev_type:exonerate/ID=match.2566964.69/Target=lcl|BJWK01000001_1_prot_GEM06123_1_140;exonerate},{ev_type:exonerate/ID=match.2566964.70/Target=lcl|LCTV02000002_1_prot_PRQ76958_1_4008;exonerate},{ev_type:exonerate/ID=match.2566964.68/Target=lcl|NW_017264928_1_prot_XP_018274244_1_304;exonerate}
5171	5691	terminal+	2	3	{GeneMark_model.663_t;GeneMark},{GlimmerHMM_glimmerT_614-T1;GlimmerHMM}

# EVM prediction: Mode:STANDARD S-ratio: 1.49 6063-11673 orient(-) score(12859.00) noncoding_equivalent(8632.79) raw_noncoding(10962.49) offset(2329.70) 
6179	6063	terminal-	4	6	{GlimmerHMM_glimmerT_615-T1;GlimmerHMM}
6339	6180	INTRON			{GlimmerHMM_glimmerT_615-T1;GlimmerHMM}
6438	6340	internal-	4	6	{GeneMark_model.664_t;GeneMark},{GlimmerHMM_glimmerT_615-T1;GlimmerHMM}
6503	6439	INTRON			{GeneMark_model.664_t;GeneMark},{GlimmerHMM_glimmerT_615-T1;GlimmerHMM}
6929	6504	internal-	4	6	{GeneMark_model.664_t;GeneMark},{GlimmerHMM_glimmerT_615-T1;GlimmerHMM}
6991	6930	INTRON			{GeneMark_model.664_t;GeneMark},{GlimmerHMM_glimmerT_615-T1;GlimmerHMM}
7264	6992	internal-	4	6	{GeneMark_model.664_t;GeneMark},{GlimmerHMM_glimmerT_615-T1;GlimmerHMM}
7323	7265	INTRON			{GeneMark_model.664_t;GeneMark},{GlimmerHMM_glimmerT_615-T1;GlimmerHMM}
7485	7324	internal-	4	6	{GeneMark_model.664_t;GeneMark},{GlimmerHMM_glimmerT_615-T1;GlimmerHMM}
7541	7486	INTRON			{GeneMark_model.664_t;GeneMark},{GlimmerHMM_glimmerT_615-T1;GlimmerHMM}
7760	7542	internal-	4	6	{GeneMark_model.664_t;GeneMark},{GlimmerHMM_glimmerT_615-T1;GlimmerHMM}
7818	7761	INTRON			{GeneMark_model.664_t;GeneMark},{GlimmerHMM_glimmerT_615-T1;GlimmerHMM}
7915	7819	internal-	6	6	{GeneMark_model.664_t;GeneMark},{GlimmerHMM_glimmerT_615-T1;GlimmerHMM}
7994	7916	INTRON			{GeneMark_model.664_t;GeneMark},{GlimmerHMM_glimmerT_615-T1;GlimmerHMM}
9979	7995	internal-	4	5	{GlimmerHMM_glimmerT_615-T1;GlimmerHMM}
10047	9980	INTRON			{GeneMark_model.664_t;GeneMark},{GlimmerHMM_glimmerT_615-T1;GlimmerHMM}
10139	10048	internal-	5	6	{GeneMark_model.664_t;GeneMark},{GlimmerHMM_glimmerT_615-T1;GlimmerHMM}
10208	10140	INTRON			{GeneMark_model.664_t;GeneMark},{GlimmerHMM_glimmerT_615-T1;GlimmerHMM}
10377	10209	internal-	4	4	{GlimmerHMM_glimmerT_615-T1;GlimmerHMM}
10432	10378	INTRON			{GlimmerHMM_glimmerT_615-T1;GlimmerHMM}
11344	10433	internal-	4	6	{GeneMark_model.664_t;GeneMark},{GlimmerHMM_glimmerT_615-T1;GlimmerHMM}
11452	11345	INTRON			{GeneMark_model.664_t;GeneMark}
11479	11453	internal-	4	6	{GeneMark_model.664_t;GeneMark}
11571	11480	INTRON			{GeneMark_model.664_t;GeneMark}
11604	11572	internal-	4	6	{GeneMark_model.664_t;GeneMark}
11670	11605	INTRON			{GeneMark_model.664_t;GeneMark}
11673	11671	initial-	4	6	{GeneMark_model.664_t;GeneMark},{GlimmerHMM_glimmerT_615-T1;GlimmerHMM}

# EVM prediction: Mode:STANDARD S-ratio: 3.56 12112-13119 orient(-) score(3588.00) noncoding_equivalent(1008.00) raw_noncoding(1008.00) offset(0.00) 
13119	12112	single-	4	6	{GeneMark_model.665_t;GeneMark},{GlimmerHMM_glimmerT_616-T1;GlimmerHMM}

# EVM prediction: Mode:STANDARD S-ratio: 1.80 14042-15551 orient(+) score(3878.00) noncoding_equivalent(2160.12) raw_noncoding(2576.12) offset(416.00) 
14042	14147	initial+	1	1	{GeneMark_model.666_t;GeneMark},{GlimmerHMM_glimmerT_617-T1;GlimmerHMM}
14148	14215	INTRON			{GeneMark_model.666_t;GeneMark},{GlimmerHMM_glimmerT_617-T1;GlimmerHMM}
14216	14421	internal+	2	3	{GeneMark_model.666_t;GeneMark},{GlimmerHMM_glimmerT_617-T1;GlimmerHMM}
14422	14489	INTRON			{GeneMark_model.666_t;GeneMark},{GlimmerHMM_glimmerT_617-T1;GlimmerHMM}
14490	14548	internal+	1	2	{GeneMark_model.666_t;GeneMark},{GlimmerHMM_glimmerT_617-T1;GlimmerHMM}
14549	14623	INTRON			{GeneMark_model.666_t;GeneMark},{GlimmerHMM_glimmerT_617-T1;GlimmerHMM}
14624	15551	terminal+	3	3	{snap_scaffold_1-snap.715-T1;snap},{GlimmerHMM_glimmerT_617-T1;GlimmerHMM}

# EVM prediction: Mode:STANDARD S-ratio: 2.00 15841-16587 orient(+) score(1513.00) noncoding_equivalent(755.24) raw_noncoding(1115.24) offset(360.00) 
15841	15845	initial+	1	2	{snap_scaffold_1-snap.716-T1;snap}
15846	16205	INTRON			{snap_scaffold_1-snap.716-T1;snap}
16206	16587	terminal+	3	3	{snap_scaffold_1-snap.716-T1;snap}

# EVM prediction: Mode:STANDARD S-ratio: 2.04 17865-18666 orient(+) score(1862.00) noncoding_equivalent(912.17) raw_noncoding(1405.17) offset(493.00) 
17865	17870	initial+	1	3	{snap_scaffold_1-snap.717-T1;snap}
17871	18087	INTRON			{snap_scaffold_1-snap.717-T1;snap}
18088	18666	terminal+	1	3	{GeneMark_model.666_t;GeneMark},{snap_scaffold_1-snap.717-T1;snap}

# EVM prediction: Mode:STANDARD S-ratio: 2.04 21183-21992 orient(+) score(1854.00) noncoding_equivalent(909.15) raw_noncoding(1400.64) offset(491.49) 
21183	21190	initial+	1	2	{snap_scaffold_1-snap.718-T1;snap}
21191	21430	INTRON			{snap_scaffold_1-snap.718-T1;snap}
21431	21992	terminal+	3	3	{snap_scaffold_1-snap.718-T1;snap}

# EVM prediction: Mode:STANDARD S-ratio: 2.22 22889-23925 orient(+) score(2766.00) noncoding_equivalent(1244.00) raw_noncoding(1649.00) offset(405.00) 
22889	22892	initial+	1	1	{snap_scaffold_1-snap.719-T1;snap}
22893	22960	INTRON			{GlimmerHMM_glimmerT_618-T1;GlimmerHMM},{GeneMark_model.667_t;GeneMark}
22961	23147	internal+	2	2	{GlimmerHMM_glimmerT_618-T1;GlimmerHMM},{GeneMark_model.667_t;GeneMark}
23148	23215	INTRON			{GeneMark_model.667_t;GeneMark}
23216	23294	internal+	3	3	{GeneMark_model.667_t;GeneMark}
23295	23361	INTRON			{GlimmerHMM_glimmerT_618-T1;GlimmerHMM},{GeneMark_model.667_t;GeneMark}
23362	23925	terminal+	1	3	{snap_scaffold_1-snap.720-T1;snap},{GlimmerHMM_glimmerT_618-T1;GlimmerHMM},{GeneMark_model.667_t;GeneMark}

# EVM prediction: Mode:STANDARD S-ratio: 1.00 24707-26040 orient(-) score(2668.00) noncoding_equivalent(2668.00) raw_noncoding(2876.00) offset(208.00) 
25182	24707	terminal-	5	6	{GlimmerHMM_glimmerT_619-T1;GlimmerHMM},{GeneMark_model.668_t;GeneMark}
25226	25183	INTRON			{GlimmerHMM_glimmerT_619-T1;GlimmerHMM},{GeneMark_model.668_t;GeneMark}
25715	25227	internal-	5	4	{GlimmerHMM_glimmerT_619-T1;GlimmerHMM},{GeneMark_model.668_t;GeneMark}
25775	25716	INTRON			{GlimmerHMM_glimmerT_619-T1;GlimmerHMM},{GeneMark_model.668_t;GeneMark}
26040	25776	initial-	4	4	{GlimmerHMM_glimmerT_619-T1;GlimmerHMM},{GeneMark_model.668_t;GeneMark}

# EVM prediction: Mode:STANDARD S-ratio: 1.77 26639-30883 orient(-) score(10690.00) noncoding_equivalent(6031.35) raw_noncoding(6453.00) offset(421.65) 
27811	26639	terminal-	4	6	{GeneMark_model.669_t;GeneMark}
27871	27812	INTRON			{GeneMark_model.669_t;GeneMark}
29792	27872	internal-	6	6	{GeneMark_model.669_t;GeneMark}
29863	29793	INTRON			{GeneMark_model.669_t;GeneMark}
30353	29864	internal-	5	5	{GlimmerHMM_glimmerT_620-T1;GlimmerHMM},{GeneMark_model.669_t;GeneMark}
30429	30354	INTRON			{GlimmerHMM_glimmerT_620-T1;GlimmerHMM},{GeneMark_model.669_t;GeneMark}
30883	30430	initial-	4	4	{GlimmerHMM_glimmerT_620-T1;GlimmerHMM},{GeneMark_model.669_t;GeneMark}

# EVM prediction: Mode:STANDARD S-ratio: 1.00 31552-32159 orient(-) score(1216.00) noncoding_equivalent(1216.00) raw_noncoding(1352.00) offset(136.00) 
31910	31552	terminal-	5	6	{GeneMark_model.670_t;GeneMark},{GlimmerHMM_glimmerT_621-T1;GlimmerHMM}
31978	31911	INTRON			{GeneMark_model.670_t;GeneMark},{GlimmerHMM_glimmerT_621-T1;GlimmerHMM}
32159	31979	initial-	4	4	{GeneMark_model.670_t;GeneMark},{GlimmerHMM_glimmerT_621-T1;GlimmerHMM}

# EVM prediction: Mode:STANDARD S-ratio: 1.00 32297-35198 orient(+) score(5804.00) noncoding_equivalent(5804.00) raw_noncoding(6454.00) offset(650.00) 
32297	33247	initial+	1	3	{GeneMark_model.671_t;GeneMark},{GlimmerHMM_glimmerT_622-T1;GlimmerHMM}
33248	33319	INTRON			{GeneMark_model.671_t;GeneMark},{GlimmerHMM_glimmerT_622-T1;GlimmerHMM}
33320	33386	internal+	1	1	{GeneMark_model.671_t;GeneMark},{GlimmerHMM_glimmerT_622-T1;GlimmerHMM}
33387	33450	INTRON			{GeneMark_model.671_t;GeneMark},{GlimmerHMM_glimmerT_622-T1;GlimmerHMM}
33451	33500	internal+	2	3	{GeneMark_model.671_t;GeneMark},{GlimmerHMM_glimmerT_622-T1;GlimmerHMM}
33501	33566	INTRON			{GeneMark_model.671_t;GeneMark},{GlimmerHMM_glimmerT_622-T1;GlimmerHMM}
33567	33840	internal+	1	1	{GeneMark_model.671_t;GeneMark},{GlimmerHMM_glimmerT_622-T1;GlimmerHMM}
33841	33899	INTRON			{GeneMark_model.671_t;GeneMark},{GlimmerHMM_glimmerT_622-T1;GlimmerHMM}
33900	34145	internal+	2	1	{GeneMark_model.671_t;GeneMark},{GlimmerHMM_glimmerT_622-T1;GlimmerHMM}
34146	34209	INTRON			{GeneMark_model.671_t;GeneMark},{GlimmerHMM_glimmerT_622-T1;GlimmerHMM}
34210	35198	terminal+	2	3	{GeneMark_model.671_t;GeneMark},{GlimmerHMM_glimmerT_622-T1;GlimmerHMM}

# EVM prediction: Mode:STANDARD S-ratio: 1.30 35679-40311 orient(+) score(10253.00) noncoding_equivalent(7862.00) raw_noncoding(8857.00) offset(995.00) 
35679	37823	initial+	1	3	{GeneMark_model.672_t;GeneMark},{GlimmerHMM_glimmerT_623-T1;GlimmerHMM}
37824	37896	INTRON			{GeneMark_model.672_t;GeneMark},{GlimmerHMM_glimmerT_623-T1;GlimmerHMM}
37897	38118	internal+	1	3	{GeneMark_model.672_t;GeneMark}
38119	38184	INTRON			{GeneMark_model.672_t;GeneMark}
38185	39183	internal+	1	3	{GeneMark_model.672_t;GeneMark}
39184	39250	INTRON			{GeneMark_model.672_t;GeneMark},{GlimmerHMM_glimmerT_623-T1;GlimmerHMM}
39251	39473	internal+	1	1	{GeneMark_model.672_t;GeneMark},{GlimmerHMM_glimmerT_623-T1;GlimmerHMM}
39474	39536	INTRON			{GeneMark_model.672_t;GeneMark},{GlimmerHMM_glimmerT_623-T1;GlimmerHMM}
39537	39612	internal+	2	2	{GlimmerHMM_glimmerT_623-T1;GlimmerHMM}
39613	39689	INTRON			{GlimmerHMM_glimmerT_623-T1;GlimmerHMM}
39690	39822	internal+	3	3	{GeneMark_model.672_t;GeneMark},{GlimmerHMM_glimmerT_623-T1;GlimmerHMM}
39823	39886	INTRON			{GeneMark_model.672_t;GeneMark}
39887	40049	internal+	1	1	{GeneMark_model.672_t;GeneMark}
40050	40120	INTRON			{GeneMark_model.672_t;GeneMark},{GlimmerHMM_glimmerT_623-T1;GlimmerHMM}
40121	40311	terminal+	2	3	{GeneMark_model.672_t;GeneMark},{GlimmerHMM_glimmerT_623-T1;GlimmerHMM}

# EVM prediction: Mode:STANDARD S-ratio: 2.81 40739-42271 orient(-) score(4521.00) noncoding_equivalent(1609.00) raw_noncoding(1689.00) offset(80.00) 
41872	40739	terminal-	4	6	{GeneMark_model.673_t;GeneMark},{GlimmerHMM_glimmerT_624-T1;GlimmerHMM}
41950	41873	INTRON			{GeneMark_model.673_t;GeneMark},{GlimmerHMM_glimmerT_624-T1;GlimmerHMM}
42271	41951	initial-	4	6	{GeneMark_model.673_t;GeneMark},{GlimmerHMM_glimmerT_624-T1;GlimmerHMM}

# EVM prediction: Mode:STANDARD S-ratio: 1.00 42467-43435 orient(+) score(1938.00) noncoding_equivalent(1929.78) raw_noncoding(1929.78) offset(0.00) 
42467	43435	single+	1	3	{GlimmerHMM_glimmerT_625-T1;GlimmerHMM},{GeneMark_model.674_t;GeneMark}

# EVM prediction: Mode:STANDARD S-ratio: 1.53 43555-46596 orient(-) score(7366.00) noncoding_equivalent(4801.49) raw_noncoding(5265.00) offset(463.51) 
43983	43555	terminal-	4	6	{GlimmerHMM_glimmerT_626-T1;GlimmerHMM},{GeneMark_model.675_t;GeneMark}
44062	43984	INTRON			{GlimmerHMM_glimmerT_626-T1;GlimmerHMM},{GeneMark_model.675_t;GeneMark}
44583	44063	internal-	5	6	{GlimmerHMM_glimmerT_626-T1;GlimmerHMM},{GeneMark_model.675_t;GeneMark}
44645	44584	INTRON			{GlimmerHMM_glimmerT_626-T1;GlimmerHMM},{GeneMark_model.675_t;GeneMark}
45523	44646	internal-	6	4	{GlimmerHMM_glimmerT_626-T1;GlimmerHMM},{GeneMark_model.675_t;GeneMark}
45590	45524	INTRON			{GlimmerHMM_glimmerT_626-T1;GlimmerHMM},{GeneMark_model.675_t;GeneMark}
46212	45591	internal-	5	5	{GlimmerHMM_glimmerT_626-T1;GlimmerHMM},{GeneMark_model.675_t;GeneMark}
46280	46213	INTRON			{GlimmerHMM_glimmerT_626-T1;GlimmerHMM},{GeneMark_model.675_t;GeneMark}
46596	46281	initial-	4	4	{GeneMark_model.675_t;GeneMark}

# EVM prediction: Mode:STANDARD S-ratio: 2.77 46939-47888 orient(-) score(2644.00) noncoding_equivalent(954.04) raw_noncoding(1203.04) offset(249.00) 
47778	46939	terminal-	4	6	{GeneMark_model.676_t;GeneMark},{snap_scaffold_1-snap.726-T1;snap}
47879	47779	INTRON			{snap_scaffold_1-snap.726-T1;snap}
47888	47880	initial-	4	6	{snap_scaffold_1-snap.726-T1;snap}

# EVM prediction: Mode:STANDARD S-ratio: 1.72 48151-49070 orient(-) score(2301.00) noncoding_equivalent(1333.97) raw_noncoding(1781.39) offset(447.41) 
48363	48151	terminal-	4	6	{snap_scaffold_1-snap.727-T1;snap}
48445	48364	INTRON			{GlimmerHMM_glimmerT_626-T1;GlimmerHMM},{GeneMark_model.676_t;GeneMark}
48560	48446	internal-	6	6	{GlimmerHMM_glimmerT_626-T1;GlimmerHMM},{GeneMark_model.676_t;GeneMark}
48685	48561	INTRON			{GlimmerHMM_glimmerT_626-T1;GlimmerHMM},{GeneMark_model.676_t;GeneMark}
49043	48686	internal-	5	5	{GlimmerHMM_glimmerT_626-T1;GlimmerHMM}
49066	49044	INTRON			{snap_scaffold_1-snap.728-T1;snap}
49070	49067	initial-	4	4	{snap_scaffold_1-snap.728-T1;snap}

# EVM prediction: Mode:STANDARD S-ratio: 2.04 50489-52425 orient(-) score(5012.00) noncoding_equivalent(2458.31) raw_noncoding(3007.15) offset(548.84) 
51840	50489	terminal-	5	6	{GeneMark_model.677_t;GeneMark},{snap_scaffold_1-snap.729-T1;snap}
51902	51841	INTRON			{GeneMark_model.677_t;GeneMark}
52066	51903	internal-	6	4	{GeneMark_model.677_t;GeneMark}
52144	52067	INTRON			{GeneMark_model.677_t;GeneMark}
52224	52145	internal-	4	5	{GlimmerHMM_glimmerT_627-T1;GlimmerHMM},{GeneMark_model.677_t;GeneMark}
52305	52225	INTRON			{GlimmerHMM_glimmerT_627-T1;GlimmerHMM},{GeneMark_model.677_t;GeneMark}
52425	52306	initial-	4	6	{GlimmerHMM_glimmerT_627-T1;GlimmerHMM},{GeneMark_model.677_t;GeneMark}

# EVM prediction: Mode:STANDARD S-ratio: 1.23 54190-55361 orient(-) score(2583.00) noncoding_equivalent(2101.96) raw_noncoding(2981.00) offset(879.04) 
54281	54190	terminal-	5	6	{GeneMark_model.678_t;GeneMark},{GlimmerHMM_glimmerT_628-T1;GlimmerHMM}
54355	54282	INTRON			{GeneMark_model.678_t;GeneMark},{GlimmerHMM_glimmerT_628-T1;GlimmerHMM}
54410	54356	internal-	4	4	{GeneMark_model.678_t;GeneMark},{GlimmerHMM_glimmerT_628-T1;GlimmerHMM}
54486	54411	INTRON			{GeneMark_model.678_t;GeneMark},{GlimmerHMM_glimmerT_628-T1;GlimmerHMM}
54693	54487	internal-	4	6	{GeneMark_model.678_t;GeneMark},{GlimmerHMM_glimmerT_628-T1;GlimmerHMM}
54789	54694	INTRON			{GeneMark_model.678_t;GeneMark},{GlimmerHMM_glimmerT_628-T1;GlimmerHMM}
54936	54790	internal-	4	6	{GeneMark_model.678_t;GeneMark},{GlimmerHMM_glimmerT_628-T1;GlimmerHMM}
55007	54937	INTRON			{GeneMark_model.678_t;GeneMark},{GlimmerHMM_glimmerT_628-T1;GlimmerHMM}
55050	55008	internal-	6	6	{GeneMark_model.678_t;GeneMark},{GlimmerHMM_glimmerT_628-T1;GlimmerHMM}
55134	55051	INTRON			{GeneMark_model.678_t;GeneMark},{GlimmerHMM_glimmerT_628-T1;GlimmerHMM}
55225	55135	internal-	5	5	{GeneMark_model.678_t;GeneMark},{GlimmerHMM_glimmerT_628-T1;GlimmerHMM}
55300	55226	INTRON			{GeneMark_model.678_t;GeneMark},{GlimmerHMM_glimmerT_628-T1;GlimmerHMM}
55361	55301	initial-	4	4	{GeneMark_model.678_t;GeneMark},{GlimmerHMM_glimmerT_628-T1;GlimmerHMM}

# EVM prediction: Mode:STANDARD S-ratio: 2.19 55658-58781 orient(-) score(10409.00) noncoding_equivalent(4761.99) raw_noncoding(6010.00) offset(1248.01) 
56027	55658	terminal-	6	6	{GeneMark_model.679_t;GeneMark},{snap_scaffold_1-snap.731-T1;snap},{GlimmerHMM_glimmerT_629-T1;GlimmerHMM}
56094	56028	INTRON			{GeneMark_model.679_t;GeneMark},{GlimmerHMM_glimmerT_629-T1;GlimmerHMM},{ev_type:exonerate/ID=match.2566964.94/Target=lcl|KQ954504_1_prot_KWU42614_1_5048;exonerate}
56210	56095	internal-	4	5	{GeneMark_model.679_t;GeneMark},{GlimmerHMM_glimmerT_629-T1;GlimmerHMM},{ev_type:exonerate/ID=match.2566964.94/Target=lcl|KQ954504_1_prot_KWU42614_1_5048;exonerate}
56287	56211	INTRON			{GeneMark_model.679_t;GeneMark},{GlimmerHMM_glimmerT_629-T1;GlimmerHMM},{ev_type:exonerate/ID=match.2566964.94/Target=lcl|KQ954504_1_prot_KWU42614_1_5048;exonerate}
56439	56288	internal-	5	6	{GeneMark_model.679_t;GeneMark},{GlimmerHMM_glimmerT_629-T1;GlimmerHMM},{ev_type:exonerate/ID=match.2566964.94/Target=lcl|KQ954504_1_prot_KWU42614_1_5048;exonerate}
56507	56440	INTRON			{GeneMark_model.679_t;GeneMark},{GlimmerHMM_glimmerT_629-T1;GlimmerHMM},{ev_type:exonerate/ID=match.2566964.94/Target=lcl|KQ954504_1_prot_KWU42614_1_5048;exonerate}
56682	56508	internal-	4	4	{GeneMark_model.679_t;GeneMark},{GlimmerHMM_glimmerT_629-T1;GlimmerHMM},{ev_type:exonerate/ID=match.2566964.94/Target=lcl|KQ954504_1_prot_KWU42614_1_5048;exonerate}
56770	56683	INTRON			{GeneMark_model.679_t;GeneMark},{GlimmerHMM_glimmerT_629-T1;GlimmerHMM},{ev_type:exonerate/ID=match.2566964.94/Target=lcl|KQ954504_1_prot_KWU42614_1_5048;exonerate}
57749	56771	internal-	6	6	{GeneMark_model.679_t;GeneMark},{GlimmerHMM_glimmerT_629-T1;GlimmerHMM},{ev_type:exonerate/ID=match.2566964.94/Target=lcl|KQ954504_1_prot_KWU42614_1_5048;exonerate}
57814	57750	INTRON			{GeneMark_model.679_t;GeneMark},{GlimmerHMM_glimmerT_629-T1;GlimmerHMM},{ev_type:exonerate/ID=match.2566964.94/Target=lcl|KQ954504_1_prot_KWU42614_1_5048;exonerate}
57987	57815	internal-	4	5	{GeneMark_model.679_t;GeneMark},{GlimmerHMM_glimmerT_629-T1;GlimmerHMM},{ev_type:exonerate/ID=match.2566964.94/Target=lcl|KQ954504_1_prot_KWU42614_1_5048;exonerate}
58050	57988	INTRON			{GeneMark_model.679_t;GeneMark},{GlimmerHMM_glimmerT_629-T1;GlimmerHMM},{ev_type:exonerate/ID=match.2566964.94/Target=lcl|KQ954504_1_prot_KWU42614_1_5048;exonerate}
58178	58051	internal-	5	6	{GeneMark_model.679_t;GeneMark},{GlimmerHMM_glimmerT_629-T1;GlimmerHMM},{ev_type:exonerate/ID=match.2566964.94/Target=lcl|KQ954504_1_prot_KWU42614_1_5048;exonerate}
58265	58179	INTRON			{GeneMark_model.679_t;GeneMark},{GlimmerHMM_glimmerT_629-T1;GlimmerHMM},{ev_type:exonerate/ID=match.2566964.94/Target=lcl|KQ954504_1_prot_KWU42614_1_5048;exonerate}
58397	58266	internal-	5	4	{GeneMark_model.679_t;GeneMark},{GlimmerHMM_glimmerT_629-T1;GlimmerHMM},{ev_type:exonerate/ID=match.2566964.94/Target=lcl|KQ954504_1_prot_KWU42614_1_5048;exonerate}
58485	58398	INTRON			{GeneMark_model.679_t;GeneMark},{GlimmerHMM_glimmerT_629-T1;GlimmerHMM},{ev_type:exonerate/ID=match.2566964.94/Target=lcl|KQ954504_1_prot_KWU42614_1_5048;exonerate}
58561	58486	internal-	4	4	{GeneMark_model.679_t;GeneMark},{GlimmerHMM_glimmerT_629-T1;GlimmerHMM}
58628	58562	INTRON			{GeneMark_model.679_t;GeneMark},{GlimmerHMM_glimmerT_629-T1;GlimmerHMM}
58781	58629	initial-	4	6	{GeneMark_model.679_t;GeneMark},{GlimmerHMM_glimmerT_629-T1;GlimmerHMM}

# EVM prediction: Mode:STANDARD S-ratio: 1.78 58985-59692 orient(-) score(1473.00) noncoding_equivalent(825.41) raw_noncoding(1441.00) offset(615.59) 
59373	58985	terminal-	5	6	{snap_scaffold_1-snap.733-T1;snap}
59640	59374	INTRON			{snap_scaffold_1-snap.733-T1;snap}
59692	59641	initial-	4	4	{GlimmerHMM_glimmerT_630-T1;GlimmerHMM}

# EVM prediction: Mode:STANDARD S-ratio: 1.00 62804-63405 orient(+) score(1204.00) noncoding_equivalent(1204.00) raw_noncoding(1334.00) offset(130.00) 
62804	62864	initial+	1	1	{GeneMark_model.681_t;GeneMark},{GlimmerHMM_glimmerT_631-T1;GlimmerHMM}
62865	62929	INTRON			{GeneMark_model.681_t;GeneMark},{GlimmerHMM_glimmerT_631-T1;GlimmerHMM}
62930	63405	terminal+	2	3	{GeneMark_model.681_t;GeneMark},{GlimmerHMM_glimmerT_631-T1;GlimmerHMM}

# EVM prediction: Mode:STANDARD S-ratio: 3.30 68572-69963 orient(-) score(8319.00) noncoding_equivalent(2518.47) raw_noncoding(3465.00) offset(946.53) 
68613	68572	terminal-	4	6	{GlimmerHMM_glimmerT_633-T1;GlimmerHMM},{GeneMark_model.684_t;GeneMark}
68687	68614	INTRON			{GlimmerHMM_glimmerT_633-T1;GlimmerHMM},{GeneMark_model.684_t;GeneMark},{ev_type:exonerate/ID=match.2566964.277/Target=lcl|PJQD01000060_1_prot_POY72055_1_5287;exonerate},{ev_type:exonerate/ID=match.2566964.284/Target=lcl|KQ954516_1_prot_KWU42098_1_5547;exonerate},{ev_type:exonerate/ID=match.2566964.298/Target=lcl|NW_017264928_1_prot_XP_018274008_1_68;exonerate},{ev_type:exonerate/ID=match.2566964.294/Target=lcl|BJWK01000019_1_prot_GEM12196_1_6213;exonerate}
68874	68688	internal-	6	6	{GlimmerHMM_glimmerT_633-T1;GlimmerHMM},{GeneMark_model.684_t;GeneMark},{ev_type:exonerate/ID=match.2566964.277/Target=lcl|PJQD01000060_1_prot_POY72055_1_5287;exonerate},{ev_type:exonerate/ID=match.2566964.284/Target=lcl|KQ954516_1_prot_KWU42098_1_5547;exonerate},{ev_type:exonerate/ID=match.2566964.298/Target=lcl|NW_017264928_1_prot_XP_018274008_1_68;exonerate},{ev_type:exonerate/ID=match.2566964.294/Target=lcl|BJWK01000019_1_prot_GEM12196_1_6213;exonerate}
68953	68875	INTRON			{GlimmerHMM_glimmerT_633-T1;GlimmerHMM},{GeneMark_model.684_t;GeneMark},{ev_type:exonerate/ID=match.2566964.277/Target=lcl|PJQD01000060_1_prot_POY72055_1_5287;exonerate},{ev_type:exonerate/ID=match.2566964.284/Target=lcl|KQ954516_1_prot_KWU42098_1_5547;exonerate},{ev_type:exonerate/ID=match.2566964.298/Target=lcl|NW_017264928_1_prot_XP_018274008_1_68;exonerate},{ev_type:exonerate/ID=match.2566964.294/Target=lcl|BJWK01000019_1_prot_GEM12196_1_6213;exonerate}
69110	68954	internal-	5	5	{GlimmerHMM_glimmerT_633-T1;GlimmerHMM},{GeneMark_model.684_t;GeneMark},{ev_type:exonerate/ID=match.2566964.277/Target=lcl|PJQD01000060_1_prot_POY72055_1_5287;exonerate},{ev_type:exonerate/ID=match.2566964.284/Target=lcl|KQ954516_1_prot_KWU42098_1_5547;exonerate},{ev_type:exonerate/ID=match.2566964.298/Target=lcl|NW_017264928_1_prot_XP_018274008_1_68;exonerate},{ev_type:exonerate/ID=match.2566964.294/Target=lcl|BJWK01000019_1_prot_GEM12196_1_6213;exonerate}
69187	69111	INTRON			{GlimmerHMM_glimmerT_633-T1;GlimmerHMM},{GeneMark_model.684_t;GeneMark},{ev_type:exonerate/ID=match.2566964.277/Target=lcl|PJQD01000060_1_prot_POY72055_1_5287;exonerate},{ev_type:exonerate/ID=match.2566964.284/Target=lcl|KQ954516_1_prot_KWU42098_1_5547;exonerate},{ev_type:exonerate/ID=match.2566964.298/Target=lcl|NW_017264928_1_prot_XP_018274008_1_68;exonerate},{ev_type:exonerate/ID=match.2566964.294/Target=lcl|BJWK01000019_1_prot_GEM12196_1_6213;exonerate}
69409	69188	internal-	5	4	{GlimmerHMM_glimmerT_633-T1;GlimmerHMM},{GeneMark_model.684_t;GeneMark},{ev_type:exonerate/ID=match.2566964.277/Target=lcl|PJQD01000060_1_prot_POY72055_1_5287;exonerate},{ev_type:exonerate/ID=match.2566964.284/Target=lcl|KQ954516_1_prot_KWU42098_1_5547;exonerate},{ev_type:exonerate/ID=match.2566964.298/Target=lcl|NW_017264928_1_prot_XP_018274008_1_68;exonerate},{ev_type:exonerate/ID=match.2566964.294/Target=lcl|BJWK01000019_1_prot_GEM12196_1_6213;exonerate}
69475	69410	INTRON			{GlimmerHMM_glimmerT_633-T1;GlimmerHMM},{GeneMark_model.684_t;GeneMark},{ev_type:exonerate/ID=match.2566964.277/Target=lcl|PJQD01000060_1_prot_POY72055_1_5287;exonerate},{ev_type:exonerate/ID=match.2566964.284/Target=lcl|KQ954516_1_prot_KWU42098_1_5547;exonerate},{ev_type:exonerate/ID=match.2566964.298/Target=lcl|NW_017264928_1_prot_XP_018274008_1_68;exonerate},{ev_type:exonerate/ID=match.2566964.294/Target=lcl|BJWK01000019_1_prot_GEM12196_1_6213;exonerate}
69674	69476	internal-	4	4	{GlimmerHMM_glimmerT_633-T1;GlimmerHMM},{GeneMark_model.684_t;GeneMark},{ev_type:exonerate/ID=match.2566964.277/Target=lcl|PJQD01000060_1_prot_POY72055_1_5287;exonerate},{ev_type:exonerate/ID=match.2566964.284/Target=lcl|KQ954516_1_prot_KWU42098_1_5547;exonerate},{ev_type:exonerate/ID=match.2566964.298/Target=lcl|NW_017264928_1_prot_XP_018274008_1_68;exonerate},{ev_type:exonerate/ID=match.2566964.294/Target=lcl|BJWK01000019_1_prot_GEM12196_1_6213;exonerate}
69742	69675	INTRON			{GeneMark_model.684_t;GeneMark},{ev_type:exonerate/ID=match.2566964.277/Target=lcl|PJQD01000060_1_prot_POY72055_1_5287;exonerate},{ev_type:exonerate/ID=match.2566964.284/Target=lcl|KQ954516_1_prot_KWU42098_1_5547;exonerate},{ev_type:exonerate/ID=match.2566964.298/Target=lcl|NW_017264928_1_prot_XP_018274008_1_68;exonerate},{ev_type:exonerate/ID=match.2566964.294/Target=lcl|BJWK01000019_1_prot_GEM12196_1_6213;exonerate}
69781	69743	internal-	4	6	{GeneMark_model.684_t;GeneMark},{ev_type:exonerate/ID=match.2566964.277/Target=lcl|PJQD01000060_1_prot_POY72055_1_5287;exonerate},{ev_type:exonerate/ID=match.2566964.284/Target=lcl|KQ954516_1_prot_KWU42098_1_5547;exonerate},{ev_type:exonerate/ID=match.2566964.298/Target=lcl|NW_017264928_1_prot_XP_018274008_1_68;exonerate},{ev_type:exonerate/ID=match.2566964.294/Target=lcl|BJWK01000019_1_prot_GEM12196_1_6213;exonerate}
69849	69782	INTRON			{GeneMark_model.684_t;GeneMark},{ev_type:exonerate/ID=match.2566964.277/Target=lcl|PJQD01000060_1_prot_POY72055_1_5287;exonerate},{ev_type:exonerate/ID=match.2566964.284/Target=lcl|KQ954516_1_prot_KWU42098_1_5547;exonerate},{ev_type:exonerate/ID=match.2566964.298/Target=lcl|NW_017264928_1_prot_XP_018274008_1_68;exonerate},{ev_type:exonerate/ID=match.2566964.294/Target=lcl|BJWK01000019_1_prot_GEM12196_1_6213;exonerate}
69963	69850	initial-	4	6	{GlimmerHMM_glimmerT_633-T1;GlimmerHMM},{GeneMark_model.684_t;GeneMark}

# EVM prediction: Mode:STANDARD S-ratio: 1.56 70823-72137 orient(-) score(3209.00) noncoding_equivalent(2051.00) raw_noncoding(2326.00) offset(275.00) 
70931	70823	terminal-	6	6	{GlimmerHMM_glimmerT_634-T1;GlimmerHMM},{GeneMark_model.685_t;GeneMark}
71020	70932	INTRON			{GlimmerHMM_glimmerT_634-T1;GlimmerHMM},{GeneMark_model.685_t;GeneMark}
71487	71021	internal-	4	5	{GlimmerHMM_glimmerT_634-T1;GlimmerHMM},{GeneMark_model.685_t;GeneMark}
71558	71488	INTRON			{GlimmerHMM_glimmerT_634-T1;GlimmerHMM},{GeneMark_model.685_t;GeneMark}
72137	71559	initial-	4	6	{GlimmerHMM_glimmerT_634-T1;GlimmerHMM}

# EVM prediction: Mode:STANDARD S-ratio: 0.91 72431-73266 orient(+) score(1661.00) noncoding_equivalent(1826.30) raw_noncoding(2692.30) offset(866.00) 
72431	72435	initial+	1	2	{GlimmerHMM_glimmerT_635-T1;GlimmerHMM},{GeneMark_model.686_t;GeneMark}
72436	72593	INTRON			{GlimmerHMM_glimmerT_635-T1;GlimmerHMM},{GeneMark_model.686_t;GeneMark}
72594	72674	internal+	3	2	{GlimmerHMM_glimmerT_635-T1;GlimmerHMM},{GeneMark_model.686_t;GeneMark}
72675	72747	INTRON			{GlimmerHMM_glimmerT_635-T1;GlimmerHMM},{GeneMark_model.686_t;GeneMark}
72748	72862	internal+	3	3	{GlimmerHMM_glimmerT_635-T1;GlimmerHMM},{GeneMark_model.686_t;GeneMark}
72863	72941	INTRON			{GlimmerHMM_glimmerT_635-T1;GlimmerHMM},{GeneMark_model.686_t;GeneMark}
72942	72967	internal+	1	2	{GlimmerHMM_glimmerT_635-T1;GlimmerHMM},{GeneMark_model.686_t;GeneMark}
72968	73048	INTRON			{GlimmerHMM_glimmerT_635-T1;GlimmerHMM},{GeneMark_model.686_t;GeneMark}
73049	73113	internal+	3	1	{GlimmerHMM_glimmerT_635-T1;GlimmerHMM},{GeneMark_model.686_t;GeneMark}
73114	73228	INTRON			{GlimmerHMM_glimmerT_635-T1;GlimmerHMM},{GeneMark_model.686_t;GeneMark}
73229	73266	terminal+	2	3	{GlimmerHMM_glimmerT_635-T1;GlimmerHMM}

# EVM prediction: Mode:STANDARD S-ratio: 1.76 73742-77726 orient(-) score(10164.00) noncoding_equivalent(5774.25) raw_noncoding(6386.00) offset(611.75) 
74806	73742	terminal-	4	6	{GlimmerHMM_glimmerT_636-T1;GlimmerHMM},{GeneMark_model.687_t;GeneMark}
74883	74807	INTRON			{GlimmerHMM_glimmerT_636-T1;GlimmerHMM},{GeneMark_model.687_t;GeneMark}
76044	74884	internal-	4	6	{GlimmerHMM_glimmerT_636-T1;GlimmerHMM},{GeneMark_model.687_t;GeneMark}
76112	76045	INTRON			{GlimmerHMM_glimmerT_636-T1;GlimmerHMM},{GeneMark_model.687_t;GeneMark}
76232	76113	internal-	4	6	{GlimmerHMM_glimmerT_636-T1;GlimmerHMM},{GeneMark_model.687_t;GeneMark}
76303	76233	INTRON			{GlimmerHMM_glimmerT_636-T1;GlimmerHMM},{GeneMark_model.687_t;GeneMark}
76921	76304	internal-	4	6	{GlimmerHMM_glimmerT_636-T1;GlimmerHMM},{GeneMark_model.687_t;GeneMark}
76987	76922	INTRON			{GlimmerHMM_glimmerT_636-T1;GlimmerHMM},{GeneMark_model.687_t;GeneMark}
77359	76988	internal-	4	6	{GlimmerHMM_glimmerT_636-T1;GlimmerHMM},{GeneMark_model.687_t;GeneMark}
77420	77360	INTRON			{GlimmerHMM_glimmerT_636-T1;GlimmerHMM},{GeneMark_model.687_t;GeneMark}
77726	77421	initial-	4	6	{GlimmerHMM_glimmerT_636-T1;GlimmerHMM},{GeneMark_model.687_t;GeneMark}

# EVM prediction: Mode:STANDARD S-ratio: 1.94 79161-79857 orient(+) score(1927.00) noncoding_equivalent(993.00) raw_noncoding(1156.00) offset(163.00) 
79161	79166	initial+	1	3	{snap_scaffold_1-snap.738-T1;snap}
79167	79234	INTRON			{snap_scaffold_1-snap.738-T1;snap},{GeneMark_model.688_t;GeneMark},{GlimmerHMM_glimmerT_637-T1;GlimmerHMM}
79235	79693	internal+	1	3	{GeneMark_model.688_t;GeneMark},{GlimmerHMM_glimmerT_637-T1;GlimmerHMM}
79694	79779	INTRON			{GeneMark_model.688_t;GeneMark},{GlimmerHMM_glimmerT_637-T1;GlimmerHMM}
79780	79857	terminal+	1	3	{GeneMark_model.688_t;GeneMark},{GlimmerHMM_glimmerT_637-T1;GlimmerHMM}

# EVM prediction: Mode:STANDARD S-ratio: 2.09 84391-85568 orient(-) score(2624.00) noncoding_equivalent(1254.26) raw_noncoding(2145.49) offset(891.23) 
85137	84391	terminal-	4	6	{snap_scaffold_1-snap.739-T1;snap}
85220	85138	INTRON			{snap_scaffold_1-snap.739-T1;snap}
85226	85221	internal-	4	6	{snap_scaffold_1-snap.739-T1;snap}
85562	85227	INTRON			{snap_scaffold_1-snap.739-T1;snap}
85568	85563	initial-	4	6	{snap_scaffold_1-snap.739-T1;snap}

# EVM prediction: Mode:STANDARD S-ratio: 2.17 85780-90827 orient(-) score(17278.00) noncoding_equivalent(7957.39) raw_noncoding(9062.11) offset(1104.72) 
86430	85780	terminal-	4	6	{GeneMark_model.690_t;GeneMark},{snap_scaffold_1-snap.740-T1;snap}
86499	86431	INTRON			{GeneMark_model.690_t;GeneMark},{GlimmerHMM_glimmerT_638-T1;GlimmerHMM},{ev_type:exonerate/ID=match.2566964.14/Target=lcl|PJQD01000060_1_prot_POY72061_1_5293;exonerate}
86570	86500	internal-	5	6	{GeneMark_model.690_t;GeneMark},{GlimmerHMM_glimmerT_638-T1;GlimmerHMM},{ev_type:exonerate/ID=match.2566964.14/Target=lcl|PJQD01000060_1_prot_POY72061_1_5293;exonerate}
86634	86571	INTRON			{GeneMark_model.690_t;GeneMark},{GlimmerHMM_glimmerT_638-T1;GlimmerHMM},{ev_type:exonerate/ID=match.2566964.14/Target=lcl|PJQD01000060_1_prot_POY72061_1_5293;exonerate}
87388	86635	internal-	4	4	{GeneMark_model.690_t;GeneMark},{GlimmerHMM_glimmerT_638-T1;GlimmerHMM},{ev_type:exonerate/ID=match.2566964.14/Target=lcl|PJQD01000060_1_prot_POY72061_1_5293;exonerate}
87452	87389	INTRON			{GeneMark_model.690_t;GeneMark},{GlimmerHMM_glimmerT_638-T1;GlimmerHMM},{ev_type:exonerate/ID=match.2566964.14/Target=lcl|PJQD01000060_1_prot_POY72061_1_5293;exonerate}
87793	87453	internal-	5	6	{GeneMark_model.690_t;GeneMark},{GlimmerHMM_glimmerT_638-T1;GlimmerHMM},{ev_type:exonerate/ID=match.2566964.14/Target=lcl|PJQD01000060_1_prot_POY72061_1_5293;exonerate}
87854	87794	INTRON			{GeneMark_model.690_t;GeneMark},{GlimmerHMM_glimmerT_638-T1;GlimmerHMM},{ev_type:exonerate/ID=match.2566964.14/Target=lcl|PJQD01000060_1_prot_POY72061_1_5293;exonerate}
87977	87855	internal-	5	4	{GeneMark_model.690_t;GeneMark},{GlimmerHMM_glimmerT_638-T1;GlimmerHMM},{ev_type:exonerate/ID=match.2566964.14/Target=lcl|PJQD01000060_1_prot_POY72061_1_5293;exonerate}
88039	87978	INTRON			{GeneMark_model.690_t;GeneMark},{GlimmerHMM_glimmerT_638-T1;GlimmerHMM},{ev_type:exonerate/ID=match.2566964.14/Target=lcl|PJQD01000060_1_prot_POY72061_1_5293;exonerate}
88169	88040	internal-	4	4	{GeneMark_model.690_t;GeneMark},{GlimmerHMM_glimmerT_638-T1;GlimmerHMM},{ev_type:exonerate/ID=match.2566964.14/Target=lcl|PJQD01000060_1_prot_POY72061_1_5293;exonerate}
88236	88170	INTRON			{GeneMark_model.690_t;GeneMark},{GlimmerHMM_glimmerT_638-T1;GlimmerHMM},{ev_type:exonerate/ID=match.2566964.14/Target=lcl|PJQD01000060_1_prot_POY72061_1_5293;exonerate}
88794	88237	internal-	4	6	{GeneMark_model.690_t;GeneMark},{GlimmerHMM_glimmerT_638-T1;GlimmerHMM},{ev_type:exonerate/ID=match.2566964.14/Target=lcl|PJQD01000060_1_prot_POY72061_1_5293;exonerate}
88856	88795	INTRON			{GeneMark_model.690_t;GeneMark},{GlimmerHMM_glimmerT_638-T1;GlimmerHMM},{ev_type:exonerate/ID=match.2566964.14/Target=lcl|PJQD01000060_1_prot_POY72061_1_5293;exonerate}
90440	88857	internal-	4	6	{GeneMark_model.690_t;GeneMark},{GlimmerHMM_glimmerT_638-T1;GlimmerHMM},{ev_type:exonerate/ID=match.2566964.14/Target=lcl|PJQD01000060_1_prot_POY72061_1_5293;exonerate}
90566	90441	INTRON			{GeneMark_model.690_t;GeneMark},{GlimmerHMM_glimmerT_638-T1;GlimmerHMM},{ev_type:exonerate/ID=match.2566964.14/Target=lcl|PJQD01000060_1_prot_POY72061_1_5293;exonerate}
90827	90567	initial-	4	6	{GeneMark_model.690_t;GeneMark},{GlimmerHMM_glimmerT_638-T1;GlimmerHMM}

# EVM prediction: Mode:STANDARD S-ratio: 1.26 91136-92432 orient(+) score(2777.00) noncoding_equivalent(2201.85) raw_noncoding(3397.00) offset(1195.15) 
91136	91156	initial+	1	3	{GlimmerHMM_glimmerT_639-T1;GlimmerHMM},{GeneMark_model.691_t;GeneMark}
91157	91379	INTRON			{GlimmerHMM_glimmerT_639-T1;GlimmerHMM},{GeneMark_model.691_t;GeneMark}
91380	91444	internal+	1	2	{GlimmerHMM_glimmerT_639-T1;GlimmerHMM},{GeneMark_model.691_t;GeneMark}
91445	91578	INTRON			{GlimmerHMM_glimmerT_639-T1;GlimmerHMM},{GeneMark_model.691_t;GeneMark}
91579	91762	internal+	3	3	{GeneMark_model.691_t;GeneMark}
91763	91867	INTRON			{GeneMark_model.691_t;GeneMark}
91868	91934	internal+	1	1	{GeneMark_model.691_t;GeneMark}
91935	91999	INTRON			{GlimmerHMM_glimmerT_639-T1;GlimmerHMM},{GeneMark_model.691_t;GeneMark}
92000	92082	internal+	2	3	{GlimmerHMM_glimmerT_639-T1;GlimmerHMM},{GeneMark_model.691_t;GeneMark}
92083	92153	INTRON			{GlimmerHMM_glimmerT_639-T1;GlimmerHMM},{GeneMark_model.691_t;GeneMark}
92154	92432	terminal+	1	3	{snap_scaffold_1-snap.742-T1;snap},{GlimmerHMM_glimmerT_639-T1;GlimmerHMM},{GeneMark_model.691_t;GeneMark}

# EVM prediction: Mode:STANDARD S-ratio: 3.66 93555-95227 orient(+) score(7719.00) noncoding_equivalent(2109.00) raw_noncoding(2213.00) offset(104.00) 
93555	94791	initial+	1	1	{GlimmerHMM_glimmerT_640-T1;GlimmerHMM},{GeneMark_model.692_t;GeneMark}
94792	94856	INTRON			{GlimmerHMM_glimmerT_640-T1;GlimmerHMM},{GeneMark_model.692_t;GeneMark},{ev_type:exonerate/ID=match.2566964.115/Target=lcl|PJQD01000060_1_prot_POY72063_1_5295;exonerate},{ev_type:exonerate/ID=match.2566964.127/Target=lcl|KQ954516_1_prot_KWU42106_1_5555;exonerate}
94857	95227	terminal+	2	3	{GlimmerHMM_glimmerT_640-T1;GlimmerHMM},{GeneMark_model.692_t;GeneMark}

# EVM prediction: Mode:STANDARD S-ratio: 1.56 96572-97180 orient(-) score(1409.00) noncoding_equivalent(904.25) raw_noncoding(1247.28) offset(343.03) 
96839	96572	terminal-	6	6	{snap_scaffold_1-snap.744-T1;snap}
96918	96840	INTRON			{GlimmerHMM_glimmerT_641-T1;GlimmerHMM},{GeneMark_model.693_t;GeneMark}
96972	96919	internal-	6	5	{GlimmerHMM_glimmerT_641-T1;GlimmerHMM},{GeneMark_model.693_t;GeneMark}
97034	96973	INTRON			{GeneMark_model.693_t;GeneMark}
97180	97035	initial-	4	5	{GeneMark_model.693_t;GeneMark}

# EVM prediction: Mode:STANDARD S-ratio: 1.27 97853-99413 orient(+) score(3491.00) noncoding_equivalent(2751.65) raw_noncoding(2959.12) offset(207.47) 
97853	97928	initial+	1	1	{GeneMark_model.694_t;GeneMark},{GlimmerHMM_glimmerT_642-T1;GlimmerHMM}
97929	97985	INTRON			{GeneMark_model.694_t;GeneMark},{GlimmerHMM_glimmerT_642-T1;GlimmerHMM}
97986	98354	internal+	2	1	{GeneMark_model.694_t;GeneMark},{GlimmerHMM_glimmerT_642-T1;GlimmerHMM}
98355	98415	INTRON			{GeneMark_model.694_t;GeneMark},{GlimmerHMM_glimmerT_642-T1;GlimmerHMM}
98416	99413	terminal+	2	3	{GeneMark_model.694_t;GeneMark},{GlimmerHMM_glimmerT_642-T1;GlimmerHMM}

# EVM prediction: Mode:STANDARD S-ratio: 2.14 99668-101526 orient(-) score(4974.00) noncoding_equivalent(2325.49) raw_noncoding(2651.19) offset(325.71) 
99760	99668	terminal-	4	6	{GeneMark_model.695_t;GeneMark},{GlimmerHMM_glimmerT_643-T1;GlimmerHMM}
99883	99761	INTRON			{GeneMark_model.695_t;GeneMark},{GlimmerHMM_glimmerT_643-T1;GlimmerHMM}
101319	99884	internal-	5	6	{GlimmerHMM_glimmerT_643-T1;GlimmerHMM}
101387	101320	INTRON			{GeneMark_model.695_t;GeneMark}
101526	101388	initial-	4	4	{GeneMark_model.695_t;GeneMark}

# EVM prediction: Mode:STANDARD S-ratio: 1.38 101949-103173 orient(+) score(2793.00) noncoding_equivalent(2023.77) raw_noncoding(2363.00) offset(339.23) 
101949	101989	initial+	1	2	{GlimmerHMM_glimmerT_644-T1;GlimmerHMM}
101990	102031	INTRON			{GlimmerHMM_glimmerT_644-T1;GlimmerHMM}
102032	102257	internal+	3	3	{GeneMark_model.696_t;GeneMark},{GlimmerHMM_glimmerT_644-T1;GlimmerHMM}
102258	102335	INTRON			{GeneMark_model.696_t;GeneMark},{GlimmerHMM_glimmerT_644-T1;GlimmerHMM}
102336	102679	internal+	1	2	{GeneMark_model.696_t;GeneMark},{GlimmerHMM_glimmerT_644-T1;GlimmerHMM}
102680	102767	INTRON			{GeneMark_model.696_t;GeneMark},{GlimmerHMM_glimmerT_644-T1;GlimmerHMM}
102768	103173	terminal+	3	3	{GeneMark_model.696_t;GeneMark},{GlimmerHMM_glimmerT_644-T1;GlimmerHMM}

# EVM prediction: Mode:STANDARD S-ratio: 1.60 105950-107371 orient(-) score(3498.00) noncoding_equivalent(2188.00) raw_noncoding(2559.00) offset(371.00) 
106123	105950	terminal-	4	6	{GlimmerHMM_glimmerT_646-T1;GlimmerHMM},{GeneMark_model.698_t;GeneMark}
106212	106124	INTRON			{GlimmerHMM_glimmerT_646-T1;GlimmerHMM},{GeneMark_model.698_t;GeneMark}
106446	106213	internal-	4	6	{GlimmerHMM_glimmerT_646-T1;GlimmerHMM},{GeneMark_model.698_t;GeneMark}
106537	106447	INTRON			{GlimmerHMM_glimmerT_646-T1;GlimmerHMM},{GeneMark_model.698_t;GeneMark}
106771	106538	internal-	4	6	{GlimmerHMM_glimmerT_646-T1;GlimmerHMM},{GeneMark_model.698_t;GeneMark}
106855	106772	INTRON			{GlimmerHMM_glimmerT_646-T1;GlimmerHMM},{GeneMark_model.698_t;GeneMark}
107371	106856	initial-	4	6	{GlimmerHMM_glimmerT_646-T1;GlimmerHMM}

# EVM prediction: Mode:STANDARD S-ratio: 2.00 107796-108439 orient(-) score(2570.00) noncoding_equivalent(1288.00) raw_noncoding(1790.00) offset(502.00) 
107919	107796	terminal-	6	6	{GeneMark_model.699_t;GeneMark},{GlimmerHMM_glimmerT_647-T1;GlimmerHMM}
107989	107920	INTRON			{GeneMark_model.699_t;GeneMark},{GlimmerHMM_glimmerT_647-T1;GlimmerHMM},{ev_type:exonerate/ID=match.2566964.498/Target=lcl|PJQD01000017_1_prot_POY75352_1_1411;exonerate},{ev_type:exonerate/ID=match.2566964.501/Target=lcl|KQ954504_1_prot_KWU42594_1_5028;exonerate}
108210	107990	internal-	4	5	{GeneMark_model.699_t;GeneMark},{GlimmerHMM_glimmerT_647-T1;GlimmerHMM},{ev_type:exonerate/ID=match.2566964.498/Target=lcl|PJQD01000017_1_prot_POY75352_1_1411;exonerate},{ev_type:exonerate/ID=match.2566964.501/Target=lcl|KQ954504_1_prot_KWU42594_1_5028;exonerate}
108391	108211	INTRON			{GeneMark_model.699_t;GeneMark},{GlimmerHMM_glimmerT_647-T1;GlimmerHMM},{ev_type:exonerate/ID=match.2566964.498/Target=lcl|PJQD01000017_1_prot_POY75352_1_1411;exonerate},{ev_type:exonerate/ID=match.2566964.501/Target=lcl|KQ954504_1_prot_KWU42594_1_5028;exonerate}
108439	108392	initial-	4	6	{GeneMark_model.699_t;GeneMark},{GlimmerHMM_glimmerT_647-T1;GlimmerHMM}

# EVM prediction: Mode:STANDARD S-ratio: 2.41 109844-110645 orient(+) score(3394.00) noncoding_equivalent(1409.30) raw_noncoding(2158.00) offset(748.70) 
109844	109904	initial+	1	1	{GlimmerHMM_glimmerT_648-T1;GlimmerHMM},{GeneMark_model.700_t;GeneMark}
109905	109981	INTRON			{GlimmerHMM_glimmerT_648-T1;GlimmerHMM},{GeneMark_model.700_t;GeneMark},{ev_type:exonerate/ID=match.2566964.829/Target=lcl|KQ954504_1_prot_KWU42595_1_5029;exonerate},{ev_type:exonerate/ID=match.2566964.816/Target=lcl|PJQD01000017_1_prot_POY75353_1_1412;exonerate}
109982	110050	internal+	2	1	{GlimmerHMM_glimmerT_648-T1;GlimmerHMM},{GeneMark_model.700_t;GeneMark},{ev_type:exonerate/ID=match.2566964.829/Target=lcl|KQ954504_1_prot_KWU42595_1_5029;exonerate},{ev_type:exonerate/ID=match.2566964.816/Target=lcl|PJQD01000017_1_prot_POY75353_1_1412;exonerate}
110051	110276	INTRON			{GlimmerHMM_glimmerT_648-T1;GlimmerHMM},{GeneMark_model.700_t;GeneMark},{ev_type:exonerate/ID=match.2566964.829/Target=lcl|KQ954504_1_prot_KWU42595_1_5029;exonerate},{ev_type:exonerate/ID=match.2566964.816/Target=lcl|PJQD01000017_1_prot_POY75353_1_1412;exonerate}
110277	110398	internal+	2	3	{GlimmerHMM_glimmerT_648-T1;GlimmerHMM},{GeneMark_model.700_t;GeneMark},{ev_type:exonerate/ID=match.2566964.829/Target=lcl|KQ954504_1_prot_KWU42595_1_5029;exonerate},{ev_type:exonerate/ID=match.2566964.816/Target=lcl|PJQD01000017_1_prot_POY75353_1_1412;exonerate}
110399	110468	INTRON			{GlimmerHMM_glimmerT_648-T1;GlimmerHMM},{GeneMark_model.700_t;GeneMark},{ev_type:exonerate/ID=match.2566964.829/Target=lcl|KQ954504_1_prot_KWU42595_1_5029;exonerate},{ev_type:exonerate/ID=match.2566964.816/Target=lcl|PJQD01000017_1_prot_POY75353_1_1412;exonerate}
110469	110645	terminal+	1	3	{GlimmerHMM_glimmerT_648-T1;GlimmerHMM},{snap_scaffold_1-snap.749-T1;snap},{GeneMark_model.700_t;GeneMark}

# EVM prediction: Mode:STANDARD S-ratio: 2.86 111366-113081 orient(+) score(5082.00) noncoding_equivalent(1780.00) raw_noncoding(1848.00) offset(68.00) 
111366	112858	initial+	1	2	{GeneMark_model.701_t;GeneMark},{GlimmerHMM_glimmerT_649-T1;GlimmerHMM}
112859	112924	INTRON			{GeneMark_model.701_t;GeneMark},{GlimmerHMM_glimmerT_649-T1;GlimmerHMM}
112925	113081	terminal+	3	3	{GeneMark_model.701_t;GeneMark},{GlimmerHMM_glimmerT_649-T1;GlimmerHMM}

# EVM prediction: Mode:STANDARD S-ratio: 1.19 113571-118045 orient(-) score(9459.00) noncoding_equivalent(7931.43) raw_noncoding(9416.00) offset(1484.57) 
114484	113571	terminal-	5	6	{GeneMark_model.702_t;GeneMark},{snap_scaffold_1-snap.751-T1;snap}
114542	114485	INTRON			{GeneMark_model.702_t;GeneMark}
114606	114543	internal-	4	4	{GeneMark_model.702_t;GeneMark}
114673	114607	INTRON			{GeneMark_model.702_t;GeneMark}
114757	114674	internal-	4	6	{GeneMark_model.702_t;GeneMark},{GlimmerHMM_glimmerT_650-T1;GlimmerHMM}
114821	114758	INTRON			{GeneMark_model.702_t;GeneMark}
114872	114822	internal-	4	6	{GeneMark_model.702_t;GeneMark}
114944	114873	INTRON			{GeneMark_model.702_t;GeneMark}
115081	114945	internal-	5	6	{GeneMark_model.702_t;GeneMark},{GlimmerHMM_glimmerT_650-T1;GlimmerHMM}
115148	115082	INTRON			{GeneMark_model.702_t;GeneMark},{GlimmerHMM_glimmerT_650-T1;GlimmerHMM}
115509	115149	internal-	4	4	{GeneMark_model.702_t;GeneMark},{GlimmerHMM_glimmerT_650-T1;GlimmerHMM}
115579	115510	INTRON			{GeneMark_model.702_t;GeneMark},{GlimmerHMM_glimmerT_650-T1;GlimmerHMM}
115997	115580	internal-	6	6	{GeneMark_model.702_t;GeneMark},{GlimmerHMM_glimmerT_650-T1;GlimmerHMM}
116080	115998	INTRON			{GeneMark_model.702_t;GeneMark},{GlimmerHMM_glimmerT_650-T1;GlimmerHMM}
116278	116081	internal-	6	5	{GeneMark_model.702_t;GeneMark},{GlimmerHMM_glimmerT_650-T1;GlimmerHMM}
116340	116279	INTRON			{GeneMark_model.702_t;GeneMark},{GlimmerHMM_glimmerT_650-T1;GlimmerHMM}
116655	116341	internal-	6	5	{GeneMark_model.702_t;GeneMark},{GlimmerHMM_glimmerT_650-T1;GlimmerHMM}
116732	116656	INTRON			{GeneMark_model.702_t;GeneMark},{GlimmerHMM_glimmerT_650-T1;GlimmerHMM}
118045	116733	initial-	4	5	{GeneMark_model.702_t;GeneMark},{GlimmerHMM_glimmerT_650-T1;GlimmerHMM}

# EVM prediction: Mode:STANDARD S-ratio: 1.62 118426-119815 orient(+) score(3356.00) noncoding_equivalent(2065.49) raw_noncoding(2426.76) offset(361.26) 
118426	119097	initial+	1	3	{GeneMark_model.703_t;GeneMark}
119098	119166	INTRON			{GeneMark_model.703_t;GeneMark}
119167	119244	internal+	1	3	{GlimmerHMM_glimmerT_651-T1;GlimmerHMM},{GeneMark_model.703_t;GeneMark}
119245	119313	INTRON			{GlimmerHMM_glimmerT_651-T1;GlimmerHMM},{GeneMark_model.703_t;GeneMark}
119314	119432	internal+	1	2	{GlimmerHMM_glimmerT_651-T1;GlimmerHMM},{GeneMark_model.703_t;GeneMark}
119433	119499	INTRON			{GlimmerHMM_glimmerT_651-T1;GlimmerHMM},{GeneMark_model.703_t;GeneMark}
119500	119815	terminal+	3	3	{GlimmerHMM_glimmerT_651-T1;GlimmerHMM}

# EVM prediction: Mode:STANDARD S-ratio: 1.00 121891-122556 orient(+) score(1332.00) noncoding_equivalent(1332.00) raw_noncoding(1662.00) offset(330.00) 
121891	121935	initial+	1	3	{GlimmerHMM_glimmerT_653-T1;GlimmerHMM}
121936	122026	INTRON			{GlimmerHMM_glimmerT_653-T1;GlimmerHMM},{GeneMark_model.704_t;GeneMark}
122027	122374	internal+	1	3	{GlimmerHMM_glimmerT_653-T1;GlimmerHMM},{GeneMark_model.704_t;GeneMark}
122375	122448	INTRON			{GlimmerHMM_glimmerT_653-T1;GlimmerHMM},{GeneMark_model.704_t;GeneMark}
122449	122556	terminal+	1	3	{GlimmerHMM_glimmerT_653-T1;GlimmerHMM},{GeneMark_model.704_t;GeneMark}

# EVM prediction: Mode:STANDARD S-ratio: 2.35 122738-125095 orient(-) score(9645.00) noncoding_equivalent(4109.80) raw_noncoding(5619.00) offset(1509.20) 
122894	122738	terminal-	6	6	{GlimmerHMM_glimmerT_654-T1;GlimmerHMM},{GeneMark_model.705_t;GeneMark}
122961	122895	INTRON			{GlimmerHMM_glimmerT_654-T1;GlimmerHMM},{GeneMark_model.705_t;GeneMark},{ev_type:exonerate/ID=match.2566964.137/Target=lcl|PJQD01000017_1_prot_POY75358_1_1417;exonerate},{ev_type:exonerate/ID=match.2566964.140/Target=lcl|KQ954504_1_prot_KWU42600_1_5034;exonerate}
123091	122962	internal-	5	5	{GlimmerHMM_glimmerT_654-T1;GlimmerHMM},{GeneMark_model.705_t;GeneMark},{ev_type:exonerate/ID=match.2566964.137/Target=lcl|PJQD01000017_1_prot_POY75358_1_1417;exonerate},{ev_type:exonerate/ID=match.2566964.140/Target=lcl|KQ954504_1_prot_KWU42600_1_5034;exonerate}
123164	123092	INTRON			{GlimmerHMM_glimmerT_654-T1;GlimmerHMM},{GeneMark_model.705_t;GeneMark},{ev_type:exonerate/ID=match.2566964.137/Target=lcl|PJQD01000017_1_prot_POY75358_1_1417;exonerate},{ev_type:exonerate/ID=match.2566964.140/Target=lcl|KQ954504_1_prot_KWU42600_1_5034;exonerate}
123231	123165	internal-	4	4	{GlimmerHMM_glimmerT_654-T1;GlimmerHMM},{GeneMark_model.705_t;GeneMark},{ev_type:exonerate/ID=match.2566964.137/Target=lcl|PJQD01000017_1_prot_POY75358_1_1417;exonerate},{ev_type:exonerate/ID=match.2566964.140/Target=lcl|KQ954504_1_prot_KWU42600_1_5034;exonerate}
123303	123232	INTRON			{GlimmerHMM_glimmerT_654-T1;GlimmerHMM},{GeneMark_model.705_t;GeneMark},{ev_type:exonerate/ID=match.2566964.137/Target=lcl|PJQD01000017_1_prot_POY75358_1_1417;exonerate},{ev_type:exonerate/ID=match.2566964.140/Target=lcl|KQ954504_1_prot_KWU42600_1_5034;exonerate}
123543	123304	internal-	4	6	{GlimmerHMM_glimmerT_654-T1;GlimmerHMM},{GeneMark_model.705_t;GeneMark},{ev_type:exonerate/ID=match.2566964.137/Target=lcl|PJQD01000017_1_prot_POY75358_1_1417;exonerate},{ev_type:exonerate/ID=match.2566964.140/Target=lcl|KQ954504_1_prot_KWU42600_1_5034;exonerate}
123617	123544	INTRON			{GlimmerHMM_glimmerT_654-T1;GlimmerHMM},{GeneMark_model.705_t;GeneMark},{ev_type:exonerate/ID=match.2566964.137/Target=lcl|PJQD01000017_1_prot_POY75358_1_1417;exonerate},{ev_type:exonerate/ID=match.2566964.140/Target=lcl|KQ954504_1_prot_KWU42600_1_5034;exonerate}
123953	123618	internal-	4	6	{GeneMark_model.705_t;GeneMark},{ev_type:exonerate/ID=match.2566964.137/Target=lcl|PJQD01000017_1_prot_POY75358_1_1417;exonerate},{ev_type:exonerate/ID=match.2566964.140/Target=lcl|KQ954504_1_prot_KWU42600_1_5034;exonerate}
124025	123954	INTRON			{GeneMark_model.705_t;GeneMark},{ev_type:exonerate/ID=match.2566964.137/Target=lcl|PJQD01000017_1_prot_POY75358_1_1417;exonerate},{ev_type:exonerate/ID=match.2566964.140/Target=lcl|KQ954504_1_prot_KWU42600_1_5034;exonerate}
124075	124026	internal-	5	6	{GeneMark_model.705_t;GeneMark},{ev_type:exonerate/ID=match.2566964.137/Target=lcl|PJQD01000017_1_prot_POY75358_1_1417;exonerate},{ev_type:exonerate/ID=match.2566964.140/Target=lcl|KQ954504_1_prot_KWU42600_1_5034;exonerate}
124147	124076	INTRON			{GlimmerHMM_glimmerT_654-T1;GlimmerHMM},{GeneMark_model.705_t;GeneMark},{ev_type:exonerate/ID=match.2566964.137/Target=lcl|PJQD01000017_1_prot_POY75358_1_1417;exonerate},{ev_type:exonerate/ID=match.2566964.140/Target=lcl|KQ954504_1_prot_KWU42600_1_5034;exonerate}
124239	124148	internal-	6	4	{GlimmerHMM_glimmerT_654-T1;GlimmerHMM},{GeneMark_model.705_t;GeneMark},{ev_type:exonerate/ID=match.2566964.137/Target=lcl|PJQD01000017_1_prot_POY75358_1_1417;exonerate},{ev_type:exonerate/ID=match.2566964.140/Target=lcl|KQ954504_1_prot_KWU42600_1_5034;exonerate}
124298	124240	INTRON			{GeneMark_model.705_t;GeneMark},{ev_type:exonerate/ID=match.2566964.137/Target=lcl|PJQD01000017_1_prot_POY75358_1_1417;exonerate},{ev_type:exonerate/ID=match.2566964.140/Target=lcl|KQ954504_1_prot_KWU42600_1_5034;exonerate}
124325	124299	internal-	6	5	{GeneMark_model.705_t;GeneMark},{ev_type:exonerate/ID=match.2566964.137/Target=lcl|PJQD01000017_1_prot_POY75358_1_1417;exonerate},{ev_type:exonerate/ID=match.2566964.140/Target=lcl|KQ954504_1_prot_KWU42600_1_5034;exonerate}
124388	124326	INTRON			{GeneMark_model.705_t;GeneMark},{ev_type:exonerate/ID=match.2566964.137/Target=lcl|PJQD01000017_1_prot_POY75358_1_1417;exonerate},{ev_type:exonerate/ID=match.2566964.140/Target=lcl|KQ954504_1_prot_KWU42600_1_5034;exonerate}
124440	124389	internal-	5	5	{GlimmerHMM_glimmerT_654-T1;GlimmerHMM},{GeneMark_model.705_t;GeneMark},{ev_type:exonerate/ID=match.2566964.137/Target=lcl|PJQD01000017_1_prot_POY75358_1_1417;exonerate},{ev_type:exonerate/ID=match.2566964.140/Target=lcl|KQ954504_1_prot_KWU42600_1_5034;exonerate}
124505	124441	INTRON			{GlimmerHMM_glimmerT_654-T1;GlimmerHMM},{GeneMark_model.705_t;GeneMark},{ev_type:exonerate/ID=match.2566964.137/Target=lcl|PJQD01000017_1_prot_POY75358_1_1417;exonerate},{ev_type:exonerate/ID=match.2566964.140/Target=lcl|KQ954504_1_prot_KWU42600_1_5034;exonerate}
124645	124506	internal-	6	4	{GlimmerHMM_glimmerT_654-T1;GlimmerHMM},{GeneMark_model.705_t;GeneMark},{ev_type:exonerate/ID=match.2566964.137/Target=lcl|PJQD01000017_1_prot_POY75358_1_1417;exonerate},{ev_type:exonerate/ID=match.2566964.140/Target=lcl|KQ954504_1_prot_KWU42600_1_5034;exonerate}
124748	124646	INTRON			{GlimmerHMM_glimmerT_654-T1;GlimmerHMM},{GeneMark_model.705_t;GeneMark},{ev_type:exonerate/ID=match.2566964.137/Target=lcl|PJQD01000017_1_prot_POY75358_1_1417;exonerate},{ev_type:exonerate/ID=match.2566964.140/Target=lcl|KQ954504_1_prot_KWU42600_1_5034;exonerate}
124811	124749	internal-	6	5	{GlimmerHMM_glimmerT_654-T1;GlimmerHMM},{GeneMark_model.705_t;GeneMark},{ev_type:exonerate/ID=match.2566964.137/Target=lcl|PJQD01000017_1_prot_POY75358_1_1417;exonerate},{ev_type:exonerate/ID=match.2566964.140/Target=lcl|KQ954504_1_prot_KWU42600_1_5034;exonerate}
124886	124812	INTRON			{GlimmerHMM_glimmerT_654-T1;GlimmerHMM},{GeneMark_model.705_t;GeneMark},{ev_type:exonerate/ID=match.2566964.137/Target=lcl|PJQD01000017_1_prot_POY75358_1_1417;exonerate},{ev_type:exonerate/ID=match.2566964.140/Target=lcl|KQ954504_1_prot_KWU42600_1_5034;exonerate}
125095	124887	initial-	4	5	{GlimmerHMM_glimmerT_654-T1;GlimmerHMM},{GeneMark_model.705_t;GeneMark}

# EVM prediction: Mode:STANDARD S-ratio: 1.54 125301-127329 orient(-) score(4915.00) noncoding_equivalent(3200.70) raw_noncoding(3493.00) offset(292.30) 
125928	125301	terminal-	6	6	{GeneMark_model.706_t;GeneMark},{GlimmerHMM_glimmerT_655-T1;GlimmerHMM}
126005	125929	INTRON			{GeneMark_model.706_t;GeneMark},{GlimmerHMM_glimmerT_655-T1;GlimmerHMM}
126891	126006	internal-	5	5	{GeneMark_model.706_t;GeneMark},{GlimmerHMM_glimmerT_655-T1;GlimmerHMM}
126962	126892	INTRON			{GeneMark_model.706_t;GeneMark},{GlimmerHMM_glimmerT_655-T1;GlimmerHMM}
127329	126963	initial-	4	4	{GeneMark_model.706_t;GeneMark},{GlimmerHMM_glimmerT_655-T1;GlimmerHMM}

# EVM prediction: Mode:STANDARD S-ratio: 5.01 127814-129577 orient(+) score(11058.00) noncoding_equivalent(2208.91) raw_noncoding(2617.65) offset(408.74) 
127814	127829	initial+	1	1	{GlimmerHMM_glimmerT_656-T1;GlimmerHMM},{GeneMark_model.707_t;GeneMark}
127830	127903	INTRON			{GlimmerHMM_glimmerT_656-T1;GlimmerHMM},{GeneMark_model.707_t;GeneMark}
127904	128069	internal+	2	2	{GlimmerHMM_glimmerT_656-T1;GlimmerHMM},{GeneMark_model.707_t;GeneMark}
128070	128139	INTRON			{GlimmerHMM_glimmerT_656-T1;GlimmerHMM},{GeneMark_model.707_t;GeneMark},{ev_type:exonerate/ID=match.2566964.131/Target=lcl|BJWK01000001_1_prot_GEM06012_1_29;exonerate},{ev_type:exonerate/ID=match.2566964.133/Target=lcl|NW_017264928_1_prot_XP_018274166_1_226;exonerate},{ev_type:exonerate/ID=match.2566964.141/Target=lcl|KQ954504_1_prot_KWU42602_1_5036;exonerate},{ev_type:exonerate/ID=match.2566964.120/Target=lcl|PJQD01000017_1_prot_POY75359_1_1418;exonerate}
128140	128199	internal+	3	2	{GlimmerHMM_glimmerT_656-T1;GlimmerHMM},{GeneMark_model.707_t;GeneMark},{ev_type:exonerate/ID=match.2566964.131/Target=lcl|BJWK01000001_1_prot_GEM06012_1_29;exonerate},{ev_type:exonerate/ID=match.2566964.133/Target=lcl|NW_017264928_1_prot_XP_018274166_1_226;exonerate},{ev_type:exonerate/ID=match.2566964.141/Target=lcl|KQ954504_1_prot_KWU42602_1_5036;exonerate},{ev_type:exonerate/ID=match.2566964.120/Target=lcl|PJQD01000017_1_prot_POY75359_1_1418;exonerate}
128200	128259	INTRON			{GlimmerHMM_glimmerT_656-T1;GlimmerHMM},{GeneMark_model.707_t;GeneMark},{ev_type:exonerate/ID=match.2566964.131/Target=lcl|BJWK01000001_1_prot_GEM06012_1_29;exonerate},{ev_type:exonerate/ID=match.2566964.133/Target=lcl|NW_017264928_1_prot_XP_018274166_1_226;exonerate},{ev_type:exonerate/ID=match.2566964.141/Target=lcl|KQ954504_1_prot_KWU42602_1_5036;exonerate},{ev_type:exonerate/ID=match.2566964.120/Target=lcl|PJQD01000017_1_prot_POY75359_1_1418;exonerate}
128260	129577	terminal+	3	3	{snap_scaffold_1-snap.755-T1;snap},{GlimmerHMM_glimmerT_656-T1;GlimmerHMM},{GeneMark_model.707_t;GeneMark}

# EVM prediction: Mode:STANDARD S-ratio: 1.67 130137-132710 orient(+) score(7733.00) noncoding_equivalent(4635.16) raw_noncoding(6032.00) offset(1396.84) 
130137	130180	initial+	1	2	{GeneMark_model.708_t;GeneMark},{GlimmerHMM_glimmerT_657-T1;GlimmerHMM}
130181	130254	INTRON			{GeneMark_model.708_t;GeneMark},{GlimmerHMM_glimmerT_657-T1;GlimmerHMM}
130255	130261	internal+	3	3	{GeneMark_model.708_t;GeneMark},{GlimmerHMM_glimmerT_657-T1;GlimmerHMM}
130262	130329	INTRON			{GeneMark_model.708_t;GeneMark},{GlimmerHMM_glimmerT_657-T1;GlimmerHMM}
130330	130511	internal+	1	2	{GeneMark_model.708_t;GeneMark},{GlimmerHMM_glimmerT_657-T1;GlimmerHMM}
130512	130598	INTRON			{GeneMark_model.708_t;GeneMark},{GlimmerHMM_glimmerT_657-T1;GlimmerHMM},{ev_type:exonerate/ID=match.2566964.91/Target=lcl|PJQD01000017_1_prot_POY75360_1_1419;exonerate}
130599	130758	internal+	3	3	{GeneMark_model.708_t;GeneMark},{GlimmerHMM_glimmerT_657-T1;GlimmerHMM},{ev_type:exonerate/ID=match.2566964.91/Target=lcl|PJQD01000017_1_prot_POY75360_1_1419;exonerate}
130759	130830	INTRON			{GeneMark_model.708_t;GeneMark},{GlimmerHMM_glimmerT_657-T1;GlimmerHMM},{ev_type:exonerate/ID=match.2566964.91/Target=lcl|PJQD01000017_1_prot_POY75360_1_1419;exonerate}
130831	130924	internal+	1	1	{GeneMark_model.708_t;GeneMark},{GlimmerHMM_glimmerT_657-T1;GlimmerHMM},{ev_type:exonerate/ID=match.2566964.91/Target=lcl|PJQD01000017_1_prot_POY75360_1_1419;exonerate}
130925	130986	INTRON			{GeneMark_model.708_t;GeneMark},{GlimmerHMM_glimmerT_657-T1;GlimmerHMM},{ev_type:exonerate/ID=match.2566964.91/Target=lcl|PJQD01000017_1_prot_POY75360_1_1419;exonerate}
130987	131557	internal+	2	2	{GeneMark_model.708_t;GeneMark},{GlimmerHMM_glimmerT_657-T1;GlimmerHMM},{ev_type:exonerate/ID=match.2566964.91/Target=lcl|PJQD01000017_1_prot_POY75360_1_1419;exonerate}
131558	131619	INTRON			{GeneMark_model.708_t;GeneMark},{GlimmerHMM_glimmerT_657-T1;GlimmerHMM},{ev_type:exonerate/ID=match.2566964.91/Target=lcl|PJQD01000017_1_prot_POY75360_1_1419;exonerate}
131620	131838	internal+	3	2	{GeneMark_model.708_t;GeneMark},{ev_type:exonerate/ID=match.2566964.91/Target=lcl|PJQD01000017_1_prot_POY75360_1_1419;exonerate}
131839	131915	INTRON			{GeneMark_model.708_t;GeneMark},{ev_type:exonerate/ID=match.2566964.91/Target=lcl|PJQD01000017_1_prot_POY75360_1_1419;exonerate}
131916	132027	internal+	3	3	{GeneMark_model.708_t;GeneMark},{ev_type:exonerate/ID=match.2566964.91/Target=lcl|PJQD01000017_1_prot_POY75360_1_1419;exonerate}
132028	132092	INTRON			{GeneMark_model.708_t;GeneMark},{ev_type:exonerate/ID=match.2566964.91/Target=lcl|PJQD01000017_1_prot_POY75360_1_1419;exonerate}
132093	132188	internal+	1	3	{GeneMark_model.708_t;GeneMark},{ev_type:exonerate/ID=match.2566964.91/Target=lcl|PJQD01000017_1_prot_POY75360_1_1419;exonerate}
132189	132254	INTRON			{GeneMark_model.708_t;GeneMark},{snap_scaffold_1-snap.757-T1;snap},{ev_type:exonerate/ID=match.2566964.91/Target=lcl|PJQD01000017_1_prot_POY75360_1_1419;exonerate}
132255	132710	terminal+	1	3	{GeneMark_model.708_t;GeneMark},{snap_scaffold_1-snap.757-T1;snap}

# EVM prediction: Mode:STANDARD S-ratio: 1.11 139783-140033 orient(-) score(524.00) noncoding_equivalent(471.59) raw_noncoding(569.59) offset(98.00) 
139978	139783	terminal-	6	6	{snap_scaffold_1-snap.761-T1;snap}
140028	139979	INTRON			{snap_scaffold_1-snap.761-T1;snap}
140033	140029	initial-	4	5	{snap_scaffold_1-snap.761-T1;snap}

# EVM prediction: Mode:STANDARD S-ratio: 2.06 143736-144398 orient(+) score(2825.00) noncoding_equivalent(1371.96) raw_noncoding(1761.42) offset(389.47) 
143736	143804	initial+	1	3	{GeneMark_model.714_t;GeneMark}
143805	143865	INTRON			{GeneMark_model.714_t;GeneMark},{ev_type:exonerate/ID=match.2566964.368/Target=lcl|KQ954504_1_prot_KWU42584_1_5018;exonerate},{ev_type:exonerate/ID=match.2566964.382/Target=lcl|BJWK01000019_1_prot_GEM12101_1_6118;exonerate},{ev_type:exonerate/ID=match.2566964.365/Target=lcl|PJQD01000017_1_prot_POY75366_1_1425;exonerate}
143866	143926	internal+	1	1	{GeneMark_model.714_t;GeneMark},{ev_type:exonerate/ID=match.2566964.368/Target=lcl|KQ954504_1_prot_KWU42584_1_5018;exonerate},{ev_type:exonerate/ID=match.2566964.382/Target=lcl|BJWK01000019_1_prot_GEM12101_1_6118;exonerate},{ev_type:exonerate/ID=match.2566964.365/Target=lcl|PJQD01000017_1_prot_POY75366_1_1425;exonerate}
143927	143997	INTRON			{GeneMark_model.714_t;GeneMark},{ev_type:exonerate/ID=match.2566964.368/Target=lcl|KQ954504_1_prot_KWU42584_1_5018;exonerate},{ev_type:exonerate/ID=match.2566964.382/Target=lcl|BJWK01000019_1_prot_GEM12101_1_6118;exonerate},{ev_type:exonerate/ID=match.2566964.365/Target=lcl|PJQD01000017_1_prot_POY75366_1_1425;exonerate}
143998	144398	terminal+	2	3	{snap_scaffold_1-snap.763-T1;snap}

# EVM prediction: Mode:STANDARD S-ratio: 1.45 156846-157363 orient(+) score(1484.00) noncoding_equivalent(1023.12) raw_noncoding(1088.44) offset(65.32) 
156846	156853	initial+	1	2	{snap_scaffold_1-snap.770-T1;snap}
156854	156876	INTRON			{snap_scaffold_1-snap.770-T1;snap}
156877	157363	internal+	3	3	{GeneMark_model.719_t;GeneMark}

