!! Predictions spanning range 1693 - 72073 [R1]
# EVM prediction: Mode:STANDARD S-ratio: 4.84 1693-3096 orient(-) score(4275.00) noncoding_equivalent(884.09) raw_noncoding(1489.35) offset(605.26) 
2007	1693	terminal-	4	6	{GeneMark_model.4927_t;GeneMark},{GlimmerHMM_glimmerT_4611-T1;GlimmerHMM}
2082	2008	INTRON			{GeneMark_model.4927_t;GeneMark},{GlimmerHMM_glimmerT_4611-T1;GlimmerHMM}
2374	2083	internal-	6	6	{GeneMark_model.4927_t;GeneMark}
2479	2375	INTRON			{GeneMark_model.4927_t;GeneMark}
2903	2480	internal-	5	5	{GeneMark_model.4927_t;GeneMark}
2958	2904	INTRON			{GeneMark_model.4927_t;GeneMark}
3024	2959	internal-	5	4	{GeneMark_model.4927_t;GeneMark}
3092	3025	INTRON			{GeneMark_model.4927_t;GeneMark}
3096	3093	initial-	4	4	{GeneMark_model.4927_t;GeneMark},{snap_scaffold_11-snap.190-T1;snap}

# EVM prediction: Mode:STANDARD S-ratio: 1.23 3619-4901 orient(-) score(2622.00) noncoding_equivalent(2130.64) raw_noncoding(3109.13) offset(978.49) 
3767	3619	terminal-	5	6	{GeneMark_model.4928_t;GeneMark}
3824	3768	INTRON			{GeneMark_model.4928_t;GeneMark}
3869	3825	internal-	5	4	{GeneMark_model.4928_t;GeneMark}
3937	3870	INTRON			{GeneMark_model.4928_t;GeneMark}
4112	3938	internal-	4	4	{GeneMark_model.4928_t;GeneMark}
4187	4113	INTRON			{Augustus_model.g3894.t1;Augustus},{GeneMark_model.4928_t;GeneMark}
4385	4188	internal-	4	6	{Augustus_model.g3894.t1;Augustus},{GeneMark_model.4928_t;GeneMark}
4452	4386	INTRON			{GeneMark_model.4928_t;GeneMark}
4569	4453	internal-	4	6	{GeneMark_model.4928_t;GeneMark}
4650	4570	INTRON			{Augustus_model.g3894.t1;Augustus},{GeneMark_model.4928_t;GeneMark}
4664	4651	internal-	5	6	{Augustus_model.g3894.t1;Augustus},{GeneMark_model.4928_t;GeneMark}
4732	4665	INTRON			{Augustus_model.g3894.t1;Augustus},{GeneMark_model.4928_t;GeneMark}
4901	4733	initial-	4	4	{GeneMark_model.4928_t;GeneMark}

# EVM prediction: Mode:STANDARD S-ratio: 1.84 5371-5971 orient(-) score(1559.00) noncoding_equivalent(845.33) raw_noncoding(1015.49) offset(170.16) 
5523	5371	terminal-	4	6	{GeneMark_model.4929_t;GeneMark}
5608	5524	INTRON			{Augustus_model.g3894.t1;Augustus},{GeneMark_model.4929_t;GeneMark}
5971	5609	initial-	4	6	{GlimmerHMM_glimmerT_4612-T1;GlimmerHMM}

# EVM prediction: Mode:STANDARD S-ratio: 3.74 6927-10279 orient(+) score(11027.00) noncoding_equivalent(2945.09) raw_noncoding(3584.00) offset(638.91) 
6927	7061	initial+	1	3	{GeneMark_model.4930_t;GeneMark}
7062	7127	INTRON			{GeneMark_model.4930_t;GeneMark}
7128	7913	internal+	1	3	{Augustus_model.g3895.t1;Augustus},{GeneMark_model.4930_t;GeneMark}
7914	7976	INTRON			{Augustus_model.g3895.t1;Augustus},{GeneMark_model.4930_t;GeneMark}
7977	8314	internal+	1	2	{Augustus_model.g3895.t1;Augustus},{GeneMark_model.4930_t;GeneMark}
8315	8377	INTRON			{Augustus_model.g3895.t1;Augustus},{GeneMark_model.4930_t;GeneMark}
8378	9110	internal+	3	3	{Augustus_model.g3895.t1;Augustus},{GeneMark_model.4930_t;GeneMark}
9111	9177	INTRON			{Augustus_model.g3895.t1;Augustus},{GlimmerHMM_glimmerT_4614-T1;GlimmerHMM},{GeneMark_model.4930_t;GeneMark}
9178	9415	internal+	1	1	{Augustus_model.g3895.t1;Augustus},{GlimmerHMM_glimmerT_4614-T1;GlimmerHMM},{GeneMark_model.4930_t;GeneMark}
9416	9483	INTRON			{Augustus_model.g3895.t1;Augustus},{GlimmerHMM_glimmerT_4614-T1;GlimmerHMM},{GeneMark_model.4930_t;GeneMark}
9484	9599	internal+	2	3	{Augustus_model.g3895.t1;Augustus},{GlimmerHMM_glimmerT_4614-T1;GlimmerHMM},{GeneMark_model.4930_t;GeneMark}
9600	9665	INTRON			{Augustus_model.g3895.t1;Augustus},{GlimmerHMM_glimmerT_4614-T1;GlimmerHMM},{GeneMark_model.4930_t;GeneMark}
9666	9956	internal+	1	3	{Augustus_model.g3895.t1;Augustus},{GlimmerHMM_glimmerT_4614-T1;GlimmerHMM},{GeneMark_model.4930_t;GeneMark}
9957	10029	INTRON			{Augustus_model.g3895.t1;Augustus},{GlimmerHMM_glimmerT_4614-T1;GlimmerHMM},{GeneMark_model.4930_t;GeneMark}
10030	10066	internal+	1	1	{Augustus_model.g3895.t1;Augustus},{GlimmerHMM_glimmerT_4614-T1;GlimmerHMM},{GeneMark_model.4930_t;GeneMark}
10067	10151	INTRON			{Augustus_model.g3895.t1;Augustus},{GlimmerHMM_glimmerT_4614-T1;GlimmerHMM},{GeneMark_model.4930_t;GeneMark}
10152	10279	terminal+	2	3	{Augustus_model.g3895.t1;Augustus},{GlimmerHMM_glimmerT_4614-T1;GlimmerHMM},{GeneMark_model.4930_t;GeneMark}

# EVM prediction: Mode:STANDARD S-ratio: 3.09 10613-15013 orient(-) score(19904.00) noncoding_equivalent(6443.66) raw_noncoding(9213.00) offset(2769.34) 
10822	10613	terminal-	4	6	{Augustus_model.g3896.t1;Augustus},{GeneMark_model.4931_t;GeneMark},{GlimmerHMM_glimmerT_4615-T1;GlimmerHMM}
10887	10823	INTRON			{Augustus_model.g3896.t1;Augustus},{GeneMark_model.4931_t;GeneMark},{GlimmerHMM_glimmerT_4615-T1;GlimmerHMM},{ev_type:exonerate/ID=match.2566964.3889/Target=lcl|PJQD01000005_1_prot_POY76430_1_4865;exonerate},{ev_type:exonerate/ID=match.2566964.3890/Target=lcl|KQ954484_1_prot_KWU43947_1_3755;exonerate},{ev_type:exonerate/ID=match.2566964.3894/Target=lcl|NW_017264936_1_prot_XP_018270043_1_4780;exonerate}
11313	10888	internal-	4	6	{Augustus_model.g3896.t1;Augustus},{GeneMark_model.4931_t;GeneMark},{GlimmerHMM_glimmerT_4615-T1;GlimmerHMM},{ev_type:exonerate/ID=match.2566964.3889/Target=lcl|PJQD01000005_1_prot_POY76430_1_4865;exonerate},{ev_type:exonerate/ID=match.2566964.3890/Target=lcl|KQ954484_1_prot_KWU43947_1_3755;exonerate},{ev_type:exonerate/ID=match.2566964.3894/Target=lcl|NW_017264936_1_prot_XP_018270043_1_4780;exonerate}
11386	11314	INTRON			{Augustus_model.g3896.t1;Augustus},{GeneMark_model.4931_t;GeneMark},{GlimmerHMM_glimmerT_4615-T1;GlimmerHMM},{ev_type:exonerate/ID=match.2566964.3889/Target=lcl|PJQD01000005_1_prot_POY76430_1_4865;exonerate},{ev_type:exonerate/ID=match.2566964.3890/Target=lcl|KQ954484_1_prot_KWU43947_1_3755;exonerate},{ev_type:exonerate/ID=match.2566964.3894/Target=lcl|NW_017264936_1_prot_XP_018270043_1_4780;exonerate}
11998	11387	internal-	4	6	{Augustus_model.g3896.t1;Augustus},{GeneMark_model.4931_t;GeneMark},{GlimmerHMM_glimmerT_4615-T1;GlimmerHMM},{ev_type:exonerate/ID=match.2566964.3889/Target=lcl|PJQD01000005_1_prot_POY76430_1_4865;exonerate},{ev_type:exonerate/ID=match.2566964.3890/Target=lcl|KQ954484_1_prot_KWU43947_1_3755;exonerate},{ev_type:exonerate/ID=match.2566964.3894/Target=lcl|NW_017264936_1_prot_XP_018270043_1_4780;exonerate}
12074	11999	INTRON			{Augustus_model.g3896.t1;Augustus},{GeneMark_model.4931_t;GeneMark},{GlimmerHMM_glimmerT_4615-T1;GlimmerHMM},{ev_type:exonerate/ID=match.2566964.3889/Target=lcl|PJQD01000005_1_prot_POY76430_1_4865;exonerate},{ev_type:exonerate/ID=match.2566964.3890/Target=lcl|KQ954484_1_prot_KWU43947_1_3755;exonerate},{ev_type:exonerate/ID=match.2566964.3894/Target=lcl|NW_017264936_1_prot_XP_018270043_1_4780;exonerate}
12119	12075	internal-	4	6	{Augustus_model.g3896.t1;Augustus},{GeneMark_model.4931_t;GeneMark},{GlimmerHMM_glimmerT_4615-T1;GlimmerHMM},{ev_type:exonerate/ID=match.2566964.3889/Target=lcl|PJQD01000005_1_prot_POY76430_1_4865;exonerate},{ev_type:exonerate/ID=match.2566964.3890/Target=lcl|KQ954484_1_prot_KWU43947_1_3755;exonerate},{ev_type:exonerate/ID=match.2566964.3894/Target=lcl|NW_017264936_1_prot_XP_018270043_1_4780;exonerate}
12187	12120	INTRON			{Augustus_model.g3896.t1;Augustus},{GeneMark_model.4931_t;GeneMark},{ev_type:exonerate/ID=match.2566964.3889/Target=lcl|PJQD01000005_1_prot_POY76430_1_4865;exonerate},{ev_type:exonerate/ID=match.2566964.3894/Target=lcl|NW_017264936_1_prot_XP_018270043_1_4780;exonerate}
12225	12188	internal-	5	6	{Augustus_model.g3896.t1;Augustus},{GeneMark_model.4931_t;GeneMark},{ev_type:exonerate/ID=match.2566964.3889/Target=lcl|PJQD01000005_1_prot_POY76430_1_4865;exonerate},{ev_type:exonerate/ID=match.2566964.3894/Target=lcl|NW_017264936_1_prot_XP_018270043_1_4780;exonerate}
12295	12226	INTRON			{Augustus_model.g3896.t1;Augustus},{GeneMark_model.4931_t;GeneMark},{ev_type:exonerate/ID=match.2566964.3889/Target=lcl|PJQD01000005_1_prot_POY76430_1_4865;exonerate},{ev_type:exonerate/ID=match.2566964.3894/Target=lcl|NW_017264936_1_prot_XP_018270043_1_4780;exonerate}
12370	12296	internal-	5	4	{Augustus_model.g3896.t1;Augustus},{GeneMark_model.4931_t;GeneMark},{ev_type:exonerate/ID=match.2566964.3889/Target=lcl|PJQD01000005_1_prot_POY76430_1_4865;exonerate},{ev_type:exonerate/ID=match.2566964.3894/Target=lcl|NW_017264936_1_prot_XP_018270043_1_4780;exonerate}
12446	12371	INTRON			{Augustus_model.g3896.t1;Augustus},{GeneMark_model.4931_t;GeneMark},{GlimmerHMM_glimmerT_4615-T1;GlimmerHMM},{ev_type:exonerate/ID=match.2566964.3889/Target=lcl|PJQD01000005_1_prot_POY76430_1_4865;exonerate},{ev_type:exonerate/ID=match.2566964.3890/Target=lcl|KQ954484_1_prot_KWU43947_1_3755;exonerate},{ev_type:exonerate/ID=match.2566964.3894/Target=lcl|NW_017264936_1_prot_XP_018270043_1_4780;exonerate}
12506	12447	internal-	5	4	{Augustus_model.g3896.t1;Augustus},{GeneMark_model.4931_t;GeneMark},{GlimmerHMM_glimmerT_4615-T1;GlimmerHMM},{ev_type:exonerate/ID=match.2566964.3889/Target=lcl|PJQD01000005_1_prot_POY76430_1_4865;exonerate},{ev_type:exonerate/ID=match.2566964.3890/Target=lcl|KQ954484_1_prot_KWU43947_1_3755;exonerate},{ev_type:exonerate/ID=match.2566964.3894/Target=lcl|NW_017264936_1_prot_XP_018270043_1_4780;exonerate}
12579	12507	INTRON			{Augustus_model.g3896.t1;Augustus},{GeneMark_model.4931_t;GeneMark},{GlimmerHMM_glimmerT_4615-T1;GlimmerHMM},{ev_type:exonerate/ID=match.2566964.3889/Target=lcl|PJQD01000005_1_prot_POY76430_1_4865;exonerate},{ev_type:exonerate/ID=match.2566964.3890/Target=lcl|KQ954484_1_prot_KWU43947_1_3755;exonerate},{ev_type:exonerate/ID=match.2566964.3894/Target=lcl|NW_017264936_1_prot_XP_018270043_1_4780;exonerate}
12601	12580	internal-	4	4	{Augustus_model.g3896.t1;Augustus},{GeneMark_model.4931_t;GeneMark},{GlimmerHMM_glimmerT_4615-T1;GlimmerHMM},{ev_type:exonerate/ID=match.2566964.3890/Target=lcl|KQ954484_1_prot_KWU43947_1_3755;exonerate},{ev_type:exonerate/ID=match.2566964.3894/Target=lcl|NW_017264936_1_prot_XP_018270043_1_4780;exonerate}
12855	12602	INTRON			{Augustus_model.g3896.t1;Augustus},{GeneMark_model.4931_t;GeneMark},{GlimmerHMM_glimmerT_4615-T1;GlimmerHMM},{ev_type:exonerate/ID=match.2566964.3890/Target=lcl|KQ954484_1_prot_KWU43947_1_3755;exonerate},{ev_type:exonerate/ID=match.2566964.3894/Target=lcl|NW_017264936_1_prot_XP_018270043_1_4780;exonerate}
12939	12856	internal-	4	6	{Augustus_model.g3896.t1;Augustus},{GeneMark_model.4931_t;GeneMark},{GlimmerHMM_glimmerT_4615-T1;GlimmerHMM}
13033	12940	INTRON			{GeneMark_model.4931_t;GeneMark}
13103	13034	internal-	6	6	{GeneMark_model.4931_t;GeneMark}
13891	13104	INTRON			{Augustus_model.g3896.t1;Augustus},{GeneMark_model.4931_t;GeneMark}
14401	13892	internal-	6	5	{GeneMark_model.4931_t;GeneMark}
14472	14402	INTRON			{GlimmerHMM_glimmerT_4616-T1;GlimmerHMM},{Augustus_model.g3896.t1;Augustus},{GeneMark_model.4931_t;GeneMark},{ev_type:exonerate/ID=match.2566964.3930/Target=lcl|KQ954474_1_prot_KWU45115_1_2577;exonerate}
14700	14473	internal-	6	5	{GlimmerHMM_glimmerT_4616-T1;GlimmerHMM},{Augustus_model.g3896.t1;Augustus},{GeneMark_model.4931_t;GeneMark},{ev_type:exonerate/ID=match.2566964.3930/Target=lcl|KQ954474_1_prot_KWU45115_1_2577;exonerate}
14760	14701	INTRON			{GlimmerHMM_glimmerT_4616-T1;GlimmerHMM},{Augustus_model.g3896.t1;Augustus},{GeneMark_model.4931_t;GeneMark},{ev_type:exonerate/ID=match.2566964.3930/Target=lcl|KQ954474_1_prot_KWU45115_1_2577;exonerate}
14840	14761	internal-	4	5	{GlimmerHMM_glimmerT_4616-T1;GlimmerHMM},{Augustus_model.g3896.t1;Augustus},{GeneMark_model.4931_t;GeneMark},{ev_type:exonerate/ID=match.2566964.3930/Target=lcl|KQ954474_1_prot_KWU45115_1_2577;exonerate}
14935	14841	INTRON			{GlimmerHMM_glimmerT_4616-T1;GlimmerHMM},{Augustus_model.g3896.t1;Augustus},{GeneMark_model.4931_t;GeneMark},{ev_type:exonerate/ID=match.2566964.3930/Target=lcl|KQ954474_1_prot_KWU45115_1_2577;exonerate}
15013	14936	initial-	4	6	{GlimmerHMM_glimmerT_4616-T1;GlimmerHMM},{Augustus_model.g3896.t1;Augustus},{GeneMark_model.4931_t;GeneMark}

# EVM prediction: Mode:STANDARD S-ratio: 2.26 15465-17029 orient(-) score(4333.00) noncoding_equivalent(1915.29) raw_noncoding(2634.36) offset(719.07) 
15678	15465	terminal-	6	6	{Augustus_model.g3897.t1;Augustus},{GeneMark_model.4932_t;GeneMark},{GlimmerHMM_glimmerT_4617-T1;GlimmerHMM}
15743	15679	INTRON			{Augustus_model.g3897.t1;Augustus},{GeneMark_model.4932_t;GeneMark}
16074	15744	internal-	5	5	{Augustus_model.g3897.t1;Augustus},{GeneMark_model.4932_t;GeneMark}
16133	16075	INTRON			{Augustus_model.g3897.t1;Augustus},{GeneMark_model.4932_t;GeneMark},{GlimmerHMM_glimmerT_4617-T1;GlimmerHMM}
16463	16134	internal-	5	4	{Augustus_model.g3897.t1;Augustus},{GeneMark_model.4932_t;GeneMark},{GlimmerHMM_glimmerT_4617-T1;GlimmerHMM}
16533	16464	INTRON			{Augustus_model.g3897.t1;Augustus},{GeneMark_model.4932_t;GeneMark}
16542	16534	internal-	5	4	{Augustus_model.g3897.t1;Augustus},{GeneMark_model.4932_t;GeneMark}
16613	16543	INTRON			{Augustus_model.g3897.t1;Augustus},{GeneMark_model.4932_t;GeneMark}
16738	16614	internal-	6	4	{Augustus_model.g3897.t1;Augustus},{GeneMark_model.4932_t;GeneMark},{GlimmerHMM_glimmerT_4617-T1;GlimmerHMM}
16801	16739	INTRON			{Augustus_model.g3897.t1;Augustus},{GeneMark_model.4932_t;GeneMark}
16838	16802	internal-	5	5	{Augustus_model.g3897.t1;Augustus},{GeneMark_model.4932_t;GeneMark}
16899	16839	INTRON			{GeneMark_model.4932_t;GeneMark}
17029	16900	initial-	4	4	{GeneMark_model.4932_t;GeneMark}

# EVM prediction: Mode:STANDARD S-ratio: 2.86 17489-19021 orient(+) score(5009.00) noncoding_equivalent(1750.58) raw_noncoding(2118.81) offset(368.24) 
17489	17579	initial+	1	1	{GeneMark_model.4933_t;GeneMark},{Augustus_model.g3898.t1;Augustus},{GlimmerHMM_glimmerT_4618-T1;GlimmerHMM}
17580	17645	INTRON			{GeneMark_model.4933_t;GeneMark},{Augustus_model.g3898.t1;Augustus},{GlimmerHMM_glimmerT_4618-T1;GlimmerHMM}
17646	17729	internal+	2	1	{GlimmerHMM_glimmerT_4618-T1;GlimmerHMM}
17730	17770	INTRON			{GlimmerHMM_glimmerT_4618-T1;GlimmerHMM}
17771	18080	internal+	2	2	{GlimmerHMM_glimmerT_4618-T1;GlimmerHMM}
18081	18146	INTRON			{GeneMark_model.4933_t;GeneMark},{Augustus_model.g3898.t1;Augustus},{GlimmerHMM_glimmerT_4618-T1;GlimmerHMM}
18147	18345	internal+	3	3	{GeneMark_model.4933_t;GeneMark},{Augustus_model.g3898.t1;Augustus},{GlimmerHMM_glimmerT_4618-T1;GlimmerHMM}
18346	18422	INTRON			{GeneMark_model.4933_t;GeneMark},{Augustus_model.g3898.t1;Augustus},{GlimmerHMM_glimmerT_4618-T1;GlimmerHMM}
18423	18546	internal+	1	1	{GeneMark_model.4933_t;GeneMark},{Augustus_model.g3898.t1;Augustus},{GlimmerHMM_glimmerT_4618-T1;GlimmerHMM}
18547	18619	INTRON			{GeneMark_model.4933_t;GeneMark},{Augustus_model.g3898.t1;Augustus},{GlimmerHMM_glimmerT_4618-T1;GlimmerHMM}
18620	18852	internal+	2	3	{GeneMark_model.4933_t;GeneMark},{Augustus_model.g3898.t1;Augustus},{GlimmerHMM_glimmerT_4618-T1;GlimmerHMM}
18853	18937	INTRON			{GeneMark_model.4933_t;GeneMark},{Augustus_model.g3898.t1;Augustus},{GlimmerHMM_glimmerT_4618-T1;GlimmerHMM}
18938	19021	terminal+	1	3	{GeneMark_model.4933_t;GeneMark},{GlimmerHMM_glimmerT_4618-T1;GlimmerHMM}

# EVM prediction: Mode:STANDARD S-ratio: 4.06 19329-21953 orient(+) score(10899.00) noncoding_equivalent(2681.76) raw_noncoding(3096.00) offset(414.24) 
19329	19449	initial+	1	1	{GlimmerHMM_glimmerT_4619-T1;GlimmerHMM},{GeneMark_model.4934_t;GeneMark}
19450	19579	INTRON			{GlimmerHMM_glimmerT_4619-T1;GlimmerHMM},{Augustus_model.g3898.t1;Augustus},{GeneMark_model.4934_t;GeneMark},{ev_type:exonerate/ID=match.2566964.2212/Target=lcl|KQ954484_1_prot_KWU43952_1_3760;exonerate}
19580	19686	internal+	2	3	{GlimmerHMM_glimmerT_4619-T1;GlimmerHMM},{Augustus_model.g3898.t1;Augustus},{GeneMark_model.4934_t;GeneMark},{ev_type:exonerate/ID=match.2566964.2212/Target=lcl|KQ954484_1_prot_KWU43952_1_3760;exonerate}
19687	19760	INTRON			{GlimmerHMM_glimmerT_4619-T1;GlimmerHMM},{Augustus_model.g3898.t1;Augustus},{GeneMark_model.4934_t;GeneMark},{ev_type:exonerate/ID=match.2566964.2212/Target=lcl|KQ954484_1_prot_KWU43952_1_3760;exonerate}
19761	19814	internal+	1	3	{GlimmerHMM_glimmerT_4619-T1;GlimmerHMM},{Augustus_model.g3898.t1;Augustus},{GeneMark_model.4934_t;GeneMark},{ev_type:exonerate/ID=match.2566964.2212/Target=lcl|KQ954484_1_prot_KWU43952_1_3760;exonerate}
19815	19883	INTRON			{GlimmerHMM_glimmerT_4619-T1;GlimmerHMM},{Augustus_model.g3898.t1;Augustus},{GeneMark_model.4934_t;GeneMark},{ev_type:exonerate/ID=match.2566964.2212/Target=lcl|KQ954484_1_prot_KWU43952_1_3760;exonerate}
19884	19940	internal+	1	3	{GlimmerHMM_glimmerT_4619-T1;GlimmerHMM},{Augustus_model.g3898.t1;Augustus},{GeneMark_model.4934_t;GeneMark},{ev_type:exonerate/ID=match.2566964.2212/Target=lcl|KQ954484_1_prot_KWU43952_1_3760;exonerate}
19941	20015	INTRON			{GlimmerHMM_glimmerT_4619-T1;GlimmerHMM},{Augustus_model.g3898.t1;Augustus},{GeneMark_model.4934_t;GeneMark},{ev_type:exonerate/ID=match.2566964.2212/Target=lcl|KQ954484_1_prot_KWU43952_1_3760;exonerate}
20016	20431	internal+	1	2	{GlimmerHMM_glimmerT_4619-T1;GlimmerHMM},{Augustus_model.g3898.t1;Augustus},{GeneMark_model.4934_t;GeneMark},{ev_type:exonerate/ID=match.2566964.2212/Target=lcl|KQ954484_1_prot_KWU43952_1_3760;exonerate}
20432	20509	INTRON			{GlimmerHMM_glimmerT_4619-T1;GlimmerHMM},{Augustus_model.g3898.t1;Augustus},{GeneMark_model.4934_t;GeneMark},{ev_type:exonerate/ID=match.2566964.2212/Target=lcl|KQ954484_1_prot_KWU43952_1_3760;exonerate}
20510	21045	internal+	3	1	{GlimmerHMM_glimmerT_4619-T1;GlimmerHMM},{Augustus_model.g3898.t1;Augustus},{GeneMark_model.4934_t;GeneMark},{ev_type:exonerate/ID=match.2566964.2212/Target=lcl|KQ954484_1_prot_KWU43952_1_3760;exonerate}
21046	21123	INTRON			{GlimmerHMM_glimmerT_4619-T1;GlimmerHMM},{Augustus_model.g3898.t1;Augustus},{GeneMark_model.4934_t;GeneMark},{ev_type:exonerate/ID=match.2566964.2212/Target=lcl|KQ954484_1_prot_KWU43952_1_3760;exonerate}
21124	21953	terminal+	2	3	{GlimmerHMM_glimmerT_4619-T1;GlimmerHMM},{Augustus_model.g3898.t1;Augustus},{GeneMark_model.4934_t;GeneMark}

# EVM prediction: Mode:STANDARD S-ratio: 2.77 22287-24666 orient(-) score(7393.00) noncoding_equivalent(2666.03) raw_noncoding(3427.00) offset(760.97) 
22588	22287	terminal-	5	6	{GeneMark_model.4935_t;GeneMark},{Augustus_model.g3899.t1;Augustus},{GlimmerHMM_glimmerT_4620-T1;GlimmerHMM}
22679	22589	INTRON			{GeneMark_model.4935_t;GeneMark},{Augustus_model.g3899.t1;Augustus}
22876	22680	internal-	6	4	{GeneMark_model.4935_t;GeneMark},{Augustus_model.g3899.t1;Augustus}
22893	22877	INTRON			{GlimmerHMM_glimmerT_4620-T1;GlimmerHMM}
23103	22894	internal-	6	5	{GlimmerHMM_glimmerT_4620-T1;GlimmerHMM}
23189	23104	INTRON			{GeneMark_model.4935_t;GeneMark},{Augustus_model.g3899.t1;Augustus}
23235	23190	internal-	5	5	{GeneMark_model.4935_t;GeneMark},{Augustus_model.g3899.t1;Augustus}
23302	23236	INTRON			{GeneMark_model.4935_t;GeneMark},{Augustus_model.g3899.t1;Augustus}
23740	23303	internal-	5	4	{GeneMark_model.4935_t;GeneMark},{Augustus_model.g3899.t1;Augustus}
23813	23741	INTRON			{GeneMark_model.4935_t;GeneMark},{Augustus_model.g3899.t1;Augustus},{GlimmerHMM_glimmerT_4620-T1;GlimmerHMM}
23935	23814	internal-	6	4	{GeneMark_model.4935_t;GeneMark},{Augustus_model.g3899.t1;Augustus},{GlimmerHMM_glimmerT_4620-T1;GlimmerHMM}
23998	23936	INTRON			{GeneMark_model.4935_t;GeneMark},{Augustus_model.g3899.t1;Augustus},{GlimmerHMM_glimmerT_4620-T1;GlimmerHMM}
24075	23999	internal-	4	5	{GeneMark_model.4935_t;GeneMark},{Augustus_model.g3899.t1;Augustus},{GlimmerHMM_glimmerT_4620-T1;GlimmerHMM}
24143	24076	INTRON			{GeneMark_model.4935_t;GeneMark},{Augustus_model.g3899.t1;Augustus},{GlimmerHMM_glimmerT_4620-T1;GlimmerHMM}
24518	24144	internal-	4	6	{GeneMark_model.4935_t;GeneMark},{Augustus_model.g3899.t1;Augustus},{GlimmerHMM_glimmerT_4620-T1;GlimmerHMM}
24609	24519	INTRON			{GeneMark_model.4935_t;GeneMark},{Augustus_model.g3899.t1;Augustus},{GlimmerHMM_glimmerT_4620-T1;GlimmerHMM}
24666	24610	initial-	4	6	{GeneMark_model.4935_t;GeneMark},{GlimmerHMM_glimmerT_4620-T1;GlimmerHMM}

# EVM prediction: Mode:STANDARD S-ratio: 3.27 26773-28763 orient(+) score(6676.00) noncoding_equivalent(2039.53) raw_noncoding(2438.00) offset(398.47) 
26773	27155	initial+	1	2	{GlimmerHMM_glimmerT_4621-T1;GlimmerHMM},{Augustus_model.g3900.t1;Augustus},{GeneMark_model.4936_t;GeneMark}
27156	27227	INTRON			{GlimmerHMM_glimmerT_4621-T1;GlimmerHMM},{Augustus_model.g3900.t1;Augustus},{GeneMark_model.4936_t;GeneMark}
27228	27576	internal+	3	3	{GlimmerHMM_glimmerT_4621-T1;GlimmerHMM},{Augustus_model.g3900.t1;Augustus},{GeneMark_model.4936_t;GeneMark}
27577	27647	INTRON			{GlimmerHMM_glimmerT_4621-T1;GlimmerHMM},{Augustus_model.g3900.t1;Augustus},{GeneMark_model.4936_t;GeneMark}
27648	27781	internal+	1	2	{GlimmerHMM_glimmerT_4621-T1;GlimmerHMM},{Augustus_model.g3900.t1;Augustus},{GeneMark_model.4936_t;GeneMark}
27782	27860	INTRON			{GlimmerHMM_glimmerT_4621-T1;GlimmerHMM},{Augustus_model.g3900.t1;Augustus},{GeneMark_model.4936_t;GeneMark}
27861	28280	internal+	3	2	{GlimmerHMM_glimmerT_4621-T1;GlimmerHMM},{Augustus_model.g3900.t1;Augustus},{GeneMark_model.4936_t;GeneMark}
28281	28370	INTRON			{GlimmerHMM_glimmerT_4621-T1;GlimmerHMM},{Augustus_model.g3900.t1;Augustus},{GeneMark_model.4936_t;GeneMark}
28371	28563	internal+	3	3	{GlimmerHMM_glimmerT_4621-T1;GlimmerHMM},{Augustus_model.g3900.t1;Augustus},{GeneMark_model.4936_t;GeneMark}
28564	28637	INTRON			{GlimmerHMM_glimmerT_4621-T1;GlimmerHMM},{Augustus_model.g3900.t1;Augustus},{GeneMark_model.4936_t;GeneMark}
28638	28763	terminal+	1	3	{GlimmerHMM_glimmerT_4621-T1;GlimmerHMM},{Augustus_model.g3900.t1;Augustus},{GeneMark_model.4936_t;GeneMark}

# EVM prediction: Mode:STANDARD S-ratio: 3.60 28996-33034 orient(-) score(13647.00) noncoding_equivalent(3789.62) raw_noncoding(4668.00) offset(878.38) 
29482	28996	terminal-	6	6	{GeneMark_model.4937_t;GeneMark},{Augustus_model.g3901.t1;Augustus},{snap_scaffold_11-snap.203-T1;snap},{GlimmerHMM_glimmerT_4622-T1;GlimmerHMM}
29552	29483	INTRON			{GeneMark_model.4937_t;GeneMark},{Augustus_model.g3901.t1;Augustus},{GlimmerHMM_glimmerT_4622-T1;GlimmerHMM}
29602	29553	internal-	4	5	{GeneMark_model.4937_t;GeneMark},{Augustus_model.g3901.t1;Augustus},{GlimmerHMM_glimmerT_4622-T1;GlimmerHMM}
29667	29603	INTRON			{GeneMark_model.4937_t;GeneMark},{Augustus_model.g3901.t1;Augustus},{GlimmerHMM_glimmerT_4622-T1;GlimmerHMM}
29750	29668	internal-	5	6	{GeneMark_model.4937_t;GeneMark},{Augustus_model.g3901.t1;Augustus},{GlimmerHMM_glimmerT_4622-T1;GlimmerHMM}
29821	29751	INTRON			{GeneMark_model.4937_t;GeneMark},{Augustus_model.g3901.t1;Augustus},{GlimmerHMM_glimmerT_4622-T1;GlimmerHMM}
30055	29822	internal-	5	4	{GeneMark_model.4937_t;GeneMark},{Augustus_model.g3901.t1;Augustus},{GlimmerHMM_glimmerT_4622-T1;GlimmerHMM}
30122	30056	INTRON			{GeneMark_model.4937_t;GeneMark},{Augustus_model.g3901.t1;Augustus},{GlimmerHMM_glimmerT_4622-T1;GlimmerHMM}
30196	30123	internal-	6	4	{GeneMark_model.4937_t;GeneMark},{Augustus_model.g3901.t1;Augustus},{GlimmerHMM_glimmerT_4622-T1;GlimmerHMM}
30266	30197	INTRON			{GeneMark_model.4937_t;GeneMark},{Augustus_model.g3901.t1;Augustus},{GlimmerHMM_glimmerT_4622-T1;GlimmerHMM}
30315	30267	internal-	5	5	{GeneMark_model.4937_t;GeneMark},{Augustus_model.g3901.t1;Augustus},{GlimmerHMM_glimmerT_4622-T1;GlimmerHMM}
30419	30316	INTRON			{GeneMark_model.4937_t;GeneMark},{Augustus_model.g3901.t1;Augustus},{GlimmerHMM_glimmerT_4622-T1;GlimmerHMM}
31579	30420	internal-	6	4	{GeneMark_model.4937_t;GeneMark},{Augustus_model.g3901.t1;Augustus},{GlimmerHMM_glimmerT_4622-T1;GlimmerHMM}
31644	31580	INTRON			{GeneMark_model.4937_t;GeneMark},{Augustus_model.g3901.t1;Augustus},{GlimmerHMM_glimmerT_4622-T1;GlimmerHMM}
32002	31645	internal-	5	5	{GeneMark_model.4937_t;GeneMark},{Augustus_model.g3901.t1;Augustus},{GlimmerHMM_glimmerT_4622-T1;GlimmerHMM}
32067	32003	INTRON			{GeneMark_model.4937_t;GeneMark},{Augustus_model.g3901.t1;Augustus},{GlimmerHMM_glimmerT_4622-T1;GlimmerHMM}
32373	32068	internal-	5	4	{GeneMark_model.4937_t;GeneMark},{Augustus_model.g3901.t1;Augustus},{GlimmerHMM_glimmerT_4622-T1;GlimmerHMM}
32453	32374	INTRON			{GeneMark_model.4937_t;GeneMark},{Augustus_model.g3901.t1;Augustus},{GlimmerHMM_glimmerT_4622-T1;GlimmerHMM}
32623	32454	internal-	6	4	{GeneMark_model.4937_t;GeneMark},{Augustus_model.g3901.t1;Augustus},{GlimmerHMM_glimmerT_4622-T1;GlimmerHMM}
32689	32624	INTRON			{GeneMark_model.4937_t;GeneMark},{Augustus_model.g3901.t1;Augustus},{GlimmerHMM_glimmerT_4622-T1;GlimmerHMM}
32932	32690	internal-	6	5	{GeneMark_model.4937_t;GeneMark},{Augustus_model.g3901.t1;Augustus},{GlimmerHMM_glimmerT_4622-T1;GlimmerHMM}
32993	32933	INTRON			{GlimmerHMM_glimmerT_4622-T1;GlimmerHMM}
33034	32994	initial-	4	5	{GlimmerHMM_glimmerT_4622-T1;GlimmerHMM}

# EVM prediction: Mode:STANDARD S-ratio: 1.88 33691-34612 orient(+) score(2690.00) noncoding_equivalent(1433.67) raw_noncoding(1668.67) offset(235.00) 
33691	33994	initial+	1	1	{Augustus_model.g3902.t1;Augustus},{GlimmerHMM_glimmerT_4623-T1;GlimmerHMM},{GeneMark_model.4938_t;GeneMark}
33995	34062	INTRON			{Augustus_model.g3902.t1;Augustus},{GlimmerHMM_glimmerT_4623-T1;GlimmerHMM},{GeneMark_model.4938_t;GeneMark}
34063	34181	internal+	2	3	{Augustus_model.g3902.t1;Augustus},{GlimmerHMM_glimmerT_4623-T1;GlimmerHMM},{GeneMark_model.4938_t;GeneMark}
34182	34262	INTRON			{Augustus_model.g3902.t1;Augustus},{GlimmerHMM_glimmerT_4623-T1;GlimmerHMM},{GeneMark_model.4938_t;GeneMark}
34263	34380	internal+	1	1	{Augustus_model.g3902.t1;Augustus},{GlimmerHMM_glimmerT_4623-T1;GlimmerHMM},{GeneMark_model.4938_t;GeneMark}
34381	34454	INTRON			{Augustus_model.g3902.t1;Augustus},{GlimmerHMM_glimmerT_4623-T1;GlimmerHMM},{GeneMark_model.4938_t;GeneMark}
34455	34612	terminal+	2	3	{GeneMark_model.4938_t;GeneMark}

# EVM prediction: Mode:STANDARD S-ratio: 1.75 34678-35657 orient(+) score(2738.00) noncoding_equivalent(1565.05) raw_noncoding(1964.00) offset(398.95) 
34678	34929	initial+	1	3	{GeneMark_model.4939_t;GeneMark}
34930	35015	INTRON			{GeneMark_model.4939_t;GeneMark},{Augustus_model.g3902.t1;Augustus},{GlimmerHMM_glimmerT_4623-T1;GlimmerHMM}
35016	35129	internal+	1	3	{GeneMark_model.4939_t;GeneMark},{Augustus_model.g3902.t1;Augustus},{GlimmerHMM_glimmerT_4623-T1;GlimmerHMM}
35130	35239	INTRON			{GeneMark_model.4939_t;GeneMark},{Augustus_model.g3902.t1;Augustus},{GlimmerHMM_glimmerT_4623-T1;GlimmerHMM}
35240	35450	internal+	1	1	{GeneMark_model.4939_t;GeneMark},{GlimmerHMM_glimmerT_4623-T1;GlimmerHMM}
35451	35547	INTRON			{GeneMark_model.4939_t;GeneMark},{GlimmerHMM_glimmerT_4623-T1;GlimmerHMM}
35548	35657	terminal+	2	3	{GeneMark_model.4939_t;GeneMark},{GlimmerHMM_glimmerT_4623-T1;GlimmerHMM}

# EVM prediction: Mode:STANDARD S-ratio: 1.58 36517-38340 orient(-) score(4202.00) noncoding_equivalent(2664.16) raw_noncoding(4137.20) offset(1473.04) 
37135	36517	terminal-	6	6	{GlimmerHMM_glimmerT_4624-T1;GlimmerHMM}
37268	37136	INTRON			{GeneMark_model.4940_t;GeneMark}
37294	37269	internal-	4	5	{Augustus_model.g3903.t1;Augustus},{GeneMark_model.4940_t;GeneMark}
37639	37295	INTRON			{Augustus_model.g3903.t1;Augustus},{GeneMark_model.4940_t;GeneMark}
37840	37640	internal-	4	6	{Augustus_model.g3903.t1;Augustus},{GeneMark_model.4940_t;GeneMark}
37913	37841	INTRON			{Augustus_model.g3903.t1;Augustus},{GeneMark_model.4940_t;GeneMark},{GlimmerHMM_glimmerT_4624-T1;GlimmerHMM}
38083	37914	internal-	5	6	{Augustus_model.g3903.t1;Augustus},{GeneMark_model.4940_t;GeneMark},{GlimmerHMM_glimmerT_4624-T1;GlimmerHMM}
38237	38084	INTRON			{GeneMark_model.4940_t;GeneMark}
38340	38238	initial-	4	4	{GeneMark_model.4940_t;GeneMark}

# EVM prediction: Mode:STANDARD S-ratio: 2.01 38716-41951 orient(-) score(8956.00) noncoding_equivalent(4466.65) raw_noncoding(5281.40) offset(814.75) 
38816	38716	terminal-	5	6	{Augustus_model.g3904.t1;Augustus},{GeneMark_model.4941_t;GeneMark}
38874	38817	INTRON			{Augustus_model.g3904.t1;Augustus},{GeneMark_model.4941_t;GeneMark}
39107	38875	internal-	6	4	{GlimmerHMM_glimmerT_4624-T1;GlimmerHMM},{Augustus_model.g3904.t1;Augustus},{GeneMark_model.4941_t;GeneMark}
39167	39108	INTRON			{GlimmerHMM_glimmerT_4624-T1;GlimmerHMM},{Augustus_model.g3904.t1;Augustus},{GeneMark_model.4941_t;GeneMark}
39307	39168	internal-	4	5	{GlimmerHMM_glimmerT_4624-T1;GlimmerHMM},{Augustus_model.g3904.t1;Augustus},{GeneMark_model.4941_t;GeneMark}
39374	39308	INTRON			{GlimmerHMM_glimmerT_4624-T1;GlimmerHMM},{Augustus_model.g3904.t1;Augustus},{GeneMark_model.4941_t;GeneMark}
40036	39375	internal-	5	6	{GlimmerHMM_glimmerT_4624-T1;GlimmerHMM},{Augustus_model.g3904.t1;Augustus},{GeneMark_model.4941_t;GeneMark}
40098	40037	INTRON			{Augustus_model.g3904.t1;Augustus},{GeneMark_model.4941_t;GeneMark}
40596	40099	internal-	5	4	{Augustus_model.g3904.t1;Augustus}
40657	40597	INTRON			{Augustus_model.g3904.t1;Augustus},{GeneMark_model.4941_t;GeneMark}
40745	40658	internal-	4	4	{Augustus_model.g3904.t1;Augustus},{GeneMark_model.4941_t;GeneMark}
40809	40746	INTRON			{Augustus_model.g3904.t1;Augustus},{GeneMark_model.4941_t;GeneMark}
40995	40810	internal-	4	6	{Augustus_model.g3904.t1;Augustus},{GeneMark_model.4941_t;GeneMark}
41056	40996	INTRON			{GlimmerHMM_glimmerT_4624-T1;GlimmerHMM},{Augustus_model.g3904.t1;Augustus},{GeneMark_model.4941_t;GeneMark}
41224	41057	internal-	4	6	{Augustus_model.g3904.t1;Augustus},{GeneMark_model.4941_t;GeneMark}
41284	41225	INTRON			{Augustus_model.g3904.t1;Augustus},{GeneMark_model.4941_t;GeneMark}
41721	41285	internal-	5	6	{Augustus_model.g3904.t1;Augustus},{GeneMark_model.4941_t;GeneMark}
41782	41722	INTRON			{GlimmerHMM_glimmerT_4624-T1;GlimmerHMM},{Augustus_model.g3904.t1;Augustus},{GeneMark_model.4941_t;GeneMark}
41951	41783	initial-	4	4	{GlimmerHMM_glimmerT_4624-T1;GlimmerHMM}

# EVM prediction: Mode:STANDARD S-ratio: 1.83 42511-44671 orient(-) score(6086.00) noncoding_equivalent(3325.03) raw_noncoding(4211.38) offset(886.35) 
42751	42511	terminal-	6	6	{GlimmerHMM_glimmerT_4625-T1;GlimmerHMM},{GeneMark_model.4942_t;GeneMark}
42814	42752	INTRON			{Augustus_model.g3904.t1;Augustus},{GlimmerHMM_glimmerT_4625-T1;GlimmerHMM},{GeneMark_model.4942_t;GeneMark}
42944	42815	internal-	5	5	{Augustus_model.g3904.t1;Augustus},{GlimmerHMM_glimmerT_4625-T1;GlimmerHMM},{GeneMark_model.4942_t;GeneMark}
43004	42945	INTRON			{Augustus_model.g3904.t1;Augustus},{GlimmerHMM_glimmerT_4625-T1;GlimmerHMM},{GeneMark_model.4942_t;GeneMark}
43109	43005	internal-	5	4	{Augustus_model.g3904.t1;Augustus},{GlimmerHMM_glimmerT_4625-T1;GlimmerHMM},{GeneMark_model.4942_t;GeneMark}
43177	43110	INTRON			{Augustus_model.g3904.t1;Augustus},{GeneMark_model.4942_t;GeneMark}
43201	43178	internal-	5	4	{Augustus_model.g3904.t1;Augustus},{GeneMark_model.4942_t;GeneMark}
43266	43202	INTRON			{Augustus_model.g3904.t1;Augustus},{GeneMark_model.4942_t;GeneMark}
43372	43267	internal-	4	4	{Augustus_model.g3904.t1;Augustus},{GlimmerHMM_glimmerT_4625-T1;GlimmerHMM},{GeneMark_model.4942_t;GeneMark}
43438	43373	INTRON			{Augustus_model.g3904.t1;Augustus},{GlimmerHMM_glimmerT_4625-T1;GlimmerHMM},{GeneMark_model.4942_t;GeneMark}
44043	43439	internal-	5	6	{Augustus_model.g3904.t1;Augustus},{GlimmerHMM_glimmerT_4625-T1;GlimmerHMM},{GeneMark_model.4942_t;GeneMark}
44113	44044	INTRON			{Augustus_model.g3904.t1;Augustus},{GlimmerHMM_glimmerT_4625-T1;GlimmerHMM},{GeneMark_model.4942_t;GeneMark}
44194	44114	internal-	5	4	{Augustus_model.g3904.t1;Augustus},{GlimmerHMM_glimmerT_4625-T1;GlimmerHMM},{GeneMark_model.4942_t;GeneMark}
44259	44195	INTRON			{Augustus_model.g3904.t1;Augustus},{GlimmerHMM_glimmerT_4625-T1;GlimmerHMM},{GeneMark_model.4942_t;GeneMark}
44372	44260	internal-	6	4	{Augustus_model.g3904.t1;Augustus},{GeneMark_model.4942_t;GeneMark}
44470	44373	INTRON			{Augustus_model.g3904.t1;Augustus},{GeneMark_model.4942_t;GeneMark}
44552	44471	internal-	5	5	{Augustus_model.g3904.t1;Augustus},{GlimmerHMM_glimmerT_4625-T1;GlimmerHMM},{GeneMark_model.4942_t;GeneMark}
44625	44553	INTRON			{Augustus_model.g3904.t1;Augustus},{GlimmerHMM_glimmerT_4625-T1;GlimmerHMM},{GeneMark_model.4942_t;GeneMark}
44671	44626	initial-	4	4	{Augustus_model.g3904.t1;Augustus},{GlimmerHMM_glimmerT_4625-T1;GlimmerHMM},{GeneMark_model.4942_t;GeneMark}

# EVM prediction: Mode:STANDARD S-ratio: 11.81 45871-46377 orient(+) score(1866.00) noncoding_equivalent(158.00) raw_noncoding(162.00) offset(4.00) 
45871	46191	initial+	1	3	{GeneMark_model.4943_t;GeneMark}
46192	46272	INTRON			{GeneMark_model.4943_t;GeneMark},{Augustus_model.g3905.t1;Augustus}
46273	46377	terminal+	1	3	{GeneMark_model.4943_t;GeneMark},{Augustus_model.g3905.t1;Augustus}

# EVM prediction: Mode:STANDARD S-ratio: 2.24 46767-48544 orient(-) score(5594.00) noncoding_equivalent(2499.01) raw_noncoding(3023.00) offset(523.99) 
47026	46767	terminal-	5	6	{GeneMark_model.4944_t;GeneMark},{snap_scaffold_11-snap.206-T1;snap},{GlimmerHMM_glimmerT_4627-T1;GlimmerHMM},{Augustus_model.g3906.t1;Augustus}
47136	47027	INTRON			{GeneMark_model.4944_t;GeneMark},{GlimmerHMM_glimmerT_4627-T1;GlimmerHMM},{Augustus_model.g3906.t1;Augustus}
47261	47137	internal-	6	4	{GeneMark_model.4944_t;GeneMark},{GlimmerHMM_glimmerT_4627-T1;GlimmerHMM},{Augustus_model.g3906.t1;Augustus}
47326	47262	INTRON			{GeneMark_model.4944_t;GeneMark},{GlimmerHMM_glimmerT_4627-T1;GlimmerHMM},{Augustus_model.g3906.t1;Augustus}
47470	47327	internal-	6	5	{GeneMark_model.4944_t;GeneMark},{GlimmerHMM_glimmerT_4627-T1;GlimmerHMM},{Augustus_model.g3906.t1;Augustus}
47588	47471	INTRON			{GeneMark_model.4944_t;GeneMark},{GlimmerHMM_glimmerT_4627-T1;GlimmerHMM},{Augustus_model.g3906.t1;Augustus}
47835	47589	internal-	5	5	{GeneMark_model.4944_t;GeneMark},{GlimmerHMM_glimmerT_4627-T1;GlimmerHMM},{Augustus_model.g3906.t1;Augustus}
47919	47836	INTRON			{GeneMark_model.4944_t;GeneMark},{GlimmerHMM_glimmerT_4627-T1;GlimmerHMM},{Augustus_model.g3906.t1;Augustus}
48020	47920	internal-	6	4	{GeneMark_model.4944_t;GeneMark},{GlimmerHMM_glimmerT_4627-T1;GlimmerHMM},{Augustus_model.g3906.t1;Augustus}
48091	48021	INTRON			{GeneMark_model.4944_t;GeneMark},{GlimmerHMM_glimmerT_4627-T1;GlimmerHMM},{Augustus_model.g3906.t1;Augustus}
48356	48092	internal-	5	5	{GeneMark_model.4944_t;GeneMark},{GlimmerHMM_glimmerT_4627-T1;GlimmerHMM},{Augustus_model.g3906.t1;Augustus}
48411	48357	INTRON			{GeneMark_model.4944_t;GeneMark},{GlimmerHMM_glimmerT_4627-T1;GlimmerHMM},{Augustus_model.g3906.t1;Augustus}
48544	48412	initial-	4	4	{GeneMark_model.4944_t;GeneMark},{GlimmerHMM_glimmerT_4627-T1;GlimmerHMM},{Augustus_model.g3906.t1;Augustus}

# EVM prediction: Mode:STANDARD S-ratio: 3.64 49086-54417 orient(+) score(18895.00) noncoding_equivalent(5185.34) raw_noncoding(6709.00) offset(1523.66) 
49086	49264	initial+	1	2	{GlimmerHMM_glimmerT_4628-T1;GlimmerHMM},{Augustus_model.g3907.t1;Augustus}
49265	49340	INTRON			{GlimmerHMM_glimmerT_4628-T1;GlimmerHMM},{GeneMark_model.4945_t;GeneMark},{Augustus_model.g3907.t1;Augustus},{ev_type:exonerate/ID=match.2566964.1356/Target=lcl|PJQD01000005_1_prot_POY76336_1_4771;exonerate}
49341	49423	internal+	3	1	{GlimmerHMM_glimmerT_4628-T1;GlimmerHMM},{GeneMark_model.4945_t;GeneMark},{Augustus_model.g3907.t1;Augustus}
49424	49491	INTRON			{GlimmerHMM_glimmerT_4628-T1;GlimmerHMM},{GeneMark_model.4945_t;GeneMark},{Augustus_model.g3907.t1;Augustus}
49492	49673	internal+	2	3	{GlimmerHMM_glimmerT_4628-T1;GlimmerHMM},{GeneMark_model.4945_t;GeneMark},{Augustus_model.g3907.t1;Augustus},{ev_type:exonerate/ID=match.2566964.1356/Target=lcl|PJQD01000005_1_prot_POY76336_1_4771;exonerate}
49674	49874	INTRON			{GlimmerHMM_glimmerT_4628-T1;GlimmerHMM},{GeneMark_model.4945_t;GeneMark},{Augustus_model.g3907.t1;Augustus},{ev_type:exonerate/ID=match.2566964.1356/Target=lcl|PJQD01000005_1_prot_POY76336_1_4771;exonerate}
49875	49899	internal+	1	1	{GeneMark_model.4945_t;GeneMark},{Augustus_model.g3907.t1;Augustus},{ev_type:exonerate/ID=match.2566964.1356/Target=lcl|PJQD01000005_1_prot_POY76336_1_4771;exonerate}
49900	49980	INTRON			{GeneMark_model.4945_t;GeneMark},{Augustus_model.g3907.t1;Augustus},{ev_type:exonerate/ID=match.2566964.1356/Target=lcl|PJQD01000005_1_prot_POY76336_1_4771;exonerate}
49981	50396	internal+	2	3	{GeneMark_model.4945_t;GeneMark},{Augustus_model.g3907.t1;Augustus},{ev_type:exonerate/ID=match.2566964.1356/Target=lcl|PJQD01000005_1_prot_POY76336_1_4771;exonerate}
50397	50465	INTRON			{GlimmerHMM_glimmerT_4628-T1;GlimmerHMM},{GeneMark_model.4945_t;GeneMark},{Augustus_model.g3907.t1;Augustus},{ev_type:exonerate/ID=match.2566964.1356/Target=lcl|PJQD01000005_1_prot_POY76336_1_4771;exonerate}
50466	50711	internal+	1	3	{GeneMark_model.4945_t;GeneMark},{Augustus_model.g3907.t1;Augustus}
50712	51112	INTRON			{GeneMark_model.4945_t;GeneMark},{Augustus_model.g3907.t1;Augustus}
51113	53025	internal+	1	2	{Augustus_model.g3907.t1;Augustus}
53026	53095	INTRON			{GlimmerHMM_glimmerT_4628-T1;GlimmerHMM},{GeneMark_model.4945_t;GeneMark},{Augustus_model.g3907.t1;Augustus}
53096	53184	internal+	3	1	{GlimmerHMM_glimmerT_4628-T1;GlimmerHMM},{GeneMark_model.4945_t;GeneMark},{Augustus_model.g3907.t1;Augustus}
53185	53261	INTRON			{GlimmerHMM_glimmerT_4628-T1;GlimmerHMM},{Augustus_model.g3907.t1;Augustus}
53262	53777	internal+	2	1	{GlimmerHMM_glimmerT_4628-T1;GlimmerHMM},{Augustus_model.g3907.t1;Augustus}
53778	53844	INTRON			{GlimmerHMM_glimmerT_4628-T1;GlimmerHMM},{GeneMark_model.4945_t;GeneMark},{Augustus_model.g3907.t1;Augustus}
53845	54050	internal+	2	3	{GlimmerHMM_glimmerT_4628-T1;GlimmerHMM},{GeneMark_model.4945_t;GeneMark},{Augustus_model.g3907.t1;Augustus}
54051	54114	INTRON			{GlimmerHMM_glimmerT_4628-T1;GlimmerHMM},{GeneMark_model.4945_t;GeneMark},{Augustus_model.g3907.t1;Augustus}
54115	54417	terminal+	1	3	{GlimmerHMM_glimmerT_4628-T1;GlimmerHMM},{GeneMark_model.4945_t;GeneMark},{Augustus_model.g3907.t1;Augustus}

# EVM prediction: Mode:STANDARD S-ratio: 1.67 54691-55073 orient(-) score(1122.00) noncoding_equivalent(670.00) raw_noncoding(812.00) offset(142.00) 
54741	54691	terminal-	4	6	{GeneMark_model.4946_t;GeneMark},{GlimmerHMM_glimmerT_4629-T1;GlimmerHMM},{Augustus_model.g3908.t1;Augustus}
54815	54742	INTRON			{GeneMark_model.4946_t;GeneMark},{GlimmerHMM_glimmerT_4629-T1;GlimmerHMM},{Augustus_model.g3908.t1;Augustus}
54959	54816	internal-	4	6	{GeneMark_model.4946_t;GeneMark},{GlimmerHMM_glimmerT_4629-T1;GlimmerHMM},{Augustus_model.g3908.t1;Augustus}
55019	54960	INTRON			{GeneMark_model.4946_t;GeneMark},{GlimmerHMM_glimmerT_4629-T1;GlimmerHMM},{Augustus_model.g3908.t1;Augustus}
55073	55020	initial-	4	6	{GeneMark_model.4946_t;GeneMark},{GlimmerHMM_glimmerT_4629-T1;GlimmerHMM}

# EVM prediction: Mode:STANDARD S-ratio: 2.25 56175-57840 orient(+) score(5244.00) noncoding_equivalent(2331.76) raw_noncoding(2741.46) offset(409.70) 
56175	56296	initial+	1	2	{Augustus_model.g3909.t1;Augustus},{GeneMark_model.4947_t;GeneMark},{GlimmerHMM_glimmerT_4630-T1;GlimmerHMM}
56297	56374	INTRON			{Augustus_model.g3909.t1;Augustus},{GeneMark_model.4947_t;GeneMark},{GlimmerHMM_glimmerT_4630-T1;GlimmerHMM}
56375	56476	internal+	3	2	{Augustus_model.g3909.t1;Augustus},{GeneMark_model.4947_t;GeneMark},{GlimmerHMM_glimmerT_4630-T1;GlimmerHMM}
56477	56542	INTRON			{Augustus_model.g3909.t1;Augustus},{GeneMark_model.4947_t;GeneMark},{GlimmerHMM_glimmerT_4630-T1;GlimmerHMM}
56543	56781	internal+	3	1	{Augustus_model.g3909.t1;Augustus},{GeneMark_model.4947_t;GeneMark},{GlimmerHMM_glimmerT_4630-T1;GlimmerHMM}
56782	56864	INTRON			{Augustus_model.g3909.t1;Augustus},{GeneMark_model.4947_t;GeneMark},{GlimmerHMM_glimmerT_4630-T1;GlimmerHMM}
56865	57061	internal+	2	3	{Augustus_model.g3909.t1;Augustus},{GeneMark_model.4947_t;GeneMark},{GlimmerHMM_glimmerT_4630-T1;GlimmerHMM}
57062	57128	INTRON			{Augustus_model.g3909.t1;Augustus},{GeneMark_model.4947_t;GeneMark},{GlimmerHMM_glimmerT_4630-T1;GlimmerHMM}
57129	57271	internal+	1	2	{Augustus_model.g3909.t1;Augustus},{GeneMark_model.4947_t;GeneMark},{GlimmerHMM_glimmerT_4630-T1;GlimmerHMM}
57272	57359	INTRON			{Augustus_model.g3909.t1;Augustus},{GeneMark_model.4947_t;GeneMark},{GlimmerHMM_glimmerT_4630-T1;GlimmerHMM}
57360	57617	internal+	3	2	{Augustus_model.g3909.t1;Augustus},{GeneMark_model.4947_t;GeneMark},{GlimmerHMM_glimmerT_4630-T1;GlimmerHMM}
57618	57704	INTRON			{Augustus_model.g3909.t1;Augustus},{GeneMark_model.4947_t;GeneMark},{GlimmerHMM_glimmerT_4630-T1;GlimmerHMM}
57705	57840	terminal+	3	3	{Augustus_model.g3909.t1;Augustus},{GeneMark_model.4947_t;GeneMark},{GlimmerHMM_glimmerT_4630-T1;GlimmerHMM}

# EVM prediction: Mode:STANDARD S-ratio: 17.39 58063-60428 orient(-) score(9078.00) noncoding_equivalent(522.00) raw_noncoding(584.00) offset(62.00) 
60072	58063	terminal-	4	6	{GlimmerHMM_glimmerT_4631-T1;GlimmerHMM},{GeneMark_model.4948_t;GeneMark},{snap_scaffold_11-snap.211-T1;snap},{Augustus_model.g3910.t1;Augustus}
60143	60073	INTRON			{GlimmerHMM_glimmerT_4631-T1;GlimmerHMM},{GeneMark_model.4948_t;GeneMark},{Augustus_model.g3910.t1;Augustus}
60428	60144	initial-	4	6	{GlimmerHMM_glimmerT_4631-T1;GlimmerHMM},{GeneMark_model.4948_t;GeneMark}

# EVM prediction: Mode:STANDARD S-ratio: 1.97 61171-63364 orient(-) score(6661.00) noncoding_equivalent(3386.19) raw_noncoding(4786.00) offset(1399.81) 
61230	61171	terminal-	4	6	{GeneMark_model.4949_t;GeneMark},{Augustus_model.g3911.t1;Augustus},{GlimmerHMM_glimmerT_4632-T1;GlimmerHMM}
61385	61231	INTRON			{GeneMark_model.4949_t;GeneMark},{Augustus_model.g3911.t1;Augustus},{GlimmerHMM_glimmerT_4632-T1;GlimmerHMM}
61613	61386	internal-	4	6	{GeneMark_model.4949_t;GeneMark},{Augustus_model.g3911.t1;Augustus},{GlimmerHMM_glimmerT_4632-T1;GlimmerHMM}
61803	61614	INTRON			{GeneMark_model.4949_t;GeneMark},{Augustus_model.g3911.t1;Augustus},{GlimmerHMM_glimmerT_4632-T1;GlimmerHMM}
61892	61804	internal-	5	6	{GeneMark_model.4949_t;GeneMark},{Augustus_model.g3911.t1;Augustus},{GlimmerHMM_glimmerT_4632-T1;GlimmerHMM}
61978	61893	INTRON			{GeneMark_model.4949_t;GeneMark},{Augustus_model.g3911.t1;Augustus}
62003	61979	internal-	4	4	{GeneMark_model.4949_t;GeneMark},{Augustus_model.g3911.t1;Augustus}
62071	62004	INTRON			{GeneMark_model.4949_t;GeneMark},{Augustus_model.g3911.t1;Augustus}
62082	62072	internal-	5	6	{GeneMark_model.4949_t;GeneMark},{Augustus_model.g3911.t1;Augustus}
62294	62083	INTRON			{GeneMark_model.4949_t;GeneMark},{Augustus_model.g3911.t1;Augustus}
62770	62295	internal-	6	4	{GeneMark_model.4949_t;GeneMark},{Augustus_model.g3911.t1;Augustus},{GlimmerHMM_glimmerT_4632-T1;GlimmerHMM}
62839	62771	INTRON			{GeneMark_model.4949_t;GeneMark},{Augustus_model.g3911.t1;Augustus},{GlimmerHMM_glimmerT_4632-T1;GlimmerHMM}
62906	62840	internal-	5	5	{GeneMark_model.4949_t;GeneMark},{Augustus_model.g3911.t1;Augustus},{GlimmerHMM_glimmerT_4632-T1;GlimmerHMM}
62974	62907	INTRON			{GeneMark_model.4949_t;GeneMark},{Augustus_model.g3911.t1;Augustus},{GlimmerHMM_glimmerT_4632-T1;GlimmerHMM}
62982	62975	internal-	6	4	{GeneMark_model.4949_t;GeneMark},{Augustus_model.g3911.t1;Augustus},{GlimmerHMM_glimmerT_4632-T1;GlimmerHMM}
63049	62983	INTRON			{GeneMark_model.4949_t;GeneMark},{Augustus_model.g3911.t1;Augustus},{GlimmerHMM_glimmerT_4632-T1;GlimmerHMM}
63209	63050	internal-	5	5	{GeneMark_model.4949_t;GeneMark},{Augustus_model.g3911.t1;Augustus},{GlimmerHMM_glimmerT_4632-T1;GlimmerHMM}
63309	63210	INTRON			{GeneMark_model.4949_t;GeneMark},{Augustus_model.g3911.t1;Augustus},{GlimmerHMM_glimmerT_4632-T1;GlimmerHMM}
63364	63310	initial-	4	4	{GeneMark_model.4949_t;GeneMark},{Augustus_model.g3911.t1;Augustus},{GlimmerHMM_glimmerT_4632-T1;GlimmerHMM}

# EVM prediction: Mode:STANDARD S-ratio: 2.04 64104-66526 orient(-) score(6829.00) noncoding_equivalent(3345.42) raw_noncoding(4373.00) offset(1027.58) 
64326	64104	terminal-	6	6	{GlimmerHMM_glimmerT_4633-T1;GlimmerHMM},{GeneMark_model.4950_t;GeneMark},{Augustus_model.g3912.t1;Augustus}
64389	64327	INTRON			{GlimmerHMM_glimmerT_4633-T1;GlimmerHMM},{GeneMark_model.4950_t;GeneMark},{Augustus_model.g3912.t1;Augustus}
64556	64390	internal-	4	5	{GlimmerHMM_glimmerT_4633-T1;GlimmerHMM},{GeneMark_model.4950_t;GeneMark},{Augustus_model.g3912.t1;Augustus}
64633	64557	INTRON			{GlimmerHMM_glimmerT_4633-T1;GlimmerHMM},{GeneMark_model.4950_t;GeneMark},{Augustus_model.g3912.t1;Augustus}
64883	64634	internal-	6	6	{GlimmerHMM_glimmerT_4633-T1;GlimmerHMM},{GeneMark_model.4950_t;GeneMark},{Augustus_model.g3912.t1;Augustus}
64945	64884	INTRON			{GlimmerHMM_glimmerT_4633-T1;GlimmerHMM},{GeneMark_model.4950_t;GeneMark},{Augustus_model.g3912.t1;Augustus}
65029	64946	internal-	6	5	{GlimmerHMM_glimmerT_4633-T1;GlimmerHMM},{GeneMark_model.4950_t;GeneMark},{Augustus_model.g3912.t1;Augustus}
65090	65030	INTRON			{GlimmerHMM_glimmerT_4633-T1;GlimmerHMM},{GeneMark_model.4950_t;GeneMark},{Augustus_model.g3912.t1;Augustus}
65343	65091	internal-	5	5	{GlimmerHMM_glimmerT_4633-T1;GlimmerHMM},{GeneMark_model.4950_t;GeneMark},{Augustus_model.g3912.t1;Augustus}
65405	65344	INTRON			{GlimmerHMM_glimmerT_4633-T1;GlimmerHMM},{GeneMark_model.4950_t;GeneMark},{Augustus_model.g3912.t1;Augustus}
65510	65406	internal-	5	4	{GlimmerHMM_glimmerT_4633-T1;GlimmerHMM},{GeneMark_model.4950_t;GeneMark},{Augustus_model.g3912.t1;Augustus}
65577	65511	INTRON			{GeneMark_model.4950_t;GeneMark},{Augustus_model.g3912.t1;Augustus}
65728	65578	internal-	4	4	{GeneMark_model.4950_t;GeneMark},{Augustus_model.g3912.t1;Augustus}
65795	65729	INTRON			{GeneMark_model.4950_t;GeneMark},{Augustus_model.g3912.t1;Augustus}
65956	65796	internal-	5	6	{GeneMark_model.4950_t;GeneMark},{Augustus_model.g3912.t1;Augustus}
66016	65957	INTRON			{GeneMark_model.4950_t;GeneMark},{Augustus_model.g3912.t1;Augustus}
66097	66017	internal-	5	4	{GeneMark_model.4950_t;GeneMark},{Augustus_model.g3912.t1;Augustus}
66170	66098	INTRON			{Augustus_model.g3912.t1;Augustus}
66206	66171	internal-	5	4	{Augustus_model.g3912.t1;Augustus}
66276	66207	INTRON			{GeneMark_model.4950_t;GeneMark},{Augustus_model.g3912.t1;Augustus}
66526	66277	initial-	4	4	{GeneMark_model.4950_t;GeneMark},{Augustus_model.g3912.t1;Augustus}

# EVM prediction: Mode:STANDARD S-ratio: 3.18 67042-68416 orient(-) score(4181.00) noncoding_equivalent(1314.12) raw_noncoding(1916.04) offset(601.92) 
67140	67042	terminal-	4	6	{GeneMark_model.4951_t;GeneMark},{Augustus_model.g3913.t1;Augustus}
67246	67141	INTRON			{GeneMark_model.4951_t;GeneMark},{Augustus_model.g3913.t1;Augustus}
67311	67247	internal-	5	6	{GlimmerHMM_glimmerT_4633-T1;GlimmerHMM},{GeneMark_model.4951_t;GeneMark},{Augustus_model.g3913.t1;Augustus}
67372	67312	INTRON			{GeneMark_model.4951_t;GeneMark},{Augustus_model.g3913.t1;Augustus}
67404	67373	internal-	6	4	{GeneMark_model.4951_t;GeneMark},{Augustus_model.g3913.t1;Augustus}
67467	67405	INTRON			{GeneMark_model.4951_t;GeneMark},{Augustus_model.g3913.t1;Augustus}
68093	67468	internal-	4	5	{Augustus_model.g3913.t1;Augustus}
68176	68094	INTRON			{GlimmerHMM_glimmerT_4633-T1;GlimmerHMM},{Augustus_model.g3913.t1;Augustus}
68416	68177	initial-	4	6	{GlimmerHMM_glimmerT_4633-T1;GlimmerHMM},{GeneMark_model.4951_t;GeneMark}

# EVM prediction: Mode:STANDARD S-ratio: 2.76 68739-69692 orient(+) score(3317.00) noncoding_equivalent(1200.22) raw_noncoding(1329.00) offset(128.78) 
68739	68785	initial+	1	2	{GeneMark_model.4952_t;GeneMark},{GlimmerHMM_glimmerT_4634-T1;GlimmerHMM},{Augustus_model.g3914.t1;Augustus}
68786	68848	INTRON			{GeneMark_model.4952_t;GeneMark},{GlimmerHMM_glimmerT_4634-T1;GlimmerHMM},{Augustus_model.g3914.t1;Augustus}
68849	68909	internal+	3	3	{GeneMark_model.4952_t;GeneMark},{GlimmerHMM_glimmerT_4634-T1;GlimmerHMM},{Augustus_model.g3914.t1;Augustus}
68910	68971	INTRON			{snap_scaffold_11-snap.215-T1;snap},{GeneMark_model.4952_t;GeneMark},{GlimmerHMM_glimmerT_4634-T1;GlimmerHMM},{Augustus_model.g3914.t1;Augustus}
68972	69221	internal+	1	1	{GeneMark_model.4952_t;GeneMark},{GlimmerHMM_glimmerT_4634-T1;GlimmerHMM},{Augustus_model.g3914.t1;Augustus}
69222	69293	INTRON			{GeneMark_model.4952_t;GeneMark},{GlimmerHMM_glimmerT_4634-T1;GlimmerHMM},{Augustus_model.g3914.t1;Augustus}
69294	69424	internal+	2	3	{GeneMark_model.4952_t;GeneMark},{GlimmerHMM_glimmerT_4634-T1;GlimmerHMM},{Augustus_model.g3914.t1;Augustus}
69425	69527	INTRON			{GeneMark_model.4952_t;GeneMark},{GlimmerHMM_glimmerT_4634-T1;GlimmerHMM},{Augustus_model.g3914.t1;Augustus}
69528	69692	terminal+	1	3	{GeneMark_model.4952_t;GeneMark},{GlimmerHMM_glimmerT_4634-T1;GlimmerHMM},{Augustus_model.g3914.t1;Augustus}

# EVM prediction: Mode:STANDARD S-ratio: 3.04 69995-72073 orient(-) score(6948.00) noncoding_equivalent(2283.25) raw_noncoding(2862.00) offset(578.75) 
70180	69995	terminal-	4	6	{Augustus_model.g3915.t1;Augustus},{GlimmerHMM_glimmerT_4635-T1;GlimmerHMM},{GeneMark_model.4953_t;GeneMark}
70249	70181	INTRON			{Augustus_model.g3915.t1;Augustus},{GlimmerHMM_glimmerT_4635-T1;GlimmerHMM},{GeneMark_model.4953_t;GeneMark}
70736	70250	internal-	6	6	{Augustus_model.g3915.t1;Augustus},{GlimmerHMM_glimmerT_4635-T1;GlimmerHMM},{GeneMark_model.4953_t;GeneMark}
70802	70737	INTRON			{Augustus_model.g3915.t1;Augustus},{GlimmerHMM_glimmerT_4635-T1;GlimmerHMM},{GeneMark_model.4953_t;GeneMark},{snap_scaffold_11-snap.216-T1;snap}
70916	70803	internal-	6	5	{Augustus_model.g3915.t1;Augustus},{GlimmerHMM_glimmerT_4635-T1;GlimmerHMM},{GeneMark_model.4953_t;GeneMark}
70988	70917	INTRON			{Augustus_model.g3915.t1;Augustus},{GlimmerHMM_glimmerT_4635-T1;GlimmerHMM},{GeneMark_model.4953_t;GeneMark}
71151	70989	internal-	5	5	{Augustus_model.g3915.t1;Augustus},{GlimmerHMM_glimmerT_4635-T1;GlimmerHMM},{GeneMark_model.4953_t;GeneMark}
71225	71152	INTRON			{Augustus_model.g3915.t1;Augustus},{GlimmerHMM_glimmerT_4635-T1;GlimmerHMM},{GeneMark_model.4953_t;GeneMark}
71556	71226	internal-	4	4	{Augustus_model.g3915.t1;Augustus},{GlimmerHMM_glimmerT_4635-T1;GlimmerHMM},{GeneMark_model.4953_t;GeneMark}
71681	71557	INTRON			{Augustus_model.g3915.t1;Augustus},{GlimmerHMM_glimmerT_4635-T1;GlimmerHMM},{GeneMark_model.4953_t;GeneMark}
71803	71682	internal-	5	6	{Augustus_model.g3915.t1;Augustus},{GlimmerHMM_glimmerT_4635-T1;GlimmerHMM},{GeneMark_model.4953_t;GeneMark}
71894	71804	INTRON			{Augustus_model.g3915.t1;Augustus},{GeneMark_model.4953_t;GeneMark}
71915	71895	internal-	5	4	{Augustus_model.g3915.t1;Augustus},{GeneMark_model.4953_t;GeneMark}
71991	71916	INTRON			{Augustus_model.g3915.t1;Augustus},{GeneMark_model.4953_t;GeneMark}
72073	71992	initial-	4	4	{Augustus_model.g3915.t1;Augustus},{GlimmerHMM_glimmerT_4635-T1;GlimmerHMM},{GeneMark_model.4953_t;GeneMark}

