!! Predictions spanning range 1596 - 86989 [R1]
# EVM prediction: Mode:STANDARD S-ratio: 5.15 1596-4504 orient(-) score(26105.00) noncoding_equivalent(5067.46) raw_noncoding(7004.00) offset(1936.54) 
1715	1596	terminal-	4	6	{GlimmerHMM_glimmerT_3841-T1;GlimmerHMM},{HiQ_model.g3196.t1;HiQ},{GeneMark_model.4102_t;GeneMark}
1811	1716	INTRON			{HiQ_model.g3196.t1;HiQ},{GeneMark_model.4102_t;GeneMark},{ev_type:exonerate/ID=match.2566964.1723/Target=lcl|LCTV02000006_1_prot_PRQ74244_1_6229;exonerate},{ev_type:exonerate/ID=match.2566964.1721/Target=lcl|KQ954469_1_prot_KWU46025_1_1742;exonerate},{ev_type:exonerate/ID=match.2566964.3501/Target=lcl|PJQD01000093_1_prot_POY70959_1_6744;exonerate},{ev_type:exonerate/ID=match.2566964.3505/Target=lcl|NW_017264937_1_prot_XP_018269680_1_5083;exonerate}
1844	1812	internal-	4	6	{HiQ_model.g3196.t1;HiQ},{GeneMark_model.4102_t;GeneMark},{ev_type:exonerate/ID=match.2566964.1723/Target=lcl|LCTV02000006_1_prot_PRQ74244_1_6229;exonerate},{ev_type:exonerate/ID=match.2566964.1721/Target=lcl|KQ954469_1_prot_KWU46025_1_1742;exonerate},{ev_type:exonerate/ID=match.2566964.3501/Target=lcl|PJQD01000093_1_prot_POY70959_1_6744;exonerate},{ev_type:exonerate/ID=match.2566964.3505/Target=lcl|NW_017264937_1_prot_XP_018269680_1_5083;exonerate}
1923	1845	INTRON			{HiQ_model.g3196.t1;HiQ},{GeneMark_model.4102_t;GeneMark},{ev_type:exonerate/ID=match.2566964.1723/Target=lcl|LCTV02000006_1_prot_PRQ74244_1_6229;exonerate},{ev_type:exonerate/ID=match.2566964.1721/Target=lcl|KQ954469_1_prot_KWU46025_1_1742;exonerate},{ev_type:exonerate/ID=match.2566964.3501/Target=lcl|PJQD01000093_1_prot_POY70959_1_6744;exonerate},{ev_type:exonerate/ID=match.2566964.3505/Target=lcl|NW_017264937_1_prot_XP_018269680_1_5083;exonerate}
2482	1924	internal-	6	6	{HiQ_model.g3196.t1;HiQ},{GeneMark_model.4102_t;GeneMark},{ev_type:exonerate/ID=match.2566964.1723/Target=lcl|LCTV02000006_1_prot_PRQ74244_1_6229;exonerate},{ev_type:exonerate/ID=match.2566964.1721/Target=lcl|KQ954469_1_prot_KWU46025_1_1742;exonerate},{ev_type:exonerate/ID=match.2566964.3501/Target=lcl|PJQD01000093_1_prot_POY70959_1_6744;exonerate},{ev_type:exonerate/ID=match.2566964.3505/Target=lcl|NW_017264937_1_prot_XP_018269680_1_5083;exonerate}
2540	2483	INTRON			{HiQ_model.g3196.t1;HiQ},{GeneMark_model.4102_t;GeneMark},{ev_type:exonerate/ID=match.2566964.1723/Target=lcl|LCTV02000006_1_prot_PRQ74244_1_6229;exonerate},{ev_type:exonerate/ID=match.2566964.1721/Target=lcl|KQ954469_1_prot_KWU46025_1_1742;exonerate},{ev_type:exonerate/ID=match.2566964.3501/Target=lcl|PJQD01000093_1_prot_POY70959_1_6744;exonerate},{ev_type:exonerate/ID=match.2566964.3505/Target=lcl|NW_017264937_1_prot_XP_018269680_1_5083;exonerate},{ev_type:exonerate/ID=match.2566964.1722/Target=lcl|BJWK01000011_1_prot_GEM10594_1_4611;exonerate}
2844	2541	internal-	5	5	{HiQ_model.g3196.t1;HiQ},{GeneMark_model.4102_t;GeneMark},{ev_type:exonerate/ID=match.2566964.1723/Target=lcl|LCTV02000006_1_prot_PRQ74244_1_6229;exonerate},{ev_type:exonerate/ID=match.2566964.1721/Target=lcl|KQ954469_1_prot_KWU46025_1_1742;exonerate},{ev_type:exonerate/ID=match.2566964.3501/Target=lcl|PJQD01000093_1_prot_POY70959_1_6744;exonerate},{ev_type:exonerate/ID=match.2566964.3505/Target=lcl|NW_017264937_1_prot_XP_018269680_1_5083;exonerate},{ev_type:exonerate/ID=match.2566964.1722/Target=lcl|BJWK01000011_1_prot_GEM10594_1_4611;exonerate}
2908	2845	INTRON			{GlimmerHMM_glimmerT_3841-T1;GlimmerHMM},{HiQ_model.g3196.t1;HiQ},{GeneMark_model.4102_t;GeneMark},{ev_type:exonerate/ID=match.2566964.1723/Target=lcl|LCTV02000006_1_prot_PRQ74244_1_6229;exonerate},{ev_type:exonerate/ID=match.2566964.1721/Target=lcl|KQ954469_1_prot_KWU46025_1_1742;exonerate},{ev_type:exonerate/ID=match.2566964.3501/Target=lcl|PJQD01000093_1_prot_POY70959_1_6744;exonerate},{ev_type:exonerate/ID=match.2566964.3505/Target=lcl|NW_017264937_1_prot_XP_018269680_1_5083;exonerate},{ev_type:exonerate/ID=match.2566964.1722/Target=lcl|BJWK01000011_1_prot_GEM10594_1_4611;exonerate}
3065	2909	internal-	4	4	{GlimmerHMM_glimmerT_3841-T1;GlimmerHMM},{HiQ_model.g3196.t1;HiQ},{GeneMark_model.4102_t;GeneMark},{ev_type:exonerate/ID=match.2566964.1723/Target=lcl|LCTV02000006_1_prot_PRQ74244_1_6229;exonerate},{ev_type:exonerate/ID=match.2566964.1721/Target=lcl|KQ954469_1_prot_KWU46025_1_1742;exonerate},{ev_type:exonerate/ID=match.2566964.3505/Target=lcl|NW_017264937_1_prot_XP_018269680_1_5083;exonerate},{ev_type:exonerate/ID=match.2566964.1722/Target=lcl|BJWK01000011_1_prot_GEM10594_1_4611;exonerate}
3119	3066	INTRON			{GlimmerHMM_glimmerT_3841-T1;GlimmerHMM},{HiQ_model.g3196.t1;HiQ},{GeneMark_model.4102_t;GeneMark},{ev_type:exonerate/ID=match.2566964.1723/Target=lcl|LCTV02000006_1_prot_PRQ74244_1_6229;exonerate},{ev_type:exonerate/ID=match.2566964.1721/Target=lcl|KQ954469_1_prot_KWU46025_1_1742;exonerate},{ev_type:exonerate/ID=match.2566964.3505/Target=lcl|NW_017264937_1_prot_XP_018269680_1_5083;exonerate},{ev_type:exonerate/ID=match.2566964.1722/Target=lcl|BJWK01000011_1_prot_GEM10594_1_4611;exonerate}
3524	3120	internal-	4	6	{GlimmerHMM_glimmerT_3841-T1;GlimmerHMM},{HiQ_model.g3196.t1;HiQ},{GeneMark_model.4102_t;GeneMark},{ev_type:exonerate/ID=match.2566964.1723/Target=lcl|LCTV02000006_1_prot_PRQ74244_1_6229;exonerate},{ev_type:exonerate/ID=match.2566964.1721/Target=lcl|KQ954469_1_prot_KWU46025_1_1742;exonerate},{ev_type:exonerate/ID=match.2566964.3501/Target=lcl|PJQD01000093_1_prot_POY70959_1_6744;exonerate},{ev_type:exonerate/ID=match.2566964.3505/Target=lcl|NW_017264937_1_prot_XP_018269680_1_5083;exonerate},{ev_type:exonerate/ID=match.2566964.1722/Target=lcl|BJWK01000011_1_prot_GEM10594_1_4611;exonerate}
3585	3525	INTRON			{GlimmerHMM_glimmerT_3841-T1;GlimmerHMM},{HiQ_model.g3196.t1;HiQ},{GeneMark_model.4102_t;GeneMark},{ev_type:exonerate/ID=match.2566964.1723/Target=lcl|LCTV02000006_1_prot_PRQ74244_1_6229;exonerate},{ev_type:exonerate/ID=match.2566964.1721/Target=lcl|KQ954469_1_prot_KWU46025_1_1742;exonerate},{ev_type:exonerate/ID=match.2566964.3501/Target=lcl|PJQD01000093_1_prot_POY70959_1_6744;exonerate},{ev_type:exonerate/ID=match.2566964.3505/Target=lcl|NW_017264937_1_prot_XP_018269680_1_5083;exonerate},{ev_type:exonerate/ID=match.2566964.1722/Target=lcl|BJWK01000011_1_prot_GEM10594_1_4611;exonerate}
3708	3586	internal-	4	6	{GlimmerHMM_glimmerT_3841-T1;GlimmerHMM},{HiQ_model.g3196.t1;HiQ},{GeneMark_model.4102_t;GeneMark},{ev_type:exonerate/ID=match.2566964.1723/Target=lcl|LCTV02000006_1_prot_PRQ74244_1_6229;exonerate},{ev_type:exonerate/ID=match.2566964.1721/Target=lcl|KQ954469_1_prot_KWU46025_1_1742;exonerate},{ev_type:exonerate/ID=match.2566964.3501/Target=lcl|PJQD01000093_1_prot_POY70959_1_6744;exonerate},{ev_type:exonerate/ID=match.2566964.3505/Target=lcl|NW_017264937_1_prot_XP_018269680_1_5083;exonerate},{ev_type:exonerate/ID=match.2566964.1722/Target=lcl|BJWK01000011_1_prot_GEM10594_1_4611;exonerate}
3774	3709	INTRON			{GlimmerHMM_glimmerT_3841-T1;GlimmerHMM},{HiQ_model.g3196.t1;HiQ},{GeneMark_model.4102_t;GeneMark},{ev_type:exonerate/ID=match.2566964.1723/Target=lcl|LCTV02000006_1_prot_PRQ74244_1_6229;exonerate},{ev_type:exonerate/ID=match.2566964.1721/Target=lcl|KQ954469_1_prot_KWU46025_1_1742;exonerate},{ev_type:exonerate/ID=match.2566964.3501/Target=lcl|PJQD01000093_1_prot_POY70959_1_6744;exonerate},{ev_type:exonerate/ID=match.2566964.3505/Target=lcl|NW_017264937_1_prot_XP_018269680_1_5083;exonerate},{ev_type:exonerate/ID=match.2566964.1722/Target=lcl|BJWK01000011_1_prot_GEM10594_1_4611;exonerate}
3901	3775	internal-	6	6	{GlimmerHMM_glimmerT_3841-T1;GlimmerHMM},{HiQ_model.g3196.t1;HiQ},{GeneMark_model.4102_t;GeneMark},{ev_type:exonerate/ID=match.2566964.1723/Target=lcl|LCTV02000006_1_prot_PRQ74244_1_6229;exonerate},{ev_type:exonerate/ID=match.2566964.1721/Target=lcl|KQ954469_1_prot_KWU46025_1_1742;exonerate},{ev_type:exonerate/ID=match.2566964.3501/Target=lcl|PJQD01000093_1_prot_POY70959_1_6744;exonerate},{ev_type:exonerate/ID=match.2566964.3505/Target=lcl|NW_017264937_1_prot_XP_018269680_1_5083;exonerate},{ev_type:exonerate/ID=match.2566964.1722/Target=lcl|BJWK01000011_1_prot_GEM10594_1_4611;exonerate}
3986	3902	INTRON			{GlimmerHMM_glimmerT_3841-T1;GlimmerHMM},{HiQ_model.g3196.t1;HiQ},{GeneMark_model.4102_t;GeneMark},{ev_type:exonerate/ID=match.2566964.1723/Target=lcl|LCTV02000006_1_prot_PRQ74244_1_6229;exonerate},{ev_type:exonerate/ID=match.2566964.1721/Target=lcl|KQ954469_1_prot_KWU46025_1_1742;exonerate},{ev_type:exonerate/ID=match.2566964.3501/Target=lcl|PJQD01000093_1_prot_POY70959_1_6744;exonerate},{ev_type:exonerate/ID=match.2566964.3505/Target=lcl|NW_017264937_1_prot_XP_018269680_1_5083;exonerate},{ev_type:exonerate/ID=match.2566964.1722/Target=lcl|BJWK01000011_1_prot_GEM10594_1_4611;exonerate}
4009	3987	internal-	4	5	{GlimmerHMM_glimmerT_3841-T1;GlimmerHMM},{HiQ_model.g3196.t1;HiQ},{GeneMark_model.4102_t;GeneMark},{ev_type:exonerate/ID=match.2566964.1723/Target=lcl|LCTV02000006_1_prot_PRQ74244_1_6229;exonerate},{ev_type:exonerate/ID=match.2566964.1721/Target=lcl|KQ954469_1_prot_KWU46025_1_1742;exonerate},{ev_type:exonerate/ID=match.2566964.3501/Target=lcl|PJQD01000093_1_prot_POY70959_1_6744;exonerate},{ev_type:exonerate/ID=match.2566964.3505/Target=lcl|NW_017264937_1_prot_XP_018269680_1_5083;exonerate},{ev_type:exonerate/ID=match.2566964.1722/Target=lcl|BJWK01000011_1_prot_GEM10594_1_4611;exonerate}
4357	4010	INTRON			{GlimmerHMM_glimmerT_3841-T1;GlimmerHMM},{HiQ_model.g3196.t1;HiQ},{GeneMark_model.4102_t;GeneMark},{ev_type:exonerate/ID=match.2566964.1723/Target=lcl|LCTV02000006_1_prot_PRQ74244_1_6229;exonerate},{ev_type:exonerate/ID=match.2566964.1721/Target=lcl|KQ954469_1_prot_KWU46025_1_1742;exonerate},{ev_type:exonerate/ID=match.2566964.3501/Target=lcl|PJQD01000093_1_prot_POY70959_1_6744;exonerate},{ev_type:exonerate/ID=match.2566964.3505/Target=lcl|NW_017264937_1_prot_XP_018269680_1_5083;exonerate},{ev_type:exonerate/ID=match.2566964.1722/Target=lcl|BJWK01000011_1_prot_GEM10594_1_4611;exonerate}
4504	4358	initial-	4	6	{GlimmerHMM_glimmerT_3841-T1;GlimmerHMM},{HiQ_model.g3196.t1;HiQ},{GeneMark_model.4102_t;GeneMark}

# EVM prediction: Mode:STANDARD S-ratio: 7.83 7630-8667 orient(+) score(6092.00) noncoding_equivalent(777.64) raw_noncoding(899.89) offset(122.25) 
7630	7831	initial+	1	1	{GeneMark_model.4104_t;GeneMark},{Augustus_model.g3198.t1;Augustus},{GlimmerHMM_glimmerT_3842-T1;GlimmerHMM}
7832	7912	INTRON			{GeneMark_model.4104_t;GeneMark},{Augustus_model.g3198.t1;Augustus},{GlimmerHMM_glimmerT_3842-T1;GlimmerHMM}
7913	8493	internal+	2	3	{GeneMark_model.4104_t;GeneMark},{Augustus_model.g3198.t1;Augustus},{GlimmerHMM_glimmerT_3842-T1;GlimmerHMM}
8494	8577	INTRON			{GeneMark_model.4104_t;GeneMark},{Augustus_model.g3198.t1;Augustus},{GlimmerHMM_glimmerT_3842-T1;GlimmerHMM},{ev_type:exonerate/ID=match.2566964.3566/Target=lcl|PJQD01000093_1_prot_POY70957_1_6742;exonerate},{ev_type:exonerate/ID=match.2566964.3588/Target=lcl|NW_017264937_1_prot_XP_018269682_1_5085;exonerate},{ev_type:exonerate/ID=match.2566964.3584/Target=lcl|KQ954469_1_prot_KWU46027_1_1744;exonerate}
8578	8667	terminal+	1	3	{GeneMark_model.4104_t;GeneMark},{Augustus_model.g3198.t1;Augustus},{GlimmerHMM_glimmerT_3842-T1;GlimmerHMM}

# EVM prediction: Mode:STANDARD S-ratio: 6.22 8897-12050 orient(+) score(19552.00) noncoding_equivalent(3141.66) raw_noncoding(3925.57) offset(783.90) 
8897	9236	initial+	1	1	{GlimmerHMM_glimmerT_3843-T1;GlimmerHMM},{Augustus_model.g3199.t1;Augustus}
9237	9309	INTRON			{GlimmerHMM_glimmerT_3843-T1;GlimmerHMM},{GeneMark_model.4105_t;GeneMark},{Augustus_model.g3199.t1;Augustus},{ev_type:exonerate/ID=match.2566964.1161/Target=lcl|PJQD01000093_1_prot_POY70956_1_6741;exonerate},{ev_type:exonerate/ID=match.2566964.1158/Target=lcl|KQ954469_1_prot_KWU46028_1_1745;exonerate},{ev_type:exonerate/ID=match.2566964.1165/Target=lcl|NW_017264937_1_prot_XP_018269683_1_5086;exonerate}
9310	9434	internal+	2	3	{GeneMark_model.4105_t;GeneMark},{Augustus_model.g3199.t1;Augustus},{ev_type:exonerate/ID=match.2566964.1161/Target=lcl|PJQD01000093_1_prot_POY70956_1_6741;exonerate},{ev_type:exonerate/ID=match.2566964.1158/Target=lcl|KQ954469_1_prot_KWU46028_1_1745;exonerate},{ev_type:exonerate/ID=match.2566964.1165/Target=lcl|NW_017264937_1_prot_XP_018269683_1_5086;exonerate}
9435	9555	INTRON			{GeneMark_model.4105_t;GeneMark},{Augustus_model.g3199.t1;Augustus},{ev_type:exonerate/ID=match.2566964.1161/Target=lcl|PJQD01000093_1_prot_POY70956_1_6741;exonerate},{ev_type:exonerate/ID=match.2566964.1158/Target=lcl|KQ954469_1_prot_KWU46028_1_1745;exonerate},{ev_type:exonerate/ID=match.2566964.1165/Target=lcl|NW_017264937_1_prot_XP_018269683_1_5086;exonerate}
9556	9670	internal+	1	1	{GeneMark_model.4105_t;GeneMark},{Augustus_model.g3199.t1;Augustus},{ev_type:exonerate/ID=match.2566964.1161/Target=lcl|PJQD01000093_1_prot_POY70956_1_6741;exonerate},{ev_type:exonerate/ID=match.2566964.1158/Target=lcl|KQ954469_1_prot_KWU46028_1_1745;exonerate},{ev_type:exonerate/ID=match.2566964.1165/Target=lcl|NW_017264937_1_prot_XP_018269683_1_5086;exonerate}
9671	9735	INTRON			{GlimmerHMM_glimmerT_3843-T1;GlimmerHMM},{GeneMark_model.4105_t;GeneMark},{Augustus_model.g3199.t1;Augustus},{ev_type:exonerate/ID=match.2566964.1161/Target=lcl|PJQD01000093_1_prot_POY70956_1_6741;exonerate},{ev_type:exonerate/ID=match.2566964.1158/Target=lcl|KQ954469_1_prot_KWU46028_1_1745;exonerate},{ev_type:exonerate/ID=match.2566964.1165/Target=lcl|NW_017264937_1_prot_XP_018269683_1_5086;exonerate}
9736	10459	internal+	2	2	{GlimmerHMM_glimmerT_3843-T1;GlimmerHMM},{GeneMark_model.4105_t;GeneMark},{Augustus_model.g3199.t1;Augustus},{ev_type:exonerate/ID=match.2566964.1161/Target=lcl|PJQD01000093_1_prot_POY70956_1_6741;exonerate},{ev_type:exonerate/ID=match.2566964.1158/Target=lcl|KQ954469_1_prot_KWU46028_1_1745;exonerate},{ev_type:exonerate/ID=match.2566964.1165/Target=lcl|NW_017264937_1_prot_XP_018269683_1_5086;exonerate}
10460	10540	INTRON			{GlimmerHMM_glimmerT_3843-T1;GlimmerHMM},{Augustus_model.g3199.t1;Augustus},{ev_type:exonerate/ID=match.2566964.1161/Target=lcl|PJQD01000093_1_prot_POY70956_1_6741;exonerate},{ev_type:exonerate/ID=match.2566964.1158/Target=lcl|KQ954469_1_prot_KWU46028_1_1745;exonerate},{ev_type:exonerate/ID=match.2566964.1165/Target=lcl|NW_017264937_1_prot_XP_018269683_1_5086;exonerate}
10541	10680	internal+	3	1	{Augustus_model.g3199.t1;Augustus},{ev_type:exonerate/ID=match.2566964.1161/Target=lcl|PJQD01000093_1_prot_POY70956_1_6741;exonerate},{ev_type:exonerate/ID=match.2566964.1158/Target=lcl|KQ954469_1_prot_KWU46028_1_1745;exonerate},{ev_type:exonerate/ID=match.2566964.1165/Target=lcl|NW_017264937_1_prot_XP_018269683_1_5086;exonerate}
10681	10759	INTRON			{GeneMark_model.4105_t;GeneMark},{Augustus_model.g3199.t1;Augustus},{ev_type:exonerate/ID=match.2566964.1161/Target=lcl|PJQD01000093_1_prot_POY70956_1_6741;exonerate},{ev_type:exonerate/ID=match.2566964.1158/Target=lcl|KQ954469_1_prot_KWU46028_1_1745;exonerate},{ev_type:exonerate/ID=match.2566964.1165/Target=lcl|NW_017264937_1_prot_XP_018269683_1_5086;exonerate}
10760	10857	internal+	2	3	{GlimmerHMM_glimmerT_3843-T1;GlimmerHMM},{GeneMark_model.4105_t;GeneMark},{Augustus_model.g3199.t1;Augustus},{ev_type:exonerate/ID=match.2566964.1161/Target=lcl|PJQD01000093_1_prot_POY70956_1_6741;exonerate},{ev_type:exonerate/ID=match.2566964.1158/Target=lcl|KQ954469_1_prot_KWU46028_1_1745;exonerate},{ev_type:exonerate/ID=match.2566964.1165/Target=lcl|NW_017264937_1_prot_XP_018269683_1_5086;exonerate}
10858	10928	INTRON			{GlimmerHMM_glimmerT_3843-T1;GlimmerHMM},{GeneMark_model.4105_t;GeneMark},{Augustus_model.g3199.t1;Augustus},{ev_type:exonerate/ID=match.2566964.1161/Target=lcl|PJQD01000093_1_prot_POY70956_1_6741;exonerate},{ev_type:exonerate/ID=match.2566964.1158/Target=lcl|KQ954469_1_prot_KWU46028_1_1745;exonerate},{ev_type:exonerate/ID=match.2566964.1165/Target=lcl|NW_017264937_1_prot_XP_018269683_1_5086;exonerate}
10929	11308	internal+	1	2	{GlimmerHMM_glimmerT_3843-T1;GlimmerHMM},{GeneMark_model.4105_t;GeneMark},{Augustus_model.g3199.t1;Augustus},{ev_type:exonerate/ID=match.2566964.1161/Target=lcl|PJQD01000093_1_prot_POY70956_1_6741;exonerate},{ev_type:exonerate/ID=match.2566964.1158/Target=lcl|KQ954469_1_prot_KWU46028_1_1745;exonerate},{ev_type:exonerate/ID=match.2566964.1165/Target=lcl|NW_017264937_1_prot_XP_018269683_1_5086;exonerate}
11309	11376	INTRON			{GlimmerHMM_glimmerT_3843-T1;GlimmerHMM},{GeneMark_model.4105_t;GeneMark},{Augustus_model.g3199.t1;Augustus},{ev_type:exonerate/ID=match.2566964.1161/Target=lcl|PJQD01000093_1_prot_POY70956_1_6741;exonerate},{ev_type:exonerate/ID=match.2566964.1158/Target=lcl|KQ954469_1_prot_KWU46028_1_1745;exonerate},{ev_type:exonerate/ID=match.2566964.1165/Target=lcl|NW_017264937_1_prot_XP_018269683_1_5086;exonerate}
11377	11521	internal+	3	3	{GlimmerHMM_glimmerT_3843-T1;GlimmerHMM},{GeneMark_model.4105_t;GeneMark},{Augustus_model.g3199.t1;Augustus},{ev_type:exonerate/ID=match.2566964.1161/Target=lcl|PJQD01000093_1_prot_POY70956_1_6741;exonerate},{ev_type:exonerate/ID=match.2566964.1158/Target=lcl|KQ954469_1_prot_KWU46028_1_1745;exonerate},{ev_type:exonerate/ID=match.2566964.1165/Target=lcl|NW_017264937_1_prot_XP_018269683_1_5086;exonerate}
11522	11584	INTRON			{GlimmerHMM_glimmerT_3843-T1;GlimmerHMM},{GeneMark_model.4105_t;GeneMark},{Augustus_model.g3199.t1;Augustus},{ev_type:exonerate/ID=match.2566964.1161/Target=lcl|PJQD01000093_1_prot_POY70956_1_6741;exonerate},{ev_type:exonerate/ID=match.2566964.1158/Target=lcl|KQ954469_1_prot_KWU46028_1_1745;exonerate},{ev_type:exonerate/ID=match.2566964.1165/Target=lcl|NW_017264937_1_prot_XP_018269683_1_5086;exonerate}
11585	11661	internal+	1	2	{GlimmerHMM_glimmerT_3843-T1;GlimmerHMM},{GeneMark_model.4105_t;GeneMark},{Augustus_model.g3199.t1;Augustus},{ev_type:exonerate/ID=match.2566964.1161/Target=lcl|PJQD01000093_1_prot_POY70956_1_6741;exonerate},{ev_type:exonerate/ID=match.2566964.1158/Target=lcl|KQ954469_1_prot_KWU46028_1_1745;exonerate},{ev_type:exonerate/ID=match.2566964.1165/Target=lcl|NW_017264937_1_prot_XP_018269683_1_5086;exonerate}
11662	11728	INTRON			{GlimmerHMM_glimmerT_3843-T1;GlimmerHMM},{GeneMark_model.4105_t;GeneMark},{Augustus_model.g3199.t1;Augustus},{ev_type:exonerate/ID=match.2566964.1161/Target=lcl|PJQD01000093_1_prot_POY70956_1_6741;exonerate},{ev_type:exonerate/ID=match.2566964.1158/Target=lcl|KQ954469_1_prot_KWU46028_1_1745;exonerate},{ev_type:exonerate/ID=match.2566964.1165/Target=lcl|NW_017264937_1_prot_XP_018269683_1_5086;exonerate}
11729	12050	terminal+	3	3	{GlimmerHMM_glimmerT_3843-T1;GlimmerHMM}

# EVM prediction: Mode:STANDARD S-ratio: 2.17 12612-14475 orient(+) score(6064.00) noncoding_equivalent(2795.41) raw_noncoding(3478.00) offset(682.59) 
12612	12621	initial+	1	1	{GlimmerHMM_glimmerT_3844-T1;GlimmerHMM}
12622	12728	INTRON			{GeneMark_model.4105_t;GeneMark},{Augustus_model.g3199.t1;Augustus},{GlimmerHMM_glimmerT_3844-T1;GlimmerHMM}
12729	12860	internal+	2	1	{GeneMark_model.4105_t;GeneMark},{Augustus_model.g3199.t1;Augustus},{GlimmerHMM_glimmerT_3844-T1;GlimmerHMM}
12861	12922	INTRON			{GeneMark_model.4105_t;GeneMark},{Augustus_model.g3199.t1;Augustus},{GlimmerHMM_glimmerT_3844-T1;GlimmerHMM}
12923	13004	internal+	2	2	{GeneMark_model.4105_t;GeneMark},{Augustus_model.g3199.t1;Augustus},{GlimmerHMM_glimmerT_3844-T1;GlimmerHMM}
13005	13064	INTRON			{GeneMark_model.4105_t;GeneMark},{Augustus_model.g3199.t1;Augustus},{GlimmerHMM_glimmerT_3844-T1;GlimmerHMM}
13065	13202	internal+	3	2	{GeneMark_model.4105_t;GeneMark},{Augustus_model.g3199.t1;Augustus},{GlimmerHMM_glimmerT_3844-T1;GlimmerHMM}
13203	13261	INTRON			{GeneMark_model.4105_t;GeneMark},{Augustus_model.g3199.t1;Augustus},{GlimmerHMM_glimmerT_3844-T1;GlimmerHMM}
13262	13481	internal+	3	3	{GeneMark_model.4105_t;GeneMark},{Augustus_model.g3199.t1;Augustus},{GlimmerHMM_glimmerT_3844-T1;GlimmerHMM}
13482	13546	INTRON			{GeneMark_model.4105_t;GeneMark},{Augustus_model.g3199.t1;Augustus},{GlimmerHMM_glimmerT_3844-T1;GlimmerHMM}
13547	13726	internal+	1	3	{GeneMark_model.4105_t;GeneMark},{Augustus_model.g3199.t1;Augustus},{GlimmerHMM_glimmerT_3844-T1;GlimmerHMM}
13727	14020	INTRON			{GeneMark_model.4105_t;GeneMark},{Augustus_model.g3199.t1;Augustus},{GlimmerHMM_glimmerT_3844-T1;GlimmerHMM}
14021	14162	internal+	1	1	{GeneMark_model.4105_t;GeneMark},{Augustus_model.g3199.t1;Augustus},{GlimmerHMM_glimmerT_3844-T1;GlimmerHMM}
14163	14233	INTRON			{GeneMark_model.4105_t;GeneMark},{Augustus_model.g3199.t1;Augustus},{GlimmerHMM_glimmerT_3844-T1;GlimmerHMM}
14234	14475	terminal+	2	3	{snap_scaffold_9-snap.183-T1;snap},{GeneMark_model.4105_t;GeneMark},{Augustus_model.g3199.t1;Augustus},{GlimmerHMM_glimmerT_3844-T1;GlimmerHMM}

# EVM prediction: Mode:STANDARD S-ratio: 7.30 14890-16908 orient(+) score(11125.00) noncoding_equivalent(1524.27) raw_noncoding(1605.40) offset(81.13) 
14890	15399	initial+	1	3	{Augustus_model.g3200.t1;Augustus},{GeneMark_model.4106_t;GeneMark},{GlimmerHMM_glimmerT_3845-T1;GlimmerHMM}
15400	15462	INTRON			{Augustus_model.g3200.t1;Augustus},{GeneMark_model.4106_t;GeneMark},{GlimmerHMM_glimmerT_3845-T1;GlimmerHMM},{ev_type:exonerate/ID=match.2566964.3516/Target=lcl|KQ954469_1_prot_KWU46030_1_1747;exonerate},{ev_type:exonerate/ID=match.2566964.3515/Target=lcl|PJQD01000049_1_prot_POY72396_1_4619;exonerate}
15463	15552	internal+	1	3	{Augustus_model.g3200.t1;Augustus},{GeneMark_model.4106_t;GeneMark},{GlimmerHMM_glimmerT_3845-T1;GlimmerHMM},{ev_type:exonerate/ID=match.2566964.3516/Target=lcl|KQ954469_1_prot_KWU46030_1_1747;exonerate},{ev_type:exonerate/ID=match.2566964.3515/Target=lcl|PJQD01000049_1_prot_POY72396_1_4619;exonerate}
15553	15634	INTRON			{Augustus_model.g3200.t1;Augustus},{GeneMark_model.4106_t;GeneMark},{snap_scaffold_9-snap.184-T1;snap},{GlimmerHMM_glimmerT_3845-T1;GlimmerHMM},{ev_type:exonerate/ID=match.2566964.3516/Target=lcl|KQ954469_1_prot_KWU46030_1_1747;exonerate},{ev_type:exonerate/ID=match.2566964.3515/Target=lcl|PJQD01000049_1_prot_POY72396_1_4619;exonerate}
15635	16586	internal+	1	1	{Augustus_model.g3200.t1;Augustus},{GeneMark_model.4106_t;GeneMark},{GlimmerHMM_glimmerT_3845-T1;GlimmerHMM},{ev_type:exonerate/ID=match.2566964.3516/Target=lcl|KQ954469_1_prot_KWU46030_1_1747;exonerate},{ev_type:exonerate/ID=match.2566964.3515/Target=lcl|PJQD01000049_1_prot_POY72396_1_4619;exonerate}
16587	16651	INTRON			{Augustus_model.g3200.t1;Augustus},{GeneMark_model.4106_t;GeneMark},{GlimmerHMM_glimmerT_3845-T1;GlimmerHMM},{ev_type:exonerate/ID=match.2566964.3516/Target=lcl|KQ954469_1_prot_KWU46030_1_1747;exonerate},{ev_type:exonerate/ID=match.2566964.3515/Target=lcl|PJQD01000049_1_prot_POY72396_1_4619;exonerate}
16652	16908	terminal+	2	3	{Augustus_model.g3200.t1;Augustus},{GeneMark_model.4106_t;GeneMark},{GlimmerHMM_glimmerT_3845-T1;GlimmerHMM}

# EVM prediction: Mode:STANDARD S-ratio: 4.48 17221-18767 orient(+) score(5256.00) noncoding_equivalent(1173.31) raw_noncoding(1307.00) offset(133.69) 
17221	17343	initial+	1	3	{GeneMark_model.4107_t;GeneMark},{GlimmerHMM_glimmerT_3846-T1;GlimmerHMM},{Augustus_model.g3201.t1;Augustus}
17344	17407	INTRON			{GeneMark_model.4107_t;GeneMark},{GlimmerHMM_glimmerT_3846-T1;GlimmerHMM},{Augustus_model.g3201.t1;Augustus}
17408	18107	internal+	1	1	{GeneMark_model.4107_t;GeneMark},{GlimmerHMM_glimmerT_3846-T1;GlimmerHMM},{Augustus_model.g3201.t1;Augustus}
18108	18168	INTRON			{GeneMark_model.4107_t;GeneMark},{GlimmerHMM_glimmerT_3846-T1;GlimmerHMM},{Augustus_model.g3201.t1;Augustus}
18169	18767	terminal+	2	3	{snap_scaffold_9-snap.185-T1;snap},{GeneMark_model.4107_t;GeneMark},{GlimmerHMM_glimmerT_3846-T1;GlimmerHMM},{Augustus_model.g3201.t1;Augustus}

# EVM prediction: Mode:STANDARD S-ratio: 1.81 19453-23003 orient(+) score(9447.00) noncoding_equivalent(5205.68) raw_noncoding(5887.04) offset(681.36) 
19453	20080	initial+	1	1	{GlimmerHMM_glimmerT_3847-T1;GlimmerHMM},{GeneMark_model.4108_t;GeneMark},{Augustus_model.g3202.t1;Augustus}
20081	20140	INTRON			{GlimmerHMM_glimmerT_3847-T1;GlimmerHMM},{GeneMark_model.4108_t;GeneMark},{Augustus_model.g3202.t1;Augustus}
20141	20923	internal+	2	1	{GeneMark_model.4108_t;GeneMark}
20924	21009	INTRON			{GeneMark_model.4108_t;GeneMark}
21010	21334	internal+	2	2	{GeneMark_model.4108_t;GeneMark},{Augustus_model.g3202.t1;Augustus}
21335	21398	INTRON			{GeneMark_model.4108_t;GeneMark},{Augustus_model.g3202.t1;Augustus}
21399	21801	internal+	3	3	{GlimmerHMM_glimmerT_3847-T1;GlimmerHMM},{GeneMark_model.4108_t;GeneMark},{Augustus_model.g3202.t1;Augustus}
21802	21864	INTRON			{GlimmerHMM_glimmerT_3847-T1;GlimmerHMM},{GeneMark_model.4108_t;GeneMark},{Augustus_model.g3202.t1;Augustus}
21865	21979	internal+	1	1	{GlimmerHMM_glimmerT_3847-T1;GlimmerHMM},{GeneMark_model.4108_t;GeneMark},{Augustus_model.g3202.t1;Augustus}
21980	22047	INTRON			{GlimmerHMM_glimmerT_3847-T1;GlimmerHMM},{GeneMark_model.4108_t;GeneMark},{Augustus_model.g3202.t1;Augustus}
22048	22218	internal+	2	1	{GlimmerHMM_glimmerT_3847-T1;GlimmerHMM},{GeneMark_model.4108_t;GeneMark},{Augustus_model.g3202.t1;Augustus}
22219	22277	INTRON			{GlimmerHMM_glimmerT_3847-T1;GlimmerHMM},{GeneMark_model.4108_t;GeneMark},{Augustus_model.g3202.t1;Augustus}
22278	22474	internal+	2	3	{GlimmerHMM_glimmerT_3847-T1;GlimmerHMM},{GeneMark_model.4108_t;GeneMark},{Augustus_model.g3202.t1;Augustus}
22475	22547	INTRON			{GlimmerHMM_glimmerT_3847-T1;GlimmerHMM},{GeneMark_model.4108_t;GeneMark},{Augustus_model.g3202.t1;Augustus}
22548	23003	terminal+	1	3	{GlimmerHMM_glimmerT_3847-T1;GlimmerHMM},{GeneMark_model.4108_t;GeneMark}

# EVM prediction: Mode:STANDARD S-ratio: 14.11 23301-25091 orient(+) score(6686.00) noncoding_equivalent(474.00) raw_noncoding(631.00) offset(157.00) 
23301	23526	initial+	1	1	{GlimmerHMM_glimmerT_3848-T1;GlimmerHMM},{GeneMark_model.4109_t;GeneMark}
23527	23625	INTRON			{GlimmerHMM_glimmerT_3848-T1;GlimmerHMM},{Augustus_model.g3202.t1;Augustus}
23626	25091	terminal+	2	3	{GlimmerHMM_glimmerT_3848-T1;GlimmerHMM},{snap_scaffold_9-snap.187-T1;snap}

# EVM prediction: Mode:STANDARD S-ratio: 3.24 25832-26534 orient(+) score(2238.00) noncoding_equivalent(690.69) raw_noncoding(997.39) offset(306.70) 
25832	25885	initial+	1	3	{GeneMark_model.4110_t;GeneMark},{Augustus_model.g3203.t1;Augustus},{GlimmerHMM_glimmerT_3849-T1;GlimmerHMM}
25886	25950	INTRON			{GeneMark_model.4110_t;GeneMark},{Augustus_model.g3203.t1;Augustus}
25951	25965	internal+	1	3	{GeneMark_model.4110_t;GeneMark},{Augustus_model.g3203.t1;Augustus}
25966	26027	INTRON			{GeneMark_model.4110_t;GeneMark},{Augustus_model.g3203.t1;Augustus}
26028	26290	internal+	1	2	{GeneMark_model.4110_t;GeneMark},{Augustus_model.g3203.t1;Augustus},{GlimmerHMM_glimmerT_3849-T1;GlimmerHMM}
26291	26353	INTRON			{GeneMark_model.4110_t;GeneMark},{Augustus_model.g3203.t1;Augustus},{GlimmerHMM_glimmerT_3849-T1;GlimmerHMM}
26354	26534	terminal+	3	3	{GeneMark_model.4110_t;GeneMark},{Augustus_model.g3203.t1;Augustus},{GlimmerHMM_glimmerT_3849-T1;GlimmerHMM}

# EVM prediction: Mode:STANDARD S-ratio: 198.90 27067-27477 orient(+) score(1636.00) noncoding_equivalent(8.23) raw_noncoding(8.23) offset(0.00) 
27067	27477	single+	1	3	{GlimmerHMM_glimmerT_3850-T1;GlimmerHMM}

# EVM prediction: Mode:STANDARD S-ratio: 2.93 27560-29042 orient(+) score(4716.00) noncoding_equivalent(1612.01) raw_noncoding(2108.01) offset(496.00) 
27560	28247	initial+	1	1	{GlimmerHMM_glimmerT_3851-T1;GlimmerHMM}
28248	28310	INTRON			{GlimmerHMM_glimmerT_3851-T1;GlimmerHMM},{Augustus_model.g3204.t1;Augustus},{GeneMark_model.4111_t;GeneMark}
28311	28381	internal+	2	3	{GlimmerHMM_glimmerT_3851-T1;GlimmerHMM},{Augustus_model.g3204.t1;Augustus},{GeneMark_model.4111_t;GeneMark}
28382	28576	INTRON			{GlimmerHMM_glimmerT_3851-T1;GlimmerHMM},{Augustus_model.g3204.t1;Augustus}
28577	28749	internal+	1	2	{GlimmerHMM_glimmerT_3851-T1;GlimmerHMM},{Augustus_model.g3204.t1;Augustus},{GeneMark_model.4111_t;GeneMark}
28750	28827	INTRON			{GlimmerHMM_glimmerT_3851-T1;GlimmerHMM},{Augustus_model.g3204.t1;Augustus},{GeneMark_model.4111_t;GeneMark}
28828	28954	internal+	3	3	{GlimmerHMM_glimmerT_3851-T1;GlimmerHMM},{Augustus_model.g3204.t1;Augustus},{GeneMark_model.4111_t;GeneMark}
28955	29018	INTRON			{GlimmerHMM_glimmerT_3851-T1;GlimmerHMM},{Augustus_model.g3204.t1;Augustus},{GeneMark_model.4111_t;GeneMark}
29019	29042	terminal+	1	3	{GlimmerHMM_glimmerT_3851-T1;GlimmerHMM},{GeneMark_model.4111_t;GeneMark}

# EVM prediction: Mode:STANDARD S-ratio: 4.45 30034-31544 orient(+) score(5567.00) noncoding_equivalent(1250.28) raw_noncoding(1403.00) offset(152.72) 
30034	30421	initial+	1	1	{GeneMark_model.4112_t;GeneMark},{GlimmerHMM_glimmerT_3852-T1;GlimmerHMM}
30422	30493	INTRON			{Augustus_model.g3204.t1;Augustus},{GeneMark_model.4112_t;GeneMark},{GlimmerHMM_glimmerT_3852-T1;GlimmerHMM}
30494	30714	internal+	2	3	{Augustus_model.g3204.t1;Augustus},{GeneMark_model.4112_t;GeneMark},{GlimmerHMM_glimmerT_3852-T1;GlimmerHMM}
30715	30783	INTRON			{Augustus_model.g3204.t1;Augustus},{GeneMark_model.4112_t;GeneMark},{GlimmerHMM_glimmerT_3852-T1;GlimmerHMM}
30784	30863	internal+	1	2	{Augustus_model.g3204.t1;Augustus},{GeneMark_model.4112_t;GeneMark},{GlimmerHMM_glimmerT_3852-T1;GlimmerHMM}
30864	30930	INTRON			{Augustus_model.g3204.t1;Augustus},{GeneMark_model.4112_t;GeneMark},{GlimmerHMM_glimmerT_3852-T1;GlimmerHMM}
30931	31070	internal+	3	1	{Augustus_model.g3204.t1;Augustus},{GeneMark_model.4112_t;GeneMark},{GlimmerHMM_glimmerT_3852-T1;GlimmerHMM}
31071	31131	INTRON			{Augustus_model.g3204.t1;Augustus},{GeneMark_model.4112_t;GeneMark},{GlimmerHMM_glimmerT_3852-T1;GlimmerHMM}
31132	31212	internal+	2	1	{Augustus_model.g3204.t1;Augustus},{GeneMark_model.4112_t;GeneMark},{GlimmerHMM_glimmerT_3852-T1;GlimmerHMM}
31213	31278	INTRON			{Augustus_model.g3204.t1;Augustus},{GeneMark_model.4112_t;GeneMark},{GlimmerHMM_glimmerT_3852-T1;GlimmerHMM},{snap_scaffold_9-snap.192-T1;snap}
31279	31544	terminal+	2	3	{Augustus_model.g3204.t1;Augustus},{GeneMark_model.4112_t;GeneMark},{GlimmerHMM_glimmerT_3852-T1;GlimmerHMM},{snap_scaffold_9-snap.192-T1;snap}

# EVM prediction: Mode:STANDARD S-ratio: 1.94 32415-34744 orient(-) score(7677.00) noncoding_equivalent(3965.50) raw_noncoding(5223.29) offset(1257.79) 
32506	32415	terminal-	5	6	{GlimmerHMM_glimmerT_3853-T1;GlimmerHMM},{Augustus_model.g3205.t1;Augustus},{GeneMark_model.4113_t;GeneMark}
32595	32507	INTRON			{GlimmerHMM_glimmerT_3853-T1;GlimmerHMM},{Augustus_model.g3205.t1;Augustus},{GeneMark_model.4113_t;GeneMark},{ev_type:exonerate/ID=match.2566964.2699/Target=lcl|PJQD01000049_1_prot_POY72403_1_4626;exonerate}
32671	32596	internal-	4	4	{GlimmerHMM_glimmerT_3853-T1;GlimmerHMM},{Augustus_model.g3205.t1;Augustus},{GeneMark_model.4113_t;GeneMark},{ev_type:exonerate/ID=match.2566964.2699/Target=lcl|PJQD01000049_1_prot_POY72403_1_4626;exonerate}
32744	32672	INTRON			{GlimmerHMM_glimmerT_3853-T1;GlimmerHMM},{Augustus_model.g3205.t1;Augustus},{GeneMark_model.4113_t;GeneMark},{ev_type:exonerate/ID=match.2566964.2699/Target=lcl|PJQD01000049_1_prot_POY72403_1_4626;exonerate}
32806	32745	internal-	5	6	{GlimmerHMM_glimmerT_3853-T1;GlimmerHMM},{Augustus_model.g3205.t1;Augustus},{GeneMark_model.4113_t;GeneMark},{ev_type:exonerate/ID=match.2566964.2699/Target=lcl|PJQD01000049_1_prot_POY72403_1_4626;exonerate}
32870	32807	INTRON			{GlimmerHMM_glimmerT_3853-T1;GlimmerHMM},{Augustus_model.g3205.t1;Augustus},{GeneMark_model.4113_t;GeneMark},{ev_type:exonerate/ID=match.2566964.2699/Target=lcl|PJQD01000049_1_prot_POY72403_1_4626;exonerate}
33023	32871	internal-	5	4	{GlimmerHMM_glimmerT_3853-T1;GlimmerHMM},{Augustus_model.g3205.t1;Augustus},{GeneMark_model.4113_t;GeneMark},{ev_type:exonerate/ID=match.2566964.2699/Target=lcl|PJQD01000049_1_prot_POY72403_1_4626;exonerate}
33117	33024	INTRON			{GlimmerHMM_glimmerT_3853-T1;GlimmerHMM},{Augustus_model.g3205.t1;Augustus},{GeneMark_model.4113_t;GeneMark},{ev_type:exonerate/ID=match.2566964.2699/Target=lcl|PJQD01000049_1_prot_POY72403_1_4626;exonerate}
33374	33118	internal-	6	4	{GlimmerHMM_glimmerT_3853-T1;GlimmerHMM},{Augustus_model.g3205.t1;Augustus},{GeneMark_model.4113_t;GeneMark}
33439	33375	INTRON			{Augustus_model.g3205.t1;Augustus},{GeneMark_model.4113_t;GeneMark}
33515	33440	internal-	5	5	{Augustus_model.g3205.t1;Augustus},{GeneMark_model.4113_t;GeneMark}
33586	33516	INTRON			{Augustus_model.g3205.t1;Augustus},{GeneMark_model.4113_t;GeneMark}
33677	33587	internal-	4	4	{Augustus_model.g3205.t1;Augustus},{GeneMark_model.4113_t;GeneMark}
33739	33678	INTRON			{Augustus_model.g3205.t1;Augustus},{GeneMark_model.4113_t;GeneMark}
33784	33740	internal-	4	6	{Augustus_model.g3205.t1;Augustus},{GeneMark_model.4113_t;GeneMark}
33858	33785	INTRON			{Augustus_model.g3205.t1;Augustus},{GeneMark_model.4113_t;GeneMark}
34034	33859	internal-	5	6	{GlimmerHMM_glimmerT_3853-T1;GlimmerHMM},{Augustus_model.g3205.t1;Augustus},{GeneMark_model.4113_t;GeneMark}
34099	34035	INTRON			{GlimmerHMM_glimmerT_3853-T1;GlimmerHMM},{Augustus_model.g3205.t1;Augustus},{GeneMark_model.4113_t;GeneMark}
34190	34100	internal-	4	4	{GlimmerHMM_glimmerT_3853-T1;GlimmerHMM},{Augustus_model.g3205.t1;Augustus},{GeneMark_model.4113_t;GeneMark}
34504	34191	INTRON			{GlimmerHMM_glimmerT_3853-T1;GlimmerHMM},{Augustus_model.g3205.t1;Augustus},{GeneMark_model.4113_t;GeneMark}
34744	34505	initial-	4	6	{Augustus_model.g3205.t1;Augustus},{GeneMark_model.4113_t;GeneMark}

# EVM prediction: Mode:STANDARD S-ratio: 1.74 35372-36517 orient(-) score(3659.00) noncoding_equivalent(2099.08) raw_noncoding(2790.20) offset(691.12) 
35383	35372	terminal-	4	6	{GeneMark_model.4114_t;GeneMark},{Augustus_model.g3206.t1;Augustus}
35455	35384	INTRON			{GeneMark_model.4114_t;GeneMark},{Augustus_model.g3206.t1;Augustus}
35568	35456	internal-	5	6	{GlimmerHMM_glimmerT_3853-T1;GlimmerHMM},{GeneMark_model.4114_t;GeneMark},{Augustus_model.g3206.t1;Augustus}
35668	35569	INTRON			{GlimmerHMM_glimmerT_3853-T1;GlimmerHMM},{GeneMark_model.4114_t;GeneMark},{Augustus_model.g3206.t1;Augustus}
35706	35669	internal-	6	4	{GlimmerHMM_glimmerT_3853-T1;GlimmerHMM},{GeneMark_model.4114_t;GeneMark},{Augustus_model.g3206.t1;Augustus}
35774	35707	INTRON			{GlimmerHMM_glimmerT_3853-T1;GlimmerHMM},{GeneMark_model.4114_t;GeneMark},{Augustus_model.g3206.t1;Augustus}
35920	35775	internal-	4	5	{GlimmerHMM_glimmerT_3853-T1;GlimmerHMM},{GeneMark_model.4114_t;GeneMark},{Augustus_model.g3206.t1;Augustus}
35986	35921	INTRON			{GlimmerHMM_glimmerT_3853-T1;GlimmerHMM},{GeneMark_model.4114_t;GeneMark},{Augustus_model.g3206.t1;Augustus}
36139	35987	internal-	4	6	{GlimmerHMM_glimmerT_3853-T1;GlimmerHMM},{GeneMark_model.4114_t;GeneMark},{Augustus_model.g3206.t1;Augustus}
36502	36140	INTRON			{GlimmerHMM_glimmerT_3853-T1;GlimmerHMM},{GeneMark_model.4114_t;GeneMark},{Augustus_model.g3206.t1;Augustus}
36517	36503	initial-	4	6	{GlimmerHMM_glimmerT_3853-T1;GlimmerHMM},{GeneMark_model.4114_t;GeneMark},{Augustus_model.g3206.t1;Augustus}

# EVM prediction: Mode:STANDARD S-ratio: 8.73 38679-40439 orient(-) score(6319.00) noncoding_equivalent(724.00) raw_noncoding(724.00) offset(0.00) 
40439	38679	single-	4	6	{GlimmerHMM_glimmerT_3855-T1;GlimmerHMM}

# EVM prediction: Mode:STANDARD S-ratio: 3.23 41655-42860 orient(+) score(7116.00) noncoding_equivalent(2205.00) raw_noncoding(2853.00) offset(648.00) 
41655	41693	initial+	1	3	{GeneMark_model.4116_t;GeneMark},{Augustus_model.g3208.t1;Augustus},{GlimmerHMM_glimmerT_3856-T1;GlimmerHMM}
41694	41912	INTRON			{GeneMark_model.4116_t;GeneMark},{Augustus_model.g3208.t1;Augustus},{GlimmerHMM_glimmerT_3856-T1;GlimmerHMM},{ev_type:exonerate/ID=match.2566964.1743/Target=lcl|LCTV02000006_1_prot_PRQ74259_1_6244;exonerate},{ev_type:exonerate/ID=match.2566964.1744/Target=lcl|BJWK01000011_1_prot_GEM10581_1_4598;exonerate},{ev_type:exonerate/ID=match.2566964.1979/Target=lcl|PJQD01000049_1_prot_POY72407_1_4630;exonerate}
41913	42065	internal+	1	3	{GeneMark_model.4116_t;GeneMark},{Augustus_model.g3208.t1;Augustus},{GlimmerHMM_glimmerT_3856-T1;GlimmerHMM},{ev_type:exonerate/ID=match.2566964.1743/Target=lcl|LCTV02000006_1_prot_PRQ74259_1_6244;exonerate},{ev_type:exonerate/ID=match.2566964.1744/Target=lcl|BJWK01000011_1_prot_GEM10581_1_4598;exonerate},{ev_type:exonerate/ID=match.2566964.1979/Target=lcl|PJQD01000049_1_prot_POY72407_1_4630;exonerate}
42066	42138	INTRON			{GeneMark_model.4116_t;GeneMark},{Augustus_model.g3208.t1;Augustus},{GlimmerHMM_glimmerT_3856-T1;GlimmerHMM},{ev_type:exonerate/ID=match.2566964.1743/Target=lcl|LCTV02000006_1_prot_PRQ74259_1_6244;exonerate},{ev_type:exonerate/ID=match.2566964.1744/Target=lcl|BJWK01000011_1_prot_GEM10581_1_4598;exonerate},{ev_type:exonerate/ID=match.2566964.1979/Target=lcl|PJQD01000049_1_prot_POY72407_1_4630;exonerate}
42139	42247	internal+	1	1	{GeneMark_model.4116_t;GeneMark},{Augustus_model.g3208.t1;Augustus},{GlimmerHMM_glimmerT_3856-T1;GlimmerHMM},{ev_type:exonerate/ID=match.2566964.1743/Target=lcl|LCTV02000006_1_prot_PRQ74259_1_6244;exonerate},{ev_type:exonerate/ID=match.2566964.1744/Target=lcl|BJWK01000011_1_prot_GEM10581_1_4598;exonerate},{ev_type:exonerate/ID=match.2566964.1979/Target=lcl|PJQD01000049_1_prot_POY72407_1_4630;exonerate}
42248	42335	INTRON			{GeneMark_model.4116_t;GeneMark},{Augustus_model.g3208.t1;Augustus},{GlimmerHMM_glimmerT_3856-T1;GlimmerHMM},{ev_type:exonerate/ID=match.2566964.1743/Target=lcl|LCTV02000006_1_prot_PRQ74259_1_6244;exonerate},{ev_type:exonerate/ID=match.2566964.1744/Target=lcl|BJWK01000011_1_prot_GEM10581_1_4598;exonerate},{ev_type:exonerate/ID=match.2566964.1979/Target=lcl|PJQD01000049_1_prot_POY72407_1_4630;exonerate}
42336	42430	internal+	2	3	{GeneMark_model.4116_t;GeneMark},{Augustus_model.g3208.t1;Augustus},{GlimmerHMM_glimmerT_3856-T1;GlimmerHMM},{ev_type:exonerate/ID=match.2566964.1743/Target=lcl|LCTV02000006_1_prot_PRQ74259_1_6244;exonerate},{ev_type:exonerate/ID=match.2566964.1744/Target=lcl|BJWK01000011_1_prot_GEM10581_1_4598;exonerate},{ev_type:exonerate/ID=match.2566964.1979/Target=lcl|PJQD01000049_1_prot_POY72407_1_4630;exonerate}
42431	42541	INTRON			{GeneMark_model.4116_t;GeneMark},{Augustus_model.g3208.t1;Augustus},{ev_type:exonerate/ID=match.2566964.1743/Target=lcl|LCTV02000006_1_prot_PRQ74259_1_6244;exonerate},{ev_type:exonerate/ID=match.2566964.1744/Target=lcl|BJWK01000011_1_prot_GEM10581_1_4598;exonerate},{ev_type:exonerate/ID=match.2566964.1979/Target=lcl|PJQD01000049_1_prot_POY72407_1_4630;exonerate}
42542	42654	internal+	1	2	{GeneMark_model.4116_t;GeneMark},{Augustus_model.g3208.t1;Augustus},{ev_type:exonerate/ID=match.2566964.1743/Target=lcl|LCTV02000006_1_prot_PRQ74259_1_6244;exonerate},{ev_type:exonerate/ID=match.2566964.1744/Target=lcl|BJWK01000011_1_prot_GEM10581_1_4598;exonerate},{ev_type:exonerate/ID=match.2566964.1979/Target=lcl|PJQD01000049_1_prot_POY72407_1_4630;exonerate}
42655	42727	INTRON			{GeneMark_model.4116_t;GeneMark},{Augustus_model.g3208.t1;Augustus},{GlimmerHMM_glimmerT_3856-T1;GlimmerHMM},{ev_type:exonerate/ID=match.2566964.1743/Target=lcl|LCTV02000006_1_prot_PRQ74259_1_6244;exonerate},{ev_type:exonerate/ID=match.2566964.1744/Target=lcl|BJWK01000011_1_prot_GEM10581_1_4598;exonerate},{ev_type:exonerate/ID=match.2566964.1979/Target=lcl|PJQD01000049_1_prot_POY72407_1_4630;exonerate}
42728	42860	terminal+	3	3	{GeneMark_model.4116_t;GeneMark},{Augustus_model.g3208.t1;Augustus},{GlimmerHMM_glimmerT_3856-T1;GlimmerHMM}

# EVM prediction: Mode:STANDARD S-ratio: 2.52 43479-45987 orient(+) score(7541.00) noncoding_equivalent(2993.13) raw_noncoding(3771.02) offset(777.89) 
43479	44330	initial+	1	3	{GeneMark_model.4117_t;GeneMark},{Augustus_model.g3209.t1;Augustus},{GlimmerHMM_glimmerT_3857-T1;GlimmerHMM}
44331	44407	INTRON			{GeneMark_model.4117_t;GeneMark},{Augustus_model.g3209.t1;Augustus},{GlimmerHMM_glimmerT_3857-T1;GlimmerHMM}
44408	44476	internal+	1	3	{GeneMark_model.4117_t;GeneMark},{Augustus_model.g3209.t1;Augustus},{GlimmerHMM_glimmerT_3857-T1;GlimmerHMM}
44477	44534	INTRON			{GeneMark_model.4117_t;GeneMark},{Augustus_model.g3209.t1;Augustus}
44535	44576	internal+	1	3	{Augustus_model.g3209.t1;Augustus}
44577	44661	INTRON			{Augustus_model.g3209.t1;Augustus}
44662	44797	internal+	1	1	{GeneMark_model.4117_t;GeneMark},{Augustus_model.g3209.t1;Augustus},{GlimmerHMM_glimmerT_3857-T1;GlimmerHMM}
44798	44863	INTRON			{GeneMark_model.4117_t;GeneMark},{Augustus_model.g3209.t1;Augustus},{GlimmerHMM_glimmerT_3857-T1;GlimmerHMM}
44864	45068	internal+	2	2	{GeneMark_model.4117_t;GeneMark},{Augustus_model.g3209.t1;Augustus},{GlimmerHMM_glimmerT_3857-T1;GlimmerHMM}
45069	45132	INTRON			{GeneMark_model.4117_t;GeneMark},{Augustus_model.g3209.t1;Augustus},{GlimmerHMM_glimmerT_3857-T1;GlimmerHMM}
45133	45370	internal+	3	3	{GeneMark_model.4117_t;GeneMark},{Augustus_model.g3209.t1;Augustus},{GlimmerHMM_glimmerT_3857-T1;GlimmerHMM}
45371	45428	INTRON			{GeneMark_model.4117_t;GeneMark},{Augustus_model.g3209.t1;Augustus}
45429	45516	internal+	1	1	{GeneMark_model.4117_t;GeneMark},{Augustus_model.g3209.t1;Augustus}
45517	45580	INTRON			{GeneMark_model.4117_t;GeneMark},{Augustus_model.g3209.t1;Augustus}
45581	45725	internal+	2	2	{GeneMark_model.4117_t;GeneMark},{Augustus_model.g3209.t1;Augustus}
45726	45794	INTRON			{GeneMark_model.4117_t;GeneMark},{snap_scaffold_9-snap.197-T1;snap},{Augustus_model.g3209.t1;Augustus},{GlimmerHMM_glimmerT_3857-T1;GlimmerHMM}
45795	45987	terminal+	3	3	{GeneMark_model.4117_t;GeneMark},{snap_scaffold_9-snap.197-T1;snap}

# EVM prediction: Mode:STANDARD S-ratio: 2.96 46764-49114 orient(+) score(7582.00) noncoding_equivalent(2559.56) raw_noncoding(3194.77) offset(635.21) 
46764	46798	initial+	1	2	{GeneMark_model.4118_t;GeneMark}
46799	46899	INTRON			{GeneMark_model.4118_t;GeneMark}
46900	47177	internal+	3	1	{GeneMark_model.4118_t;GeneMark},{GlimmerHMM_glimmerT_3857-T1;GlimmerHMM}
47178	47234	INTRON			{GeneMark_model.4118_t;GeneMark},{Augustus_model.g3209.t1;Augustus},{GlimmerHMM_glimmerT_3857-T1;GlimmerHMM}
47235	47305	internal+	2	3	{GeneMark_model.4118_t;GeneMark},{Augustus_model.g3209.t1;Augustus},{GlimmerHMM_glimmerT_3857-T1;GlimmerHMM}
47306	47363	INTRON			{GeneMark_model.4118_t;GeneMark},{Augustus_model.g3209.t1;Augustus},{GlimmerHMM_glimmerT_3857-T1;GlimmerHMM}
47364	47445	internal+	1	1	{GeneMark_model.4118_t;GeneMark},{Augustus_model.g3209.t1;Augustus},{GlimmerHMM_glimmerT_3857-T1;GlimmerHMM}
47446	47528	INTRON			{GeneMark_model.4118_t;GeneMark},{Augustus_model.g3209.t1;Augustus},{GlimmerHMM_glimmerT_3857-T1;GlimmerHMM}
47529	48169	internal+	2	3	{GeneMark_model.4118_t;GeneMark},{Augustus_model.g3209.t1;Augustus},{GlimmerHMM_glimmerT_3857-T1;GlimmerHMM}
48170	48240	INTRON			{GeneMark_model.4118_t;GeneMark},{Augustus_model.g3209.t1;Augustus},{GlimmerHMM_glimmerT_3857-T1;GlimmerHMM}
48241	48311	internal+	1	2	{GeneMark_model.4118_t;GeneMark},{Augustus_model.g3209.t1;Augustus},{GlimmerHMM_glimmerT_3857-T1;GlimmerHMM}
48312	48372	INTRON			{GeneMark_model.4118_t;GeneMark},{Augustus_model.g3209.t1;Augustus},{GlimmerHMM_glimmerT_3857-T1;GlimmerHMM}
48373	48448	internal+	3	3	{GeneMark_model.4118_t;GeneMark},{Augustus_model.g3209.t1;Augustus},{GlimmerHMM_glimmerT_3857-T1;GlimmerHMM}
48449	48507	INTRON			{GeneMark_model.4118_t;GeneMark},{Augustus_model.g3209.t1;Augustus},{GlimmerHMM_glimmerT_3857-T1;GlimmerHMM}
48508	48700	internal+	1	1	{GeneMark_model.4118_t;GeneMark},{Augustus_model.g3209.t1;Augustus},{GlimmerHMM_glimmerT_3857-T1;GlimmerHMM}
48701	48797	INTRON			{GeneMark_model.4118_t;GeneMark},{Augustus_model.g3209.t1;Augustus},{GlimmerHMM_glimmerT_3857-T1;GlimmerHMM}
48798	49114	terminal+	2	3	{GeneMark_model.4118_t;GeneMark},{Augustus_model.g3209.t1;Augustus},{GlimmerHMM_glimmerT_3857-T1;GlimmerHMM}

# EVM prediction: Mode:STANDARD S-ratio: 4.82 49579-51205 orient(+) score(13097.00) noncoding_equivalent(2716.80) raw_noncoding(3266.30) offset(549.51) 
49579	49769	initial+	1	2	{GlimmerHMM_glimmerT_3858-T1;GlimmerHMM},{Augustus_model.g3210.t1;Augustus},{GeneMark_model.4119_t;GeneMark}
49770	49863	INTRON			{GlimmerHMM_glimmerT_3858-T1;GlimmerHMM},{Augustus_model.g3210.t1;Augustus},{GeneMark_model.4119_t;GeneMark},{ev_type:exonerate/ID=match.2566964.3579/Target=lcl|BJWK01000011_1_prot_GEM10578_1_4595;exonerate},{ev_type:exonerate/ID=match.2566964.3580/Target=lcl|LCTV02000006_1_prot_PRQ74262_1_6247;exonerate},{ev_type:exonerate/ID=match.2566964.3568/Target=lcl|KQ954469_1_prot_KWU45972_1_1689;exonerate},{ev_type:exonerate/ID=match.2566964.3562/Target=lcl|PJQD01000049_1_prot_POY72411_1_4634;exonerate},{ev_type:exonerate/ID=match.2566964.3578/Target=lcl|NW_017264937_1_prot_XP_018269696_1_5099;exonerate}
49864	50003	internal+	3	1	{GlimmerHMM_glimmerT_3858-T1;GlimmerHMM},{Augustus_model.g3210.t1;Augustus},{GeneMark_model.4119_t;GeneMark},{ev_type:exonerate/ID=match.2566964.3579/Target=lcl|BJWK01000011_1_prot_GEM10578_1_4595;exonerate},{ev_type:exonerate/ID=match.2566964.3580/Target=lcl|LCTV02000006_1_prot_PRQ74262_1_6247;exonerate},{ev_type:exonerate/ID=match.2566964.3568/Target=lcl|KQ954469_1_prot_KWU45972_1_1689;exonerate},{ev_type:exonerate/ID=match.2566964.3562/Target=lcl|PJQD01000049_1_prot_POY72411_1_4634;exonerate},{ev_type:exonerate/ID=match.2566964.3578/Target=lcl|NW_017264937_1_prot_XP_018269696_1_5099;exonerate}
50004	50075	INTRON			{GlimmerHMM_glimmerT_3858-T1;GlimmerHMM},{Augustus_model.g3210.t1;Augustus},{GeneMark_model.4119_t;GeneMark},{ev_type:exonerate/ID=match.2566964.3579/Target=lcl|BJWK01000011_1_prot_GEM10578_1_4595;exonerate},{ev_type:exonerate/ID=match.2566964.3580/Target=lcl|LCTV02000006_1_prot_PRQ74262_1_6247;exonerate},{ev_type:exonerate/ID=match.2566964.3568/Target=lcl|KQ954469_1_prot_KWU45972_1_1689;exonerate},{ev_type:exonerate/ID=match.2566964.3562/Target=lcl|PJQD01000049_1_prot_POY72411_1_4634;exonerate},{ev_type:exonerate/ID=match.2566964.3578/Target=lcl|NW_017264937_1_prot_XP_018269696_1_5099;exonerate}
50076	50166	internal+	2	2	{GlimmerHMM_glimmerT_3858-T1;GlimmerHMM},{Augustus_model.g3210.t1;Augustus},{GeneMark_model.4119_t;GeneMark},{ev_type:exonerate/ID=match.2566964.3579/Target=lcl|BJWK01000011_1_prot_GEM10578_1_4595;exonerate},{ev_type:exonerate/ID=match.2566964.3580/Target=lcl|LCTV02000006_1_prot_PRQ74262_1_6247;exonerate},{ev_type:exonerate/ID=match.2566964.3568/Target=lcl|KQ954469_1_prot_KWU45972_1_1689;exonerate},{ev_type:exonerate/ID=match.2566964.3562/Target=lcl|PJQD01000049_1_prot_POY72411_1_4634;exonerate},{ev_type:exonerate/ID=match.2566964.3578/Target=lcl|NW_017264937_1_prot_XP_018269696_1_5099;exonerate}
50167	50225	INTRON			{snap_scaffold_9-snap.200-T1;snap},{GlimmerHMM_glimmerT_3858-T1;GlimmerHMM},{Augustus_model.g3210.t1;Augustus},{GeneMark_model.4119_t;GeneMark},{ev_type:exonerate/ID=match.2566964.3579/Target=lcl|BJWK01000011_1_prot_GEM10578_1_4595;exonerate},{ev_type:exonerate/ID=match.2566964.3580/Target=lcl|LCTV02000006_1_prot_PRQ74262_1_6247;exonerate},{ev_type:exonerate/ID=match.2566964.3568/Target=lcl|KQ954469_1_prot_KWU45972_1_1689;exonerate},{ev_type:exonerate/ID=match.2566964.3562/Target=lcl|PJQD01000049_1_prot_POY72411_1_4634;exonerate},{ev_type:exonerate/ID=match.2566964.3578/Target=lcl|NW_017264937_1_prot_XP_018269696_1_5099;exonerate}
50226	50376	internal+	3	3	{GlimmerHMM_glimmerT_3858-T1;GlimmerHMM},{Augustus_model.g3210.t1;Augustus},{GeneMark_model.4119_t;GeneMark},{ev_type:exonerate/ID=match.2566964.3579/Target=lcl|BJWK01000011_1_prot_GEM10578_1_4595;exonerate},{ev_type:exonerate/ID=match.2566964.3580/Target=lcl|LCTV02000006_1_prot_PRQ74262_1_6247;exonerate},{ev_type:exonerate/ID=match.2566964.3568/Target=lcl|KQ954469_1_prot_KWU45972_1_1689;exonerate},{ev_type:exonerate/ID=match.2566964.3562/Target=lcl|PJQD01000049_1_prot_POY72411_1_4634;exonerate},{ev_type:exonerate/ID=match.2566964.3578/Target=lcl|NW_017264937_1_prot_XP_018269696_1_5099;exonerate}
50377	50441	INTRON			{GlimmerHMM_glimmerT_3858-T1;GlimmerHMM},{Augustus_model.g3210.t1;Augustus},{GeneMark_model.4119_t;GeneMark},{ev_type:exonerate/ID=match.2566964.3579/Target=lcl|BJWK01000011_1_prot_GEM10578_1_4595;exonerate},{ev_type:exonerate/ID=match.2566964.3580/Target=lcl|LCTV02000006_1_prot_PRQ74262_1_6247;exonerate},{ev_type:exonerate/ID=match.2566964.3568/Target=lcl|KQ954469_1_prot_KWU45972_1_1689;exonerate},{ev_type:exonerate/ID=match.2566964.3562/Target=lcl|PJQD01000049_1_prot_POY72411_1_4634;exonerate},{ev_type:exonerate/ID=match.2566964.3578/Target=lcl|NW_017264937_1_prot_XP_018269696_1_5099;exonerate}
50442	50546	internal+	1	3	{GlimmerHMM_glimmerT_3858-T1;GlimmerHMM},{Augustus_model.g3210.t1;Augustus},{GeneMark_model.4119_t;GeneMark},{ev_type:exonerate/ID=match.2566964.3579/Target=lcl|BJWK01000011_1_prot_GEM10578_1_4595;exonerate},{ev_type:exonerate/ID=match.2566964.3580/Target=lcl|LCTV02000006_1_prot_PRQ74262_1_6247;exonerate},{ev_type:exonerate/ID=match.2566964.3568/Target=lcl|KQ954469_1_prot_KWU45972_1_1689;exonerate},{ev_type:exonerate/ID=match.2566964.3562/Target=lcl|PJQD01000049_1_prot_POY72411_1_4634;exonerate},{ev_type:exonerate/ID=match.2566964.3578/Target=lcl|NW_017264937_1_prot_XP_018269696_1_5099;exonerate}
50547	50613	INTRON			{GlimmerHMM_glimmerT_3858-T1;GlimmerHMM},{Augustus_model.g3210.t1;Augustus},{GeneMark_model.4119_t;GeneMark},{ev_type:exonerate/ID=match.2566964.3579/Target=lcl|BJWK01000011_1_prot_GEM10578_1_4595;exonerate},{ev_type:exonerate/ID=match.2566964.3580/Target=lcl|LCTV02000006_1_prot_PRQ74262_1_6247;exonerate},{ev_type:exonerate/ID=match.2566964.3568/Target=lcl|KQ954469_1_prot_KWU45972_1_1689;exonerate},{ev_type:exonerate/ID=match.2566964.3562/Target=lcl|PJQD01000049_1_prot_POY72411_1_4634;exonerate},{ev_type:exonerate/ID=match.2566964.3578/Target=lcl|NW_017264937_1_prot_XP_018269696_1_5099;exonerate}
50614	50641	internal+	1	1	{GlimmerHMM_glimmerT_3858-T1;GlimmerHMM},{Augustus_model.g3210.t1;Augustus},{GeneMark_model.4119_t;GeneMark},{ev_type:exonerate/ID=match.2566964.3579/Target=lcl|BJWK01000011_1_prot_GEM10578_1_4595;exonerate},{ev_type:exonerate/ID=match.2566964.3580/Target=lcl|LCTV02000006_1_prot_PRQ74262_1_6247;exonerate},{ev_type:exonerate/ID=match.2566964.3568/Target=lcl|KQ954469_1_prot_KWU45972_1_1689;exonerate},{ev_type:exonerate/ID=match.2566964.3562/Target=lcl|PJQD01000049_1_prot_POY72411_1_4634;exonerate},{ev_type:exonerate/ID=match.2566964.3578/Target=lcl|NW_017264937_1_prot_XP_018269696_1_5099;exonerate}
50642	50700	INTRON			{GlimmerHMM_glimmerT_3858-T1;GlimmerHMM},{Augustus_model.g3210.t1;Augustus},{GeneMark_model.4119_t;GeneMark},{ev_type:exonerate/ID=match.2566964.3579/Target=lcl|BJWK01000011_1_prot_GEM10578_1_4595;exonerate},{ev_type:exonerate/ID=match.2566964.3580/Target=lcl|LCTV02000006_1_prot_PRQ74262_1_6247;exonerate},{ev_type:exonerate/ID=match.2566964.3568/Target=lcl|KQ954469_1_prot_KWU45972_1_1689;exonerate},{ev_type:exonerate/ID=match.2566964.3562/Target=lcl|PJQD01000049_1_prot_POY72411_1_4634;exonerate},{ev_type:exonerate/ID=match.2566964.3578/Target=lcl|NW_017264937_1_prot_XP_018269696_1_5099;exonerate}
50701	50811	internal+	2	1	{GlimmerHMM_glimmerT_3858-T1;GlimmerHMM},{Augustus_model.g3210.t1;Augustus},{GeneMark_model.4119_t;GeneMark},{ev_type:exonerate/ID=match.2566964.3579/Target=lcl|BJWK01000011_1_prot_GEM10578_1_4595;exonerate},{ev_type:exonerate/ID=match.2566964.3580/Target=lcl|LCTV02000006_1_prot_PRQ74262_1_6247;exonerate},{ev_type:exonerate/ID=match.2566964.3568/Target=lcl|KQ954469_1_prot_KWU45972_1_1689;exonerate},{ev_type:exonerate/ID=match.2566964.3562/Target=lcl|PJQD01000049_1_prot_POY72411_1_4634;exonerate},{ev_type:exonerate/ID=match.2566964.3578/Target=lcl|NW_017264937_1_prot_XP_018269696_1_5099;exonerate}
50812	50875	INTRON			{GlimmerHMM_glimmerT_3858-T1;GlimmerHMM},{Augustus_model.g3210.t1;Augustus},{GeneMark_model.4119_t;GeneMark},{ev_type:exonerate/ID=match.2566964.3579/Target=lcl|BJWK01000011_1_prot_GEM10578_1_4595;exonerate},{ev_type:exonerate/ID=match.2566964.3580/Target=lcl|LCTV02000006_1_prot_PRQ74262_1_6247;exonerate},{ev_type:exonerate/ID=match.2566964.3568/Target=lcl|KQ954469_1_prot_KWU45972_1_1689;exonerate},{ev_type:exonerate/ID=match.2566964.3562/Target=lcl|PJQD01000049_1_prot_POY72411_1_4634;exonerate},{ev_type:exonerate/ID=match.2566964.3578/Target=lcl|NW_017264937_1_prot_XP_018269696_1_5099;exonerate}
50876	50955	internal+	2	3	{GlimmerHMM_glimmerT_3858-T1;GlimmerHMM},{Augustus_model.g3210.t1;Augustus},{GeneMark_model.4119_t;GeneMark},{ev_type:exonerate/ID=match.2566964.3579/Target=lcl|BJWK01000011_1_prot_GEM10578_1_4595;exonerate},{ev_type:exonerate/ID=match.2566964.3580/Target=lcl|LCTV02000006_1_prot_PRQ74262_1_6247;exonerate},{ev_type:exonerate/ID=match.2566964.3568/Target=lcl|KQ954469_1_prot_KWU45972_1_1689;exonerate},{ev_type:exonerate/ID=match.2566964.3562/Target=lcl|PJQD01000049_1_prot_POY72411_1_4634;exonerate},{ev_type:exonerate/ID=match.2566964.3578/Target=lcl|NW_017264937_1_prot_XP_018269696_1_5099;exonerate}
50956	51014	INTRON			{GlimmerHMM_glimmerT_3858-T1;GlimmerHMM},{Augustus_model.g3210.t1;Augustus},{GeneMark_model.4119_t;GeneMark},{ev_type:exonerate/ID=match.2566964.3579/Target=lcl|BJWK01000011_1_prot_GEM10578_1_4595;exonerate},{ev_type:exonerate/ID=match.2566964.3580/Target=lcl|LCTV02000006_1_prot_PRQ74262_1_6247;exonerate},{ev_type:exonerate/ID=match.2566964.3568/Target=lcl|KQ954469_1_prot_KWU45972_1_1689;exonerate},{ev_type:exonerate/ID=match.2566964.3562/Target=lcl|PJQD01000049_1_prot_POY72411_1_4634;exonerate},{ev_type:exonerate/ID=match.2566964.3578/Target=lcl|NW_017264937_1_prot_XP_018269696_1_5099;exonerate}
51015	51079	internal+	1	2	{GlimmerHMM_glimmerT_3858-T1;GlimmerHMM},{Augustus_model.g3210.t1;Augustus},{GeneMark_model.4119_t;GeneMark},{ev_type:exonerate/ID=match.2566964.3579/Target=lcl|BJWK01000011_1_prot_GEM10578_1_4595;exonerate},{ev_type:exonerate/ID=match.2566964.3580/Target=lcl|LCTV02000006_1_prot_PRQ74262_1_6247;exonerate},{ev_type:exonerate/ID=match.2566964.3568/Target=lcl|KQ954469_1_prot_KWU45972_1_1689;exonerate},{ev_type:exonerate/ID=match.2566964.3562/Target=lcl|PJQD01000049_1_prot_POY72411_1_4634;exonerate},{ev_type:exonerate/ID=match.2566964.3578/Target=lcl|NW_017264937_1_prot_XP_018269696_1_5099;exonerate}
51080	51153	INTRON			{GlimmerHMM_glimmerT_3858-T1;GlimmerHMM},{Augustus_model.g3210.t1;Augustus},{GeneMark_model.4119_t;GeneMark},{ev_type:exonerate/ID=match.2566964.3579/Target=lcl|BJWK01000011_1_prot_GEM10578_1_4595;exonerate},{ev_type:exonerate/ID=match.2566964.3580/Target=lcl|LCTV02000006_1_prot_PRQ74262_1_6247;exonerate},{ev_type:exonerate/ID=match.2566964.3562/Target=lcl|PJQD01000049_1_prot_POY72411_1_4634;exonerate},{ev_type:exonerate/ID=match.2566964.3578/Target=lcl|NW_017264937_1_prot_XP_018269696_1_5099;exonerate}
51154	51205	terminal+	3	3	{GlimmerHMM_glimmerT_3858-T1;GlimmerHMM},{GeneMark_model.4119_t;GeneMark}

# EVM prediction: Mode:STANDARD S-ratio: 6.91 51434-52662 orient(+) score(4388.00) noncoding_equivalent(634.95) raw_noncoding(838.39) offset(203.43) 
51434	51566	initial+	1	1	{GeneMark_model.4120_t;GeneMark},{Augustus_model.g3211.t1;Augustus},{GlimmerHMM_glimmerT_3859-T1;GlimmerHMM}
51567	51625	INTRON			{GeneMark_model.4120_t;GeneMark},{Augustus_model.g3211.t1;Augustus},{GlimmerHMM_glimmerT_3859-T1;GlimmerHMM}
51626	52197	internal+	2	3	{GeneMark_model.4120_t;GeneMark},{Augustus_model.g3211.t1;Augustus},{GlimmerHMM_glimmerT_3859-T1;GlimmerHMM}
52198	52267	INTRON			{GeneMark_model.4120_t;GeneMark},{Augustus_model.g3211.t1;Augustus}
52268	52333	internal+	1	3	{GeneMark_model.4120_t;GeneMark},{Augustus_model.g3211.t1;Augustus}
52334	52398	INTRON			{GeneMark_model.4120_t;GeneMark},{Augustus_model.g3211.t1;Augustus}
52399	52662	terminal+	1	3	{GeneMark_model.4120_t;GeneMark},{Augustus_model.g3211.t1;Augustus},{GlimmerHMM_glimmerT_3859-T1;GlimmerHMM}

# EVM prediction: Mode:STANDARD S-ratio: 3.98 52908-53575 orient(-) score(4696.00) noncoding_equivalent(1179.00) raw_noncoding(1919.00) offset(740.00) 
52963	52908	terminal-	5	6	{HiQ_model.g3212.t1;HiQ},{GlimmerHMM_glimmerT_3860-T1;GlimmerHMM},{GeneMark_model.4121_t;GeneMark}
53122	52964	INTRON			{HiQ_model.g3212.t1;HiQ},{GlimmerHMM_glimmerT_3860-T1;GlimmerHMM},{ev_type:exonerate/ID=match.2566964.3640/Target=lcl|PJQD01000049_1_prot_POY72413_1_4636;exonerate}
53192	53123	internal-	4	4	{HiQ_model.g3212.t1;HiQ},{GlimmerHMM_glimmerT_3860-T1;GlimmerHMM},{GeneMark_model.4121_t;GeneMark},{ev_type:exonerate/ID=match.2566964.3640/Target=lcl|PJQD01000049_1_prot_POY72413_1_4636;exonerate},{ev_type:exonerate/ID=match.2566964.3648/Target=lcl|BJWK01000011_1_prot_GEM10633_1_4650;exonerate},{ev_type:exonerate/ID=match.2566964.3649/Target=lcl|LCTV02000006_1_prot_PRQ74191_1_6176;exonerate},{ev_type:exonerate/ID=match.2566964.3641/Target=lcl|KQ954469_1_prot_KWU45970_1_1687;exonerate}
53264	53193	INTRON			{HiQ_model.g3212.t1;HiQ},{GlimmerHMM_glimmerT_3860-T1;GlimmerHMM},{GeneMark_model.4121_t;GeneMark},{ev_type:exonerate/ID=match.2566964.3640/Target=lcl|PJQD01000049_1_prot_POY72413_1_4636;exonerate},{ev_type:exonerate/ID=match.2566964.3648/Target=lcl|BJWK01000011_1_prot_GEM10633_1_4650;exonerate},{ev_type:exonerate/ID=match.2566964.3649/Target=lcl|LCTV02000006_1_prot_PRQ74191_1_6176;exonerate},{ev_type:exonerate/ID=match.2566964.3641/Target=lcl|KQ954469_1_prot_KWU45970_1_1687;exonerate}
53383	53265	internal-	5	6	{HiQ_model.g3212.t1;HiQ},{GlimmerHMM_glimmerT_3860-T1;GlimmerHMM},{GeneMark_model.4121_t;GeneMark},{ev_type:exonerate/ID=match.2566964.3640/Target=lcl|PJQD01000049_1_prot_POY72413_1_4636;exonerate},{ev_type:exonerate/ID=match.2566964.3648/Target=lcl|BJWK01000011_1_prot_GEM10633_1_4650;exonerate},{ev_type:exonerate/ID=match.2566964.3649/Target=lcl|LCTV02000006_1_prot_PRQ74191_1_6176;exonerate},{ev_type:exonerate/ID=match.2566964.3641/Target=lcl|KQ954469_1_prot_KWU45970_1_1687;exonerate}
53448	53384	INTRON			{HiQ_model.g3212.t1;HiQ},{GlimmerHMM_glimmerT_3860-T1;GlimmerHMM},{GeneMark_model.4121_t;GeneMark},{ev_type:exonerate/ID=match.2566964.3640/Target=lcl|PJQD01000049_1_prot_POY72413_1_4636;exonerate},{ev_type:exonerate/ID=match.2566964.3648/Target=lcl|BJWK01000011_1_prot_GEM10633_1_4650;exonerate},{ev_type:exonerate/ID=match.2566964.3649/Target=lcl|LCTV02000006_1_prot_PRQ74191_1_6176;exonerate},{ev_type:exonerate/ID=match.2566964.3641/Target=lcl|KQ954469_1_prot_KWU45970_1_1687;exonerate}
53575	53449	initial-	4	4	{HiQ_model.g3212.t1;HiQ},{GlimmerHMM_glimmerT_3860-T1;GlimmerHMM},{GeneMark_model.4121_t;GeneMark}

# EVM prediction: Mode:STANDARD S-ratio: 2.53 55146-57626 orient(+) score(7775.00) noncoding_equivalent(3077.26) raw_noncoding(3930.00) offset(852.74) 
55146	55394	initial+	1	3	{GlimmerHMM_glimmerT_3861-T1;GlimmerHMM},{Augustus_model.g3213.t1;Augustus},{GeneMark_model.4122_t;GeneMark}
55395	55450	INTRON			{GlimmerHMM_glimmerT_3861-T1;GlimmerHMM},{Augustus_model.g3213.t1;Augustus},{GeneMark_model.4122_t;GeneMark}
55451	55597	internal+	1	3	{GlimmerHMM_glimmerT_3861-T1;GlimmerHMM},{Augustus_model.g3213.t1;Augustus},{GeneMark_model.4122_t;GeneMark}
55598	55671	INTRON			{GlimmerHMM_glimmerT_3861-T1;GlimmerHMM},{Augustus_model.g3213.t1;Augustus},{GeneMark_model.4122_t;GeneMark}
55672	55996	internal+	1	1	{GlimmerHMM_glimmerT_3861-T1;GlimmerHMM},{Augustus_model.g3213.t1;Augustus},{GeneMark_model.4122_t;GeneMark}
55997	56059	INTRON			{Augustus_model.g3213.t1;Augustus},{GeneMark_model.4122_t;GeneMark}
56060	56080	internal+	2	1	{Augustus_model.g3213.t1;Augustus},{GeneMark_model.4122_t;GeneMark}
56081	56203	INTRON			{Augustus_model.g3213.t1;Augustus},{GeneMark_model.4122_t;GeneMark}
56204	56575	internal+	2	1	{GlimmerHMM_glimmerT_3861-T1;GlimmerHMM},{Augustus_model.g3213.t1;Augustus},{GeneMark_model.4122_t;GeneMark}
56576	56640	INTRON			{GlimmerHMM_glimmerT_3861-T1;GlimmerHMM},{Augustus_model.g3213.t1;Augustus},{GeneMark_model.4122_t;GeneMark}
56641	56963	internal+	2	3	{GlimmerHMM_glimmerT_3861-T1;GlimmerHMM},{Augustus_model.g3213.t1;Augustus},{GeneMark_model.4122_t;GeneMark}
56964	57024	INTRON			{GlimmerHMM_glimmerT_3861-T1;GlimmerHMM},{Augustus_model.g3213.t1;Augustus},{GeneMark_model.4122_t;GeneMark}
57025	57032	internal+	1	2	{GlimmerHMM_glimmerT_3861-T1;GlimmerHMM},{Augustus_model.g3213.t1;Augustus},{GeneMark_model.4122_t;GeneMark}
57033	57095	INTRON			{GlimmerHMM_glimmerT_3861-T1;GlimmerHMM},{Augustus_model.g3213.t1;Augustus},{GeneMark_model.4122_t;GeneMark}
57096	57181	internal+	3	1	{GlimmerHMM_glimmerT_3861-T1;GlimmerHMM},{Augustus_model.g3213.t1;Augustus},{GeneMark_model.4122_t;GeneMark}
57182	57272	INTRON			{GlimmerHMM_glimmerT_3861-T1;GlimmerHMM},{Augustus_model.g3213.t1;Augustus},{GeneMark_model.4122_t;GeneMark}
57273	57298	internal+	2	3	{GlimmerHMM_glimmerT_3861-T1;GlimmerHMM},{Augustus_model.g3213.t1;Augustus},{GeneMark_model.4122_t;GeneMark}
57299	57368	INTRON			{GlimmerHMM_glimmerT_3861-T1;GlimmerHMM},{Augustus_model.g3213.t1;Augustus},{GeneMark_model.4122_t;GeneMark}
57369	57626	terminal+	1	3	{GlimmerHMM_glimmerT_3861-T1;GlimmerHMM},{snap_scaffold_9-snap.203-T1;snap},{Augustus_model.g3213.t1;Augustus},{GeneMark_model.4122_t;GeneMark}

# EVM prediction: Mode:STANDARD S-ratio: 2.98 57899-58917 orient(-) score(6000.00) noncoding_equivalent(2010.09) raw_noncoding(2697.24) offset(687.15) 
58029	57899	terminal-	5	6	{GeneMark_model.4123_t;GeneMark},{HiQ_model.g3214.t1;HiQ},{GlimmerHMM_glimmerT_3862-T1;GlimmerHMM}
58097	58030	INTRON			{GeneMark_model.4123_t;GeneMark},{HiQ_model.g3214.t1;HiQ},{GlimmerHMM_glimmerT_3862-T1;GlimmerHMM},{ev_type:exonerate/ID=match.2566964.3606/Target=lcl|KQ954469_1_prot_KWU45968_1_1685;exonerate},{ev_type:exonerate/ID=match.2566964.3607/Target=lcl|PJQD01000049_1_prot_POY72415_1_4638;exonerate}
58180	58098	internal-	6	4	{GeneMark_model.4123_t;GeneMark},{HiQ_model.g3214.t1;HiQ},{GlimmerHMM_glimmerT_3862-T1;GlimmerHMM},{ev_type:exonerate/ID=match.2566964.3606/Target=lcl|KQ954469_1_prot_KWU45968_1_1685;exonerate},{ev_type:exonerate/ID=match.2566964.3607/Target=lcl|PJQD01000049_1_prot_POY72415_1_4638;exonerate}
58255	58181	INTRON			{GeneMark_model.4123_t;GeneMark},{HiQ_model.g3214.t1;HiQ},{GlimmerHMM_glimmerT_3862-T1;GlimmerHMM},{ev_type:exonerate/ID=match.2566964.3606/Target=lcl|KQ954469_1_prot_KWU45968_1_1685;exonerate},{ev_type:exonerate/ID=match.2566964.3607/Target=lcl|PJQD01000049_1_prot_POY72415_1_4638;exonerate}
58623	58256	internal-	4	5	{GeneMark_model.4123_t;GeneMark},{HiQ_model.g3214.t1;HiQ},{GlimmerHMM_glimmerT_3862-T1;GlimmerHMM},{ev_type:exonerate/ID=match.2566964.3606/Target=lcl|KQ954469_1_prot_KWU45968_1_1685;exonerate},{ev_type:exonerate/ID=match.2566964.3607/Target=lcl|PJQD01000049_1_prot_POY72415_1_4638;exonerate}
58722	58624	INTRON			{GeneMark_model.4123_t;GeneMark},{HiQ_model.g3214.t1;HiQ},{GlimmerHMM_glimmerT_3862-T1;GlimmerHMM},{ev_type:exonerate/ID=match.2566964.3606/Target=lcl|KQ954469_1_prot_KWU45968_1_1685;exonerate},{ev_type:exonerate/ID=match.2566964.3607/Target=lcl|PJQD01000049_1_prot_POY72415_1_4638;exonerate}
58809	58723	internal-	4	6	{GeneMark_model.4123_t;GeneMark},{HiQ_model.g3214.t1;HiQ},{GlimmerHMM_glimmerT_3862-T1;GlimmerHMM},{ev_type:exonerate/ID=match.2566964.3606/Target=lcl|KQ954469_1_prot_KWU45968_1_1685;exonerate},{ev_type:exonerate/ID=match.2566964.3607/Target=lcl|PJQD01000049_1_prot_POY72415_1_4638;exonerate}
58878	58810	INTRON			{GeneMark_model.4123_t;GeneMark},{HiQ_model.g3214.t1;HiQ},{ev_type:exonerate/ID=match.2566964.3606/Target=lcl|KQ954469_1_prot_KWU45968_1_1685;exonerate},{ev_type:exonerate/ID=match.2566964.3607/Target=lcl|PJQD01000049_1_prot_POY72415_1_4638;exonerate}
58917	58879	initial-	4	6	{GeneMark_model.4123_t;GeneMark},{HiQ_model.g3214.t1;HiQ}

# EVM prediction: Mode:STANDARD S-ratio: 2.08 59614-59862 orient(-) score(897.00) noncoding_equivalent(431.02) raw_noncoding(661.20) offset(230.17) 
59622	59614	terminal-	4	6	{GeneMark_model.4124_t;GeneMark}
59700	59623	INTRON			{GeneMark_model.4124_t;GeneMark}
59862	59701	initial-	4	6	{GeneMark_model.4124_t;GeneMark},{GlimmerHMM_glimmerT_3862-T1;GlimmerHMM}

# EVM prediction: Mode:STANDARD S-ratio: 10.80 60419-61206 orient(+) score(5313.00) noncoding_equivalent(492.11) raw_noncoding(648.52) offset(156.40) 
60419	60460	initial+	1	3	{GeneMark_model.4125_t;GeneMark},{Augustus_model.g3215.t1;Augustus},{GlimmerHMM_glimmerT_3863-T1;GlimmerHMM}
60461	60612	INTRON			{GeneMark_model.4125_t;GeneMark},{Augustus_model.g3215.t1;Augustus},{GlimmerHMM_glimmerT_3863-T1;GlimmerHMM},{ev_type:exonerate/ID=match.2566964.3591/Target=lcl|KQ954469_1_prot_KWU45965_1_1682;exonerate},{ev_type:exonerate/ID=match.2566964.3598/Target=lcl|NW_017264937_1_prot_XP_018269803_1_5206;exonerate},{ev_type:exonerate/ID=match.2566964.3592/Target=lcl|PJQD01000075_1_prot_POY71675_1_5743;exonerate}
60613	61206	terminal+	1	3	{snap_scaffold_9-snap.204-T1;snap},{GeneMark_model.4125_t;GeneMark},{Augustus_model.g3215.t1;Augustus},{GlimmerHMM_glimmerT_3863-T1;GlimmerHMM}

# EVM prediction: Mode:STANDARD S-ratio: 7.72 62275-64528 orient(-) score(9169.00) noncoding_equivalent(1187.59) raw_noncoding(1438.00) offset(250.41) 
62561	62275	terminal-	5	6	{GlimmerHMM_glimmerT_3864-T1;GlimmerHMM},{Augustus_model.g3216.t1;Augustus},{GeneMark_model.4126_t;GeneMark}
62648	62562	INTRON			{GlimmerHMM_glimmerT_3864-T1;GlimmerHMM},{Augustus_model.g3216.t1;Augustus},{GeneMark_model.4126_t;GeneMark}
63926	62649	internal-	5	4	{GlimmerHMM_glimmerT_3864-T1;GlimmerHMM},{Augustus_model.g3216.t1;Augustus},{GeneMark_model.4126_t;GeneMark}
63994	63927	INTRON			{GlimmerHMM_glimmerT_3864-T1;GlimmerHMM},{Augustus_model.g3216.t1;Augustus},{GeneMark_model.4126_t;GeneMark},{ev_type:exonerate/ID=match.2566964.3571/Target=lcl|KQ954469_1_prot_KWU45964_1_1681;exonerate}
64049	63995	internal-	4	4	{Augustus_model.g3216.t1;Augustus},{GeneMark_model.4126_t;GeneMark},{ev_type:exonerate/ID=match.2566964.3571/Target=lcl|KQ954469_1_prot_KWU45964_1_1681;exonerate}
64126	64050	INTRON			{Augustus_model.g3216.t1;Augustus},{GeneMark_model.4126_t;GeneMark},{ev_type:exonerate/ID=match.2566964.3571/Target=lcl|KQ954469_1_prot_KWU45964_1_1681;exonerate}
64198	64127	internal-	4	6	{GlimmerHMM_glimmerT_3864-T1;GlimmerHMM},{Augustus_model.g3216.t1;Augustus},{GeneMark_model.4126_t;GeneMark}
64264	64199	INTRON			{GlimmerHMM_glimmerT_3864-T1;GlimmerHMM},{Augustus_model.g3216.t1;Augustus},{GeneMark_model.4126_t;GeneMark}
64528	64265	initial-	4	6	{Augustus_model.g3216.t1;Augustus},{GeneMark_model.4126_t;GeneMark}

# EVM prediction: Mode:STANDARD S-ratio: 1.47 65165-65535 orient(-) score(972.00) noncoding_equivalent(662.08) raw_noncoding(1181.37) offset(519.29) 
65191	65165	terminal-	4	6	{GeneMark_model.4127_t;GeneMark}
65302	65192	INTRON			{GeneMark_model.4127_t;GeneMark},{ev_type:exonerate/ID=match.2566964.3672/Target=lcl|PJQD01000075_1_prot_POY71673_1_5741;exonerate}
65394	65303	internal-	5	6	{GeneMark_model.4127_t;GeneMark},{GlimmerHMM_glimmerT_3864-T1;GlimmerHMM},{ev_type:exonerate/ID=match.2566964.3672/Target=lcl|PJQD01000075_1_prot_POY71673_1_5741;exonerate}
65489	65395	INTRON			{GeneMark_model.4127_t;GeneMark},{GlimmerHMM_glimmerT_3864-T1;GlimmerHMM},{ev_type:exonerate/ID=match.2566964.3672/Target=lcl|PJQD01000075_1_prot_POY71673_1_5741;exonerate}
65535	65490	initial-	4	4	{GeneMark_model.4127_t;GeneMark},{GlimmerHMM_glimmerT_3864-T1;GlimmerHMM}

# EVM prediction: Mode:STANDARD S-ratio: 2.84 65715-71212 orient(+) score(17717.00) noncoding_equivalent(6243.63) raw_noncoding(7406.12) offset(1162.49) 
65715	65921	initial+	1	3	{GlimmerHMM_glimmerT_3865-T1;GlimmerHMM},{Augustus_model.g3217.t1;Augustus}
65922	66016	INTRON			{GlimmerHMM_glimmerT_3865-T1;GlimmerHMM},{Augustus_model.g3217.t1;Augustus}
66017	66184	internal+	1	3	{GlimmerHMM_glimmerT_3865-T1;GlimmerHMM},{Augustus_model.g3217.t1;Augustus},{GeneMark_model.4128_t;GeneMark}
66185	66288	INTRON			{GlimmerHMM_glimmerT_3865-T1;GlimmerHMM},{Augustus_model.g3217.t1;Augustus},{GeneMark_model.4128_t;GeneMark}
66289	67129	internal+	1	1	{GlimmerHMM_glimmerT_3865-T1;GlimmerHMM}
67130	67203	INTRON			{GlimmerHMM_glimmerT_3865-T1;GlimmerHMM},{Augustus_model.g3217.t1;Augustus},{GeneMark_model.4128_t;GeneMark}
67204	67338	internal+	2	1	{GlimmerHMM_glimmerT_3865-T1;GlimmerHMM},{Augustus_model.g3217.t1;Augustus},{GeneMark_model.4128_t;GeneMark}
67339	67408	INTRON			{GlimmerHMM_glimmerT_3865-T1;GlimmerHMM},{Augustus_model.g3217.t1;Augustus},{GeneMark_model.4128_t;GeneMark}
67409	67501	internal+	2	1	{GlimmerHMM_glimmerT_3865-T1;GlimmerHMM},{Augustus_model.g3217.t1;Augustus},{GeneMark_model.4128_t;GeneMark}
67502	67568	INTRON			{GlimmerHMM_glimmerT_3865-T1;GlimmerHMM},{Augustus_model.g3217.t1;Augustus},{GeneMark_model.4128_t;GeneMark}
67569	68120	internal+	2	1	{GlimmerHMM_glimmerT_3865-T1;GlimmerHMM},{Augustus_model.g3217.t1;Augustus},{GeneMark_model.4128_t;GeneMark}
68121	68184	INTRON			{GlimmerHMM_glimmerT_3865-T1;GlimmerHMM},{Augustus_model.g3217.t1;Augustus},{GeneMark_model.4128_t;GeneMark}
68185	68689	internal+	2	2	{GlimmerHMM_glimmerT_3865-T1;GlimmerHMM},{Augustus_model.g3217.t1;Augustus},{GeneMark_model.4128_t;GeneMark}
68690	68752	INTRON			{GlimmerHMM_glimmerT_3865-T1;GlimmerHMM},{Augustus_model.g3217.t1;Augustus},{GeneMark_model.4128_t;GeneMark}
68753	68968	internal+	3	2	{GlimmerHMM_glimmerT_3865-T1;GlimmerHMM},{Augustus_model.g3217.t1;Augustus},{GeneMark_model.4128_t;GeneMark}
68969	69026	INTRON			{GlimmerHMM_glimmerT_3865-T1;GlimmerHMM},{Augustus_model.g3217.t1;Augustus},{GeneMark_model.4128_t;GeneMark}
69027	69184	internal+	3	1	{GlimmerHMM_glimmerT_3865-T1;GlimmerHMM},{Augustus_model.g3217.t1;Augustus},{GeneMark_model.4128_t;GeneMark}
69185	69255	INTRON			{GlimmerHMM_glimmerT_3865-T1;GlimmerHMM},{Augustus_model.g3217.t1;Augustus},{GeneMark_model.4128_t;GeneMark}
69256	69389	internal+	2	3	{GlimmerHMM_glimmerT_3865-T1;GlimmerHMM},{Augustus_model.g3217.t1;Augustus},{GeneMark_model.4128_t;GeneMark}
69390	69451	INTRON			{GlimmerHMM_glimmerT_3865-T1;GlimmerHMM},{Augustus_model.g3217.t1;Augustus},{GeneMark_model.4128_t;GeneMark}
69452	69673	internal+	1	3	{Augustus_model.g3217.t1;Augustus},{GeneMark_model.4128_t;GeneMark}
69674	69733	INTRON			{Augustus_model.g3217.t1;Augustus},{GeneMark_model.4128_t;GeneMark}
69734	69797	internal+	1	1	{Augustus_model.g3217.t1;Augustus},{GeneMark_model.4128_t;GeneMark}
69798	69860	INTRON			{GlimmerHMM_glimmerT_3865-T1;GlimmerHMM},{Augustus_model.g3217.t1;Augustus},{GeneMark_model.4128_t;GeneMark}
69861	70001	internal+	2	1	{GlimmerHMM_glimmerT_3865-T1;GlimmerHMM},{Augustus_model.g3217.t1;Augustus},{GeneMark_model.4128_t;GeneMark}
70002	70061	INTRON			{GlimmerHMM_glimmerT_3865-T1;GlimmerHMM},{Augustus_model.g3217.t1;Augustus},{GeneMark_model.4128_t;GeneMark}
70062	70186	internal+	2	3	{GlimmerHMM_glimmerT_3865-T1;GlimmerHMM},{Augustus_model.g3217.t1;Augustus},{GeneMark_model.4128_t;GeneMark}
70187	70248	INTRON			{GlimmerHMM_glimmerT_3865-T1;GlimmerHMM},{Augustus_model.g3217.t1;Augustus},{GeneMark_model.4128_t;GeneMark}
70249	70411	internal+	1	1	{GlimmerHMM_glimmerT_3865-T1;GlimmerHMM},{Augustus_model.g3217.t1;Augustus},{GeneMark_model.4128_t;GeneMark}
70412	70479	INTRON			{GlimmerHMM_glimmerT_3865-T1;GlimmerHMM},{Augustus_model.g3217.t1;Augustus},{GeneMark_model.4128_t;GeneMark}
70480	70621	internal+	2	2	{GlimmerHMM_glimmerT_3865-T1;GlimmerHMM},{Augustus_model.g3217.t1;Augustus},{GeneMark_model.4128_t;GeneMark}
70622	70688	INTRON			{GlimmerHMM_glimmerT_3865-T1;GlimmerHMM},{Augustus_model.g3217.t1;Augustus},{GeneMark_model.4128_t;GeneMark}
70689	70819	internal+	3	1	{GlimmerHMM_glimmerT_3865-T1;GlimmerHMM},{Augustus_model.g3217.t1;Augustus},{GeneMark_model.4128_t;GeneMark}
70820	70883	INTRON			{GlimmerHMM_glimmerT_3865-T1;GlimmerHMM},{Augustus_model.g3217.t1;Augustus},{GeneMark_model.4128_t;GeneMark}
70884	71212	terminal+	2	3	{GlimmerHMM_glimmerT_3865-T1;GlimmerHMM},{GeneMark_model.4128_t;GeneMark}

# EVM prediction: Mode:STANDARD S-ratio: 14.63 71350-71736 orient(+) score(1446.00) noncoding_equivalent(98.84) raw_noncoding(98.84) offset(0.00) 
71350	71736	single+	1	3	{GeneMark_model.4129_t;GeneMark}

# EVM prediction: Mode:STANDARD S-ratio: 1.96 72482-75483 orient(-) score(8471.00) noncoding_equivalent(4327.19) raw_noncoding(5240.00) offset(912.81) 
72600	72482	terminal-	5	6	{Augustus_model.g3218.t1;Augustus},{GlimmerHMM_glimmerT_3867-T1;GlimmerHMM},{GeneMark_model.4130_t;GeneMark}
72667	72601	INTRON			{Augustus_model.g3218.t1;Augustus},{GeneMark_model.4130_t;GeneMark}
72788	72668	internal-	4	4	{Augustus_model.g3218.t1;Augustus},{GeneMark_model.4130_t;GeneMark}
72862	72789	INTRON			{Augustus_model.g3218.t1;Augustus},{GlimmerHMM_glimmerT_3867-T1;GlimmerHMM},{GeneMark_model.4130_t;GeneMark}
72984	72863	internal-	5	6	{Augustus_model.g3218.t1;Augustus},{GlimmerHMM_glimmerT_3867-T1;GlimmerHMM},{GeneMark_model.4130_t;GeneMark}
73056	72985	INTRON			{Augustus_model.g3218.t1;Augustus},{GlimmerHMM_glimmerT_3867-T1;GlimmerHMM},{GeneMark_model.4130_t;GeneMark}
73123	73057	internal-	4	4	{Augustus_model.g3218.t1;Augustus},{GlimmerHMM_glimmerT_3867-T1;GlimmerHMM},{GeneMark_model.4130_t;GeneMark}
73185	73124	INTRON			{Augustus_model.g3218.t1;Augustus},{GlimmerHMM_glimmerT_3867-T1;GlimmerHMM},{GeneMark_model.4130_t;GeneMark}
73236	73186	internal-	4	6	{Augustus_model.g3218.t1;Augustus},{GlimmerHMM_glimmerT_3867-T1;GlimmerHMM},{GeneMark_model.4130_t;GeneMark}
73299	73237	INTRON			{Augustus_model.g3218.t1;Augustus},{GlimmerHMM_glimmerT_3867-T1;GlimmerHMM},{GeneMark_model.4130_t;GeneMark}
73331	73300	internal-	5	6	{Augustus_model.g3218.t1;Augustus},{GlimmerHMM_glimmerT_3867-T1;GlimmerHMM},{GeneMark_model.4130_t;GeneMark}
73383	73332	INTRON			{Augustus_model.g3218.t1;Augustus},{GlimmerHMM_glimmerT_3867-T1;GlimmerHMM},{GeneMark_model.4130_t;GeneMark}
73804	73384	internal-	4	4	{Augustus_model.g3218.t1;Augustus},{GlimmerHMM_glimmerT_3867-T1;GlimmerHMM},{GeneMark_model.4130_t;GeneMark}
73890	73805	INTRON			{Augustus_model.g3218.t1;Augustus},{GlimmerHMM_glimmerT_3867-T1;GlimmerHMM},{GeneMark_model.4130_t;GeneMark}
74160	73891	internal-	4	6	{Augustus_model.g3218.t1;Augustus},{GlimmerHMM_glimmerT_3867-T1;GlimmerHMM},{GeneMark_model.4130_t;GeneMark}
74230	74161	INTRON			{Augustus_model.g3218.t1;Augustus},{GeneMark_model.4130_t;GeneMark}
74431	74231	internal-	4	6	{Augustus_model.g3218.t1;Augustus},{GeneMark_model.4130_t;GeneMark}
74499	74432	INTRON			{Augustus_model.g3218.t1;Augustus},{GeneMark_model.4130_t;GeneMark}
75164	74500	internal-	5	6	{Augustus_model.g3218.t1;Augustus},{GeneMark_model.4130_t;GeneMark}
75230	75165	INTRON			{Augustus_model.g3218.t1;Augustus},{GeneMark_model.4130_t;GeneMark}
75483	75231	initial-	4	4	{Augustus_model.g3218.t1;Augustus},{GeneMark_model.4130_t;GeneMark}

# EVM prediction: Mode:STANDARD S-ratio: 4.14 75838-78704 orient(-) score(9588.00) noncoding_equivalent(2317.25) raw_noncoding(2638.25) offset(321.00) 
77379	75838	terminal-	4	6	{Augustus_model.g3219.t1;Augustus},{GeneMark_model.4131_t;GeneMark}
77444	77380	INTRON			{GlimmerHMM_glimmerT_3867-T1;GlimmerHMM},{Augustus_model.g3219.t1;Augustus},{GeneMark_model.4131_t;GeneMark},{ev_type:exonerate/ID=match.2566964.3650/Target=lcl|KQ954469_1_prot_KWU45960_1_1677;exonerate}
78404	77445	internal-	4	6	{Augustus_model.g3219.t1;Augustus},{GeneMark_model.4131_t;GeneMark}
78473	78405	INTRON			{Augustus_model.g3219.t1;Augustus},{GeneMark_model.4131_t;GeneMark}
78639	78474	internal-	6	6	{Augustus_model.g3219.t1;Augustus},{GeneMark_model.4131_t;GeneMark}
78696	78640	INTRON			{Augustus_model.g3219.t1;Augustus},{GeneMark_model.4131_t;GeneMark}
78704	78697	initial-	4	5	{GeneMark_model.4131_t;GeneMark}

# EVM prediction: Mode:STANDARD S-ratio: 7.41 79224-81269 orient(+) score(14228.00) noncoding_equivalent(1919.59) raw_noncoding(3234.00) offset(1314.41) 
79224	79267	initial+	1	2	{Augustus_model.g3220.t1;Augustus},{GlimmerHMM_glimmerT_3868-T1;GlimmerHMM}
79268	79418	INTRON			{Augustus_model.g3220.t1;Augustus}
79419	79432	internal+	3	1	{Augustus_model.g3220.t1;Augustus}
79433	79531	INTRON			{Augustus_model.g3220.t1;Augustus},{GeneMark_model.4132_t;GeneMark}
79532	79561	internal+	2	1	{Augustus_model.g3220.t1;Augustus},{GeneMark_model.4132_t;GeneMark}
79562	79627	INTRON			{Augustus_model.g3220.t1;Augustus},{GeneMark_model.4132_t;GeneMark},{ev_type:exonerate/ID=match.2566964.3534/Target=lcl|BJWK01000011_1_prot_GEM10525_1_4542;exonerate},{ev_type:exonerate/ID=match.2566964.3533/Target=lcl|LCTV02000006_1_prot_PRQ74354_1_6339;exonerate},{ev_type:exonerate/ID=match.2566964.3531/Target=lcl|KQ954469_1_prot_KWU45959_1_1676;exonerate},{ev_type:exonerate/ID=match.2566964.3535/Target=lcl|NW_017264937_1_prot_XP_018269800_1_5203;exonerate}
79628	79661	internal+	2	2	{Augustus_model.g3220.t1;Augustus},{ev_type:exonerate/ID=match.2566964.3534/Target=lcl|BJWK01000011_1_prot_GEM10525_1_4542;exonerate},{ev_type:exonerate/ID=match.2566964.3533/Target=lcl|LCTV02000006_1_prot_PRQ74354_1_6339;exonerate},{ev_type:exonerate/ID=match.2566964.3531/Target=lcl|KQ954469_1_prot_KWU45959_1_1676;exonerate},{ev_type:exonerate/ID=match.2566964.3535/Target=lcl|NW_017264937_1_prot_XP_018269800_1_5203;exonerate}
79662	79740	INTRON			{Augustus_model.g3220.t1;Augustus},{ev_type:exonerate/ID=match.2566964.3534/Target=lcl|BJWK01000011_1_prot_GEM10525_1_4542;exonerate},{ev_type:exonerate/ID=match.2566964.3533/Target=lcl|LCTV02000006_1_prot_PRQ74354_1_6339;exonerate},{ev_type:exonerate/ID=match.2566964.3531/Target=lcl|KQ954469_1_prot_KWU45959_1_1676;exonerate},{ev_type:exonerate/ID=match.2566964.3535/Target=lcl|NW_017264937_1_prot_XP_018269800_1_5203;exonerate}
79741	79942	internal+	3	3	{Augustus_model.g3220.t1;Augustus},{GlimmerHMM_glimmerT_3868-T1;GlimmerHMM},{ev_type:exonerate/ID=match.2566964.3534/Target=lcl|BJWK01000011_1_prot_GEM10525_1_4542;exonerate},{ev_type:exonerate/ID=match.2566964.3533/Target=lcl|LCTV02000006_1_prot_PRQ74354_1_6339;exonerate},{ev_type:exonerate/ID=match.2566964.3532/Target=lcl|PJQD01000075_1_prot_POY71668_1_5736;exonerate},{ev_type:exonerate/ID=match.2566964.3531/Target=lcl|KQ954469_1_prot_KWU45959_1_1676;exonerate},{ev_type:exonerate/ID=match.2566964.3535/Target=lcl|NW_017264937_1_prot_XP_018269800_1_5203;exonerate}
79943	80004	INTRON			{Augustus_model.g3220.t1;Augustus},{GlimmerHMM_glimmerT_3868-T1;GlimmerHMM},{GeneMark_model.4132_t;GeneMark},{ev_type:exonerate/ID=match.2566964.3534/Target=lcl|BJWK01000011_1_prot_GEM10525_1_4542;exonerate},{ev_type:exonerate/ID=match.2566964.3533/Target=lcl|LCTV02000006_1_prot_PRQ74354_1_6339;exonerate},{ev_type:exonerate/ID=match.2566964.3532/Target=lcl|PJQD01000075_1_prot_POY71668_1_5736;exonerate},{ev_type:exonerate/ID=match.2566964.3531/Target=lcl|KQ954469_1_prot_KWU45959_1_1676;exonerate},{ev_type:exonerate/ID=match.2566964.3535/Target=lcl|NW_017264937_1_prot_XP_018269800_1_5203;exonerate}
80005	80031	internal+	1	3	{Augustus_model.g3220.t1;Augustus},{GlimmerHMM_glimmerT_3868-T1;GlimmerHMM},{GeneMark_model.4132_t;GeneMark},{ev_type:exonerate/ID=match.2566964.3534/Target=lcl|BJWK01000011_1_prot_GEM10525_1_4542;exonerate},{ev_type:exonerate/ID=match.2566964.3533/Target=lcl|LCTV02000006_1_prot_PRQ74354_1_6339;exonerate},{ev_type:exonerate/ID=match.2566964.3532/Target=lcl|PJQD01000075_1_prot_POY71668_1_5736;exonerate},{ev_type:exonerate/ID=match.2566964.3531/Target=lcl|KQ954469_1_prot_KWU45959_1_1676;exonerate},{ev_type:exonerate/ID=match.2566964.3535/Target=lcl|NW_017264937_1_prot_XP_018269800_1_5203;exonerate}
80032	80089	INTRON			{Augustus_model.g3220.t1;Augustus},{GlimmerHMM_glimmerT_3868-T1;GlimmerHMM},{GeneMark_model.4132_t;GeneMark},{ev_type:exonerate/ID=match.2566964.3534/Target=lcl|BJWK01000011_1_prot_GEM10525_1_4542;exonerate},{ev_type:exonerate/ID=match.2566964.3533/Target=lcl|LCTV02000006_1_prot_PRQ74354_1_6339;exonerate},{ev_type:exonerate/ID=match.2566964.3532/Target=lcl|PJQD01000075_1_prot_POY71668_1_5736;exonerate},{ev_type:exonerate/ID=match.2566964.3531/Target=lcl|KQ954469_1_prot_KWU45959_1_1676;exonerate},{ev_type:exonerate/ID=match.2566964.3535/Target=lcl|NW_017264937_1_prot_XP_018269800_1_5203;exonerate}
80090	80973	internal+	1	2	{Augustus_model.g3220.t1;Augustus},{GlimmerHMM_glimmerT_3868-T1;GlimmerHMM},{GeneMark_model.4132_t;GeneMark},{ev_type:exonerate/ID=match.2566964.3534/Target=lcl|BJWK01000011_1_prot_GEM10525_1_4542;exonerate},{ev_type:exonerate/ID=match.2566964.3533/Target=lcl|LCTV02000006_1_prot_PRQ74354_1_6339;exonerate},{ev_type:exonerate/ID=match.2566964.3532/Target=lcl|PJQD01000075_1_prot_POY71668_1_5736;exonerate},{ev_type:exonerate/ID=match.2566964.3531/Target=lcl|KQ954469_1_prot_KWU45959_1_1676;exonerate},{ev_type:exonerate/ID=match.2566964.3535/Target=lcl|NW_017264937_1_prot_XP_018269800_1_5203;exonerate}
80974	81041	INTRON			{Augustus_model.g3220.t1;Augustus},{GlimmerHMM_glimmerT_3868-T1;GlimmerHMM},{GeneMark_model.4132_t;GeneMark},{ev_type:exonerate/ID=match.2566964.3534/Target=lcl|BJWK01000011_1_prot_GEM10525_1_4542;exonerate},{ev_type:exonerate/ID=match.2566964.3533/Target=lcl|LCTV02000006_1_prot_PRQ74354_1_6339;exonerate},{ev_type:exonerate/ID=match.2566964.3532/Target=lcl|PJQD01000075_1_prot_POY71668_1_5736;exonerate},{ev_type:exonerate/ID=match.2566964.3531/Target=lcl|KQ954469_1_prot_KWU45959_1_1676;exonerate},{ev_type:exonerate/ID=match.2566964.3535/Target=lcl|NW_017264937_1_prot_XP_018269800_1_5203;exonerate}
81042	81155	internal+	3	2	{Augustus_model.g3220.t1;Augustus},{GeneMark_model.4132_t;GeneMark}
81156	81241	INTRON			{Augustus_model.g3220.t1;Augustus},{GeneMark_model.4132_t;GeneMark}
81242	81269	terminal+	3	3	{Augustus_model.g3220.t1;Augustus},{GeneMark_model.4132_t;GeneMark}

# EVM prediction: Mode:STANDARD S-ratio: 2.66 81893-83378 orient(+) score(4317.00) noncoding_equivalent(1624.70) raw_noncoding(2083.00) offset(458.30) 
81893	82361	initial+	1	1	{GlimmerHMM_glimmerT_3869-T1;GlimmerHMM},{Augustus_model.g3221.t1;Augustus},{GeneMark_model.4133_t;GeneMark}
82362	82422	INTRON			{Augustus_model.g3221.t1;Augustus},{GeneMark_model.4133_t;GeneMark}
82423	82490	internal+	2	3	{Augustus_model.g3221.t1;Augustus},{GeneMark_model.4133_t;GeneMark}
82491	82551	INTRON			{Augustus_model.g3221.t1;Augustus},{GeneMark_model.4133_t;GeneMark}
82552	82576	internal+	1	1	{Augustus_model.g3221.t1;Augustus},{GeneMark_model.4133_t;GeneMark}
82577	82643	INTRON			{Augustus_model.g3221.t1;Augustus},{GeneMark_model.4133_t;GeneMark}
82644	82913	internal+	2	1	{Augustus_model.g3221.t1;Augustus},{GeneMark_model.4133_t;GeneMark}
82914	82974	INTRON			{Augustus_model.g3221.t1;Augustus},{GeneMark_model.4133_t;GeneMark}
82975	83378	terminal+	2	3	{GlimmerHMM_glimmerT_3869-T1;GlimmerHMM},{Augustus_model.g3221.t1;Augustus}

# EVM prediction: Mode:STANDARD S-ratio: 2.36 83381-83775 orient(-) score(1185.00) noncoding_equivalent(503.00) raw_noncoding(563.00) offset(60.00) 
83521	83381	terminal-	4	6	{GeneMark_model.4134_t;GeneMark},{GlimmerHMM_glimmerT_3870-T1;GlimmerHMM},{Augustus_model.g3222.t1;Augustus}
83577	83522	INTRON			{GeneMark_model.4134_t;GeneMark},{GlimmerHMM_glimmerT_3870-T1;GlimmerHMM},{Augustus_model.g3222.t1;Augustus}
83775	83578	initial-	4	6	{GlimmerHMM_glimmerT_3870-T1;GlimmerHMM}

# EVM prediction: Mode:STANDARD S-ratio: 2.93 85111-86989 orient(-) score(9563.00) noncoding_equivalent(3264.64) raw_noncoding(4082.07) offset(817.43) 
85413	85111	terminal-	4	6	{HiQ_model.g3223.t1;HiQ},{GlimmerHMM_glimmerT_3871-T1;GlimmerHMM}
85493	85414	INTRON			{GeneMark_model.4134_t;GeneMark},{HiQ_model.g3223.t1;HiQ},{GlimmerHMM_glimmerT_3871-T1;GlimmerHMM},{ev_type:exonerate/ID=match.2566964.3528/Target=lcl|PJQD01000048_1_prot_POY72477_1_4375;exonerate}
85667	85494	internal-	4	6	{GeneMark_model.4134_t;GeneMark},{HiQ_model.g3223.t1;HiQ},{GlimmerHMM_glimmerT_3871-T1;GlimmerHMM},{ev_type:exonerate/ID=match.2566964.3528/Target=lcl|PJQD01000048_1_prot_POY72477_1_4375;exonerate}
85751	85668	INTRON			{GeneMark_model.4134_t;GeneMark},{HiQ_model.g3223.t1;HiQ},{ev_type:exonerate/ID=match.2566964.3528/Target=lcl|PJQD01000048_1_prot_POY72477_1_4375;exonerate}
86095	85752	internal-	5	6	{GeneMark_model.4134_t;GeneMark},{HiQ_model.g3223.t1;HiQ},{ev_type:exonerate/ID=match.2566964.3528/Target=lcl|PJQD01000048_1_prot_POY72477_1_4375;exonerate}
86160	86096	INTRON			{GeneMark_model.4134_t;GeneMark},{HiQ_model.g3223.t1;HiQ},{GlimmerHMM_glimmerT_3871-T1;GlimmerHMM},{ev_type:exonerate/ID=match.2566964.3528/Target=lcl|PJQD01000048_1_prot_POY72477_1_4375;exonerate}
86335	86161	internal-	4	4	{GeneMark_model.4134_t;GeneMark},{HiQ_model.g3223.t1;HiQ},{GlimmerHMM_glimmerT_3871-T1;GlimmerHMM},{ev_type:exonerate/ID=match.2566964.3528/Target=lcl|PJQD01000048_1_prot_POY72477_1_4375;exonerate}
86402	86336	INTRON			{GeneMark_model.4134_t;GeneMark},{HiQ_model.g3223.t1;HiQ},{GlimmerHMM_glimmerT_3871-T1;GlimmerHMM},{ev_type:exonerate/ID=match.2566964.3528/Target=lcl|PJQD01000048_1_prot_POY72477_1_4375;exonerate}
86686	86403	internal-	5	6	{GeneMark_model.4134_t;GeneMark},{HiQ_model.g3223.t1;HiQ},{GlimmerHMM_glimmerT_3871-T1;GlimmerHMM},{ev_type:exonerate/ID=match.2566964.3528/Target=lcl|PJQD01000048_1_prot_POY72477_1_4375;exonerate}
86757	86687	INTRON			{GeneMark_model.4134_t;GeneMark},{HiQ_model.g3223.t1;HiQ},{GlimmerHMM_glimmerT_3871-T1;GlimmerHMM},{ev_type:exonerate/ID=match.2566964.3528/Target=lcl|PJQD01000048_1_prot_POY72477_1_4375;exonerate}
86829	86758	internal-	5	4	{GeneMark_model.4134_t;GeneMark},{HiQ_model.g3223.t1;HiQ},{ev_type:exonerate/ID=match.2566964.3528/Target=lcl|PJQD01000048_1_prot_POY72477_1_4375;exonerate}
86907	86830	INTRON			{GeneMark_model.4134_t;GeneMark},{HiQ_model.g3223.t1;HiQ},{ev_type:exonerate/ID=match.2566964.3528/Target=lcl|PJQD01000048_1_prot_POY72477_1_4375;exonerate}
86989	86908	initial-	4	4	{GeneMark_model.4134_t;GeneMark},{HiQ_model.g3223.t1;HiQ}

