!! Predictions spanning range 4005 - 106313 [R1]
# EVM prediction: Mode:STANDARD S-ratio: 5.32 4005-6042 orient(-) score(16235.00) noncoding_equivalent(3049.86) raw_noncoding(4246.00) offset(1196.14) 
4316	4005	terminal-	4	6	{snap_scaffold_2-snap.84-T1;snap},{GlimmerHMM_glimmerT_720-T1;GlimmerHMM},{HiQ_model.g602.t1;HiQ},{GeneMark_model.792_t;GeneMark}
4385	4317	INTRON			{GlimmerHMM_glimmerT_720-T1;GlimmerHMM},{HiQ_model.g602.t1;HiQ},{GeneMark_model.792_t;GeneMark},{ev_type:exonerate/ID=match.2566964.1125/Target=lcl|KQ954515_1_prot_KWU42117_1_5491;exonerate},{ev_type:exonerate/ID=match.2566964.1133/Target=lcl|LCTV02000008_1_prot_PRQ73052_1_7437;exonerate},{ev_type:exonerate/ID=match.2566964.1123/Target=lcl|PJQD01000001_1_prot_POY76838_1_87;exonerate},{ev_type:exonerate/ID=match.2566964.1134/Target=lcl|NW_017264931_1_prot_XP_018272268_1_2099;exonerate}
4533	4386	internal-	6	6	{GlimmerHMM_glimmerT_720-T1;GlimmerHMM},{HiQ_model.g602.t1;HiQ},{GeneMark_model.792_t;GeneMark},{ev_type:exonerate/ID=match.2566964.1125/Target=lcl|KQ954515_1_prot_KWU42117_1_5491;exonerate},{ev_type:exonerate/ID=match.2566964.1133/Target=lcl|LCTV02000008_1_prot_PRQ73052_1_7437;exonerate},{ev_type:exonerate/ID=match.2566964.1123/Target=lcl|PJQD01000001_1_prot_POY76838_1_87;exonerate},{ev_type:exonerate/ID=match.2566964.1134/Target=lcl|NW_017264931_1_prot_XP_018272268_1_2099;exonerate}
4599	4534	INTRON			{GlimmerHMM_glimmerT_720-T1;GlimmerHMM},{HiQ_model.g602.t1;HiQ},{GeneMark_model.792_t;GeneMark},{ev_type:exonerate/ID=match.2566964.1125/Target=lcl|KQ954515_1_prot_KWU42117_1_5491;exonerate},{ev_type:exonerate/ID=match.2566964.1133/Target=lcl|LCTV02000008_1_prot_PRQ73052_1_7437;exonerate},{ev_type:exonerate/ID=match.2566964.1123/Target=lcl|PJQD01000001_1_prot_POY76838_1_87;exonerate},{ev_type:exonerate/ID=match.2566964.1134/Target=lcl|NW_017264931_1_prot_XP_018272268_1_2099;exonerate}
4946	4600	internal-	4	5	{GlimmerHMM_glimmerT_720-T1;GlimmerHMM},{HiQ_model.g602.t1;HiQ},{GeneMark_model.792_t;GeneMark},{ev_type:exonerate/ID=match.2566964.1125/Target=lcl|KQ954515_1_prot_KWU42117_1_5491;exonerate},{ev_type:exonerate/ID=match.2566964.1133/Target=lcl|LCTV02000008_1_prot_PRQ73052_1_7437;exonerate},{ev_type:exonerate/ID=match.2566964.1123/Target=lcl|PJQD01000001_1_prot_POY76838_1_87;exonerate},{ev_type:exonerate/ID=match.2566964.1134/Target=lcl|NW_017264931_1_prot_XP_018272268_1_2099;exonerate}
5019	4947	INTRON			{GlimmerHMM_glimmerT_720-T1;GlimmerHMM},{HiQ_model.g602.t1;HiQ},{GeneMark_model.792_t;GeneMark},{ev_type:exonerate/ID=match.2566964.1125/Target=lcl|KQ954515_1_prot_KWU42117_1_5491;exonerate},{ev_type:exonerate/ID=match.2566964.1133/Target=lcl|LCTV02000008_1_prot_PRQ73052_1_7437;exonerate},{ev_type:exonerate/ID=match.2566964.1123/Target=lcl|PJQD01000001_1_prot_POY76838_1_87;exonerate},{ev_type:exonerate/ID=match.2566964.1134/Target=lcl|NW_017264931_1_prot_XP_018272268_1_2099;exonerate}
5472	5020	internal-	4	6	{GlimmerHMM_glimmerT_720-T1;GlimmerHMM},{HiQ_model.g602.t1;HiQ},{GeneMark_model.792_t;GeneMark},{ev_type:exonerate/ID=match.2566964.1125/Target=lcl|KQ954515_1_prot_KWU42117_1_5491;exonerate},{ev_type:exonerate/ID=match.2566964.1133/Target=lcl|LCTV02000008_1_prot_PRQ73052_1_7437;exonerate},{ev_type:exonerate/ID=match.2566964.1123/Target=lcl|PJQD01000001_1_prot_POY76838_1_87;exonerate},{ev_type:exonerate/ID=match.2566964.1134/Target=lcl|NW_017264931_1_prot_XP_018272268_1_2099;exonerate}
5538	5473	INTRON			{GlimmerHMM_glimmerT_720-T1;GlimmerHMM},{HiQ_model.g602.t1;HiQ},{GeneMark_model.792_t;GeneMark},{ev_type:exonerate/ID=match.2566964.1125/Target=lcl|KQ954515_1_prot_KWU42117_1_5491;exonerate},{ev_type:exonerate/ID=match.2566964.1133/Target=lcl|LCTV02000008_1_prot_PRQ73052_1_7437;exonerate},{ev_type:exonerate/ID=match.2566964.1123/Target=lcl|PJQD01000001_1_prot_POY76838_1_87;exonerate},{ev_type:exonerate/ID=match.2566964.1134/Target=lcl|NW_017264931_1_prot_XP_018272268_1_2099;exonerate}
5646	5539	internal-	4	6	{GlimmerHMM_glimmerT_720-T1;GlimmerHMM},{HiQ_model.g602.t1;HiQ},{GeneMark_model.792_t;GeneMark},{ev_type:exonerate/ID=match.2566964.1125/Target=lcl|KQ954515_1_prot_KWU42117_1_5491;exonerate},{ev_type:exonerate/ID=match.2566964.1133/Target=lcl|LCTV02000008_1_prot_PRQ73052_1_7437;exonerate},{ev_type:exonerate/ID=match.2566964.1123/Target=lcl|PJQD01000001_1_prot_POY76838_1_87;exonerate},{ev_type:exonerate/ID=match.2566964.1134/Target=lcl|NW_017264931_1_prot_XP_018272268_1_2099;exonerate}
5768	5647	INTRON			{GlimmerHMM_glimmerT_720-T1;GlimmerHMM},{HiQ_model.g602.t1;HiQ},{GeneMark_model.792_t;GeneMark},{ev_type:exonerate/ID=match.2566964.1125/Target=lcl|KQ954515_1_prot_KWU42117_1_5491;exonerate},{ev_type:exonerate/ID=match.2566964.1133/Target=lcl|LCTV02000008_1_prot_PRQ73052_1_7437;exonerate},{ev_type:exonerate/ID=match.2566964.1123/Target=lcl|PJQD01000001_1_prot_POY76838_1_87;exonerate},{ev_type:exonerate/ID=match.2566964.1134/Target=lcl|NW_017264931_1_prot_XP_018272268_1_2099;exonerate}
5820	5769	internal-	6	6	{GlimmerHMM_glimmerT_720-T1;GlimmerHMM},{HiQ_model.g602.t1;HiQ},{ev_type:exonerate/ID=match.2566964.1134/Target=lcl|NW_017264931_1_prot_XP_018272268_1_2099;exonerate}
6013	5821	INTRON			{GlimmerHMM_glimmerT_720-T1;GlimmerHMM},{HiQ_model.g602.t1;HiQ},{ev_type:exonerate/ID=match.2566964.1134/Target=lcl|NW_017264931_1_prot_XP_018272268_1_2099;exonerate}
6042	6014	initial-	4	5	{GlimmerHMM_glimmerT_720-T1;GlimmerHMM},{HiQ_model.g602.t1;HiQ}

# EVM prediction: Mode:STANDARD S-ratio: 2.28 6326-9292 orient(-) score(8621.00) noncoding_equivalent(3777.80) raw_noncoding(5196.00) offset(1418.20) 
6438	6326	terminal-	5	6	{GeneMark_model.793_t;GeneMark},{Augustus_model.g603.t1;Augustus},{GlimmerHMM_glimmerT_721-T1;GlimmerHMM}
6507	6439	INTRON			{GeneMark_model.793_t;GeneMark},{Augustus_model.g603.t1;Augustus},{GlimmerHMM_glimmerT_721-T1;GlimmerHMM}
6596	6508	internal-	6	4	{GeneMark_model.793_t;GeneMark},{Augustus_model.g603.t1;Augustus},{GlimmerHMM_glimmerT_721-T1;GlimmerHMM}
6677	6597	INTRON			{GeneMark_model.793_t;GeneMark},{Augustus_model.g603.t1;Augustus},{GlimmerHMM_glimmerT_721-T1;GlimmerHMM}
7025	6678	internal-	6	5	{GeneMark_model.793_t;GeneMark},{Augustus_model.g603.t1;Augustus},{GlimmerHMM_glimmerT_721-T1;GlimmerHMM}
7089	7026	INTRON			{GeneMark_model.793_t;GeneMark},{Augustus_model.g603.t1;Augustus},{GlimmerHMM_glimmerT_721-T1;GlimmerHMM}
7190	7090	internal-	4	5	{GeneMark_model.793_t;GeneMark},{Augustus_model.g603.t1;Augustus},{GlimmerHMM_glimmerT_721-T1;GlimmerHMM}
7254	7191	INTRON			{GeneMark_model.793_t;GeneMark},{Augustus_model.g603.t1;Augustus},{GlimmerHMM_glimmerT_721-T1;GlimmerHMM}
7368	7255	internal-	4	6	{GeneMark_model.793_t;GeneMark},{Augustus_model.g603.t1;Augustus},{GlimmerHMM_glimmerT_721-T1;GlimmerHMM}
7426	7369	INTRON			{GeneMark_model.793_t;GeneMark},{Augustus_model.g603.t1;Augustus},{GlimmerHMM_glimmerT_721-T1;GlimmerHMM}
7639	7427	internal-	4	6	{GeneMark_model.793_t;GeneMark},{Augustus_model.g603.t1;Augustus},{GlimmerHMM_glimmerT_721-T1;GlimmerHMM}
7712	7640	INTRON			{GeneMark_model.793_t;GeneMark},{Augustus_model.g603.t1;Augustus},{GlimmerHMM_glimmerT_721-T1;GlimmerHMM}
7893	7713	internal-	6	6	{GeneMark_model.793_t;GeneMark},{Augustus_model.g603.t1;Augustus},{GlimmerHMM_glimmerT_721-T1;GlimmerHMM}
7955	7894	INTRON			{GeneMark_model.793_t;GeneMark},{Augustus_model.g603.t1;Augustus}
8034	7956	internal-	5	5	{GeneMark_model.793_t;GeneMark},{Augustus_model.g603.t1;Augustus}
8190	8035	INTRON			{Augustus_model.g603.t1;Augustus}
8209	8191	internal-	4	4	{Augustus_model.g603.t1;Augustus}
8276	8210	INTRON			{GeneMark_model.793_t;GeneMark},{Augustus_model.g603.t1;Augustus}
8497	8277	internal-	5	6	{GeneMark_model.793_t;GeneMark},{Augustus_model.g603.t1;Augustus},{GlimmerHMM_glimmerT_721-T1;GlimmerHMM}
8558	8498	INTRON			{GeneMark_model.793_t;GeneMark},{Augustus_model.g603.t1;Augustus},{GlimmerHMM_glimmerT_721-T1;GlimmerHMM}
8652	8559	internal-	4	4	{GeneMark_model.793_t;GeneMark},{Augustus_model.g603.t1;Augustus},{GlimmerHMM_glimmerT_721-T1;GlimmerHMM}
8721	8653	INTRON			{GeneMark_model.793_t;GeneMark},{Augustus_model.g603.t1;Augustus},{GlimmerHMM_glimmerT_721-T1;GlimmerHMM}
8911	8722	internal-	6	6	{GeneMark_model.793_t;GeneMark},{Augustus_model.g603.t1;Augustus},{GlimmerHMM_glimmerT_721-T1;GlimmerHMM}
8974	8912	INTRON			{GeneMark_model.793_t;GeneMark}
9068	8975	internal-	5	5	{GeneMark_model.793_t;GeneMark}
9108	9069	INTRON			{GeneMark_model.793_t;GeneMark}
9292	9109	initial-	4	4	{GeneMark_model.793_t;GeneMark},{Augustus_model.g603.t1;Augustus}

# EVM prediction: Mode:STANDARD S-ratio: 6.12 10186-11746 orient(+) score(6329.00) noncoding_equivalent(1034.94) raw_noncoding(1228.00) offset(193.06) 
10186	10350	initial+	1	3	{GeneMark_model.794_t;GeneMark},{Augustus_model.g604.t1;Augustus},{GlimmerHMM_glimmerT_722-T1;GlimmerHMM}
10351	10407	INTRON			{GeneMark_model.794_t;GeneMark},{Augustus_model.g604.t1;Augustus},{ev_type:exonerate/ID=match.2566964.1301/Target=lcl|KQ954515_1_prot_KWU42119_1_5493;exonerate}
10408	10456	internal+	1	1	{GeneMark_model.794_t;GeneMark},{Augustus_model.g604.t1;Augustus},{ev_type:exonerate/ID=match.2566964.1301/Target=lcl|KQ954515_1_prot_KWU42119_1_5493;exonerate}
10457	10527	INTRON			{GeneMark_model.794_t;GeneMark},{Augustus_model.g604.t1;Augustus},{GlimmerHMM_glimmerT_722-T1;GlimmerHMM},{snap_scaffold_2-snap.88-T1;snap},{ev_type:exonerate/ID=match.2566964.1301/Target=lcl|KQ954515_1_prot_KWU42119_1_5493;exonerate}
10528	11204	internal+	2	3	{GeneMark_model.794_t;GeneMark},{Augustus_model.g604.t1;Augustus},{GlimmerHMM_glimmerT_722-T1;GlimmerHMM}
11205	11266	INTRON			{GeneMark_model.794_t;GeneMark},{Augustus_model.g604.t1;Augustus},{GlimmerHMM_glimmerT_722-T1;GlimmerHMM}
11267	11458	internal+	1	3	{GeneMark_model.794_t;GeneMark},{Augustus_model.g604.t1;Augustus},{GlimmerHMM_glimmerT_722-T1;GlimmerHMM}
11459	11530	INTRON			{GeneMark_model.794_t;GeneMark},{Augustus_model.g604.t1;Augustus},{GlimmerHMM_glimmerT_722-T1;GlimmerHMM}
11531	11746	terminal+	1	3	{GeneMark_model.794_t;GeneMark},{Augustus_model.g604.t1;Augustus},{GlimmerHMM_glimmerT_722-T1;GlimmerHMM},{snap_scaffold_2-snap.89-T1;snap}

# EVM prediction: Mode:STANDARD S-ratio: 3.17 11900-13145 orient(-) score(4122.00) noncoding_equivalent(1300.64) raw_noncoding(1494.37) offset(193.73) 
12397	11900	terminal-	4	6	{GeneMark_model.795_t;GeneMark},{GlimmerHMM_glimmerT_723-T1;GlimmerHMM},{Augustus_model.g605.t1;Augustus}
12459	12398	INTRON			{GeneMark_model.795_t;GeneMark},{GlimmerHMM_glimmerT_723-T1;GlimmerHMM},{Augustus_model.g605.t1;Augustus}
12874	12460	internal-	6	6	{GeneMark_model.795_t;GeneMark},{GlimmerHMM_glimmerT_723-T1;GlimmerHMM},{Augustus_model.g605.t1;Augustus}
12940	12875	INTRON			{GeneMark_model.795_t;GeneMark},{GlimmerHMM_glimmerT_723-T1;GlimmerHMM},{Augustus_model.g605.t1;Augustus}
12980	12941	internal-	5	5	{GeneMark_model.795_t;GeneMark},{GlimmerHMM_glimmerT_723-T1;GlimmerHMM},{Augustus_model.g605.t1;Augustus}
13078	12981	INTRON			{GeneMark_model.795_t;GeneMark},{GlimmerHMM_glimmerT_723-T1;GlimmerHMM},{Augustus_model.g605.t1;Augustus}
13145	13079	initial-	4	4	{GeneMark_model.795_t;GeneMark},{GlimmerHMM_glimmerT_723-T1;GlimmerHMM},{Augustus_model.g605.t1;Augustus}

# EVM prediction: Mode:STANDARD S-ratio: 12.35 13461-20103 orient(+) score(24942.00) noncoding_equivalent(2020.24) raw_noncoding(2275.00) offset(254.76) 
13461	13537	initial+	1	2	{GlimmerHMM_glimmerT_724-T1;GlimmerHMM},{GeneMark_model.796_t;GeneMark}
13538	13594	INTRON			{GlimmerHMM_glimmerT_724-T1;GlimmerHMM},{GeneMark_model.796_t;GeneMark}
13595	14007	internal+	3	1	{GlimmerHMM_glimmerT_724-T1;GlimmerHMM},{Augustus_model.g606.t1;Augustus},{GeneMark_model.796_t;GeneMark}
14008	14074	INTRON			{GlimmerHMM_glimmerT_724-T1;GlimmerHMM},{Augustus_model.g606.t1;Augustus},{GeneMark_model.796_t;GeneMark}
14075	17007	internal+	2	3	{GlimmerHMM_glimmerT_724-T1;GlimmerHMM},{Augustus_model.g606.t1;Augustus},{GeneMark_model.796_t;GeneMark}
17008	17071	INTRON			{GlimmerHMM_glimmerT_724-T1;GlimmerHMM},{Augustus_model.g606.t1;Augustus},{GeneMark_model.796_t;GeneMark}
17072	19417	internal+	1	3	{GlimmerHMM_glimmerT_724-T1;GlimmerHMM},{Augustus_model.g606.t1;Augustus},{GeneMark_model.796_t;GeneMark}
19418	19488	INTRON			{GlimmerHMM_glimmerT_724-T1;GlimmerHMM},{Augustus_model.g606.t1;Augustus},{GeneMark_model.796_t;GeneMark}
19489	20103	terminal+	1	3	{GlimmerHMM_glimmerT_724-T1;GlimmerHMM},{Augustus_model.g606.t1;Augustus},{GeneMark_model.796_t;GeneMark}

# EVM prediction: Mode:STANDARD S-ratio: 9.41 20465-20893 orient(-) score(2636.00) noncoding_equivalent(280.00) raw_noncoding(315.00) offset(35.00) 
20484	20465	terminal-	5	6	{Augustus_model.g607.t1;Augustus},{GlimmerHMM_glimmerT_725-T1;GlimmerHMM},{GeneMark_model.797_t;GeneMark}
20553	20485	INTRON			{Augustus_model.g607.t1;Augustus},{GlimmerHMM_glimmerT_725-T1;GlimmerHMM},{GeneMark_model.797_t;GeneMark}
20893	20554	initial-	4	4	{Augustus_model.g607.t1;Augustus},{GlimmerHMM_glimmerT_725-T1;GlimmerHMM},{GeneMark_model.797_t;GeneMark}

# EVM prediction: Mode:STANDARD S-ratio: 26.37 21325-24530 orient(+) score(12498.00) noncoding_equivalent(474.00) raw_noncoding(480.00) offset(6.00) 
21325	24223	initial+	1	1	{GlimmerHMM_glimmerT_726-T1;GlimmerHMM}
24224	24300	INTRON			{GlimmerHMM_glimmerT_726-T1;GlimmerHMM},{GeneMark_model.798_t;GeneMark},{Augustus_model.g608.t1;Augustus}
24301	24530	terminal+	2	3	{GlimmerHMM_glimmerT_726-T1;GlimmerHMM},{GeneMark_model.798_t;GeneMark},{Augustus_model.g608.t1;Augustus}

# EVM prediction: Mode:STANDARD S-ratio: 4.12 24799-29759 orient(-) score(20568.00) noncoding_equivalent(4992.88) raw_noncoding(5690.00) offset(697.12) 
25554	24799	terminal-	4	6	{GlimmerHMM_glimmerT_727-T1;GlimmerHMM},{Augustus_model.g609.t1;Augustus},{GeneMark_model.799_t;GeneMark}
25615	25555	INTRON			{GlimmerHMM_glimmerT_727-T1;GlimmerHMM},{Augustus_model.g609.t1;Augustus},{GeneMark_model.799_t;GeneMark},{ev_type:exonerate/ID=match.2566964.1067/Target=lcl|KQ954491_1_prot_KWU43362_1_4293;exonerate}
25751	25616	internal-	6	6	{GlimmerHMM_glimmerT_727-T1;GlimmerHMM},{Augustus_model.g609.t1;Augustus},{GeneMark_model.799_t;GeneMark},{ev_type:exonerate/ID=match.2566964.1067/Target=lcl|KQ954491_1_prot_KWU43362_1_4293;exonerate}
25820	25752	INTRON			{GlimmerHMM_glimmerT_727-T1;GlimmerHMM},{Augustus_model.g609.t1;Augustus},{GeneMark_model.799_t;GeneMark},{ev_type:exonerate/ID=match.2566964.1067/Target=lcl|KQ954491_1_prot_KWU43362_1_4293;exonerate}
26050	25821	internal-	4	5	{GlimmerHMM_glimmerT_727-T1;GlimmerHMM},{GeneMark_model.799_t;GeneMark}
26119	26051	INTRON			{GlimmerHMM_glimmerT_727-T1;GlimmerHMM},{Augustus_model.g609.t1;Augustus},{GeneMark_model.799_t;GeneMark}
26560	26120	internal-	4	6	{GlimmerHMM_glimmerT_727-T1;GlimmerHMM},{Augustus_model.g609.t1;Augustus},{GeneMark_model.799_t;GeneMark},{ev_type:exonerate/ID=match.2566964.1067/Target=lcl|KQ954491_1_prot_KWU43362_1_4293;exonerate}
26628	26561	INTRON			{GlimmerHMM_glimmerT_727-T1;GlimmerHMM},{Augustus_model.g609.t1;Augustus},{GeneMark_model.799_t;GeneMark},{ev_type:exonerate/ID=match.2566964.1067/Target=lcl|KQ954491_1_prot_KWU43362_1_4293;exonerate}
26720	26629	internal-	5	6	{GlimmerHMM_glimmerT_727-T1;GlimmerHMM},{Augustus_model.g609.t1;Augustus},{GeneMark_model.799_t;GeneMark},{ev_type:exonerate/ID=match.2566964.1067/Target=lcl|KQ954491_1_prot_KWU43362_1_4293;exonerate}
26793	26721	INTRON			{GlimmerHMM_glimmerT_727-T1;GlimmerHMM},{Augustus_model.g609.t1;Augustus},{GeneMark_model.799_t;GeneMark},{ev_type:exonerate/ID=match.2566964.1067/Target=lcl|KQ954491_1_prot_KWU43362_1_4293;exonerate}
27853	26794	internal-	4	4	{GlimmerHMM_glimmerT_727-T1;GlimmerHMM},{Augustus_model.g609.t1;Augustus},{GeneMark_model.799_t;GeneMark},{ev_type:exonerate/ID=match.2566964.1067/Target=lcl|KQ954491_1_prot_KWU43362_1_4293;exonerate}
27913	27854	INTRON			{GlimmerHMM_glimmerT_727-T1;GlimmerHMM},{Augustus_model.g609.t1;Augustus},{GeneMark_model.799_t;GeneMark},{ev_type:exonerate/ID=match.2566964.1067/Target=lcl|KQ954491_1_prot_KWU43362_1_4293;exonerate}
28212	27914	internal-	5	6	{GlimmerHMM_glimmerT_727-T1;GlimmerHMM},{Augustus_model.g609.t1;Augustus},{GeneMark_model.799_t;GeneMark},{ev_type:exonerate/ID=match.2566964.1067/Target=lcl|KQ954491_1_prot_KWU43362_1_4293;exonerate}
28273	28213	INTRON			{GlimmerHMM_glimmerT_727-T1;GlimmerHMM},{Augustus_model.g609.t1;Augustus},{GeneMark_model.799_t;GeneMark},{ev_type:exonerate/ID=match.2566964.1067/Target=lcl|KQ954491_1_prot_KWU43362_1_4293;exonerate}
28697	28274	internal-	4	4	{GlimmerHMM_glimmerT_727-T1;GlimmerHMM},{Augustus_model.g609.t1;Augustus},{GeneMark_model.799_t;GeneMark},{ev_type:exonerate/ID=match.2566964.1067/Target=lcl|KQ954491_1_prot_KWU43362_1_4293;exonerate}
28762	28698	INTRON			{GlimmerHMM_glimmerT_727-T1;GlimmerHMM},{Augustus_model.g609.t1;Augustus},{GeneMark_model.799_t;GeneMark},{ev_type:exonerate/ID=match.2566964.1067/Target=lcl|KQ954491_1_prot_KWU43362_1_4293;exonerate}
28840	28763	internal-	4	6	{Augustus_model.g609.t1;Augustus},{GeneMark_model.799_t;GeneMark},{ev_type:exonerate/ID=match.2566964.1067/Target=lcl|KQ954491_1_prot_KWU43362_1_4293;exonerate}
28904	28841	INTRON			{Augustus_model.g609.t1;Augustus},{GeneMark_model.799_t;GeneMark},{ev_type:exonerate/ID=match.2566964.1067/Target=lcl|KQ954491_1_prot_KWU43362_1_4293;exonerate}
29270	28905	internal-	4	6	{Augustus_model.g609.t1;Augustus},{GeneMark_model.799_t;GeneMark},{ev_type:exonerate/ID=match.2566964.1067/Target=lcl|KQ954491_1_prot_KWU43362_1_4293;exonerate}
29339	29271	INTRON			{Augustus_model.g609.t1;Augustus},{GeneMark_model.799_t;GeneMark},{ev_type:exonerate/ID=match.2566964.1067/Target=lcl|KQ954491_1_prot_KWU43362_1_4293;exonerate}
29361	29340	internal-	6	6	{Augustus_model.g609.t1;Augustus},{GeneMark_model.799_t;GeneMark},{ev_type:exonerate/ID=match.2566964.1067/Target=lcl|KQ954491_1_prot_KWU43362_1_4293;exonerate}
29423	29362	INTRON			{GlimmerHMM_glimmerT_727-T1;GlimmerHMM},{Augustus_model.g609.t1;Augustus},{GeneMark_model.799_t;GeneMark},{ev_type:exonerate/ID=match.2566964.1067/Target=lcl|KQ954491_1_prot_KWU43362_1_4293;exonerate}
29527	29424	internal-	4	5	{GlimmerHMM_glimmerT_727-T1;GlimmerHMM},{Augustus_model.g609.t1;Augustus},{GeneMark_model.799_t;GeneMark}
29595	29528	INTRON			{GlimmerHMM_glimmerT_727-T1;GlimmerHMM},{Augustus_model.g609.t1;Augustus},{GeneMark_model.799_t;GeneMark}
29679	29596	internal-	4	6	{GlimmerHMM_glimmerT_727-T1;GlimmerHMM},{Augustus_model.g609.t1;Augustus},{GeneMark_model.799_t;GeneMark}
29756	29680	INTRON			{GlimmerHMM_glimmerT_727-T1;GlimmerHMM},{Augustus_model.g609.t1;Augustus},{GeneMark_model.799_t;GeneMark}
29759	29757	initial-	4	6	{GlimmerHMM_glimmerT_727-T1;GlimmerHMM},{Augustus_model.g609.t1;Augustus},{GeneMark_model.799_t;GeneMark}

# EVM prediction: Mode:STANDARD S-ratio: 4.08 30133-36621 orient(-) score(23933.00) noncoding_equivalent(5864.87) raw_noncoding(7386.00) offset(1521.13) 
30517	30133	terminal-	6	6	{GeneMark_model.800_t;GeneMark},{GlimmerHMM_glimmerT_728-T1;GlimmerHMM},{Augustus_model.g610.t1;Augustus}
30575	30518	INTRON			{GeneMark_model.800_t;GeneMark},{GlimmerHMM_glimmerT_728-T1;GlimmerHMM},{Augustus_model.g610.t1;Augustus}
31950	30576	internal-	5	5	{GeneMark_model.800_t;GeneMark},{GlimmerHMM_glimmerT_728-T1;GlimmerHMM},{Augustus_model.g610.t1;Augustus}
32010	31951	INTRON			{GeneMark_model.800_t;GeneMark},{Augustus_model.g610.t1;Augustus}
32119	32011	internal-	4	4	{GeneMark_model.800_t;GeneMark},{Augustus_model.g610.t1;Augustus}
32197	32120	INTRON			{GeneMark_model.800_t;GeneMark},{Augustus_model.g610.t1;Augustus}
32248	32198	internal-	4	6	{GeneMark_model.800_t;GeneMark},{Augustus_model.g610.t1;Augustus}
32309	32249	INTRON			{GeneMark_model.800_t;GeneMark},{Augustus_model.g610.t1;Augustus}
32786	32310	internal-	4	6	{GeneMark_model.800_t;GeneMark},{Augustus_model.g610.t1;Augustus}
32873	32787	INTRON			{GeneMark_model.800_t;GeneMark},{GlimmerHMM_glimmerT_728-T1;GlimmerHMM},{Augustus_model.g610.t1;Augustus}
33106	32874	internal-	5	6	{GeneMark_model.800_t;GeneMark},{GlimmerHMM_glimmerT_728-T1;GlimmerHMM}
33425	33107	INTRON			{GeneMark_model.800_t;GeneMark},{GlimmerHMM_glimmerT_728-T1;GlimmerHMM}
33852	33426	internal-	4	4	{GeneMark_model.800_t;GeneMark},{GlimmerHMM_glimmerT_728-T1;GlimmerHMM}
33916	33853	INTRON			{GeneMark_model.800_t;GeneMark},{GlimmerHMM_glimmerT_728-T1;GlimmerHMM},{Augustus_model.g610.t1;Augustus}
34610	33917	internal-	6	6	{GeneMark_model.800_t;GeneMark},{GlimmerHMM_glimmerT_728-T1;GlimmerHMM},{Augustus_model.g610.t1;Augustus}
34664	34611	INTRON			{GeneMark_model.800_t;GeneMark},{GlimmerHMM_glimmerT_728-T1;GlimmerHMM},{Augustus_model.g610.t1;Augustus},{ev_type:exonerate/ID=match.2566964.1089/Target=lcl|KQ954491_1_prot_KWU43363_1_4294;exonerate}
35161	34665	internal-	4	5	{GeneMark_model.800_t;GeneMark},{GlimmerHMM_glimmerT_728-T1;GlimmerHMM},{Augustus_model.g610.t1;Augustus},{ev_type:exonerate/ID=match.2566964.1089/Target=lcl|KQ954491_1_prot_KWU43363_1_4294;exonerate}
35226	35162	INTRON			{GeneMark_model.800_t;GeneMark},{GlimmerHMM_glimmerT_728-T1;GlimmerHMM},{Augustus_model.g610.t1;Augustus},{ev_type:exonerate/ID=match.2566964.1089/Target=lcl|KQ954491_1_prot_KWU43363_1_4294;exonerate}
35372	35227	internal-	5	6	{GeneMark_model.800_t;GeneMark},{GlimmerHMM_glimmerT_728-T1;GlimmerHMM},{Augustus_model.g610.t1;Augustus},{ev_type:exonerate/ID=match.2566964.1089/Target=lcl|KQ954491_1_prot_KWU43363_1_4294;exonerate}
35430	35373	INTRON			{GeneMark_model.800_t;GeneMark},{GlimmerHMM_glimmerT_728-T1;GlimmerHMM},{Augustus_model.g610.t1;Augustus},{ev_type:exonerate/ID=match.2566964.1089/Target=lcl|KQ954491_1_prot_KWU43363_1_4294;exonerate}
35644	35431	internal-	4	4	{GeneMark_model.800_t;GeneMark},{GlimmerHMM_glimmerT_728-T1;GlimmerHMM},{Augustus_model.g610.t1;Augustus},{ev_type:exonerate/ID=match.2566964.1089/Target=lcl|KQ954491_1_prot_KWU43363_1_4294;exonerate}
35706	35645	INTRON			{GeneMark_model.800_t;GeneMark},{GlimmerHMM_glimmerT_728-T1;GlimmerHMM},{Augustus_model.g610.t1;Augustus},{ev_type:exonerate/ID=match.2566964.1089/Target=lcl|KQ954491_1_prot_KWU43363_1_4294;exonerate}
36153	35707	internal-	4	6	{GeneMark_model.800_t;GeneMark},{GlimmerHMM_glimmerT_728-T1;GlimmerHMM},{Augustus_model.g610.t1;Augustus},{ev_type:exonerate/ID=match.2566964.1089/Target=lcl|KQ954491_1_prot_KWU43363_1_4294;exonerate}
36214	36154	INTRON			{GeneMark_model.800_t;GeneMark},{GlimmerHMM_glimmerT_728-T1;GlimmerHMM},{Augustus_model.g610.t1;Augustus},{ev_type:exonerate/ID=match.2566964.1089/Target=lcl|KQ954491_1_prot_KWU43363_1_4294;exonerate}
36376	36215	internal-	4	6	{GeneMark_model.800_t;GeneMark},{GlimmerHMM_glimmerT_728-T1;GlimmerHMM},{Augustus_model.g610.t1;Augustus},{ev_type:exonerate/ID=match.2566964.1089/Target=lcl|KQ954491_1_prot_KWU43363_1_4294;exonerate}
36462	36377	INTRON			{GeneMark_model.800_t;GeneMark},{GlimmerHMM_glimmerT_728-T1;GlimmerHMM},{Augustus_model.g610.t1;Augustus},{ev_type:exonerate/ID=match.2566964.1089/Target=lcl|KQ954491_1_prot_KWU43363_1_4294;exonerate}
36621	36463	initial-	4	6	{GeneMark_model.800_t;GeneMark},{GlimmerHMM_glimmerT_728-T1;GlimmerHMM},{Augustus_model.g610.t1;Augustus}

# EVM prediction: Mode:STANDARD S-ratio: 2.89 37161-39623 orient(+) score(7934.00) noncoding_equivalent(2746.58) raw_noncoding(3367.00) offset(620.42) 
37161	37411	initial+	1	2	{GeneMark_model.801_t;GeneMark},{GlimmerHMM_glimmerT_729-T1;GlimmerHMM}
37412	37476	INTRON			{GeneMark_model.801_t;GeneMark},{GlimmerHMM_glimmerT_729-T1;GlimmerHMM},{Augustus_model.g611.t1;Augustus}
37477	37523	internal+	3	1	{GeneMark_model.801_t;GeneMark},{GlimmerHMM_glimmerT_729-T1;GlimmerHMM},{Augustus_model.g611.t1;Augustus}
37524	37587	INTRON			{GeneMark_model.801_t;GeneMark},{GlimmerHMM_glimmerT_729-T1;GlimmerHMM},{Augustus_model.g611.t1;Augustus}
37588	37946	internal+	2	3	{GeneMark_model.801_t;GeneMark},{GlimmerHMM_glimmerT_729-T1;GlimmerHMM},{Augustus_model.g611.t1;Augustus}
37947	38006	INTRON			{GeneMark_model.801_t;GeneMark},{GlimmerHMM_glimmerT_729-T1;GlimmerHMM},{Augustus_model.g611.t1;Augustus}
38007	38176	internal+	1	2	{GeneMark_model.801_t;GeneMark},{GlimmerHMM_glimmerT_729-T1;GlimmerHMM},{Augustus_model.g611.t1;Augustus}
38177	38234	INTRON			{GeneMark_model.801_t;GeneMark},{GlimmerHMM_glimmerT_729-T1;GlimmerHMM},{Augustus_model.g611.t1;Augustus}
38235	38434	internal+	3	1	{GeneMark_model.801_t;GeneMark},{GlimmerHMM_glimmerT_729-T1;GlimmerHMM},{Augustus_model.g611.t1;Augustus}
38435	38494	INTRON			{GeneMark_model.801_t;GeneMark},{GlimmerHMM_glimmerT_729-T1;GlimmerHMM},{Augustus_model.g611.t1;Augustus}
38495	38559	internal+	2	3	{GeneMark_model.801_t;GeneMark},{GlimmerHMM_glimmerT_729-T1;GlimmerHMM},{Augustus_model.g611.t1;Augustus}
38560	38618	INTRON			{GeneMark_model.801_t;GeneMark},{Augustus_model.g611.t1;Augustus}
38619	38774	internal+	1	3	{GeneMark_model.801_t;GeneMark},{Augustus_model.g611.t1;Augustus}
38775	38836	INTRON			{GeneMark_model.801_t;GeneMark},{GlimmerHMM_glimmerT_729-T1;GlimmerHMM},{Augustus_model.g611.t1;Augustus}
38837	38948	internal+	1	1	{GeneMark_model.801_t;GeneMark},{GlimmerHMM_glimmerT_729-T1;GlimmerHMM},{Augustus_model.g611.t1;Augustus}
38949	39010	INTRON			{GeneMark_model.801_t;GeneMark},{GlimmerHMM_glimmerT_729-T1;GlimmerHMM},{Augustus_model.g611.t1;Augustus}
39011	39155	internal+	2	2	{GeneMark_model.801_t;GeneMark},{GlimmerHMM_glimmerT_729-T1;GlimmerHMM},{Augustus_model.g611.t1;Augustus}
39156	39217	INTRON			{GeneMark_model.801_t;GeneMark},{GlimmerHMM_glimmerT_729-T1;GlimmerHMM}
39218	39623	terminal+	3	3	{GeneMark_model.801_t;GeneMark},{GlimmerHMM_glimmerT_729-T1;GlimmerHMM}

# EVM prediction: Mode:STANDARD S-ratio: 5.28 40234-40608 orient(+) score(1379.00) noncoding_equivalent(261.00) raw_noncoding(333.00) offset(72.00) 
40234	40529	initial+	1	2	{Augustus_model.g612.t1;Augustus},{GlimmerHMM_glimmerT_730-T1;GlimmerHMM}
40530	40601	INTRON			{Augustus_model.g612.t1;Augustus},{GeneMark_model.802_t;GeneMark},{GlimmerHMM_glimmerT_730-T1;GlimmerHMM}
40602	40608	terminal+	3	3	{Augustus_model.g612.t1;Augustus},{GeneMark_model.802_t;GeneMark},{GlimmerHMM_glimmerT_730-T1;GlimmerHMM}

# EVM prediction: Mode:STANDARD S-ratio: 5.23 41819-46819 orient(-) score(17446.00) noncoding_equivalent(3335.20) raw_noncoding(3750.00) offset(414.80) 
42787	41819	terminal-	4	6	{snap_scaffold_2-snap.104-T1;snap},{GlimmerHMM_glimmerT_731-T1;GlimmerHMM},{GeneMark_model.803_t;GeneMark},{Augustus_model.g613.t1;Augustus}
42850	42788	INTRON			{GlimmerHMM_glimmerT_731-T1;GlimmerHMM},{GeneMark_model.803_t;GeneMark},{Augustus_model.g613.t1;Augustus}
42877	42851	internal-	4	6	{GlimmerHMM_glimmerT_731-T1;GlimmerHMM},{GeneMark_model.803_t;GeneMark},{Augustus_model.g613.t1;Augustus}
42938	42878	INTRON			{GlimmerHMM_glimmerT_731-T1;GlimmerHMM},{GeneMark_model.803_t;GeneMark},{Augustus_model.g613.t1;Augustus}
43111	42939	internal-	5	6	{GlimmerHMM_glimmerT_731-T1;GlimmerHMM},{GeneMark_model.803_t;GeneMark},{Augustus_model.g613.t1;Augustus}
43178	43112	INTRON			{GlimmerHMM_glimmerT_731-T1;GlimmerHMM},{GeneMark_model.803_t;GeneMark},{Augustus_model.g613.t1;Augustus}
43613	43179	internal-	5	4	{GlimmerHMM_glimmerT_731-T1;GlimmerHMM},{GeneMark_model.803_t;GeneMark},{Augustus_model.g613.t1;Augustus}
43683	43614	INTRON			{GlimmerHMM_glimmerT_731-T1;GlimmerHMM},{GeneMark_model.803_t;GeneMark},{Augustus_model.g613.t1;Augustus}
45143	43684	internal-	6	4	{GlimmerHMM_glimmerT_731-T1;GlimmerHMM},{GeneMark_model.803_t;GeneMark},{Augustus_model.g613.t1;Augustus}
45211	45144	INTRON			{GlimmerHMM_glimmerT_731-T1;GlimmerHMM},{GeneMark_model.803_t;GeneMark},{Augustus_model.g613.t1;Augustus}
45791	45212	internal-	5	5	{GlimmerHMM_glimmerT_731-T1;GlimmerHMM},{GeneMark_model.803_t;GeneMark},{Augustus_model.g613.t1;Augustus}
45864	45792	INTRON			{GlimmerHMM_glimmerT_731-T1;GlimmerHMM},{GeneMark_model.803_t;GeneMark},{Augustus_model.g613.t1;Augustus}
46819	45865	initial-	4	4	{GlimmerHMM_glimmerT_731-T1;GlimmerHMM},{GeneMark_model.803_t;GeneMark},{Augustus_model.g613.t1;Augustus}

# EVM prediction: Mode:STANDARD S-ratio: 2.55 47531-49072 orient(-) score(6347.00) noncoding_equivalent(2492.30) raw_noncoding(3891.00) offset(1398.70) 
47638	47531	terminal-	4	6	{GeneMark_model.804_t;GeneMark},{GlimmerHMM_glimmerT_732-T1;GlimmerHMM}
47827	47639	INTRON			{GeneMark_model.804_t;GeneMark},{ev_type:exonerate/ID=match.2566964.1271/Target=lcl|KQ954491_1_prot_KWU43370_1_4301;exonerate}
47844	47828	internal-	5	6	{GeneMark_model.804_t;GeneMark},{Augustus_model.g614.t1;Augustus},{ev_type:exonerate/ID=match.2566964.1271/Target=lcl|KQ954491_1_prot_KWU43370_1_4301;exonerate}
48006	47845	INTRON			{GeneMark_model.804_t;GeneMark},{Augustus_model.g614.t1;Augustus},{ev_type:exonerate/ID=match.2566964.1271/Target=lcl|KQ954491_1_prot_KWU43370_1_4301;exonerate}
48052	48007	internal-	4	4	{GeneMark_model.804_t;GeneMark},{Augustus_model.g614.t1;Augustus},{ev_type:exonerate/ID=match.2566964.1271/Target=lcl|KQ954491_1_prot_KWU43370_1_4301;exonerate},{ev_type:exonerate/ID=match.2566964.1267/Target=lcl|PJQD01000001_1_prot_POY76822_1_71;exonerate}
48114	48053	INTRON			{GeneMark_model.804_t;GeneMark},{Augustus_model.g614.t1;Augustus},{ev_type:exonerate/ID=match.2566964.1271/Target=lcl|KQ954491_1_prot_KWU43370_1_4301;exonerate},{ev_type:exonerate/ID=match.2566964.1267/Target=lcl|PJQD01000001_1_prot_POY76822_1_71;exonerate}
48138	48115	internal-	4	6	{GeneMark_model.804_t;GeneMark},{Augustus_model.g614.t1;Augustus},{ev_type:exonerate/ID=match.2566964.1271/Target=lcl|KQ954491_1_prot_KWU43370_1_4301;exonerate},{ev_type:exonerate/ID=match.2566964.1267/Target=lcl|PJQD01000001_1_prot_POY76822_1_71;exonerate}
48259	48139	INTRON			{GeneMark_model.804_t;GeneMark},{Augustus_model.g614.t1;Augustus},{ev_type:exonerate/ID=match.2566964.1271/Target=lcl|KQ954491_1_prot_KWU43370_1_4301;exonerate},{ev_type:exonerate/ID=match.2566964.1267/Target=lcl|PJQD01000001_1_prot_POY76822_1_71;exonerate}
48451	48260	internal-	4	6	{GeneMark_model.804_t;GeneMark},{GlimmerHMM_glimmerT_732-T1;GlimmerHMM},{Augustus_model.g614.t1;Augustus},{ev_type:exonerate/ID=match.2566964.1271/Target=lcl|KQ954491_1_prot_KWU43370_1_4301;exonerate},{ev_type:exonerate/ID=match.2566964.1267/Target=lcl|PJQD01000001_1_prot_POY76822_1_71;exonerate}
48526	48452	INTRON			{GeneMark_model.804_t;GeneMark},{GlimmerHMM_glimmerT_732-T1;GlimmerHMM},{Augustus_model.g614.t1;Augustus},{ev_type:exonerate/ID=match.2566964.1271/Target=lcl|KQ954491_1_prot_KWU43370_1_4301;exonerate},{ev_type:exonerate/ID=match.2566964.1267/Target=lcl|PJQD01000001_1_prot_POY76822_1_71;exonerate}
48634	48527	internal-	4	6	{GeneMark_model.804_t;GeneMark},{GlimmerHMM_glimmerT_732-T1;GlimmerHMM},{Augustus_model.g614.t1;Augustus},{ev_type:exonerate/ID=match.2566964.1271/Target=lcl|KQ954491_1_prot_KWU43370_1_4301;exonerate},{ev_type:exonerate/ID=match.2566964.1267/Target=lcl|PJQD01000001_1_prot_POY76822_1_71;exonerate}
48698	48635	INTRON			{GeneMark_model.804_t;GeneMark},{GlimmerHMM_glimmerT_732-T1;GlimmerHMM},{Augustus_model.g614.t1;Augustus},{ev_type:exonerate/ID=match.2566964.1271/Target=lcl|KQ954491_1_prot_KWU43370_1_4301;exonerate},{ev_type:exonerate/ID=match.2566964.1267/Target=lcl|PJQD01000001_1_prot_POY76822_1_71;exonerate}
48777	48699	internal-	6	6	{GeneMark_model.804_t;GeneMark},{GlimmerHMM_glimmerT_732-T1;GlimmerHMM},{Augustus_model.g614.t1;Augustus},{ev_type:exonerate/ID=match.2566964.1271/Target=lcl|KQ954491_1_prot_KWU43370_1_4301;exonerate},{ev_type:exonerate/ID=match.2566964.1267/Target=lcl|PJQD01000001_1_prot_POY76822_1_71;exonerate}
48838	48778	INTRON			{GeneMark_model.804_t;GeneMark},{GlimmerHMM_glimmerT_732-T1;GlimmerHMM},{Augustus_model.g614.t1;Augustus},{ev_type:exonerate/ID=match.2566964.1271/Target=lcl|KQ954491_1_prot_KWU43370_1_4301;exonerate},{ev_type:exonerate/ID=match.2566964.1267/Target=lcl|PJQD01000001_1_prot_POY76822_1_71;exonerate}
49000	48839	internal-	6	5	{GeneMark_model.804_t;GeneMark},{GlimmerHMM_glimmerT_732-T1;GlimmerHMM},{Augustus_model.g614.t1;Augustus}
49067	49001	INTRON			{GeneMark_model.804_t;GeneMark},{GlimmerHMM_glimmerT_732-T1;GlimmerHMM},{Augustus_model.g614.t1;Augustus}
49072	49068	initial-	4	5	{GeneMark_model.804_t;GeneMark},{GlimmerHMM_glimmerT_732-T1;GlimmerHMM},{Augustus_model.g614.t1;Augustus}

# EVM prediction: Mode:STANDARD S-ratio: 10000.00 49334-50779 orient(+) score(5778.00) noncoding_equivalent(0.58) raw_noncoding(0.00) offset(0.00) 
49334	50779	single+	1	3	{Augustus_model.g615.t1;Augustus},{GeneMark_model.805_t;GeneMark}

# EVM prediction: Mode:STANDARD S-ratio: 1.98 51698-53017 orient(+) score(3960.00) noncoding_equivalent(2000.00) raw_noncoding(2364.00) offset(364.00) 
51698	51812	initial+	1	1	{GlimmerHMM_glimmerT_734-T1;GlimmerHMM},{Augustus_model.g616.t1;Augustus},{GeneMark_model.806_t;GeneMark}
51813	51921	INTRON			{GlimmerHMM_glimmerT_734-T1;GlimmerHMM},{Augustus_model.g616.t1;Augustus},{GeneMark_model.806_t;GeneMark}
51922	52132	internal+	2	2	{GlimmerHMM_glimmerT_734-T1;GlimmerHMM},{Augustus_model.g616.t1;Augustus},{GeneMark_model.806_t;GeneMark}
52133	52224	INTRON			{GlimmerHMM_glimmerT_734-T1;GlimmerHMM},{Augustus_model.g616.t1;Augustus},{GeneMark_model.806_t;GeneMark}
52225	52364	internal+	3	1	{GlimmerHMM_glimmerT_734-T1;GlimmerHMM},{Augustus_model.g616.t1;Augustus},{GeneMark_model.806_t;GeneMark}
52365	52438	INTRON			{GlimmerHMM_glimmerT_734-T1;GlimmerHMM},{Augustus_model.g616.t1;Augustus},{GeneMark_model.806_t;GeneMark}
52439	52776	internal+	2	3	{GlimmerHMM_glimmerT_734-T1;GlimmerHMM},{Augustus_model.g616.t1;Augustus},{GeneMark_model.806_t;GeneMark}
52777	52849	INTRON			{GlimmerHMM_glimmerT_734-T1;GlimmerHMM},{Augustus_model.g616.t1;Augustus},{GeneMark_model.806_t;GeneMark}
52850	53017	terminal+	1	3	{GlimmerHMM_glimmerT_734-T1;GlimmerHMM},{Augustus_model.g616.t1;Augustus},{GeneMark_model.806_t;GeneMark}

# EVM prediction: Mode:STANDARD S-ratio: 2.79 53656-56208 orient(-) score(10184.00) noncoding_equivalent(3651.80) raw_noncoding(4734.00) offset(1082.20) 
53832	53656	terminal-	4	6	{GeneMark_model.807_t;GeneMark},{snap_scaffold_2-snap.107-T1;snap},{Augustus_model.g617.t1;Augustus}
53908	53833	INTRON			{GeneMark_model.807_t;GeneMark},{Augustus_model.g617.t1;Augustus},{ev_type:exonerate/ID=match.2566964.1236/Target=lcl|PJQD01000001_1_prot_POY76820_1_69;exonerate}
53997	53909	internal-	5	6	{GlimmerHMM_glimmerT_735-T1;GlimmerHMM},{GeneMark_model.807_t;GeneMark},{Augustus_model.g617.t1;Augustus},{ev_type:exonerate/ID=match.2566964.1236/Target=lcl|PJQD01000001_1_prot_POY76820_1_69;exonerate}
54061	53998	INTRON			{GlimmerHMM_glimmerT_735-T1;GlimmerHMM},{GeneMark_model.807_t;GeneMark},{Augustus_model.g617.t1;Augustus},{ev_type:exonerate/ID=match.2566964.1236/Target=lcl|PJQD01000001_1_prot_POY76820_1_69;exonerate}
54215	54062	internal-	4	4	{GlimmerHMM_glimmerT_735-T1;GlimmerHMM},{GeneMark_model.807_t;GeneMark},{Augustus_model.g617.t1;Augustus},{ev_type:exonerate/ID=match.2566964.1236/Target=lcl|PJQD01000001_1_prot_POY76820_1_69;exonerate}
54282	54216	INTRON			{GlimmerHMM_glimmerT_735-T1;GlimmerHMM},{GeneMark_model.807_t;GeneMark},{Augustus_model.g617.t1;Augustus},{ev_type:exonerate/ID=match.2566964.1236/Target=lcl|PJQD01000001_1_prot_POY76820_1_69;exonerate}
54645	54283	internal-	4	6	{GlimmerHMM_glimmerT_735-T1;GlimmerHMM},{GeneMark_model.807_t;GeneMark},{Augustus_model.g617.t1;Augustus}
54707	54646	INTRON			{GlimmerHMM_glimmerT_735-T1;GlimmerHMM},{GeneMark_model.807_t;GeneMark},{Augustus_model.g617.t1;Augustus}
54743	54708	internal-	4	6	{GlimmerHMM_glimmerT_735-T1;GlimmerHMM},{GeneMark_model.807_t;GeneMark},{Augustus_model.g617.t1;Augustus}
54814	54744	INTRON			{GlimmerHMM_glimmerT_735-T1;GlimmerHMM},{GeneMark_model.807_t;GeneMark},{Augustus_model.g617.t1;Augustus},{ev_type:exonerate/ID=match.2566964.1236/Target=lcl|PJQD01000001_1_prot_POY76820_1_69;exonerate}
54912	54815	internal-	5	6	{GlimmerHMM_glimmerT_735-T1;GlimmerHMM},{GeneMark_model.807_t;GeneMark},{Augustus_model.g617.t1;Augustus},{ev_type:exonerate/ID=match.2566964.1236/Target=lcl|PJQD01000001_1_prot_POY76820_1_69;exonerate}
54983	54913	INTRON			{GeneMark_model.807_t;GeneMark},{Augustus_model.g617.t1;Augustus}
54998	54984	internal-	5	4	{GeneMark_model.807_t;GeneMark},{Augustus_model.g617.t1;Augustus}
55073	54999	INTRON			{GeneMark_model.807_t;GeneMark},{Augustus_model.g617.t1;Augustus}
55104	55074	internal-	4	4	{GlimmerHMM_glimmerT_735-T1;GlimmerHMM},{GeneMark_model.807_t;GeneMark},{Augustus_model.g617.t1;Augustus}
55168	55105	INTRON			{GlimmerHMM_glimmerT_735-T1;GlimmerHMM},{GeneMark_model.807_t;GeneMark},{Augustus_model.g617.t1;Augustus},{ev_type:exonerate/ID=match.2566964.1236/Target=lcl|PJQD01000001_1_prot_POY76820_1_69;exonerate}
55465	55169	internal-	4	6	{GlimmerHMM_glimmerT_735-T1;GlimmerHMM},{GeneMark_model.807_t;GeneMark},{Augustus_model.g617.t1;Augustus},{ev_type:exonerate/ID=match.2566964.1236/Target=lcl|PJQD01000001_1_prot_POY76820_1_69;exonerate}
55529	55466	INTRON			{GlimmerHMM_glimmerT_735-T1;GlimmerHMM},{GeneMark_model.807_t;GeneMark},{Augustus_model.g617.t1;Augustus},{ev_type:exonerate/ID=match.2566964.1236/Target=lcl|PJQD01000001_1_prot_POY76820_1_69;exonerate}
55670	55530	internal-	4	6	{GlimmerHMM_glimmerT_735-T1;GlimmerHMM},{GeneMark_model.807_t;GeneMark},{Augustus_model.g617.t1;Augustus},{ev_type:exonerate/ID=match.2566964.1236/Target=lcl|PJQD01000001_1_prot_POY76820_1_69;exonerate}
55748	55671	INTRON			{GlimmerHMM_glimmerT_735-T1;GlimmerHMM},{GeneMark_model.807_t;GeneMark},{Augustus_model.g617.t1;Augustus},{ev_type:exonerate/ID=match.2566964.1236/Target=lcl|PJQD01000001_1_prot_POY76820_1_69;exonerate}
55834	55749	internal-	5	6	{GlimmerHMM_glimmerT_735-T1;GlimmerHMM},{GeneMark_model.807_t;GeneMark},{Augustus_model.g617.t1;Augustus},{ev_type:exonerate/ID=match.2566964.1236/Target=lcl|PJQD01000001_1_prot_POY76820_1_69;exonerate}
55952	55835	INTRON			{GlimmerHMM_glimmerT_735-T1;GlimmerHMM},{GeneMark_model.807_t;GeneMark},{Augustus_model.g617.t1;Augustus},{ev_type:exonerate/ID=match.2566964.1236/Target=lcl|PJQD01000001_1_prot_POY76820_1_69;exonerate}
55987	55953	internal-	6	4	{GlimmerHMM_glimmerT_735-T1;GlimmerHMM},{GeneMark_model.807_t;GeneMark},{Augustus_model.g617.t1;Augustus},{ev_type:exonerate/ID=match.2566964.1236/Target=lcl|PJQD01000001_1_prot_POY76820_1_69;exonerate}
56092	55988	INTRON			{GlimmerHMM_glimmerT_735-T1;GlimmerHMM},{GeneMark_model.807_t;GeneMark},{Augustus_model.g617.t1;Augustus},{ev_type:exonerate/ID=match.2566964.1236/Target=lcl|PJQD01000001_1_prot_POY76820_1_69;exonerate}
56208	56093	initial-	4	5	{GlimmerHMM_glimmerT_735-T1;GlimmerHMM},{GeneMark_model.807_t;GeneMark},{Augustus_model.g617.t1;Augustus}

# EVM prediction: Mode:STANDARD S-ratio: 1.57 57592-58685 orient(+) score(2754.00) noncoding_equivalent(1750.42) raw_noncoding(2237.00) offset(486.58) 
57592	57738	initial+	1	3	{GlimmerHMM_glimmerT_736-T1;GlimmerHMM},{GeneMark_model.808_t;GeneMark},{Augustus_model.g618.t1;Augustus}
57739	57797	INTRON			{GlimmerHMM_glimmerT_736-T1;GlimmerHMM},{GeneMark_model.808_t;GeneMark},{Augustus_model.g618.t1;Augustus}
57798	57875	internal+	1	3	{GlimmerHMM_glimmerT_736-T1;GlimmerHMM},{GeneMark_model.808_t;GeneMark},{Augustus_model.g618.t1;Augustus}
57876	57934	INTRON			{GlimmerHMM_glimmerT_736-T1;GlimmerHMM},{GeneMark_model.808_t;GeneMark},{Augustus_model.g618.t1;Augustus}
57935	58034	internal+	1	1	{GeneMark_model.808_t;GeneMark},{Augustus_model.g618.t1;Augustus}
58035	58103	INTRON			{GeneMark_model.808_t;GeneMark},{Augustus_model.g618.t1;Augustus}
58104	58241	internal+	2	1	{GeneMark_model.808_t;GeneMark},{Augustus_model.g618.t1;Augustus}
58242	58352	INTRON			{GeneMark_model.808_t;GeneMark}
58353	58398	internal+	2	2	{GeneMark_model.808_t;GeneMark}
58399	58462	INTRON			{GlimmerHMM_glimmerT_736-T1;GlimmerHMM},{GeneMark_model.808_t;GeneMark},{Augustus_model.g618.t1;Augustus}
58463	58685	terminal+	3	3	{GlimmerHMM_glimmerT_736-T1;GlimmerHMM},{GeneMark_model.808_t;GeneMark}

# EVM prediction: Mode:STANDARD S-ratio: 2.79 58854-60891 orient(-) score(10312.00) noncoding_equivalent(3692.19) raw_noncoding(4575.00) offset(882.81) 
58997	58854	terminal-	4	6	{GeneMark_model.809_t;GeneMark},{HiQ_model.g619.t1;HiQ},{GlimmerHMM_glimmerT_737-T1;GlimmerHMM}
59075	58998	INTRON			{GeneMark_model.809_t;GeneMark},{HiQ_model.g619.t1;HiQ},{GlimmerHMM_glimmerT_737-T1;GlimmerHMM},{ev_type:exonerate/ID=match.2566964.1116/Target=lcl|PJQD01000001_1_prot_POY76817_1_66;exonerate}
59598	59076	internal-	6	6	{GeneMark_model.809_t;GeneMark},{HiQ_model.g619.t1;HiQ},{GlimmerHMM_glimmerT_737-T1;GlimmerHMM},{ev_type:exonerate/ID=match.2566964.1116/Target=lcl|PJQD01000001_1_prot_POY76817_1_66;exonerate}
59667	59599	INTRON			{GeneMark_model.809_t;GeneMark},{HiQ_model.g619.t1;HiQ},{GlimmerHMM_glimmerT_737-T1;GlimmerHMM},{ev_type:exonerate/ID=match.2566964.1116/Target=lcl|PJQD01000001_1_prot_POY76817_1_66;exonerate}
59787	59668	internal-	6	5	{GeneMark_model.809_t;GeneMark},{HiQ_model.g619.t1;HiQ},{ev_type:exonerate/ID=match.2566964.1116/Target=lcl|PJQD01000001_1_prot_POY76817_1_66;exonerate}
59849	59788	INTRON			{GeneMark_model.809_t;GeneMark},{HiQ_model.g619.t1;HiQ},{ev_type:exonerate/ID=match.2566964.1116/Target=lcl|PJQD01000001_1_prot_POY76817_1_66;exonerate}
60004	59850	internal-	4	5	{GeneMark_model.809_t;GeneMark},{HiQ_model.g619.t1;HiQ},{ev_type:exonerate/ID=match.2566964.1116/Target=lcl|PJQD01000001_1_prot_POY76817_1_66;exonerate}
60064	60005	INTRON			{GeneMark_model.809_t;GeneMark},{HiQ_model.g619.t1;HiQ},{ev_type:exonerate/ID=match.2566964.1116/Target=lcl|PJQD01000001_1_prot_POY76817_1_66;exonerate}
60268	60065	internal-	4	6	{GeneMark_model.809_t;GeneMark},{HiQ_model.g619.t1;HiQ},{GlimmerHMM_glimmerT_737-T1;GlimmerHMM},{ev_type:exonerate/ID=match.2566964.1116/Target=lcl|PJQD01000001_1_prot_POY76817_1_66;exonerate}
60393	60269	INTRON			{GeneMark_model.809_t;GeneMark},{HiQ_model.g619.t1;HiQ},{GlimmerHMM_glimmerT_737-T1;GlimmerHMM},{ev_type:exonerate/ID=match.2566964.1116/Target=lcl|PJQD01000001_1_prot_POY76817_1_66;exonerate}
60891	60394	initial-	4	6	{GeneMark_model.809_t;GeneMark},{HiQ_model.g619.t1;HiQ},{GlimmerHMM_glimmerT_737-T1;GlimmerHMM}

# EVM prediction: Mode:STANDARD S-ratio: 3.83 61186-63334 orient(-) score(13269.00) noncoding_equivalent(3467.49) raw_noncoding(4672.00) offset(1204.51) 
61270	61186	terminal-	6	6	{GlimmerHMM_glimmerT_738-T1;GlimmerHMM},{GeneMark_model.810_t;GeneMark},{HiQ_model.g620.t1;HiQ}
61336	61271	INTRON			{GlimmerHMM_glimmerT_738-T1;GlimmerHMM},{GeneMark_model.810_t;GeneMark},{HiQ_model.g620.t1;HiQ},{ev_type:exonerate/ID=match.2566964.1119/Target=lcl|KQ954515_1_prot_KWU42140_1_5514;exonerate},{ev_type:exonerate/ID=match.2566964.1126/Target=lcl|PJQD01000001_1_prot_POY76816_1_65;exonerate}
61400	61337	internal-	5	5	{GlimmerHMM_glimmerT_738-T1;GlimmerHMM},{GeneMark_model.810_t;GeneMark},{HiQ_model.g620.t1;HiQ},{ev_type:exonerate/ID=match.2566964.1119/Target=lcl|KQ954515_1_prot_KWU42140_1_5514;exonerate},{ev_type:exonerate/ID=match.2566964.1126/Target=lcl|PJQD01000001_1_prot_POY76816_1_65;exonerate}
61472	61401	INTRON			{GlimmerHMM_glimmerT_738-T1;GlimmerHMM},{GeneMark_model.810_t;GeneMark},{HiQ_model.g620.t1;HiQ},{ev_type:exonerate/ID=match.2566964.1119/Target=lcl|KQ954515_1_prot_KWU42140_1_5514;exonerate},{ev_type:exonerate/ID=match.2566964.1126/Target=lcl|PJQD01000001_1_prot_POY76816_1_65;exonerate}
61558	61473	internal-	6	4	{GlimmerHMM_glimmerT_738-T1;GlimmerHMM},{GeneMark_model.810_t;GeneMark},{HiQ_model.g620.t1;HiQ},{ev_type:exonerate/ID=match.2566964.1119/Target=lcl|KQ954515_1_prot_KWU42140_1_5514;exonerate},{ev_type:exonerate/ID=match.2566964.1126/Target=lcl|PJQD01000001_1_prot_POY76816_1_65;exonerate}
61621	61559	INTRON			{GlimmerHMM_glimmerT_738-T1;GlimmerHMM},{GeneMark_model.810_t;GeneMark},{HiQ_model.g620.t1;HiQ},{ev_type:exonerate/ID=match.2566964.1119/Target=lcl|KQ954515_1_prot_KWU42140_1_5514;exonerate},{ev_type:exonerate/ID=match.2566964.1126/Target=lcl|PJQD01000001_1_prot_POY76816_1_65;exonerate}
61712	61622	internal-	5	5	{GlimmerHMM_glimmerT_738-T1;GlimmerHMM},{GeneMark_model.810_t;GeneMark},{HiQ_model.g620.t1;HiQ},{ev_type:exonerate/ID=match.2566964.1119/Target=lcl|KQ954515_1_prot_KWU42140_1_5514;exonerate},{ev_type:exonerate/ID=match.2566964.1126/Target=lcl|PJQD01000001_1_prot_POY76816_1_65;exonerate}
61777	61713	INTRON			{GlimmerHMM_glimmerT_738-T1;GlimmerHMM},{GeneMark_model.810_t;GeneMark},{HiQ_model.g620.t1;HiQ},{ev_type:exonerate/ID=match.2566964.1119/Target=lcl|KQ954515_1_prot_KWU42140_1_5514;exonerate},{ev_type:exonerate/ID=match.2566964.1126/Target=lcl|PJQD01000001_1_prot_POY76816_1_65;exonerate}
62528	61778	internal-	4	4	{GlimmerHMM_glimmerT_738-T1;GlimmerHMM},{GeneMark_model.810_t;GeneMark},{HiQ_model.g620.t1;HiQ},{ev_type:exonerate/ID=match.2566964.1119/Target=lcl|KQ954515_1_prot_KWU42140_1_5514;exonerate},{ev_type:exonerate/ID=match.2566964.1126/Target=lcl|PJQD01000001_1_prot_POY76816_1_65;exonerate}
62625	62529	INTRON			{GlimmerHMM_glimmerT_738-T1;GlimmerHMM},{GeneMark_model.810_t;GeneMark},{HiQ_model.g620.t1;HiQ},{ev_type:exonerate/ID=match.2566964.1119/Target=lcl|KQ954515_1_prot_KWU42140_1_5514;exonerate},{ev_type:exonerate/ID=match.2566964.1126/Target=lcl|PJQD01000001_1_prot_POY76816_1_65;exonerate}
62681	62626	internal-	5	6	{GlimmerHMM_glimmerT_738-T1;GlimmerHMM},{GeneMark_model.810_t;GeneMark},{HiQ_model.g620.t1;HiQ},{ev_type:exonerate/ID=match.2566964.1119/Target=lcl|KQ954515_1_prot_KWU42140_1_5514;exonerate},{ev_type:exonerate/ID=match.2566964.1126/Target=lcl|PJQD01000001_1_prot_POY76816_1_65;exonerate}
62748	62682	INTRON			{GeneMark_model.810_t;GeneMark},{HiQ_model.g620.t1;HiQ},{ev_type:exonerate/ID=match.2566964.1119/Target=lcl|KQ954515_1_prot_KWU42140_1_5514;exonerate},{ev_type:exonerate/ID=match.2566964.1126/Target=lcl|PJQD01000001_1_prot_POY76816_1_65;exonerate}
62838	62749	internal-	5	4	{GeneMark_model.810_t;GeneMark},{HiQ_model.g620.t1;HiQ},{ev_type:exonerate/ID=match.2566964.1119/Target=lcl|KQ954515_1_prot_KWU42140_1_5514;exonerate}
62937	62839	INTRON			{GeneMark_model.810_t;GeneMark},{HiQ_model.g620.t1;HiQ},{ev_type:exonerate/ID=match.2566964.1119/Target=lcl|KQ954515_1_prot_KWU42140_1_5514;exonerate}
63334	62938	initial-	4	4	{GlimmerHMM_glimmerT_738-T1;GlimmerHMM},{GeneMark_model.810_t;GeneMark},{HiQ_model.g620.t1;HiQ}

# EVM prediction: Mode:STANDARD S-ratio: 2.11 63712-65093 orient(-) score(3860.00) noncoding_equivalent(1830.89) raw_noncoding(2381.00) offset(550.11) 
64145	63712	terminal-	5	6	{Augustus_model.g621.t1;Augustus},{GlimmerHMM_glimmerT_739-T1;GlimmerHMM},{GeneMark_model.811_t;GeneMark}
64230	64146	INTRON			{Augustus_model.g621.t1;Augustus},{GlimmerHMM_glimmerT_739-T1;GlimmerHMM},{GeneMark_model.811_t;GeneMark}
64497	64231	internal-	5	4	{Augustus_model.g621.t1;Augustus},{GlimmerHMM_glimmerT_739-T1;GlimmerHMM},{GeneMark_model.811_t;GeneMark}
64588	64498	INTRON			{Augustus_model.g621.t1;Augustus},{GeneMark_model.811_t;GeneMark}
64620	64589	internal-	6	4	{Augustus_model.g621.t1;Augustus},{GeneMark_model.811_t;GeneMark}
64687	64621	INTRON			{Augustus_model.g621.t1;Augustus},{GeneMark_model.811_t;GeneMark}
64714	64688	internal-	6	5	{Augustus_model.g621.t1;Augustus},{GeneMark_model.811_t;GeneMark}
64785	64715	INTRON			{Augustus_model.g621.t1;Augustus},{GeneMark_model.811_t;GeneMark}
65093	64786	initial-	4	5	{Augustus_model.g621.t1;Augustus},{GlimmerHMM_glimmerT_739-T1;GlimmerHMM},{GeneMark_model.811_t;GeneMark}

# EVM prediction: Mode:STANDARD S-ratio: 10000.00 65608-66813 orient(+) score(6027.00) noncoding_equivalent(0.60) raw_noncoding(0.00) offset(0.00) 
65608	66813	single+	1	3	{Augustus_model.g622.t1;Augustus},{GlimmerHMM_glimmerT_740-T1;GlimmerHMM},{GeneMark_model.812_t;GeneMark}

# EVM prediction: Mode:STANDARD S-ratio: 2.36 67165-71281 orient(+) score(14684.00) noncoding_equivalent(6214.38) raw_noncoding(9154.00) offset(2939.62) 
67165	67450	initial+	1	1	{GeneMark_model.813_t;GeneMark},{GlimmerHMM_glimmerT_741-T1;GlimmerHMM}
67451	67670	INTRON			{GeneMark_model.813_t;GeneMark},{GlimmerHMM_glimmerT_741-T1;GlimmerHMM},{ev_type:exonerate/ID=match.2566964.958/Target=lcl|KQ954515_1_prot_KWU42143_1_5517;exonerate},{ev_type:exonerate/ID=match.2566964.942/Target=lcl|NW_017264931_1_prot_XP_018272280_1_2111;exonerate}
67671	67739	internal+	2	1	{GeneMark_model.813_t;GeneMark},{Augustus_model.g623.t1;Augustus},{GlimmerHMM_glimmerT_741-T1;GlimmerHMM},{ev_type:exonerate/ID=match.2566964.958/Target=lcl|KQ954515_1_prot_KWU42143_1_5517;exonerate},{ev_type:exonerate/ID=match.2566964.942/Target=lcl|NW_017264931_1_prot_XP_018272280_1_2111;exonerate}
67740	67837	INTRON			{GeneMark_model.813_t;GeneMark},{Augustus_model.g623.t1;Augustus},{GlimmerHMM_glimmerT_741-T1;GlimmerHMM},{ev_type:exonerate/ID=match.2566964.958/Target=lcl|KQ954515_1_prot_KWU42143_1_5517;exonerate},{ev_type:exonerate/ID=match.2566964.942/Target=lcl|NW_017264931_1_prot_XP_018272280_1_2111;exonerate}
67838	67881	internal+	2	3	{GeneMark_model.813_t;GeneMark},{Augustus_model.g623.t1;Augustus},{GlimmerHMM_glimmerT_741-T1;GlimmerHMM},{ev_type:exonerate/ID=match.2566964.958/Target=lcl|KQ954515_1_prot_KWU42143_1_5517;exonerate},{ev_type:exonerate/ID=match.2566964.942/Target=lcl|NW_017264931_1_prot_XP_018272280_1_2111;exonerate}
67882	67945	INTRON			{GeneMark_model.813_t;GeneMark},{Augustus_model.g623.t1;Augustus},{GlimmerHMM_glimmerT_741-T1;GlimmerHMM},{ev_type:exonerate/ID=match.2566964.958/Target=lcl|KQ954515_1_prot_KWU42143_1_5517;exonerate},{ev_type:exonerate/ID=match.2566964.942/Target=lcl|NW_017264931_1_prot_XP_018272280_1_2111;exonerate}
67946	68180	internal+	1	1	{GeneMark_model.813_t;GeneMark},{Augustus_model.g623.t1;Augustus},{ev_type:exonerate/ID=match.2566964.958/Target=lcl|KQ954515_1_prot_KWU42143_1_5517;exonerate},{ev_type:exonerate/ID=match.2566964.942/Target=lcl|NW_017264931_1_prot_XP_018272280_1_2111;exonerate}
68181	68271	INTRON			{GeneMark_model.813_t;GeneMark},{Augustus_model.g623.t1;Augustus},{ev_type:exonerate/ID=match.2566964.958/Target=lcl|KQ954515_1_prot_KWU42143_1_5517;exonerate},{ev_type:exonerate/ID=match.2566964.942/Target=lcl|NW_017264931_1_prot_XP_018272280_1_2111;exonerate}
68272	68304	internal+	2	1	{GeneMark_model.813_t;GeneMark},{Augustus_model.g623.t1;Augustus},{ev_type:exonerate/ID=match.2566964.958/Target=lcl|KQ954515_1_prot_KWU42143_1_5517;exonerate},{ev_type:exonerate/ID=match.2566964.942/Target=lcl|NW_017264931_1_prot_XP_018272280_1_2111;exonerate}
68305	68374	INTRON			{GeneMark_model.813_t;GeneMark},{Augustus_model.g623.t1;Augustus},{ev_type:exonerate/ID=match.2566964.958/Target=lcl|KQ954515_1_prot_KWU42143_1_5517;exonerate},{ev_type:exonerate/ID=match.2566964.942/Target=lcl|NW_017264931_1_prot_XP_018272280_1_2111;exonerate}
68375	68436	internal+	2	3	{GeneMark_model.813_t;GeneMark},{Augustus_model.g623.t1;Augustus},{ev_type:exonerate/ID=match.2566964.958/Target=lcl|KQ954515_1_prot_KWU42143_1_5517;exonerate},{ev_type:exonerate/ID=match.2566964.942/Target=lcl|NW_017264931_1_prot_XP_018272280_1_2111;exonerate}
68437	68505	INTRON			{GeneMark_model.813_t;GeneMark},{Augustus_model.g623.t1;Augustus},{ev_type:exonerate/ID=match.2566964.958/Target=lcl|KQ954515_1_prot_KWU42143_1_5517;exonerate},{ev_type:exonerate/ID=match.2566964.942/Target=lcl|NW_017264931_1_prot_XP_018272280_1_2111;exonerate}
68506	68649	internal+	1	3	{GeneMark_model.813_t;GeneMark},{Augustus_model.g623.t1;Augustus},{GlimmerHMM_glimmerT_741-T1;GlimmerHMM},{ev_type:exonerate/ID=match.2566964.958/Target=lcl|KQ954515_1_prot_KWU42143_1_5517;exonerate},{ev_type:exonerate/ID=match.2566964.942/Target=lcl|NW_017264931_1_prot_XP_018272280_1_2111;exonerate}
68650	68775	INTRON			{snap_scaffold_2-snap.113-T1;snap},{GeneMark_model.813_t;GeneMark},{Augustus_model.g623.t1;Augustus},{GlimmerHMM_glimmerT_741-T1;GlimmerHMM},{ev_type:exonerate/ID=match.2566964.958/Target=lcl|KQ954515_1_prot_KWU42143_1_5517;exonerate},{ev_type:exonerate/ID=match.2566964.942/Target=lcl|NW_017264931_1_prot_XP_018272280_1_2111;exonerate}
68776	68963	internal+	1	2	{GeneMark_model.813_t;GeneMark},{Augustus_model.g623.t1;Augustus},{GlimmerHMM_glimmerT_741-T1;GlimmerHMM},{ev_type:exonerate/ID=match.2566964.958/Target=lcl|KQ954515_1_prot_KWU42143_1_5517;exonerate}
68964	69023	INTRON			{GeneMark_model.813_t;GeneMark},{Augustus_model.g623.t1;Augustus},{GlimmerHMM_glimmerT_741-T1;GlimmerHMM},{ev_type:exonerate/ID=match.2566964.958/Target=lcl|KQ954515_1_prot_KWU42143_1_5517;exonerate}
69024	69107	internal+	3	2	{GeneMark_model.813_t;GeneMark},{Augustus_model.g623.t1;Augustus}
69108	69171	INTRON			{GeneMark_model.813_t;GeneMark},{Augustus_model.g623.t1;Augustus}
69172	69805	internal+	3	3	{GeneMark_model.813_t;GeneMark},{Augustus_model.g623.t1;Augustus}
69806	69890	INTRON			{GeneMark_model.813_t;GeneMark},{Augustus_model.g623.t1;Augustus},{GlimmerHMM_glimmerT_741-T1;GlimmerHMM}
69891	70022	internal+	1	3	{GeneMark_model.813_t;GeneMark},{Augustus_model.g623.t1;Augustus},{GlimmerHMM_glimmerT_741-T1;GlimmerHMM}
70023	70860	INTRON			{Augustus_model.g623.t1;Augustus},{GlimmerHMM_glimmerT_741-T1;GlimmerHMM}
70861	70953	internal+	1	3	{GeneMark_model.814_t;GeneMark},{Augustus_model.g623.t1;Augustus}
70954	71062	INTRON			{GeneMark_model.814_t;GeneMark},{Augustus_model.g623.t1;Augustus}
71063	71189	internal+	1	1	{GeneMark_model.814_t;GeneMark},{Augustus_model.g623.t1;Augustus},{GlimmerHMM_glimmerT_741-T1;GlimmerHMM}
71190	71258	INTRON			{GeneMark_model.814_t;GeneMark},{Augustus_model.g623.t1;Augustus},{GlimmerHMM_glimmerT_741-T1;GlimmerHMM}
71259	71281	terminal+	2	3	{GeneMark_model.814_t;GeneMark},{Augustus_model.g623.t1;Augustus},{GlimmerHMM_glimmerT_741-T1;GlimmerHMM}

# EVM prediction: Mode:STANDARD S-ratio: 3.10 71765-73055 orient(+) score(6740.00) noncoding_equivalent(2172.33) raw_noncoding(2635.65) offset(463.32) 
71765	71853	initial+	1	2	{GlimmerHMM_glimmerT_742-T1;GlimmerHMM},{GeneMark_model.815_t;GeneMark},{Augustus_model.g624.t1;Augustus}
71854	71942	INTRON			{GlimmerHMM_glimmerT_742-T1;GlimmerHMM},{GeneMark_model.815_t;GeneMark},{Augustus_model.g624.t1;Augustus},{ev_type:exonerate/ID=match.2566964.1289/Target=lcl|PJQD01000001_1_prot_POY76812_1_61;exonerate},{ev_type:exonerate/ID=match.2566964.1295/Target=lcl|KQ954515_1_prot_KWU42145_1_5519;exonerate}
71943	72073	internal+	3	1	{GlimmerHMM_glimmerT_742-T1;GlimmerHMM},{GeneMark_model.815_t;GeneMark},{Augustus_model.g624.t1;Augustus},{ev_type:exonerate/ID=match.2566964.1289/Target=lcl|PJQD01000001_1_prot_POY76812_1_61;exonerate},{ev_type:exonerate/ID=match.2566964.1295/Target=lcl|KQ954515_1_prot_KWU42145_1_5519;exonerate}
72074	72226	INTRON			{GlimmerHMM_glimmerT_742-T1;GlimmerHMM},{GeneMark_model.815_t;GeneMark},{Augustus_model.g624.t1;Augustus},{ev_type:exonerate/ID=match.2566964.1289/Target=lcl|PJQD01000001_1_prot_POY76812_1_61;exonerate},{ev_type:exonerate/ID=match.2566964.1295/Target=lcl|KQ954515_1_prot_KWU42145_1_5519;exonerate}
72227	72386	internal+	2	2	{GlimmerHMM_glimmerT_742-T1;GlimmerHMM},{GeneMark_model.815_t;GeneMark},{Augustus_model.g624.t1;Augustus},{ev_type:exonerate/ID=match.2566964.1289/Target=lcl|PJQD01000001_1_prot_POY76812_1_61;exonerate},{ev_type:exonerate/ID=match.2566964.1295/Target=lcl|KQ954515_1_prot_KWU42145_1_5519;exonerate}
72387	72537	INTRON			{GlimmerHMM_glimmerT_742-T1;GlimmerHMM},{GeneMark_model.815_t;GeneMark},{Augustus_model.g624.t1;Augustus},{ev_type:exonerate/ID=match.2566964.1289/Target=lcl|PJQD01000001_1_prot_POY76812_1_61;exonerate},{ev_type:exonerate/ID=match.2566964.1295/Target=lcl|KQ954515_1_prot_KWU42145_1_5519;exonerate}
72538	72671	internal+	3	1	{GlimmerHMM_glimmerT_742-T1;GlimmerHMM},{GeneMark_model.815_t;GeneMark},{Augustus_model.g624.t1;Augustus},{ev_type:exonerate/ID=match.2566964.1289/Target=lcl|PJQD01000001_1_prot_POY76812_1_61;exonerate},{ev_type:exonerate/ID=match.2566964.1295/Target=lcl|KQ954515_1_prot_KWU42145_1_5519;exonerate}
72672	72787	INTRON			{GlimmerHMM_glimmerT_742-T1;GlimmerHMM},{GeneMark_model.815_t;GeneMark},{Augustus_model.g624.t1;Augustus},{ev_type:exonerate/ID=match.2566964.1289/Target=lcl|PJQD01000001_1_prot_POY76812_1_61;exonerate},{ev_type:exonerate/ID=match.2566964.1295/Target=lcl|KQ954515_1_prot_KWU42145_1_5519;exonerate}
72788	72885	internal+	2	3	{GlimmerHMM_glimmerT_742-T1;GlimmerHMM},{GeneMark_model.815_t;GeneMark},{Augustus_model.g624.t1;Augustus},{ev_type:exonerate/ID=match.2566964.1289/Target=lcl|PJQD01000001_1_prot_POY76812_1_61;exonerate},{ev_type:exonerate/ID=match.2566964.1295/Target=lcl|KQ954515_1_prot_KWU42145_1_5519;exonerate}
72886	72974	INTRON			{GlimmerHMM_glimmerT_742-T1;GlimmerHMM},{GeneMark_model.815_t;GeneMark},{Augustus_model.g624.t1;Augustus},{ev_type:exonerate/ID=match.2566964.1289/Target=lcl|PJQD01000001_1_prot_POY76812_1_61;exonerate},{ev_type:exonerate/ID=match.2566964.1295/Target=lcl|KQ954515_1_prot_KWU42145_1_5519;exonerate}
72975	73055	terminal+	1	3	{GlimmerHMM_glimmerT_742-T1;GlimmerHMM},{GeneMark_model.815_t;GeneMark},{Augustus_model.g624.t1;Augustus}

# EVM prediction: Mode:STANDARD S-ratio: 2.31 73570-76576 orient(-) score(9416.00) noncoding_equivalent(4074.55) raw_noncoding(5269.00) offset(1194.45) 
73681	73570	terminal-	6	6	{GlimmerHMM_glimmerT_743-T1;GlimmerHMM},{GeneMark_model.816_t;GeneMark},{Augustus_model.g625.t1;Augustus}
73760	73682	INTRON			{GlimmerHMM_glimmerT_743-T1;GlimmerHMM},{GeneMark_model.816_t;GeneMark},{Augustus_model.g625.t1;Augustus}
73816	73761	internal-	4	5	{GlimmerHMM_glimmerT_743-T1;GlimmerHMM},{GeneMark_model.816_t;GeneMark},{Augustus_model.g625.t1;Augustus}
73889	73817	INTRON			{GeneMark_model.816_t;GeneMark},{Augustus_model.g625.t1;Augustus}
73931	73890	internal-	4	6	{GeneMark_model.816_t;GeneMark},{Augustus_model.g625.t1;Augustus}
73988	73932	INTRON			{GeneMark_model.816_t;GeneMark},{Augustus_model.g625.t1;Augustus}
74007	73989	internal-	6	6	{GlimmerHMM_glimmerT_743-T1;GlimmerHMM},{GeneMark_model.816_t;GeneMark},{Augustus_model.g625.t1;Augustus}
74075	74008	INTRON			{GlimmerHMM_glimmerT_743-T1;GlimmerHMM},{GeneMark_model.816_t;GeneMark},{Augustus_model.g625.t1;Augustus}
74464	74076	internal-	4	5	{GlimmerHMM_glimmerT_743-T1;GlimmerHMM},{GeneMark_model.816_t;GeneMark},{Augustus_model.g625.t1;Augustus}
74532	74465	INTRON			{GlimmerHMM_glimmerT_743-T1;GlimmerHMM},{GeneMark_model.816_t;GeneMark},{Augustus_model.g625.t1;Augustus}
74563	74533	internal-	6	6	{GlimmerHMM_glimmerT_743-T1;GlimmerHMM},{GeneMark_model.816_t;GeneMark},{Augustus_model.g625.t1;Augustus}
74643	74564	INTRON			{GlimmerHMM_glimmerT_743-T1;GlimmerHMM},{GeneMark_model.816_t;GeneMark},{Augustus_model.g625.t1;Augustus}
74770	74644	internal-	5	5	{GlimmerHMM_glimmerT_743-T1;GlimmerHMM},{GeneMark_model.816_t;GeneMark},{Augustus_model.g625.t1;Augustus}
74849	74771	INTRON			{GlimmerHMM_glimmerT_743-T1;GlimmerHMM},{GeneMark_model.816_t;GeneMark},{Augustus_model.g625.t1;Augustus}
75164	74850	internal-	5	4	{GlimmerHMM_glimmerT_743-T1;GlimmerHMM},{GeneMark_model.816_t;GeneMark},{Augustus_model.g625.t1;Augustus}
75236	75165	INTRON			{GlimmerHMM_glimmerT_743-T1;GlimmerHMM},{GeneMark_model.816_t;GeneMark},{Augustus_model.g625.t1;Augustus}
75404	75237	internal-	5	4	{GlimmerHMM_glimmerT_743-T1;GlimmerHMM},{GeneMark_model.816_t;GeneMark},{Augustus_model.g625.t1;Augustus}
75475	75405	INTRON			{GlimmerHMM_glimmerT_743-T1;GlimmerHMM},{GeneMark_model.816_t;GeneMark},{Augustus_model.g625.t1;Augustus}
75769	75476	internal-	5	4	{GlimmerHMM_glimmerT_743-T1;GlimmerHMM},{GeneMark_model.816_t;GeneMark},{Augustus_model.g625.t1;Augustus}
75835	75770	INTRON			{GlimmerHMM_glimmerT_743-T1;GlimmerHMM},{GeneMark_model.816_t;GeneMark},{Augustus_model.g625.t1;Augustus}
76048	75836	internal-	5	4	{GlimmerHMM_glimmerT_743-T1;GlimmerHMM},{Augustus_model.g625.t1;Augustus}
76152	76049	INTRON			{GlimmerHMM_glimmerT_743-T1;GlimmerHMM},{Augustus_model.g625.t1;Augustus}
76296	76153	internal-	5	4	{GlimmerHMM_glimmerT_743-T1;GlimmerHMM},{Augustus_model.g625.t1;Augustus}
76371	76297	INTRON			{GlimmerHMM_glimmerT_743-T1;GlimmerHMM},{GeneMark_model.816_t;GeneMark},{Augustus_model.g625.t1;Augustus}
76462	76372	internal-	4	4	{GlimmerHMM_glimmerT_743-T1;GlimmerHMM},{GeneMark_model.816_t;GeneMark},{Augustus_model.g625.t1;Augustus}
76558	76463	INTRON			{GlimmerHMM_glimmerT_743-T1;GlimmerHMM},{GeneMark_model.816_t;GeneMark},{Augustus_model.g625.t1;Augustus}
76576	76559	initial-	4	6	{GlimmerHMM_glimmerT_743-T1;GlimmerHMM},{GeneMark_model.816_t;GeneMark},{Augustus_model.g625.t1;Augustus}

# EVM prediction: Mode:STANDARD S-ratio: 2.35 76974-78821 orient(+) score(5817.00) noncoding_equivalent(2475.78) raw_noncoding(2832.00) offset(356.22) 
76974	77423	initial+	1	3	{GlimmerHMM_glimmerT_744-T1;GlimmerHMM},{GeneMark_model.817_t;GeneMark},{Augustus_model.g626.t1;Augustus}
77424	77487	INTRON			{GlimmerHMM_glimmerT_744-T1;GlimmerHMM},{GeneMark_model.817_t;GeneMark},{Augustus_model.g626.t1;Augustus}
77488	77804	internal+	1	2	{GlimmerHMM_glimmerT_744-T1;GlimmerHMM},{GeneMark_model.817_t;GeneMark},{Augustus_model.g626.t1;Augustus}
77805	77866	INTRON			{GlimmerHMM_glimmerT_744-T1;GlimmerHMM},{GeneMark_model.817_t;GeneMark},{Augustus_model.g626.t1;Augustus}
77867	78053	internal+	3	3	{GlimmerHMM_glimmerT_744-T1;GlimmerHMM},{GeneMark_model.817_t;GeneMark},{Augustus_model.g626.t1;Augustus}
78054	78116	INTRON			{GlimmerHMM_glimmerT_744-T1;GlimmerHMM},{GeneMark_model.817_t;GeneMark},{Augustus_model.g626.t1;Augustus}
78117	78234	internal+	1	1	{GlimmerHMM_glimmerT_744-T1;GlimmerHMM},{GeneMark_model.817_t;GeneMark},{Augustus_model.g626.t1;Augustus}
78235	78301	INTRON			{GlimmerHMM_glimmerT_744-T1;GlimmerHMM},{GeneMark_model.817_t;GeneMark},{Augustus_model.g626.t1;Augustus}
78302	78405	internal+	2	3	{GlimmerHMM_glimmerT_744-T1;GlimmerHMM},{GeneMark_model.817_t;GeneMark},{Augustus_model.g626.t1;Augustus}
78406	78476	INTRON			{GlimmerHMM_glimmerT_744-T1;GlimmerHMM},{GeneMark_model.817_t;GeneMark},{Augustus_model.g626.t1;Augustus}
78477	78569	internal+	1	3	{GlimmerHMM_glimmerT_744-T1;GlimmerHMM},{GeneMark_model.817_t;GeneMark},{Augustus_model.g626.t1;Augustus}
78570	78638	INTRON			{GlimmerHMM_glimmerT_744-T1;GlimmerHMM},{snap_scaffold_2-snap.118-T1;snap},{GeneMark_model.817_t;GeneMark},{Augustus_model.g626.t1;Augustus}
78639	78821	terminal+	1	3	{GlimmerHMM_glimmerT_744-T1;GlimmerHMM},{snap_scaffold_2-snap.118-T1;snap},{GeneMark_model.817_t;GeneMark},{Augustus_model.g626.t1;Augustus}

# EVM prediction: Mode:STANDARD S-ratio: 3.04 78953-81786 orient(-) score(8783.00) noncoding_equivalent(2884.58) raw_noncoding(3704.00) offset(819.42) 
79324	78953	terminal-	4	6	{GeneMark_model.818_t;GeneMark},{snap_scaffold_2-snap.119-T1;snap},{GlimmerHMM_glimmerT_745-T1;GlimmerHMM},{Augustus_model.g627.t1;Augustus}
79488	79325	INTRON			{Augustus_model.g627.t1;Augustus}
79522	79489	internal-	6	6	{Augustus_model.g627.t1;Augustus}
79584	79523	INTRON			{GeneMark_model.818_t;GeneMark},{Augustus_model.g627.t1;Augustus}
79704	79585	internal-	6	5	{GeneMark_model.818_t;GeneMark},{Augustus_model.g627.t1;Augustus}
79763	79705	INTRON			{GeneMark_model.818_t;GeneMark},{GlimmerHMM_glimmerT_745-T1;GlimmerHMM},{Augustus_model.g627.t1;Augustus}
80042	79764	internal-	6	5	{GeneMark_model.818_t;GeneMark},{GlimmerHMM_glimmerT_745-T1;GlimmerHMM},{Augustus_model.g627.t1;Augustus}
80098	80043	INTRON			{GeneMark_model.818_t;GeneMark},{GlimmerHMM_glimmerT_745-T1;GlimmerHMM},{Augustus_model.g627.t1;Augustus}
80302	80099	internal-	6	5	{GeneMark_model.818_t;GeneMark},{GlimmerHMM_glimmerT_745-T1;GlimmerHMM},{Augustus_model.g627.t1;Augustus}
80360	80303	INTRON			{GeneMark_model.818_t;GeneMark},{GlimmerHMM_glimmerT_745-T1;GlimmerHMM},{Augustus_model.g627.t1;Augustus}
80506	80361	internal-	4	5	{GeneMark_model.818_t;GeneMark},{GlimmerHMM_glimmerT_745-T1;GlimmerHMM},{Augustus_model.g627.t1;Augustus}
80562	80507	INTRON			{GeneMark_model.818_t;GeneMark},{GlimmerHMM_glimmerT_745-T1;GlimmerHMM},{Augustus_model.g627.t1;Augustus}
80654	80563	internal-	5	6	{GeneMark_model.818_t;GeneMark},{GlimmerHMM_glimmerT_745-T1;GlimmerHMM},{Augustus_model.g627.t1;Augustus}
80710	80655	INTRON			{GeneMark_model.818_t;GeneMark},{GlimmerHMM_glimmerT_745-T1;GlimmerHMM},{Augustus_model.g627.t1;Augustus}
81220	80711	internal-	5	4	{GlimmerHMM_glimmerT_745-T1;GlimmerHMM}
81278	81221	INTRON			{GeneMark_model.818_t;GeneMark},{GlimmerHMM_glimmerT_745-T1;GlimmerHMM},{Augustus_model.g627.t1;Augustus}
81786	81279	initial-	4	4	{GeneMark_model.818_t;GeneMark},{GlimmerHMM_glimmerT_745-T1;GlimmerHMM}

# EVM prediction: Mode:STANDARD S-ratio: 1.00 84511-85041 orient(+) score(1062.00) noncoding_equivalent(1062.00) raw_noncoding(1380.00) offset(318.00) 
84511	84687	initial+	1	3	{GlimmerHMM_glimmerT_746-T1;GlimmerHMM}
84688	84846	INTRON			{GlimmerHMM_glimmerT_746-T1;GlimmerHMM},{Augustus_model.g628.t1;Augustus}
84847	85041	terminal+	1	3	{GlimmerHMM_glimmerT_746-T1;GlimmerHMM},{Augustus_model.g628.t1;Augustus}

# EVM prediction: Mode:STANDARD S-ratio: 4.90 86588-89268 orient(-) score(17299.00) noncoding_equivalent(3527.39) raw_noncoding(4458.65) offset(931.26) 
86769	86588	terminal-	5	6	{HiQ_model.g629.t1;HiQ},{GlimmerHMM_glimmerT_747-T1;GlimmerHMM},{GeneMark_model.819_t;GeneMark}
86836	86770	INTRON			{HiQ_model.g629.t1;HiQ},{GlimmerHMM_glimmerT_747-T1;GlimmerHMM},{GeneMark_model.819_t;GeneMark},{ev_type:exonerate/ID=match.2566964.1094/Target=lcl|PJQD01000001_1_prot_POY76806_1_55;exonerate},{ev_type:exonerate/ID=match.2566964.1095/Target=lcl|KQ954491_1_prot_KWU43386_1_4317;exonerate}
87101	86837	internal-	4	4	{HiQ_model.g629.t1;HiQ},{GlimmerHMM_glimmerT_747-T1;GlimmerHMM},{GeneMark_model.819_t;GeneMark},{ev_type:exonerate/ID=match.2566964.1094/Target=lcl|PJQD01000001_1_prot_POY76806_1_55;exonerate},{ev_type:exonerate/ID=match.2566964.1095/Target=lcl|KQ954491_1_prot_KWU43386_1_4317;exonerate}
87165	87102	INTRON			{HiQ_model.g629.t1;HiQ},{GlimmerHMM_glimmerT_747-T1;GlimmerHMM},{GeneMark_model.819_t;GeneMark},{ev_type:exonerate/ID=match.2566964.1094/Target=lcl|PJQD01000001_1_prot_POY76806_1_55;exonerate},{ev_type:exonerate/ID=match.2566964.1095/Target=lcl|KQ954491_1_prot_KWU43386_1_4317;exonerate}
87356	87166	internal-	5	6	{HiQ_model.g629.t1;HiQ},{GlimmerHMM_glimmerT_747-T1;GlimmerHMM},{GeneMark_model.819_t;GeneMark},{ev_type:exonerate/ID=match.2566964.1094/Target=lcl|PJQD01000001_1_prot_POY76806_1_55;exonerate},{ev_type:exonerate/ID=match.2566964.1095/Target=lcl|KQ954491_1_prot_KWU43386_1_4317;exonerate}
87420	87357	INTRON			{HiQ_model.g629.t1;HiQ},{GlimmerHMM_glimmerT_747-T1;GlimmerHMM},{GeneMark_model.819_t;GeneMark},{ev_type:exonerate/ID=match.2566964.1094/Target=lcl|PJQD01000001_1_prot_POY76806_1_55;exonerate},{ev_type:exonerate/ID=match.2566964.1095/Target=lcl|KQ954491_1_prot_KWU43386_1_4317;exonerate}
88214	87421	internal-	6	4	{HiQ_model.g629.t1;HiQ},{GeneMark_model.819_t;GeneMark},{ev_type:exonerate/ID=match.2566964.1094/Target=lcl|PJQD01000001_1_prot_POY76806_1_55;exonerate},{ev_type:exonerate/ID=match.2566964.1095/Target=lcl|KQ954491_1_prot_KWU43386_1_4317;exonerate}
88386	88215	INTRON			{HiQ_model.g629.t1;HiQ},{GeneMark_model.819_t;GeneMark},{ev_type:exonerate/ID=match.2566964.1094/Target=lcl|PJQD01000001_1_prot_POY76806_1_55;exonerate},{ev_type:exonerate/ID=match.2566964.1095/Target=lcl|KQ954491_1_prot_KWU43386_1_4317;exonerate}
88446	88387	internal-	6	5	{HiQ_model.g629.t1;HiQ},{GeneMark_model.819_t;GeneMark},{ev_type:exonerate/ID=match.2566964.1094/Target=lcl|PJQD01000001_1_prot_POY76806_1_55;exonerate},{ev_type:exonerate/ID=match.2566964.1095/Target=lcl|KQ954491_1_prot_KWU43386_1_4317;exonerate}
88516	88447	INTRON			{HiQ_model.g629.t1;HiQ},{GeneMark_model.819_t;GeneMark},{ev_type:exonerate/ID=match.2566964.1094/Target=lcl|PJQD01000001_1_prot_POY76806_1_55;exonerate},{ev_type:exonerate/ID=match.2566964.1095/Target=lcl|KQ954491_1_prot_KWU43386_1_4317;exonerate}
88595	88517	internal-	5	5	{HiQ_model.g629.t1;HiQ},{GeneMark_model.819_t;GeneMark},{ev_type:exonerate/ID=match.2566964.1094/Target=lcl|PJQD01000001_1_prot_POY76806_1_55;exonerate},{ev_type:exonerate/ID=match.2566964.1095/Target=lcl|KQ954491_1_prot_KWU43386_1_4317;exonerate}
88655	88596	INTRON			{HiQ_model.g629.t1;HiQ},{GlimmerHMM_glimmerT_747-T1;GlimmerHMM},{GeneMark_model.819_t;GeneMark},{ev_type:exonerate/ID=match.2566964.1094/Target=lcl|PJQD01000001_1_prot_POY76806_1_55;exonerate},{ev_type:exonerate/ID=match.2566964.1095/Target=lcl|KQ954491_1_prot_KWU43386_1_4317;exonerate}
88820	88656	internal-	5	4	{HiQ_model.g629.t1;HiQ},{GlimmerHMM_glimmerT_747-T1;GlimmerHMM},{GeneMark_model.819_t;GeneMark},{ev_type:exonerate/ID=match.2566964.1094/Target=lcl|PJQD01000001_1_prot_POY76806_1_55;exonerate},{ev_type:exonerate/ID=match.2566964.1095/Target=lcl|KQ954491_1_prot_KWU43386_1_4317;exonerate}
88883	88821	INTRON			{HiQ_model.g629.t1;HiQ},{GlimmerHMM_glimmerT_747-T1;GlimmerHMM},{GeneMark_model.819_t;GeneMark},{ev_type:exonerate/ID=match.2566964.1094/Target=lcl|PJQD01000001_1_prot_POY76806_1_55;exonerate},{ev_type:exonerate/ID=match.2566964.1095/Target=lcl|KQ954491_1_prot_KWU43386_1_4317;exonerate}
89268	88884	initial-	4	4	{HiQ_model.g629.t1;HiQ},{GeneMark_model.819_t;GeneMark}

# EVM prediction: Mode:STANDARD S-ratio: 3.56 89709-92253 orient(-) score(8281.00) noncoding_equivalent(2327.90) raw_noncoding(2572.12) offset(244.22) 
89834	89709	terminal-	4	6	{GeneMark_model.820_t;GeneMark},{Augustus_model.g630.t1;Augustus},{GlimmerHMM_glimmerT_748-T1;GlimmerHMM}
89896	89835	INTRON			{GeneMark_model.820_t;GeneMark},{Augustus_model.g630.t1;Augustus},{GlimmerHMM_glimmerT_748-T1;GlimmerHMM}
90652	89897	internal-	4	6	{GeneMark_model.820_t;GeneMark},{Augustus_model.g630.t1;Augustus},{GlimmerHMM_glimmerT_748-T1;GlimmerHMM}
90742	90653	INTRON			{GeneMark_model.820_t;GeneMark},{Augustus_model.g630.t1;Augustus},{GlimmerHMM_glimmerT_748-T1;GlimmerHMM}
91090	90743	internal-	4	6	{GeneMark_model.820_t;GeneMark},{Augustus_model.g630.t1;Augustus},{GlimmerHMM_glimmerT_748-T1;GlimmerHMM}
91161	91091	INTRON			{GeneMark_model.820_t;GeneMark},{Augustus_model.g630.t1;Augustus},{GlimmerHMM_glimmerT_748-T1;GlimmerHMM}
91853	91162	internal-	5	6	{GeneMark_model.820_t;GeneMark},{Augustus_model.g630.t1;Augustus}
91925	91854	INTRON			{GeneMark_model.820_t;GeneMark},{Augustus_model.g630.t1;Augustus}
92253	91926	initial-	4	4	{GeneMark_model.820_t;GeneMark},{Augustus_model.g630.t1;Augustus}

# EVM prediction: Mode:STANDARD S-ratio: 2.25 93268-93594 orient(-) score(905.00) noncoding_equivalent(403.02) raw_noncoding(541.13) offset(138.12) 
93274	93268	terminal-	6	6	{Augustus_model.g631.t1;Augustus},{GeneMark_model.821_t;GeneMark}
93343	93275	INTRON			{Augustus_model.g631.t1;Augustus},{GeneMark_model.821_t;GeneMark}
93594	93344	initial-	4	5	{Augustus_model.g631.t1;Augustus},{GeneMark_model.821_t;GeneMark},{GlimmerHMM_glimmerT_748-T1;GlimmerHMM}

# EVM prediction: Mode:STANDARD S-ratio: 2.27 94782-99545 orient(-) score(14691.00) noncoding_equivalent(6481.64) raw_noncoding(7657.00) offset(1175.36) 
95249	94782	terminal-	4	6	{GlimmerHMM_glimmerT_749-T1;GlimmerHMM},{Augustus_model.g632.t1;Augustus},{GeneMark_model.822_t;GeneMark}
95316	95250	INTRON			{GlimmerHMM_glimmerT_749-T1;GlimmerHMM},{Augustus_model.g632.t1;Augustus},{GeneMark_model.822_t;GeneMark}
95382	95317	internal-	4	6	{GlimmerHMM_glimmerT_749-T1;GlimmerHMM},{Augustus_model.g632.t1;Augustus},{GeneMark_model.822_t;GeneMark}
95444	95383	INTRON			{GlimmerHMM_glimmerT_749-T1;GlimmerHMM},{Augustus_model.g632.t1;Augustus},{GeneMark_model.822_t;GeneMark}
95758	95445	internal-	5	6	{GlimmerHMM_glimmerT_749-T1;GlimmerHMM},{Augustus_model.g632.t1;Augustus},{GeneMark_model.822_t;GeneMark}
95828	95759	INTRON			{GlimmerHMM_glimmerT_749-T1;GlimmerHMM},{Augustus_model.g632.t1;Augustus},{GeneMark_model.822_t;GeneMark}
96096	95829	internal-	4	4	{GlimmerHMM_glimmerT_749-T1;GlimmerHMM},{Augustus_model.g632.t1;Augustus},{GeneMark_model.822_t;GeneMark}
96160	96097	INTRON			{GlimmerHMM_glimmerT_749-T1;GlimmerHMM},{Augustus_model.g632.t1;Augustus},{GeneMark_model.822_t;GeneMark}
96280	96161	internal-	4	6	{GlimmerHMM_glimmerT_749-T1;GlimmerHMM},{Augustus_model.g632.t1;Augustus},{GeneMark_model.822_t;GeneMark}
96350	96281	INTRON			{GlimmerHMM_glimmerT_749-T1;GlimmerHMM},{Augustus_model.g632.t1;Augustus},{GeneMark_model.822_t;GeneMark}
96446	96351	internal-	4	6	{GlimmerHMM_glimmerT_749-T1;GlimmerHMM},{Augustus_model.g632.t1;Augustus},{GeneMark_model.822_t;GeneMark}
96506	96447	INTRON			{GlimmerHMM_glimmerT_749-T1;GlimmerHMM},{Augustus_model.g632.t1;Augustus},{GeneMark_model.822_t;GeneMark}
96659	96507	internal-	4	6	{GlimmerHMM_glimmerT_749-T1;GlimmerHMM},{Augustus_model.g632.t1;Augustus},{GeneMark_model.822_t;GeneMark}
96718	96660	INTRON			{GlimmerHMM_glimmerT_749-T1;GlimmerHMM},{Augustus_model.g632.t1;Augustus},{GeneMark_model.822_t;GeneMark}
96865	96719	internal-	4	6	{GlimmerHMM_glimmerT_749-T1;GlimmerHMM},{Augustus_model.g632.t1;Augustus},{GeneMark_model.822_t;GeneMark}
96931	96866	INTRON			{GlimmerHMM_glimmerT_749-T1;GlimmerHMM},{Augustus_model.g632.t1;Augustus},{GeneMark_model.822_t;GeneMark}
97065	96932	internal-	5	6	{GlimmerHMM_glimmerT_749-T1;GlimmerHMM},{Augustus_model.g632.t1;Augustus},{GeneMark_model.822_t;GeneMark}
97135	97066	INTRON			{GlimmerHMM_glimmerT_749-T1;GlimmerHMM},{Augustus_model.g632.t1;Augustus},{GeneMark_model.822_t;GeneMark}
97266	97136	internal-	6	4	{GlimmerHMM_glimmerT_749-T1;GlimmerHMM},{Augustus_model.g632.t1;Augustus},{GeneMark_model.822_t;GeneMark}
97332	97267	INTRON			{GlimmerHMM_glimmerT_749-T1;GlimmerHMM},{Augustus_model.g632.t1;Augustus},{GeneMark_model.822_t;GeneMark}
97478	97333	internal-	4	5	{GlimmerHMM_glimmerT_749-T1;GlimmerHMM},{Augustus_model.g632.t1;Augustus},{GeneMark_model.822_t;GeneMark}
97534	97479	INTRON			{Augustus_model.g632.t1;Augustus},{GeneMark_model.822_t;GeneMark}
97585	97535	internal-	4	6	{Augustus_model.g632.t1;Augustus},{GeneMark_model.822_t;GeneMark}
97646	97586	INTRON			{Augustus_model.g632.t1;Augustus},{GeneMark_model.822_t;GeneMark}
97900	97647	internal-	5	6	{GlimmerHMM_glimmerT_749-T1;GlimmerHMM},{Augustus_model.g632.t1;Augustus},{GeneMark_model.822_t;GeneMark}
97966	97901	INTRON			{GlimmerHMM_glimmerT_749-T1;GlimmerHMM},{Augustus_model.g632.t1;Augustus},{GeneMark_model.822_t;GeneMark}
98162	97967	internal-	4	4	{GlimmerHMM_glimmerT_749-T1;GlimmerHMM},{Augustus_model.g632.t1;Augustus},{GeneMark_model.822_t;GeneMark}
98241	98163	INTRON			{GlimmerHMM_glimmerT_749-T1;GlimmerHMM},{Augustus_model.g632.t1;Augustus},{GeneMark_model.822_t;GeneMark}
98656	98242	internal-	6	6	{GlimmerHMM_glimmerT_749-T1;GlimmerHMM},{Augustus_model.g632.t1;Augustus},{GeneMark_model.822_t;GeneMark}
98726	98657	INTRON			{GlimmerHMM_glimmerT_749-T1;GlimmerHMM},{Augustus_model.g632.t1;Augustus},{snap_scaffold_2-snap.124-T1;snap},{GeneMark_model.822_t;GeneMark}
99096	98727	internal-	5	5	{GlimmerHMM_glimmerT_749-T1;GlimmerHMM},{Augustus_model.g632.t1;Augustus},{GeneMark_model.822_t;GeneMark}
99185	99097	INTRON			{GlimmerHMM_glimmerT_749-T1;GlimmerHMM},{Augustus_model.g632.t1;Augustus},{GeneMark_model.822_t;GeneMark}
99307	99186	internal-	6	4	{GlimmerHMM_glimmerT_749-T1;GlimmerHMM},{Augustus_model.g632.t1;Augustus},{GeneMark_model.822_t;GeneMark}
99372	99308	INTRON			{GlimmerHMM_glimmerT_749-T1;GlimmerHMM},{Augustus_model.g632.t1;Augustus},{GeneMark_model.822_t;GeneMark}
99545	99373	initial-	4	5	{GlimmerHMM_glimmerT_749-T1;GlimmerHMM},{Augustus_model.g632.t1;Augustus},{GeneMark_model.822_t;GeneMark}

# EVM prediction: Mode:STANDARD S-ratio: 4.66 99931-101291 orient(+) score(7114.00) noncoding_equivalent(1526.52) raw_noncoding(1801.77) offset(275.25) 
99931	99983	initial+	1	2	{GeneMark_model.823_t;GeneMark},{Augustus_model.g633.t1;Augustus}
99984	100083	INTRON			{GeneMark_model.823_t;GeneMark},{Augustus_model.g633.t1;Augustus},{ev_type:exonerate/ID=match.2566964.1233/Target=lcl|PJQD01000001_1_prot_POY76802_1_51;exonerate},{ev_type:exonerate/ID=match.2566964.1214/Target=lcl|KQ954491_1_prot_KWU43380_1_4311;exonerate}
100084	100179	internal+	3	2	{GeneMark_model.823_t;GeneMark},{Augustus_model.g633.t1;Augustus},{ev_type:exonerate/ID=match.2566964.1233/Target=lcl|PJQD01000001_1_prot_POY76802_1_51;exonerate},{ev_type:exonerate/ID=match.2566964.1214/Target=lcl|KQ954491_1_prot_KWU43380_1_4311;exonerate}
100180	100252	INTRON			{GeneMark_model.823_t;GeneMark},{GlimmerHMM_glimmerT_750-T1;GlimmerHMM},{Augustus_model.g633.t1;Augustus},{ev_type:exonerate/ID=match.2566964.1233/Target=lcl|PJQD01000001_1_prot_POY76802_1_51;exonerate},{ev_type:exonerate/ID=match.2566964.1214/Target=lcl|KQ954491_1_prot_KWU43380_1_4311;exonerate}
100253	100403	internal+	3	3	{GeneMark_model.823_t;GeneMark},{GlimmerHMM_glimmerT_750-T1;GlimmerHMM},{Augustus_model.g633.t1;Augustus},{ev_type:exonerate/ID=match.2566964.1233/Target=lcl|PJQD01000001_1_prot_POY76802_1_51;exonerate},{ev_type:exonerate/ID=match.2566964.1214/Target=lcl|KQ954491_1_prot_KWU43380_1_4311;exonerate}
100404	100468	INTRON			{GeneMark_model.823_t;GeneMark},{GlimmerHMM_glimmerT_750-T1;GlimmerHMM},{Augustus_model.g633.t1;Augustus},{ev_type:exonerate/ID=match.2566964.1233/Target=lcl|PJQD01000001_1_prot_POY76802_1_51;exonerate},{ev_type:exonerate/ID=match.2566964.1214/Target=lcl|KQ954491_1_prot_KWU43380_1_4311;exonerate}
100469	100655	internal+	1	1	{GeneMark_model.823_t;GeneMark},{GlimmerHMM_glimmerT_750-T1;GlimmerHMM},{Augustus_model.g633.t1;Augustus},{ev_type:exonerate/ID=match.2566964.1233/Target=lcl|PJQD01000001_1_prot_POY76802_1_51;exonerate},{ev_type:exonerate/ID=match.2566964.1214/Target=lcl|KQ954491_1_prot_KWU43380_1_4311;exonerate}
100656	100721	INTRON			{GeneMark_model.823_t;GeneMark},{GlimmerHMM_glimmerT_750-T1;GlimmerHMM},{Augustus_model.g633.t1;Augustus},{ev_type:exonerate/ID=match.2566964.1233/Target=lcl|PJQD01000001_1_prot_POY76802_1_51;exonerate},{ev_type:exonerate/ID=match.2566964.1214/Target=lcl|KQ954491_1_prot_KWU43380_1_4311;exonerate}
100722	100990	internal+	2	3	{GeneMark_model.823_t;GeneMark},{GlimmerHMM_glimmerT_750-T1;GlimmerHMM},{Augustus_model.g633.t1;Augustus},{ev_type:exonerate/ID=match.2566964.1233/Target=lcl|PJQD01000001_1_prot_POY76802_1_51;exonerate},{ev_type:exonerate/ID=match.2566964.1214/Target=lcl|KQ954491_1_prot_KWU43380_1_4311;exonerate}
100991	101054	INTRON			{GeneMark_model.823_t;GeneMark},{GlimmerHMM_glimmerT_750-T1;GlimmerHMM},{Augustus_model.g633.t1;Augustus},{ev_type:exonerate/ID=match.2566964.1233/Target=lcl|PJQD01000001_1_prot_POY76802_1_51;exonerate},{ev_type:exonerate/ID=match.2566964.1214/Target=lcl|KQ954491_1_prot_KWU43380_1_4311;exonerate}
101055	101291	terminal+	1	3	{GeneMark_model.823_t;GeneMark},{GlimmerHMM_glimmerT_750-T1;GlimmerHMM},{Augustus_model.g633.t1;Augustus}

# EVM prediction: Mode:STANDARD S-ratio: 2.12 101542-103304 orient(+) score(5541.00) noncoding_equivalent(2618.26) raw_noncoding(3203.00) offset(584.74) 
101542	101599	initial+	1	1	{GeneMark_model.824_t;GeneMark},{Augustus_model.g634.t1;Augustus},{GlimmerHMM_glimmerT_751-T1;GlimmerHMM}
101600	101663	INTRON			{GeneMark_model.824_t;GeneMark},{Augustus_model.g634.t1;Augustus},{GlimmerHMM_glimmerT_751-T1;GlimmerHMM}
101664	101707	internal+	2	3	{GeneMark_model.824_t;GeneMark},{Augustus_model.g634.t1;Augustus},{GlimmerHMM_glimmerT_751-T1;GlimmerHMM}
101708	101763	INTRON			{GeneMark_model.824_t;GeneMark},{Augustus_model.g634.t1;Augustus},{GlimmerHMM_glimmerT_751-T1;GlimmerHMM},{ev_type:exonerate/ID=match.2566964.1379/Target=lcl|KQ954491_1_prot_KWU43379_1_4310;exonerate}
101764	101798	internal+	1	2	{GeneMark_model.824_t;GeneMark},{Augustus_model.g634.t1;Augustus},{GlimmerHMM_glimmerT_751-T1;GlimmerHMM},{ev_type:exonerate/ID=match.2566964.1379/Target=lcl|KQ954491_1_prot_KWU43379_1_4310;exonerate}
101799	101859	INTRON			{GeneMark_model.824_t;GeneMark},{Augustus_model.g634.t1;Augustus},{GlimmerHMM_glimmerT_751-T1;GlimmerHMM},{ev_type:exonerate/ID=match.2566964.1379/Target=lcl|KQ954491_1_prot_KWU43379_1_4310;exonerate}
101860	102424	internal+	3	3	{GeneMark_model.824_t;GeneMark},{Augustus_model.g634.t1;Augustus},{GlimmerHMM_glimmerT_751-T1;GlimmerHMM}
102425	102492	INTRON			{GeneMark_model.824_t;GeneMark},{Augustus_model.g634.t1;Augustus},{GlimmerHMM_glimmerT_751-T1;GlimmerHMM}
102493	102612	internal+	1	3	{GeneMark_model.824_t;GeneMark},{Augustus_model.g634.t1;Augustus},{GlimmerHMM_glimmerT_751-T1;GlimmerHMM}
102613	102675	INTRON			{GeneMark_model.824_t;GeneMark},{Augustus_model.g634.t1;Augustus},{GlimmerHMM_glimmerT_751-T1;GlimmerHMM}
102676	103023	internal+	1	3	{GeneMark_model.824_t;GeneMark},{Augustus_model.g634.t1;Augustus},{GlimmerHMM_glimmerT_751-T1;GlimmerHMM}
103024	103106	INTRON			{GeneMark_model.824_t;GeneMark},{Augustus_model.g634.t1;Augustus}
103107	103187	internal+	1	3	{GeneMark_model.824_t;GeneMark},{Augustus_model.g634.t1;Augustus}
103188	103268	INTRON			{GeneMark_model.824_t;GeneMark},{Augustus_model.g634.t1;Augustus},{GlimmerHMM_glimmerT_751-T1;GlimmerHMM}
103269	103304	terminal+	1	3	{GeneMark_model.824_t;GeneMark},{Augustus_model.g634.t1;Augustus},{GlimmerHMM_glimmerT_751-T1;GlimmerHMM}

# EVM prediction: Mode:STANDARD S-ratio: 3.89 103522-105368 orient(-) score(10266.00) noncoding_equivalent(2642.24) raw_noncoding(3036.10) offset(393.86) 
103761	103522	terminal-	4	6	{HiQ_model.g635.t1;HiQ},{GeneMark_model.825_t;GeneMark},{GlimmerHMM_glimmerT_752-T1;GlimmerHMM},{snap_scaffold_2-snap.126-T1;snap}
103838	103762	INTRON			{HiQ_model.g635.t1;HiQ},{GeneMark_model.825_t;GeneMark},{GlimmerHMM_glimmerT_752-T1;GlimmerHMM},{ev_type:exonerate/ID=match.2566964.1130/Target=lcl|PJQD01000001_1_prot_POY76800_1_49;exonerate}
104143	103839	internal-	5	6	{HiQ_model.g635.t1;HiQ},{GeneMark_model.825_t;GeneMark},{GlimmerHMM_glimmerT_752-T1;GlimmerHMM},{ev_type:exonerate/ID=match.2566964.1130/Target=lcl|PJQD01000001_1_prot_POY76800_1_49;exonerate}
104225	104144	INTRON			{HiQ_model.g635.t1;HiQ},{GeneMark_model.825_t;GeneMark},{GlimmerHMM_glimmerT_752-T1;GlimmerHMM},{ev_type:exonerate/ID=match.2566964.1130/Target=lcl|PJQD01000001_1_prot_POY76800_1_49;exonerate}
105027	104226	internal-	4	4	{HiQ_model.g635.t1;HiQ},{GeneMark_model.825_t;GeneMark},{GlimmerHMM_glimmerT_752-T1;GlimmerHMM},{ev_type:exonerate/ID=match.2566964.1130/Target=lcl|PJQD01000001_1_prot_POY76800_1_49;exonerate}
105089	105028	INTRON			{HiQ_model.g635.t1;HiQ},{GeneMark_model.825_t;GeneMark},{GlimmerHMM_glimmerT_752-T1;GlimmerHMM},{ev_type:exonerate/ID=match.2566964.1130/Target=lcl|PJQD01000001_1_prot_POY76800_1_49;exonerate}
105368	105090	initial-	4	6	{HiQ_model.g635.t1;HiQ},{GeneMark_model.825_t;GeneMark},{GlimmerHMM_glimmerT_752-T1;GlimmerHMM}

# EVM prediction: Mode:STANDARD S-ratio: 2.15 105653-106313 orient(+) score(1983.00) noncoding_equivalent(923.00) raw_noncoding(1067.00) offset(144.00) 
105653	105973	initial+	1	3	{Augustus_model.g636.t1;Augustus},{GlimmerHMM_glimmerT_753-T1;GlimmerHMM},{GeneMark_model.826_t;GeneMark}
105974	106036	INTRON			{Augustus_model.g636.t1;Augustus},{GlimmerHMM_glimmerT_753-T1;GlimmerHMM},{GeneMark_model.826_t;GeneMark}
106037	106108	internal+	1	3	{Augustus_model.g636.t1;Augustus},{GlimmerHMM_glimmerT_753-T1;GlimmerHMM},{GeneMark_model.826_t;GeneMark}
106109	106181	INTRON			{Augustus_model.g636.t1;Augustus},{GlimmerHMM_glimmerT_753-T1;GlimmerHMM},{GeneMark_model.826_t;GeneMark}
106182	106313	terminal+	1	3	{Augustus_model.g636.t1;Augustus},{GlimmerHMM_glimmerT_753-T1;GlimmerHMM},{GeneMark_model.826_t;GeneMark}

