!! Predictions spanning range 2033 - 99912 [R1]
# EVM prediction: Mode:STANDARD S-ratio: 2.98 2033-4397 orient(+) score(7321.00) noncoding_equivalent(2460.10) raw_noncoding(3613.00) offset(1152.90) 
2033	2595	initial+	1	2	{GeneMark_model.3409_t;GeneMark},{GlimmerHMM_glimmerT_3200-T1;GlimmerHMM}
2596	2782	INTRON			{Augustus_model.g2647.t1;Augustus}
2783	2827	internal+	3	2	{Augustus_model.g2647.t1;Augustus}
2828	2888	INTRON			{Augustus_model.g2647.t1;Augustus},{GeneMark_model.3409_t;GeneMark}
2889	2962	internal+	3	1	{Augustus_model.g2647.t1;Augustus},{GeneMark_model.3409_t;GeneMark},{GlimmerHMM_glimmerT_3200-T1;GlimmerHMM}
2963	3027	INTRON			{Augustus_model.g2647.t1;Augustus},{GeneMark_model.3409_t;GeneMark},{GlimmerHMM_glimmerT_3200-T1;GlimmerHMM}
3028	3264	internal+	2	1	{Augustus_model.g2647.t1;Augustus},{GeneMark_model.3409_t;GeneMark},{GlimmerHMM_glimmerT_3200-T1;GlimmerHMM}
3265	3332	INTRON			{Augustus_model.g2647.t1;Augustus},{GeneMark_model.3409_t;GeneMark},{GlimmerHMM_glimmerT_3200-T1;GlimmerHMM}
3333	3611	internal+	2	1	{Augustus_model.g2647.t1;Augustus},{GeneMark_model.3409_t;GeneMark},{GlimmerHMM_glimmerT_3200-T1;GlimmerHMM}
3612	3678	INTRON			{Augustus_model.g2647.t1;Augustus},{GeneMark_model.3409_t;GeneMark},{GlimmerHMM_glimmerT_3200-T1;GlimmerHMM}
3679	3723	internal+	2	1	{Augustus_model.g2647.t1;Augustus},{GeneMark_model.3409_t;GeneMark},{GlimmerHMM_glimmerT_3200-T1;GlimmerHMM}
3724	3787	INTRON			{Augustus_model.g2647.t1;Augustus},{GeneMark_model.3409_t;GeneMark},{GlimmerHMM_glimmerT_3200-T1;GlimmerHMM}
3788	3837	internal+	2	3	{Augustus_model.g2647.t1;Augustus},{GeneMark_model.3409_t;GeneMark},{GlimmerHMM_glimmerT_3200-T1;GlimmerHMM}
3838	3908	INTRON			{Augustus_model.g2647.t1;Augustus},{GeneMark_model.3409_t;GeneMark}
3909	3983	internal+	1	3	{GeneMark_model.3409_t;GeneMark}
3984	4053	INTRON			{GeneMark_model.3409_t;GeneMark}
4054	4118	internal+	1	2	{Augustus_model.g2647.t1;Augustus},{GeneMark_model.3409_t;GeneMark},{GlimmerHMM_glimmerT_3200-T1;GlimmerHMM}
4119	4201	INTRON			{snap_scaffold_7-snap.336-T1;snap},{Augustus_model.g2647.t1;Augustus},{GeneMark_model.3409_t;GeneMark},{GlimmerHMM_glimmerT_3200-T1;GlimmerHMM}
4202	4397	terminal+	3	3	{snap_scaffold_7-snap.336-T1;snap},{Augustus_model.g2647.t1;Augustus},{GeneMark_model.3409_t;GeneMark},{GlimmerHMM_glimmerT_3200-T1;GlimmerHMM}

# EVM prediction: Mode:STANDARD S-ratio: 3.54 5222-7877 orient(+) score(9271.00) noncoding_equivalent(2621.47) raw_noncoding(3246.71) offset(625.24) 
5222	5307	initial+	1	2	{GlimmerHMM_glimmerT_3201-T1;GlimmerHMM},{GeneMark_model.3410_t;GeneMark},{Augustus_model.g2648.t1;Augustus}
5308	5372	INTRON			{GlimmerHMM_glimmerT_3201-T1;GlimmerHMM},{GeneMark_model.3410_t;GeneMark},{Augustus_model.g2648.t1;Augustus}
5373	5445	internal+	3	3	{GlimmerHMM_glimmerT_3201-T1;GlimmerHMM},{GeneMark_model.3410_t;GeneMark},{Augustus_model.g2648.t1;Augustus}
5446	5810	INTRON			{GlimmerHMM_glimmerT_3201-T1;GlimmerHMM},{GeneMark_model.3410_t;GeneMark},{Augustus_model.g2648.t1;Augustus}
5811	6098	internal+	1	3	{GlimmerHMM_glimmerT_3201-T1;GlimmerHMM},{GeneMark_model.3410_t;GeneMark},{Augustus_model.g2648.t1;Augustus}
6099	6171	INTRON			{GlimmerHMM_glimmerT_3201-T1;GlimmerHMM},{GeneMark_model.3410_t;GeneMark},{Augustus_model.g2648.t1;Augustus}
6172	6319	internal+	1	1	{GlimmerHMM_glimmerT_3201-T1;GlimmerHMM},{GeneMark_model.3410_t;GeneMark},{Augustus_model.g2648.t1;Augustus}
6320	6392	INTRON			{GlimmerHMM_glimmerT_3201-T1;GlimmerHMM},{GeneMark_model.3410_t;GeneMark},{Augustus_model.g2648.t1;Augustus}
6393	6792	internal+	2	2	{GlimmerHMM_glimmerT_3201-T1;GlimmerHMM},{GeneMark_model.3410_t;GeneMark},{Augustus_model.g2648.t1;Augustus}
6793	6862	INTRON			{GlimmerHMM_glimmerT_3201-T1;GlimmerHMM},{GeneMark_model.3410_t;GeneMark},{Augustus_model.g2648.t1;Augustus}
6863	7877	terminal+	3	3	{GlimmerHMM_glimmerT_3201-T1;GlimmerHMM},{snap_scaffold_7-snap.338-T1;snap},{GeneMark_model.3410_t;GeneMark},{Augustus_model.g2648.t1;Augustus}

# EVM prediction: Mode:STANDARD S-ratio: 2.13 8492-11775 orient(+) score(9585.00) noncoding_equivalent(4489.96) raw_noncoding(5390.00) offset(900.04) 
8492	8661	initial+	1	2	{Augustus_model.g2649.t1;Augustus},{GlimmerHMM_glimmerT_3202-T1;GlimmerHMM}
8662	8757	INTRON			{Augustus_model.g2649.t1;Augustus},{GlimmerHMM_glimmerT_3202-T1;GlimmerHMM},{GeneMark_model.3411_t;GeneMark}
8758	8815	internal+	3	3	{Augustus_model.g2649.t1;Augustus},{GlimmerHMM_glimmerT_3202-T1;GlimmerHMM},{GeneMark_model.3411_t;GeneMark}
8816	8882	INTRON			{Augustus_model.g2649.t1;Augustus},{GlimmerHMM_glimmerT_3202-T1;GlimmerHMM},{GeneMark_model.3411_t;GeneMark}
8883	9144	internal+	1	1	{Augustus_model.g2649.t1;Augustus},{GlimmerHMM_glimmerT_3202-T1;GlimmerHMM},{GeneMark_model.3411_t;GeneMark}
9145	9207	INTRON			{Augustus_model.g2649.t1;Augustus},{GlimmerHMM_glimmerT_3202-T1;GlimmerHMM},{GeneMark_model.3411_t;GeneMark}
9208	9407	internal+	2	3	{Augustus_model.g2649.t1;Augustus},{GlimmerHMM_glimmerT_3202-T1;GlimmerHMM},{GeneMark_model.3411_t;GeneMark}
9408	9472	INTRON			{Augustus_model.g2649.t1;Augustus},{GeneMark_model.3411_t;GeneMark}
9473	9528	internal+	1	2	{Augustus_model.g2649.t1;Augustus},{GeneMark_model.3411_t;GeneMark}
9529	9590	INTRON			{Augustus_model.g2649.t1;Augustus},{GeneMark_model.3411_t;GeneMark}
9591	10688	internal+	3	2	{Augustus_model.g2649.t1;Augustus},{GeneMark_model.3411_t;GeneMark}
10689	10759	INTRON			{Augustus_model.g2649.t1;Augustus},{GlimmerHMM_glimmerT_3202-T1;GlimmerHMM},{GeneMark_model.3411_t;GeneMark}
10760	11019	internal+	3	1	{Augustus_model.g2649.t1;Augustus},{GlimmerHMM_glimmerT_3202-T1;GlimmerHMM},{GeneMark_model.3411_t;GeneMark}
11020	11080	INTRON			{Augustus_model.g2649.t1;Augustus},{GlimmerHMM_glimmerT_3202-T1;GlimmerHMM},{GeneMark_model.3411_t;GeneMark}
11081	11225	internal+	2	2	{Augustus_model.g2649.t1;Augustus},{GlimmerHMM_glimmerT_3202-T1;GlimmerHMM},{GeneMark_model.3411_t;GeneMark}
11226	11290	INTRON			{Augustus_model.g2649.t1;Augustus},{GlimmerHMM_glimmerT_3202-T1;GlimmerHMM}
11291	11457	internal+	3	1	{Augustus_model.g2649.t1;Augustus},{GlimmerHMM_glimmerT_3202-T1;GlimmerHMM}
11458	11519	INTRON			{Augustus_model.g2649.t1;Augustus},{GlimmerHMM_glimmerT_3202-T1;GlimmerHMM},{GeneMark_model.3411_t;GeneMark}
11520	11650	internal+	2	3	{Augustus_model.g2649.t1;Augustus},{GlimmerHMM_glimmerT_3202-T1;GlimmerHMM},{GeneMark_model.3411_t;GeneMark}
11651	11715	INTRON			{Augustus_model.g2649.t1;Augustus},{GlimmerHMM_glimmerT_3202-T1;GlimmerHMM},{GeneMark_model.3411_t;GeneMark}
11716	11775	terminal+	1	3	{Augustus_model.g2649.t1;Augustus},{GlimmerHMM_glimmerT_3202-T1;GlimmerHMM},{GeneMark_model.3411_t;GeneMark}

# EVM prediction: Mode:STANDARD S-ratio: 6.12 11877-12951 orient(-) score(3919.00) noncoding_equivalent(640.65) raw_noncoding(711.23) offset(70.59) 
12110	11877	terminal-	4	6	{GeneMark_model.3412_t;GeneMark},{GlimmerHMM_glimmerT_3203-T1;GlimmerHMM},{Augustus_model.g2650.t1;Augustus}
12186	12111	INTRON			{GeneMark_model.3412_t;GeneMark},{GlimmerHMM_glimmerT_3203-T1;GlimmerHMM},{Augustus_model.g2650.t1;Augustus}
12732	12187	internal-	4	6	{GeneMark_model.3412_t;GeneMark},{GlimmerHMM_glimmerT_3203-T1;GlimmerHMM},{Augustus_model.g2650.t1;Augustus}
12792	12733	INTRON			{GeneMark_model.3412_t;GeneMark},{GlimmerHMM_glimmerT_3203-T1;GlimmerHMM},{Augustus_model.g2650.t1;Augustus}
12951	12793	initial-	4	6	{GeneMark_model.3412_t;GeneMark},{GlimmerHMM_glimmerT_3203-T1;GlimmerHMM},{Augustus_model.g2650.t1;Augustus}

# EVM prediction: Mode:STANDARD S-ratio: 7.97 13301-17160 orient(-) score(21431.00) noncoding_equivalent(2690.06) raw_noncoding(3077.00) offset(386.94) 
14018	13301	terminal-	6	6	{snap_scaffold_7-snap.340-T1;snap},{Augustus_model.g2651.t1;Augustus},{GlimmerHMM_glimmerT_3204-T1;GlimmerHMM},{GeneMark_model.3413_t;GeneMark}
14093	14019	INTRON			{snap_scaffold_7-snap.340-T1;snap},{Augustus_model.g2651.t1;Augustus},{GlimmerHMM_glimmerT_3204-T1;GlimmerHMM},{GeneMark_model.3413_t;GeneMark},{ev_type:exonerate/ID=match.2566964.2746/Target=lcl|PJQD01000023_1_prot_POY74536_1_2339;exonerate},{ev_type:exonerate/ID=match.2566964.2747/Target=lcl|KQ954465_1_prot_KWU47168_1_590;exonerate}
14214	14094	internal-	5	5	{Augustus_model.g2651.t1;Augustus},{GlimmerHMM_glimmerT_3204-T1;GlimmerHMM},{GeneMark_model.3413_t;GeneMark},{ev_type:exonerate/ID=match.2566964.2746/Target=lcl|PJQD01000023_1_prot_POY74536_1_2339;exonerate},{ev_type:exonerate/ID=match.2566964.2747/Target=lcl|KQ954465_1_prot_KWU47168_1_590;exonerate}
14283	14215	INTRON			{Augustus_model.g2651.t1;Augustus},{GlimmerHMM_glimmerT_3204-T1;GlimmerHMM},{GeneMark_model.3413_t;GeneMark},{ev_type:exonerate/ID=match.2566964.2746/Target=lcl|PJQD01000023_1_prot_POY74536_1_2339;exonerate},{ev_type:exonerate/ID=match.2566964.2747/Target=lcl|KQ954465_1_prot_KWU47168_1_590;exonerate}
14677	14284	internal-	4	4	{Augustus_model.g2651.t1;Augustus},{GlimmerHMM_glimmerT_3204-T1;GlimmerHMM},{GeneMark_model.3413_t;GeneMark},{ev_type:exonerate/ID=match.2566964.2746/Target=lcl|PJQD01000023_1_prot_POY74536_1_2339;exonerate},{ev_type:exonerate/ID=match.2566964.2747/Target=lcl|KQ954465_1_prot_KWU47168_1_590;exonerate}
14735	14678	INTRON			{Augustus_model.g2651.t1;Augustus},{GlimmerHMM_glimmerT_3204-T1;GlimmerHMM},{GeneMark_model.3413_t;GeneMark},{ev_type:exonerate/ID=match.2566964.2746/Target=lcl|PJQD01000023_1_prot_POY74536_1_2339;exonerate},{ev_type:exonerate/ID=match.2566964.2747/Target=lcl|KQ954465_1_prot_KWU47168_1_590;exonerate}
14865	14736	internal-	6	6	{Augustus_model.g2651.t1;Augustus},{GlimmerHMM_glimmerT_3204-T1;GlimmerHMM},{GeneMark_model.3413_t;GeneMark},{ev_type:exonerate/ID=match.2566964.2747/Target=lcl|KQ954465_1_prot_KWU47168_1_590;exonerate}
14927	14866	INTRON			{Augustus_model.g2651.t1;Augustus},{GeneMark_model.3413_t;GeneMark},{ev_type:exonerate/ID=match.2566964.2747/Target=lcl|KQ954465_1_prot_KWU47168_1_590;exonerate}
14978	14928	internal-	6	5	{Augustus_model.g2651.t1;Augustus},{GeneMark_model.3413_t;GeneMark},{ev_type:exonerate/ID=match.2566964.2746/Target=lcl|PJQD01000023_1_prot_POY74536_1_2339;exonerate},{ev_type:exonerate/ID=match.2566964.2747/Target=lcl|KQ954465_1_prot_KWU47168_1_590;exonerate}
15045	14979	INTRON			{Augustus_model.g2651.t1;Augustus},{GeneMark_model.3413_t;GeneMark},{ev_type:exonerate/ID=match.2566964.2746/Target=lcl|PJQD01000023_1_prot_POY74536_1_2339;exonerate},{ev_type:exonerate/ID=match.2566964.2747/Target=lcl|KQ954465_1_prot_KWU47168_1_590;exonerate}
15590	15046	internal-	4	5	{Augustus_model.g2651.t1;Augustus},{GlimmerHMM_glimmerT_3204-T1;GlimmerHMM},{GeneMark_model.3413_t;GeneMark},{ev_type:exonerate/ID=match.2566964.2746/Target=lcl|PJQD01000023_1_prot_POY74536_1_2339;exonerate},{ev_type:exonerate/ID=match.2566964.2747/Target=lcl|KQ954465_1_prot_KWU47168_1_590;exonerate}
15657	15591	INTRON			{Augustus_model.g2651.t1;Augustus},{GlimmerHMM_glimmerT_3204-T1;GlimmerHMM},{GeneMark_model.3413_t;GeneMark},{ev_type:exonerate/ID=match.2566964.2746/Target=lcl|PJQD01000023_1_prot_POY74536_1_2339;exonerate},{ev_type:exonerate/ID=match.2566964.2747/Target=lcl|KQ954465_1_prot_KWU47168_1_590;exonerate}
16017	15658	internal-	4	6	{Augustus_model.g2651.t1;Augustus},{GlimmerHMM_glimmerT_3204-T1;GlimmerHMM},{GeneMark_model.3413_t;GeneMark},{ev_type:exonerate/ID=match.2566964.2746/Target=lcl|PJQD01000023_1_prot_POY74536_1_2339;exonerate},{ev_type:exonerate/ID=match.2566964.2747/Target=lcl|KQ954465_1_prot_KWU47168_1_590;exonerate}
16073	16018	INTRON			{Augustus_model.g2651.t1;Augustus},{GlimmerHMM_glimmerT_3204-T1;GlimmerHMM},{GeneMark_model.3413_t;GeneMark},{ev_type:exonerate/ID=match.2566964.2746/Target=lcl|PJQD01000023_1_prot_POY74536_1_2339;exonerate},{ev_type:exonerate/ID=match.2566964.2747/Target=lcl|KQ954465_1_prot_KWU47168_1_590;exonerate}
16384	16074	internal-	5	6	{Augustus_model.g2651.t1;Augustus},{GlimmerHMM_glimmerT_3204-T1;GlimmerHMM},{GeneMark_model.3413_t;GeneMark},{ev_type:exonerate/ID=match.2566964.2746/Target=lcl|PJQD01000023_1_prot_POY74536_1_2339;exonerate},{ev_type:exonerate/ID=match.2566964.2747/Target=lcl|KQ954465_1_prot_KWU47168_1_590;exonerate}
16447	16385	INTRON			{Augustus_model.g2651.t1;Augustus},{GlimmerHMM_glimmerT_3204-T1;GlimmerHMM},{GeneMark_model.3413_t;GeneMark},{ev_type:exonerate/ID=match.2566964.2746/Target=lcl|PJQD01000023_1_prot_POY74536_1_2339;exonerate},{ev_type:exonerate/ID=match.2566964.2747/Target=lcl|KQ954465_1_prot_KWU47168_1_590;exonerate}
16535	16448	internal-	4	4	{Augustus_model.g2651.t1;Augustus},{GlimmerHMM_glimmerT_3204-T1;GlimmerHMM},{GeneMark_model.3413_t;GeneMark},{ev_type:exonerate/ID=match.2566964.2746/Target=lcl|PJQD01000023_1_prot_POY74536_1_2339;exonerate},{ev_type:exonerate/ID=match.2566964.2747/Target=lcl|KQ954465_1_prot_KWU47168_1_590;exonerate}
16595	16536	INTRON			{Augustus_model.g2651.t1;Augustus},{GlimmerHMM_glimmerT_3204-T1;GlimmerHMM},{GeneMark_model.3413_t;GeneMark},{ev_type:exonerate/ID=match.2566964.2746/Target=lcl|PJQD01000023_1_prot_POY74536_1_2339;exonerate},{ev_type:exonerate/ID=match.2566964.2747/Target=lcl|KQ954465_1_prot_KWU47168_1_590;exonerate}
16855	16596	internal-	5	6	{Augustus_model.g2651.t1;Augustus},{GlimmerHMM_glimmerT_3204-T1;GlimmerHMM},{GeneMark_model.3413_t;GeneMark},{ev_type:exonerate/ID=match.2566964.2746/Target=lcl|PJQD01000023_1_prot_POY74536_1_2339;exonerate},{ev_type:exonerate/ID=match.2566964.2747/Target=lcl|KQ954465_1_prot_KWU47168_1_590;exonerate}
16931	16856	INTRON			{Augustus_model.g2651.t1;Augustus},{GlimmerHMM_glimmerT_3204-T1;GlimmerHMM},{GeneMark_model.3413_t;GeneMark},{ev_type:exonerate/ID=match.2566964.2746/Target=lcl|PJQD01000023_1_prot_POY74536_1_2339;exonerate},{ev_type:exonerate/ID=match.2566964.2747/Target=lcl|KQ954465_1_prot_KWU47168_1_590;exonerate}
17160	16932	initial-	4	4	{GlimmerHMM_glimmerT_3204-T1;GlimmerHMM},{GeneMark_model.3413_t;GeneMark}

# EVM prediction: Mode:STANDARD S-ratio: 3.41 18159-23826 orient(-) score(18010.00) noncoding_equivalent(5274.91) raw_noncoding(5802.76) offset(527.85) 
18499	18159	terminal-	5	6	{GlimmerHMM_glimmerT_3205-T1;GlimmerHMM}
18562	18500	INTRON			{GeneMark_model.3414_t;GeneMark},{GlimmerHMM_glimmerT_3205-T1;GlimmerHMM},{Augustus_model.g2651.t1;Augustus}
18941	18563	internal-	4	4	{GeneMark_model.3414_t;GeneMark},{GlimmerHMM_glimmerT_3205-T1;GlimmerHMM},{Augustus_model.g2651.t1;Augustus}
19007	18942	INTRON			{GeneMark_model.3414_t;GeneMark},{GlimmerHMM_glimmerT_3205-T1;GlimmerHMM},{Augustus_model.g2651.t1;Augustus}
19329	19008	internal-	6	6	{GeneMark_model.3414_t;GeneMark},{Augustus_model.g2651.t1;Augustus}
19387	19330	INTRON			{GeneMark_model.3414_t;GeneMark},{Augustus_model.g2651.t1;Augustus}
19484	19388	internal-	5	5	{GeneMark_model.3414_t;GeneMark},{Augustus_model.g2651.t1;Augustus}
19554	19485	INTRON			{GeneMark_model.3414_t;GeneMark},{Augustus_model.g2651.t1;Augustus}
19825	19555	internal-	4	4	{GeneMark_model.3414_t;GeneMark},{Augustus_model.g2651.t1;Augustus}
19880	19826	INTRON			{GeneMark_model.3414_t;GeneMark},{Augustus_model.g2651.t1;Augustus}
20749	19881	internal-	5	6	{GeneMark_model.3414_t;GeneMark},{GlimmerHMM_glimmerT_3205-T1;GlimmerHMM},{Augustus_model.g2651.t1;Augustus}
20809	20750	INTRON			{GeneMark_model.3414_t;GeneMark},{GlimmerHMM_glimmerT_3205-T1;GlimmerHMM},{Augustus_model.g2651.t1;Augustus}
20939	20810	internal-	4	4	{GeneMark_model.3414_t;GeneMark},{GlimmerHMM_glimmerT_3205-T1;GlimmerHMM},{Augustus_model.g2651.t1;Augustus}
21008	20940	INTRON			{GeneMark_model.3414_t;GeneMark},{GlimmerHMM_glimmerT_3205-T1;GlimmerHMM},{Augustus_model.g2651.t1;Augustus}
21493	21009	internal-	5	6	{GeneMark_model.3414_t;GeneMark},{Augustus_model.g2651.t1;Augustus}
21554	21494	INTRON			{GeneMark_model.3414_t;GeneMark},{GlimmerHMM_glimmerT_3205-T1;GlimmerHMM},{Augustus_model.g2651.t1;Augustus}
23826	21555	initial-	4	4	{GeneMark_model.3414_t;GeneMark},{GlimmerHMM_glimmerT_3205-T1;GlimmerHMM},{Augustus_model.g2651.t1;Augustus}

# EVM prediction: Mode:STANDARD S-ratio: 1.49 24221-25925 orient(-) score(4445.00) noncoding_equivalent(2991.77) raw_noncoding(4417.00) offset(1425.23) 
24279	24221	terminal-	5	6	{Augustus_model.g2652.t1;Augustus},{GeneMark_model.3415_t;GeneMark},{GlimmerHMM_glimmerT_3206-T1;GlimmerHMM}
24358	24280	INTRON			{Augustus_model.g2652.t1;Augustus},{GeneMark_model.3415_t;GeneMark},{GlimmerHMM_glimmerT_3206-T1;GlimmerHMM}
24397	24359	internal-	5	4	{Augustus_model.g2652.t1;Augustus},{GeneMark_model.3415_t;GeneMark},{GlimmerHMM_glimmerT_3206-T1;GlimmerHMM}
24481	24398	INTRON			{Augustus_model.g2652.t1;Augustus},{GeneMark_model.3415_t;GeneMark},{GlimmerHMM_glimmerT_3206-T1;GlimmerHMM}
24605	24482	internal-	4	4	{Augustus_model.g2652.t1;Augustus},{GeneMark_model.3415_t;GeneMark},{GlimmerHMM_glimmerT_3206-T1;GlimmerHMM}
24675	24606	INTRON			{Augustus_model.g2652.t1;Augustus},{GeneMark_model.3415_t;GeneMark},{GlimmerHMM_glimmerT_3206-T1;GlimmerHMM}
24767	24676	internal-	5	6	{Augustus_model.g2652.t1;Augustus},{GeneMark_model.3415_t;GeneMark},{GlimmerHMM_glimmerT_3206-T1;GlimmerHMM}
24828	24768	INTRON			{Augustus_model.g2652.t1;Augustus},{GeneMark_model.3415_t;GeneMark}
24864	24829	internal-	5	4	{Augustus_model.g2652.t1;Augustus},{GeneMark_model.3415_t;GeneMark}
25008	24865	INTRON			{Augustus_model.g2652.t1;Augustus},{GeneMark_model.3415_t;GeneMark}
25040	25009	internal-	6	4	{Augustus_model.g2652.t1;Augustus},{GeneMark_model.3415_t;GeneMark}
25102	25041	INTRON			{Augustus_model.g2652.t1;Augustus},{GeneMark_model.3415_t;GeneMark}
25127	25103	internal-	5	5	{Augustus_model.g2652.t1;Augustus},{GeneMark_model.3415_t;GeneMark}
25221	25128	INTRON			{Augustus_model.g2652.t1;Augustus},{GeneMark_model.3415_t;GeneMark}
25336	25222	internal-	4	4	{Augustus_model.g2652.t1;Augustus},{GeneMark_model.3415_t;GeneMark},{GlimmerHMM_glimmerT_3206-T1;GlimmerHMM}
25421	25337	INTRON			{Augustus_model.g2652.t1;Augustus},{GeneMark_model.3415_t;GeneMark},{GlimmerHMM_glimmerT_3206-T1;GlimmerHMM}
25649	25422	internal-	4	6	{Augustus_model.g2652.t1;Augustus},{GeneMark_model.3415_t;GeneMark},{GlimmerHMM_glimmerT_3206-T1;GlimmerHMM}
25748	25650	INTRON			{Augustus_model.g2652.t1;Augustus},{GeneMark_model.3415_t;GeneMark}
25781	25749	internal-	4	6	{Augustus_model.g2652.t1;Augustus},{GeneMark_model.3415_t;GeneMark}
25865	25782	INTRON			{Augustus_model.g2652.t1;Augustus},{GeneMark_model.3415_t;GeneMark}
25925	25866	initial-	4	6	{Augustus_model.g2652.t1;Augustus},{GeneMark_model.3415_t;GeneMark},{GlimmerHMM_glimmerT_3206-T1;GlimmerHMM}

# EVM prediction: Mode:STANDARD S-ratio: 3.58 26077-27480 orient(+) score(5728.00) noncoding_equivalent(1598.00) raw_noncoding(1893.00) offset(295.00) 
26077	26290	initial+	1	1	{GlimmerHMM_glimmerT_3207-T1;GlimmerHMM}
26291	26407	INTRON			{GlimmerHMM_glimmerT_3207-T1;GlimmerHMM},{ev_type:exonerate/ID=match.2566964.2877/Target=lcl|KQ954465_1_prot_KWU47162_1_584;exonerate}
26408	26695	internal+	2	1	{GlimmerHMM_glimmerT_3207-T1;GlimmerHMM},{ev_type:exonerate/ID=match.2566964.2877/Target=lcl|KQ954465_1_prot_KWU47162_1_584;exonerate}
26696	26806	INTRON			{GlimmerHMM_glimmerT_3207-T1;GlimmerHMM},{Augustus_model.g2653.t1;Augustus},{GeneMark_model.3416_t;GeneMark},{ev_type:exonerate/ID=match.2566964.2877/Target=lcl|KQ954465_1_prot_KWU47162_1_584;exonerate}
26807	26938	internal+	2	1	{GlimmerHMM_glimmerT_3207-T1;GlimmerHMM},{Augustus_model.g2653.t1;Augustus},{GeneMark_model.3416_t;GeneMark},{ev_type:exonerate/ID=match.2566964.2877/Target=lcl|KQ954465_1_prot_KWU47162_1_584;exonerate}
26939	27018	INTRON			{GlimmerHMM_glimmerT_3207-T1;GlimmerHMM},{Augustus_model.g2653.t1;Augustus},{GeneMark_model.3416_t;GeneMark},{ev_type:exonerate/ID=match.2566964.2877/Target=lcl|KQ954465_1_prot_KWU47162_1_584;exonerate}
27019	27091	internal+	2	2	{GlimmerHMM_glimmerT_3207-T1;GlimmerHMM},{Augustus_model.g2653.t1;Augustus},{GeneMark_model.3416_t;GeneMark},{ev_type:exonerate/ID=match.2566964.2877/Target=lcl|KQ954465_1_prot_KWU47162_1_584;exonerate}
27092	27180	INTRON			{GlimmerHMM_glimmerT_3207-T1;GlimmerHMM},{Augustus_model.g2653.t1;Augustus},{GeneMark_model.3416_t;GeneMark},{ev_type:exonerate/ID=match.2566964.2877/Target=lcl|KQ954465_1_prot_KWU47162_1_584;exonerate}
27181	27256	internal+	3	3	{GlimmerHMM_glimmerT_3207-T1;GlimmerHMM},{Augustus_model.g2653.t1;Augustus},{GeneMark_model.3416_t;GeneMark},{ev_type:exonerate/ID=match.2566964.2877/Target=lcl|KQ954465_1_prot_KWU47162_1_584;exonerate}
27257	27333	INTRON			{GlimmerHMM_glimmerT_3207-T1;GlimmerHMM},{Augustus_model.g2653.t1;Augustus},{GeneMark_model.3416_t;GeneMark},{ev_type:exonerate/ID=match.2566964.2877/Target=lcl|KQ954465_1_prot_KWU47162_1_584;exonerate}
27334	27480	terminal+	1	3	{GlimmerHMM_glimmerT_3207-T1;GlimmerHMM},{Augustus_model.g2653.t1;Augustus},{GeneMark_model.3416_t;GeneMark}

# EVM prediction: Mode:STANDARD S-ratio: 2.74 27825-30472 orient(-) score(13656.00) noncoding_equivalent(4988.19) raw_noncoding(5893.19) offset(905.00) 
27921	27825	terminal-	6	6	{GlimmerHMM_glimmerT_3208-T1;GlimmerHMM},{HiQ_model.g2654.t1;HiQ},{GeneMark_model.3417_t;GeneMark}
28004	27922	INTRON			{GlimmerHMM_glimmerT_3208-T1;GlimmerHMM},{HiQ_model.g2654.t1;HiQ},{GeneMark_model.3417_t;GeneMark},{ev_type:exonerate/ID=match.2566964.2769/Target=lcl|KQ954465_1_prot_KWU47161_1_583;exonerate}
28163	28005	internal-	6	5	{GlimmerHMM_glimmerT_3208-T1;GlimmerHMM},{HiQ_model.g2654.t1;HiQ},{GeneMark_model.3417_t;GeneMark},{ev_type:exonerate/ID=match.2566964.2769/Target=lcl|KQ954465_1_prot_KWU47161_1_583;exonerate}
28247	28164	INTRON			{GlimmerHMM_glimmerT_3208-T1;GlimmerHMM},{HiQ_model.g2654.t1;HiQ},{GeneMark_model.3417_t;GeneMark},{ev_type:exonerate/ID=match.2566964.2769/Target=lcl|KQ954465_1_prot_KWU47161_1_583;exonerate}
28381	28248	internal-	4	5	{GlimmerHMM_glimmerT_3208-T1;GlimmerHMM},{HiQ_model.g2654.t1;HiQ},{GeneMark_model.3417_t;GeneMark},{ev_type:exonerate/ID=match.2566964.2769/Target=lcl|KQ954465_1_prot_KWU47161_1_583;exonerate}
28456	28382	INTRON			{GlimmerHMM_glimmerT_3208-T1;GlimmerHMM},{HiQ_model.g2654.t1;HiQ},{GeneMark_model.3417_t;GeneMark},{ev_type:exonerate/ID=match.2566964.2769/Target=lcl|KQ954465_1_prot_KWU47161_1_583;exonerate}
28737	28457	internal-	5	6	{GlimmerHMM_glimmerT_3208-T1;GlimmerHMM},{HiQ_model.g2654.t1;HiQ},{GeneMark_model.3417_t;GeneMark},{ev_type:exonerate/ID=match.2566964.2769/Target=lcl|KQ954465_1_prot_KWU47161_1_583;exonerate}
28806	28738	INTRON			{GlimmerHMM_glimmerT_3208-T1;GlimmerHMM},{HiQ_model.g2654.t1;HiQ},{GeneMark_model.3417_t;GeneMark},{ev_type:exonerate/ID=match.2566964.2769/Target=lcl|KQ954465_1_prot_KWU47161_1_583;exonerate}
29184	28807	internal-	5	4	{GlimmerHMM_glimmerT_3208-T1;GlimmerHMM},{HiQ_model.g2654.t1;HiQ},{GeneMark_model.3417_t;GeneMark},{ev_type:exonerate/ID=match.2566964.2769/Target=lcl|KQ954465_1_prot_KWU47161_1_583;exonerate}
29245	29185	INTRON			{GlimmerHMM_glimmerT_3208-T1;GlimmerHMM},{snap_scaffold_7-snap.345-T1;snap},{HiQ_model.g2654.t1;HiQ},{GeneMark_model.3417_t;GeneMark},{ev_type:exonerate/ID=match.2566964.2769/Target=lcl|KQ954465_1_prot_KWU47161_1_583;exonerate}
29517	29246	internal-	6	4	{GlimmerHMM_glimmerT_3208-T1;GlimmerHMM},{HiQ_model.g2654.t1;HiQ},{GeneMark_model.3417_t;GeneMark},{ev_type:exonerate/ID=match.2566964.2769/Target=lcl|KQ954465_1_prot_KWU47161_1_583;exonerate}
29584	29518	INTRON			{GlimmerHMM_glimmerT_3208-T1;GlimmerHMM},{HiQ_model.g2654.t1;HiQ},{GeneMark_model.3417_t;GeneMark},{ev_type:exonerate/ID=match.2566964.2769/Target=lcl|KQ954465_1_prot_KWU47161_1_583;exonerate}
29668	29585	internal-	6	5	{GlimmerHMM_glimmerT_3208-T1;GlimmerHMM},{HiQ_model.g2654.t1;HiQ},{GeneMark_model.3417_t;GeneMark},{ev_type:exonerate/ID=match.2566964.2769/Target=lcl|KQ954465_1_prot_KWU47161_1_583;exonerate}
29732	29669	INTRON			{GlimmerHMM_glimmerT_3208-T1;GlimmerHMM},{HiQ_model.g2654.t1;HiQ},{GeneMark_model.3417_t;GeneMark},{ev_type:exonerate/ID=match.2566964.2769/Target=lcl|KQ954465_1_prot_KWU47161_1_583;exonerate}
30472	29733	initial-	4	5	{GlimmerHMM_glimmerT_3208-T1;GlimmerHMM},{HiQ_model.g2654.t1;HiQ},{GeneMark_model.3417_t;GeneMark}

# EVM prediction: Mode:STANDARD S-ratio: 8.12 31206-33298 orient(+) score(7668.00) noncoding_equivalent(943.98) raw_noncoding(1163.00) offset(219.02) 
31206	31916	initial+	1	3	{Augustus_model.g2655.t1;Augustus},{GlimmerHMM_glimmerT_3209-T1;GlimmerHMM}
31917	31967	INTRON			{Augustus_model.g2655.t1;Augustus},{GlimmerHMM_glimmerT_3209-T1;GlimmerHMM}
31968	32061	internal+	1	1	{Augustus_model.g2655.t1;Augustus},{GlimmerHMM_glimmerT_3209-T1;GlimmerHMM},{GeneMark_model.3418_t;GeneMark}
32062	32123	INTRON			{Augustus_model.g2655.t1;Augustus},{GlimmerHMM_glimmerT_3209-T1;GlimmerHMM},{GeneMark_model.3418_t;GeneMark}
32124	32501	internal+	2	1	{Augustus_model.g2655.t1;Augustus},{GlimmerHMM_glimmerT_3209-T1;GlimmerHMM},{GeneMark_model.3418_t;GeneMark}
32502	32564	INTRON			{Augustus_model.g2655.t1;Augustus},{GlimmerHMM_glimmerT_3209-T1;GlimmerHMM},{GeneMark_model.3418_t;GeneMark}
32565	33298	terminal+	2	3	{Augustus_model.g2655.t1;Augustus},{GlimmerHMM_glimmerT_3209-T1;GlimmerHMM},{GeneMark_model.3418_t;GeneMark},{snap_scaffold_7-snap.347-T1;snap}

# EVM prediction: Mode:STANDARD S-ratio: 1.95 34450-35693 orient(+) score(2986.00) noncoding_equivalent(1529.60) raw_noncoding(1965.10) offset(435.51) 
34450	34575	initial+	1	3	{GlimmerHMM_glimmerT_3210-T1;GlimmerHMM},{Augustus_model.g2656.t1;Augustus}
34576	34768	INTRON			{Augustus_model.g2656.t1;Augustus}
34769	35099	internal+	1	1	{Augustus_model.g2656.t1;Augustus}
35100	35155	INTRON			{GeneMark_model.3419_t;GeneMark},{GlimmerHMM_glimmerT_3210-T1;GlimmerHMM},{Augustus_model.g2656.t1;Augustus}
35156	35539	internal+	2	1	{GeneMark_model.3419_t;GeneMark},{Augustus_model.g2656.t1;Augustus}
35540	35631	INTRON			{GeneMark_model.3419_t;GeneMark}
35632	35693	terminal+	2	3	{GeneMark_model.3419_t;GeneMark}

# EVM prediction: Mode:STANDARD S-ratio: 1.76 36303-37336 orient(+) score(2890.00) noncoding_equivalent(1640.85) raw_noncoding(2099.00) offset(458.15) 
36303	36382	initial+	1	2	{GlimmerHMM_glimmerT_3211-T1;GlimmerHMM},{GeneMark_model.3420_t;GeneMark},{Augustus_model.g2657.t1;Augustus}
36383	36446	INTRON			{GlimmerHMM_glimmerT_3211-T1;GlimmerHMM},{GeneMark_model.3420_t;GeneMark},{Augustus_model.g2657.t1;Augustus}
36447	36640	internal+	3	1	{GlimmerHMM_glimmerT_3211-T1;GlimmerHMM},{GeneMark_model.3420_t;GeneMark},{Augustus_model.g2657.t1;Augustus}
36641	36712	INTRON			{GlimmerHMM_glimmerT_3211-T1;GlimmerHMM},{GeneMark_model.3420_t;GeneMark},{Augustus_model.g2657.t1;Augustus}
36713	36852	internal+	2	3	{GlimmerHMM_glimmerT_3211-T1;GlimmerHMM},{GeneMark_model.3420_t;GeneMark},{Augustus_model.g2657.t1;Augustus}
36853	36909	INTRON			{GeneMark_model.3420_t;GeneMark},{Augustus_model.g2657.t1;Augustus}
36910	36972	internal+	1	3	{GeneMark_model.3420_t;GeneMark},{Augustus_model.g2657.t1;Augustus}
36973	37064	INTRON			{GeneMark_model.3420_t;GeneMark},{Augustus_model.g2657.t1;Augustus}
37065	37172	internal+	1	3	{GeneMark_model.3420_t;GeneMark},{Augustus_model.g2657.t1;Augustus}
37173	37240	INTRON			{GlimmerHMM_glimmerT_3211-T1;GlimmerHMM},{GeneMark_model.3420_t;GeneMark},{Augustus_model.g2657.t1;Augustus}
37241	37336	terminal+	1	3	{GlimmerHMM_glimmerT_3211-T1;GlimmerHMM},{GeneMark_model.3420_t;GeneMark},{Augustus_model.g2657.t1;Augustus}

# EVM prediction: Mode:STANDARD S-ratio: 2.12 37563-37864 orient(-) score(906.00) noncoding_equivalent(428.00) raw_noncoding(497.00) offset(69.00) 
37639	37563	terminal-	5	6	{GlimmerHMM_glimmerT_3212-T1;GlimmerHMM},{Augustus_model.g2658.t1;Augustus},{GeneMark_model.3421_t;GeneMark}
37704	37640	INTRON			{GlimmerHMM_glimmerT_3212-T1;GlimmerHMM},{Augustus_model.g2658.t1;Augustus},{GeneMark_model.3421_t;GeneMark}
37864	37705	initial-	4	4	{GlimmerHMM_glimmerT_3212-T1;GlimmerHMM},{Augustus_model.g2658.t1;Augustus},{GeneMark_model.3421_t;GeneMark}

# EVM prediction: Mode:STANDARD S-ratio: 6.64 38450-43339 orient(-) score(20362.00) noncoding_equivalent(3065.35) raw_noncoding(3229.77) offset(164.42) 
38680	38450	terminal-	4	6	{GlimmerHMM_glimmerT_3213-T1;GlimmerHMM},{GeneMark_model.3422_t;GeneMark},{Augustus_model.g2659.t1;Augustus}
38746	38681	INTRON			{GlimmerHMM_glimmerT_3213-T1;GlimmerHMM},{GeneMark_model.3422_t;GeneMark},{Augustus_model.g2659.t1;Augustus},{ev_type:exonerate/ID=match.2566964.845/Target=lcl|NW_017264934_1_prot_XP_018270771_1_3738;exonerate},{ev_type:exonerate/ID=match.2566964.841/Target=lcl|KQ954465_1_prot_KWU47157_1_579;exonerate},{ev_type:exonerate/ID=match.2566964.839/Target=lcl|LCTV02000012_1_prot_PRQ71552_1_2042;exonerate}
38937	38747	internal-	5	6	{GlimmerHMM_glimmerT_3213-T1;GlimmerHMM},{GeneMark_model.3422_t;GeneMark},{Augustus_model.g2659.t1;Augustus},{ev_type:exonerate/ID=match.2566964.845/Target=lcl|NW_017264934_1_prot_XP_018270771_1_3738;exonerate},{ev_type:exonerate/ID=match.2566964.841/Target=lcl|KQ954465_1_prot_KWU47157_1_579;exonerate},{ev_type:exonerate/ID=match.2566964.839/Target=lcl|LCTV02000012_1_prot_PRQ71552_1_2042;exonerate}
38997	38938	INTRON			{GlimmerHMM_glimmerT_3213-T1;GlimmerHMM},{GeneMark_model.3422_t;GeneMark},{Augustus_model.g2659.t1;Augustus},{ev_type:exonerate/ID=match.2566964.845/Target=lcl|NW_017264934_1_prot_XP_018270771_1_3738;exonerate},{ev_type:exonerate/ID=match.2566964.841/Target=lcl|KQ954465_1_prot_KWU47157_1_579;exonerate},{ev_type:exonerate/ID=match.2566964.839/Target=lcl|LCTV02000012_1_prot_PRQ71552_1_2042;exonerate}
39273	38998	internal-	5	4	{GlimmerHMM_glimmerT_3213-T1;GlimmerHMM},{GeneMark_model.3422_t;GeneMark},{Augustus_model.g2659.t1;Augustus},{ev_type:exonerate/ID=match.2566964.845/Target=lcl|NW_017264934_1_prot_XP_018270771_1_3738;exonerate},{ev_type:exonerate/ID=match.2566964.841/Target=lcl|KQ954465_1_prot_KWU47157_1_579;exonerate},{ev_type:exonerate/ID=match.2566964.839/Target=lcl|LCTV02000012_1_prot_PRQ71552_1_2042;exonerate}
39344	39274	INTRON			{GlimmerHMM_glimmerT_3213-T1;GlimmerHMM},{GeneMark_model.3422_t;GeneMark},{Augustus_model.g2659.t1;Augustus},{ev_type:exonerate/ID=match.2566964.845/Target=lcl|NW_017264934_1_prot_XP_018270771_1_3738;exonerate},{ev_type:exonerate/ID=match.2566964.841/Target=lcl|KQ954465_1_prot_KWU47157_1_579;exonerate},{ev_type:exonerate/ID=match.2566964.839/Target=lcl|LCTV02000012_1_prot_PRQ71552_1_2042;exonerate}
39554	39345	internal-	5	4	{GlimmerHMM_glimmerT_3213-T1;GlimmerHMM},{GeneMark_model.3422_t;GeneMark},{Augustus_model.g2659.t1;Augustus}
39619	39555	INTRON			{GlimmerHMM_glimmerT_3213-T1;GlimmerHMM},{GeneMark_model.3422_t;GeneMark},{Augustus_model.g2659.t1;Augustus}
41521	39620	internal-	5	4	{GlimmerHMM_glimmerT_3213-T1;GlimmerHMM},{GeneMark_model.3422_t;GeneMark},{Augustus_model.g2659.t1;Augustus}
41592	41522	INTRON			{GlimmerHMM_glimmerT_3213-T1;GlimmerHMM},{GeneMark_model.3422_t;GeneMark},{Augustus_model.g2659.t1;Augustus}
43339	41593	initial-	4	4	{GlimmerHMM_glimmerT_3213-T1;GlimmerHMM},{GeneMark_model.3422_t;GeneMark}

# EVM prediction: Mode:STANDARD S-ratio: 1.88 43512-44101 orient(-) score(1540.00) noncoding_equivalent(819.53) raw_noncoding(956.32) offset(136.79) 
43837	43512	terminal-	5	6	{GeneMark_model.3423_t;GeneMark}
43905	43838	INTRON			{GeneMark_model.3423_t;GeneMark},{Augustus_model.g2659.t1;Augustus}
44101	43906	initial-	4	4	{GlimmerHMM_glimmerT_3214-T1;GlimmerHMM},{GeneMark_model.3423_t;GeneMark},{Augustus_model.g2659.t1;Augustus}

# EVM prediction: Mode:STANDARD S-ratio: 3.22 44725-46950 orient(+) score(9450.00) noncoding_equivalent(2932.23) raw_noncoding(3960.00) offset(1027.77) 
44725	44765	initial+	1	2	{GlimmerHMM_glimmerT_3215-T1;GlimmerHMM},{GeneMark_model.3424_t;GeneMark},{Augustus_model.g2660.t1;Augustus}
44766	44838	INTRON			{GlimmerHMM_glimmerT_3215-T1;GlimmerHMM},{GeneMark_model.3424_t;GeneMark},{Augustus_model.g2660.t1;Augustus},{ev_type:exonerate/ID=match.2566964.2839/Target=lcl|KQ954465_1_prot_KWU47156_1_578;exonerate}
44839	44914	internal+	3	3	{GeneMark_model.3424_t;GeneMark},{Augustus_model.g2660.t1;Augustus},{ev_type:exonerate/ID=match.2566964.2839/Target=lcl|KQ954465_1_prot_KWU47156_1_578;exonerate}
44915	45122	INTRON			{GeneMark_model.3424_t;GeneMark},{Augustus_model.g2660.t1;Augustus},{ev_type:exonerate/ID=match.2566964.2839/Target=lcl|KQ954465_1_prot_KWU47156_1_578;exonerate}
45123	45396	internal+	1	1	{GlimmerHMM_glimmerT_3215-T1;GlimmerHMM},{GeneMark_model.3424_t;GeneMark},{Augustus_model.g2660.t1;Augustus},{ev_type:exonerate/ID=match.2566964.2839/Target=lcl|KQ954465_1_prot_KWU47156_1_578;exonerate}
45397	45510	INTRON			{GlimmerHMM_glimmerT_3215-T1;GlimmerHMM},{GeneMark_model.3424_t;GeneMark},{Augustus_model.g2660.t1;Augustus},{ev_type:exonerate/ID=match.2566964.2839/Target=lcl|KQ954465_1_prot_KWU47156_1_578;exonerate}
45511	45625	internal+	2	2	{GlimmerHMM_glimmerT_3215-T1;GlimmerHMM},{GeneMark_model.3424_t;GeneMark},{Augustus_model.g2660.t1;Augustus},{ev_type:exonerate/ID=match.2566964.2839/Target=lcl|KQ954465_1_prot_KWU47156_1_578;exonerate}
45626	45744	INTRON			{GlimmerHMM_glimmerT_3215-T1;GlimmerHMM},{GeneMark_model.3424_t;GeneMark},{Augustus_model.g2660.t1;Augustus},{ev_type:exonerate/ID=match.2566964.2839/Target=lcl|KQ954465_1_prot_KWU47156_1_578;exonerate}
45745	45873	internal+	3	2	{GlimmerHMM_glimmerT_3215-T1;GlimmerHMM},{GeneMark_model.3424_t;GeneMark},{Augustus_model.g2660.t1;Augustus},{ev_type:exonerate/ID=match.2566964.2839/Target=lcl|KQ954465_1_prot_KWU47156_1_578;exonerate}
45874	45941	INTRON			{GlimmerHMM_glimmerT_3215-T1;GlimmerHMM},{GeneMark_model.3424_t;GeneMark},{Augustus_model.g2660.t1;Augustus},{ev_type:exonerate/ID=match.2566964.2839/Target=lcl|KQ954465_1_prot_KWU47156_1_578;exonerate}
45942	46413	internal+	3	3	{GlimmerHMM_glimmerT_3215-T1;GlimmerHMM},{GeneMark_model.3424_t;GeneMark},{Augustus_model.g2660.t1;Augustus},{ev_type:exonerate/ID=match.2566964.2839/Target=lcl|KQ954465_1_prot_KWU47156_1_578;exonerate}
46414	46501	INTRON			{GlimmerHMM_glimmerT_3215-T1;GlimmerHMM},{GeneMark_model.3424_t;GeneMark},{Augustus_model.g2660.t1;Augustus},{ev_type:exonerate/ID=match.2566964.2839/Target=lcl|KQ954465_1_prot_KWU47156_1_578;exonerate}
46502	46574	internal+	1	1	{GlimmerHMM_glimmerT_3215-T1;GlimmerHMM},{GeneMark_model.3424_t;GeneMark},{Augustus_model.g2660.t1;Augustus},{ev_type:exonerate/ID=match.2566964.2839/Target=lcl|KQ954465_1_prot_KWU47156_1_578;exonerate}
46575	46690	INTRON			{GlimmerHMM_glimmerT_3215-T1;GlimmerHMM},{GeneMark_model.3424_t;GeneMark},{Augustus_model.g2660.t1;Augustus},{ev_type:exonerate/ID=match.2566964.2839/Target=lcl|KQ954465_1_prot_KWU47156_1_578;exonerate}
46691	46746	internal+	2	3	{GlimmerHMM_glimmerT_3215-T1;GlimmerHMM},{GeneMark_model.3424_t;GeneMark},{Augustus_model.g2660.t1;Augustus},{ev_type:exonerate/ID=match.2566964.2839/Target=lcl|KQ954465_1_prot_KWU47156_1_578;exonerate}
46747	46812	INTRON			{GlimmerHMM_glimmerT_3215-T1;GlimmerHMM},{GeneMark_model.3424_t;GeneMark},{Augustus_model.g2660.t1;Augustus},{ev_type:exonerate/ID=match.2566964.2839/Target=lcl|KQ954465_1_prot_KWU47156_1_578;exonerate}
46813	46950	terminal+	1	3	{GlimmerHMM_glimmerT_3215-T1;GlimmerHMM},{GeneMark_model.3424_t;GeneMark},{Augustus_model.g2660.t1;Augustus}

# EVM prediction: Mode:STANDARD S-ratio: 3.20 47376-49810 orient(+) score(8173.00) noncoding_equivalent(2554.98) raw_noncoding(3086.00) offset(531.02) 
47376	47992	initial+	1	2	{GlimmerHMM_glimmerT_3216-T1;GlimmerHMM},{GeneMark_model.3425_t;GeneMark},{Augustus_model.g2661.t1;Augustus}
47993	48053	INTRON			{GlimmerHMM_glimmerT_3216-T1;GlimmerHMM},{GeneMark_model.3425_t;GeneMark},{Augustus_model.g2661.t1;Augustus}
48054	48078	internal+	3	3	{GlimmerHMM_glimmerT_3216-T1;GlimmerHMM},{GeneMark_model.3425_t;GeneMark},{Augustus_model.g2661.t1;Augustus}
48079	48154	INTRON			{GlimmerHMM_glimmerT_3216-T1;GlimmerHMM},{GeneMark_model.3425_t;GeneMark},{Augustus_model.g2661.t1;Augustus}
48155	48303	internal+	1	2	{GeneMark_model.3425_t;GeneMark},{Augustus_model.g2661.t1;Augustus}
48304	48365	INTRON			{GeneMark_model.3425_t;GeneMark},{Augustus_model.g2661.t1;Augustus}
48366	48414	internal+	3	3	{GlimmerHMM_glimmerT_3216-T1;GlimmerHMM},{GeneMark_model.3425_t;GeneMark},{Augustus_model.g2661.t1;Augustus}
48415	48472	INTRON			{GlimmerHMM_glimmerT_3216-T1;GlimmerHMM},{GeneMark_model.3425_t;GeneMark},{Augustus_model.g2661.t1;Augustus}
48473	48543	internal+	1	2	{GlimmerHMM_glimmerT_3216-T1;GlimmerHMM},{GeneMark_model.3425_t;GeneMark},{Augustus_model.g2661.t1;Augustus}
48544	48606	INTRON			{GlimmerHMM_glimmerT_3216-T1;GlimmerHMM},{GeneMark_model.3425_t;GeneMark},{Augustus_model.g2661.t1;Augustus}
48607	48708	internal+	3	2	{GlimmerHMM_glimmerT_3216-T1;GlimmerHMM},{GeneMark_model.3425_t;GeneMark},{Augustus_model.g2661.t1;Augustus}
48709	48769	INTRON			{GlimmerHMM_glimmerT_3216-T1;GlimmerHMM},{GeneMark_model.3425_t;GeneMark},{Augustus_model.g2661.t1;Augustus}
48770	48870	internal+	3	1	{GlimmerHMM_glimmerT_3216-T1;GlimmerHMM},{GeneMark_model.3425_t;GeneMark},{Augustus_model.g2661.t1;Augustus}
48871	48934	INTRON			{GlimmerHMM_glimmerT_3216-T1;GlimmerHMM},{GeneMark_model.3425_t;GeneMark},{Augustus_model.g2661.t1;Augustus}
48935	49101	internal+	2	3	{GlimmerHMM_glimmerT_3216-T1;GlimmerHMM},{GeneMark_model.3425_t;GeneMark},{Augustus_model.g2661.t1;Augustus}
49102	49165	INTRON			{GlimmerHMM_glimmerT_3216-T1;GlimmerHMM},{GeneMark_model.3425_t;GeneMark},{Augustus_model.g2661.t1;Augustus}
49166	49298	internal+	1	1	{GlimmerHMM_glimmerT_3216-T1;GlimmerHMM},{GeneMark_model.3425_t;GeneMark},{Augustus_model.g2661.t1;Augustus}
49299	49364	INTRON			{GlimmerHMM_glimmerT_3216-T1;GlimmerHMM},{GeneMark_model.3425_t;GeneMark},{Augustus_model.g2661.t1;Augustus}
49365	49810	terminal+	2	3	{GlimmerHMM_glimmerT_3216-T1;GlimmerHMM},{Augustus_model.g2661.t1;Augustus}

# EVM prediction: Mode:STANDARD S-ratio: 3.40 49954-50953 orient(-) score(3346.00) noncoding_equivalent(983.39) raw_noncoding(1156.00) offset(172.61) 
50384	49954	terminal-	5	6	{GlimmerHMM_glimmerT_3217-T1;GlimmerHMM},{Augustus_model.g2662.t1;Augustus},{GeneMark_model.3426_t;GeneMark}
50454	50385	INTRON			{GlimmerHMM_glimmerT_3217-T1;GlimmerHMM},{Augustus_model.g2662.t1;Augustus},{GeneMark_model.3426_t;GeneMark}
50630	50455	internal-	6	4	{GlimmerHMM_glimmerT_3217-T1;GlimmerHMM},{Augustus_model.g2662.t1;Augustus},{GeneMark_model.3426_t;GeneMark}
50729	50631	INTRON			{GlimmerHMM_glimmerT_3217-T1;GlimmerHMM},{Augustus_model.g2662.t1;Augustus},{GeneMark_model.3426_t;GeneMark}
50953	50730	initial-	4	5	{GlimmerHMM_glimmerT_3217-T1;GlimmerHMM},{Augustus_model.g2662.t1;Augustus},{GeneMark_model.3426_t;GeneMark}

# EVM prediction: Mode:STANDARD S-ratio: 13.74 51817-52287 orient(+) score(9590.00) noncoding_equivalent(698.06) raw_noncoding(934.41) offset(236.34) 
51817	51961	initial+	1	1	{Augustus_model.g2663.t1;Augustus},{GlimmerHMM_glimmerT_3218-T1;GlimmerHMM}
51962	52029	INTRON			{GeneMark_model.3427_t;GeneMark},{Augustus_model.g2663.t1;Augustus},{GlimmerHMM_glimmerT_3218-T1;GlimmerHMM},{ev_type:exonerate/ID=match.2566964.2938/Target=RL44_CYBJA;exonerate},{ev_type:exonerate/ID=match.2566964.2947/Target=RL44_CRYNB;exonerate},{ev_type:exonerate/ID=match.2566964.2952/Target=RL44B_YEAST;exonerate},{ev_type:exonerate/ID=match.2566964.2954/Target=RL44_KLULA;exonerate},{ev_type:exonerate/ID=match.2566964.2934/Target=lcl|LCTV02000012_1_prot_PRQ71518_1_2008;exonerate},{ev_type:exonerate/ID=match.2566964.2958/Target=RL44_EREGS;exonerate},{ev_type:exonerate/ID=match.2566964.2950/Target=RL44_CANAL;exonerate},{ev_type:exonerate/ID=match.2566964.2953/Target=RL44_SCHOC;exonerate},{ev_type:exonerate/ID=match.2566964.2945/Target=RL44_YARLI;exonerate},{ev_type:exonerate/ID=match.2566964.2944/Target=RL44_WICCF;exonerate},{ev_type:exonerate/ID=match.2566964.2946/Target=RL44_PICKU;exonerate},{ev_type:exonerate/ID=match.2566964.2955/Target=RL44_KLUMA;exonerate},{ev_type:exonerate/ID=match.2566964.2943/Target=RL44_PICGU;exonerate},{ev_type:exonerate/ID=match.2566964.2942/Target=RL44_COPCI;exonerate},{ev_type:exonerate/ID=match.2566964.2941/Target=RL44_COPC7;exonerate},{ev_type:exonerate/ID=match.2566964.2939/Target=RL44_PHARH;exonerate},{ev_type:exonerate/ID=match.2566964.2940/Target=RL44_DEBHA;exonerate},{ev_type:exonerate/ID=match.2566964.2949/Target=RL44P_CANMA;exonerate},{ev_type:exonerate/ID=match.2566964.2951/Target=RL44A_YEAST;exonerate},{ev_type:exonerate/ID=match.2566964.2948/Target=RL44_CRYNJ;exonerate},{ev_type:exonerate/ID=match.2566964.2935/Target=lcl|BJWK01000002_1_prot_GEM07162_1_1179;exonerate},{ev_type:exonerate/ID=match.2566964.2932/Target=lcl|NW_017264934_1_prot_XP_018270978_1_3945;exonerate}
52030	52192	internal+	2	2	{GeneMark_model.3427_t;GeneMark},{Augustus_model.g2663.t1;Augustus},{GlimmerHMM_glimmerT_3218-T1;GlimmerHMM}
52193	52274	INTRON			{GeneMark_model.3427_t;GeneMark},{Augustus_model.g2663.t1;Augustus}
52275	52287	terminal+	3	3	{GeneMark_model.3427_t;GeneMark},{Augustus_model.g2663.t1;Augustus}

# EVM prediction: Mode:STANDARD S-ratio: 3.04 52657-55185 orient(+) score(8338.00) noncoding_equivalent(2740.09) raw_noncoding(3195.09) offset(455.00) 
52657	53206	initial+	1	1	{Augustus_model.g2664.t1;Augustus},{GeneMark_model.3428_t;GeneMark}
53207	53293	INTRON			{GlimmerHMM_glimmerT_3218-T1;GlimmerHMM},{Augustus_model.g2664.t1;Augustus},{GeneMark_model.3428_t;GeneMark}
53294	53595	internal+	2	3	{GlimmerHMM_glimmerT_3218-T1;GlimmerHMM},{Augustus_model.g2664.t1;Augustus},{GeneMark_model.3428_t;GeneMark}
53596	53672	INTRON			{GlimmerHMM_glimmerT_3218-T1;GlimmerHMM},{Augustus_model.g2664.t1;Augustus},{GeneMark_model.3428_t;GeneMark}
53673	54073	internal+	1	2	{GlimmerHMM_glimmerT_3218-T1;GlimmerHMM},{Augustus_model.g2664.t1;Augustus},{GeneMark_model.3428_t;GeneMark}
54074	54136	INTRON			{GlimmerHMM_glimmerT_3218-T1;GlimmerHMM},{Augustus_model.g2664.t1;Augustus},{GeneMark_model.3428_t;GeneMark}
54137	54605	internal+	3	3	{GlimmerHMM_glimmerT_3218-T1;GlimmerHMM},{Augustus_model.g2664.t1;Augustus},{GeneMark_model.3428_t;GeneMark}
54606	54724	INTRON			{GlimmerHMM_glimmerT_3218-T1;GlimmerHMM},{Augustus_model.g2664.t1;Augustus},{GeneMark_model.3428_t;GeneMark}
54725	54805	internal+	1	3	{GlimmerHMM_glimmerT_3218-T1;GlimmerHMM},{Augustus_model.g2664.t1;Augustus},{GeneMark_model.3428_t;GeneMark}
54806	54951	INTRON			{GlimmerHMM_glimmerT_3218-T1;GlimmerHMM},{Augustus_model.g2664.t1;Augustus},{GeneMark_model.3428_t;GeneMark}
54952	55185	terminal+	1	3	{GlimmerHMM_glimmerT_3218-T1;GlimmerHMM},{GeneMark_model.3428_t;GeneMark}

# EVM prediction: Mode:STANDARD S-ratio: 3.16 55692-57181 orient(+) score(4627.00) noncoding_equivalent(1463.63) raw_noncoding(1535.95) offset(72.32) 
55692	56591	initial+	1	3	{GeneMark_model.3429_t;GeneMark},{GlimmerHMM_glimmerT_3219-T1;GlimmerHMM}
56592	56659	INTRON			{GeneMark_model.3429_t;GeneMark},{Augustus_model.g2664.t1;Augustus},{GlimmerHMM_glimmerT_3219-T1;GlimmerHMM}
56660	57181	terminal+	1	3	{GeneMark_model.3429_t;GeneMark}

# EVM prediction: Mode:STANDARD S-ratio: 3.86 57500-59911 orient(+) score(12254.00) noncoding_equivalent(3175.20) raw_noncoding(3427.73) offset(252.53) 
57500	58281	initial+	1	2	{GeneMark_model.3430_t;GeneMark}
58282	58358	INTRON			{snap_scaffold_7-snap.358-T1;snap},{GeneMark_model.3430_t;GeneMark},{Augustus_model.g2664.t1;Augustus},{GlimmerHMM_glimmerT_3219-T1;GlimmerHMM},{ev_type:exonerate/ID=match.2566964.2806/Target=lcl|KQ954465_1_prot_KWU47151_1_573;exonerate},{ev_type:exonerate/ID=match.2566964.2796/Target=lcl|PJQD01000023_1_prot_POY74516_1_2319;exonerate}
58359	58595	internal+	3	2	{GeneMark_model.3430_t;GeneMark},{Augustus_model.g2664.t1;Augustus},{GlimmerHMM_glimmerT_3219-T1;GlimmerHMM},{ev_type:exonerate/ID=match.2566964.2806/Target=lcl|KQ954465_1_prot_KWU47151_1_573;exonerate},{ev_type:exonerate/ID=match.2566964.2796/Target=lcl|PJQD01000023_1_prot_POY74516_1_2319;exonerate}
58596	58654	INTRON			{GeneMark_model.3430_t;GeneMark},{Augustus_model.g2664.t1;Augustus},{GlimmerHMM_glimmerT_3219-T1;GlimmerHMM},{ev_type:exonerate/ID=match.2566964.2806/Target=lcl|KQ954465_1_prot_KWU47151_1_573;exonerate},{ev_type:exonerate/ID=match.2566964.2796/Target=lcl|PJQD01000023_1_prot_POY74516_1_2319;exonerate}
58655	58797	internal+	3	1	{GeneMark_model.3430_t;GeneMark},{Augustus_model.g2664.t1;Augustus},{GlimmerHMM_glimmerT_3219-T1;GlimmerHMM},{ev_type:exonerate/ID=match.2566964.2806/Target=lcl|KQ954465_1_prot_KWU47151_1_573;exonerate},{ev_type:exonerate/ID=match.2566964.2796/Target=lcl|PJQD01000023_1_prot_POY74516_1_2319;exonerate}
58798	58931	INTRON			{GeneMark_model.3430_t;GeneMark},{Augustus_model.g2664.t1;Augustus},{GlimmerHMM_glimmerT_3219-T1;GlimmerHMM},{ev_type:exonerate/ID=match.2566964.2806/Target=lcl|KQ954465_1_prot_KWU47151_1_573;exonerate},{ev_type:exonerate/ID=match.2566964.2796/Target=lcl|PJQD01000023_1_prot_POY74516_1_2319;exonerate}
58932	59305	internal+	2	3	{GeneMark_model.3430_t;GeneMark},{Augustus_model.g2664.t1;Augustus},{GlimmerHMM_glimmerT_3219-T1;GlimmerHMM},{ev_type:exonerate/ID=match.2566964.2806/Target=lcl|KQ954465_1_prot_KWU47151_1_573;exonerate},{ev_type:exonerate/ID=match.2566964.2796/Target=lcl|PJQD01000023_1_prot_POY74516_1_2319;exonerate}
59306	59390	INTRON			{GeneMark_model.3430_t;GeneMark},{Augustus_model.g2664.t1;Augustus},{GlimmerHMM_glimmerT_3219-T1;GlimmerHMM},{ev_type:exonerate/ID=match.2566964.2806/Target=lcl|KQ954465_1_prot_KWU47151_1_573;exonerate},{ev_type:exonerate/ID=match.2566964.2796/Target=lcl|PJQD01000023_1_prot_POY74516_1_2319;exonerate}
59391	59419	internal+	1	2	{GeneMark_model.3430_t;GeneMark},{Augustus_model.g2664.t1;Augustus},{GlimmerHMM_glimmerT_3219-T1;GlimmerHMM},{ev_type:exonerate/ID=match.2566964.2806/Target=lcl|KQ954465_1_prot_KWU47151_1_573;exonerate},{ev_type:exonerate/ID=match.2566964.2796/Target=lcl|PJQD01000023_1_prot_POY74516_1_2319;exonerate}
59420	59484	INTRON			{snap_scaffold_7-snap.360-T1;snap},{GeneMark_model.3430_t;GeneMark},{Augustus_model.g2664.t1;Augustus},{GlimmerHMM_glimmerT_3219-T1;GlimmerHMM},{ev_type:exonerate/ID=match.2566964.2806/Target=lcl|KQ954465_1_prot_KWU47151_1_573;exonerate},{ev_type:exonerate/ID=match.2566964.2796/Target=lcl|PJQD01000023_1_prot_POY74516_1_2319;exonerate}
59485	59767	internal+	3	3	{GeneMark_model.3430_t;GeneMark},{Augustus_model.g2664.t1;Augustus},{GlimmerHMM_glimmerT_3219-T1;GlimmerHMM},{ev_type:exonerate/ID=match.2566964.2806/Target=lcl|KQ954465_1_prot_KWU47151_1_573;exonerate},{ev_type:exonerate/ID=match.2566964.2796/Target=lcl|PJQD01000023_1_prot_POY74516_1_2319;exonerate}
59768	59854	INTRON			{GeneMark_model.3430_t;GeneMark},{Augustus_model.g2664.t1;Augustus},{GlimmerHMM_glimmerT_3219-T1;GlimmerHMM},{ev_type:exonerate/ID=match.2566964.2806/Target=lcl|KQ954465_1_prot_KWU47151_1_573;exonerate},{ev_type:exonerate/ID=match.2566964.2796/Target=lcl|PJQD01000023_1_prot_POY74516_1_2319;exonerate}
59855	59911	terminal+	1	3	{GeneMark_model.3430_t;GeneMark},{Augustus_model.g2664.t1;Augustus},{GlimmerHMM_glimmerT_3219-T1;GlimmerHMM}

# EVM prediction: Mode:STANDARD S-ratio: 4.13 60518-61011 orient(+) score(1716.00) noncoding_equivalent(416.00) raw_noncoding(473.00) offset(57.00) 
60518	60766	initial+	1	3	{GeneMark_model.3431_t;GeneMark},{Augustus_model.g2665.t1;Augustus},{GlimmerHMM_glimmerT_3220-T1;GlimmerHMM}
60767	60846	INTRON			{GeneMark_model.3431_t;GeneMark},{Augustus_model.g2665.t1;Augustus},{GlimmerHMM_glimmerT_3220-T1;GlimmerHMM}
60847	61011	terminal+	1	3	{GeneMark_model.3431_t;GeneMark},{Augustus_model.g2665.t1;Augustus},{GlimmerHMM_glimmerT_3220-T1;GlimmerHMM}

# EVM prediction: Mode:STANDARD S-ratio: 9.77 61284-62674 orient(-) score(5145.00) noncoding_equivalent(526.74) raw_noncoding(587.00) offset(60.26) 
62249	61284	terminal-	4	6	{GeneMark_model.3432_t;GeneMark},{Augustus_model.g2666.t1;Augustus},{GlimmerHMM_glimmerT_3221-T1;GlimmerHMM}
62305	62250	INTRON			{GeneMark_model.3432_t;GeneMark},{Augustus_model.g2666.t1;Augustus},{GlimmerHMM_glimmerT_3221-T1;GlimmerHMM}
62674	62306	initial-	4	6	{GeneMark_model.3432_t;GeneMark},{Augustus_model.g2666.t1;Augustus},{GlimmerHMM_glimmerT_3221-T1;GlimmerHMM}

# EVM prediction: Mode:STANDARD S-ratio: 6.55 63168-65968 orient(-) score(26253.00) noncoding_equivalent(4006.45) raw_noncoding(5100.59) offset(1094.14) 
63519	63168	terminal-	6	6	{HiQ_model.g2667.t1;HiQ},{GeneMark_model.3433_t;GeneMark},{GlimmerHMM_glimmerT_3222-T1;GlimmerHMM}
63590	63520	INTRON			{HiQ_model.g2667.t1;HiQ},{GeneMark_model.3433_t;GeneMark},{GlimmerHMM_glimmerT_3222-T1;GlimmerHMM},{ev_type:exonerate/ID=match.2566964.1928/Target=lcl|LCTV02000006_1_prot_PRQ74561_1_6546;exonerate},{ev_type:exonerate/ID=match.2566964.1922/Target=lcl|KQ954465_1_prot_KWU47148_1_570;exonerate},{ev_type:exonerate/ID=match.2566964.1920/Target=lcl|PJQD01000023_1_prot_POY74513_1_2316;exonerate},{ev_type:exonerate/ID=match.2566964.1926/Target=lcl|BJWK01000009_1_prot_GEM09908_1_3925;exonerate},{ev_type:exonerate/ID=match.2566964.1409/Target=lcl|NW_017264934_1_prot_XP_018270991_1_3958;exonerate}
64447	63591	internal-	4	5	{HiQ_model.g2667.t1;HiQ},{GeneMark_model.3433_t;GeneMark},{GlimmerHMM_glimmerT_3222-T1;GlimmerHMM},{ev_type:exonerate/ID=match.2566964.1928/Target=lcl|LCTV02000006_1_prot_PRQ74561_1_6546;exonerate},{ev_type:exonerate/ID=match.2566964.1922/Target=lcl|KQ954465_1_prot_KWU47148_1_570;exonerate},{ev_type:exonerate/ID=match.2566964.1920/Target=lcl|PJQD01000023_1_prot_POY74513_1_2316;exonerate},{ev_type:exonerate/ID=match.2566964.1926/Target=lcl|BJWK01000009_1_prot_GEM09908_1_3925;exonerate},{ev_type:exonerate/ID=match.2566964.1409/Target=lcl|NW_017264934_1_prot_XP_018270991_1_3958;exonerate}
64520	64448	INTRON			{HiQ_model.g2667.t1;HiQ},{GeneMark_model.3433_t;GeneMark},{GlimmerHMM_glimmerT_3222-T1;GlimmerHMM},{ev_type:exonerate/ID=match.2566964.1928/Target=lcl|LCTV02000006_1_prot_PRQ74561_1_6546;exonerate},{ev_type:exonerate/ID=match.2566964.1922/Target=lcl|KQ954465_1_prot_KWU47148_1_570;exonerate},{ev_type:exonerate/ID=match.2566964.1920/Target=lcl|PJQD01000023_1_prot_POY74513_1_2316;exonerate},{ev_type:exonerate/ID=match.2566964.1926/Target=lcl|BJWK01000009_1_prot_GEM09908_1_3925;exonerate},{ev_type:exonerate/ID=match.2566964.1409/Target=lcl|NW_017264934_1_prot_XP_018270991_1_3958;exonerate}
65216	64521	internal-	4	6	{HiQ_model.g2667.t1;HiQ},{GeneMark_model.3433_t;GeneMark},{GlimmerHMM_glimmerT_3222-T1;GlimmerHMM},{ev_type:exonerate/ID=match.2566964.1928/Target=lcl|LCTV02000006_1_prot_PRQ74561_1_6546;exonerate},{ev_type:exonerate/ID=match.2566964.1922/Target=lcl|KQ954465_1_prot_KWU47148_1_570;exonerate},{ev_type:exonerate/ID=match.2566964.1920/Target=lcl|PJQD01000023_1_prot_POY74513_1_2316;exonerate},{ev_type:exonerate/ID=match.2566964.1926/Target=lcl|BJWK01000009_1_prot_GEM09908_1_3925;exonerate},{ev_type:exonerate/ID=match.2566964.1409/Target=lcl|NW_017264934_1_prot_XP_018270991_1_3958;exonerate}
65286	65217	INTRON			{HiQ_model.g2667.t1;HiQ},{GeneMark_model.3433_t;GeneMark},{GlimmerHMM_glimmerT_3222-T1;GlimmerHMM},{ev_type:exonerate/ID=match.2566964.1928/Target=lcl|LCTV02000006_1_prot_PRQ74561_1_6546;exonerate},{ev_type:exonerate/ID=match.2566964.1922/Target=lcl|KQ954465_1_prot_KWU47148_1_570;exonerate},{ev_type:exonerate/ID=match.2566964.1920/Target=lcl|PJQD01000023_1_prot_POY74513_1_2316;exonerate},{ev_type:exonerate/ID=match.2566964.1926/Target=lcl|BJWK01000009_1_prot_GEM09908_1_3925;exonerate},{ev_type:exonerate/ID=match.2566964.1409/Target=lcl|NW_017264934_1_prot_XP_018270991_1_3958;exonerate}
65386	65287	internal-	6	6	{HiQ_model.g2667.t1;HiQ},{GeneMark_model.3433_t;GeneMark},{GlimmerHMM_glimmerT_3222-T1;GlimmerHMM},{ev_type:exonerate/ID=match.2566964.1928/Target=lcl|LCTV02000006_1_prot_PRQ74561_1_6546;exonerate},{ev_type:exonerate/ID=match.2566964.1922/Target=lcl|KQ954465_1_prot_KWU47148_1_570;exonerate},{ev_type:exonerate/ID=match.2566964.1920/Target=lcl|PJQD01000023_1_prot_POY74513_1_2316;exonerate},{ev_type:exonerate/ID=match.2566964.1926/Target=lcl|BJWK01000009_1_prot_GEM09908_1_3925;exonerate},{ev_type:exonerate/ID=match.2566964.1409/Target=lcl|NW_017264934_1_prot_XP_018270991_1_3958;exonerate}
65450	65387	INTRON			{HiQ_model.g2667.t1;HiQ},{GeneMark_model.3433_t;GeneMark},{GlimmerHMM_glimmerT_3222-T1;GlimmerHMM},{ev_type:exonerate/ID=match.2566964.1928/Target=lcl|LCTV02000006_1_prot_PRQ74561_1_6546;exonerate},{ev_type:exonerate/ID=match.2566964.1922/Target=lcl|KQ954465_1_prot_KWU47148_1_570;exonerate},{ev_type:exonerate/ID=match.2566964.1920/Target=lcl|PJQD01000023_1_prot_POY74513_1_2316;exonerate},{ev_type:exonerate/ID=match.2566964.1926/Target=lcl|BJWK01000009_1_prot_GEM09908_1_3925;exonerate},{ev_type:exonerate/ID=match.2566964.1409/Target=lcl|NW_017264934_1_prot_XP_018270991_1_3958;exonerate}
65501	65451	internal-	6	5	{HiQ_model.g2667.t1;HiQ},{GeneMark_model.3433_t;GeneMark},{GlimmerHMM_glimmerT_3222-T1;GlimmerHMM},{ev_type:exonerate/ID=match.2566964.1928/Target=lcl|LCTV02000006_1_prot_PRQ74561_1_6546;exonerate},{ev_type:exonerate/ID=match.2566964.1922/Target=lcl|KQ954465_1_prot_KWU47148_1_570;exonerate},{ev_type:exonerate/ID=match.2566964.1920/Target=lcl|PJQD01000023_1_prot_POY74513_1_2316;exonerate},{ev_type:exonerate/ID=match.2566964.1926/Target=lcl|BJWK01000009_1_prot_GEM09908_1_3925;exonerate},{ev_type:exonerate/ID=match.2566964.1409/Target=lcl|NW_017264934_1_prot_XP_018270991_1_3958;exonerate}
65572	65502	INTRON			{HiQ_model.g2667.t1;HiQ},{GeneMark_model.3433_t;GeneMark},{GlimmerHMM_glimmerT_3222-T1;GlimmerHMM},{ev_type:exonerate/ID=match.2566964.1928/Target=lcl|LCTV02000006_1_prot_PRQ74561_1_6546;exonerate},{ev_type:exonerate/ID=match.2566964.1922/Target=lcl|KQ954465_1_prot_KWU47148_1_570;exonerate},{ev_type:exonerate/ID=match.2566964.1920/Target=lcl|PJQD01000023_1_prot_POY74513_1_2316;exonerate},{ev_type:exonerate/ID=match.2566964.1926/Target=lcl|BJWK01000009_1_prot_GEM09908_1_3925;exonerate},{ev_type:exonerate/ID=match.2566964.1409/Target=lcl|NW_017264934_1_prot_XP_018270991_1_3958;exonerate}
65680	65573	internal-	6	5	{HiQ_model.g2667.t1;HiQ},{GeneMark_model.3433_t;GeneMark},{GlimmerHMM_glimmerT_3222-T1;GlimmerHMM},{ev_type:exonerate/ID=match.2566964.1928/Target=lcl|LCTV02000006_1_prot_PRQ74561_1_6546;exonerate},{ev_type:exonerate/ID=match.2566964.1922/Target=lcl|KQ954465_1_prot_KWU47148_1_570;exonerate},{ev_type:exonerate/ID=match.2566964.1920/Target=lcl|PJQD01000023_1_prot_POY74513_1_2316;exonerate},{ev_type:exonerate/ID=match.2566964.1926/Target=lcl|BJWK01000009_1_prot_GEM09908_1_3925;exonerate},{ev_type:exonerate/ID=match.2566964.1409/Target=lcl|NW_017264934_1_prot_XP_018270991_1_3958;exonerate}
65776	65681	INTRON			{HiQ_model.g2667.t1;HiQ},{GeneMark_model.3433_t;GeneMark},{ev_type:exonerate/ID=match.2566964.1928/Target=lcl|LCTV02000006_1_prot_PRQ74561_1_6546;exonerate},{ev_type:exonerate/ID=match.2566964.1922/Target=lcl|KQ954465_1_prot_KWU47148_1_570;exonerate},{ev_type:exonerate/ID=match.2566964.1920/Target=lcl|PJQD01000023_1_prot_POY74513_1_2316;exonerate},{ev_type:exonerate/ID=match.2566964.1926/Target=lcl|BJWK01000009_1_prot_GEM09908_1_3925;exonerate},{ev_type:exonerate/ID=match.2566964.1409/Target=lcl|NW_017264934_1_prot_XP_018270991_1_3958;exonerate}
65838	65777	internal-	4	5	{HiQ_model.g2667.t1;HiQ},{GeneMark_model.3433_t;GeneMark},{ev_type:exonerate/ID=match.2566964.1928/Target=lcl|LCTV02000006_1_prot_PRQ74561_1_6546;exonerate},{ev_type:exonerate/ID=match.2566964.1922/Target=lcl|KQ954465_1_prot_KWU47148_1_570;exonerate},{ev_type:exonerate/ID=match.2566964.1920/Target=lcl|PJQD01000023_1_prot_POY74513_1_2316;exonerate},{ev_type:exonerate/ID=match.2566964.1926/Target=lcl|BJWK01000009_1_prot_GEM09908_1_3925;exonerate},{ev_type:exonerate/ID=match.2566964.1409/Target=lcl|NW_017264934_1_prot_XP_018270991_1_3958;exonerate}
65911	65839	INTRON			{HiQ_model.g2667.t1;HiQ},{GeneMark_model.3433_t;GeneMark},{ev_type:exonerate/ID=match.2566964.1928/Target=lcl|LCTV02000006_1_prot_PRQ74561_1_6546;exonerate},{ev_type:exonerate/ID=match.2566964.1922/Target=lcl|KQ954465_1_prot_KWU47148_1_570;exonerate},{ev_type:exonerate/ID=match.2566964.1920/Target=lcl|PJQD01000023_1_prot_POY74513_1_2316;exonerate},{ev_type:exonerate/ID=match.2566964.1926/Target=lcl|BJWK01000009_1_prot_GEM09908_1_3925;exonerate},{ev_type:exonerate/ID=match.2566964.1409/Target=lcl|NW_017264934_1_prot_XP_018270991_1_3958;exonerate}
65968	65912	initial-	4	6	{HiQ_model.g2667.t1;HiQ}

# EVM prediction: Mode:STANDARD S-ratio: 1.48 66351-67156 orient(-) score(1850.00) noncoding_equivalent(1251.53) raw_noncoding(1897.00) offset(645.47) 
66358	66351	terminal-	5	6	{Augustus_model.g2668.t1;Augustus}
66418	66359	INTRON			{Augustus_model.g2668.t1;Augustus}
66505	66419	internal-	5	4	{Augustus_model.g2668.t1;Augustus}
66577	66506	INTRON			{GeneMark_model.3434_t;GeneMark},{Augustus_model.g2668.t1;Augustus}
66628	66578	internal-	5	4	{GeneMark_model.3434_t;GeneMark},{Augustus_model.g2668.t1;Augustus}
66693	66629	INTRON			{GeneMark_model.3434_t;GeneMark},{Augustus_model.g2668.t1;Augustus}
66929	66694	internal-	6	4	{GeneMark_model.3434_t;GeneMark},{Augustus_model.g2668.t1;Augustus}
66996	66930	INTRON			{GeneMark_model.3434_t;GeneMark},{Augustus_model.g2668.t1;Augustus}
67049	66997	internal-	4	5	{GeneMark_model.3434_t;GeneMark},{Augustus_model.g2668.t1;Augustus}
67129	67050	INTRON			{GeneMark_model.3434_t;GeneMark},{Augustus_model.g2668.t1;Augustus}
67156	67130	initial-	4	6	{GeneMark_model.3434_t;GeneMark},{GlimmerHMM_glimmerT_3223-T1;GlimmerHMM}

# EVM prediction: Mode:STANDARD S-ratio: 4.25 68055-71013 orient(+) score(10204.00) noncoding_equivalent(2400.59) raw_noncoding(2815.00) offset(414.41) 
68055	68560	initial+	1	2	{GeneMark_model.3435_t;GeneMark},{GlimmerHMM_glimmerT_3224-T1;GlimmerHMM}
68561	68631	INTRON			{Augustus_model.g2669.t1;Augustus},{GeneMark_model.3435_t;GeneMark},{GlimmerHMM_glimmerT_3224-T1;GlimmerHMM}
68632	68714	internal+	3	1	{Augustus_model.g2669.t1;Augustus},{GeneMark_model.3435_t;GeneMark},{GlimmerHMM_glimmerT_3224-T1;GlimmerHMM}
68715	68771	INTRON			{Augustus_model.g2669.t1;Augustus},{GeneMark_model.3435_t;GeneMark},{GlimmerHMM_glimmerT_3224-T1;GlimmerHMM}
68772	69375	internal+	2	2	{Augustus_model.g2669.t1;Augustus},{GeneMark_model.3435_t;GeneMark},{GlimmerHMM_glimmerT_3224-T1;GlimmerHMM}
69376	69437	INTRON			{Augustus_model.g2669.t1;Augustus},{GeneMark_model.3435_t;GeneMark},{GlimmerHMM_glimmerT_3224-T1;GlimmerHMM}
69438	69576	internal+	3	3	{Augustus_model.g2669.t1;Augustus},{GeneMark_model.3435_t;GeneMark},{GlimmerHMM_glimmerT_3224-T1;GlimmerHMM}
69577	69658	INTRON			{Augustus_model.g2669.t1;Augustus},{GeneMark_model.3435_t;GeneMark},{GlimmerHMM_glimmerT_3224-T1;GlimmerHMM}
69659	70119	internal+	1	2	{Augustus_model.g2669.t1;Augustus},{GeneMark_model.3435_t;GeneMark},{GlimmerHMM_glimmerT_3224-T1;GlimmerHMM}
70120	70186	INTRON			{Augustus_model.g2669.t1;Augustus},{GeneMark_model.3435_t;GeneMark},{GlimmerHMM_glimmerT_3224-T1;GlimmerHMM}
70187	70325	internal+	3	3	{Augustus_model.g2669.t1;Augustus},{GeneMark_model.3435_t;GeneMark},{GlimmerHMM_glimmerT_3224-T1;GlimmerHMM}
70326	70383	INTRON			{Augustus_model.g2669.t1;Augustus},{GeneMark_model.3435_t;GeneMark},{GlimmerHMM_glimmerT_3224-T1;GlimmerHMM}
70384	71013	terminal+	1	3	{Augustus_model.g2669.t1;Augustus},{GeneMark_model.3435_t;GeneMark},{GlimmerHMM_glimmerT_3224-T1;GlimmerHMM},{snap_scaffold_7-snap.368-T1;snap}

# EVM prediction: Mode:STANDARD S-ratio: 2.45 71036-74512 orient(-) score(10843.00) noncoding_equivalent(4417.08) raw_noncoding(5514.00) offset(1096.92) 
71165	71036	terminal-	6	6	{Augustus_model.g2670.t1;Augustus},{GlimmerHMM_glimmerT_3225-T1;GlimmerHMM},{GeneMark_model.3436_t;GeneMark}
71228	71166	INTRON			{Augustus_model.g2670.t1;Augustus},{GlimmerHMM_glimmerT_3225-T1;GlimmerHMM},{GeneMark_model.3436_t;GeneMark}
71333	71229	internal-	6	5	{Augustus_model.g2670.t1;Augustus},{GlimmerHMM_glimmerT_3225-T1;GlimmerHMM},{GeneMark_model.3436_t;GeneMark}
71396	71334	INTRON			{Augustus_model.g2670.t1;Augustus},{GlimmerHMM_glimmerT_3225-T1;GlimmerHMM},{GeneMark_model.3436_t;GeneMark}
71494	71397	internal-	4	5	{Augustus_model.g2670.t1;Augustus},{GlimmerHMM_glimmerT_3225-T1;GlimmerHMM},{GeneMark_model.3436_t;GeneMark}
71557	71495	INTRON			{Augustus_model.g2670.t1;Augustus},{GlimmerHMM_glimmerT_3225-T1;GlimmerHMM},{GeneMark_model.3436_t;GeneMark}
71667	71558	internal-	5	6	{Augustus_model.g2670.t1;Augustus},{GlimmerHMM_glimmerT_3225-T1;GlimmerHMM},{GeneMark_model.3436_t;GeneMark}
71738	71668	INTRON			{Augustus_model.g2670.t1;Augustus},{GlimmerHMM_glimmerT_3225-T1;GlimmerHMM},{GeneMark_model.3436_t;GeneMark}
72033	71739	internal-	4	4	{Augustus_model.g2670.t1;Augustus},{GlimmerHMM_glimmerT_3225-T1;GlimmerHMM},{GeneMark_model.3436_t;GeneMark}
72092	72034	INTRON			{Augustus_model.g2670.t1;Augustus},{GlimmerHMM_glimmerT_3225-T1;GlimmerHMM},{GeneMark_model.3436_t;GeneMark}
72223	72093	internal-	5	6	{Augustus_model.g2670.t1;Augustus},{GlimmerHMM_glimmerT_3225-T1;GlimmerHMM},{GeneMark_model.3436_t;GeneMark}
72283	72224	INTRON			{Augustus_model.g2670.t1;Augustus},{GlimmerHMM_glimmerT_3225-T1;GlimmerHMM},{GeneMark_model.3436_t;GeneMark}
72344	72284	internal-	4	4	{Augustus_model.g2670.t1;Augustus},{GlimmerHMM_glimmerT_3225-T1;GlimmerHMM},{GeneMark_model.3436_t;GeneMark}
72411	72345	INTRON			{Augustus_model.g2670.t1;Augustus},{GlimmerHMM_glimmerT_3225-T1;GlimmerHMM},{GeneMark_model.3436_t;GeneMark}
72587	72412	internal-	5	6	{Augustus_model.g2670.t1;Augustus},{GlimmerHMM_glimmerT_3225-T1;GlimmerHMM},{GeneMark_model.3436_t;GeneMark}
72642	72588	INTRON			{Augustus_model.g2670.t1;Augustus},{GlimmerHMM_glimmerT_3225-T1;GlimmerHMM},{GeneMark_model.3436_t;GeneMark}
72716	72643	internal-	6	4	{Augustus_model.g2670.t1;Augustus},{GlimmerHMM_glimmerT_3225-T1;GlimmerHMM},{GeneMark_model.3436_t;GeneMark}
72782	72717	INTRON			{Augustus_model.g2670.t1;Augustus},{GlimmerHMM_glimmerT_3225-T1;GlimmerHMM},{GeneMark_model.3436_t;GeneMark}
73582	72783	internal-	4	5	{Augustus_model.g2670.t1;Augustus},{GlimmerHMM_glimmerT_3225-T1;GlimmerHMM},{GeneMark_model.3436_t;GeneMark}
73643	73583	INTRON			{Augustus_model.g2670.t1;Augustus},{GeneMark_model.3436_t;GeneMark}
73720	73644	internal-	5	6	{Augustus_model.g2670.t1;Augustus},{GeneMark_model.3436_t;GeneMark}
73784	73721	INTRON			{Augustus_model.g2670.t1;Augustus},{GeneMark_model.3436_t;GeneMark}
73859	73785	internal-	5	4	{Augustus_model.g2670.t1;Augustus},{GeneMark_model.3436_t;GeneMark}
73914	73860	INTRON			{Augustus_model.g2670.t1;Augustus},{GeneMark_model.3436_t;GeneMark}
74080	73915	internal-	4	4	{Augustus_model.g2670.t1;Augustus},{GeneMark_model.3436_t;GeneMark}
74145	74081	INTRON			{Augustus_model.g2670.t1;Augustus},{GlimmerHMM_glimmerT_3225-T1;GlimmerHMM},{GeneMark_model.3436_t;GeneMark}
74298	74146	internal-	4	6	{Augustus_model.g2670.t1;Augustus},{GlimmerHMM_glimmerT_3225-T1;GlimmerHMM},{GeneMark_model.3436_t;GeneMark}
74365	74299	INTRON			{Augustus_model.g2670.t1;Augustus},{GlimmerHMM_glimmerT_3225-T1;GlimmerHMM},{GeneMark_model.3436_t;GeneMark}
74512	74366	initial-	4	6	{Augustus_model.g2670.t1;Augustus},{GlimmerHMM_glimmerT_3225-T1;GlimmerHMM},{GeneMark_model.3436_t;GeneMark}

# EVM prediction: Mode:STANDARD S-ratio: 2.48 74808-75385 orient(+) score(1734.00) noncoding_equivalent(698.00) raw_noncoding(764.00) offset(66.00) 
74808	74891	initial+	1	3	{Augustus_model.g2671.t1;Augustus}
74892	74953	INTRON			{GeneMark_model.3437_t;GeneMark},{GlimmerHMM_glimmerT_3226-T1;GlimmerHMM},{Augustus_model.g2671.t1;Augustus}
74954	75385	terminal+	1	3	{GeneMark_model.3437_t;GeneMark},{GlimmerHMM_glimmerT_3226-T1;GlimmerHMM},{Augustus_model.g2671.t1;Augustus}

# EVM prediction: Mode:STANDARD S-ratio: 13.26 75594-76604 orient(-) score(3873.00) noncoding_equivalent(292.08) raw_noncoding(359.75) offset(67.67) 
76442	75594	terminal-	4	6	{GeneMark_model.3438_t;GeneMark},{GlimmerHMM_glimmerT_3227-T1;GlimmerHMM},{Augustus_model.g2672.t1;Augustus},{snap_scaffold_7-snap.370-T1;snap}
76505	76443	INTRON			{GeneMark_model.3438_t;GeneMark},{GlimmerHMM_glimmerT_3227-T1;GlimmerHMM},{Augustus_model.g2672.t1;Augustus}
76604	76506	initial-	4	6	{GeneMark_model.3438_t;GeneMark},{GlimmerHMM_glimmerT_3227-T1;GlimmerHMM}

# EVM prediction: Mode:STANDARD S-ratio: 3.60 77188-78828 orient(-) score(5460.00) noncoding_equivalent(1516.11) raw_noncoding(1716.00) offset(199.89) 
77475	77188	terminal-	4	6	{GlimmerHMM_glimmerT_3228-T1;GlimmerHMM},{Augustus_model.g2673.t1;Augustus},{GeneMark_model.3439_t;GeneMark}
77550	77476	INTRON			{GlimmerHMM_glimmerT_3228-T1;GlimmerHMM},{Augustus_model.g2673.t1;Augustus},{GeneMark_model.3439_t;GeneMark}
78080	77551	internal-	5	6	{GlimmerHMM_glimmerT_3228-T1;GlimmerHMM},{Augustus_model.g2673.t1;Augustus},{GeneMark_model.3439_t;GeneMark}
78150	78081	INTRON			{GlimmerHMM_glimmerT_3228-T1;GlimmerHMM},{Augustus_model.g2673.t1;Augustus},{GeneMark_model.3439_t;GeneMark}
78294	78151	internal-	5	4	{GlimmerHMM_glimmerT_3228-T1;GlimmerHMM},{Augustus_model.g2673.t1;Augustus},{GeneMark_model.3439_t;GeneMark}
78362	78295	INTRON			{GlimmerHMM_glimmerT_3228-T1;GlimmerHMM},{Augustus_model.g2673.t1;Augustus},{GeneMark_model.3439_t;GeneMark}
78828	78363	initial-	4	4	{GlimmerHMM_glimmerT_3228-T1;GlimmerHMM},{GeneMark_model.3439_t;GeneMark}

# EVM prediction: Mode:STANDARD S-ratio: 2.67 79115-81232 orient(-) score(6983.00) noncoding_equivalent(2610.73) raw_noncoding(3028.03) offset(417.30) 
79419	79115	terminal-	5	6	{GlimmerHMM_glimmerT_3229-T1;GlimmerHMM},{GeneMark_model.3440_t;GeneMark},{snap_scaffold_7-snap.372-T1;snap}
79479	79420	INTRON			{GlimmerHMM_glimmerT_3229-T1;GlimmerHMM},{Augustus_model.g2673.t1;Augustus},{GeneMark_model.3440_t;GeneMark},{snap_scaffold_7-snap.372-T1;snap}
79560	79480	internal-	5	4	{GlimmerHMM_glimmerT_3229-T1;GlimmerHMM},{Augustus_model.g2673.t1;Augustus},{GeneMark_model.3440_t;GeneMark}
79626	79561	INTRON			{GlimmerHMM_glimmerT_3229-T1;GlimmerHMM},{Augustus_model.g2673.t1;Augustus},{GeneMark_model.3440_t;GeneMark}
79809	79627	internal-	5	4	{GlimmerHMM_glimmerT_3229-T1;GlimmerHMM},{Augustus_model.g2673.t1;Augustus},{GeneMark_model.3440_t;GeneMark}
79891	79810	INTRON			{GlimmerHMM_glimmerT_3229-T1;GlimmerHMM},{Augustus_model.g2673.t1;Augustus},{GeneMark_model.3440_t;GeneMark}
80116	79892	internal-	5	4	{GlimmerHMM_glimmerT_3229-T1;GlimmerHMM},{Augustus_model.g2673.t1;Augustus},{GeneMark_model.3440_t;GeneMark}
80190	80117	INTRON			{GlimmerHMM_glimmerT_3229-T1;GlimmerHMM},{Augustus_model.g2673.t1;Augustus},{GeneMark_model.3440_t;GeneMark}
80273	80191	internal-	6	4	{GlimmerHMM_glimmerT_3229-T1;GlimmerHMM},{Augustus_model.g2673.t1;Augustus},{GeneMark_model.3440_t;GeneMark}
80331	80274	INTRON			{GlimmerHMM_glimmerT_3229-T1;GlimmerHMM},{Augustus_model.g2673.t1;Augustus},{GeneMark_model.3440_t;GeneMark}
80600	80332	internal-	4	5	{GlimmerHMM_glimmerT_3229-T1;GlimmerHMM},{Augustus_model.g2673.t1;Augustus},{GeneMark_model.3440_t;GeneMark}
80671	80601	INTRON			{GlimmerHMM_glimmerT_3229-T1;GlimmerHMM},{Augustus_model.g2673.t1;Augustus},{GeneMark_model.3440_t;GeneMark}
80757	80672	internal-	5	6	{GlimmerHMM_glimmerT_3229-T1;GlimmerHMM},{Augustus_model.g2673.t1;Augustus},{GeneMark_model.3440_t;GeneMark}
80865	80758	INTRON			{GlimmerHMM_glimmerT_3229-T1;GlimmerHMM},{Augustus_model.g2673.t1;Augustus},{GeneMark_model.3440_t;GeneMark}
81232	80866	initial-	4	4	{GlimmerHMM_glimmerT_3229-T1;GlimmerHMM},{GeneMark_model.3440_t;GeneMark}

# EVM prediction: Mode:STANDARD S-ratio: 6.14 81886-86379 orient(+) score(15963.00) noncoding_equivalent(2601.00) raw_noncoding(2874.00) offset(273.00) 
81886	81927	initial+	1	3	{Augustus_model.g2674.t1;Augustus}
81928	81985	INTRON			{GlimmerHMM_glimmerT_3230-T1;GlimmerHMM},{GeneMark_model.3441_t;GeneMark},{Augustus_model.g2674.t1;Augustus}
81986	85186	internal+	1	3	{GeneMark_model.3441_t;GeneMark}
85187	85261	INTRON			{GeneMark_model.3441_t;GeneMark},{Augustus_model.g2674.t1;Augustus}
85262	85630	internal+	1	3	{GeneMark_model.3441_t;GeneMark},{Augustus_model.g2674.t1;Augustus}
85631	85694	INTRON			{GlimmerHMM_glimmerT_3230-T1;GlimmerHMM},{GeneMark_model.3441_t;GeneMark},{Augustus_model.g2674.t1;Augustus}
85695	85803	internal+	1	1	{GlimmerHMM_glimmerT_3230-T1;GlimmerHMM},{GeneMark_model.3441_t;GeneMark},{Augustus_model.g2674.t1;Augustus}
85804	85984	INTRON			{GlimmerHMM_glimmerT_3230-T1;GlimmerHMM},{GeneMark_model.3441_t;GeneMark},{Augustus_model.g2674.t1;Augustus}
85985	86379	terminal+	2	3	{GlimmerHMM_glimmerT_3230-T1;GlimmerHMM},{GeneMark_model.3441_t;GeneMark},{Augustus_model.g2674.t1;Augustus}

# EVM prediction: Mode:STANDARD S-ratio: 2.37 87752-88559 orient(+) score(3705.00) noncoding_equivalent(1565.44) raw_noncoding(2425.00) offset(859.56) 
87752	87754	initial+	1	3	{Augustus_model.g2675.t1;Augustus},{GeneMark_model.3442_t;GeneMark}
87755	88111	INTRON			{Augustus_model.g2675.t1;Augustus},{GeneMark_model.3442_t;GeneMark}
88112	88185	internal+	1	2	{Augustus_model.g2675.t1;Augustus},{GeneMark_model.3442_t;GeneMark}
88186	88250	INTRON			{Augustus_model.g2675.t1;Augustus},{GeneMark_model.3442_t;GeneMark},{ev_type:exonerate/ID=match.2566964.2977/Target=lcl|LCTV02000006_1_prot_PRQ74584_1_6569;exonerate},{ev_type:exonerate/ID=match.2566964.2976/Target=lcl|NW_017264934_1_prot_XP_018270867_1_3834;exonerate},{ev_type:exonerate/ID=match.2566964.2975/Target=lcl|BJWK01000009_1_prot_GEM09924_1_3941;exonerate},{ev_type:exonerate/ID=match.2566964.2970/Target=lcl|KQ954465_1_prot_KWU47139_1_561;exonerate}
88251	88281	internal+	3	3	{Augustus_model.g2675.t1;Augustus},{GeneMark_model.3442_t;GeneMark},{ev_type:exonerate/ID=match.2566964.2977/Target=lcl|LCTV02000006_1_prot_PRQ74584_1_6569;exonerate},{ev_type:exonerate/ID=match.2566964.2976/Target=lcl|NW_017264934_1_prot_XP_018270867_1_3834;exonerate},{ev_type:exonerate/ID=match.2566964.2975/Target=lcl|BJWK01000009_1_prot_GEM09924_1_3941;exonerate},{ev_type:exonerate/ID=match.2566964.2970/Target=lcl|KQ954465_1_prot_KWU47139_1_561;exonerate}
88282	88350	INTRON			{Augustus_model.g2675.t1;Augustus},{GeneMark_model.3442_t;GeneMark},{GlimmerHMM_glimmerT_3231-T1;GlimmerHMM},{ev_type:exonerate/ID=match.2566964.2977/Target=lcl|LCTV02000006_1_prot_PRQ74584_1_6569;exonerate},{ev_type:exonerate/ID=match.2566964.2976/Target=lcl|NW_017264934_1_prot_XP_018270867_1_3834;exonerate},{ev_type:exonerate/ID=match.2566964.2975/Target=lcl|BJWK01000009_1_prot_GEM09924_1_3941;exonerate},{ev_type:exonerate/ID=match.2566964.2970/Target=lcl|KQ954465_1_prot_KWU47139_1_561;exonerate}
88351	88468	internal+	1	1	{Augustus_model.g2675.t1;Augustus},{GeneMark_model.3442_t;GeneMark},{GlimmerHMM_glimmerT_3231-T1;GlimmerHMM},{ev_type:exonerate/ID=match.2566964.2977/Target=lcl|LCTV02000006_1_prot_PRQ74584_1_6569;exonerate},{ev_type:exonerate/ID=match.2566964.2976/Target=lcl|NW_017264934_1_prot_XP_018270867_1_3834;exonerate},{ev_type:exonerate/ID=match.2566964.2975/Target=lcl|BJWK01000009_1_prot_GEM09924_1_3941;exonerate},{ev_type:exonerate/ID=match.2566964.2970/Target=lcl|KQ954465_1_prot_KWU47139_1_561;exonerate}
88469	88533	INTRON			{Augustus_model.g2675.t1;Augustus},{GeneMark_model.3442_t;GeneMark},{GlimmerHMM_glimmerT_3231-T1;GlimmerHMM},{ev_type:exonerate/ID=match.2566964.2977/Target=lcl|LCTV02000006_1_prot_PRQ74584_1_6569;exonerate},{ev_type:exonerate/ID=match.2566964.2976/Target=lcl|NW_017264934_1_prot_XP_018270867_1_3834;exonerate},{ev_type:exonerate/ID=match.2566964.2975/Target=lcl|BJWK01000009_1_prot_GEM09924_1_3941;exonerate},{ev_type:exonerate/ID=match.2566964.2970/Target=lcl|KQ954465_1_prot_KWU47139_1_561;exonerate}
88534	88559	terminal+	2	3	{Augustus_model.g2675.t1;Augustus},{GeneMark_model.3442_t;GeneMark},{GlimmerHMM_glimmerT_3231-T1;GlimmerHMM}

# EVM prediction: Mode:STANDARD S-ratio: 3.65 88863-90992 orient(+) score(6785.00) noncoding_equivalent(1856.49) raw_noncoding(2193.41) offset(336.93) 
88863	89462	initial+	1	3	{GeneMark_model.3443_t;GeneMark},{Augustus_model.g2676.t1;Augustus}
89463	89552	INTRON			{GeneMark_model.3443_t;GeneMark},{Augustus_model.g2676.t1;Augustus}
89553	90030	internal+	1	1	{GeneMark_model.3443_t;GeneMark},{Augustus_model.g2676.t1;Augustus}
90031	90096	INTRON			{GlimmerHMM_glimmerT_3232-T1;GlimmerHMM},{GeneMark_model.3443_t;GeneMark},{Augustus_model.g2676.t1;Augustus}
90097	90487	internal+	2	2	{GlimmerHMM_glimmerT_3232-T1;GlimmerHMM},{GeneMark_model.3443_t;GeneMark},{Augustus_model.g2676.t1;Augustus}
90488	90561	INTRON			{GeneMark_model.3443_t;GeneMark},{Augustus_model.g2676.t1;Augustus}
90562	90623	internal+	3	1	{GeneMark_model.3443_t;GeneMark},{Augustus_model.g2676.t1;Augustus}
90624	90684	INTRON			{GeneMark_model.3443_t;GeneMark},{Augustus_model.g2676.t1;Augustus}
90685	90992	terminal+	2	3	{GeneMark_model.3443_t;GeneMark}

# EVM prediction: Mode:STANDARD S-ratio: 6.97 91374-98378 orient(+) score(25270.00) noncoding_equivalent(3626.96) raw_noncoding(3915.00) offset(288.04) 
91374	93813	initial+	1	1	{GlimmerHMM_glimmerT_3233-T1;GlimmerHMM},{GeneMark_model.3444_t;GeneMark}
93814	93871	INTRON			{GlimmerHMM_glimmerT_3233-T1;GlimmerHMM},{GeneMark_model.3444_t;GeneMark},{Augustus_model.g2676.t1;Augustus}
93872	95489	internal+	2	2	{GlimmerHMM_glimmerT_3233-T1;GlimmerHMM}
95490	95548	INTRON			{GlimmerHMM_glimmerT_3233-T1;GlimmerHMM},{GeneMark_model.3444_t;GeneMark},{Augustus_model.g2676.t1;Augustus}
95549	95976	internal+	3	1	{GlimmerHMM_glimmerT_3233-T1;GlimmerHMM},{GeneMark_model.3444_t;GeneMark},{Augustus_model.g2676.t1;Augustus}
95977	96049	INTRON			{GlimmerHMM_glimmerT_3233-T1;GlimmerHMM},{GeneMark_model.3444_t;GeneMark},{Augustus_model.g2676.t1;Augustus}
96050	96293	internal+	2	2	{GlimmerHMM_glimmerT_3233-T1;GlimmerHMM},{GeneMark_model.3444_t;GeneMark},{Augustus_model.g2676.t1;Augustus}
96294	96357	INTRON			{GlimmerHMM_glimmerT_3233-T1;GlimmerHMM},{GeneMark_model.3444_t;GeneMark},{Augustus_model.g2676.t1;Augustus}
96358	96624	internal+	3	2	{GlimmerHMM_glimmerT_3233-T1;GlimmerHMM},{GeneMark_model.3444_t;GeneMark},{Augustus_model.g2676.t1;Augustus}
96625	96685	INTRON			{GlimmerHMM_glimmerT_3233-T1;GlimmerHMM},{GeneMark_model.3444_t;GeneMark},{Augustus_model.g2676.t1;Augustus}
96686	97883	internal+	3	3	{GlimmerHMM_glimmerT_3233-T1;GlimmerHMM},{GeneMark_model.3444_t;GeneMark}
97884	97949	INTRON			{GlimmerHMM_glimmerT_3233-T1;GlimmerHMM},{GeneMark_model.3444_t;GeneMark},{Augustus_model.g2676.t1;Augustus}
97950	98282	internal+	1	3	{GlimmerHMM_glimmerT_3233-T1;GlimmerHMM},{GeneMark_model.3444_t;GeneMark},{Augustus_model.g2676.t1;Augustus}
98283	98357	INTRON			{GlimmerHMM_glimmerT_3233-T1;GlimmerHMM},{GeneMark_model.3444_t;GeneMark},{Augustus_model.g2676.t1;Augustus}
98358	98378	terminal+	1	3	{GlimmerHMM_glimmerT_3233-T1;GlimmerHMM},{GeneMark_model.3444_t;GeneMark},{Augustus_model.g2676.t1;Augustus}

# EVM prediction: Mode:STANDARD S-ratio: 1.70 98563-99912 orient(-) score(3778.00) noncoding_equivalent(2216.52) raw_noncoding(2970.00) offset(753.48) 
98669	98563	terminal-	5	6	{GlimmerHMM_glimmerT_3234-T1;GlimmerHMM},{Augustus_model.g2677.t1;Augustus},{GeneMark_model.3445_t;GeneMark}
98750	98670	INTRON			{GlimmerHMM_glimmerT_3234-T1;GlimmerHMM},{Augustus_model.g2677.t1;Augustus},{GeneMark_model.3445_t;GeneMark}
98837	98751	internal-	5	4	{GlimmerHMM_glimmerT_3234-T1;GlimmerHMM},{Augustus_model.g2677.t1;Augustus},{GeneMark_model.3445_t;GeneMark}
98929	98838	INTRON			{GlimmerHMM_glimmerT_3234-T1;GlimmerHMM},{Augustus_model.g2677.t1;Augustus},{GeneMark_model.3445_t;GeneMark}
99040	98930	internal-	5	4	{Augustus_model.g2677.t1;Augustus},{GeneMark_model.3445_t;GeneMark}
99118	99041	INTRON			{Augustus_model.g2677.t1;Augustus},{GeneMark_model.3445_t;GeneMark}
99162	99119	internal-	6	4	{Augustus_model.g2677.t1;Augustus},{GeneMark_model.3445_t;GeneMark}
99238	99163	INTRON			{Augustus_model.g2677.t1;Augustus},{GeneMark_model.3445_t;GeneMark}
99340	99239	internal-	6	5	{GlimmerHMM_glimmerT_3234-T1;GlimmerHMM},{Augustus_model.g2677.t1;Augustus},{GeneMark_model.3445_t;GeneMark}
99414	99341	INTRON			{GlimmerHMM_glimmerT_3234-T1;GlimmerHMM},{Augustus_model.g2677.t1;Augustus},{GeneMark_model.3445_t;GeneMark}
99522	99415	internal-	6	5	{GlimmerHMM_glimmerT_3234-T1;GlimmerHMM},{Augustus_model.g2677.t1;Augustus},{GeneMark_model.3445_t;GeneMark}
99582	99523	INTRON			{GlimmerHMM_glimmerT_3234-T1;GlimmerHMM},{Augustus_model.g2677.t1;Augustus},{GeneMark_model.3445_t;GeneMark}
99659	99583	internal-	4	5	{Augustus_model.g2677.t1;Augustus},{GeneMark_model.3445_t;GeneMark}
99726	99660	INTRON			{Augustus_model.g2677.t1;Augustus},{GeneMark_model.3445_t;GeneMark}
99912	99727	initial-	4	6	{GlimmerHMM_glimmerT_3234-T1;GlimmerHMM},{Augustus_model.g2677.t1;Augustus},{GeneMark_model.3445_t;GeneMark}

