!! Predictions spanning range 2204 - 143853 [R1]
# EVM prediction: Mode:STANDARD S-ratio: 2.17 2204-4758 orient(+) score(7107.00) noncoding_equivalent(3271.54) raw_noncoding(4560.71) offset(1289.17) 
2204	2295	initial+	1	2	{GlimmerHMM_glimmerT_4636-T1;GlimmerHMM},{GeneMark_model.4954_t;GeneMark}
2296	2484	INTRON			{GeneMark_model.4954_t;GeneMark}
2485	2501	internal+	3	1	{GeneMark_model.4954_t;GeneMark}
2502	2556	INTRON			{GeneMark_model.4954_t;GeneMark}
2557	2891	internal+	2	3	{GeneMark_model.4954_t;GeneMark},{Augustus_model.g3916.t1;Augustus}
2892	2954	INTRON			{GeneMark_model.4954_t;GeneMark},{Augustus_model.g3916.t1;Augustus}
2955	3269	internal+	1	3	{GeneMark_model.4954_t;GeneMark},{Augustus_model.g3916.t1;Augustus}
3270	3338	INTRON			{GlimmerHMM_glimmerT_4636-T1;GlimmerHMM},{GeneMark_model.4954_t;GeneMark},{Augustus_model.g3916.t1;Augustus}
3339	3424	internal+	1	2	{GlimmerHMM_glimmerT_4636-T1;GlimmerHMM},{GeneMark_model.4954_t;GeneMark},{Augustus_model.g3916.t1;Augustus}
3425	3486	INTRON			{GlimmerHMM_glimmerT_4636-T1;GlimmerHMM},{GeneMark_model.4954_t;GeneMark},{Augustus_model.g3916.t1;Augustus}
3487	3996	internal+	3	2	{GlimmerHMM_glimmerT_4636-T1;GlimmerHMM},{GeneMark_model.4954_t;GeneMark},{Augustus_model.g3916.t1;Augustus}
3997	4066	INTRON			{GlimmerHMM_glimmerT_4636-T1;GlimmerHMM},{GeneMark_model.4954_t;GeneMark},{Augustus_model.g3916.t1;Augustus}
4067	4374	internal+	3	1	{GlimmerHMM_glimmerT_4636-T1;GlimmerHMM},{GeneMark_model.4954_t;GeneMark},{Augustus_model.g3916.t1;Augustus}
4375	4441	INTRON			{GlimmerHMM_glimmerT_4636-T1;GlimmerHMM},{GeneMark_model.4954_t;GeneMark},{Augustus_model.g3916.t1;Augustus}
4442	4458	internal+	2	3	{GlimmerHMM_glimmerT_4636-T1;GlimmerHMM},{GeneMark_model.4954_t;GeneMark},{Augustus_model.g3916.t1;Augustus}
4459	4521	INTRON			{GlimmerHMM_glimmerT_4636-T1;GlimmerHMM},{GeneMark_model.4954_t;GeneMark},{Augustus_model.g3916.t1;Augustus}
4522	4607	internal+	1	2	{GlimmerHMM_glimmerT_4636-T1;GlimmerHMM},{GeneMark_model.4954_t;GeneMark},{Augustus_model.g3916.t1;Augustus}
4608	4676	INTRON			{GeneMark_model.4954_t;GeneMark},{Augustus_model.g3916.t1;Augustus}
4677	4758	terminal+	3	3	{GeneMark_model.4954_t;GeneMark},{Augustus_model.g3916.t1;Augustus}

# EVM prediction: Mode:STANDARD S-ratio: 3.09 5051-10663 orient(+) score(17726.00) noncoding_equivalent(5744.41) raw_noncoding(8052.06) offset(2307.65) 
5051	7704	initial+	1	2	{GeneMark_model.4955_t;GeneMark}
7705	8246	INTRON			{GlimmerHMM_glimmerT_4636-T1;GlimmerHMM},{GeneMark_model.4955_t;GeneMark}
8247	8439	internal+	3	3	{GlimmerHMM_glimmerT_4636-T1;GlimmerHMM},{GeneMark_model.4955_t;GeneMark},{Augustus_model.g3918.t1;Augustus}
8440	8514	INTRON			{GlimmerHMM_glimmerT_4636-T1;GlimmerHMM},{GeneMark_model.4955_t;GeneMark},{Augustus_model.g3918.t1;Augustus}
8515	8660	internal+	1	2	{GlimmerHMM_glimmerT_4636-T1;GlimmerHMM},{GeneMark_model.4955_t;GeneMark},{Augustus_model.g3918.t1;Augustus}
8661	8716	INTRON			{GlimmerHMM_glimmerT_4636-T1;GlimmerHMM},{GeneMark_model.4955_t;GeneMark},{Augustus_model.g3918.t1;Augustus}
8717	8854	internal+	3	2	{GlimmerHMM_glimmerT_4636-T1;GlimmerHMM},{GeneMark_model.4955_t;GeneMark},{Augustus_model.g3918.t1;Augustus}
8855	8913	INTRON			{GlimmerHMM_glimmerT_4636-T1;GlimmerHMM},{GeneMark_model.4955_t;GeneMark},{Augustus_model.g3918.t1;Augustus}
8914	8976	internal+	3	2	{GlimmerHMM_glimmerT_4636-T1;GlimmerHMM},{GeneMark_model.4955_t;GeneMark},{Augustus_model.g3918.t1;Augustus}
8977	9076	INTRON			{GlimmerHMM_glimmerT_4636-T1;GlimmerHMM},{GeneMark_model.4955_t;GeneMark},{Augustus_model.g3918.t1;Augustus}
9077	9229	internal+	3	2	{GlimmerHMM_glimmerT_4636-T1;GlimmerHMM},{GeneMark_model.4955_t;GeneMark},{Augustus_model.g3918.t1;Augustus}
9230	9329	INTRON			{GlimmerHMM_glimmerT_4636-T1;GlimmerHMM},{GeneMark_model.4955_t;GeneMark},{Augustus_model.g3918.t1;Augustus}
9330	9455	internal+	3	2	{GlimmerHMM_glimmerT_4636-T1;GlimmerHMM},{GeneMark_model.4955_t;GeneMark},{Augustus_model.g3918.t1;Augustus}
9456	9588	INTRON			{GlimmerHMM_glimmerT_4636-T1;GlimmerHMM},{GeneMark_model.4955_t;GeneMark},{Augustus_model.g3918.t1;Augustus}
9589	9998	internal+	3	1	{GlimmerHMM_glimmerT_4636-T1;GlimmerHMM},{GeneMark_model.4955_t;GeneMark},{Augustus_model.g3918.t1;Augustus}
9999	10071	INTRON			{GeneMark_model.4955_t;GeneMark},{Augustus_model.g3918.t1;Augustus}
10072	10145	internal+	2	3	{GeneMark_model.4955_t;GeneMark},{Augustus_model.g3918.t1;Augustus}
10146	10232	INTRON			{GeneMark_model.4955_t;GeneMark},{Augustus_model.g3918.t1;Augustus}
10233	10249	internal+	1	2	{GeneMark_model.4955_t;GeneMark},{Augustus_model.g3918.t1;Augustus}
10250	10337	INTRON			{GeneMark_model.4955_t;GeneMark},{Augustus_model.g3918.t1;Augustus}
10338	10398	internal+	3	3	{GeneMark_model.4955_t;GeneMark},{Augustus_model.g3918.t1;Augustus}
10399	10490	INTRON			{GeneMark_model.4955_t;GeneMark},{Augustus_model.g3918.t1;Augustus}
10491	10529	internal+	1	3	{GeneMark_model.4955_t;GeneMark},{Augustus_model.g3918.t1;Augustus}
10530	10606	INTRON			{GeneMark_model.4955_t;GeneMark},{Augustus_model.g3918.t1;Augustus}
10607	10663	terminal+	1	3	{GeneMark_model.4955_t;GeneMark},{Augustus_model.g3918.t1;Augustus}

# EVM prediction: Mode:STANDARD S-ratio: 1.87 10977-14461 orient(+) score(9264.00) noncoding_equivalent(4951.44) raw_noncoding(6313.45) offset(1362.01) 
10977	11042	initial+	1	3	{Augustus_model.g3919.t1;Augustus},{GeneMark_model.4956_t;GeneMark}
11043	11119	INTRON			{Augustus_model.g3919.t1;Augustus},{GeneMark_model.4956_t;GeneMark}
11120	11192	internal+	1	1	{Augustus_model.g3919.t1;Augustus},{GeneMark_model.4956_t;GeneMark}
11193	11259	INTRON			{Augustus_model.g3919.t1;Augustus},{GeneMark_model.4956_t;GeneMark}
11260	11870	internal+	2	3	{GlimmerHMM_glimmerT_4636-T1;GlimmerHMM},{Augustus_model.g3919.t1;Augustus},{GeneMark_model.4956_t;GeneMark}
11871	11930	INTRON			{GlimmerHMM_glimmerT_4636-T1;GlimmerHMM},{Augustus_model.g3919.t1;Augustus},{GeneMark_model.4956_t;GeneMark}
11931	12137	internal+	1	3	{Augustus_model.g3919.t1;Augustus},{GeneMark_model.4956_t;GeneMark}
12138	12201	INTRON			{Augustus_model.g3919.t1;Augustus},{GeneMark_model.4956_t;GeneMark}
12202	12249	internal+	1	3	{GeneMark_model.4956_t;GeneMark}
12250	12309	INTRON			{GeneMark_model.4956_t;GeneMark}
12310	12386	internal+	1	2	{GeneMark_model.4956_t;GeneMark}
12387	12444	INTRON			{GeneMark_model.4956_t;GeneMark}
12445	12568	internal+	3	3	{GlimmerHMM_glimmerT_4636-T1;GlimmerHMM},{Augustus_model.g3919.t1;Augustus},{GeneMark_model.4956_t;GeneMark}
12569	12630	INTRON			{Augustus_model.g3919.t1;Augustus},{GeneMark_model.4956_t;GeneMark}
12631	12747	internal+	1	3	{Augustus_model.g3919.t1;Augustus},{GeneMark_model.4956_t;GeneMark}
12748	12805	INTRON			{Augustus_model.g3919.t1;Augustus},{GeneMark_model.4956_t;GeneMark}
12806	12983	internal+	1	1	{Augustus_model.g3919.t1;Augustus},{GeneMark_model.4956_t;GeneMark}
12984	13040	INTRON			{Augustus_model.g3919.t1;Augustus},{GeneMark_model.4956_t;GeneMark}
13041	13111	internal+	2	3	{Augustus_model.g3919.t1;Augustus},{GeneMark_model.4956_t;GeneMark}
13112	13180	INTRON			{Augustus_model.g3919.t1;Augustus},{GeneMark_model.4956_t;GeneMark}
13181	13353	internal+	1	2	{GlimmerHMM_glimmerT_4636-T1;GlimmerHMM},{Augustus_model.g3919.t1;Augustus},{GeneMark_model.4956_t;GeneMark}
13354	13423	INTRON			{GlimmerHMM_glimmerT_4636-T1;GlimmerHMM},{snap_scaffold_11-snap.221-T1;snap},{Augustus_model.g3919.t1;Augustus},{GeneMark_model.4956_t;GeneMark}
13424	13612	internal+	3	2	{GlimmerHMM_glimmerT_4636-T1;GlimmerHMM},{Augustus_model.g3919.t1;Augustus},{GeneMark_model.4956_t;GeneMark}
13613	13674	INTRON			{GlimmerHMM_glimmerT_4636-T1;GlimmerHMM},{Augustus_model.g3919.t1;Augustus},{GeneMark_model.4956_t;GeneMark}
13675	14461	terminal+	3	3	{GlimmerHMM_glimmerT_4636-T1;GlimmerHMM},{Augustus_model.g3919.t1;Augustus},{GeneMark_model.4956_t;GeneMark}

# EVM prediction: Mode:STANDARD S-ratio: 5.36 14558-18535 orient(-) score(17906.00) noncoding_equivalent(3341.27) raw_noncoding(3867.00) offset(525.73) 
15127	14558	terminal-	4	6	{Augustus_model.g3920.t1;Augustus},{snap_scaffold_11-snap.222-T1;snap},{GlimmerHMM_glimmerT_4637-T1;GlimmerHMM},{GeneMark_model.4957_t;GeneMark}
15194	15128	INTRON			{Augustus_model.g3920.t1;Augustus},{snap_scaffold_11-snap.222-T1;snap},{GlimmerHMM_glimmerT_4637-T1;GlimmerHMM},{GeneMark_model.4957_t;GeneMark}
15380	15195	internal-	4	6	{Augustus_model.g3920.t1;Augustus},{GlimmerHMM_glimmerT_4637-T1;GlimmerHMM},{GeneMark_model.4957_t;GeneMark},{ev_type:exonerate/ID=match.2566964.3860/Target=lcl|PJQD01000005_1_prot_POY76348_1_4783;exonerate}
15465	15381	INTRON			{Augustus_model.g3920.t1;Augustus},{GlimmerHMM_glimmerT_4637-T1;GlimmerHMM},{GeneMark_model.4957_t;GeneMark},{ev_type:exonerate/ID=match.2566964.3860/Target=lcl|PJQD01000005_1_prot_POY76348_1_4783;exonerate}
16379	15466	internal-	5	6	{Augustus_model.g3920.t1;Augustus},{GlimmerHMM_glimmerT_4637-T1;GlimmerHMM},{GeneMark_model.4957_t;GeneMark},{ev_type:exonerate/ID=match.2566964.3860/Target=lcl|PJQD01000005_1_prot_POY76348_1_4783;exonerate}
16451	16380	INTRON			{Augustus_model.g3920.t1;Augustus},{GlimmerHMM_glimmerT_4637-T1;GlimmerHMM},{GeneMark_model.4957_t;GeneMark},{ev_type:exonerate/ID=match.2566964.3860/Target=lcl|PJQD01000005_1_prot_POY76348_1_4783;exonerate}
16881	16452	internal-	4	4	{Augustus_model.g3920.t1;Augustus},{GlimmerHMM_glimmerT_4637-T1;GlimmerHMM},{GeneMark_model.4957_t;GeneMark},{ev_type:exonerate/ID=match.2566964.3860/Target=lcl|PJQD01000005_1_prot_POY76348_1_4783;exonerate}
16951	16882	INTRON			{Augustus_model.g3920.t1;Augustus},{GlimmerHMM_glimmerT_4637-T1;GlimmerHMM},{GeneMark_model.4957_t;GeneMark},{ev_type:exonerate/ID=match.2566964.3860/Target=lcl|PJQD01000005_1_prot_POY76348_1_4783;exonerate}
17413	16952	internal-	4	6	{Augustus_model.g3920.t1;Augustus},{GlimmerHMM_glimmerT_4637-T1;GlimmerHMM},{GeneMark_model.4957_t;GeneMark},{ev_type:exonerate/ID=match.2566964.3860/Target=lcl|PJQD01000005_1_prot_POY76348_1_4783;exonerate}
17486	17414	INTRON			{Augustus_model.g3920.t1;Augustus},{GlimmerHMM_glimmerT_4637-T1;GlimmerHMM},{GeneMark_model.4957_t;GeneMark},{ev_type:exonerate/ID=match.2566964.3860/Target=lcl|PJQD01000005_1_prot_POY76348_1_4783;exonerate}
17639	17487	internal-	4	6	{Augustus_model.g3920.t1;Augustus},{GlimmerHMM_glimmerT_4637-T1;GlimmerHMM},{GeneMark_model.4957_t;GeneMark}
17708	17640	INTRON			{Augustus_model.g3920.t1;Augustus},{GlimmerHMM_glimmerT_4637-T1;GlimmerHMM},{GeneMark_model.4957_t;GeneMark}
17878	17709	internal-	5	6	{Augustus_model.g3920.t1;Augustus},{GlimmerHMM_glimmerT_4637-T1;GlimmerHMM},{GeneMark_model.4957_t;GeneMark}
17955	17879	INTRON			{Augustus_model.g3920.t1;Augustus},{GlimmerHMM_glimmerT_4637-T1;GlimmerHMM},{GeneMark_model.4957_t;GeneMark},{ev_type:exonerate/ID=match.2566964.3860/Target=lcl|PJQD01000005_1_prot_POY76348_1_4783;exonerate}
18146	17956	internal-	6	4	{Augustus_model.g3920.t1;Augustus},{GlimmerHMM_glimmerT_4637-T1;GlimmerHMM},{GeneMark_model.4957_t;GeneMark},{ev_type:exonerate/ID=match.2566964.3860/Target=lcl|PJQD01000005_1_prot_POY76348_1_4783;exonerate}
18333	18147	INTRON			{Augustus_model.g3920.t1;Augustus},{GlimmerHMM_glimmerT_4637-T1;GlimmerHMM},{GeneMark_model.4957_t;GeneMark},{ev_type:exonerate/ID=match.2566964.3860/Target=lcl|PJQD01000005_1_prot_POY76348_1_4783;exonerate}
18448	18334	internal-	5	5	{Augustus_model.g3920.t1;Augustus},{GlimmerHMM_glimmerT_4637-T1;GlimmerHMM},{GeneMark_model.4957_t;GeneMark},{ev_type:exonerate/ID=match.2566964.3860/Target=lcl|PJQD01000005_1_prot_POY76348_1_4783;exonerate}
18516	18449	INTRON			{Augustus_model.g3920.t1;Augustus},{GlimmerHMM_glimmerT_4637-T1;GlimmerHMM},{GeneMark_model.4957_t;GeneMark},{ev_type:exonerate/ID=match.2566964.3860/Target=lcl|PJQD01000005_1_prot_POY76348_1_4783;exonerate}
18535	18517	initial-	4	4	{Augustus_model.g3920.t1;Augustus},{GlimmerHMM_glimmerT_4637-T1;GlimmerHMM},{GeneMark_model.4957_t;GeneMark}

# EVM prediction: Mode:STANDARD S-ratio: 2.92 18890-20556 orient(-) score(9759.00) noncoding_equivalent(3346.51) raw_noncoding(4255.51) offset(909.00) 
19154	18890	terminal-	6	6	{GeneMark_model.4958_t;GeneMark},{GlimmerHMM_glimmerT_4638-T1;GlimmerHMM},{HiQ_model.g3921.t1;HiQ}
19233	19155	INTRON			{GeneMark_model.4958_t;GeneMark},{GlimmerHMM_glimmerT_4638-T1;GlimmerHMM},{HiQ_model.g3921.t1;HiQ},{ev_type:exonerate/ID=match.2566964.3913/Target=lcl|LCTV02000003_1_prot_PRQ76001_1_4655;exonerate},{ev_type:exonerate/ID=match.2566964.3908/Target=lcl|KQ954474_1_prot_KWU45029_1_2491;exonerate}
19547	19234	internal-	4	5	{GeneMark_model.4958_t;GeneMark},{GlimmerHMM_glimmerT_4638-T1;GlimmerHMM},{HiQ_model.g3921.t1;HiQ},{ev_type:exonerate/ID=match.2566964.3913/Target=lcl|LCTV02000003_1_prot_PRQ76001_1_4655;exonerate},{ev_type:exonerate/ID=match.2566964.3908/Target=lcl|KQ954474_1_prot_KWU45029_1_2491;exonerate}
19617	19548	INTRON			{GeneMark_model.4958_t;GeneMark},{GlimmerHMM_glimmerT_4638-T1;GlimmerHMM},{HiQ_model.g3921.t1;HiQ},{ev_type:exonerate/ID=match.2566964.3913/Target=lcl|LCTV02000003_1_prot_PRQ76001_1_4655;exonerate},{ev_type:exonerate/ID=match.2566964.3908/Target=lcl|KQ954474_1_prot_KWU45029_1_2491;exonerate}
20036	19618	internal-	5	6	{GeneMark_model.4958_t;GeneMark},{GlimmerHMM_glimmerT_4638-T1;GlimmerHMM},{HiQ_model.g3921.t1;HiQ},{ev_type:exonerate/ID=match.2566964.3913/Target=lcl|LCTV02000003_1_prot_PRQ76001_1_4655;exonerate},{ev_type:exonerate/ID=match.2566964.3908/Target=lcl|KQ954474_1_prot_KWU45029_1_2491;exonerate}
20281	20037	INTRON			{GeneMark_model.4958_t;GeneMark},{GlimmerHMM_glimmerT_4638-T1;GlimmerHMM},{HiQ_model.g3921.t1;HiQ},{ev_type:exonerate/ID=match.2566964.3913/Target=lcl|LCTV02000003_1_prot_PRQ76001_1_4655;exonerate},{ev_type:exonerate/ID=match.2566964.3908/Target=lcl|KQ954474_1_prot_KWU45029_1_2491;exonerate}
20323	20282	internal-	5	4	{GeneMark_model.4958_t;GeneMark},{GlimmerHMM_glimmerT_4638-T1;GlimmerHMM},{HiQ_model.g3921.t1;HiQ},{ev_type:exonerate/ID=match.2566964.3913/Target=lcl|LCTV02000003_1_prot_PRQ76001_1_4655;exonerate},{ev_type:exonerate/ID=match.2566964.3908/Target=lcl|KQ954474_1_prot_KWU45029_1_2491;exonerate}
20393	20324	INTRON			{GeneMark_model.4958_t;GeneMark},{GlimmerHMM_glimmerT_4638-T1;GlimmerHMM},{HiQ_model.g3921.t1;HiQ},{ev_type:exonerate/ID=match.2566964.3913/Target=lcl|LCTV02000003_1_prot_PRQ76001_1_4655;exonerate},{ev_type:exonerate/ID=match.2566964.3908/Target=lcl|KQ954474_1_prot_KWU45029_1_2491;exonerate}
20556	20394	initial-	4	4	{GeneMark_model.4958_t;GeneMark},{GlimmerHMM_glimmerT_4638-T1;GlimmerHMM},{HiQ_model.g3921.t1;HiQ}

# EVM prediction: Mode:STANDARD S-ratio: 4.61 20682-21460 orient(+) score(2663.00) noncoding_equivalent(577.94) raw_noncoding(647.12) offset(69.18) 
20682	21000	initial+	1	1	{Augustus_model.g3922.t1;Augustus},{GlimmerHMM_glimmerT_4639-T1;GlimmerHMM}
21001	21065	INTRON			{GeneMark_model.4959_t;GeneMark},{Augustus_model.g3922.t1;Augustus},{GlimmerHMM_glimmerT_4639-T1;GlimmerHMM}
21066	21460	terminal+	2	3	{snap_scaffold_11-snap.225-T1;snap},{GeneMark_model.4959_t;GeneMark},{Augustus_model.g3922.t1;Augustus},{GlimmerHMM_glimmerT_4639-T1;GlimmerHMM}

# EVM prediction: Mode:STANDARD S-ratio: 4.04 21712-25834 orient(-) score(14372.00) noncoding_equivalent(3560.58) raw_noncoding(4270.00) offset(709.42) 
21834	21712	terminal-	4	6	{Augustus_model.g3923.t1;Augustus},{GeneMark_model.4960_t;GeneMark},{GlimmerHMM_glimmerT_4640-T1;GlimmerHMM}
21917	21835	INTRON			{Augustus_model.g3923.t1;Augustus},{GeneMark_model.4960_t;GeneMark},{GlimmerHMM_glimmerT_4640-T1;GlimmerHMM}
22031	21918	internal-	4	6	{Augustus_model.g3923.t1;Augustus},{GeneMark_model.4960_t;GeneMark},{GlimmerHMM_glimmerT_4640-T1;GlimmerHMM}
22125	22032	INTRON			{Augustus_model.g3923.t1;Augustus},{GeneMark_model.4960_t;GeneMark},{GlimmerHMM_glimmerT_4640-T1;GlimmerHMM}
23035	22126	internal-	6	6	{Augustus_model.g3923.t1;Augustus},{GeneMark_model.4960_t;GeneMark},{GlimmerHMM_glimmerT_4640-T1;GlimmerHMM}
23112	23036	INTRON			{Augustus_model.g3923.t1;Augustus},{GeneMark_model.4960_t;GeneMark},{GlimmerHMM_glimmerT_4640-T1;GlimmerHMM}
24051	23113	internal-	6	5	{Augustus_model.g3923.t1;Augustus},{GeneMark_model.4960_t;GeneMark},{GlimmerHMM_glimmerT_4640-T1;GlimmerHMM}
24119	24052	INTRON			{Augustus_model.g3923.t1;Augustus},{GeneMark_model.4960_t;GeneMark},{GlimmerHMM_glimmerT_4640-T1;GlimmerHMM}
24399	24120	internal-	5	5	{Augustus_model.g3923.t1;Augustus},{GeneMark_model.4960_t;GeneMark},{GlimmerHMM_glimmerT_4640-T1;GlimmerHMM}
24468	24400	INTRON			{Augustus_model.g3923.t1;Augustus},{GeneMark_model.4960_t;GeneMark},{GlimmerHMM_glimmerT_4640-T1;GlimmerHMM}
24749	24469	internal-	6	4	{Augustus_model.g3923.t1;Augustus},{GeneMark_model.4960_t;GeneMark},{GlimmerHMM_glimmerT_4640-T1;GlimmerHMM}
24854	24750	INTRON			{Augustus_model.g3923.t1;Augustus},{GeneMark_model.4960_t;GeneMark},{GlimmerHMM_glimmerT_4640-T1;GlimmerHMM}
25187	24855	internal-	6	5	{Augustus_model.g3923.t1;Augustus},{GeneMark_model.4960_t;GeneMark},{GlimmerHMM_glimmerT_4640-T1;GlimmerHMM}
25264	25188	INTRON			{Augustus_model.g3923.t1;Augustus},{GeneMark_model.4960_t;GeneMark},{GlimmerHMM_glimmerT_4640-T1;GlimmerHMM}
25367	25265	internal-	5	5	{Augustus_model.g3923.t1;Augustus},{GeneMark_model.4960_t;GeneMark},{GlimmerHMM_glimmerT_4640-T1;GlimmerHMM}
25445	25368	INTRON			{Augustus_model.g3923.t1;Augustus},{GeneMark_model.4960_t;GeneMark},{GlimmerHMM_glimmerT_4640-T1;GlimmerHMM}
25621	25446	internal-	6	4	{Augustus_model.g3923.t1;Augustus},{GeneMark_model.4960_t;GeneMark},{GlimmerHMM_glimmerT_4640-T1;GlimmerHMM}
25709	25622	INTRON			{Augustus_model.g3923.t1;Augustus},{GeneMark_model.4960_t;GeneMark},{GlimmerHMM_glimmerT_4640-T1;GlimmerHMM}
25834	25710	initial-	4	5	{Augustus_model.g3923.t1;Augustus},{GeneMark_model.4960_t;GeneMark},{GlimmerHMM_glimmerT_4640-T1;GlimmerHMM}

# EVM prediction: Mode:STANDARD S-ratio: 2.55 26564-27884 orient(-) score(4220.00) noncoding_equivalent(1655.04) raw_noncoding(1873.00) offset(217.96) 
26948	26564	terminal-	6	6	{Augustus_model.g3924.t1;Augustus},{GeneMark_model.4961_t;GeneMark},{GlimmerHMM_glimmerT_4641-T1;GlimmerHMM}
27037	26949	INTRON			{Augustus_model.g3924.t1;Augustus},{GeneMark_model.4961_t;GeneMark},{GlimmerHMM_glimmerT_4641-T1;GlimmerHMM}
27294	27038	internal-	4	5	{Augustus_model.g3924.t1;Augustus},{GeneMark_model.4961_t;GeneMark},{GlimmerHMM_glimmerT_4641-T1;GlimmerHMM}
27364	27295	INTRON			{Augustus_model.g3924.t1;Augustus},{GeneMark_model.4961_t;GeneMark},{GlimmerHMM_glimmerT_4641-T1;GlimmerHMM}
27436	27365	internal-	4	6	{Augustus_model.g3924.t1;Augustus},{GeneMark_model.4961_t;GeneMark},{GlimmerHMM_glimmerT_4641-T1;GlimmerHMM}
27517	27437	INTRON			{Augustus_model.g3924.t1;Augustus},{GeneMark_model.4961_t;GeneMark},{GlimmerHMM_glimmerT_4641-T1;GlimmerHMM}
27724	27518	internal-	4	6	{Augustus_model.g3924.t1;Augustus},{GeneMark_model.4961_t;GeneMark},{GlimmerHMM_glimmerT_4641-T1;GlimmerHMM}
27788	27725	INTRON			{Augustus_model.g3924.t1;Augustus},{GeneMark_model.4961_t;GeneMark},{GlimmerHMM_glimmerT_4641-T1;GlimmerHMM}
27884	27789	initial-	4	6	{Augustus_model.g3924.t1;Augustus},{GeneMark_model.4961_t;GeneMark},{GlimmerHMM_glimmerT_4641-T1;GlimmerHMM}

# EVM prediction: Mode:STANDARD S-ratio: 2.02 28135-29882 orient(+) score(4563.00) noncoding_equivalent(2257.27) raw_noncoding(2874.00) offset(616.73) 
28135	28473	initial+	1	3	{Augustus_model.g3925.t1;Augustus},{GeneMark_model.4962_t;GeneMark},{GlimmerHMM_glimmerT_4642-T1;GlimmerHMM}
28474	28728	INTRON			{Augustus_model.g3925.t1;Augustus},{GlimmerHMM_glimmerT_4642-T1;GlimmerHMM}
28729	29054	internal+	1	2	{GeneMark_model.4962_t;GeneMark}
29055	29140	INTRON			{GeneMark_model.4962_t;GeneMark}
29141	29882	terminal+	3	3	{GeneMark_model.4962_t;GeneMark},{GlimmerHMM_glimmerT_4642-T1;GlimmerHMM}

# EVM prediction: Mode:STANDARD S-ratio: 2.44 30870-31930 orient(-) score(2877.00) noncoding_equivalent(1178.76) raw_noncoding(1801.42) offset(622.67) 
30959	30870	terminal-	4	6	{GeneMark_model.4963_t;GeneMark}
31053	30960	INTRON			{GeneMark_model.4963_t;GeneMark}
31505	31054	internal-	5	6	{GlimmerHMM_glimmerT_4643-T1;GlimmerHMM}
31579	31506	INTRON			{GeneMark_model.4963_t;GeneMark},{Augustus_model.g3926.t1;Augustus}
31638	31580	internal-	6	4	{GeneMark_model.4963_t;GeneMark},{Augustus_model.g3926.t1;Augustus}
31708	31639	INTRON			{GeneMark_model.4963_t;GeneMark},{Augustus_model.g3926.t1;Augustus}
31787	31709	internal-	5	5	{GeneMark_model.4963_t;GeneMark},{Augustus_model.g3926.t1;Augustus}
31863	31788	INTRON			{GeneMark_model.4963_t;GeneMark},{Augustus_model.g3926.t1;Augustus}
31930	31864	initial-	4	4	{GeneMark_model.4963_t;GeneMark},{Augustus_model.g3926.t1;Augustus},{GlimmerHMM_glimmerT_4643-T1;GlimmerHMM}

# EVM prediction: Mode:STANDARD S-ratio: 3.67 32177-33248 orient(+) score(3827.00) noncoding_equivalent(1042.49) raw_noncoding(1351.00) offset(308.51) 
32177	32179	initial+	1	3	{GlimmerHMM_glimmerT_4644-T1;GlimmerHMM},{GeneMark_model.4964_t;GeneMark},{Augustus_model.g3927.t1;Augustus}
32180	32296	INTRON			{GlimmerHMM_glimmerT_4644-T1;GlimmerHMM},{GeneMark_model.4964_t;GeneMark},{Augustus_model.g3927.t1;Augustus}
32297	32387	internal+	1	1	{GlimmerHMM_glimmerT_4644-T1;GlimmerHMM},{GeneMark_model.4964_t;GeneMark},{Augustus_model.g3927.t1;Augustus}
32388	32480	INTRON			{GlimmerHMM_glimmerT_4644-T1;GlimmerHMM},{GeneMark_model.4964_t;GeneMark},{Augustus_model.g3927.t1;Augustus}
32481	32559	internal+	2	2	{GlimmerHMM_glimmerT_4644-T1;GlimmerHMM},{GeneMark_model.4964_t;GeneMark},{Augustus_model.g3927.t1;Augustus}
32560	32647	INTRON			{GlimmerHMM_glimmerT_4644-T1;GlimmerHMM},{GeneMark_model.4964_t;GeneMark},{Augustus_model.g3927.t1;Augustus}
32648	33248	terminal+	3	3	{GlimmerHMM_glimmerT_4644-T1;GlimmerHMM},{snap_scaffold_11-snap.231-T1;snap},{GeneMark_model.4964_t;GeneMark},{Augustus_model.g3927.t1;Augustus}

# EVM prediction: Mode:STANDARD S-ratio: 2.50 33530-34023 orient(-) score(2467.00) noncoding_equivalent(988.00) raw_noncoding(1484.00) offset(496.00) 
33565	33530	terminal-	4	6	{GlimmerHMM_glimmerT_4645-T1;GlimmerHMM},{GeneMark_model.4965_t;GeneMark},{HiQ_model.g3928.t1;HiQ}
33635	33566	INTRON			{GlimmerHMM_glimmerT_4645-T1;GlimmerHMM},{GeneMark_model.4965_t;GeneMark},{HiQ_model.g3928.t1;HiQ},{ev_type:exonerate/ID=match.2566964.3940/Target=lcl|KQ954474_1_prot_KWU45020_1_2482;exonerate}
33703	33636	internal-	5	6	{GlimmerHMM_glimmerT_4645-T1;GlimmerHMM},{GeneMark_model.4965_t;GeneMark},{HiQ_model.g3928.t1;HiQ},{ev_type:exonerate/ID=match.2566964.3940/Target=lcl|KQ954474_1_prot_KWU45020_1_2482;exonerate}
33781	33704	INTRON			{GlimmerHMM_glimmerT_4645-T1;GlimmerHMM},{GeneMark_model.4965_t;GeneMark},{HiQ_model.g3928.t1;HiQ},{ev_type:exonerate/ID=match.2566964.3940/Target=lcl|KQ954474_1_prot_KWU45020_1_2482;exonerate}
33883	33782	internal-	5	4	{GlimmerHMM_glimmerT_4645-T1;GlimmerHMM},{GeneMark_model.4965_t;GeneMark},{HiQ_model.g3928.t1;HiQ},{ev_type:exonerate/ID=match.2566964.3940/Target=lcl|KQ954474_1_prot_KWU45020_1_2482;exonerate}
33983	33884	INTRON			{GlimmerHMM_glimmerT_4645-T1;GlimmerHMM},{GeneMark_model.4965_t;GeneMark},{HiQ_model.g3928.t1;HiQ},{ev_type:exonerate/ID=match.2566964.3940/Target=lcl|KQ954474_1_prot_KWU45020_1_2482;exonerate}
34023	33984	initial-	4	4	{GlimmerHMM_glimmerT_4645-T1;GlimmerHMM},{GeneMark_model.4965_t;GeneMark},{HiQ_model.g3928.t1;HiQ}

# EVM prediction: Mode:STANDARD S-ratio: 4.49 34248-36259 orient(+) score(6914.00) noncoding_equivalent(1540.60) raw_noncoding(1880.00) offset(339.40) 
34248	34348	initial+	1	2	{GlimmerHMM_glimmerT_4646-T1;GlimmerHMM},{GeneMark_model.4966_t;GeneMark}
34349	34413	INTRON			{GlimmerHMM_glimmerT_4646-T1;GlimmerHMM},{GeneMark_model.4966_t;GeneMark}
34414	34531	internal+	3	3	{GlimmerHMM_glimmerT_4646-T1;GlimmerHMM},{Augustus_model.g3929.t1;Augustus},{GeneMark_model.4966_t;GeneMark}
34532	34607	INTRON			{GlimmerHMM_glimmerT_4646-T1;GlimmerHMM},{Augustus_model.g3929.t1;Augustus},{GeneMark_model.4966_t;GeneMark}
34608	35039	internal+	1	3	{GlimmerHMM_glimmerT_4646-T1;GlimmerHMM},{Augustus_model.g3929.t1;Augustus},{GeneMark_model.4966_t;GeneMark}
35040	35103	INTRON			{GlimmerHMM_glimmerT_4646-T1;GlimmerHMM},{Augustus_model.g3929.t1;Augustus},{GeneMark_model.4966_t;GeneMark}
35104	36109	internal+	1	1	{GlimmerHMM_glimmerT_4646-T1;GlimmerHMM},{Augustus_model.g3929.t1;Augustus},{GeneMark_model.4966_t;GeneMark}
36110	36179	INTRON			{GlimmerHMM_glimmerT_4646-T1;GlimmerHMM},{Augustus_model.g3929.t1;Augustus},{GeneMark_model.4966_t;GeneMark}
36180	36259	terminal+	2	3	{GlimmerHMM_glimmerT_4646-T1;GlimmerHMM},{Augustus_model.g3929.t1;Augustus},{GeneMark_model.4966_t;GeneMark}

# EVM prediction: Mode:STANDARD S-ratio: 5.23 36489-39435 orient(-) score(24456.00) noncoding_equivalent(4674.87) raw_noncoding(5593.10) offset(918.23) 
36681	36489	terminal-	6	6	{HiQ_model.g3930.t1;HiQ},{GeneMark_model.4967_t;GeneMark},{GlimmerHMM_glimmerT_4647-T1;GlimmerHMM}
36756	36682	INTRON			{HiQ_model.g3930.t1;HiQ},{GeneMark_model.4967_t;GeneMark},{GlimmerHMM_glimmerT_4647-T1;GlimmerHMM},{ev_type:exonerate/ID=match.2566964.1257/Target=lcl|BJWK01000021_1_prot_GEM12431_1_6448;exonerate},{ev_type:exonerate/ID=match.2566964.1259/Target=lcl|NW_017264936_1_prot_XP_018270091_1_4828;exonerate},{ev_type:exonerate/ID=match.2566964.1258/Target=lcl|KQ954558_1_prot_KWU41114_1_6517;exonerate},{ev_type:exonerate/ID=match.2566964.1256/Target=lcl|PJQD01000005_1_prot_POY76361_1_4796;exonerate}
36814	36757	internal-	5	5	{HiQ_model.g3930.t1;HiQ},{GeneMark_model.4967_t;GeneMark},{GlimmerHMM_glimmerT_4647-T1;GlimmerHMM},{ev_type:exonerate/ID=match.2566964.1257/Target=lcl|BJWK01000021_1_prot_GEM12431_1_6448;exonerate},{ev_type:exonerate/ID=match.2566964.1259/Target=lcl|NW_017264936_1_prot_XP_018270091_1_4828;exonerate},{ev_type:exonerate/ID=match.2566964.1258/Target=lcl|KQ954558_1_prot_KWU41114_1_6517;exonerate},{ev_type:exonerate/ID=match.2566964.1256/Target=lcl|PJQD01000005_1_prot_POY76361_1_4796;exonerate}
36879	36815	INTRON			{HiQ_model.g3930.t1;HiQ},{GeneMark_model.4967_t;GeneMark},{GlimmerHMM_glimmerT_4647-T1;GlimmerHMM},{ev_type:exonerate/ID=match.2566964.1257/Target=lcl|BJWK01000021_1_prot_GEM12431_1_6448;exonerate},{ev_type:exonerate/ID=match.2566964.1259/Target=lcl|NW_017264936_1_prot_XP_018270091_1_4828;exonerate},{ev_type:exonerate/ID=match.2566964.1258/Target=lcl|KQ954558_1_prot_KWU41114_1_6517;exonerate},{ev_type:exonerate/ID=match.2566964.1256/Target=lcl|PJQD01000005_1_prot_POY76361_1_4796;exonerate}
37076	36880	internal-	6	4	{HiQ_model.g3930.t1;HiQ},{GeneMark_model.4967_t;GeneMark},{GlimmerHMM_glimmerT_4647-T1;GlimmerHMM},{ev_type:exonerate/ID=match.2566964.1257/Target=lcl|BJWK01000021_1_prot_GEM12431_1_6448;exonerate},{ev_type:exonerate/ID=match.2566964.1259/Target=lcl|NW_017264936_1_prot_XP_018270091_1_4828;exonerate},{ev_type:exonerate/ID=match.2566964.1258/Target=lcl|KQ954558_1_prot_KWU41114_1_6517;exonerate},{ev_type:exonerate/ID=match.2566964.1256/Target=lcl|PJQD01000005_1_prot_POY76361_1_4796;exonerate}
37159	37077	INTRON			{HiQ_model.g3930.t1;HiQ},{GeneMark_model.4967_t;GeneMark},{GlimmerHMM_glimmerT_4647-T1;GlimmerHMM},{ev_type:exonerate/ID=match.2566964.1257/Target=lcl|BJWK01000021_1_prot_GEM12431_1_6448;exonerate},{ev_type:exonerate/ID=match.2566964.1259/Target=lcl|NW_017264936_1_prot_XP_018270091_1_4828;exonerate},{ev_type:exonerate/ID=match.2566964.1258/Target=lcl|KQ954558_1_prot_KWU41114_1_6517;exonerate},{ev_type:exonerate/ID=match.2566964.1256/Target=lcl|PJQD01000005_1_prot_POY76361_1_4796;exonerate}
37265	37160	internal-	5	5	{HiQ_model.g3930.t1;HiQ},{GeneMark_model.4967_t;GeneMark},{GlimmerHMM_glimmerT_4647-T1;GlimmerHMM},{ev_type:exonerate/ID=match.2566964.1257/Target=lcl|BJWK01000021_1_prot_GEM12431_1_6448;exonerate},{ev_type:exonerate/ID=match.2566964.1259/Target=lcl|NW_017264936_1_prot_XP_018270091_1_4828;exonerate},{ev_type:exonerate/ID=match.2566964.1258/Target=lcl|KQ954558_1_prot_KWU41114_1_6517;exonerate},{ev_type:exonerate/ID=match.2566964.1256/Target=lcl|PJQD01000005_1_prot_POY76361_1_4796;exonerate}
37340	37266	INTRON			{HiQ_model.g3930.t1;HiQ},{GeneMark_model.4967_t;GeneMark},{GlimmerHMM_glimmerT_4647-T1;GlimmerHMM},{ev_type:exonerate/ID=match.2566964.1257/Target=lcl|BJWK01000021_1_prot_GEM12431_1_6448;exonerate},{ev_type:exonerate/ID=match.2566964.1259/Target=lcl|NW_017264936_1_prot_XP_018270091_1_4828;exonerate},{ev_type:exonerate/ID=match.2566964.1258/Target=lcl|KQ954558_1_prot_KWU41114_1_6517;exonerate},{ev_type:exonerate/ID=match.2566964.1256/Target=lcl|PJQD01000005_1_prot_POY76361_1_4796;exonerate}
37589	37341	internal-	5	4	{HiQ_model.g3930.t1;HiQ},{GeneMark_model.4967_t;GeneMark},{GlimmerHMM_glimmerT_4647-T1;GlimmerHMM},{ev_type:exonerate/ID=match.2566964.1257/Target=lcl|BJWK01000021_1_prot_GEM12431_1_6448;exonerate},{ev_type:exonerate/ID=match.2566964.1259/Target=lcl|NW_017264936_1_prot_XP_018270091_1_4828;exonerate},{ev_type:exonerate/ID=match.2566964.1258/Target=lcl|KQ954558_1_prot_KWU41114_1_6517;exonerate},{ev_type:exonerate/ID=match.2566964.1256/Target=lcl|PJQD01000005_1_prot_POY76361_1_4796;exonerate}
37668	37590	INTRON			{HiQ_model.g3930.t1;HiQ},{GeneMark_model.4967_t;GeneMark},{GlimmerHMM_glimmerT_4647-T1;GlimmerHMM},{ev_type:exonerate/ID=match.2566964.1257/Target=lcl|BJWK01000021_1_prot_GEM12431_1_6448;exonerate},{ev_type:exonerate/ID=match.2566964.1259/Target=lcl|NW_017264936_1_prot_XP_018270091_1_4828;exonerate},{ev_type:exonerate/ID=match.2566964.1258/Target=lcl|KQ954558_1_prot_KWU41114_1_6517;exonerate},{ev_type:exonerate/ID=match.2566964.1256/Target=lcl|PJQD01000005_1_prot_POY76361_1_4796;exonerate}
38366	37669	internal-	6	4	{HiQ_model.g3930.t1;HiQ},{GeneMark_model.4967_t;GeneMark},{GlimmerHMM_glimmerT_4647-T1;GlimmerHMM},{ev_type:exonerate/ID=match.2566964.1257/Target=lcl|BJWK01000021_1_prot_GEM12431_1_6448;exonerate},{ev_type:exonerate/ID=match.2566964.1259/Target=lcl|NW_017264936_1_prot_XP_018270091_1_4828;exonerate},{ev_type:exonerate/ID=match.2566964.1258/Target=lcl|KQ954558_1_prot_KWU41114_1_6517;exonerate},{ev_type:exonerate/ID=match.2566964.1256/Target=lcl|PJQD01000005_1_prot_POY76361_1_4796;exonerate}
38422	38367	INTRON			{HiQ_model.g3930.t1;HiQ},{GeneMark_model.4967_t;GeneMark},{GlimmerHMM_glimmerT_4647-T1;GlimmerHMM},{ev_type:exonerate/ID=match.2566964.1257/Target=lcl|BJWK01000021_1_prot_GEM12431_1_6448;exonerate},{ev_type:exonerate/ID=match.2566964.1259/Target=lcl|NW_017264936_1_prot_XP_018270091_1_4828;exonerate},{ev_type:exonerate/ID=match.2566964.1258/Target=lcl|KQ954558_1_prot_KWU41114_1_6517;exonerate},{ev_type:exonerate/ID=match.2566964.1256/Target=lcl|PJQD01000005_1_prot_POY76361_1_4796;exonerate}
38881	38423	internal-	6	5	{HiQ_model.g3930.t1;HiQ},{GeneMark_model.4967_t;GeneMark},{GlimmerHMM_glimmerT_4647-T1;GlimmerHMM},{ev_type:exonerate/ID=match.2566964.1257/Target=lcl|BJWK01000021_1_prot_GEM12431_1_6448;exonerate},{ev_type:exonerate/ID=match.2566964.1259/Target=lcl|NW_017264936_1_prot_XP_018270091_1_4828;exonerate},{ev_type:exonerate/ID=match.2566964.1258/Target=lcl|KQ954558_1_prot_KWU41114_1_6517;exonerate},{ev_type:exonerate/ID=match.2566964.1256/Target=lcl|PJQD01000005_1_prot_POY76361_1_4796;exonerate}
38947	38882	INTRON			{HiQ_model.g3930.t1;HiQ},{GeneMark_model.4967_t;GeneMark},{GlimmerHMM_glimmerT_4647-T1;GlimmerHMM},{ev_type:exonerate/ID=match.2566964.1257/Target=lcl|BJWK01000021_1_prot_GEM12431_1_6448;exonerate},{ev_type:exonerate/ID=match.2566964.1259/Target=lcl|NW_017264936_1_prot_XP_018270091_1_4828;exonerate},{ev_type:exonerate/ID=match.2566964.1258/Target=lcl|KQ954558_1_prot_KWU41114_1_6517;exonerate},{ev_type:exonerate/ID=match.2566964.1256/Target=lcl|PJQD01000005_1_prot_POY76361_1_4796;exonerate}
39123	38948	internal-	4	5	{HiQ_model.g3930.t1;HiQ},{GeneMark_model.4967_t;GeneMark},{GlimmerHMM_glimmerT_4647-T1;GlimmerHMM},{ev_type:exonerate/ID=match.2566964.1257/Target=lcl|BJWK01000021_1_prot_GEM12431_1_6448;exonerate},{ev_type:exonerate/ID=match.2566964.1259/Target=lcl|NW_017264936_1_prot_XP_018270091_1_4828;exonerate},{ev_type:exonerate/ID=match.2566964.1258/Target=lcl|KQ954558_1_prot_KWU41114_1_6517;exonerate},{ev_type:exonerate/ID=match.2566964.1256/Target=lcl|PJQD01000005_1_prot_POY76361_1_4796;exonerate}
39219	39124	INTRON			{HiQ_model.g3930.t1;HiQ},{GeneMark_model.4967_t;GeneMark},{GlimmerHMM_glimmerT_4647-T1;GlimmerHMM},{ev_type:exonerate/ID=match.2566964.1257/Target=lcl|BJWK01000021_1_prot_GEM12431_1_6448;exonerate},{ev_type:exonerate/ID=match.2566964.1259/Target=lcl|NW_017264936_1_prot_XP_018270091_1_4828;exonerate},{ev_type:exonerate/ID=match.2566964.1258/Target=lcl|KQ954558_1_prot_KWU41114_1_6517;exonerate},{ev_type:exonerate/ID=match.2566964.1256/Target=lcl|PJQD01000005_1_prot_POY76361_1_4796;exonerate}
39435	39220	initial-	4	6	{HiQ_model.g3930.t1;HiQ},{GeneMark_model.4967_t;GeneMark}

# EVM prediction: Mode:STANDARD S-ratio: 1.94 39777-41815 orient(-) score(5986.00) noncoding_equivalent(3092.55) raw_noncoding(3985.34) offset(892.79) 
39779	39777	terminal-	4	6	{GeneMark_model.4968_t;GeneMark}
39868	39780	INTRON			{GeneMark_model.4968_t;GeneMark}
39903	39869	internal-	5	6	{GeneMark_model.4968_t;GeneMark}
39999	39904	INTRON			{GeneMark_model.4968_t;GeneMark},{GlimmerHMM_glimmerT_4647-T1;GlimmerHMM}
40456	40000	internal-	4	4	{GeneMark_model.4968_t;GeneMark},{GlimmerHMM_glimmerT_4647-T1;GlimmerHMM}
40529	40457	INTRON			{Augustus_model.g3931.t1;Augustus},{GeneMark_model.4968_t;GeneMark},{GlimmerHMM_glimmerT_4647-T1;GlimmerHMM}
40626	40530	internal-	6	6	{Augustus_model.g3931.t1;Augustus},{GeneMark_model.4968_t;GeneMark},{GlimmerHMM_glimmerT_4647-T1;GlimmerHMM}
40713	40627	INTRON			{Augustus_model.g3931.t1;Augustus},{GeneMark_model.4968_t;GeneMark},{GlimmerHMM_glimmerT_4647-T1;GlimmerHMM}
40993	40714	internal-	5	5	{Augustus_model.g3931.t1;Augustus},{GeneMark_model.4968_t;GeneMark},{GlimmerHMM_glimmerT_4647-T1;GlimmerHMM}
41087	40994	INTRON			{Augustus_model.g3931.t1;Augustus},{GeneMark_model.4968_t;GeneMark},{GlimmerHMM_glimmerT_4647-T1;GlimmerHMM}
41255	41088	internal-	5	4	{Augustus_model.g3931.t1;Augustus},{GeneMark_model.4968_t;GeneMark},{GlimmerHMM_glimmerT_4647-T1;GlimmerHMM}
41387	41256	INTRON			{Augustus_model.g3931.t1;Augustus},{GeneMark_model.4968_t;GeneMark},{GlimmerHMM_glimmerT_4647-T1;GlimmerHMM}
41595	41388	internal-	4	4	{Augustus_model.g3931.t1;Augustus},{GeneMark_model.4968_t;GeneMark},{GlimmerHMM_glimmerT_4647-T1;GlimmerHMM}
41770	41596	INTRON			{Augustus_model.g3931.t1;Augustus},{GeneMark_model.4968_t;GeneMark},{GlimmerHMM_glimmerT_4647-T1;GlimmerHMM}
41815	41771	initial-	4	6	{Augustus_model.g3931.t1;Augustus},{GeneMark_model.4968_t;GeneMark},{GlimmerHMM_glimmerT_4647-T1;GlimmerHMM}

# EVM prediction: Mode:STANDARD S-ratio: 1.77 42014-42743 orient(+) score(2190.00) noncoding_equivalent(1234.23) raw_noncoding(1453.23) offset(219.00) 
42014	42034	initial+	1	3	{Augustus_model.g3932.t1;Augustus},{GeneMark_model.4969_t;GeneMark},{GlimmerHMM_glimmerT_4648-T1;GlimmerHMM}
42035	42092	INTRON			{Augustus_model.g3932.t1;Augustus},{GeneMark_model.4969_t;GeneMark},{GlimmerHMM_glimmerT_4648-T1;GlimmerHMM}
42093	42174	internal+	1	1	{Augustus_model.g3932.t1;Augustus},{GeneMark_model.4969_t;GeneMark},{GlimmerHMM_glimmerT_4648-T1;GlimmerHMM}
42175	42240	INTRON			{Augustus_model.g3932.t1;Augustus},{GeneMark_model.4969_t;GeneMark},{GlimmerHMM_glimmerT_4648-T1;GlimmerHMM}
42241	42329	internal+	2	3	{Augustus_model.g3932.t1;Augustus},{GeneMark_model.4969_t;GeneMark},{GlimmerHMM_glimmerT_4648-T1;GlimmerHMM}
42330	42388	INTRON			{Augustus_model.g3932.t1;Augustus},{GeneMark_model.4969_t;GeneMark},{GlimmerHMM_glimmerT_4648-T1;GlimmerHMM}
42389	42444	internal+	1	2	{Augustus_model.g3932.t1;Augustus},{GeneMark_model.4969_t;GeneMark},{GlimmerHMM_glimmerT_4648-T1;GlimmerHMM}
42445	42505	INTRON			{Augustus_model.g3932.t1;Augustus},{GeneMark_model.4969_t;GeneMark},{GlimmerHMM_glimmerT_4648-T1;GlimmerHMM}
42506	42743	terminal+	3	3	{Augustus_model.g3932.t1;Augustus},{GeneMark_model.4969_t;GeneMark},{GlimmerHMM_glimmerT_4648-T1;GlimmerHMM}

# EVM prediction: Mode:STANDARD S-ratio: 2.15 43182-46572 orient(-) score(9248.00) noncoding_equivalent(4298.12) raw_noncoding(6265.00) offset(1966.88) 
43236	43182	terminal-	6	6	{GeneMark_model.4970_t;GeneMark},{Augustus_model.g3933.t1;Augustus}
43305	43237	INTRON			{GeneMark_model.4970_t;GeneMark},{Augustus_model.g3933.t1;Augustus}
43376	43306	internal-	4	5	{GeneMark_model.4970_t;GeneMark},{Augustus_model.g3933.t1;Augustus}
43469	43377	INTRON			{GlimmerHMM_glimmerT_4649-T1;GlimmerHMM},{GeneMark_model.4970_t;GeneMark},{Augustus_model.g3933.t1;Augustus}
43898	43470	internal-	4	6	{GlimmerHMM_glimmerT_4649-T1;GlimmerHMM},{GeneMark_model.4970_t;GeneMark},{Augustus_model.g3933.t1;Augustus}
43968	43899	INTRON			{GlimmerHMM_glimmerT_4649-T1;GlimmerHMM},{GeneMark_model.4970_t;GeneMark},{Augustus_model.g3933.t1;Augustus}
44009	43969	internal-	5	6	{GlimmerHMM_glimmerT_4649-T1;GlimmerHMM},{GeneMark_model.4970_t;GeneMark},{Augustus_model.g3933.t1;Augustus}
44070	44010	INTRON			{GlimmerHMM_glimmerT_4649-T1;GlimmerHMM},{GeneMark_model.4970_t;GeneMark},{Augustus_model.g3933.t1;Augustus}
44280	44071	internal-	5	4	{GlimmerHMM_glimmerT_4649-T1;GlimmerHMM},{GeneMark_model.4970_t;GeneMark},{Augustus_model.g3933.t1;Augustus}
44349	44281	INTRON			{GlimmerHMM_glimmerT_4649-T1;GlimmerHMM},{GeneMark_model.4970_t;GeneMark},{Augustus_model.g3933.t1;Augustus}
44474	44350	internal-	6	4	{GeneMark_model.4970_t;GeneMark},{Augustus_model.g3933.t1;Augustus}
44531	44475	INTRON			{GeneMark_model.4970_t;GeneMark},{Augustus_model.g3933.t1;Augustus}
44596	44532	internal-	4	5	{GeneMark_model.4970_t;GeneMark},{Augustus_model.g3933.t1;Augustus}
44660	44597	INTRON			{GeneMark_model.4970_t;GeneMark},{Augustus_model.g3933.t1;Augustus}
44696	44661	internal-	4	6	{GeneMark_model.4970_t;GeneMark},{Augustus_model.g3933.t1;Augustus}
44873	44697	INTRON			{Augustus_model.g3933.t1;Augustus}
44878	44874	internal-	5	6	{Augustus_model.g3933.t1;Augustus}
44941	44879	INTRON			{GeneMark_model.4970_t;GeneMark},{Augustus_model.g3933.t1;Augustus}
44980	44942	internal-	5	4	{Augustus_model.g3933.t1;Augustus}
45046	44981	INTRON			{Augustus_model.g3933.t1;Augustus}
45278	45047	internal-	4	4	{Augustus_model.g3933.t1;Augustus}
45352	45279	INTRON			{GlimmerHMM_glimmerT_4650-T1;GlimmerHMM},{GeneMark_model.4970_t;GeneMark},{Augustus_model.g3933.t1;Augustus}
45954	45353	internal-	5	6	{GeneMark_model.4970_t;GeneMark}
46010	45955	INTRON			{GeneMark_model.4970_t;GeneMark}
46117	46011	internal-	6	4	{GeneMark_model.4970_t;GeneMark},{Augustus_model.g3933.t1;Augustus}
46176	46118	INTRON			{GeneMark_model.4970_t;GeneMark},{Augustus_model.g3933.t1;Augustus}
46291	46177	internal-	5	5	{GeneMark_model.4970_t;GeneMark}
46361	46292	INTRON			{GeneMark_model.4970_t;GeneMark}
46572	46362	initial-	4	4	{GlimmerHMM_glimmerT_4650-T1;GlimmerHMM},{GeneMark_model.4970_t;GeneMark},{Augustus_model.g3933.t1;Augustus}

# EVM prediction: Mode:STANDARD S-ratio: 2.49 46921-48863 orient(+) score(6279.00) noncoding_equivalent(2525.90) raw_noncoding(3110.27) offset(584.37) 
46921	47214	initial+	1	3	{GeneMark_model.4971_t;GeneMark},{Augustus_model.g3934.t1;Augustus}
47215	47270	INTRON			{GeneMark_model.4971_t;GeneMark},{GlimmerHMM_glimmerT_4651-T1;GlimmerHMM},{Augustus_model.g3934.t1;Augustus}
47271	47703	internal+	1	1	{GeneMark_model.4971_t;GeneMark},{GlimmerHMM_glimmerT_4651-T1;GlimmerHMM},{Augustus_model.g3934.t1;Augustus}
47704	47858	INTRON			{GeneMark_model.4971_t;GeneMark},{GlimmerHMM_glimmerT_4651-T1;GlimmerHMM},{Augustus_model.g3934.t1;Augustus}
47859	48005	internal+	2	1	{GeneMark_model.4971_t;GeneMark},{GlimmerHMM_glimmerT_4651-T1;GlimmerHMM},{Augustus_model.g3934.t1;Augustus}
48006	48092	INTRON			{GeneMark_model.4971_t;GeneMark},{GlimmerHMM_glimmerT_4651-T1;GlimmerHMM},{Augustus_model.g3934.t1;Augustus}
48093	48287	internal+	2	1	{GeneMark_model.4971_t;GeneMark},{GlimmerHMM_glimmerT_4651-T1;GlimmerHMM},{Augustus_model.g3934.t1;Augustus}
48288	48355	INTRON			{GeneMark_model.4971_t;GeneMark},{Augustus_model.g3934.t1;Augustus}
48356	48460	internal+	2	1	{GeneMark_model.4971_t;GeneMark},{Augustus_model.g3934.t1;Augustus}
48461	48540	INTRON			{GeneMark_model.4971_t;GeneMark},{Augustus_model.g3934.t1;Augustus},{ev_type:exonerate/ID=match.2566964.3932/Target=lcl|PJQD01000014_1_prot_POY75460_1_842;exonerate}
48541	48863	terminal+	2	3	{GeneMark_model.4971_t;GeneMark},{GlimmerHMM_glimmerT_4651-T1;GlimmerHMM},{Augustus_model.g3934.t1;Augustus}

# EVM prediction: Mode:STANDARD S-ratio: 2.36 49139-50479 orient(-) score(4171.00) noncoding_equivalent(1767.98) raw_noncoding(2256.00) offset(488.02) 
49394	49139	terminal-	6	6	{GlimmerHMM_glimmerT_4652-T1;GlimmerHMM},{Augustus_model.g3935.t1;Augustus},{snap_scaffold_11-snap.240-T1;snap},{GeneMark_model.4972_t;GeneMark}
49507	49395	INTRON			{GlimmerHMM_glimmerT_4652-T1;GlimmerHMM},{GeneMark_model.4972_t;GeneMark}
49673	49508	internal-	5	5	{GlimmerHMM_glimmerT_4652-T1;GlimmerHMM},{GeneMark_model.4972_t;GeneMark}
49738	49674	INTRON			{GlimmerHMM_glimmerT_4652-T1;GlimmerHMM},{Augustus_model.g3935.t1;Augustus},{GeneMark_model.4972_t;GeneMark}
50017	49739	internal-	5	4	{GlimmerHMM_glimmerT_4652-T1;GlimmerHMM},{Augustus_model.g3935.t1;Augustus},{GeneMark_model.4972_t;GeneMark}
50180	50018	INTRON			{GlimmerHMM_glimmerT_4652-T1;GlimmerHMM},{Augustus_model.g3935.t1;Augustus},{GeneMark_model.4972_t;GeneMark}
50355	50181	internal-	4	4	{GlimmerHMM_glimmerT_4652-T1;GlimmerHMM},{Augustus_model.g3935.t1;Augustus},{GeneMark_model.4972_t;GeneMark}
50422	50356	INTRON			{GlimmerHMM_glimmerT_4652-T1;GlimmerHMM},{Augustus_model.g3935.t1;Augustus},{GeneMark_model.4972_t;GeneMark}
50479	50423	initial-	4	6	{GlimmerHMM_glimmerT_4652-T1;GlimmerHMM},{Augustus_model.g3935.t1;Augustus},{GeneMark_model.4972_t;GeneMark}

# EVM prediction: Mode:STANDARD S-ratio: 3.40 51089-53038 orient(-) score(6330.00) noncoding_equivalent(1861.39) raw_noncoding(2370.00) offset(508.61) 
51835	51089	terminal-	4	6	{GeneMark_model.4973_t;GeneMark},{Augustus_model.g3936.t1;Augustus},{GlimmerHMM_glimmerT_4653-T1;GlimmerHMM}
51898	51836	INTRON			{GeneMark_model.4973_t;GeneMark},{Augustus_model.g3936.t1;Augustus},{GlimmerHMM_glimmerT_4653-T1;GlimmerHMM}
52158	51899	internal-	5	6	{GeneMark_model.4973_t;GeneMark},{Augustus_model.g3936.t1;Augustus},{GlimmerHMM_glimmerT_4653-T1;GlimmerHMM}
52228	52159	INTRON			{GeneMark_model.4973_t;GeneMark},{Augustus_model.g3936.t1;Augustus},{GlimmerHMM_glimmerT_4653-T1;GlimmerHMM}
52391	52229	internal-	4	4	{GeneMark_model.4973_t;GeneMark},{Augustus_model.g3936.t1;Augustus},{GlimmerHMM_glimmerT_4653-T1;GlimmerHMM}
52461	52392	INTRON			{GeneMark_model.4973_t;GeneMark},{Augustus_model.g3936.t1;Augustus},{GlimmerHMM_glimmerT_4653-T1;GlimmerHMM}
52745	52462	internal-	5	6	{GeneMark_model.4973_t;GeneMark},{Augustus_model.g3936.t1;Augustus}
52822	52746	INTRON			{GeneMark_model.4973_t;GeneMark},{Augustus_model.g3936.t1;Augustus}
52887	52823	internal-	6	4	{GeneMark_model.4973_t;GeneMark},{Augustus_model.g3936.t1;Augustus}
52958	52888	INTRON			{GeneMark_model.4973_t;GeneMark},{Augustus_model.g3936.t1;Augustus}
53038	52959	initial-	4	5	{GeneMark_model.4973_t;GeneMark},{Augustus_model.g3936.t1;Augustus},{GlimmerHMM_glimmerT_4653-T1;GlimmerHMM}

# EVM prediction: Mode:STANDARD S-ratio: 3.70 54052-55200 orient(-) score(3861.00) noncoding_equivalent(1043.23) raw_noncoding(1365.62) offset(322.39) 
54302	54052	terminal-	5	6	{GlimmerHMM_glimmerT_4654-T1;GlimmerHMM}
54392	54303	INTRON			{Augustus_model.g3937.t1;Augustus},{GlimmerHMM_glimmerT_4654-T1;GlimmerHMM},{GeneMark_model.4974_t;GeneMark}
54868	54393	internal-	6	4	{Augustus_model.g3937.t1;Augustus},{GlimmerHMM_glimmerT_4654-T1;GlimmerHMM},{GeneMark_model.4974_t;GeneMark}
55007	54869	INTRON			{GlimmerHMM_glimmerT_4654-T1;GlimmerHMM},{GeneMark_model.4974_t;GeneMark}
55056	55008	internal-	5	5	{GlimmerHMM_glimmerT_4654-T1;GlimmerHMM},{GeneMark_model.4974_t;GeneMark}
55127	55057	INTRON			{Augustus_model.g3937.t1;Augustus},{GlimmerHMM_glimmerT_4654-T1;GlimmerHMM},{GeneMark_model.4974_t;GeneMark}
55200	55128	initial-	4	4	{Augustus_model.g3937.t1;Augustus},{GlimmerHMM_glimmerT_4654-T1;GlimmerHMM},{GeneMark_model.4974_t;GeneMark}

# EVM prediction: Mode:STANDARD S-ratio: 2.26 55672-57455 orient(-) score(5315.00) noncoding_equivalent(2348.46) raw_noncoding(3750.48) offset(1402.02) 
55692	55672	terminal-	4	6	{Augustus_model.g3938.t1;Augustus},{GeneMark_model.4975_t;GeneMark}
55760	55693	INTRON			{Augustus_model.g3938.t1;Augustus},{GeneMark_model.4975_t;GeneMark}
55782	55761	internal-	6	6	{Augustus_model.g3938.t1;Augustus},{GeneMark_model.4975_t;GeneMark}
55918	55783	INTRON			{GeneMark_model.4975_t;GeneMark}
55936	55919	internal-	6	5	{GeneMark_model.4975_t;GeneMark}
56013	55937	INTRON			{Augustus_model.g3938.t1;Augustus},{GeneMark_model.4975_t;GeneMark}
56052	56014	internal-	6	5	{Augustus_model.g3938.t1;Augustus},{GeneMark_model.4975_t;GeneMark}
56116	56053	INTRON			{Augustus_model.g3938.t1;Augustus},{GeneMark_model.4975_t;GeneMark}
56143	56117	internal-	6	5	{Augustus_model.g3938.t1;Augustus},{GeneMark_model.4975_t;GeneMark}
56228	56144	INTRON			{Augustus_model.g3938.t1;Augustus},{GeneMark_model.4975_t;GeneMark}
56249	56229	internal-	6	5	{Augustus_model.g3938.t1;Augustus},{GeneMark_model.4975_t;GeneMark}
56331	56250	INTRON			{Augustus_model.g3938.t1;Augustus},{GeneMark_model.4975_t;GeneMark}
56661	56332	internal-	6	5	{GeneMark_model.4975_t;GeneMark}
56770	56662	INTRON			{Augustus_model.g3938.t1;Augustus},{GeneMark_model.4975_t;GeneMark}
56864	56771	internal-	5	5	{Augustus_model.g3938.t1;Augustus},{GeneMark_model.4975_t;GeneMark}
56941	56865	INTRON			{Augustus_model.g3938.t1;Augustus},{GeneMark_model.4975_t;GeneMark},{ev_type:exonerate/ID=match.2566964.3929/Target=lcl|LCTV02000016_1_prot_PRQ70150_1_3014;exonerate}
57017	56942	internal-	4	4	{Augustus_model.g3938.t1;Augustus},{GeneMark_model.4975_t;GeneMark},{ev_type:exonerate/ID=match.2566964.3929/Target=lcl|LCTV02000016_1_prot_PRQ70150_1_3014;exonerate}
57083	57018	INTRON			{Augustus_model.g3938.t1;Augustus},{GeneMark_model.4975_t;GeneMark},{GlimmerHMM_glimmerT_4655-T1;GlimmerHMM},{ev_type:exonerate/ID=match.2566964.3929/Target=lcl|LCTV02000016_1_prot_PRQ70150_1_3014;exonerate}
57455	57084	initial-	4	6	{Augustus_model.g3938.t1;Augustus},{GeneMark_model.4975_t;GeneMark},{GlimmerHMM_glimmerT_4655-T1;GlimmerHMM}

# EVM prediction: Mode:STANDARD S-ratio: 2.84 57763-60690 orient(+) score(9297.00) noncoding_equivalent(3268.32) raw_noncoding(4189.00) offset(920.68) 
57763	57883	initial+	1	1	{Augustus_model.g3939.t1;Augustus},{GeneMark_model.4976_t;GeneMark},{GlimmerHMM_glimmerT_4656-T1;GlimmerHMM}
57884	57955	INTRON			{Augustus_model.g3939.t1;Augustus},{GeneMark_model.4976_t;GeneMark}
57956	58012	internal+	2	1	{GeneMark_model.4976_t;GeneMark}
58013	58117	INTRON			{GeneMark_model.4976_t;GeneMark}
58118	58398	internal+	2	3	{Augustus_model.g3939.t1;Augustus},{GeneMark_model.4976_t;GeneMark},{GlimmerHMM_glimmerT_4656-T1;GlimmerHMM}
58399	58459	INTRON			{Augustus_model.g3939.t1;Augustus},{GeneMark_model.4976_t;GeneMark},{GlimmerHMM_glimmerT_4656-T1;GlimmerHMM}
58460	58640	internal+	1	1	{Augustus_model.g3939.t1;Augustus}
58641	58710	INTRON			{Augustus_model.g3939.t1;Augustus},{GeneMark_model.4976_t;GeneMark}
58711	59000	internal+	2	3	{Augustus_model.g3939.t1;Augustus},{GeneMark_model.4976_t;GeneMark}
59001	59066	INTRON			{Augustus_model.g3939.t1;Augustus},{GeneMark_model.4976_t;GeneMark}
59067	59314	internal+	1	2	{Augustus_model.g3939.t1;Augustus},{GeneMark_model.4976_t;GeneMark}
59315	59385	INTRON			{Augustus_model.g3939.t1;Augustus},{GeneMark_model.4976_t;GeneMark},{GlimmerHMM_glimmerT_4656-T1;GlimmerHMM}
59386	59466	internal+	3	2	{Augustus_model.g3939.t1;Augustus},{GeneMark_model.4976_t;GeneMark},{GlimmerHMM_glimmerT_4656-T1;GlimmerHMM}
59467	59550	INTRON			{Augustus_model.g3939.t1;Augustus},{GeneMark_model.4976_t;GeneMark},{GlimmerHMM_glimmerT_4656-T1;GlimmerHMM}
59551	59684	internal+	3	1	{Augustus_model.g3939.t1;Augustus},{GeneMark_model.4976_t;GeneMark},{GlimmerHMM_glimmerT_4656-T1;GlimmerHMM}
59685	59751	INTRON			{Augustus_model.g3939.t1;Augustus},{GeneMark_model.4976_t;GeneMark},{GlimmerHMM_glimmerT_4656-T1;GlimmerHMM}
59752	59824	internal+	2	2	{Augustus_model.g3939.t1;Augustus},{GeneMark_model.4976_t;GeneMark},{GlimmerHMM_glimmerT_4656-T1;GlimmerHMM}
59825	59892	INTRON			{Augustus_model.g3939.t1;Augustus},{GeneMark_model.4976_t;GeneMark},{GlimmerHMM_glimmerT_4656-T1;GlimmerHMM}
59893	60088	internal+	3	3	{Augustus_model.g3939.t1;Augustus},{GeneMark_model.4976_t;GeneMark},{GlimmerHMM_glimmerT_4656-T1;GlimmerHMM}
60089	60151	INTRON			{Augustus_model.g3939.t1;Augustus},{GeneMark_model.4976_t;GeneMark},{GlimmerHMM_glimmerT_4656-T1;GlimmerHMM}
60152	60251	internal+	1	1	{Augustus_model.g3939.t1;Augustus},{GeneMark_model.4976_t;GeneMark},{GlimmerHMM_glimmerT_4656-T1;GlimmerHMM}
60252	60320	INTRON			{Augustus_model.g3939.t1;Augustus},{GeneMark_model.4976_t;GeneMark},{GlimmerHMM_glimmerT_4656-T1;GlimmerHMM}
60321	60480	internal+	2	2	{Augustus_model.g3939.t1;Augustus},{GeneMark_model.4976_t;GeneMark},{GlimmerHMM_glimmerT_4656-T1;GlimmerHMM}
60481	60551	INTRON			{Augustus_model.g3939.t1;Augustus},{GeneMark_model.4976_t;GeneMark},{GlimmerHMM_glimmerT_4656-T1;GlimmerHMM}
60552	60690	terminal+	3	3	{Augustus_model.g3939.t1;Augustus},{GeneMark_model.4976_t;GeneMark},{GlimmerHMM_glimmerT_4656-T1;GlimmerHMM}

# EVM prediction: Mode:STANDARD S-ratio: 19.85 61115-63682 orient(-) score(9902.00) noncoding_equivalent(498.89) raw_noncoding(504.89) offset(6.00) 
62115	61115	terminal-	5	6	{Augustus_model.g3940.t1;Augustus}
62181	62116	INTRON			{GlimmerHMM_glimmerT_4657-T1;GlimmerHMM},{Augustus_model.g3940.t1;Augustus},{GeneMark_model.4977_t;GeneMark}
63682	62182	initial-	4	4	{GlimmerHMM_glimmerT_4657-T1;GlimmerHMM},{Augustus_model.g3940.t1;Augustus},{GeneMark_model.4977_t;GeneMark}

# EVM prediction: Mode:STANDARD S-ratio: 2.97 63853-68213 orient(+) score(14171.00) noncoding_equivalent(4778.07) raw_noncoding(5450.00) offset(671.93) 
63853	63958	initial+	1	1	{GlimmerHMM_glimmerT_4658-T1;GlimmerHMM},{GeneMark_model.4978_t;GeneMark},{Augustus_model.g3941.t1;Augustus}
63959	64037	INTRON			{GlimmerHMM_glimmerT_4658-T1;GlimmerHMM},{GeneMark_model.4978_t;GeneMark},{Augustus_model.g3941.t1;Augustus}
64038	64249	internal+	2	3	{GlimmerHMM_glimmerT_4658-T1;GlimmerHMM},{GeneMark_model.4978_t;GeneMark},{Augustus_model.g3941.t1;Augustus}
64250	64325	INTRON			{GlimmerHMM_glimmerT_4658-T1;GlimmerHMM},{GeneMark_model.4978_t;GeneMark},{Augustus_model.g3941.t1;Augustus}
64326	64580	internal+	1	3	{GlimmerHMM_glimmerT_4658-T1;GlimmerHMM},{GeneMark_model.4978_t;GeneMark},{Augustus_model.g3941.t1;Augustus}
64581	64640	INTRON			{GlimmerHMM_glimmerT_4658-T1;GlimmerHMM},{GeneMark_model.4978_t;GeneMark},{Augustus_model.g3941.t1;Augustus}
64641	64931	internal+	1	3	{GeneMark_model.4978_t;GeneMark},{Augustus_model.g3941.t1;Augustus}
64932	64994	INTRON			{GeneMark_model.4978_t;GeneMark},{Augustus_model.g3941.t1;Augustus}
64995	65122	internal+	1	2	{GeneMark_model.4978_t;GeneMark},{Augustus_model.g3941.t1;Augustus}
65123	65181	INTRON			{GlimmerHMM_glimmerT_4658-T1;GlimmerHMM},{GeneMark_model.4978_t;GeneMark},{Augustus_model.g3941.t1;Augustus}
65182	65770	internal+	3	3	{GlimmerHMM_glimmerT_4658-T1;GlimmerHMM},{Augustus_model.g3941.t1;Augustus}
65771	65834	INTRON			{GlimmerHMM_glimmerT_4658-T1;GlimmerHMM},{GeneMark_model.4978_t;GeneMark},{Augustus_model.g3941.t1;Augustus}
65835	65945	internal+	1	3	{GlimmerHMM_glimmerT_4658-T1;GlimmerHMM},{GeneMark_model.4978_t;GeneMark},{Augustus_model.g3941.t1;Augustus}
65946	66009	INTRON			{GlimmerHMM_glimmerT_4658-T1;GlimmerHMM},{GeneMark_model.4978_t;GeneMark},{Augustus_model.g3941.t1;Augustus}
66010	66075	internal+	1	3	{GlimmerHMM_glimmerT_4658-T1;GlimmerHMM},{GeneMark_model.4978_t;GeneMark},{Augustus_model.g3941.t1;Augustus}
66076	66139	INTRON			{GlimmerHMM_glimmerT_4658-T1;GlimmerHMM},{GeneMark_model.4978_t;GeneMark},{Augustus_model.g3941.t1;Augustus}
66140	66556	internal+	1	3	{GlimmerHMM_glimmerT_4658-T1;GlimmerHMM},{GeneMark_model.4978_t;GeneMark},{Augustus_model.g3941.t1;Augustus}
66557	66622	INTRON			{GlimmerHMM_glimmerT_4658-T1;GlimmerHMM},{GeneMark_model.4978_t;GeneMark},{Augustus_model.g3941.t1;Augustus}
66623	66914	internal+	1	1	{GlimmerHMM_glimmerT_4658-T1;GlimmerHMM},{GeneMark_model.4978_t;GeneMark},{Augustus_model.g3941.t1;Augustus}
66915	66977	INTRON			{GlimmerHMM_glimmerT_4658-T1;GlimmerHMM},{GeneMark_model.4978_t;GeneMark},{Augustus_model.g3941.t1;Augustus}
66978	67135	internal+	2	3	{GlimmerHMM_glimmerT_4658-T1;GlimmerHMM},{GeneMark_model.4978_t;GeneMark},{Augustus_model.g3941.t1;Augustus}
67136	67200	INTRON			{GlimmerHMM_glimmerT_4658-T1;GlimmerHMM},{GeneMark_model.4978_t;GeneMark},{Augustus_model.g3941.t1;Augustus}
67201	67464	internal+	1	3	{GlimmerHMM_glimmerT_4658-T1;GlimmerHMM},{GeneMark_model.4978_t;GeneMark},{Augustus_model.g3941.t1;Augustus}
67465	67522	INTRON			{GlimmerHMM_glimmerT_4658-T1;GlimmerHMM},{GeneMark_model.4978_t;GeneMark},{Augustus_model.g3941.t1;Augustus}
67523	67855	internal+	1	3	{GlimmerHMM_glimmerT_4658-T1;GlimmerHMM},{GeneMark_model.4978_t;GeneMark},{Augustus_model.g3941.t1;Augustus}
67856	67919	INTRON			{GlimmerHMM_glimmerT_4658-T1;GlimmerHMM},{GeneMark_model.4978_t;GeneMark},{Augustus_model.g3941.t1;Augustus}
67920	68061	internal+	1	1	{GeneMark_model.4978_t;GeneMark},{Augustus_model.g3941.t1;Augustus}
68062	68121	INTRON			{GeneMark_model.4978_t;GeneMark},{Augustus_model.g3941.t1;Augustus}
68122	68213	terminal+	2	3	{GeneMark_model.4978_t;GeneMark},{Augustus_model.g3941.t1;Augustus}

# EVM prediction: Mode:STANDARD S-ratio: 2.50 68706-69169 orient(+) score(1733.00) noncoding_equivalent(692.00) raw_noncoding(812.00) offset(120.00) 
68706	68897	initial+	1	3	{GlimmerHMM_glimmerT_4659-T1;GlimmerHMM},{GeneMark_model.4979_t;GeneMark},{Augustus_model.g3942.t1;Augustus}
68898	69013	INTRON			{GlimmerHMM_glimmerT_4659-T1;GlimmerHMM},{GeneMark_model.4979_t;GeneMark},{Augustus_model.g3942.t1;Augustus},{ev_type:exonerate/ID=match.2566964.3938/Target=lcl|KQ954502_1_prot_KWU42694_1_4927;exonerate}
69014	69169	terminal+	1	3	{GlimmerHMM_glimmerT_4659-T1;GlimmerHMM},{GeneMark_model.4979_t;GeneMark},{Augustus_model.g3942.t1;Augustus}

# EVM prediction: Mode:STANDARD S-ratio: 2.37 69652-70169 orient(+) score(1546.00) noncoding_equivalent(652.22) raw_noncoding(721.22) offset(69.00) 
69652	70015	initial+	1	1	{GeneMark_model.4980_t;GeneMark},{GlimmerHMM_glimmerT_4660-T1;GlimmerHMM},{Augustus_model.g3943.t1;Augustus}
70016	70080	INTRON			{GeneMark_model.4980_t;GeneMark},{GlimmerHMM_glimmerT_4660-T1;GlimmerHMM},{Augustus_model.g3943.t1;Augustus}
70081	70169	terminal+	2	3	{GlimmerHMM_glimmerT_4660-T1;GlimmerHMM}

# EVM prediction: Mode:STANDARD S-ratio: 1.31 70670-71339 orient(+) score(1602.00) noncoding_equivalent(1218.94) raw_noncoding(1741.00) offset(522.06) 
70670	70715	initial+	1	1	{GlimmerHMM_glimmerT_4661-T1;GlimmerHMM}
70716	70788	INTRON			{GlimmerHMM_glimmerT_4661-T1;GlimmerHMM},{GeneMark_model.4980_t;GeneMark},{Augustus_model.g3943.t1;Augustus}
70789	70829	internal+	2	3	{GlimmerHMM_glimmerT_4661-T1;GlimmerHMM},{GeneMark_model.4980_t;GeneMark},{Augustus_model.g3943.t1;Augustus}
70830	70901	INTRON			{GeneMark_model.4980_t;GeneMark},{Augustus_model.g3943.t1;Augustus}
70902	71025	internal+	1	1	{GeneMark_model.4980_t;GeneMark},{Augustus_model.g3943.t1;Augustus}
71026	71104	INTRON			{GeneMark_model.4980_t;GeneMark},{Augustus_model.g3943.t1;Augustus}
71105	71166	internal+	2	3	{GeneMark_model.4980_t;GeneMark},{Augustus_model.g3943.t1;Augustus}
71167	71237	INTRON			{GeneMark_model.4980_t;GeneMark},{Augustus_model.g3943.t1;Augustus}
71238	71339	terminal+	1	3	{GlimmerHMM_glimmerT_4661-T1;GlimmerHMM},{GeneMark_model.4980_t;GeneMark},{Augustus_model.g3943.t1;Augustus}

# EVM prediction: Mode:STANDARD S-ratio: 1.22 71576-72916 orient(+) score(3560.00) noncoding_equivalent(2914.45) raw_noncoding(4218.00) offset(1303.55) 
71576	71733	initial+	1	2	{Augustus_model.g3944.t1;Augustus},{GlimmerHMM_glimmerT_4662-T1;GlimmerHMM},{GeneMark_model.4981_t;GeneMark}
71734	72045	INTRON			{Augustus_model.g3944.t1;Augustus},{GlimmerHMM_glimmerT_4662-T1;GlimmerHMM},{GeneMark_model.4981_t;GeneMark}
72046	72068	internal+	3	1	{Augustus_model.g3944.t1;Augustus},{GlimmerHMM_glimmerT_4662-T1;GlimmerHMM},{GeneMark_model.4981_t;GeneMark}
72069	72316	INTRON			{Augustus_model.g3944.t1;Augustus},{GlimmerHMM_glimmerT_4662-T1;GlimmerHMM},{GeneMark_model.4981_t;GeneMark}
72317	72423	internal+	2	3	{Augustus_model.g3944.t1;Augustus},{GlimmerHMM_glimmerT_4662-T1;GlimmerHMM},{GeneMark_model.4981_t;GeneMark}
72424	72502	INTRON			{Augustus_model.g3944.t1;Augustus},{GeneMark_model.4981_t;GeneMark}
72503	72536	internal+	1	1	{Augustus_model.g3944.t1;Augustus},{GeneMark_model.4981_t;GeneMark}
72537	72631	INTRON			{Augustus_model.g3944.t1;Augustus},{GeneMark_model.4981_t;GeneMark}
72632	72651	internal+	2	3	{Augustus_model.g3944.t1;Augustus},{GeneMark_model.4981_t;GeneMark}
72652	72713	INTRON			{Augustus_model.g3944.t1;Augustus},{GeneMark_model.4981_t;GeneMark}
72714	72725	internal+	1	3	{Augustus_model.g3944.t1;Augustus},{GeneMark_model.4981_t;GeneMark}
72726	72789	INTRON			{Augustus_model.g3944.t1;Augustus},{GeneMark_model.4981_t;GeneMark}
72790	72819	internal+	1	3	{Augustus_model.g3944.t1;Augustus},{GeneMark_model.4981_t;GeneMark}
72820	72886	INTRON			{Augustus_model.g3944.t1;Augustus},{GeneMark_model.4981_t;GeneMark}
72887	72916	terminal+	1	3	{Augustus_model.g3944.t1;Augustus},{GlimmerHMM_glimmerT_4662-T1;GlimmerHMM},{GeneMark_model.4981_t;GeneMark}

# EVM prediction: Mode:STANDARD S-ratio: 3.28 73654-75589 orient(+) score(8396.00) noncoding_equivalent(2558.00) raw_noncoding(2893.00) offset(335.00) 
73654	74686	initial+	1	1	{Augustus_model.g3945.t1;Augustus},{GeneMark_model.4982_t;GeneMark},{GlimmerHMM_glimmerT_4663-T1;GlimmerHMM}
74687	74751	INTRON			{Augustus_model.g3945.t1;Augustus},{GeneMark_model.4982_t;GeneMark},{GlimmerHMM_glimmerT_4663-T1;GlimmerHMM},{ev_type:exonerate/ID=match.2566964.1347/Target=lcl|KQ954502_1_prot_KWU42693_1_4926;exonerate},{ev_type:exonerate/ID=match.2566964.1348/Target=lcl|NW_017264936_1_prot_XP_018270116_1_4853;exonerate}
74752	75111	internal+	2	1	{Augustus_model.g3945.t1;Augustus},{GeneMark_model.4982_t;GeneMark},{GlimmerHMM_glimmerT_4663-T1;GlimmerHMM},{ev_type:exonerate/ID=match.2566964.1347/Target=lcl|KQ954502_1_prot_KWU42693_1_4926;exonerate},{ev_type:exonerate/ID=match.2566964.1348/Target=lcl|NW_017264936_1_prot_XP_018270116_1_4853;exonerate}
75112	75190	INTRON			{Augustus_model.g3945.t1;Augustus},{GeneMark_model.4982_t;GeneMark},{GlimmerHMM_glimmerT_4663-T1;GlimmerHMM},{ev_type:exonerate/ID=match.2566964.1347/Target=lcl|KQ954502_1_prot_KWU42693_1_4926;exonerate},{ev_type:exonerate/ID=match.2566964.1348/Target=lcl|NW_017264936_1_prot_XP_018270116_1_4853;exonerate}
75191	75242	internal+	2	2	{Augustus_model.g3945.t1;Augustus},{GeneMark_model.4982_t;GeneMark},{GlimmerHMM_glimmerT_4663-T1;GlimmerHMM},{ev_type:exonerate/ID=match.2566964.1347/Target=lcl|KQ954502_1_prot_KWU42693_1_4926;exonerate},{ev_type:exonerate/ID=match.2566964.1348/Target=lcl|NW_017264936_1_prot_XP_018270116_1_4853;exonerate}
75243	75334	INTRON			{Augustus_model.g3945.t1;Augustus},{GeneMark_model.4982_t;GeneMark},{GlimmerHMM_glimmerT_4663-T1;GlimmerHMM},{ev_type:exonerate/ID=match.2566964.1347/Target=lcl|KQ954502_1_prot_KWU42693_1_4926;exonerate},{ev_type:exonerate/ID=match.2566964.1348/Target=lcl|NW_017264936_1_prot_XP_018270116_1_4853;exonerate}
75335	75416	internal+	3	3	{Augustus_model.g3945.t1;Augustus},{GeneMark_model.4982_t;GeneMark},{GlimmerHMM_glimmerT_4663-T1;GlimmerHMM},{ev_type:exonerate/ID=match.2566964.1347/Target=lcl|KQ954502_1_prot_KWU42693_1_4926;exonerate},{ev_type:exonerate/ID=match.2566964.1348/Target=lcl|NW_017264936_1_prot_XP_018270116_1_4853;exonerate}
75417	75499	INTRON			{Augustus_model.g3945.t1;Augustus},{GeneMark_model.4982_t;GeneMark},{GlimmerHMM_glimmerT_4663-T1;GlimmerHMM},{ev_type:exonerate/ID=match.2566964.1347/Target=lcl|KQ954502_1_prot_KWU42693_1_4926;exonerate},{ev_type:exonerate/ID=match.2566964.1348/Target=lcl|NW_017264936_1_prot_XP_018270116_1_4853;exonerate}
75500	75589	terminal+	1	3	{Augustus_model.g3945.t1;Augustus},{GeneMark_model.4982_t;GeneMark},{GlimmerHMM_glimmerT_4663-T1;GlimmerHMM}

# EVM prediction: Mode:STANDARD S-ratio: 2.49 76181-77572 orient(-) score(3967.00) noncoding_equivalent(1594.02) raw_noncoding(2313.23) offset(719.21) 
76271	76181	terminal-	6	6	{Augustus_model.g3946.t1;Augustus},{GeneMark_model.4983_t;GeneMark}
76360	76272	INTRON			{Augustus_model.g3946.t1;Augustus},{GeneMark_model.4983_t;GeneMark}
76742	76361	internal-	5	5	{Augustus_model.g3946.t1;Augustus},{GeneMark_model.4983_t;GeneMark}
76802	76743	INTRON			{Augustus_model.g3946.t1;Augustus},{GeneMark_model.4983_t;GeneMark}
76864	76803	internal-	6	4	{Augustus_model.g3946.t1;Augustus},{GeneMark_model.4983_t;GeneMark}
76942	76865	INTRON			{Augustus_model.g3946.t1;Augustus},{GeneMark_model.4983_t;GeneMark}
77016	76943	internal-	4	5	{Augustus_model.g3946.t1;Augustus},{GeneMark_model.4983_t;GeneMark}
77078	77017	INTRON			{Augustus_model.g3946.t1;Augustus},{GeneMark_model.4983_t;GeneMark}
77293	77079	internal-	5	6	{Augustus_model.g3946.t1;Augustus},{GeneMark_model.4983_t;GeneMark},{GlimmerHMM_glimmerT_4664-T1;GlimmerHMM}
77568	77294	INTRON			{snap_scaffold_11-snap.253-T1;snap},{GlimmerHMM_glimmerT_4664-T1;GlimmerHMM}
77572	77569	initial-	4	4	{snap_scaffold_11-snap.253-T1;snap},{GlimmerHMM_glimmerT_4664-T1;GlimmerHMM}

# EVM prediction: Mode:STANDARD S-ratio: 2.10 80092-82121 orient(-) score(5476.00) noncoding_equivalent(2608.36) raw_noncoding(3125.00) offset(516.64) 
80414	80092	terminal-	5	6	{GlimmerHMM_glimmerT_4665-T1;GlimmerHMM},{Augustus_model.g3947.t1;Augustus},{GeneMark_model.4985_t;GeneMark}
80496	80415	INTRON			{GlimmerHMM_glimmerT_4665-T1;GlimmerHMM},{Augustus_model.g3947.t1;Augustus},{GeneMark_model.4985_t;GeneMark}
81016	80497	internal-	4	4	{GlimmerHMM_glimmerT_4665-T1;GlimmerHMM},{GeneMark_model.4985_t;GeneMark}
81125	81017	INTRON			{GlimmerHMM_glimmerT_4665-T1;GlimmerHMM},{GeneMark_model.4985_t;GeneMark}
81389	81126	internal-	4	6	{GlimmerHMM_glimmerT_4665-T1;GlimmerHMM},{GeneMark_model.4985_t;GeneMark}
81486	81390	INTRON			{GlimmerHMM_glimmerT_4665-T1;GlimmerHMM}
81539	81487	internal-	5	6	{GlimmerHMM_glimmerT_4665-T1;GlimmerHMM}
81610	81540	INTRON			{GlimmerHMM_glimmerT_4665-T1;GlimmerHMM},{GeneMark_model.4985_t;GeneMark}
82121	81611	initial-	4	4	{GlimmerHMM_glimmerT_4665-T1;GlimmerHMM},{GeneMark_model.4985_t;GeneMark}

# EVM prediction: Mode:STANDARD S-ratio: 1.73 82213-82889 orient(+) score(1451.00) noncoding_equivalent(838.09) raw_noncoding(1475.09) offset(637.00) 
82213	82216	initial+	1	1	{snap_scaffold_11-snap.255-T1;snap}
82217	82364	INTRON			{snap_scaffold_11-snap.255-T1;snap}
82365	82371	internal+	2	2	{snap_scaffold_11-snap.255-T1;snap}
82372	82438	INTRON			{snap_scaffold_11-snap.255-T1;snap}
82439	82889	terminal+	3	3	{snap_scaffold_11-snap.255-T1;snap}

# EVM prediction: Mode:STANDARD S-ratio: 2.68 84827-85992 orient(+) score(3149.00) noncoding_equivalent(1175.05) raw_noncoding(1582.07) offset(407.02) 
84827	84835	initial+	1	3	{snap_scaffold_11-snap.256-T1;snap}
84836	85005	INTRON			{snap_scaffold_11-snap.256-T1;snap}
85006	85992	terminal+	1	3	{snap_scaffold_11-snap.256-T1;snap},{GlimmerHMM_glimmerT_4666-T1;GlimmerHMM}

# EVM prediction: Mode:STANDARD S-ratio: 2.58 86256-89163 orient(-) score(8378.00) noncoding_equivalent(3252.85) raw_noncoding(3658.00) offset(405.15) 
88812	86256	terminal-	6	6	{GeneMark_model.4987_t;GeneMark},{GlimmerHMM_glimmerT_4667-T1;GlimmerHMM},{snap_scaffold_11-snap.257-T1;snap}
88950	88813	INTRON			{GeneMark_model.4987_t;GeneMark},{GlimmerHMM_glimmerT_4667-T1;GlimmerHMM}
89083	88951	internal-	5	5	{GeneMark_model.4987_t;GeneMark},{GlimmerHMM_glimmerT_4667-T1;GlimmerHMM}
89147	89084	INTRON			{GeneMark_model.4987_t;GeneMark},{GlimmerHMM_glimmerT_4667-T1;GlimmerHMM}
89163	89148	initial-	4	4	{GeneMark_model.4987_t;GeneMark},{GlimmerHMM_glimmerT_4667-T1;GlimmerHMM}

# EVM prediction: Mode:STANDARD S-ratio: 4.72 89616-92288 orient(-) score(17489.00) noncoding_equivalent(3704.97) raw_noncoding(4404.00) offset(699.03) 
89708	89616	terminal-	4	6	{GeneMark_model.4988_t;GeneMark}
89792	89709	INTRON			{GeneMark_model.4988_t;GeneMark},{ev_type:exonerate/ID=match.2566964.3861/Target=lcl|PJQD01000005_1_prot_POY76450_1_4885;exonerate},{ev_type:exonerate/ID=match.2566964.3863/Target=lcl|LCTV02000003_1_prot_PRQ75995_1_4649;exonerate},{ev_type:exonerate/ID=match.2566964.3864/Target=lcl|BJWK01000021_1_prot_GEM12470_1_6487;exonerate},{ev_type:exonerate/ID=match.2566964.3862/Target=lcl|KQ954502_1_prot_KWU42685_1_4918;exonerate}
90380	89793	internal-	4	6	{GeneMark_model.4988_t;GeneMark},{ev_type:exonerate/ID=match.2566964.3861/Target=lcl|PJQD01000005_1_prot_POY76450_1_4885;exonerate},{ev_type:exonerate/ID=match.2566964.3863/Target=lcl|LCTV02000003_1_prot_PRQ75995_1_4649;exonerate},{ev_type:exonerate/ID=match.2566964.3864/Target=lcl|BJWK01000021_1_prot_GEM12470_1_6487;exonerate},{ev_type:exonerate/ID=match.2566964.3862/Target=lcl|KQ954502_1_prot_KWU42685_1_4918;exonerate}
90450	90381	INTRON			{GlimmerHMM_glimmerT_4668-T1;GlimmerHMM},{GeneMark_model.4988_t;GeneMark},{ev_type:exonerate/ID=match.2566964.3861/Target=lcl|PJQD01000005_1_prot_POY76450_1_4885;exonerate},{ev_type:exonerate/ID=match.2566964.3863/Target=lcl|LCTV02000003_1_prot_PRQ75995_1_4649;exonerate},{ev_type:exonerate/ID=match.2566964.3864/Target=lcl|BJWK01000021_1_prot_GEM12470_1_6487;exonerate},{ev_type:exonerate/ID=match.2566964.3862/Target=lcl|KQ954502_1_prot_KWU42685_1_4918;exonerate}
91729	90451	internal-	6	6	{GlimmerHMM_glimmerT_4668-T1;GlimmerHMM},{GeneMark_model.4988_t;GeneMark},{ev_type:exonerate/ID=match.2566964.3861/Target=lcl|PJQD01000005_1_prot_POY76450_1_4885;exonerate},{ev_type:exonerate/ID=match.2566964.3863/Target=lcl|LCTV02000003_1_prot_PRQ75995_1_4649;exonerate},{ev_type:exonerate/ID=match.2566964.3864/Target=lcl|BJWK01000021_1_prot_GEM12470_1_6487;exonerate},{ev_type:exonerate/ID=match.2566964.3862/Target=lcl|KQ954502_1_prot_KWU42685_1_4918;exonerate}
91801	91730	INTRON			{GlimmerHMM_glimmerT_4668-T1;GlimmerHMM},{GeneMark_model.4988_t;GeneMark},{ev_type:exonerate/ID=match.2566964.3861/Target=lcl|PJQD01000005_1_prot_POY76450_1_4885;exonerate},{ev_type:exonerate/ID=match.2566964.3863/Target=lcl|LCTV02000003_1_prot_PRQ75995_1_4649;exonerate},{ev_type:exonerate/ID=match.2566964.3864/Target=lcl|BJWK01000021_1_prot_GEM12470_1_6487;exonerate},{ev_type:exonerate/ID=match.2566964.3862/Target=lcl|KQ954502_1_prot_KWU42685_1_4918;exonerate}
91867	91802	internal-	6	5	{GlimmerHMM_glimmerT_4668-T1;GlimmerHMM},{GeneMark_model.4988_t;GeneMark},{ev_type:exonerate/ID=match.2566964.3861/Target=lcl|PJQD01000005_1_prot_POY76450_1_4885;exonerate},{ev_type:exonerate/ID=match.2566964.3863/Target=lcl|LCTV02000003_1_prot_PRQ75995_1_4649;exonerate},{ev_type:exonerate/ID=match.2566964.3864/Target=lcl|BJWK01000021_1_prot_GEM12470_1_6487;exonerate},{ev_type:exonerate/ID=match.2566964.3862/Target=lcl|KQ954502_1_prot_KWU42685_1_4918;exonerate}
91937	91868	INTRON			{GlimmerHMM_glimmerT_4668-T1;GlimmerHMM},{GeneMark_model.4988_t;GeneMark},{ev_type:exonerate/ID=match.2566964.3861/Target=lcl|PJQD01000005_1_prot_POY76450_1_4885;exonerate},{ev_type:exonerate/ID=match.2566964.3863/Target=lcl|LCTV02000003_1_prot_PRQ75995_1_4649;exonerate},{ev_type:exonerate/ID=match.2566964.3864/Target=lcl|BJWK01000021_1_prot_GEM12470_1_6487;exonerate},{ev_type:exonerate/ID=match.2566964.3862/Target=lcl|KQ954502_1_prot_KWU42685_1_4918;exonerate}
91963	91938	internal-	4	5	{GlimmerHMM_glimmerT_4668-T1;GlimmerHMM},{GeneMark_model.4988_t;GeneMark},{ev_type:exonerate/ID=match.2566964.3861/Target=lcl|PJQD01000005_1_prot_POY76450_1_4885;exonerate},{ev_type:exonerate/ID=match.2566964.3863/Target=lcl|LCTV02000003_1_prot_PRQ75995_1_4649;exonerate},{ev_type:exonerate/ID=match.2566964.3864/Target=lcl|BJWK01000021_1_prot_GEM12470_1_6487;exonerate},{ev_type:exonerate/ID=match.2566964.3862/Target=lcl|KQ954502_1_prot_KWU42685_1_4918;exonerate}
92081	91964	INTRON			{GlimmerHMM_glimmerT_4668-T1;GlimmerHMM},{GeneMark_model.4988_t;GeneMark},{ev_type:exonerate/ID=match.2566964.3861/Target=lcl|PJQD01000005_1_prot_POY76450_1_4885;exonerate},{ev_type:exonerate/ID=match.2566964.3863/Target=lcl|LCTV02000003_1_prot_PRQ75995_1_4649;exonerate},{ev_type:exonerate/ID=match.2566964.3864/Target=lcl|BJWK01000021_1_prot_GEM12470_1_6487;exonerate},{ev_type:exonerate/ID=match.2566964.3862/Target=lcl|KQ954502_1_prot_KWU42685_1_4918;exonerate}
92288	92082	initial-	4	6	{GlimmerHMM_glimmerT_4668-T1;GlimmerHMM},{GeneMark_model.4988_t;GeneMark}

# EVM prediction: Mode:STANDARD S-ratio: 2.64 92597-93180 orient(+) score(1580.00) noncoding_equivalent(598.01) raw_noncoding(756.09) offset(158.08) 
92597	93088	initial+	1	3	{GlimmerHMM_glimmerT_4669-T1;GlimmerHMM},{GeneMark_model.4989_t;GeneMark}
93089	93168	INTRON			{GeneMark_model.4989_t;GeneMark}
93169	93180	terminal+	1	3	{GeneMark_model.4989_t;GeneMark}

# EVM prediction: Mode:STANDARD S-ratio: 1.24 94490-98328 orient(+) score(8123.00) noncoding_equivalent(6551.88) raw_noncoding(9449.71) offset(2897.83) 
94490	94496	initial+	1	1	{snap_scaffold_11-snap.261-T1;snap},{GeneMark_model.4990_t;GeneMark}
94497	94563	INTRON			{snap_scaffold_11-snap.261-T1;snap},{GeneMark_model.4990_t;GeneMark}
94564	94590	internal+	2	1	{GeneMark_model.4990_t;GeneMark}
94591	94669	INTRON			{GeneMark_model.4990_t;GeneMark}
94670	94699	internal+	2	1	{GeneMark_model.4990_t;GeneMark}
94700	94847	INTRON			{GeneMark_model.4990_t;GeneMark}
94848	94928	internal+	2	1	{GeneMark_model.4990_t;GeneMark}
94929	95028	INTRON			{GeneMark_model.4990_t;GeneMark}
95029	95075	internal+	2	3	{GeneMark_model.4990_t;GeneMark}
95076	95160	INTRON			{GeneMark_model.4990_t;GeneMark}
95161	95437	internal+	1	1	{GlimmerHMM_glimmerT_4669-T1;GlimmerHMM},{GeneMark_model.4990_t;GeneMark}
95438	95499	INTRON			{GlimmerHMM_glimmerT_4669-T1;GlimmerHMM},{GeneMark_model.4990_t;GeneMark}
95500	95555	internal+	2	3	{GlimmerHMM_glimmerT_4669-T1;GlimmerHMM},{GeneMark_model.4990_t;GeneMark}
95556	95617	INTRON			{GlimmerHMM_glimmerT_4669-T1;GlimmerHMM},{GeneMark_model.4990_t;GeneMark}
95618	95821	internal+	1	3	{GlimmerHMM_glimmerT_4669-T1;GlimmerHMM},{GeneMark_model.4990_t;GeneMark}
95822	95893	INTRON			{GlimmerHMM_glimmerT_4669-T1;GlimmerHMM},{GeneMark_model.4990_t;GeneMark}
95894	95954	internal+	1	1	{GlimmerHMM_glimmerT_4669-T1;GlimmerHMM},{GeneMark_model.4990_t;GeneMark}
95955	96019	INTRON			{GlimmerHMM_glimmerT_4669-T1;GlimmerHMM},{GeneMark_model.4990_t;GeneMark}
96020	96079	internal+	2	1	{GlimmerHMM_glimmerT_4669-T1;GlimmerHMM},{GeneMark_model.4990_t;GeneMark}
96080	96143	INTRON			{GlimmerHMM_glimmerT_4669-T1;GlimmerHMM},{GeneMark_model.4990_t;GeneMark}
96144	96247	internal+	2	3	{GlimmerHMM_glimmerT_4669-T1;GlimmerHMM},{GeneMark_model.4990_t;GeneMark}
96248	96308	INTRON			{GlimmerHMM_glimmerT_4669-T1;GlimmerHMM},{GeneMark_model.4990_t;GeneMark}
96309	96537	internal+	1	1	{GlimmerHMM_glimmerT_4669-T1;GlimmerHMM},{GeneMark_model.4990_t;GeneMark}
96538	96604	INTRON			{GlimmerHMM_glimmerT_4669-T1;GlimmerHMM},{GeneMark_model.4990_t;GeneMark}
96605	96891	internal+	2	3	{GlimmerHMM_glimmerT_4669-T1;GlimmerHMM},{GeneMark_model.4990_t;GeneMark}
96892	96962	INTRON			{GlimmerHMM_glimmerT_4669-T1;GlimmerHMM},{GeneMark_model.4990_t;GeneMark}
96963	96999	internal+	1	1	{GlimmerHMM_glimmerT_4669-T1;GlimmerHMM},{GeneMark_model.4990_t;GeneMark}
97000	97066	INTRON			{GlimmerHMM_glimmerT_4669-T1;GlimmerHMM},{GeneMark_model.4990_t;GeneMark}
97067	97127	internal+	2	2	{GlimmerHMM_glimmerT_4669-T1;GlimmerHMM},{GeneMark_model.4990_t;GeneMark}
97128	97195	INTRON			{GlimmerHMM_glimmerT_4669-T1;GlimmerHMM},{GeneMark_model.4990_t;GeneMark},{snap_scaffold_11-snap.262-T1;snap}
97196	97821	internal+	3	1	{GlimmerHMM_glimmerT_4669-T1;GlimmerHMM},{GeneMark_model.4990_t;GeneMark}
97822	97905	INTRON			{GlimmerHMM_glimmerT_4669-T1;GlimmerHMM},{GeneMark_model.4990_t;GeneMark}
97906	97980	internal+	2	1	{GlimmerHMM_glimmerT_4669-T1;GlimmerHMM},{GeneMark_model.4990_t;GeneMark}
97981	98046	INTRON			{GlimmerHMM_glimmerT_4669-T1;GlimmerHMM},{GeneMark_model.4990_t;GeneMark}
98047	98146	internal+	2	2	{GlimmerHMM_glimmerT_4669-T1;GlimmerHMM},{GeneMark_model.4990_t;GeneMark}
98147	98219	INTRON			{GlimmerHMM_glimmerT_4669-T1;GlimmerHMM},{GeneMark_model.4990_t;GeneMark}
98220	98328	terminal+	3	3	{GeneMark_model.4990_t;GeneMark}

# EVM prediction: Mode:STANDARD S-ratio: 1.30 98792-102864 orient(+) score(10109.00) noncoding_equivalent(7785.28) raw_noncoding(9481.32) offset(1696.04) 
98792	98799	initial+	1	2	{snap_scaffold_11-snap.263-T1;snap},{GeneMark_model.4991_t;GeneMark}
98800	98882	INTRON			{snap_scaffold_11-snap.263-T1;snap},{GeneMark_model.4991_t;GeneMark}
98883	99233	internal+	3	2	{GeneMark_model.4991_t;GeneMark}
99234	99299	INTRON			{GlimmerHMM_glimmerT_4669-T1;GlimmerHMM},{GeneMark_model.4991_t;GeneMark},{ev_type:exonerate/ID=match.2566964.895/Target=lcl|KQ954474_1_prot_KWU45055_1_2517;exonerate},{ev_type:exonerate/ID=match.2566964.896/Target=lcl|NW_017264936_1_prot_XP_018270121_1_4858;exonerate}
99300	99716	internal+	3	2	{GlimmerHMM_glimmerT_4669-T1;GlimmerHMM},{GeneMark_model.4991_t;GeneMark},{ev_type:exonerate/ID=match.2566964.895/Target=lcl|KQ954474_1_prot_KWU45055_1_2517;exonerate}
99717	99775	INTRON			{GlimmerHMM_glimmerT_4669-T1;GlimmerHMM},{GeneMark_model.4991_t;GeneMark},{ev_type:exonerate/ID=match.2566964.895/Target=lcl|KQ954474_1_prot_KWU45055_1_2517;exonerate},{ev_type:exonerate/ID=match.2566964.896/Target=lcl|NW_017264936_1_prot_XP_018270121_1_4858;exonerate}
99776	100027	internal+	3	2	{GlimmerHMM_glimmerT_4669-T1;GlimmerHMM},{GeneMark_model.4991_t;GeneMark},{ev_type:exonerate/ID=match.2566964.895/Target=lcl|KQ954474_1_prot_KWU45055_1_2517;exonerate},{ev_type:exonerate/ID=match.2566964.896/Target=lcl|NW_017264936_1_prot_XP_018270121_1_4858;exonerate}
100028	100102	INTRON			{GlimmerHMM_glimmerT_4669-T1;GlimmerHMM},{GeneMark_model.4991_t;GeneMark},{ev_type:exonerate/ID=match.2566964.895/Target=lcl|KQ954474_1_prot_KWU45055_1_2517;exonerate},{ev_type:exonerate/ID=match.2566964.896/Target=lcl|NW_017264936_1_prot_XP_018270121_1_4858;exonerate}
100103	100331	internal+	3	3	{GlimmerHMM_glimmerT_4669-T1;GlimmerHMM},{GeneMark_model.4991_t;GeneMark}
100332	100394	INTRON			{GlimmerHMM_glimmerT_4669-T1;GlimmerHMM},{GeneMark_model.4991_t;GeneMark}
100395	100764	internal+	1	1	{GlimmerHMM_glimmerT_4669-T1;GlimmerHMM},{GeneMark_model.4991_t;GeneMark}
100765	100818	INTRON			{GlimmerHMM_glimmerT_4669-T1;GlimmerHMM},{GeneMark_model.4991_t;GeneMark}
100819	100994	internal+	2	3	{GeneMark_model.4991_t;GeneMark}
100995	101063	INTRON			{GeneMark_model.4991_t;GeneMark}
101064	101303	internal+	1	3	{GeneMark_model.4991_t;GeneMark}
101304	101360	INTRON			{GlimmerHMM_glimmerT_4669-T1;GlimmerHMM},{GeneMark_model.4991_t;GeneMark}
101361	101492	internal+	1	3	{GeneMark_model.4991_t;GeneMark}
101493	101552	INTRON			{GeneMark_model.4991_t;GeneMark}
101553	101873	internal+	1	3	{GeneMark_model.4991_t;GeneMark}
101874	101931	INTRON			{GeneMark_model.4991_t;GeneMark}
101932	102064	internal+	1	1	{GeneMark_model.4991_t;GeneMark}
102065	102127	INTRON			{GeneMark_model.4991_t;GeneMark}
102128	102279	internal+	2	3	{GeneMark_model.4991_t;GeneMark}
102280	102339	INTRON			{GeneMark_model.4991_t;GeneMark}
102340	102864	terminal+	1	3	{GlimmerHMM_glimmerT_4669-T1;GlimmerHMM},{GeneMark_model.4991_t;GeneMark}

# EVM prediction: Mode:STANDARD S-ratio: 1.51 103429-105452 orient(-) score(4866.00) noncoding_equivalent(3215.56) raw_noncoding(4505.00) offset(1289.44) 
103618	103429	terminal-	6	6	{GeneMark_model.4992_t;GeneMark},{snap_scaffold_11-snap.264-T1;snap},{GlimmerHMM_glimmerT_4670-T1;GlimmerHMM}
103679	103619	INTRON			{GeneMark_model.4992_t;GeneMark},{GlimmerHMM_glimmerT_4670-T1;GlimmerHMM}
103751	103680	internal-	6	5	{GeneMark_model.4992_t;GeneMark},{GlimmerHMM_glimmerT_4670-T1;GlimmerHMM}
103825	103752	INTRON			{GeneMark_model.4992_t;GeneMark},{GlimmerHMM_glimmerT_4670-T1;GlimmerHMM}
103990	103826	internal-	6	5	{GeneMark_model.4992_t;GeneMark},{GlimmerHMM_glimmerT_4670-T1;GlimmerHMM}
104056	103991	INTRON			{GeneMark_model.4992_t;GeneMark},{GlimmerHMM_glimmerT_4670-T1;GlimmerHMM}
104263	104057	internal-	6	5	{GeneMark_model.4992_t;GeneMark},{GlimmerHMM_glimmerT_4670-T1;GlimmerHMM}
104330	104264	INTRON			{GeneMark_model.4992_t;GeneMark},{GlimmerHMM_glimmerT_4670-T1;GlimmerHMM}
104360	104331	internal-	6	5	{GeneMark_model.4992_t;GeneMark},{GlimmerHMM_glimmerT_4670-T1;GlimmerHMM}
104424	104361	INTRON			{GeneMark_model.4992_t;GeneMark},{GlimmerHMM_glimmerT_4670-T1;GlimmerHMM}
104614	104425	internal-	5	5	{GeneMark_model.4992_t;GeneMark},{GlimmerHMM_glimmerT_4670-T1;GlimmerHMM}
104675	104615	INTRON			{GeneMark_model.4992_t;GeneMark},{GlimmerHMM_glimmerT_4670-T1;GlimmerHMM}
104859	104676	internal-	4	4	{GeneMark_model.4992_t;GeneMark},{GlimmerHMM_glimmerT_4670-T1;GlimmerHMM}
104985	104860	INTRON			{GeneMark_model.4992_t;GeneMark},{GlimmerHMM_glimmerT_4670-T1;GlimmerHMM}
105020	104986	internal-	5	6	{GeneMark_model.4992_t;GeneMark},{GlimmerHMM_glimmerT_4670-T1;GlimmerHMM}
105078	105021	INTRON			{GeneMark_model.4992_t;GeneMark},{GlimmerHMM_glimmerT_4670-T1;GlimmerHMM}
105140	105079	internal-	6	4	{GeneMark_model.4992_t;GeneMark},{GlimmerHMM_glimmerT_4670-T1;GlimmerHMM}
105225	105141	INTRON			{GeneMark_model.4992_t;GeneMark},{GlimmerHMM_glimmerT_4670-T1;GlimmerHMM}
105452	105226	initial-	4	5	{GeneMark_model.4992_t;GeneMark},{GlimmerHMM_glimmerT_4670-T1;GlimmerHMM}

# EVM prediction: Mode:STANDARD S-ratio: 1.78 107190-109736 orient(+) score(6447.00) noncoding_equivalent(3621.00) raw_noncoding(4080.00) offset(459.00) 
107190	107666	initial+	1	3	{GlimmerHMM_glimmerT_4671-T1;GlimmerHMM}
107667	107722	INTRON			{GlimmerHMM_glimmerT_4671-T1;GlimmerHMM},{GeneMark_model.4993_t;GeneMark}
107723	108703	internal+	1	3	{GlimmerHMM_glimmerT_4671-T1;GlimmerHMM},{GeneMark_model.4993_t;GeneMark}
108704	108761	INTRON			{GlimmerHMM_glimmerT_4671-T1;GlimmerHMM},{GeneMark_model.4993_t;GeneMark}
108762	108845	internal+	1	3	{GeneMark_model.4993_t;GeneMark}
108846	108905	INTRON			{GeneMark_model.4993_t;GeneMark}
108906	109018	internal+	1	2	{GeneMark_model.4993_t;GeneMark}
109019	109096	INTRON			{GlimmerHMM_glimmerT_4671-T1;GlimmerHMM},{GeneMark_model.4993_t;GeneMark}
109097	109736	terminal+	3	3	{GlimmerHMM_glimmerT_4671-T1;GlimmerHMM},{GeneMark_model.4993_t;GeneMark}

# EVM prediction: Mode:STANDARD S-ratio: 1.28 120100-121875 orient(+) score(4538.00) noncoding_equivalent(3552.00) raw_noncoding(3942.00) offset(390.00) 
120100	121251	initial+	1	3	{GlimmerHMM_glimmerT_4672-T1;GlimmerHMM},{GeneMark_model.4995_t;GeneMark}
121252	121323	INTRON			{GlimmerHMM_glimmerT_4672-T1;GlimmerHMM},{GeneMark_model.4995_t;GeneMark},{ev_type:exonerate/ID=match.2566964.3676/Target=lcl|KQ954474_1_prot_KWU45157_1_2619;exonerate}
121324	121449	internal+	1	3	{GlimmerHMM_glimmerT_4672-T1;GlimmerHMM},{GeneMark_model.4995_t;GeneMark},{ev_type:exonerate/ID=match.2566964.3676/Target=lcl|KQ954474_1_prot_KWU45157_1_2619;exonerate}
121450	121513	INTRON			{GlimmerHMM_glimmerT_4672-T1;GlimmerHMM},{GeneMark_model.4995_t;GeneMark},{ev_type:exonerate/ID=match.2566964.3676/Target=lcl|KQ954474_1_prot_KWU45157_1_2619;exonerate}
121514	121625	internal+	1	1	{GlimmerHMM_glimmerT_4672-T1;GlimmerHMM},{GeneMark_model.4995_t;GeneMark},{ev_type:exonerate/ID=match.2566964.3676/Target=lcl|KQ954474_1_prot_KWU45157_1_2619;exonerate}
121626	121684	INTRON			{GlimmerHMM_glimmerT_4672-T1;GlimmerHMM},{GeneMark_model.4995_t;GeneMark},{ev_type:exonerate/ID=match.2566964.3676/Target=lcl|KQ954474_1_prot_KWU45157_1_2619;exonerate},{ev_type:exonerate/ID=match.2566964.3941/Target=lcl|NW_017264936_1_prot_XP_018270129_1_4866;exonerate}
121685	121875	terminal+	2	3	{GlimmerHMM_glimmerT_4672-T1;GlimmerHMM},{GeneMark_model.4995_t;GeneMark}

# EVM prediction: Mode:STANDARD S-ratio: 1.28 122502-123940 orient(+) score(3226.00) noncoding_equivalent(2529.19) raw_noncoding(2996.00) offset(466.81) 
122502	122853	initial+	1	1	{GeneMark_model.4996_t;GeneMark},{GlimmerHMM_glimmerT_4673-T1;GlimmerHMM}
122854	122907	INTRON			{GeneMark_model.4996_t;GeneMark},{GlimmerHMM_glimmerT_4673-T1;GlimmerHMM}
122908	123230	internal+	2	3	{GeneMark_model.4996_t;GeneMark},{GlimmerHMM_glimmerT_4673-T1;GlimmerHMM}
123231	123297	INTRON			{GeneMark_model.4996_t;GeneMark},{GlimmerHMM_glimmerT_4673-T1;GlimmerHMM}
123298	123487	internal+	1	1	{GeneMark_model.4996_t;GeneMark},{GlimmerHMM_glimmerT_4673-T1;GlimmerHMM}
123488	123599	INTRON			{GeneMark_model.4996_t;GeneMark},{GlimmerHMM_glimmerT_4673-T1;GlimmerHMM}
123600	123940	terminal+	2	3	{GeneMark_model.4996_t;GeneMark},{snap_scaffold_11-snap.270-T1;snap},{GlimmerHMM_glimmerT_4673-T1;GlimmerHMM}

# EVM prediction: Mode:STANDARD S-ratio: 1.37 124326-127105 orient(-) score(6529.00) noncoding_equivalent(4770.29) raw_noncoding(7070.00) offset(2299.71) 
124859	124326	terminal-	4	6	{GeneMark_model.4997_t;GeneMark},{GlimmerHMM_glimmerT_4674-T1;GlimmerHMM},{snap_scaffold_11-snap.271-T1;snap}
124951	124860	INTRON			{GeneMark_model.4997_t;GeneMark},{GlimmerHMM_glimmerT_4674-T1;GlimmerHMM},{snap_scaffold_11-snap.271-T1;snap}
125066	124952	internal-	6	6	{GeneMark_model.4997_t;GeneMark},{GlimmerHMM_glimmerT_4674-T1;GlimmerHMM}
125142	125067	INTRON			{GeneMark_model.4997_t;GeneMark},{GlimmerHMM_glimmerT_4674-T1;GlimmerHMM}
125268	125143	internal-	6	5	{GeneMark_model.4997_t;GeneMark},{GlimmerHMM_glimmerT_4674-T1;GlimmerHMM}
125360	125269	INTRON			{GeneMark_model.4997_t;GeneMark},{GlimmerHMM_glimmerT_4674-T1;GlimmerHMM}
125562	125361	internal-	5	5	{GeneMark_model.4997_t;GeneMark},{GlimmerHMM_glimmerT_4674-T1;GlimmerHMM}
125640	125563	INTRON			{GeneMark_model.4997_t;GeneMark},{GlimmerHMM_glimmerT_4674-T1;GlimmerHMM}
125733	125641	internal-	5	4	{GeneMark_model.4997_t;GeneMark},{GlimmerHMM_glimmerT_4674-T1;GlimmerHMM}
126105	125734	INTRON			{GeneMark_model.4997_t;GeneMark},{GlimmerHMM_glimmerT_4674-T1;GlimmerHMM}
126175	126106	internal-	4	4	{GeneMark_model.4997_t;GeneMark},{GlimmerHMM_glimmerT_4674-T1;GlimmerHMM}
126268	126176	INTRON			{GeneMark_model.4997_t;GeneMark},{GlimmerHMM_glimmerT_4674-T1;GlimmerHMM}
126333	126269	internal-	5	6	{GeneMark_model.4997_t;GeneMark},{GlimmerHMM_glimmerT_4674-T1;GlimmerHMM}
126735	126334	INTRON			{GeneMark_model.4997_t;GeneMark},{GlimmerHMM_glimmerT_4674-T1;GlimmerHMM}
127105	126736	initial-	4	4	{GeneMark_model.4997_t;GeneMark},{GlimmerHMM_glimmerT_4674-T1;GlimmerHMM}

# EVM prediction: Mode:STANDARD S-ratio: 1.59 127499-128700 orient(+) score(2717.00) noncoding_equivalent(1711.26) raw_noncoding(2424.01) offset(712.76) 
127499	127595	initial+	1	1	{GlimmerHMM_glimmerT_4675-T1;GlimmerHMM},{GeneMark_model.4998_t;GeneMark}
127596	127666	INTRON			{GeneMark_model.4998_t;GeneMark}
127667	127690	internal+	2	1	{GeneMark_model.4998_t;GeneMark}
127691	127810	INTRON			{GeneMark_model.4998_t;GeneMark}
127811	128016	internal+	2	3	{GlimmerHMM_glimmerT_4675-T1;GlimmerHMM},{GeneMark_model.4998_t;GeneMark}
128017	128100	INTRON			{GlimmerHMM_glimmerT_4675-T1;GlimmerHMM},{GeneMark_model.4998_t;GeneMark}
128101	128426	internal+	1	2	{GlimmerHMM_glimmerT_4675-T1;GlimmerHMM},{GeneMark_model.4998_t;GeneMark}
128427	128510	INTRON			{GlimmerHMM_glimmerT_4675-T1;GlimmerHMM},{GeneMark_model.4998_t;GeneMark}
128511	128700	terminal+	3	3	{GeneMark_model.4998_t;GeneMark}

# EVM prediction: Mode:STANDARD S-ratio: 1.78 129270-130965 orient(+) score(4936.00) noncoding_equivalent(2769.76) raw_noncoding(3907.08) offset(1137.32) 
129270	129369	initial+	1	1	{GeneMark_model.4999_t;GeneMark}
129370	129481	INTRON			{GlimmerHMM_glimmerT_4675-T1;GlimmerHMM},{GeneMark_model.4999_t;GeneMark},{ev_type:exonerate/ID=match.2566964.3917/Target=lcl|KQ954474_1_prot_KWU45062_1_2524;exonerate}
129482	129687	internal+	2	3	{GeneMark_model.4999_t;GeneMark},{ev_type:exonerate/ID=match.2566964.3917/Target=lcl|KQ954474_1_prot_KWU45062_1_2524;exonerate}
129688	129767	INTRON			{GeneMark_model.4999_t;GeneMark},{ev_type:exonerate/ID=match.2566964.3917/Target=lcl|KQ954474_1_prot_KWU45062_1_2524;exonerate}
129768	129841	internal+	1	2	{GlimmerHMM_glimmerT_4675-T1;GlimmerHMM},{GeneMark_model.4999_t;GeneMark},{ev_type:exonerate/ID=match.2566964.3917/Target=lcl|KQ954474_1_prot_KWU45062_1_2524;exonerate}
129842	129904	INTRON			{GlimmerHMM_glimmerT_4675-T1;GlimmerHMM},{GeneMark_model.4999_t;GeneMark},{ev_type:exonerate/ID=match.2566964.3917/Target=lcl|KQ954474_1_prot_KWU45062_1_2524;exonerate}
129905	130076	internal+	3	3	{GlimmerHMM_glimmerT_4675-T1;GlimmerHMM},{GeneMark_model.4999_t;GeneMark},{ev_type:exonerate/ID=match.2566964.3917/Target=lcl|KQ954474_1_prot_KWU45062_1_2524;exonerate}
130077	130145	INTRON			{GeneMark_model.4999_t;GeneMark},{ev_type:exonerate/ID=match.2566964.3917/Target=lcl|KQ954474_1_prot_KWU45062_1_2524;exonerate}
130146	130184	internal+	1	3	{GeneMark_model.4999_t;GeneMark},{ev_type:exonerate/ID=match.2566964.3917/Target=lcl|KQ954474_1_prot_KWU45062_1_2524;exonerate}
130185	130246	INTRON			{GeneMark_model.4999_t;GeneMark},{ev_type:exonerate/ID=match.2566964.3917/Target=lcl|KQ954474_1_prot_KWU45062_1_2524;exonerate}
130247	130475	internal+	1	1	{GlimmerHMM_glimmerT_4675-T1;GlimmerHMM},{GeneMark_model.4999_t;GeneMark},{ev_type:exonerate/ID=match.2566964.3917/Target=lcl|KQ954474_1_prot_KWU45062_1_2524;exonerate}
130476	130567	INTRON			{GlimmerHMM_glimmerT_4675-T1;GlimmerHMM},{GeneMark_model.4999_t;GeneMark},{ev_type:exonerate/ID=match.2566964.3917/Target=lcl|KQ954474_1_prot_KWU45062_1_2524;exonerate}
130568	130965	terminal+	2	3	{GlimmerHMM_glimmerT_4675-T1;GlimmerHMM},{snap_scaffold_11-snap.275-T1;snap},{GeneMark_model.4999_t;GeneMark}

# EVM prediction: Mode:STANDARD S-ratio: 1.82 131437-133148 orient(-) score(4947.00) noncoding_equivalent(2712.51) raw_noncoding(3920.00) offset(1207.49) 
131695	131437	terminal-	6	6	{GeneMark_model.5000_t;GeneMark},{snap_scaffold_11-snap.276-T1;snap},{GlimmerHMM_glimmerT_4676-T1;GlimmerHMM}
131847	131696	INTRON			{GlimmerHMM_glimmerT_4676-T1;GlimmerHMM}
132220	131848	internal-	5	5	{GlimmerHMM_glimmerT_4676-T1;GlimmerHMM}
132294	132221	INTRON			{GeneMark_model.5000_t;GeneMark},{GlimmerHMM_glimmerT_4676-T1;GlimmerHMM}
132355	132295	internal-	4	4	{GeneMark_model.5000_t;GeneMark},{GlimmerHMM_glimmerT_4676-T1;GlimmerHMM}
132416	132356	INTRON			{GeneMark_model.5000_t;GeneMark},{GlimmerHMM_glimmerT_4676-T1;GlimmerHMM},{ev_type:exonerate/ID=match.2566964.903/Target=lcl|KQ954474_1_prot_KWU45063_1_2525;exonerate}
132713	132417	internal-	4	6	{GeneMark_model.5000_t;GeneMark},{GlimmerHMM_glimmerT_4676-T1;GlimmerHMM},{ev_type:exonerate/ID=match.2566964.903/Target=lcl|KQ954474_1_prot_KWU45063_1_2525;exonerate}
132909	132714	INTRON			{GeneMark_model.5000_t;GeneMark},{GlimmerHMM_glimmerT_4676-T1;GlimmerHMM},{ev_type:exonerate/ID=match.2566964.903/Target=lcl|KQ954474_1_prot_KWU45063_1_2525;exonerate}
132932	132910	internal-	5	6	{GeneMark_model.5000_t;GeneMark},{GlimmerHMM_glimmerT_4676-T1;GlimmerHMM},{ev_type:exonerate/ID=match.2566964.903/Target=lcl|KQ954474_1_prot_KWU45063_1_2525;exonerate}
133021	132933	INTRON			{GeneMark_model.5000_t;GeneMark},{GlimmerHMM_glimmerT_4676-T1;GlimmerHMM},{ev_type:exonerate/ID=match.2566964.903/Target=lcl|KQ954474_1_prot_KWU45063_1_2525;exonerate}
133148	133022	initial-	4	4	{GeneMark_model.5000_t;GeneMark}

# EVM prediction: Mode:STANDARD S-ratio: 2.02 133883-135854 orient(-) score(5149.00) noncoding_equivalent(2555.20) raw_noncoding(2939.20) offset(384.00) 
134022	133883	terminal-	5	6	{GeneMark_model.5001_t;GeneMark}
134113	134023	INTRON			{GeneMark_model.5001_t;GeneMark}
134199	134114	internal-	6	4	{GeneMark_model.5001_t;GeneMark}
134260	134200	INTRON			{GlimmerHMM_glimmerT_4676-T1;GlimmerHMM},{GeneMark_model.5001_t;GeneMark}
134465	134261	internal-	5	5	{GlimmerHMM_glimmerT_4676-T1;GlimmerHMM},{GeneMark_model.5001_t;GeneMark}
134545	134466	INTRON			{GlimmerHMM_glimmerT_4676-T1;GlimmerHMM},{GeneMark_model.5001_t;GeneMark}
135854	134546	initial-	4	4	{GlimmerHMM_glimmerT_4676-T1;GlimmerHMM}

# EVM prediction: Mode:STANDARD S-ratio: 2.02 136961-138743 orient(-) score(5494.00) noncoding_equivalent(2721.66) raw_noncoding(3685.00) offset(963.34) 
137796	136961	terminal-	5	6	{GeneMark_model.5002_t;GeneMark},{GlimmerHMM_glimmerT_4677-T1;GlimmerHMM},{snap_scaffold_11-snap.279-T1;snap}
137869	137797	INTRON			{GeneMark_model.5002_t;GeneMark},{GlimmerHMM_glimmerT_4677-T1;GlimmerHMM},{ev_type:exonerate/ID=match.2566964.3925/Target=lcl|KQ954502_1_prot_KWU42704_1_4937;exonerate}
137951	137870	internal-	4	4	{GeneMark_model.5002_t;GeneMark},{GlimmerHMM_glimmerT_4677-T1;GlimmerHMM},{ev_type:exonerate/ID=match.2566964.3925/Target=lcl|KQ954502_1_prot_KWU42704_1_4937;exonerate}
138013	137952	INTRON			{GeneMark_model.5002_t;GeneMark},{GlimmerHMM_glimmerT_4677-T1;GlimmerHMM},{ev_type:exonerate/ID=match.2566964.3925/Target=lcl|KQ954502_1_prot_KWU42704_1_4937;exonerate}
138161	138014	internal-	6	6	{GeneMark_model.5002_t;GeneMark},{GlimmerHMM_glimmerT_4677-T1;GlimmerHMM},{ev_type:exonerate/ID=match.2566964.3925/Target=lcl|KQ954502_1_prot_KWU42704_1_4937;exonerate}
138323	138162	INTRON			{GeneMark_model.5002_t;GeneMark},{GlimmerHMM_glimmerT_4677-T1;GlimmerHMM},{ev_type:exonerate/ID=match.2566964.3925/Target=lcl|KQ954502_1_prot_KWU42704_1_4937;exonerate}
138386	138324	internal-	6	5	{GeneMark_model.5002_t;GeneMark},{GlimmerHMM_glimmerT_4677-T1;GlimmerHMM},{ev_type:exonerate/ID=match.2566964.3925/Target=lcl|KQ954502_1_prot_KWU42704_1_4937;exonerate}
138433	138387	INTRON			{GeneMark_model.5002_t;GeneMark},{GlimmerHMM_glimmerT_4677-T1;GlimmerHMM}
138588	138434	internal-	4	5	{GeneMark_model.5002_t;GeneMark},{GlimmerHMM_glimmerT_4677-T1;GlimmerHMM}
138725	138589	INTRON			{GeneMark_model.5002_t;GeneMark},{GlimmerHMM_glimmerT_4677-T1;GlimmerHMM},{ev_type:exonerate/ID=match.2566964.3925/Target=lcl|KQ954502_1_prot_KWU42704_1_4937;exonerate}
138743	138726	initial-	4	6	{GeneMark_model.5002_t;GeneMark},{GlimmerHMM_glimmerT_4677-T1;GlimmerHMM}

# EVM prediction: Mode:STANDARD S-ratio: 1.58 139469-143853 orient(-) score(10733.00) noncoding_equivalent(6804.56) raw_noncoding(7628.00) offset(823.44) 
140833	139469	terminal-	4	6	{GeneMark_model.5003_t;GeneMark},{snap_scaffold_11-snap.280-T1;snap},{GlimmerHMM_glimmerT_4678-T1;GlimmerHMM}
140899	140834	INTRON			{GeneMark_model.5003_t;GeneMark},{GlimmerHMM_glimmerT_4678-T1;GlimmerHMM}
141057	140900	internal-	5	6	{GeneMark_model.5003_t;GeneMark},{GlimmerHMM_glimmerT_4678-T1;GlimmerHMM}
141144	141058	INTRON			{GeneMark_model.5003_t;GeneMark},{GlimmerHMM_glimmerT_4678-T1;GlimmerHMM}
141736	141145	internal-	4	4	{GeneMark_model.5003_t;GeneMark},{GlimmerHMM_glimmerT_4678-T1;GlimmerHMM}
141801	141737	INTRON			{GeneMark_model.5003_t;GeneMark},{GlimmerHMM_glimmerT_4678-T1;GlimmerHMM}
141948	141802	internal-	4	6	{GeneMark_model.5003_t;GeneMark},{GlimmerHMM_glimmerT_4678-T1;GlimmerHMM}
142027	141949	INTRON			{GeneMark_model.5003_t;GeneMark},{GlimmerHMM_glimmerT_4678-T1;GlimmerHMM}
142609	142028	internal-	4	6	{GeneMark_model.5003_t;GeneMark},{GlimmerHMM_glimmerT_4678-T1;GlimmerHMM}
142686	142610	INTRON			{GeneMark_model.5003_t;GeneMark},{GlimmerHMM_glimmerT_4678-T1;GlimmerHMM}
143376	142687	internal-	4	6	{GeneMark_model.5003_t;GeneMark},{GlimmerHMM_glimmerT_4678-T1;GlimmerHMM}
143442	143377	INTRON			{GeneMark_model.5003_t;GeneMark},{GlimmerHMM_glimmerT_4678-T1;GlimmerHMM}
143853	143443	initial-	4	6	{GeneMark_model.5003_t;GeneMark},{GlimmerHMM_glimmerT_4678-T1;GlimmerHMM}

