!! Predictions spanning range 1223 - 64944 [R1]
# EVM prediction: Mode:STANDARD S-ratio: 3.24 1223-2368 orient(-) score(3479.00) noncoding_equivalent(1073.65) raw_noncoding(1556.85) offset(483.20) 
1277	1223	terminal-	6	6	{GeneMark_model.5866_t;GeneMark},{Augustus_model.g4519.t1;Augustus}
1346	1278	INTRON			{GeneMark_model.5866_t;GeneMark},{Augustus_model.g4519.t1;Augustus}
1399	1347	internal-	4	5	{GeneMark_model.5866_t;GeneMark},{Augustus_model.g4519.t1;Augustus}
1484	1400	INTRON			{GeneMark_model.5866_t;GeneMark},{Augustus_model.g4519.t1;Augustus}
1604	1485	internal-	4	6	{GeneMark_model.5866_t;GeneMark},{Augustus_model.g4519.t1;Augustus}
1689	1605	INTRON			{GeneMark_model.5866_t;GeneMark}
2278	1690	internal-	6	6	{GeneMark_model.5866_t;GeneMark}
2351	2279	INTRON			{GlimmerHMM_glimmerT_5475-T1;GlimmerHMM},{GeneMark_model.5866_t;GeneMark},{Augustus_model.g4519.t1;Augustus}
2368	2352	initial-	4	5	{GlimmerHMM_glimmerT_5475-T1;GlimmerHMM},{GeneMark_model.5866_t;GeneMark},{Augustus_model.g4519.t1;Augustus}

# EVM prediction: Mode:STANDARD S-ratio: 3.45 2765-5815 orient(+) score(10315.00) noncoding_equivalent(2993.13) raw_noncoding(3557.00) offset(563.87) 
2765	3182	initial+	1	1	{Augustus_model.g4520.t1;Augustus},{GeneMark_model.5867_t;GeneMark},{GlimmerHMM_glimmerT_5476-T1;GlimmerHMM}
3183	3246	INTRON			{Augustus_model.g4520.t1;Augustus},{GeneMark_model.5867_t;GeneMark},{GlimmerHMM_glimmerT_5476-T1;GlimmerHMM}
3247	3327	internal+	2	1	{Augustus_model.g4520.t1;Augustus},{GeneMark_model.5867_t;GeneMark},{GlimmerHMM_glimmerT_5476-T1;GlimmerHMM}
3328	3399	INTRON			{Augustus_model.g4520.t1;Augustus},{GeneMark_model.5867_t;GeneMark},{GlimmerHMM_glimmerT_5476-T1;GlimmerHMM}
3400	3895	internal+	2	2	{Augustus_model.g4520.t1;Augustus},{GeneMark_model.5867_t;GeneMark},{GlimmerHMM_glimmerT_5476-T1;GlimmerHMM}
3896	3963	INTRON			{Augustus_model.g4520.t1;Augustus},{GeneMark_model.5867_t;GeneMark},{GlimmerHMM_glimmerT_5476-T1;GlimmerHMM}
3964	4115	internal+	3	1	{Augustus_model.g4520.t1;Augustus},{GeneMark_model.5867_t;GeneMark},{GlimmerHMM_glimmerT_5476-T1;GlimmerHMM}
4116	4178	INTRON			{Augustus_model.g4520.t1;Augustus},{GeneMark_model.5867_t;GeneMark},{GlimmerHMM_glimmerT_5476-T1;GlimmerHMM}
4179	4261	internal+	2	3	{Augustus_model.g4520.t1;Augustus},{GeneMark_model.5867_t;GeneMark},{GlimmerHMM_glimmerT_5476-T1;GlimmerHMM}
4262	4326	INTRON			{Augustus_model.g4520.t1;Augustus},{GeneMark_model.5867_t;GeneMark},{GlimmerHMM_glimmerT_5476-T1;GlimmerHMM}
4327	4516	internal+	1	1	{Augustus_model.g4520.t1;Augustus},{GeneMark_model.5867_t;GeneMark},{GlimmerHMM_glimmerT_5476-T1;GlimmerHMM}
4517	4579	INTRON			{Augustus_model.g4520.t1;Augustus},{GeneMark_model.5867_t;GeneMark},{GlimmerHMM_glimmerT_5476-T1;GlimmerHMM}
4580	4653	internal+	2	3	{Augustus_model.g4520.t1;Augustus},{GeneMark_model.5867_t;GeneMark},{GlimmerHMM_glimmerT_5476-T1;GlimmerHMM}
4654	4715	INTRON			{Augustus_model.g4520.t1;Augustus},{GeneMark_model.5867_t;GeneMark},{GlimmerHMM_glimmerT_5476-T1;GlimmerHMM}
4716	4890	internal+	1	1	{Augustus_model.g4520.t1;Augustus},{GeneMark_model.5867_t;GeneMark},{GlimmerHMM_glimmerT_5476-T1;GlimmerHMM}
4891	4948	INTRON			{Augustus_model.g4520.t1;Augustus},{GeneMark_model.5867_t;GeneMark},{GlimmerHMM_glimmerT_5476-T1;GlimmerHMM}
4949	5499	internal+	2	3	{Augustus_model.g4520.t1;Augustus},{GeneMark_model.5867_t;GeneMark},{GlimmerHMM_glimmerT_5476-T1;GlimmerHMM}
5500	5559	INTRON			{Augustus_model.g4520.t1;Augustus},{GeneMark_model.5867_t;GeneMark},{GlimmerHMM_glimmerT_5476-T1;GlimmerHMM}
5560	5694	internal+	1	3	{Augustus_model.g4520.t1;Augustus},{GeneMark_model.5867_t;GeneMark},{GlimmerHMM_glimmerT_5476-T1;GlimmerHMM}
5695	5773	INTRON			{Augustus_model.g4520.t1;Augustus},{GeneMark_model.5867_t;GeneMark}
5774	5815	terminal+	1	3	{Augustus_model.g4520.t1;Augustus},{GeneMark_model.5867_t;GeneMark}

# EVM prediction: Mode:STANDARD S-ratio: 4.55 5947-11466 orient(-) score(18987.00) noncoding_equivalent(4176.36) raw_noncoding(4926.00) offset(749.64) 
6103	5947	terminal-	6	6	{GlimmerHMM_glimmerT_5477-T1;GlimmerHMM},{GeneMark_model.5868_t;GeneMark},{Augustus_model.g4521.t1;Augustus}
6165	6104	INTRON			{GlimmerHMM_glimmerT_5477-T1;GlimmerHMM},{GeneMark_model.5868_t;GeneMark},{Augustus_model.g4521.t1;Augustus}
6399	6166	internal-	6	5	{GlimmerHMM_glimmerT_5477-T1;GlimmerHMM},{GeneMark_model.5868_t;GeneMark},{Augustus_model.g4521.t1;Augustus}
6466	6400	INTRON			{GlimmerHMM_glimmerT_5477-T1;GlimmerHMM},{GeneMark_model.5868_t;GeneMark},{Augustus_model.g4521.t1;Augustus}
6570	6467	internal-	4	5	{GlimmerHMM_glimmerT_5477-T1;GlimmerHMM},{GeneMark_model.5868_t;GeneMark},{Augustus_model.g4521.t1;Augustus}
6631	6571	INTRON			{GlimmerHMM_glimmerT_5477-T1;GlimmerHMM},{GeneMark_model.5868_t;GeneMark},{Augustus_model.g4521.t1;Augustus}
6740	6632	internal-	6	6	{GlimmerHMM_glimmerT_5477-T1;GlimmerHMM},{GeneMark_model.5868_t;GeneMark},{Augustus_model.g4521.t1;Augustus}
6794	6741	INTRON			{GlimmerHMM_glimmerT_5477-T1;GlimmerHMM},{GeneMark_model.5868_t;GeneMark},{Augustus_model.g4521.t1;Augustus}
7183	6795	internal-	4	5	{GlimmerHMM_glimmerT_5477-T1;GlimmerHMM},{GeneMark_model.5868_t;GeneMark},{Augustus_model.g4521.t1;Augustus}
7245	7184	INTRON			{GlimmerHMM_glimmerT_5477-T1;GlimmerHMM},{GeneMark_model.5868_t;GeneMark},{Augustus_model.g4521.t1;Augustus}
7644	7246	internal-	4	6	{GlimmerHMM_glimmerT_5477-T1;GlimmerHMM},{GeneMark_model.5868_t;GeneMark},{Augustus_model.g4521.t1;Augustus}
7709	7645	INTRON			{GlimmerHMM_glimmerT_5477-T1;GlimmerHMM},{GeneMark_model.5868_t;GeneMark},{Augustus_model.g4521.t1;Augustus}
7791	7710	internal-	6	6	{GlimmerHMM_glimmerT_5477-T1;GlimmerHMM},{GeneMark_model.5868_t;GeneMark},{Augustus_model.g4521.t1;Augustus}
7853	7792	INTRON			{GlimmerHMM_glimmerT_5477-T1;GlimmerHMM},{GeneMark_model.5868_t;GeneMark},{Augustus_model.g4521.t1;Augustus}
8274	7854	internal-	5	5	{GeneMark_model.5868_t;GeneMark},{Augustus_model.g4521.t1;Augustus}
8343	8275	INTRON			{GeneMark_model.5868_t;GeneMark},{Augustus_model.g4521.t1;Augustus}
8458	8344	internal-	4	4	{GeneMark_model.5868_t;GeneMark},{Augustus_model.g4521.t1;Augustus}
8530	8459	INTRON			{GeneMark_model.5868_t;GeneMark},{Augustus_model.g4521.t1;Augustus}
9806	8531	internal-	6	6	{GeneMark_model.5868_t;GeneMark},{Augustus_model.g4521.t1;Augustus}
9871	9807	INTRON			{GlimmerHMM_glimmerT_5477-T1;GlimmerHMM},{snap_scaffold_15-snap.5-T1;snap},{GeneMark_model.5868_t;GeneMark},{Augustus_model.g4521.t1;Augustus}
10057	9872	internal-	6	5	{GlimmerHMM_glimmerT_5477-T1;GlimmerHMM},{GeneMark_model.5868_t;GeneMark},{Augustus_model.g4521.t1;Augustus}
10124	10058	INTRON			{Augustus_model.g4521.t1;Augustus}
10264	10125	internal-	4	5	{Augustus_model.g4521.t1;Augustus}
10336	10265	INTRON			{GlimmerHMM_glimmerT_5477-T1;GlimmerHMM},{GeneMark_model.5868_t;GeneMark},{Augustus_model.g4521.t1;Augustus}
11085	10337	internal-	5	6	{GeneMark_model.5868_t;GeneMark},{Augustus_model.g4521.t1;Augustus}
11150	11086	INTRON			{GeneMark_model.5868_t;GeneMark},{Augustus_model.g4521.t1;Augustus}
11466	11151	initial-	4	4	{GeneMark_model.5868_t;GeneMark}

# EVM prediction: Mode:STANDARD S-ratio: 1.62 11855-13148 orient(+) score(4089.00) noncoding_equivalent(2531.81) raw_noncoding(3222.23) offset(690.42) 
11855	11974	initial+	1	3	{GlimmerHMM_glimmerT_5478-T1;GlimmerHMM},{Augustus_model.g4522.t1;Augustus},{GeneMark_model.5869_t;GeneMark}
11975	12387	INTRON			{GlimmerHMM_glimmerT_5478-T1;GlimmerHMM},{Augustus_model.g4522.t1;Augustus},{GeneMark_model.5869_t;GeneMark}
12388	12508	internal+	1	1	{GlimmerHMM_glimmerT_5478-T1;GlimmerHMM},{Augustus_model.g4522.t1;Augustus},{GeneMark_model.5869_t;GeneMark}
12509	12592	INTRON			{GlimmerHMM_glimmerT_5478-T1;GlimmerHMM},{Augustus_model.g4522.t1;Augustus},{GeneMark_model.5869_t;GeneMark}
12593	12642	internal+	2	3	{GlimmerHMM_glimmerT_5478-T1;GlimmerHMM},{Augustus_model.g4522.t1;Augustus},{GeneMark_model.5869_t;GeneMark}
12643	12727	INTRON			{GlimmerHMM_glimmerT_5478-T1;GlimmerHMM},{snap_scaffold_15-snap.7-T1;snap},{Augustus_model.g4522.t1;Augustus},{GeneMark_model.5869_t;GeneMark}
12728	12939	internal+	1	2	{GlimmerHMM_glimmerT_5478-T1;GlimmerHMM},{Augustus_model.g4522.t1;Augustus},{GeneMark_model.5869_t;GeneMark}
12940	13005	INTRON			{GlimmerHMM_glimmerT_5478-T1;GlimmerHMM},{Augustus_model.g4522.t1;Augustus},{GeneMark_model.5869_t;GeneMark}
13006	13065	internal+	3	2	{Augustus_model.g4522.t1;Augustus},{GeneMark_model.5869_t;GeneMark}
13066	13126	INTRON			{Augustus_model.g4522.t1;Augustus},{GeneMark_model.5869_t;GeneMark}
13127	13148	terminal+	3	3	{Augustus_model.g4522.t1;Augustus},{GeneMark_model.5869_t;GeneMark}

# EVM prediction: Mode:STANDARD S-ratio: 3.87 13717-15463 orient(+) score(5871.00) noncoding_equivalent(1518.12) raw_noncoding(1900.45) offset(382.33) 
13717	13783	initial+	1	1	{GeneMark_model.5870_t;GeneMark},{Augustus_model.g4523.t1;Augustus}
13784	13896	INTRON			{GeneMark_model.5870_t;GeneMark},{Augustus_model.g4523.t1;Augustus}
13897	14153	internal+	2	3	{GlimmerHMM_glimmerT_5478-T1;GlimmerHMM},{GeneMark_model.5870_t;GeneMark},{Augustus_model.g4523.t1;Augustus}
14154	14226	INTRON			{GlimmerHMM_glimmerT_5478-T1;GlimmerHMM},{GeneMark_model.5870_t;GeneMark},{Augustus_model.g4523.t1;Augustus}
14227	14960	internal+	1	2	{GlimmerHMM_glimmerT_5478-T1;GlimmerHMM},{GeneMark_model.5870_t;GeneMark},{Augustus_model.g4523.t1;Augustus}
14961	15024	INTRON			{GlimmerHMM_glimmerT_5478-T1;GlimmerHMM},{GeneMark_model.5870_t;GeneMark},{Augustus_model.g4523.t1;Augustus}
15025	15116	internal+	3	1	{GlimmerHMM_glimmerT_5478-T1;GlimmerHMM},{GeneMark_model.5870_t;GeneMark},{Augustus_model.g4523.t1;Augustus}
15117	15188	INTRON			{GlimmerHMM_glimmerT_5478-T1;GlimmerHMM},{GeneMark_model.5870_t;GeneMark},{Augustus_model.g4523.t1;Augustus}
15189	15463	terminal+	2	3	{GlimmerHMM_glimmerT_5478-T1;GlimmerHMM},{GeneMark_model.5870_t;GeneMark},{Augustus_model.g4523.t1;Augustus}

# EVM prediction: Mode:STANDARD S-ratio: 2.38 15704-17432 orient(+) score(5253.00) noncoding_equivalent(2205.43) raw_noncoding(3151.00) offset(945.57) 
15704	16160	initial+	1	1	{GeneMark_model.5871_t;GeneMark},{Augustus_model.g4524.t1;Augustus},{GlimmerHMM_glimmerT_5479-T1;GlimmerHMM}
16161	16236	INTRON			{GeneMark_model.5871_t;GeneMark},{Augustus_model.g4524.t1;Augustus},{GlimmerHMM_glimmerT_5479-T1;GlimmerHMM}
16237	16323	internal+	2	1	{GeneMark_model.5871_t;GeneMark},{Augustus_model.g4524.t1;Augustus},{GlimmerHMM_glimmerT_5479-T1;GlimmerHMM}
16324	16397	INTRON			{GeneMark_model.5871_t;GeneMark},{Augustus_model.g4524.t1;Augustus}
16398	16409	internal+	2	1	{GeneMark_model.5871_t;GeneMark},{Augustus_model.g4524.t1;Augustus}
16410	16475	INTRON			{GeneMark_model.5871_t;GeneMark},{Augustus_model.g4524.t1;Augustus}
16476	16581	internal+	2	2	{GeneMark_model.5871_t;GeneMark},{Augustus_model.g4524.t1;Augustus},{GlimmerHMM_glimmerT_5479-T1;GlimmerHMM}
16582	16659	INTRON			{GeneMark_model.5871_t;GeneMark},{Augustus_model.g4524.t1;Augustus},{GlimmerHMM_glimmerT_5479-T1;GlimmerHMM}
16660	16912	internal+	3	3	{GeneMark_model.5871_t;GeneMark},{Augustus_model.g4524.t1;Augustus},{GlimmerHMM_glimmerT_5479-T1;GlimmerHMM}
16913	17018	INTRON			{GeneMark_model.5871_t;GeneMark},{Augustus_model.g4524.t1;Augustus}
17019	17045	internal+	1	3	{GeneMark_model.5871_t;GeneMark},{Augustus_model.g4524.t1;Augustus}
17046	17151	INTRON			{GeneMark_model.5871_t;GeneMark},{Augustus_model.g4524.t1;Augustus}
17152	17239	internal+	1	1	{GeneMark_model.5871_t;GeneMark},{Augustus_model.g4524.t1;Augustus},{GlimmerHMM_glimmerT_5479-T1;GlimmerHMM}
17240	17364	INTRON			{GeneMark_model.5871_t;GeneMark},{Augustus_model.g4524.t1;Augustus},{GlimmerHMM_glimmerT_5479-T1;GlimmerHMM}
17365	17432	terminal+	2	3	{GeneMark_model.5871_t;GeneMark},{Augustus_model.g4524.t1;Augustus},{GlimmerHMM_glimmerT_5479-T1;GlimmerHMM}

# EVM prediction: Mode:STANDARD S-ratio: 1.83 17664-18080 orient(-) score(1251.00) noncoding_equivalent(683.00) raw_noncoding(829.00) offset(146.00) 
17792	17664	terminal-	4	6	{Augustus_model.g4525.t1;Augustus},{GeneMark_model.5872_t;GeneMark},{GlimmerHMM_glimmerT_5480-T1;GlimmerHMM}
17864	17793	INTRON			{Augustus_model.g4525.t1;Augustus},{GeneMark_model.5872_t;GeneMark},{GlimmerHMM_glimmerT_5480-T1;GlimmerHMM}
17920	17865	internal-	5	6	{Augustus_model.g4525.t1;Augustus},{GeneMark_model.5872_t;GeneMark},{GlimmerHMM_glimmerT_5480-T1;GlimmerHMM}
17986	17921	INTRON			{Augustus_model.g4525.t1;Augustus},{GeneMark_model.5872_t;GeneMark},{GlimmerHMM_glimmerT_5480-T1;GlimmerHMM}
18080	17987	initial-	4	4	{Augustus_model.g4525.t1;Augustus},{GeneMark_model.5872_t;GeneMark},{GlimmerHMM_glimmerT_5480-T1;GlimmerHMM}

# EVM prediction: Mode:STANDARD S-ratio: 2.71 18238-24185 orient(+) score(21778.00) noncoding_equivalent(8025.58) raw_noncoding(11086.72) offset(3061.14) 
18238	18317	initial+	1	2	{GlimmerHMM_glimmerT_5481-T1;GlimmerHMM},{Augustus_model.g4526.t1;Augustus},{GeneMark_model.5873_t;GeneMark}
18318	18505	INTRON			{GlimmerHMM_glimmerT_5481-T1;GlimmerHMM},{Augustus_model.g4526.t1;Augustus},{GeneMark_model.5873_t;GeneMark},{ev_type:exonerate/ID=match.2566964.4328/Target=lcl|KQ954471_1_prot_KWU45624_1_2152;exonerate}
18506	18612	internal+	3	1	{GlimmerHMM_glimmerT_5481-T1;GlimmerHMM},{Augustus_model.g4526.t1;Augustus},{GeneMark_model.5873_t;GeneMark},{ev_type:exonerate/ID=match.2566964.4328/Target=lcl|KQ954471_1_prot_KWU45624_1_2152;exonerate}
18613	18699	INTRON			{GlimmerHMM_glimmerT_5481-T1;GlimmerHMM},{Augustus_model.g4526.t1;Augustus},{GeneMark_model.5873_t;GeneMark},{ev_type:exonerate/ID=match.2566964.4328/Target=lcl|KQ954471_1_prot_KWU45624_1_2152;exonerate}
18700	18765	internal+	2	1	{GlimmerHMM_glimmerT_5481-T1;GlimmerHMM},{Augustus_model.g4526.t1;Augustus},{GeneMark_model.5873_t;GeneMark},{ev_type:exonerate/ID=match.2566964.4328/Target=lcl|KQ954471_1_prot_KWU45624_1_2152;exonerate}
18766	18840	INTRON			{GlimmerHMM_glimmerT_5481-T1;GlimmerHMM},{Augustus_model.g4526.t1;Augustus},{GeneMark_model.5873_t;GeneMark},{ev_type:exonerate/ID=match.2566964.4328/Target=lcl|KQ954471_1_prot_KWU45624_1_2152;exonerate}
18841	18990	internal+	2	1	{GlimmerHMM_glimmerT_5481-T1;GlimmerHMM},{Augustus_model.g4526.t1;Augustus},{GeneMark_model.5873_t;GeneMark},{ev_type:exonerate/ID=match.2566964.4328/Target=lcl|KQ954471_1_prot_KWU45624_1_2152;exonerate}
18991	19055	INTRON			{GlimmerHMM_glimmerT_5481-T1;GlimmerHMM},{Augustus_model.g4526.t1;Augustus},{GeneMark_model.5873_t;GeneMark},{ev_type:exonerate/ID=match.2566964.4328/Target=lcl|KQ954471_1_prot_KWU45624_1_2152;exonerate}
19056	19093	internal+	2	3	{GlimmerHMM_glimmerT_5481-T1;GlimmerHMM},{Augustus_model.g4526.t1;Augustus},{GeneMark_model.5873_t;GeneMark},{ev_type:exonerate/ID=match.2566964.4328/Target=lcl|KQ954471_1_prot_KWU45624_1_2152;exonerate}
19094	19171	INTRON			{GlimmerHMM_glimmerT_5481-T1;GlimmerHMM},{Augustus_model.g4526.t1;Augustus},{GeneMark_model.5873_t;GeneMark},{ev_type:exonerate/ID=match.2566964.4328/Target=lcl|KQ954471_1_prot_KWU45624_1_2152;exonerate}
19172	19617	internal+	1	2	{GlimmerHMM_glimmerT_5481-T1;GlimmerHMM},{Augustus_model.g4526.t1;Augustus},{GeneMark_model.5873_t;GeneMark},{ev_type:exonerate/ID=match.2566964.4328/Target=lcl|KQ954471_1_prot_KWU45624_1_2152;exonerate}
19618	19688	INTRON			{GlimmerHMM_glimmerT_5481-T1;GlimmerHMM},{Augustus_model.g4526.t1;Augustus},{GeneMark_model.5873_t;GeneMark},{ev_type:exonerate/ID=match.2566964.4328/Target=lcl|KQ954471_1_prot_KWU45624_1_2152;exonerate}
19689	19773	internal+	3	3	{GlimmerHMM_glimmerT_5481-T1;GlimmerHMM},{Augustus_model.g4526.t1;Augustus},{GeneMark_model.5873_t;GeneMark},{ev_type:exonerate/ID=match.2566964.4328/Target=lcl|KQ954471_1_prot_KWU45624_1_2152;exonerate}
19774	19844	INTRON			{GlimmerHMM_glimmerT_5481-T1;GlimmerHMM},{Augustus_model.g4526.t1;Augustus},{GeneMark_model.5873_t;GeneMark},{ev_type:exonerate/ID=match.2566964.4328/Target=lcl|KQ954471_1_prot_KWU45624_1_2152;exonerate}
19845	19993	internal+	1	2	{GlimmerHMM_glimmerT_5481-T1;GlimmerHMM},{Augustus_model.g4526.t1;Augustus},{GeneMark_model.5873_t;GeneMark},{ev_type:exonerate/ID=match.2566964.4328/Target=lcl|KQ954471_1_prot_KWU45624_1_2152;exonerate}
19994	20070	INTRON			{GlimmerHMM_glimmerT_5481-T1;GlimmerHMM},{Augustus_model.g4526.t1;Augustus},{GeneMark_model.5873_t;GeneMark},{ev_type:exonerate/ID=match.2566964.4328/Target=lcl|KQ954471_1_prot_KWU45624_1_2152;exonerate}
20071	20680	internal+	3	3	{GeneMark_model.5873_t;GeneMark}
20681	20761	INTRON			{GeneMark_model.5873_t;GeneMark},{ev_type:exonerate/ID=match.2566964.4328/Target=lcl|KQ954471_1_prot_KWU45624_1_2152;exonerate}
20762	20893	internal+	1	3	{GeneMark_model.5873_t;GeneMark},{ev_type:exonerate/ID=match.2566964.4328/Target=lcl|KQ954471_1_prot_KWU45624_1_2152;exonerate}
20894	20993	INTRON			{GlimmerHMM_glimmerT_5481-T1;GlimmerHMM},{Augustus_model.g4526.t1;Augustus},{GeneMark_model.5873_t;GeneMark},{ev_type:exonerate/ID=match.2566964.4328/Target=lcl|KQ954471_1_prot_KWU45624_1_2152;exonerate}
20994	21065	internal+	1	3	{GlimmerHMM_glimmerT_5481-T1;GlimmerHMM},{Augustus_model.g4526.t1;Augustus},{GeneMark_model.5873_t;GeneMark},{ev_type:exonerate/ID=match.2566964.4328/Target=lcl|KQ954471_1_prot_KWU45624_1_2152;exonerate}
21066	21136	INTRON			{GlimmerHMM_glimmerT_5481-T1;GlimmerHMM},{Augustus_model.g4526.t1;Augustus},{GeneMark_model.5873_t;GeneMark},{ev_type:exonerate/ID=match.2566964.4328/Target=lcl|KQ954471_1_prot_KWU45624_1_2152;exonerate}
21137	21261	internal+	1	2	{GlimmerHMM_glimmerT_5481-T1;GlimmerHMM},{Augustus_model.g4526.t1;Augustus},{GeneMark_model.5873_t;GeneMark}
21262	21323	INTRON			{GlimmerHMM_glimmerT_5481-T1;GlimmerHMM},{Augustus_model.g4526.t1;Augustus},{GeneMark_model.5873_t;GeneMark}
21324	21595	internal+	3	1	{GlimmerHMM_glimmerT_5481-T1;GlimmerHMM},{GeneMark_model.5873_t;GeneMark}
21596	21839	INTRON			{GlimmerHMM_glimmerT_5481-T1;GlimmerHMM}
21840	22031	internal+	2	1	{GlimmerHMM_glimmerT_5481-T1;GlimmerHMM}
22032	22337	INTRON			{GlimmerHMM_glimmerT_5481-T1;GlimmerHMM},{GeneMark_model.5873_t;GeneMark}
22338	22357	internal+	2	3	{GlimmerHMM_glimmerT_5481-T1;GlimmerHMM},{Augustus_model.g4526.t1;Augustus},{GeneMark_model.5873_t;GeneMark}
22358	22509	INTRON			{GlimmerHMM_glimmerT_5481-T1;GlimmerHMM},{Augustus_model.g4526.t1;Augustus},{GeneMark_model.5873_t;GeneMark}
22510	22607	internal+	1	2	{GlimmerHMM_glimmerT_5481-T1;GlimmerHMM},{Augustus_model.g4526.t1;Augustus},{GeneMark_model.5873_t;GeneMark}
22608	22697	INTRON			{Augustus_model.g4526.t1;Augustus},{GeneMark_model.5873_t;GeneMark},{ev_type:exonerate/ID=match.2566964.4334/Target=lcl|KQ954471_1_prot_KWU45623_1_2151;exonerate}
22698	22718	internal+	3	2	{Augustus_model.g4526.t1;Augustus},{GeneMark_model.5873_t;GeneMark},{ev_type:exonerate/ID=match.2566964.4334/Target=lcl|KQ954471_1_prot_KWU45623_1_2151;exonerate}
22719	22780	INTRON			{Augustus_model.g4526.t1;Augustus},{GeneMark_model.5873_t;GeneMark},{ev_type:exonerate/ID=match.2566964.4334/Target=lcl|KQ954471_1_prot_KWU45623_1_2151;exonerate}
22781	23072	internal+	3	3	{GlimmerHMM_glimmerT_5481-T1;GlimmerHMM},{Augustus_model.g4526.t1;Augustus},{GeneMark_model.5873_t;GeneMark},{ev_type:exonerate/ID=match.2566964.4334/Target=lcl|KQ954471_1_prot_KWU45623_1_2151;exonerate}
23073	23163	INTRON			{GlimmerHMM_glimmerT_5481-T1;GlimmerHMM},{Augustus_model.g4526.t1;Augustus},{GeneMark_model.5873_t;GeneMark},{ev_type:exonerate/ID=match.2566964.4334/Target=lcl|KQ954471_1_prot_KWU45623_1_2151;exonerate}
23164	23469	internal+	1	3	{GlimmerHMM_glimmerT_5481-T1;GlimmerHMM},{Augustus_model.g4526.t1;Augustus},{GeneMark_model.5873_t;GeneMark},{ev_type:exonerate/ID=match.2566964.4334/Target=lcl|KQ954471_1_prot_KWU45623_1_2151;exonerate}
23470	23548	INTRON			{Augustus_model.g4526.t1;Augustus},{GeneMark_model.5873_t;GeneMark},{ev_type:exonerate/ID=match.2566964.4334/Target=lcl|KQ954471_1_prot_KWU45623_1_2151;exonerate}
23549	23632	internal+	1	3	{Augustus_model.g4526.t1;Augustus},{GeneMark_model.5873_t;GeneMark},{ev_type:exonerate/ID=match.2566964.4334/Target=lcl|KQ954471_1_prot_KWU45623_1_2151;exonerate}
23633	23703	INTRON			{Augustus_model.g4526.t1;Augustus},{GeneMark_model.5873_t;GeneMark},{ev_type:exonerate/ID=match.2566964.4334/Target=lcl|KQ954471_1_prot_KWU45623_1_2151;exonerate}
23704	24066	internal+	1	3	{GlimmerHMM_glimmerT_5481-T1;GlimmerHMM},{Augustus_model.g4526.t1;Augustus},{GeneMark_model.5873_t;GeneMark},{ev_type:exonerate/ID=match.2566964.4334/Target=lcl|KQ954471_1_prot_KWU45623_1_2151;exonerate}
24067	24131	INTRON			{GlimmerHMM_glimmerT_5481-T1;GlimmerHMM},{Augustus_model.g4526.t1;Augustus},{GeneMark_model.5873_t;GeneMark},{ev_type:exonerate/ID=match.2566964.4334/Target=lcl|KQ954471_1_prot_KWU45623_1_2151;exonerate}
24132	24185	terminal+	1	3	{GlimmerHMM_glimmerT_5481-T1;GlimmerHMM},{Augustus_model.g4526.t1;Augustus},{GeneMark_model.5873_t;GeneMark}

# EVM prediction: Mode:STANDARD S-ratio: 3.95 24366-26741 orient(-) score(14933.00) noncoding_equivalent(3784.04) raw_noncoding(4866.00) offset(1081.96) 
24632	24366	terminal-	4	6	{GlimmerHMM_glimmerT_5482-T1;GlimmerHMM},{GeneMark_model.5874_t;GeneMark},{HiQ_model.g4527.t1;HiQ}
24698	24633	INTRON			{GeneMark_model.5874_t;GeneMark},{HiQ_model.g4527.t1;HiQ},{ev_type:exonerate/ID=match.2566964.3884/Target=lcl|KQ954471_1_prot_KWU45622_1_2150;exonerate},{ev_type:exonerate/ID=match.2566964.3880/Target=lcl|PJQD01000015_1_prot_POY75399_1_1147;exonerate}
24728	24699	internal-	4	6	{GeneMark_model.5874_t;GeneMark},{HiQ_model.g4527.t1;HiQ},{ev_type:exonerate/ID=match.2566964.3884/Target=lcl|KQ954471_1_prot_KWU45622_1_2150;exonerate},{ev_type:exonerate/ID=match.2566964.3880/Target=lcl|PJQD01000015_1_prot_POY75399_1_1147;exonerate}
24796	24729	INTRON			{GeneMark_model.5874_t;GeneMark},{HiQ_model.g4527.t1;HiQ},{ev_type:exonerate/ID=match.2566964.3884/Target=lcl|KQ954471_1_prot_KWU45622_1_2150;exonerate},{ev_type:exonerate/ID=match.2566964.3880/Target=lcl|PJQD01000015_1_prot_POY75399_1_1147;exonerate}
25352	24797	internal-	6	6	{GlimmerHMM_glimmerT_5482-T1;GlimmerHMM},{GeneMark_model.5874_t;GeneMark},{HiQ_model.g4527.t1;HiQ},{ev_type:exonerate/ID=match.2566964.3884/Target=lcl|KQ954471_1_prot_KWU45622_1_2150;exonerate},{ev_type:exonerate/ID=match.2566964.3880/Target=lcl|PJQD01000015_1_prot_POY75399_1_1147;exonerate}
25420	25353	INTRON			{GlimmerHMM_glimmerT_5482-T1;GlimmerHMM},{GeneMark_model.5874_t;GeneMark},{HiQ_model.g4527.t1;HiQ},{ev_type:exonerate/ID=match.2566964.3884/Target=lcl|KQ954471_1_prot_KWU45622_1_2150;exonerate},{ev_type:exonerate/ID=match.2566964.3880/Target=lcl|PJQD01000015_1_prot_POY75399_1_1147;exonerate}
25459	25421	internal-	6	5	{GlimmerHMM_glimmerT_5482-T1;GlimmerHMM},{GeneMark_model.5874_t;GeneMark},{HiQ_model.g4527.t1;HiQ},{ev_type:exonerate/ID=match.2566964.3884/Target=lcl|KQ954471_1_prot_KWU45622_1_2150;exonerate},{ev_type:exonerate/ID=match.2566964.3880/Target=lcl|PJQD01000015_1_prot_POY75399_1_1147;exonerate}
25523	25460	INTRON			{GeneMark_model.5874_t;GeneMark},{HiQ_model.g4527.t1;HiQ},{ev_type:exonerate/ID=match.2566964.3884/Target=lcl|KQ954471_1_prot_KWU45622_1_2150;exonerate},{ev_type:exonerate/ID=match.2566964.3880/Target=lcl|PJQD01000015_1_prot_POY75399_1_1147;exonerate}
25782	25524	internal-	5	5	{GeneMark_model.5874_t;GeneMark},{HiQ_model.g4527.t1;HiQ},{ev_type:exonerate/ID=match.2566964.3884/Target=lcl|KQ954471_1_prot_KWU45622_1_2150;exonerate},{ev_type:exonerate/ID=match.2566964.3880/Target=lcl|PJQD01000015_1_prot_POY75399_1_1147;exonerate}
25847	25783	INTRON			{GlimmerHMM_glimmerT_5482-T1;GlimmerHMM},{GeneMark_model.5874_t;GeneMark},{HiQ_model.g4527.t1;HiQ},{ev_type:exonerate/ID=match.2566964.3884/Target=lcl|KQ954471_1_prot_KWU45622_1_2150;exonerate},{ev_type:exonerate/ID=match.2566964.3880/Target=lcl|PJQD01000015_1_prot_POY75399_1_1147;exonerate}
25970	25848	internal-	5	4	{GlimmerHMM_glimmerT_5482-T1;GlimmerHMM},{GeneMark_model.5874_t;GeneMark},{HiQ_model.g4527.t1;HiQ},{ev_type:exonerate/ID=match.2566964.3884/Target=lcl|KQ954471_1_prot_KWU45622_1_2150;exonerate},{ev_type:exonerate/ID=match.2566964.3880/Target=lcl|PJQD01000015_1_prot_POY75399_1_1147;exonerate}
26038	25971	INTRON			{GlimmerHMM_glimmerT_5482-T1;GlimmerHMM},{GeneMark_model.5874_t;GeneMark},{snap_scaffold_15-snap.12-T1;snap},{HiQ_model.g4527.t1;HiQ},{ev_type:exonerate/ID=match.2566964.3884/Target=lcl|KQ954471_1_prot_KWU45622_1_2150;exonerate},{ev_type:exonerate/ID=match.2566964.3880/Target=lcl|PJQD01000015_1_prot_POY75399_1_1147;exonerate}
26162	26039	internal-	4	4	{GlimmerHMM_glimmerT_5482-T1;GlimmerHMM},{GeneMark_model.5874_t;GeneMark},{HiQ_model.g4527.t1;HiQ},{ev_type:exonerate/ID=match.2566964.3884/Target=lcl|KQ954471_1_prot_KWU45622_1_2150;exonerate},{ev_type:exonerate/ID=match.2566964.3880/Target=lcl|PJQD01000015_1_prot_POY75399_1_1147;exonerate}
26245	26163	INTRON			{GlimmerHMM_glimmerT_5482-T1;GlimmerHMM},{GeneMark_model.5874_t;GeneMark},{HiQ_model.g4527.t1;HiQ},{ev_type:exonerate/ID=match.2566964.3884/Target=lcl|KQ954471_1_prot_KWU45622_1_2150;exonerate},{ev_type:exonerate/ID=match.2566964.3880/Target=lcl|PJQD01000015_1_prot_POY75399_1_1147;exonerate}
26461	26246	internal-	4	6	{GlimmerHMM_glimmerT_5482-T1;GlimmerHMM},{GeneMark_model.5874_t;GeneMark},{HiQ_model.g4527.t1;HiQ},{ev_type:exonerate/ID=match.2566964.3884/Target=lcl|KQ954471_1_prot_KWU45622_1_2150;exonerate},{ev_type:exonerate/ID=match.2566964.3880/Target=lcl|PJQD01000015_1_prot_POY75399_1_1147;exonerate}
26537	26462	INTRON			{GlimmerHMM_glimmerT_5482-T1;GlimmerHMM},{GeneMark_model.5874_t;GeneMark},{HiQ_model.g4527.t1;HiQ},{ev_type:exonerate/ID=match.2566964.3884/Target=lcl|KQ954471_1_prot_KWU45622_1_2150;exonerate},{ev_type:exonerate/ID=match.2566964.3880/Target=lcl|PJQD01000015_1_prot_POY75399_1_1147;exonerate}
26741	26538	initial-	4	6	{GlimmerHMM_glimmerT_5482-T1;GlimmerHMM},{GeneMark_model.5874_t;GeneMark},{HiQ_model.g4527.t1;HiQ}

# EVM prediction: Mode:STANDARD S-ratio: 1.44 27794-29123 orient(+) score(3570.00) noncoding_equivalent(2475.26) raw_noncoding(2868.26) offset(393.00) 
27794	28338	initial+	1	2	{GlimmerHMM_glimmerT_5483-T1;GlimmerHMM},{GeneMark_model.5875_t;GeneMark}
28339	28427	INTRON			{GlimmerHMM_glimmerT_5483-T1;GlimmerHMM},{Augustus_model.g4528.t1;Augustus},{GeneMark_model.5875_t;GeneMark}
28428	28528	internal+	3	1	{GlimmerHMM_glimmerT_5483-T1;GlimmerHMM},{Augustus_model.g4528.t1;Augustus},{GeneMark_model.5875_t;GeneMark}
28529	28604	INTRON			{GlimmerHMM_glimmerT_5483-T1;GlimmerHMM},{Augustus_model.g4528.t1;Augustus},{GeneMark_model.5875_t;GeneMark}
28605	28657	internal+	2	3	{GlimmerHMM_glimmerT_5483-T1;GlimmerHMM},{Augustus_model.g4528.t1;Augustus},{GeneMark_model.5875_t;GeneMark}
28658	28731	INTRON			{GlimmerHMM_glimmerT_5483-T1;GlimmerHMM},{Augustus_model.g4528.t1;Augustus},{GeneMark_model.5875_t;GeneMark}
28732	28841	internal+	1	2	{GlimmerHMM_glimmerT_5483-T1;GlimmerHMM},{Augustus_model.g4528.t1;Augustus},{GeneMark_model.5875_t;GeneMark}
28842	28903	INTRON			{GlimmerHMM_glimmerT_5483-T1;GlimmerHMM},{Augustus_model.g4528.t1;Augustus},{GeneMark_model.5875_t;GeneMark}
28904	28998	internal+	3	1	{GlimmerHMM_glimmerT_5483-T1;GlimmerHMM},{Augustus_model.g4528.t1;Augustus},{GeneMark_model.5875_t;GeneMark}
28999	29070	INTRON			{GlimmerHMM_glimmerT_5483-T1;GlimmerHMM},{Augustus_model.g4528.t1;Augustus},{GeneMark_model.5875_t;GeneMark}
29071	29123	terminal+	2	3	{GlimmerHMM_glimmerT_5483-T1;GlimmerHMM},{Augustus_model.g4528.t1;Augustus},{GeneMark_model.5875_t;GeneMark}

# EVM prediction: Mode:STANDARD S-ratio: 14.53 30314-32891 orient(+) score(10421.00) noncoding_equivalent(717.38) raw_noncoding(801.27) offset(83.89) 
30314	31231	initial+	1	3	{GeneMark_model.5876_t;GeneMark},{GlimmerHMM_glimmerT_5484-T1;GlimmerHMM},{Augustus_model.g4529.t1;Augustus}
31232	31290	INTRON			{GeneMark_model.5876_t;GeneMark},{GlimmerHMM_glimmerT_5484-T1;GlimmerHMM},{Augustus_model.g4529.t1;Augustus},{ev_type:exonerate/ID=match.2566964.3484/Target=lcl|KQ954471_1_prot_KWU45620_1_2148;exonerate},{ev_type:exonerate/ID=match.2566964.3481/Target=lcl|NW_017264938_1_prot_XP_018269308_1_5313;exonerate}
31291	31452	internal+	1	3	{GeneMark_model.5876_t;GeneMark},{GlimmerHMM_glimmerT_5484-T1;GlimmerHMM},{Augustus_model.g4529.t1;Augustus}
31453	31520	INTRON			{GeneMark_model.5876_t;GeneMark},{GlimmerHMM_glimmerT_5484-T1;GlimmerHMM},{Augustus_model.g4529.t1;Augustus}
31521	32075	internal+	1	3	{GeneMark_model.5876_t;GeneMark},{Augustus_model.g4529.t1;Augustus}
32076	32141	INTRON			{GeneMark_model.5876_t;GeneMark},{Augustus_model.g4529.t1;Augustus}
32142	32891	terminal+	1	3	{GeneMark_model.5876_t;GeneMark}

# EVM prediction: Mode:STANDARD S-ratio: 2.13 33371-34171 orient(-) score(2178.00) noncoding_equivalent(1024.77) raw_noncoding(1308.00) offset(283.23) 
33701	33371	terminal-	6	6	{GlimmerHMM_glimmerT_5485-T1;GlimmerHMM},{Augustus_model.g4530.t1;Augustus},{GeneMark_model.5877_t;GeneMark}
33768	33702	INTRON			{Augustus_model.g4530.t1;Augustus},{GeneMark_model.5877_t;GeneMark}
33824	33769	internal-	4	5	{Augustus_model.g4530.t1;Augustus},{GeneMark_model.5877_t;GeneMark}
33898	33825	INTRON			{Augustus_model.g4530.t1;Augustus},{GeneMark_model.5877_t;GeneMark}
34171	33899	initial-	4	6	{GeneMark_model.5877_t;GeneMark}

# EVM prediction: Mode:STANDARD S-ratio: 16.64 35460-36684 orient(-) score(4760.00) noncoding_equivalent(286.02) raw_noncoding(292.02) offset(6.00) 
35798	35460	terminal-	4	6	{GlimmerHMM_glimmerT_5486-T1;GlimmerHMM},{GeneMark_model.5878_t;GeneMark}
35874	35799	INTRON			{Augustus_model.g4530.t1;Augustus},{GlimmerHMM_glimmerT_5486-T1;GlimmerHMM},{GeneMark_model.5878_t;GeneMark}
36684	35875	initial-	4	6	{GlimmerHMM_glimmerT_5486-T1;GlimmerHMM},{GeneMark_model.5878_t;GeneMark}

# EVM prediction: Mode:STANDARD S-ratio: 4.05 36864-39167 orient(-) score(7718.00) noncoding_equivalent(1906.64) raw_noncoding(2083.01) offset(176.37) 
37774	36864	terminal-	5	6	{GlimmerHMM_glimmerT_5487-T1;GlimmerHMM},{GeneMark_model.5879_t;GeneMark}
37851	37775	INTRON			{GlimmerHMM_glimmerT_5487-T1;GlimmerHMM},{GeneMark_model.5879_t;GeneMark},{Augustus_model.g4530.t1;Augustus}
38554	37852	internal-	4	4	{GlimmerHMM_glimmerT_5487-T1;GlimmerHMM},{GeneMark_model.5879_t;GeneMark},{Augustus_model.g4530.t1;Augustus}
38621	38555	INTRON			{GlimmerHMM_glimmerT_5487-T1;GlimmerHMM},{GeneMark_model.5879_t;GeneMark},{Augustus_model.g4530.t1;Augustus}
39028	38622	internal-	5	6	{GlimmerHMM_glimmerT_5487-T1;GlimmerHMM},{GeneMark_model.5879_t;GeneMark},{Augustus_model.g4530.t1;Augustus}
39094	39029	INTRON			{GlimmerHMM_glimmerT_5487-T1;GlimmerHMM},{GeneMark_model.5879_t;GeneMark},{Augustus_model.g4530.t1;Augustus}
39167	39095	initial-	4	4	{GlimmerHMM_glimmerT_5487-T1;GlimmerHMM},{GeneMark_model.5879_t;GeneMark},{Augustus_model.g4530.t1;Augustus}

# EVM prediction: Mode:STANDARD S-ratio: 8.40 39458-41870 orient(+) score(8729.00) noncoding_equivalent(1039.75) raw_noncoding(1175.75) offset(136.00) 
39458	39543	initial+	1	2	{GlimmerHMM_glimmerT_5488-T1;GlimmerHMM},{Augustus_model.g4531.t1;Augustus},{GeneMark_model.5880_t;GeneMark}
39544	39618	INTRON			{GlimmerHMM_glimmerT_5488-T1;GlimmerHMM},{snap_scaffold_15-snap.17-T1;snap}
39619	41119	internal+	3	3	{GlimmerHMM_glimmerT_5488-T1;GlimmerHMM}
41120	41183	INTRON			{GlimmerHMM_glimmerT_5488-T1;GlimmerHMM},{Augustus_model.g4531.t1;Augustus},{GeneMark_model.5880_t;GeneMark}
41184	41870	terminal+	1	3	{GlimmerHMM_glimmerT_5488-T1;GlimmerHMM},{Augustus_model.g4531.t1;Augustus},{GeneMark_model.5880_t;GeneMark}

# EVM prediction: Mode:STANDARD S-ratio: 20.52 41962-52752 orient(-) score(41787.00) noncoding_equivalent(2036.53) raw_noncoding(2160.94) offset(124.41) 
42216	41962	terminal-	4	6	{Augustus_model.g4532.t1;Augustus},{GeneMark_model.5881_t;GeneMark},{GlimmerHMM_glimmerT_5489-T1;GlimmerHMM}
42287	42217	INTRON			{Augustus_model.g4532.t1;Augustus},{GeneMark_model.5881_t;GeneMark},{GlimmerHMM_glimmerT_5489-T1;GlimmerHMM}
43019	42288	internal-	4	6	{Augustus_model.g4532.t1;Augustus},{GeneMark_model.5881_t;GeneMark},{GlimmerHMM_glimmerT_5489-T1;GlimmerHMM}
43078	43020	INTRON			{Augustus_model.g4532.t1;Augustus},{GeneMark_model.5881_t;GeneMark},{GlimmerHMM_glimmerT_5489-T1;GlimmerHMM}
45367	43079	internal-	4	6	{Augustus_model.g4532.t1;Augustus},{GeneMark_model.5881_t;GeneMark},{GlimmerHMM_glimmerT_5489-T1;GlimmerHMM}
45445	45368	INTRON			{Augustus_model.g4532.t1;Augustus},{GeneMark_model.5881_t;GeneMark},{GlimmerHMM_glimmerT_5489-T1;GlimmerHMM}
49891	45446	internal-	4	6	{GlimmerHMM_glimmerT_5489-T1;GlimmerHMM}
49955	49892	INTRON			{Augustus_model.g4532.t1;Augustus},{GeneMark_model.5881_t;GeneMark},{GlimmerHMM_glimmerT_5489-T1;GlimmerHMM}
50857	49956	internal-	5	6	{GlimmerHMM_glimmerT_5489-T1;GlimmerHMM}
50927	50858	INTRON			{Augustus_model.g4532.t1;Augustus},{GeneMark_model.5881_t;GeneMark},{GlimmerHMM_glimmerT_5489-T1;GlimmerHMM}
52752	50928	initial-	4	4	{Augustus_model.g4532.t1;Augustus},{GeneMark_model.5881_t;GeneMark},{GlimmerHMM_glimmerT_5489-T1;GlimmerHMM}

# EVM prediction: Mode:STANDARD S-ratio: 2.27 53572-54484 orient(-) score(3219.00) noncoding_equivalent(1417.00) raw_noncoding(2137.00) offset(720.00) 
53682	53572	terminal-	4	6	{Augustus_model.g4533.t1;Augustus},{GlimmerHMM_glimmerT_5490-T1;GlimmerHMM},{GeneMark_model.5882_t;GeneMark}
53771	53683	INTRON			{Augustus_model.g4533.t1;Augustus},{GlimmerHMM_glimmerT_5490-T1;GlimmerHMM},{GeneMark_model.5882_t;GeneMark},{ev_type:exonerate/ID=match.2566964.4352/Target=lcl|PJQD01000015_1_prot_POY75405_1_1153;exonerate}
54135	53772	internal-	6	6	{Augustus_model.g4533.t1;Augustus},{GlimmerHMM_glimmerT_5490-T1;GlimmerHMM},{GeneMark_model.5882_t;GeneMark}
54467	54136	INTRON			{GlimmerHMM_glimmerT_5490-T1;GlimmerHMM},{GeneMark_model.5882_t;GeneMark}
54484	54468	initial-	4	5	{GlimmerHMM_glimmerT_5490-T1;GlimmerHMM},{GeneMark_model.5882_t;GeneMark}

# EVM prediction: Mode:STANDARD S-ratio: 164.25 54547-56448 orient(+) score(7561.00) noncoding_equivalent(46.03) raw_noncoding(46.03) offset(0.00) 
54547	56448	single+	1	3	{GeneMark_model.5883_t;GeneMark},{Augustus_model.g4534.t1;Augustus},{GlimmerHMM_glimmerT_5491-T1;GlimmerHMM}

# EVM prediction: Mode:STANDARD S-ratio: 2.91 57017-58045 orient(-) score(5982.00) noncoding_equivalent(2058.00) raw_noncoding(2658.00) offset(600.00) 
57298	57017	terminal-	4	6	{HiQ_model.g4535.t1;HiQ},{GeneMark_model.5884_t;GeneMark},{GlimmerHMM_glimmerT_5492-T1;GlimmerHMM}
57404	57299	INTRON			{HiQ_model.g4535.t1;HiQ},{GeneMark_model.5884_t;GeneMark},{GlimmerHMM_glimmerT_5492-T1;GlimmerHMM},{ev_type:exonerate/ID=match.2566964.1708/Target=lcl|KQ954471_1_prot_KWU45614_1_2142;exonerate},{ev_type:exonerate/ID=match.2566964.1707/Target=lcl|PJQD01000015_1_prot_POY75407_1_1155;exonerate}
57629	57405	internal-	4	6	{HiQ_model.g4535.t1;HiQ},{GeneMark_model.5884_t;GeneMark},{GlimmerHMM_glimmerT_5492-T1;GlimmerHMM},{ev_type:exonerate/ID=match.2566964.1708/Target=lcl|KQ954471_1_prot_KWU45614_1_2142;exonerate},{ev_type:exonerate/ID=match.2566964.1707/Target=lcl|PJQD01000015_1_prot_POY75407_1_1155;exonerate}
57727	57630	INTRON			{HiQ_model.g4535.t1;HiQ},{GeneMark_model.5884_t;GeneMark},{GlimmerHMM_glimmerT_5492-T1;GlimmerHMM},{ev_type:exonerate/ID=match.2566964.1708/Target=lcl|KQ954471_1_prot_KWU45614_1_2142;exonerate},{ev_type:exonerate/ID=match.2566964.1707/Target=lcl|PJQD01000015_1_prot_POY75407_1_1155;exonerate}
57746	57728	internal-	6	6	{HiQ_model.g4535.t1;HiQ},{GeneMark_model.5884_t;GeneMark},{GlimmerHMM_glimmerT_5492-T1;GlimmerHMM},{ev_type:exonerate/ID=match.2566964.1708/Target=lcl|KQ954471_1_prot_KWU45614_1_2142;exonerate},{ev_type:exonerate/ID=match.2566964.1707/Target=lcl|PJQD01000015_1_prot_POY75407_1_1155;exonerate}
57842	57747	INTRON			{HiQ_model.g4535.t1;HiQ},{GeneMark_model.5884_t;GeneMark},{GlimmerHMM_glimmerT_5492-T1;GlimmerHMM},{ev_type:exonerate/ID=match.2566964.1708/Target=lcl|KQ954471_1_prot_KWU45614_1_2142;exonerate},{ev_type:exonerate/ID=match.2566964.1707/Target=lcl|PJQD01000015_1_prot_POY75407_1_1155;exonerate}
58045	57843	initial-	4	5	{HiQ_model.g4535.t1;HiQ},{GeneMark_model.5884_t;GeneMark},{GlimmerHMM_glimmerT_5492-T1;GlimmerHMM}

# EVM prediction: Mode:STANDARD S-ratio: 3.72 58866-60199 orient(-) score(4300.00) noncoding_equivalent(1155.67) raw_noncoding(1183.67) offset(28.00) 
59440	58866	terminal-	5	6	{GeneMark_model.5885_t;GeneMark},{GlimmerHMM_glimmerT_5493-T1;GlimmerHMM}
59505	59441	INTRON			{GeneMark_model.5885_t;GeneMark},{GlimmerHMM_glimmerT_5493-T1;GlimmerHMM},{Augustus_model.g4536.t1;Augustus}
60199	59506	initial-	4	4	{GeneMark_model.5885_t;GeneMark},{Augustus_model.g4536.t1;Augustus}

# EVM prediction: Mode:STANDARD S-ratio: 3.08 60895-62504 orient(+) score(4542.00) noncoding_equivalent(1475.85) raw_noncoding(1646.00) offset(170.15) 
60895	61303	initial+	1	1	{GeneMark_model.5886_t;GeneMark}
61304	61368	INTRON			{GeneMark_model.5886_t;GeneMark}
61369	62504	terminal+	2	3	{Augustus_model.g4537.t1;Augustus},{GeneMark_model.5886_t;GeneMark}

# EVM prediction: Mode:STANDARD S-ratio: 2.02 62677-64944 orient(-) score(6338.00) noncoding_equivalent(3137.90) raw_noncoding(4578.00) offset(1440.10) 
62812	62677	terminal-	6	6	{Augustus_model.g4538.t1;Augustus},{GeneMark_model.5887_t;GeneMark},{GlimmerHMM_glimmerT_5495-T1;GlimmerHMM}
62874	62813	INTRON			{Augustus_model.g4538.t1;Augustus},{GeneMark_model.5887_t;GeneMark},{GlimmerHMM_glimmerT_5495-T1;GlimmerHMM}
62943	62875	internal-	6	5	{Augustus_model.g4538.t1;Augustus},{GeneMark_model.5887_t;GeneMark},{GlimmerHMM_glimmerT_5495-T1;GlimmerHMM}
63028	62944	INTRON			{Augustus_model.g4538.t1;Augustus},{GeneMark_model.5887_t;GeneMark},{GlimmerHMM_glimmerT_5495-T1;GlimmerHMM}
63116	63029	internal-	5	5	{Augustus_model.g4538.t1;Augustus},{GeneMark_model.5887_t;GeneMark},{GlimmerHMM_glimmerT_5495-T1;GlimmerHMM}
63174	63117	INTRON			{Augustus_model.g4538.t1;Augustus},{GeneMark_model.5887_t;GeneMark},{GlimmerHMM_glimmerT_5495-T1;GlimmerHMM}
63247	63175	internal-	4	4	{Augustus_model.g4538.t1;Augustus},{GeneMark_model.5887_t;GeneMark},{GlimmerHMM_glimmerT_5495-T1;GlimmerHMM}
63315	63248	INTRON			{Augustus_model.g4538.t1;Augustus},{GeneMark_model.5887_t;GeneMark},{GlimmerHMM_glimmerT_5495-T1;GlimmerHMM}
63380	63316	internal-	5	6	{Augustus_model.g4538.t1;Augustus},{GeneMark_model.5887_t;GeneMark},{GlimmerHMM_glimmerT_5495-T1;GlimmerHMM}
63437	63381	INTRON			{Augustus_model.g4538.t1;Augustus},{GeneMark_model.5887_t;GeneMark}
63458	63438	internal-	5	4	{Augustus_model.g4538.t1;Augustus},{GeneMark_model.5887_t;GeneMark}
63531	63459	INTRON			{Augustus_model.g4538.t1;Augustus},{GeneMark_model.5887_t;GeneMark}
63822	63532	internal-	5	4	{Augustus_model.g4538.t1;Augustus},{GeneMark_model.5887_t;GeneMark}
63887	63823	INTRON			{Augustus_model.g4538.t1;Augustus},{GeneMark_model.5887_t;GeneMark}
63904	63888	internal-	6	4	{Augustus_model.g4538.t1;Augustus},{GeneMark_model.5887_t;GeneMark}
64034	63905	INTRON			{GeneMark_model.5887_t;GeneMark}
64072	64035	internal-	4	5	{GeneMark_model.5887_t;GeneMark}
64145	64073	INTRON			{Augustus_model.g4538.t1;Augustus},{GeneMark_model.5887_t;GeneMark}
64241	64146	internal-	4	6	{Augustus_model.g4538.t1;Augustus},{GeneMark_model.5887_t;GeneMark},{GlimmerHMM_glimmerT_5495-T1;GlimmerHMM}
64312	64242	INTRON			{Augustus_model.g4538.t1;Augustus},{GeneMark_model.5887_t;GeneMark},{GlimmerHMM_glimmerT_5495-T1;GlimmerHMM}
64402	64313	internal-	4	6	{Augustus_model.g4538.t1;Augustus},{GeneMark_model.5887_t;GeneMark},{GlimmerHMM_glimmerT_5495-T1;GlimmerHMM}
64464	64403	INTRON			{Augustus_model.g4538.t1;Augustus},{GeneMark_model.5887_t;GeneMark}
64484	64465	internal-	5	6	{Augustus_model.g4538.t1;Augustus},{GeneMark_model.5887_t;GeneMark}
64547	64485	INTRON			{Augustus_model.g4538.t1;Augustus},{GeneMark_model.5887_t;GeneMark}
64944	64548	initial-	4	4	{Augustus_model.g4538.t1;Augustus},{GeneMark_model.5887_t;GeneMark}

