!! Predictions spanning range 502 - 79246 [R1]
# EVM prediction: Mode:STANDARD S-ratio: 3.60 502-1726 orient(+) score(4190.00) noncoding_equivalent(1164.44) raw_noncoding(1429.00) offset(264.56) 
502	808	initial+	1	1	{GeneMark_model.6267_t;GeneMark},{Augustus_model.g4865.t1;Augustus},{GlimmerHMM_glimmerT_5844-T1;GlimmerHMM}
809	868	INTRON			{GeneMark_model.6267_t;GeneMark},{Augustus_model.g4865.t1;Augustus},{GlimmerHMM_glimmerT_5844-T1;GlimmerHMM}
869	1133	internal+	2	2	{Augustus_model.g4865.t1;Augustus},{GlimmerHMM_glimmerT_5844-T1;GlimmerHMM}
1134	1178	INTRON			{Augustus_model.g4865.t1;Augustus},{GlimmerHMM_glimmerT_5844-T1;GlimmerHMM}
1179	1242	internal+	3	3	{GeneMark_model.6267_t;GeneMark},{Augustus_model.g4865.t1;Augustus},{GlimmerHMM_glimmerT_5844-T1;GlimmerHMM}
1243	1346	INTRON			{GeneMark_model.6267_t;GeneMark},{Augustus_model.g4865.t1;Augustus},{GlimmerHMM_glimmerT_5844-T1;GlimmerHMM}
1347	1583	internal+	1	3	{GeneMark_model.6267_t;GeneMark},{Augustus_model.g4865.t1;Augustus},{GlimmerHMM_glimmerT_5844-T1;GlimmerHMM}
1584	1654	INTRON			{GeneMark_model.6267_t;GeneMark},{Augustus_model.g4865.t1;Augustus},{GlimmerHMM_glimmerT_5844-T1;GlimmerHMM}
1655	1726	terminal+	1	3	{GeneMark_model.6267_t;GeneMark},{Augustus_model.g4865.t1;Augustus},{GlimmerHMM_glimmerT_5844-T1;GlimmerHMM}

# EVM prediction: Mode:STANDARD S-ratio: 2.37 2093-3303 orient(-) score(4014.00) noncoding_equivalent(1692.38) raw_noncoding(2037.03) offset(344.65) 
2141	2093	terminal-	6	6	{GlimmerHMM_glimmerT_5845-T1;GlimmerHMM},{Augustus_model.g4866.t1;Augustus},{GeneMark_model.6268_t;GeneMark}
2209	2142	INTRON			{GlimmerHMM_glimmerT_5845-T1;GlimmerHMM},{Augustus_model.g4866.t1;Augustus},{GeneMark_model.6268_t;GeneMark}
2343	2210	internal-	4	5	{GlimmerHMM_glimmerT_5845-T1;GlimmerHMM},{Augustus_model.g4866.t1;Augustus},{GeneMark_model.6268_t;GeneMark}
2407	2344	INTRON			{GlimmerHMM_glimmerT_5845-T1;GlimmerHMM},{Augustus_model.g4866.t1;Augustus},{GeneMark_model.6268_t;GeneMark}
2458	2408	internal-	4	6	{GlimmerHMM_glimmerT_5845-T1;GlimmerHMM},{Augustus_model.g4866.t1;Augustus},{GeneMark_model.6268_t;GeneMark}
2520	2459	INTRON			{GlimmerHMM_glimmerT_5845-T1;GlimmerHMM},{Augustus_model.g4866.t1;Augustus},{GeneMark_model.6268_t;GeneMark}
2605	2521	internal-	6	6	{GlimmerHMM_glimmerT_5845-T1;GlimmerHMM},{Augustus_model.g4866.t1;Augustus},{GeneMark_model.6268_t;GeneMark}
2669	2606	INTRON			{GlimmerHMM_glimmerT_5845-T1;GlimmerHMM},{Augustus_model.g4866.t1;Augustus},{GeneMark_model.6268_t;GeneMark}
2780	2670	internal-	6	5	{GlimmerHMM_glimmerT_5845-T1;GlimmerHMM},{Augustus_model.g4866.t1;Augustus},{GeneMark_model.6268_t;GeneMark}
2846	2781	INTRON			{GlimmerHMM_glimmerT_5845-T1;GlimmerHMM},{Augustus_model.g4866.t1;Augustus},{GeneMark_model.6268_t;GeneMark}
3120	2847	internal-	5	5	{GlimmerHMM_glimmerT_5845-T1;GlimmerHMM},{Augustus_model.g4866.t1;Augustus},{GeneMark_model.6268_t;GeneMark}
3242	3121	INTRON			{GlimmerHMM_glimmerT_5845-T1;GlimmerHMM},{Augustus_model.g4866.t1;Augustus},{GeneMark_model.6268_t;GeneMark}
3303	3243	initial-	4	4	{GlimmerHMM_glimmerT_5845-T1;GlimmerHMM}

# EVM prediction: Mode:STANDARD S-ratio: 2.63 4189-10849 orient(-) score(19522.00) noncoding_equivalent(7430.73) raw_noncoding(9696.68) offset(2265.95) 
5164	4189	terminal-	6	6	{GlimmerHMM_glimmerT_5846-T1;GlimmerHMM},{GeneMark_model.6269_t;GeneMark}
5232	5165	INTRON			{Augustus_model.g4866.t1;Augustus},{GeneMark_model.6269_t;GeneMark}
5240	5233	internal-	4	5	{Augustus_model.g4866.t1;Augustus},{GeneMark_model.6269_t;GeneMark}
5302	5241	INTRON			{Augustus_model.g4866.t1;Augustus},{GeneMark_model.6269_t;GeneMark}
5395	5303	internal-	4	6	{Augustus_model.g4866.t1;Augustus},{GeneMark_model.6269_t;GeneMark}
5451	5396	INTRON			{GlimmerHMM_glimmerT_5846-T1;GlimmerHMM},{Augustus_model.g4866.t1;Augustus},{GeneMark_model.6269_t;GeneMark}
6161	5452	internal-	5	6	{GeneMark_model.6269_t;GeneMark}
6251	6162	INTRON			{GeneMark_model.6269_t;GeneMark}
6316	6252	internal-	6	4	{Augustus_model.g4866.t1;Augustus},{GeneMark_model.6269_t;GeneMark}
6912	6317	INTRON			{Augustus_model.g4866.t1;Augustus},{GeneMark_model.6269_t;GeneMark}
6937	6913	internal-	5	5	{Augustus_model.g4866.t1;Augustus},{GeneMark_model.6269_t;GeneMark}
7001	6938	INTRON			{Augustus_model.g4866.t1;Augustus},{GeneMark_model.6269_t;GeneMark}
7181	7002	internal-	5	4	{Augustus_model.g4866.t1;Augustus},{GeneMark_model.6269_t;GeneMark}
7244	7182	INTRON			{Augustus_model.g4866.t1;Augustus},{GeneMark_model.6269_t;GeneMark}
7309	7245	internal-	6	4	{GlimmerHMM_glimmerT_5846-T1;GlimmerHMM},{Augustus_model.g4866.t1;Augustus},{GeneMark_model.6269_t;GeneMark}
7374	7310	INTRON			{GlimmerHMM_glimmerT_5846-T1;GlimmerHMM},{Augustus_model.g4866.t1;Augustus},{GeneMark_model.6269_t;GeneMark}
7439	7375	internal-	4	5	{GlimmerHMM_glimmerT_5846-T1;GlimmerHMM},{Augustus_model.g4866.t1;Augustus},{GeneMark_model.6269_t;GeneMark}
7517	7440	INTRON			{GlimmerHMM_glimmerT_5846-T1;GlimmerHMM},{Augustus_model.g4866.t1;Augustus},{GeneMark_model.6269_t;GeneMark}
9947	7518	internal-	4	6	{GlimmerHMM_glimmerT_5846-T1;GlimmerHMM},{Augustus_model.g4866.t1;Augustus},{GeneMark_model.6269_t;GeneMark}
10033	9948	INTRON			{GlimmerHMM_glimmerT_5846-T1;GlimmerHMM},{GeneMark_model.6269_t;GeneMark}
10524	10034	internal-	5	6	{GlimmerHMM_glimmerT_5846-T1;GlimmerHMM},{GeneMark_model.6269_t;GeneMark}
10581	10525	INTRON			{GlimmerHMM_glimmerT_5846-T1;GlimmerHMM},{Augustus_model.g4866.t1;Augustus},{GeneMark_model.6269_t;GeneMark}
10849	10582	initial-	4	4	{GlimmerHMM_glimmerT_5846-T1;GlimmerHMM},{Augustus_model.g4866.t1;Augustus},{GeneMark_model.6269_t;GeneMark}

# EVM prediction: Mode:STANDARD S-ratio: 3.21 11405-12534 orient(+) score(3650.00) noncoding_equivalent(1138.79) raw_noncoding(1221.52) offset(82.72) 
11405	11622	initial+	1	2	{Augustus_model.g4867.t1;Augustus},{GeneMark_model.6270_t;GeneMark},{GlimmerHMM_glimmerT_5847-T1;GlimmerHMM}
11623	11693	INTRON			{Augustus_model.g4867.t1;Augustus},{GeneMark_model.6270_t;GeneMark},{GlimmerHMM_glimmerT_5847-T1;GlimmerHMM}
11694	11868	internal+	3	3	{Augustus_model.g4867.t1;Augustus},{GeneMark_model.6270_t;GeneMark},{GlimmerHMM_glimmerT_5847-T1;GlimmerHMM}
11869	11937	INTRON			{Augustus_model.g4867.t1;Augustus},{GeneMark_model.6270_t;GeneMark},{GlimmerHMM_glimmerT_5847-T1;GlimmerHMM}
11938	12534	terminal+	1	3	{GeneMark_model.6270_t;GeneMark},{GlimmerHMM_glimmerT_5847-T1;GlimmerHMM}

# EVM prediction: Mode:STANDARD S-ratio: 2.64 14027-15153 orient(+) score(4903.00) noncoding_equivalent(1859.00) raw_noncoding(2249.00) offset(390.00) 
14027	14447	initial+	1	1	{GlimmerHMM_glimmerT_5848-T1;GlimmerHMM},{GeneMark_model.6271_t;GeneMark}
14448	14511	INTRON			{Augustus_model.g4867.t1;Augustus},{GlimmerHMM_glimmerT_5848-T1;GlimmerHMM},{GeneMark_model.6271_t;GeneMark},{ev_type:exonerate/ID=match.2566964.4467/Target=lcl|KQ954503_1_prot_KWU42640_1_4973;exonerate},{ev_type:exonerate/ID=match.2566964.4468/Target=lcl|LCTV02000004_1_prot_PRQ75459_1_5148;exonerate}
14512	14555	internal+	2	3	{Augustus_model.g4867.t1;Augustus},{GlimmerHMM_glimmerT_5848-T1;GlimmerHMM},{GeneMark_model.6271_t;GeneMark},{ev_type:exonerate/ID=match.2566964.4467/Target=lcl|KQ954503_1_prot_KWU42640_1_4973;exonerate},{ev_type:exonerate/ID=match.2566964.4468/Target=lcl|LCTV02000004_1_prot_PRQ75459_1_5148;exonerate}
14556	14646	INTRON			{Augustus_model.g4867.t1;Augustus},{GlimmerHMM_glimmerT_5848-T1;GlimmerHMM},{GeneMark_model.6271_t;GeneMark},{ev_type:exonerate/ID=match.2566964.4467/Target=lcl|KQ954503_1_prot_KWU42640_1_4973;exonerate},{ev_type:exonerate/ID=match.2566964.4468/Target=lcl|LCTV02000004_1_prot_PRQ75459_1_5148;exonerate}
14647	14786	internal+	1	2	{Augustus_model.g4867.t1;Augustus},{GlimmerHMM_glimmerT_5848-T1;GlimmerHMM},{GeneMark_model.6271_t;GeneMark},{ev_type:exonerate/ID=match.2566964.4467/Target=lcl|KQ954503_1_prot_KWU42640_1_4973;exonerate},{ev_type:exonerate/ID=match.2566964.4468/Target=lcl|LCTV02000004_1_prot_PRQ75459_1_5148;exonerate}
14787	14892	INTRON			{Augustus_model.g4867.t1;Augustus},{GlimmerHMM_glimmerT_5848-T1;GlimmerHMM},{GeneMark_model.6271_t;GeneMark},{ev_type:exonerate/ID=match.2566964.4467/Target=lcl|KQ954503_1_prot_KWU42640_1_4973;exonerate},{ev_type:exonerate/ID=match.2566964.4468/Target=lcl|LCTV02000004_1_prot_PRQ75459_1_5148;exonerate}
14893	14977	internal+	3	3	{Augustus_model.g4867.t1;Augustus},{GlimmerHMM_glimmerT_5848-T1;GlimmerHMM},{GeneMark_model.6271_t;GeneMark},{ev_type:exonerate/ID=match.2566964.4467/Target=lcl|KQ954503_1_prot_KWU42640_1_4973;exonerate},{ev_type:exonerate/ID=match.2566964.4468/Target=lcl|LCTV02000004_1_prot_PRQ75459_1_5148;exonerate}
14978	15090	INTRON			{Augustus_model.g4867.t1;Augustus},{GlimmerHMM_glimmerT_5848-T1;GlimmerHMM},{GeneMark_model.6271_t;GeneMark},{ev_type:exonerate/ID=match.2566964.4467/Target=lcl|KQ954503_1_prot_KWU42640_1_4973;exonerate},{ev_type:exonerate/ID=match.2566964.4468/Target=lcl|LCTV02000004_1_prot_PRQ75459_1_5148;exonerate}
15091	15153	terminal+	1	3	{Augustus_model.g4867.t1;Augustus},{GlimmerHMM_glimmerT_5848-T1;GlimmerHMM},{GeneMark_model.6271_t;GeneMark}

# EVM prediction: Mode:STANDARD S-ratio: 9.63 15682-16470 orient(-) score(2968.00) noncoding_equivalent(308.36) raw_noncoding(375.53) offset(67.17) 
16394	15682	terminal-	5	6	{GeneMark_model.6272_t;GeneMark},{GlimmerHMM_glimmerT_5849-T1;GlimmerHMM},{Augustus_model.g4868.t1;Augustus}
16457	16395	INTRON			{GeneMark_model.6272_t;GeneMark},{GlimmerHMM_glimmerT_5849-T1;GlimmerHMM},{Augustus_model.g4868.t1;Augustus}
16470	16458	initial-	4	4	{GeneMark_model.6272_t;GeneMark},{GlimmerHMM_glimmerT_5849-T1;GlimmerHMM},{Augustus_model.g4868.t1;Augustus}

# EVM prediction: Mode:STANDARD S-ratio: 8.31 17609-22788 orient(-) score(19337.00) noncoding_equivalent(2326.90) raw_noncoding(2414.00) offset(87.10) 
20007	17609	terminal-	5	6	{Augustus_model.g4869.t1;Augustus},{GlimmerHMM_glimmerT_5850-T1;GlimmerHMM},{GeneMark_model.6273_t;GeneMark}
20078	20008	INTRON			{Augustus_model.g4869.t1;Augustus},{GlimmerHMM_glimmerT_5850-T1;GlimmerHMM},{GeneMark_model.6273_t;GeneMark}
20619	20079	internal-	4	4	{Augustus_model.g4869.t1;Augustus},{GlimmerHMM_glimmerT_5850-T1;GlimmerHMM},{GeneMark_model.6273_t;GeneMark}
20688	20620	INTRON			{Augustus_model.g4869.t1;Augustus},{GlimmerHMM_glimmerT_5850-T1;GlimmerHMM},{GeneMark_model.6273_t;GeneMark},{ev_type:exonerate/ID=match.2566964.4458/Target=lcl|KQ954503_1_prot_KWU42649_1_4982;exonerate}
22788	20689	initial-	4	6	{GlimmerHMM_glimmerT_5850-T1;GlimmerHMM},{GeneMark_model.6273_t;GeneMark}

# EVM prediction: Mode:STANDARD S-ratio: 1.83 23916-25858 orient(+) score(5107.00) noncoding_equivalent(2796.29) raw_noncoding(3960.18) offset(1163.90) 
23916	23945	initial+	1	3	{GeneMark_model.6274_t;GeneMark}
23946	24003	INTRON			{GeneMark_model.6274_t;GeneMark}
24004	24213	internal+	1	3	{GeneMark_model.6274_t;GeneMark},{Augustus_model.g4870.t1;Augustus}
24214	24279	INTRON			{GeneMark_model.6274_t;GeneMark},{Augustus_model.g4870.t1;Augustus}
24280	24372	internal+	1	3	{GeneMark_model.6274_t;GeneMark},{Augustus_model.g4870.t1;Augustus}
24373	24435	INTRON			{GeneMark_model.6274_t;GeneMark},{Augustus_model.g4870.t1;Augustus}
24436	24466	internal+	1	1	{GeneMark_model.6274_t;GeneMark},{Augustus_model.g4870.t1;Augustus}
24467	24537	INTRON			{GeneMark_model.6274_t;GeneMark},{Augustus_model.g4870.t1;Augustus}
24538	24614	internal+	2	3	{GlimmerHMM_glimmerT_5851-T1;GlimmerHMM},{GeneMark_model.6274_t;GeneMark},{Augustus_model.g4870.t1;Augustus}
24615	24686	INTRON			{GeneMark_model.6274_t;GeneMark},{Augustus_model.g4870.t1;Augustus}
24687	24719	internal+	1	3	{GeneMark_model.6274_t;GeneMark},{Augustus_model.g4870.t1;Augustus}
24720	24802	INTRON			{GeneMark_model.6274_t;GeneMark},{Augustus_model.g4870.t1;Augustus}
24803	24896	internal+	1	1	{GlimmerHMM_glimmerT_5851-T1;GlimmerHMM},{GeneMark_model.6274_t;GeneMark},{Augustus_model.g4870.t1;Augustus}
24897	25023	INTRON			{GlimmerHMM_glimmerT_5851-T1;GlimmerHMM},{GeneMark_model.6274_t;GeneMark},{Augustus_model.g4870.t1;Augustus}
25024	25382	internal+	2	3	{GlimmerHMM_glimmerT_5851-T1;GlimmerHMM},{GeneMark_model.6274_t;GeneMark}
25383	25462	INTRON			{GlimmerHMM_glimmerT_5851-T1;GlimmerHMM},{GeneMark_model.6274_t;GeneMark}
25463	25858	terminal+	1	3	{GlimmerHMM_glimmerT_5851-T1;GlimmerHMM},{GeneMark_model.6274_t;GeneMark}

# EVM prediction: Mode:STANDARD S-ratio: 1.43 26404-27091 orient(-) score(1877.00) noncoding_equivalent(1309.28) raw_noncoding(1867.00) offset(557.72) 
26472	26404	terminal-	4	6	{GeneMark_model.6275_t;GeneMark},{GlimmerHMM_glimmerT_5852-T1;GlimmerHMM},{Augustus_model.g4871.t1;Augustus}
26538	26473	INTRON			{GeneMark_model.6275_t;GeneMark},{Augustus_model.g4871.t1;Augustus}
26562	26539	internal-	4	6	{GeneMark_model.6275_t;GeneMark},{Augustus_model.g4871.t1;Augustus}
26659	26563	INTRON			{GeneMark_model.6275_t;GeneMark},{Augustus_model.g4871.t1;Augustus}
26713	26660	internal-	4	6	{GeneMark_model.6275_t;GeneMark},{GlimmerHMM_glimmerT_5852-T1;GlimmerHMM},{Augustus_model.g4871.t1;Augustus}
26777	26714	INTRON			{GeneMark_model.6275_t;GeneMark},{GlimmerHMM_glimmerT_5852-T1;GlimmerHMM},{Augustus_model.g4871.t1;Augustus}
26888	26778	internal-	4	6	{GeneMark_model.6275_t;GeneMark},{GlimmerHMM_glimmerT_5852-T1;GlimmerHMM},{Augustus_model.g4871.t1;Augustus}
27046	26889	INTRON			{GeneMark_model.6275_t;GeneMark},{GlimmerHMM_glimmerT_5852-T1;GlimmerHMM},{Augustus_model.g4871.t1;Augustus}
27091	27047	initial-	4	6	{GeneMark_model.6275_t;GeneMark},{GlimmerHMM_glimmerT_5852-T1;GlimmerHMM},{Augustus_model.g4871.t1;Augustus}

# EVM prediction: Mode:STANDARD S-ratio: 3.45 27453-29430 orient(+) score(6466.00) noncoding_equivalent(1874.40) raw_noncoding(2560.00) offset(685.60) 
27453	27505	initial+	1	2	{GeneMark_model.6276_t;GeneMark},{Augustus_model.g4872.t1;Augustus},{GlimmerHMM_glimmerT_5853-T1;GlimmerHMM}
27506	27621	INTRON			{Augustus_model.g4872.t1;Augustus},{GlimmerHMM_glimmerT_5853-T1;GlimmerHMM}
27622	27671	internal+	3	1	{Augustus_model.g4872.t1;Augustus},{GlimmerHMM_glimmerT_5853-T1;GlimmerHMM}
27672	27760	INTRON			{GeneMark_model.6276_t;GeneMark},{Augustus_model.g4872.t1;Augustus},{GlimmerHMM_glimmerT_5853-T1;GlimmerHMM}
27761	28041	internal+	2	3	{GeneMark_model.6276_t;GeneMark},{Augustus_model.g4872.t1;Augustus},{GlimmerHMM_glimmerT_5853-T1;GlimmerHMM}
28042	28117	INTRON			{GeneMark_model.6276_t;GeneMark},{Augustus_model.g4872.t1;Augustus},{GlimmerHMM_glimmerT_5853-T1;GlimmerHMM}
28118	28286	internal+	1	1	{GeneMark_model.6276_t;GeneMark},{Augustus_model.g4872.t1;Augustus},{GlimmerHMM_glimmerT_5853-T1;GlimmerHMM}
28287	28385	INTRON			{GeneMark_model.6276_t;GeneMark},{Augustus_model.g4872.t1;Augustus}
28386	28469	internal+	2	1	{GeneMark_model.6276_t;GeneMark},{Augustus_model.g4872.t1;Augustus}
28470	28542	INTRON			{GeneMark_model.6276_t;GeneMark},{Augustus_model.g4872.t1;Augustus}
28543	28718	internal+	2	3	{GeneMark_model.6276_t;GeneMark},{Augustus_model.g4872.t1;Augustus}
28719	28776	INTRON			{GeneMark_model.6276_t;GeneMark},{Augustus_model.g4872.t1;Augustus},{GlimmerHMM_glimmerT_5853-T1;GlimmerHMM}
28777	29430	terminal+	1	3	{GeneMark_model.6276_t;GeneMark},{snap_scaffold_17-snap.10-T1;snap},{Augustus_model.g4872.t1;Augustus},{GlimmerHMM_glimmerT_5853-T1;GlimmerHMM}

# EVM prediction: Mode:STANDARD S-ratio: 3.13 29653-34419 orient(-) score(16281.00) noncoding_equivalent(5203.46) raw_noncoding(5868.00) offset(664.54) 
30466	29653	terminal-	6	6	{Augustus_model.g4873.t1;Augustus},{GlimmerHMM_glimmerT_5854-T1;GlimmerHMM},{GeneMark_model.6277_t;GeneMark}
30530	30467	INTRON			{Augustus_model.g4873.t1;Augustus},{GlimmerHMM_glimmerT_5854-T1;GlimmerHMM},{GeneMark_model.6277_t;GeneMark}
30700	30531	internal-	4	5	{Augustus_model.g4873.t1;Augustus},{GlimmerHMM_glimmerT_5854-T1;GlimmerHMM},{GeneMark_model.6277_t;GeneMark}
30762	30701	INTRON			{Augustus_model.g4873.t1;Augustus},{GlimmerHMM_glimmerT_5854-T1;GlimmerHMM},{GeneMark_model.6277_t;GeneMark}
31100	30763	internal-	5	6	{Augustus_model.g4873.t1;Augustus},{GlimmerHMM_glimmerT_5854-T1;GlimmerHMM},{GeneMark_model.6277_t;GeneMark}
31171	31101	INTRON			{Augustus_model.g4873.t1;Augustus},{GlimmerHMM_glimmerT_5854-T1;GlimmerHMM},{GeneMark_model.6277_t;GeneMark}
31208	31172	internal-	4	4	{Augustus_model.g4873.t1;Augustus},{GlimmerHMM_glimmerT_5854-T1;GlimmerHMM},{GeneMark_model.6277_t;GeneMark}
31280	31209	INTRON			{Augustus_model.g4873.t1;Augustus},{GlimmerHMM_glimmerT_5854-T1;GlimmerHMM},{GeneMark_model.6277_t;GeneMark}
31366	31281	internal-	5	6	{Augustus_model.g4873.t1;Augustus},{GlimmerHMM_glimmerT_5854-T1;GlimmerHMM},{GeneMark_model.6277_t;GeneMark}
31437	31367	INTRON			{Augustus_model.g4873.t1;Augustus},{GlimmerHMM_glimmerT_5854-T1;GlimmerHMM},{GeneMark_model.6277_t;GeneMark}
32201	31438	internal-	6	4	{Augustus_model.g4873.t1;Augustus},{GlimmerHMM_glimmerT_5854-T1;GlimmerHMM},{GeneMark_model.6277_t;GeneMark}
32265	32202	INTRON			{Augustus_model.g4873.t1;Augustus},{GlimmerHMM_glimmerT_5854-T1;GlimmerHMM},{GeneMark_model.6277_t;GeneMark}
32527	32266	internal-	5	5	{Augustus_model.g4873.t1;Augustus},{GlimmerHMM_glimmerT_5854-T1;GlimmerHMM},{GeneMark_model.6277_t;GeneMark}
32600	32528	INTRON			{Augustus_model.g4873.t1;Augustus},{GlimmerHMM_glimmerT_5854-T1;GlimmerHMM},{GeneMark_model.6277_t;GeneMark},{ev_type:exonerate/ID=match.2566964.1724/Target=lcl|KQ954503_1_prot_KWU42657_1_4990;exonerate}
33538	32601	internal-	6	4	{Augustus_model.g4873.t1;Augustus},{GlimmerHMM_glimmerT_5854-T1;GlimmerHMM},{GeneMark_model.6277_t;GeneMark}
33681	33539	INTRON			{Augustus_model.g4873.t1;Augustus},{GlimmerHMM_glimmerT_5854-T1;GlimmerHMM},{GeneMark_model.6277_t;GeneMark},{ev_type:exonerate/ID=match.2566964.4471/Target=lcl|KQ954503_1_prot_KWU42656_1_4989;exonerate}
34111	33682	internal-	5	5	{Augustus_model.g4873.t1;Augustus},{GlimmerHMM_glimmerT_5854-T1;GlimmerHMM},{GeneMark_model.6277_t;GeneMark}
34178	34112	INTRON			{Augustus_model.g4873.t1;Augustus},{GlimmerHMM_glimmerT_5854-T1;GlimmerHMM},{GeneMark_model.6277_t;GeneMark}
34419	34179	initial-	4	4	{Augustus_model.g4873.t1;Augustus},{GlimmerHMM_glimmerT_5854-T1;GlimmerHMM},{GeneMark_model.6277_t;GeneMark}

# EVM prediction: Mode:STANDARD S-ratio: 4.25 37312-39524 orient(-) score(16059.00) noncoding_equivalent(3780.54) raw_noncoding(5846.00) offset(2065.46) 
37323	37312	terminal-	4	6	{HiQ_model.g4874.t1;HiQ},{GlimmerHMM_glimmerT_5855-T1;GlimmerHMM},{GeneMark_model.6278_t;GeneMark}
37420	37324	INTRON			{HiQ_model.g4874.t1;HiQ},{GlimmerHMM_glimmerT_5855-T1;GlimmerHMM},{GeneMark_model.6278_t;GeneMark}
37447	37421	internal-	4	6	{HiQ_model.g4874.t1;HiQ},{GlimmerHMM_glimmerT_5855-T1;GlimmerHMM},{GeneMark_model.6278_t;GeneMark}
37517	37448	INTRON			{HiQ_model.g4874.t1;HiQ},{GlimmerHMM_glimmerT_5855-T1;GlimmerHMM},{GeneMark_model.6278_t;GeneMark},{ev_type:exonerate/ID=match.2566964.538/Target=lcl|LCTV02000004_1_prot_PRQ75520_1_5209;exonerate},{ev_type:exonerate/ID=match.2566964.549/Target=lcl|PJQD01000059_1_prot_POY72079_1_5248;exonerate},{ev_type:exonerate/ID=match.2566964.645/Target=lcl|KQ954503_1_prot_KWU42655_1_4988;exonerate}
37670	37518	internal-	4	6	{HiQ_model.g4874.t1;HiQ},{GlimmerHMM_glimmerT_5855-T1;GlimmerHMM},{GeneMark_model.6278_t;GeneMark},{ev_type:exonerate/ID=match.2566964.538/Target=lcl|LCTV02000004_1_prot_PRQ75520_1_5209;exonerate},{ev_type:exonerate/ID=match.2566964.549/Target=lcl|PJQD01000059_1_prot_POY72079_1_5248;exonerate},{ev_type:exonerate/ID=match.2566964.645/Target=lcl|KQ954503_1_prot_KWU42655_1_4988;exonerate}
37731	37671	INTRON			{HiQ_model.g4874.t1;HiQ},{GlimmerHMM_glimmerT_5855-T1;GlimmerHMM},{GeneMark_model.6278_t;GeneMark},{ev_type:exonerate/ID=match.2566964.538/Target=lcl|LCTV02000004_1_prot_PRQ75520_1_5209;exonerate},{ev_type:exonerate/ID=match.2566964.549/Target=lcl|PJQD01000059_1_prot_POY72079_1_5248;exonerate},{ev_type:exonerate/ID=match.2566964.561/Target=lcl|BJWK01000017_1_prot_GEM11820_1_5837;exonerate},{ev_type:exonerate/ID=match.2566964.645/Target=lcl|KQ954503_1_prot_KWU42655_1_4988;exonerate}
37908	37732	internal-	4	6	{HiQ_model.g4874.t1;HiQ},{GlimmerHMM_glimmerT_5855-T1;GlimmerHMM},{GeneMark_model.6278_t;GeneMark},{ev_type:exonerate/ID=match.2566964.538/Target=lcl|LCTV02000004_1_prot_PRQ75520_1_5209;exonerate},{ev_type:exonerate/ID=match.2566964.549/Target=lcl|PJQD01000059_1_prot_POY72079_1_5248;exonerate},{ev_type:exonerate/ID=match.2566964.561/Target=lcl|BJWK01000017_1_prot_GEM11820_1_5837;exonerate},{ev_type:exonerate/ID=match.2566964.645/Target=lcl|KQ954503_1_prot_KWU42655_1_4988;exonerate}
37969	37909	INTRON			{HiQ_model.g4874.t1;HiQ},{GlimmerHMM_glimmerT_5855-T1;GlimmerHMM},{GeneMark_model.6278_t;GeneMark},{ev_type:exonerate/ID=match.2566964.538/Target=lcl|LCTV02000004_1_prot_PRQ75520_1_5209;exonerate},{ev_type:exonerate/ID=match.2566964.549/Target=lcl|PJQD01000059_1_prot_POY72079_1_5248;exonerate},{ev_type:exonerate/ID=match.2566964.561/Target=lcl|BJWK01000017_1_prot_GEM11820_1_5837;exonerate},{ev_type:exonerate/ID=match.2566964.645/Target=lcl|KQ954503_1_prot_KWU42655_1_4988;exonerate}
38077	37970	internal-	4	6	{HiQ_model.g4874.t1;HiQ},{GlimmerHMM_glimmerT_5855-T1;GlimmerHMM},{GeneMark_model.6278_t;GeneMark},{ev_type:exonerate/ID=match.2566964.538/Target=lcl|LCTV02000004_1_prot_PRQ75520_1_5209;exonerate},{ev_type:exonerate/ID=match.2566964.549/Target=lcl|PJQD01000059_1_prot_POY72079_1_5248;exonerate},{ev_type:exonerate/ID=match.2566964.561/Target=lcl|BJWK01000017_1_prot_GEM11820_1_5837;exonerate},{ev_type:exonerate/ID=match.2566964.645/Target=lcl|KQ954503_1_prot_KWU42655_1_4988;exonerate}
38169	38078	INTRON			{HiQ_model.g4874.t1;HiQ},{GlimmerHMM_glimmerT_5855-T1;GlimmerHMM},{GeneMark_model.6278_t;GeneMark},{ev_type:exonerate/ID=match.2566964.538/Target=lcl|LCTV02000004_1_prot_PRQ75520_1_5209;exonerate},{ev_type:exonerate/ID=match.2566964.549/Target=lcl|PJQD01000059_1_prot_POY72079_1_5248;exonerate},{ev_type:exonerate/ID=match.2566964.561/Target=lcl|BJWK01000017_1_prot_GEM11820_1_5837;exonerate},{ev_type:exonerate/ID=match.2566964.645/Target=lcl|KQ954503_1_prot_KWU42655_1_4988;exonerate}
38706	38170	internal-	4	6	{HiQ_model.g4874.t1;HiQ},{GlimmerHMM_glimmerT_5855-T1;GlimmerHMM},{GeneMark_model.6278_t;GeneMark},{ev_type:exonerate/ID=match.2566964.538/Target=lcl|LCTV02000004_1_prot_PRQ75520_1_5209;exonerate},{ev_type:exonerate/ID=match.2566964.549/Target=lcl|PJQD01000059_1_prot_POY72079_1_5248;exonerate},{ev_type:exonerate/ID=match.2566964.561/Target=lcl|BJWK01000017_1_prot_GEM11820_1_5837;exonerate},{ev_type:exonerate/ID=match.2566964.645/Target=lcl|KQ954503_1_prot_KWU42655_1_4988;exonerate}
38768	38707	INTRON			{HiQ_model.g4874.t1;HiQ},{GlimmerHMM_glimmerT_5855-T1;GlimmerHMM},{GeneMark_model.6278_t;GeneMark},{ev_type:exonerate/ID=match.2566964.538/Target=lcl|LCTV02000004_1_prot_PRQ75520_1_5209;exonerate},{ev_type:exonerate/ID=match.2566964.549/Target=lcl|PJQD01000059_1_prot_POY72079_1_5248;exonerate},{ev_type:exonerate/ID=match.2566964.561/Target=lcl|BJWK01000017_1_prot_GEM11820_1_5837;exonerate},{ev_type:exonerate/ID=match.2566964.645/Target=lcl|KQ954503_1_prot_KWU42655_1_4988;exonerate}
38820	38769	internal-	6	6	{HiQ_model.g4874.t1;HiQ},{GlimmerHMM_glimmerT_5855-T1;GlimmerHMM},{GeneMark_model.6278_t;GeneMark},{ev_type:exonerate/ID=match.2566964.538/Target=lcl|LCTV02000004_1_prot_PRQ75520_1_5209;exonerate},{ev_type:exonerate/ID=match.2566964.549/Target=lcl|PJQD01000059_1_prot_POY72079_1_5248;exonerate},{ev_type:exonerate/ID=match.2566964.561/Target=lcl|BJWK01000017_1_prot_GEM11820_1_5837;exonerate},{ev_type:exonerate/ID=match.2566964.645/Target=lcl|KQ954503_1_prot_KWU42655_1_4988;exonerate}
38883	38821	INTRON			{HiQ_model.g4874.t1;HiQ},{GlimmerHMM_glimmerT_5855-T1;GlimmerHMM},{GeneMark_model.6278_t;GeneMark},{ev_type:exonerate/ID=match.2566964.538/Target=lcl|LCTV02000004_1_prot_PRQ75520_1_5209;exonerate},{ev_type:exonerate/ID=match.2566964.549/Target=lcl|PJQD01000059_1_prot_POY72079_1_5248;exonerate},{ev_type:exonerate/ID=match.2566964.561/Target=lcl|BJWK01000017_1_prot_GEM11820_1_5837;exonerate},{ev_type:exonerate/ID=match.2566964.645/Target=lcl|KQ954503_1_prot_KWU42655_1_4988;exonerate}
38940	38884	internal-	6	5	{HiQ_model.g4874.t1;HiQ},{GlimmerHMM_glimmerT_5855-T1;GlimmerHMM},{GeneMark_model.6278_t;GeneMark},{ev_type:exonerate/ID=match.2566964.538/Target=lcl|LCTV02000004_1_prot_PRQ75520_1_5209;exonerate},{ev_type:exonerate/ID=match.2566964.549/Target=lcl|PJQD01000059_1_prot_POY72079_1_5248;exonerate},{ev_type:exonerate/ID=match.2566964.561/Target=lcl|BJWK01000017_1_prot_GEM11820_1_5837;exonerate},{ev_type:exonerate/ID=match.2566964.645/Target=lcl|KQ954503_1_prot_KWU42655_1_4988;exonerate}
39002	38941	INTRON			{HiQ_model.g4874.t1;HiQ},{GeneMark_model.6278_t;GeneMark},{ev_type:exonerate/ID=match.2566964.538/Target=lcl|LCTV02000004_1_prot_PRQ75520_1_5209;exonerate},{ev_type:exonerate/ID=match.2566964.549/Target=lcl|PJQD01000059_1_prot_POY72079_1_5248;exonerate},{ev_type:exonerate/ID=match.2566964.561/Target=lcl|BJWK01000017_1_prot_GEM11820_1_5837;exonerate},{ev_type:exonerate/ID=match.2566964.645/Target=lcl|KQ954503_1_prot_KWU42655_1_4988;exonerate}
39020	39003	internal-	6	5	{HiQ_model.g4874.t1;HiQ},{GeneMark_model.6278_t;GeneMark},{ev_type:exonerate/ID=match.2566964.549/Target=lcl|PJQD01000059_1_prot_POY72079_1_5248;exonerate}
39083	39021	INTRON			{HiQ_model.g4874.t1;HiQ},{GeneMark_model.6278_t;GeneMark},{ev_type:exonerate/ID=match.2566964.549/Target=lcl|PJQD01000059_1_prot_POY72079_1_5248;exonerate}
39146	39084	internal-	6	5	{HiQ_model.g4874.t1;HiQ},{GlimmerHMM_glimmerT_5855-T1;GlimmerHMM},{GeneMark_model.6278_t;GeneMark},{ev_type:exonerate/ID=match.2566964.549/Target=lcl|PJQD01000059_1_prot_POY72079_1_5248;exonerate}
39495	39147	INTRON			{HiQ_model.g4874.t1;HiQ},{GlimmerHMM_glimmerT_5855-T1;GlimmerHMM},{GeneMark_model.6278_t;GeneMark},{ev_type:exonerate/ID=match.2566964.549/Target=lcl|PJQD01000059_1_prot_POY72079_1_5248;exonerate}
39524	39496	initial-	4	5	{HiQ_model.g4874.t1;HiQ},{GlimmerHMM_glimmerT_5855-T1;GlimmerHMM},{GeneMark_model.6278_t;GeneMark}

# EVM prediction: Mode:STANDARD S-ratio: 3.43 40323-45578 orient(-) score(22928.00) noncoding_equivalent(6682.68) raw_noncoding(8745.00) offset(2062.32) 
40580	40323	terminal-	4	6	{snap_scaffold_17-snap.13-T1;snap},{Augustus_model.g4875.t1;Augustus},{GeneMark_model.6279_t;GeneMark},{GlimmerHMM_glimmerT_5856-T1;GlimmerHMM}
40651	40581	INTRON			{Augustus_model.g4875.t1;Augustus},{GeneMark_model.6279_t;GeneMark},{GlimmerHMM_glimmerT_5856-T1;GlimmerHMM},{ev_type:exonerate/ID=match.2566964.1381/Target=lcl|PJQD01000059_1_prot_POY72078_1_5247;exonerate},{ev_type:exonerate/ID=match.2566964.1385/Target=lcl|KQ954503_1_prot_KWU42654_1_4987;exonerate}
40789	40652	internal-	4	6	{Augustus_model.g4875.t1;Augustus},{GeneMark_model.6279_t;GeneMark},{GlimmerHMM_glimmerT_5856-T1;GlimmerHMM},{ev_type:exonerate/ID=match.2566964.1381/Target=lcl|PJQD01000059_1_prot_POY72078_1_5247;exonerate},{ev_type:exonerate/ID=match.2566964.1385/Target=lcl|KQ954503_1_prot_KWU42654_1_4987;exonerate}
40859	40790	INTRON			{Augustus_model.g4875.t1;Augustus},{GeneMark_model.6279_t;GeneMark},{GlimmerHMM_glimmerT_5856-T1;GlimmerHMM},{ev_type:exonerate/ID=match.2566964.1381/Target=lcl|PJQD01000059_1_prot_POY72078_1_5247;exonerate},{ev_type:exonerate/ID=match.2566964.1385/Target=lcl|KQ954503_1_prot_KWU42654_1_4987;exonerate}
41295	40860	internal-	6	6	{Augustus_model.g4875.t1;Augustus},{GeneMark_model.6279_t;GeneMark},{GlimmerHMM_glimmerT_5856-T1;GlimmerHMM},{ev_type:exonerate/ID=match.2566964.1381/Target=lcl|PJQD01000059_1_prot_POY72078_1_5247;exonerate}
41366	41296	INTRON			{Augustus_model.g4875.t1;Augustus},{GeneMark_model.6279_t;GeneMark},{GlimmerHMM_glimmerT_5856-T1;GlimmerHMM},{ev_type:exonerate/ID=match.2566964.1381/Target=lcl|PJQD01000059_1_prot_POY72078_1_5247;exonerate},{ev_type:exonerate/ID=match.2566964.1385/Target=lcl|KQ954503_1_prot_KWU42654_1_4987;exonerate}
41517	41367	internal-	5	5	{Augustus_model.g4875.t1;Augustus},{GeneMark_model.6279_t;GeneMark},{GlimmerHMM_glimmerT_5856-T1;GlimmerHMM},{ev_type:exonerate/ID=match.2566964.1381/Target=lcl|PJQD01000059_1_prot_POY72078_1_5247;exonerate},{ev_type:exonerate/ID=match.2566964.1385/Target=lcl|KQ954503_1_prot_KWU42654_1_4987;exonerate}
41584	41518	INTRON			{Augustus_model.g4875.t1;Augustus},{GeneMark_model.6279_t;GeneMark},{GlimmerHMM_glimmerT_5856-T1;GlimmerHMM},{ev_type:exonerate/ID=match.2566964.1381/Target=lcl|PJQD01000059_1_prot_POY72078_1_5247;exonerate},{ev_type:exonerate/ID=match.2566964.1385/Target=lcl|KQ954503_1_prot_KWU42654_1_4987;exonerate}
41675	41585	internal-	4	4	{Augustus_model.g4875.t1;Augustus},{GeneMark_model.6279_t;GeneMark},{GlimmerHMM_glimmerT_5856-T1;GlimmerHMM},{ev_type:exonerate/ID=match.2566964.1381/Target=lcl|PJQD01000059_1_prot_POY72078_1_5247;exonerate},{ev_type:exonerate/ID=match.2566964.1385/Target=lcl|KQ954503_1_prot_KWU42654_1_4987;exonerate}
41744	41676	INTRON			{Augustus_model.g4875.t1;Augustus},{GeneMark_model.6279_t;GeneMark},{GlimmerHMM_glimmerT_5856-T1;GlimmerHMM},{ev_type:exonerate/ID=match.2566964.1381/Target=lcl|PJQD01000059_1_prot_POY72078_1_5247;exonerate},{ev_type:exonerate/ID=match.2566964.1385/Target=lcl|KQ954503_1_prot_KWU42654_1_4987;exonerate}
41955	41745	internal-	6	6	{Augustus_model.g4875.t1;Augustus},{GeneMark_model.6279_t;GeneMark},{GlimmerHMM_glimmerT_5856-T1;GlimmerHMM},{ev_type:exonerate/ID=match.2566964.1381/Target=lcl|PJQD01000059_1_prot_POY72078_1_5247;exonerate},{ev_type:exonerate/ID=match.2566964.1385/Target=lcl|KQ954503_1_prot_KWU42654_1_4987;exonerate}
42011	41956	INTRON			{Augustus_model.g4875.t1;Augustus},{GeneMark_model.6279_t;GeneMark},{GlimmerHMM_glimmerT_5856-T1;GlimmerHMM},{ev_type:exonerate/ID=match.2566964.1381/Target=lcl|PJQD01000059_1_prot_POY72078_1_5247;exonerate},{ev_type:exonerate/ID=match.2566964.1385/Target=lcl|KQ954503_1_prot_KWU42654_1_4987;exonerate}
42091	42012	internal-	4	5	{Augustus_model.g4875.t1;Augustus},{GeneMark_model.6279_t;GeneMark},{GlimmerHMM_glimmerT_5856-T1;GlimmerHMM},{ev_type:exonerate/ID=match.2566964.1381/Target=lcl|PJQD01000059_1_prot_POY72078_1_5247;exonerate},{ev_type:exonerate/ID=match.2566964.1385/Target=lcl|KQ954503_1_prot_KWU42654_1_4987;exonerate}
42164	42092	INTRON			{Augustus_model.g4875.t1;Augustus},{GeneMark_model.6279_t;GeneMark},{GlimmerHMM_glimmerT_5856-T1;GlimmerHMM},{ev_type:exonerate/ID=match.2566964.1381/Target=lcl|PJQD01000059_1_prot_POY72078_1_5247;exonerate},{ev_type:exonerate/ID=match.2566964.1385/Target=lcl|KQ954503_1_prot_KWU42654_1_4987;exonerate}
42515	42165	internal-	4	6	{Augustus_model.g4875.t1;Augustus},{GeneMark_model.6279_t;GeneMark},{GlimmerHMM_glimmerT_5856-T1;GlimmerHMM},{ev_type:exonerate/ID=match.2566964.1381/Target=lcl|PJQD01000059_1_prot_POY72078_1_5247;exonerate},{ev_type:exonerate/ID=match.2566964.1385/Target=lcl|KQ954503_1_prot_KWU42654_1_4987;exonerate}
42592	42516	INTRON			{Augustus_model.g4875.t1;Augustus},{GeneMark_model.6279_t;GeneMark},{ev_type:exonerate/ID=match.2566964.1381/Target=lcl|PJQD01000059_1_prot_POY72078_1_5247;exonerate},{ev_type:exonerate/ID=match.2566964.1385/Target=lcl|KQ954503_1_prot_KWU42654_1_4987;exonerate}
42851	42593	internal-	6	6	{Augustus_model.g4875.t1;Augustus},{GeneMark_model.6279_t;GeneMark},{ev_type:exonerate/ID=match.2566964.1381/Target=lcl|PJQD01000059_1_prot_POY72078_1_5247;exonerate},{ev_type:exonerate/ID=match.2566964.1385/Target=lcl|KQ954503_1_prot_KWU42654_1_4987;exonerate}
42930	42852	INTRON			{Augustus_model.g4875.t1;Augustus},{GeneMark_model.6279_t;GeneMark},{GlimmerHMM_glimmerT_5856-T1;GlimmerHMM},{ev_type:exonerate/ID=match.2566964.1381/Target=lcl|PJQD01000059_1_prot_POY72078_1_5247;exonerate},{ev_type:exonerate/ID=match.2566964.1385/Target=lcl|KQ954503_1_prot_KWU42654_1_4987;exonerate}
42987	42931	internal-	6	5	{Augustus_model.g4875.t1;Augustus},{GeneMark_model.6279_t;GeneMark},{GlimmerHMM_glimmerT_5856-T1;GlimmerHMM},{ev_type:exonerate/ID=match.2566964.1381/Target=lcl|PJQD01000059_1_prot_POY72078_1_5247;exonerate},{ev_type:exonerate/ID=match.2566964.1385/Target=lcl|KQ954503_1_prot_KWU42654_1_4987;exonerate}
43052	42988	INTRON			{Augustus_model.g4875.t1;Augustus},{GeneMark_model.6279_t;GeneMark},{GlimmerHMM_glimmerT_5856-T1;GlimmerHMM},{ev_type:exonerate/ID=match.2566964.1381/Target=lcl|PJQD01000059_1_prot_POY72078_1_5247;exonerate},{ev_type:exonerate/ID=match.2566964.1385/Target=lcl|KQ954503_1_prot_KWU42654_1_4987;exonerate}
43186	43053	internal-	4	5	{Augustus_model.g4875.t1;Augustus},{GeneMark_model.6279_t;GeneMark},{ev_type:exonerate/ID=match.2566964.1381/Target=lcl|PJQD01000059_1_prot_POY72078_1_5247;exonerate},{ev_type:exonerate/ID=match.2566964.1385/Target=lcl|KQ954503_1_prot_KWU42654_1_4987;exonerate}
43344	43187	INTRON			{Augustus_model.g4875.t1;Augustus},{GeneMark_model.6279_t;GeneMark},{ev_type:exonerate/ID=match.2566964.1381/Target=lcl|PJQD01000059_1_prot_POY72078_1_5247;exonerate},{ev_type:exonerate/ID=match.2566964.1385/Target=lcl|KQ954503_1_prot_KWU42654_1_4987;exonerate}
43408	43345	internal-	6	6	{Augustus_model.g4875.t1;Augustus},{GeneMark_model.6279_t;GeneMark},{ev_type:exonerate/ID=match.2566964.1381/Target=lcl|PJQD01000059_1_prot_POY72078_1_5247;exonerate},{ev_type:exonerate/ID=match.2566964.1385/Target=lcl|KQ954503_1_prot_KWU42654_1_4987;exonerate}
43519	43409	INTRON			{Augustus_model.g4875.t1;Augustus},{GeneMark_model.6279_t;GeneMark},{ev_type:exonerate/ID=match.2566964.1381/Target=lcl|PJQD01000059_1_prot_POY72078_1_5247;exonerate},{ev_type:exonerate/ID=match.2566964.1385/Target=lcl|KQ954503_1_prot_KWU42654_1_4987;exonerate}
43654	43520	internal-	6	5	{Augustus_model.g4875.t1;Augustus},{GlimmerHMM_glimmerT_5856-T1;GlimmerHMM}
43956	43655	INTRON			{Augustus_model.g4875.t1;Augustus},{GlimmerHMM_glimmerT_5856-T1;GlimmerHMM}
44157	43957	internal-	6	5	{Augustus_model.g4875.t1;Augustus},{GeneMark_model.6279_t;GeneMark},{GlimmerHMM_glimmerT_5856-T1;GlimmerHMM}
44307	44158	INTRON			{Augustus_model.g4875.t1;Augustus},{GeneMark_model.6279_t;GeneMark},{GlimmerHMM_glimmerT_5856-T1;GlimmerHMM}
44449	44308	internal-	5	5	{Augustus_model.g4875.t1;Augustus},{GeneMark_model.6279_t;GeneMark},{GlimmerHMM_glimmerT_5856-T1;GlimmerHMM}
44524	44450	INTRON			{Augustus_model.g4875.t1;Augustus},{GeneMark_model.6279_t;GeneMark},{GlimmerHMM_glimmerT_5856-T1;GlimmerHMM}
44943	44525	internal-	6	4	{Augustus_model.g4875.t1;Augustus},{GeneMark_model.6279_t;GeneMark},{GlimmerHMM_glimmerT_5856-T1;GlimmerHMM}
45019	44944	INTRON			{Augustus_model.g4875.t1;Augustus},{GeneMark_model.6279_t;GeneMark},{GlimmerHMM_glimmerT_5856-T1;GlimmerHMM}
45234	45020	internal-	4	5	{Augustus_model.g4875.t1;Augustus},{GeneMark_model.6279_t;GeneMark},{GlimmerHMM_glimmerT_5856-T1;GlimmerHMM}
45325	45235	INTRON			{Augustus_model.g4875.t1;Augustus},{GeneMark_model.6279_t;GeneMark},{GlimmerHMM_glimmerT_5856-T1;GlimmerHMM}
45476	45326	internal-	6	6	{Augustus_model.g4875.t1;Augustus},{GeneMark_model.6279_t;GeneMark},{GlimmerHMM_glimmerT_5856-T1;GlimmerHMM}
45549	45477	INTRON			{Augustus_model.g4875.t1;Augustus},{GeneMark_model.6279_t;GeneMark},{GlimmerHMM_glimmerT_5856-T1;GlimmerHMM}
45578	45550	initial-	4	5	{Augustus_model.g4875.t1;Augustus}

# EVM prediction: Mode:STANDARD S-ratio: 1.97 46253-46984 orient(+) score(2148.00) noncoding_equivalent(1093.09) raw_noncoding(1509.00) offset(415.91) 
46253	46261	initial+	1	3	{GlimmerHMM_glimmerT_5857-T1;GlimmerHMM},{Augustus_model.g4876.t1;Augustus},{GeneMark_model.6280_t;GeneMark},{snap_scaffold_17-snap.16-T1;snap}
46262	46352	INTRON			{Augustus_model.g4876.t1;Augustus},{GeneMark_model.6280_t;GeneMark}
46353	46409	internal+	1	3	{Augustus_model.g4876.t1;Augustus},{GeneMark_model.6280_t;GeneMark}
46410	46479	INTRON			{Augustus_model.g4876.t1;Augustus},{GeneMark_model.6280_t;GeneMark}
46480	46632	internal+	1	3	{GlimmerHMM_glimmerT_5857-T1;GlimmerHMM},{Augustus_model.g4876.t1;Augustus},{GeneMark_model.6280_t;GeneMark}
46633	46714	INTRON			{GlimmerHMM_glimmerT_5857-T1;GlimmerHMM},{Augustus_model.g4876.t1;Augustus},{GeneMark_model.6280_t;GeneMark}
46715	46782	internal+	1	2	{GlimmerHMM_glimmerT_5857-T1;GlimmerHMM},{Augustus_model.g4876.t1;Augustus},{GeneMark_model.6280_t;GeneMark}
46783	46863	INTRON			{GlimmerHMM_glimmerT_5857-T1;GlimmerHMM},{Augustus_model.g4876.t1;Augustus},{GeneMark_model.6280_t;GeneMark}
46864	46984	terminal+	3	3	{GlimmerHMM_glimmerT_5857-T1;GlimmerHMM},{Augustus_model.g4876.t1;Augustus},{GeneMark_model.6280_t;GeneMark}

# EVM prediction: Mode:STANDARD S-ratio: 2.21 47244-53050 orient(-) score(17182.00) noncoding_equivalent(7769.93) raw_noncoding(8960.00) offset(1190.07) 
47884	47244	terminal-	5	6	{GeneMark_model.6281_t;GeneMark},{GlimmerHMM_glimmerT_5858-T1;GlimmerHMM},{Augustus_model.g4877.t1;Augustus}
47946	47885	INTRON			{GeneMark_model.6281_t;GeneMark},{GlimmerHMM_glimmerT_5858-T1;GlimmerHMM},{Augustus_model.g4877.t1;Augustus}
48181	47947	internal-	4	4	{GeneMark_model.6281_t;GeneMark},{GlimmerHMM_glimmerT_5858-T1;GlimmerHMM},{Augustus_model.g4877.t1;Augustus}
48247	48182	INTRON			{GeneMark_model.6281_t;GeneMark},{GlimmerHMM_glimmerT_5858-T1;GlimmerHMM},{Augustus_model.g4877.t1;Augustus}
48381	48248	internal-	5	6	{GeneMark_model.6281_t;GeneMark},{GlimmerHMM_glimmerT_5858-T1;GlimmerHMM},{Augustus_model.g4877.t1;Augustus}
48447	48382	INTRON			{GeneMark_model.6281_t;GeneMark},{GlimmerHMM_glimmerT_5858-T1;GlimmerHMM},{Augustus_model.g4877.t1;Augustus}
48667	48448	internal-	4	4	{GeneMark_model.6281_t;GeneMark},{GlimmerHMM_glimmerT_5858-T1;GlimmerHMM},{Augustus_model.g4877.t1;Augustus}
48726	48668	INTRON			{GeneMark_model.6281_t;GeneMark},{GlimmerHMM_glimmerT_5858-T1;GlimmerHMM},{Augustus_model.g4877.t1;Augustus}
48847	48727	internal-	6	6	{GeneMark_model.6281_t;GeneMark},{GlimmerHMM_glimmerT_5858-T1;GlimmerHMM},{Augustus_model.g4877.t1;Augustus}
48916	48848	INTRON			{GeneMark_model.6281_t;GeneMark},{GlimmerHMM_glimmerT_5858-T1;GlimmerHMM},{Augustus_model.g4877.t1;Augustus}
49016	48917	internal-	5	5	{GeneMark_model.6281_t;GeneMark},{GlimmerHMM_glimmerT_5858-T1;GlimmerHMM},{Augustus_model.g4877.t1;Augustus}
49082	49017	INTRON			{GeneMark_model.6281_t;GeneMark},{GlimmerHMM_glimmerT_5858-T1;GlimmerHMM},{Augustus_model.g4877.t1;Augustus}
49258	49083	internal-	6	4	{GeneMark_model.6281_t;GeneMark},{GlimmerHMM_glimmerT_5858-T1;GlimmerHMM},{Augustus_model.g4877.t1;Augustus}
49322	49259	INTRON			{GeneMark_model.6281_t;GeneMark},{GlimmerHMM_glimmerT_5858-T1;GlimmerHMM},{Augustus_model.g4877.t1;Augustus}
49522	49323	internal-	4	5	{GeneMark_model.6281_t;GeneMark},{GlimmerHMM_glimmerT_5858-T1;GlimmerHMM},{Augustus_model.g4877.t1;Augustus}
49590	49523	INTRON			{GeneMark_model.6281_t;GeneMark},{GlimmerHMM_glimmerT_5858-T1;GlimmerHMM},{Augustus_model.g4877.t1;Augustus}
49764	49591	internal-	4	6	{GeneMark_model.6281_t;GeneMark},{GlimmerHMM_glimmerT_5858-T1;GlimmerHMM},{Augustus_model.g4877.t1;Augustus}
49823	49765	INTRON			{GeneMark_model.6281_t;GeneMark},{GlimmerHMM_glimmerT_5858-T1;GlimmerHMM},{Augustus_model.g4877.t1;Augustus}
50019	49824	internal-	6	6	{GeneMark_model.6281_t;GeneMark},{GlimmerHMM_glimmerT_5858-T1;GlimmerHMM},{Augustus_model.g4877.t1;Augustus}
50084	50020	INTRON			{GeneMark_model.6281_t;GeneMark},{GlimmerHMM_glimmerT_5858-T1;GlimmerHMM},{Augustus_model.g4877.t1;Augustus}
50202	50085	internal-	5	5	{GeneMark_model.6281_t;GeneMark},{GlimmerHMM_glimmerT_5858-T1;GlimmerHMM},{Augustus_model.g4877.t1;Augustus}
50270	50203	INTRON			{GeneMark_model.6281_t;GeneMark},{GlimmerHMM_glimmerT_5858-T1;GlimmerHMM},{Augustus_model.g4877.t1;Augustus}
50588	50271	internal-	5	4	{GlimmerHMM_glimmerT_5858-T1;GlimmerHMM}
50654	50589	INTRON			{GeneMark_model.6281_t;GeneMark},{GlimmerHMM_glimmerT_5858-T1;GlimmerHMM},{Augustus_model.g4877.t1;Augustus}
50746	50655	internal-	6	4	{GeneMark_model.6281_t;GeneMark},{GlimmerHMM_glimmerT_5858-T1;GlimmerHMM},{Augustus_model.g4877.t1;Augustus}
50804	50747	INTRON			{GeneMark_model.6281_t;GeneMark},{GlimmerHMM_glimmerT_5858-T1;GlimmerHMM},{Augustus_model.g4877.t1;Augustus}
50958	50805	internal-	5	5	{GeneMark_model.6281_t;GeneMark},{GlimmerHMM_glimmerT_5858-T1;GlimmerHMM},{Augustus_model.g4877.t1;Augustus}
51020	50959	INTRON			{GeneMark_model.6281_t;GeneMark},{GlimmerHMM_glimmerT_5858-T1;GlimmerHMM},{Augustus_model.g4877.t1;Augustus}
51213	51021	internal-	4	4	{GeneMark_model.6281_t;GeneMark},{Augustus_model.g4877.t1;Augustus}
51296	51214	INTRON			{GeneMark_model.6281_t;GeneMark},{Augustus_model.g4877.t1;Augustus}
51491	51297	internal-	4	6	{GeneMark_model.6281_t;GeneMark},{GlimmerHMM_glimmerT_5858-T1;GlimmerHMM},{Augustus_model.g4877.t1;Augustus}
51586	51492	INTRON			{GeneMark_model.6281_t;GeneMark},{GlimmerHMM_glimmerT_5858-T1;GlimmerHMM}
52741	51587	internal-	4	6	{GeneMark_model.6281_t;GeneMark},{GlimmerHMM_glimmerT_5858-T1;GlimmerHMM}
52804	52742	INTRON			{GeneMark_model.6281_t;GeneMark},{GlimmerHMM_glimmerT_5858-T1;GlimmerHMM}
53050	52805	initial-	4	6	{GeneMark_model.6281_t;GeneMark},{GlimmerHMM_glimmerT_5858-T1;GlimmerHMM},{Augustus_model.g4877.t1;Augustus}

# EVM prediction: Mode:STANDARD S-ratio: 1.67 53991-54691 orient(+) score(2103.00) noncoding_equivalent(1263.00) raw_noncoding(1562.00) offset(299.00) 
53991	54014	initial+	1	3	{Augustus_model.g4878.t1;Augustus},{GlimmerHMM_glimmerT_5859-T1;GlimmerHMM},{GeneMark_model.6282_t;GeneMark}
54015	54103	INTRON			{Augustus_model.g4878.t1;Augustus},{GlimmerHMM_glimmerT_5859-T1;GlimmerHMM},{GeneMark_model.6282_t;GeneMark}
54104	54188	internal+	1	1	{Augustus_model.g4878.t1;Augustus},{GlimmerHMM_glimmerT_5859-T1;GlimmerHMM},{GeneMark_model.6282_t;GeneMark}
54189	54299	INTRON			{Augustus_model.g4878.t1;Augustus},{GlimmerHMM_glimmerT_5859-T1;GlimmerHMM},{GeneMark_model.6282_t;GeneMark}
54300	54587	internal+	2	1	{Augustus_model.g4878.t1;Augustus},{GlimmerHMM_glimmerT_5859-T1;GlimmerHMM},{GeneMark_model.6282_t;GeneMark}
54588	54674	INTRON			{Augustus_model.g4878.t1;Augustus},{GlimmerHMM_glimmerT_5859-T1;GlimmerHMM},{GeneMark_model.6282_t;GeneMark}
54675	54691	terminal+	2	3	{Augustus_model.g4878.t1;Augustus},{GlimmerHMM_glimmerT_5859-T1;GlimmerHMM},{GeneMark_model.6282_t;GeneMark}

# EVM prediction: Mode:STANDARD S-ratio: 72.56 55031-56023 orient(-) score(3918.00) noncoding_equivalent(54.00) raw_noncoding(54.00) offset(0.00) 
56023	55031	single-	4	6	{GlimmerHMM_glimmerT_5860-T1;GlimmerHMM},{GeneMark_model.6283_t;GeneMark},{Augustus_model.g4879.t1;Augustus}

# EVM prediction: Mode:STANDARD S-ratio: 1.93 56345-59676 orient(+) score(9351.00) noncoding_equivalent(4843.73) raw_noncoding(5894.00) offset(1050.27) 
56345	56988	initial+	1	2	{GeneMark_model.6284_t;GeneMark},{GlimmerHMM_glimmerT_5861-T1;GlimmerHMM}
56989	57054	INTRON			{Augustus_model.g4880.t1;Augustus},{GeneMark_model.6284_t;GeneMark},{GlimmerHMM_glimmerT_5861-T1;GlimmerHMM}
57055	57174	internal+	3	2	{Augustus_model.g4880.t1;Augustus},{GeneMark_model.6284_t;GeneMark},{GlimmerHMM_glimmerT_5861-T1;GlimmerHMM}
57175	57246	INTRON			{Augustus_model.g4880.t1;Augustus},{GeneMark_model.6284_t;GeneMark}
57247	57433	internal+	3	3	{Augustus_model.g4880.t1;Augustus},{GeneMark_model.6284_t;GeneMark}
57434	57500	INTRON			{Augustus_model.g4880.t1;Augustus},{GeneMark_model.6284_t;GeneMark},{GlimmerHMM_glimmerT_5861-T1;GlimmerHMM}
57501	57621	internal+	1	1	{Augustus_model.g4880.t1;Augustus},{GeneMark_model.6284_t;GeneMark},{GlimmerHMM_glimmerT_5861-T1;GlimmerHMM}
57622	57701	INTRON			{Augustus_model.g4880.t1;Augustus},{GeneMark_model.6284_t;GeneMark},{GlimmerHMM_glimmerT_5861-T1;GlimmerHMM}
57702	57783	internal+	2	2	{Augustus_model.g4880.t1;Augustus},{GeneMark_model.6284_t;GeneMark},{GlimmerHMM_glimmerT_5861-T1;GlimmerHMM}
57784	57868	INTRON			{Augustus_model.g4880.t1;Augustus},{GeneMark_model.6284_t;GeneMark},{GlimmerHMM_glimmerT_5861-T1;GlimmerHMM}
57869	58072	internal+	3	2	{Augustus_model.g4880.t1;Augustus},{GeneMark_model.6284_t;GeneMark},{GlimmerHMM_glimmerT_5861-T1;GlimmerHMM}
58073	58143	INTRON			{Augustus_model.g4880.t1;Augustus},{GeneMark_model.6284_t;GeneMark},{GlimmerHMM_glimmerT_5861-T1;GlimmerHMM}
58144	58204	internal+	3	3	{Augustus_model.g4880.t1;Augustus},{GeneMark_model.6284_t;GeneMark},{GlimmerHMM_glimmerT_5861-T1;GlimmerHMM}
58205	58285	INTRON			{Augustus_model.g4880.t1;Augustus},{GeneMark_model.6284_t;GeneMark},{GlimmerHMM_glimmerT_5861-T1;GlimmerHMM}
58286	58519	internal+	1	3	{Augustus_model.g4880.t1;Augustus},{GeneMark_model.6284_t;GeneMark}
58520	58594	INTRON			{Augustus_model.g4880.t1;Augustus},{GeneMark_model.6284_t;GeneMark}
58595	58692	internal+	1	2	{Augustus_model.g4880.t1;Augustus},{GeneMark_model.6284_t;GeneMark}
58693	58814	INTRON			{Augustus_model.g4880.t1;Augustus},{GeneMark_model.6284_t;GeneMark}
58815	58923	internal+	3	3	{Augustus_model.g4880.t1;Augustus},{GeneMark_model.6284_t;GeneMark}
58924	58994	INTRON			{Augustus_model.g4880.t1;Augustus},{GeneMark_model.6284_t;GeneMark}
58995	59069	internal+	1	3	{Augustus_model.g4880.t1;Augustus},{GeneMark_model.6284_t;GeneMark}
59070	59133	INTRON			{Augustus_model.g4880.t1;Augustus},{GeneMark_model.6284_t;GeneMark}
59134	59676	terminal+	1	3	{Augustus_model.g4880.t1;Augustus},{GeneMark_model.6284_t;GeneMark}

# EVM prediction: Mode:STANDARD S-ratio: 1.86 59775-61884 orient(-) score(5567.00) noncoding_equivalent(2986.31) raw_noncoding(4003.00) offset(1016.69) 
60083	59775	terminal-	4	6	{GlimmerHMM_glimmerT_5862-T1;GlimmerHMM},{Augustus_model.g4881.t1;Augustus},{snap_scaffold_17-snap.22-T1;snap},{GeneMark_model.6285_t;GeneMark}
60148	60084	INTRON			{GlimmerHMM_glimmerT_5862-T1;GlimmerHMM},{Augustus_model.g4881.t1;Augustus},{GeneMark_model.6285_t;GeneMark}
60313	60149	internal-	4	6	{GlimmerHMM_glimmerT_5862-T1;GlimmerHMM},{Augustus_model.g4881.t1;Augustus},{GeneMark_model.6285_t;GeneMark}
60377	60314	INTRON			{Augustus_model.g4881.t1;Augustus},{GeneMark_model.6285_t;GeneMark}
60413	60378	internal-	4	6	{Augustus_model.g4881.t1;Augustus},{GeneMark_model.6285_t;GeneMark}
60495	60414	INTRON			{Augustus_model.g4881.t1;Augustus},{GeneMark_model.6285_t;GeneMark}
60690	60496	internal-	4	6	{Augustus_model.g4881.t1;Augustus},{GeneMark_model.6285_t;GeneMark}
60747	60691	INTRON			{Augustus_model.g4881.t1;Augustus},{GeneMark_model.6285_t;GeneMark}
60836	60748	internal-	5	6	{Augustus_model.g4881.t1;Augustus},{GeneMark_model.6285_t;GeneMark}
60895	60837	INTRON			{Augustus_model.g4881.t1;Augustus},{GeneMark_model.6285_t;GeneMark}
61049	60896	internal-	4	4	{GeneMark_model.6285_t;GeneMark}
61105	61050	INTRON			{GeneMark_model.6285_t;GeneMark}
61286	61106	internal-	6	6	{GeneMark_model.6285_t;GeneMark}
61339	61287	INTRON			{GlimmerHMM_glimmerT_5862-T1;GlimmerHMM},{Augustus_model.g4881.t1;Augustus},{GeneMark_model.6285_t;GeneMark}
61577	61340	internal-	5	5	{Augustus_model.g4881.t1;Augustus},{GeneMark_model.6285_t;GeneMark}
61638	61578	INTRON			{Augustus_model.g4881.t1;Augustus},{GeneMark_model.6285_t;GeneMark}
61786	61639	internal-	4	4	{Augustus_model.g4881.t1;Augustus},{GeneMark_model.6285_t;GeneMark}
61848	61787	INTRON			{Augustus_model.g4881.t1;Augustus},{GeneMark_model.6285_t;GeneMark}
61884	61849	initial-	4	6	{Augustus_model.g4881.t1;Augustus},{GeneMark_model.6285_t;GeneMark}

# EVM prediction: Mode:STANDARD S-ratio: 1.69 62825-65132 orient(-) score(6520.00) noncoding_equivalent(3850.42) raw_noncoding(5164.00) offset(1313.58) 
62890	62825	terminal-	4	6	{Augustus_model.g4882.t1;Augustus},{GeneMark_model.6286_t;GeneMark},{GlimmerHMM_glimmerT_5863-T1;GlimmerHMM}
62968	62891	INTRON			{Augustus_model.g4882.t1;Augustus},{GeneMark_model.6286_t;GeneMark},{GlimmerHMM_glimmerT_5863-T1;GlimmerHMM}
63007	62969	internal-	4	6	{Augustus_model.g4882.t1;Augustus},{GeneMark_model.6286_t;GeneMark},{GlimmerHMM_glimmerT_5863-T1;GlimmerHMM}
63075	63008	INTRON			{Augustus_model.g4882.t1;Augustus},{GeneMark_model.6286_t;GeneMark},{GlimmerHMM_glimmerT_5863-T1;GlimmerHMM}
63175	63076	internal-	6	6	{Augustus_model.g4882.t1;Augustus},{GeneMark_model.6286_t;GeneMark},{GlimmerHMM_glimmerT_5863-T1;GlimmerHMM}
63245	63176	INTRON			{Augustus_model.g4882.t1;Augustus},{GeneMark_model.6286_t;GeneMark},{GlimmerHMM_glimmerT_5863-T1;GlimmerHMM}
63483	63246	internal-	5	5	{Augustus_model.g4882.t1;Augustus},{GeneMark_model.6286_t;GeneMark},{GlimmerHMM_glimmerT_5863-T1;GlimmerHMM}
63578	63484	INTRON			{Augustus_model.g4882.t1;Augustus},{GeneMark_model.6286_t;GeneMark},{GlimmerHMM_glimmerT_5863-T1;GlimmerHMM}
63800	63579	internal-	5	4	{Augustus_model.g4882.t1;Augustus},{GeneMark_model.6286_t;GeneMark},{GlimmerHMM_glimmerT_5863-T1;GlimmerHMM}
63863	63801	INTRON			{Augustus_model.g4882.t1;Augustus},{GeneMark_model.6286_t;GeneMark},{GlimmerHMM_glimmerT_5863-T1;GlimmerHMM}
63933	63864	internal-	4	4	{Augustus_model.g4882.t1;Augustus},{GeneMark_model.6286_t;GeneMark},{GlimmerHMM_glimmerT_5863-T1;GlimmerHMM}
64006	63934	INTRON			{Augustus_model.g4882.t1;Augustus},{GeneMark_model.6286_t;GeneMark}
64018	64007	internal-	4	6	{Augustus_model.g4882.t1;Augustus},{GeneMark_model.6286_t;GeneMark}
64095	64019	INTRON			{Augustus_model.g4882.t1;Augustus},{GeneMark_model.6286_t;GeneMark}
64146	64096	internal-	4	6	{Augustus_model.g4882.t1;Augustus},{GeneMark_model.6286_t;GeneMark},{GlimmerHMM_glimmerT_5863-T1;GlimmerHMM}
64235	64147	INTRON			{Augustus_model.g4882.t1;Augustus},{GeneMark_model.6286_t;GeneMark},{GlimmerHMM_glimmerT_5863-T1;GlimmerHMM}
64401	64236	internal-	6	6	{Augustus_model.g4882.t1;Augustus},{GeneMark_model.6286_t;GeneMark},{GlimmerHMM_glimmerT_5863-T1;GlimmerHMM}
64523	64402	INTRON			{Augustus_model.g4882.t1;Augustus},{GeneMark_model.6286_t;GeneMark},{GlimmerHMM_glimmerT_5863-T1;GlimmerHMM}
64667	64524	internal-	6	5	{Augustus_model.g4882.t1;Augustus},{GeneMark_model.6286_t;GeneMark},{GlimmerHMM_glimmerT_5863-T1;GlimmerHMM}
64757	64668	INTRON			{Augustus_model.g4882.t1;Augustus},{GeneMark_model.6286_t;GeneMark}
64779	64758	internal-	5	5	{Augustus_model.g4882.t1;Augustus},{GeneMark_model.6286_t;GeneMark}
64909	64780	INTRON			{Augustus_model.g4882.t1;Augustus},{GeneMark_model.6286_t;GeneMark}
65132	64910	initial-	4	4	{Augustus_model.g4882.t1;Augustus},{GeneMark_model.6286_t;GeneMark}

# EVM prediction: Mode:STANDARD S-ratio: 8.59 65782-66898 orient(+) score(4242.00) noncoding_equivalent(494.00) raw_noncoding(520.00) offset(26.00) 
65782	66381	initial+	1	3	{GeneMark_model.6287_t;GeneMark},{GlimmerHMM_glimmerT_5864-T1;GlimmerHMM},{Augustus_model.g4883.t1;Augustus}
66382	66447	INTRON			{GeneMark_model.6287_t;GeneMark},{GlimmerHMM_glimmerT_5864-T1;GlimmerHMM},{Augustus_model.g4883.t1;Augustus}
66448	66738	internal+	1	3	{GeneMark_model.6287_t;GeneMark},{GlimmerHMM_glimmerT_5864-T1;GlimmerHMM},{Augustus_model.g4883.t1;Augustus}
66739	66811	INTRON			{GeneMark_model.6287_t;GeneMark},{GlimmerHMM_glimmerT_5864-T1;GlimmerHMM},{Augustus_model.g4883.t1;Augustus}
66812	66898	terminal+	1	3	{GeneMark_model.6287_t;GeneMark},{GlimmerHMM_glimmerT_5864-T1;GlimmerHMM},{Augustus_model.g4883.t1;Augustus}

# EVM prediction: Mode:STANDARD S-ratio: 2.48 67958-69706 orient(+) score(5888.00) noncoding_equivalent(2370.59) raw_noncoding(2830.63) offset(460.05) 
67958	68025	initial+	1	2	{GlimmerHMM_glimmerT_5865-T1;GlimmerHMM},{Augustus_model.g4884.t1;Augustus},{GeneMark_model.6288_t;GeneMark}
68026	68104	INTRON			{GlimmerHMM_glimmerT_5865-T1;GlimmerHMM},{Augustus_model.g4884.t1;Augustus},{GeneMark_model.6288_t;GeneMark}
68105	68171	internal+	3	3	{GlimmerHMM_glimmerT_5865-T1;GlimmerHMM},{Augustus_model.g4884.t1;Augustus},{GeneMark_model.6288_t;GeneMark}
68172	68231	INTRON			{GlimmerHMM_glimmerT_5865-T1;GlimmerHMM},{Augustus_model.g4884.t1;Augustus},{GeneMark_model.6288_t;GeneMark}
68232	68433	internal+	1	1	{GlimmerHMM_glimmerT_5865-T1;GlimmerHMM},{Augustus_model.g4884.t1;Augustus},{GeneMark_model.6288_t;GeneMark}
68434	68514	INTRON			{GlimmerHMM_glimmerT_5865-T1;GlimmerHMM},{Augustus_model.g4884.t1;Augustus},{GeneMark_model.6288_t;GeneMark}
68515	68761	internal+	2	2	{GlimmerHMM_glimmerT_5865-T1;GlimmerHMM},{Augustus_model.g4884.t1;Augustus},{GeneMark_model.6288_t;GeneMark}
68762	68846	INTRON			{GlimmerHMM_glimmerT_5865-T1;GlimmerHMM},{Augustus_model.g4884.t1;Augustus},{GeneMark_model.6288_t;GeneMark}
68847	68908	internal+	3	1	{GlimmerHMM_glimmerT_5865-T1;GlimmerHMM},{Augustus_model.g4884.t1;Augustus},{GeneMark_model.6288_t;GeneMark}
68909	68970	INTRON			{GlimmerHMM_glimmerT_5865-T1;GlimmerHMM},{Augustus_model.g4884.t1;Augustus},{GeneMark_model.6288_t;GeneMark}
68971	69159	internal+	2	1	{GlimmerHMM_glimmerT_5865-T1;GlimmerHMM},{Augustus_model.g4884.t1;Augustus},{GeneMark_model.6288_t;GeneMark}
69160	69224	INTRON			{GlimmerHMM_glimmerT_5865-T1;GlimmerHMM},{Augustus_model.g4884.t1;Augustus},{GeneMark_model.6288_t;GeneMark}
69225	69305	internal+	2	1	{GlimmerHMM_glimmerT_5865-T1;GlimmerHMM},{Augustus_model.g4884.t1;Augustus},{GeneMark_model.6288_t;GeneMark}
69306	69374	INTRON			{GlimmerHMM_glimmerT_5865-T1;GlimmerHMM},{Augustus_model.g4884.t1;Augustus},{GeneMark_model.6288_t;GeneMark}
69375	69496	internal+	2	3	{GlimmerHMM_glimmerT_5865-T1;GlimmerHMM},{Augustus_model.g4884.t1;Augustus},{GeneMark_model.6288_t;GeneMark}
69497	69578	INTRON			{GlimmerHMM_glimmerT_5865-T1;GlimmerHMM},{Augustus_model.g4884.t1;Augustus},{GeneMark_model.6288_t;GeneMark}
69579	69591	internal+	1	1	{GlimmerHMM_glimmerT_5865-T1;GlimmerHMM},{Augustus_model.g4884.t1;Augustus},{GeneMark_model.6288_t;GeneMark}
69592	69662	INTRON			{GlimmerHMM_glimmerT_5865-T1;GlimmerHMM},{Augustus_model.g4884.t1;Augustus},{GeneMark_model.6288_t;GeneMark}
69663	69706	terminal+	2	3	{GlimmerHMM_glimmerT_5865-T1;GlimmerHMM},{Augustus_model.g4884.t1;Augustus},{GeneMark_model.6288_t;GeneMark}

# EVM prediction: Mode:STANDARD S-ratio: 1.96 70768-73569 orient(+) score(7827.00) noncoding_equivalent(3996.93) raw_noncoding(5739.00) offset(1742.07) 
70768	70979	initial+	1	2	{GeneMark_model.6289_t;GeneMark},{Augustus_model.g4885.t1;Augustus}
70980	71044	INTRON			{GeneMark_model.6289_t;GeneMark},{Augustus_model.g4885.t1;Augustus}
71045	71051	internal+	3	3	{GeneMark_model.6289_t;GeneMark},{Augustus_model.g4885.t1;Augustus}
71052	71114	INTRON			{GeneMark_model.6289_t;GeneMark},{Augustus_model.g4885.t1;Augustus}
71115	71138	internal+	1	3	{GeneMark_model.6289_t;GeneMark},{Augustus_model.g4885.t1;Augustus}
71139	71212	INTRON			{GeneMark_model.6289_t;GeneMark},{Augustus_model.g4885.t1;Augustus}
71213	71248	internal+	1	3	{GeneMark_model.6289_t;GeneMark},{Augustus_model.g4885.t1;Augustus}
71249	71318	INTRON			{GeneMark_model.6289_t;GeneMark},{Augustus_model.g4885.t1;Augustus}
71319	71408	internal+	1	3	{GeneMark_model.6289_t;GeneMark},{GlimmerHMM_glimmerT_5866-T1;GlimmerHMM},{Augustus_model.g4885.t1;Augustus}
71409	71472	INTRON			{GeneMark_model.6289_t;GeneMark},{GlimmerHMM_glimmerT_5866-T1;GlimmerHMM},{Augustus_model.g4885.t1;Augustus}
71473	71582	internal+	1	2	{GeneMark_model.6289_t;GeneMark},{GlimmerHMM_glimmerT_5866-T1;GlimmerHMM},{Augustus_model.g4885.t1;Augustus}
71583	71650	INTRON			{GeneMark_model.6289_t;GeneMark},{Augustus_model.g4885.t1;Augustus}
71651	71669	internal+	3	3	{GeneMark_model.6289_t;GeneMark},{Augustus_model.g4885.t1;Augustus}
71670	71727	INTRON			{GeneMark_model.6289_t;GeneMark},{Augustus_model.g4885.t1;Augustus}
71728	71756	internal+	1	2	{GeneMark_model.6289_t;GeneMark},{Augustus_model.g4885.t1;Augustus}
71757	71820	INTRON			{GeneMark_model.6289_t;GeneMark},{Augustus_model.g4885.t1;Augustus}
71821	72183	internal+	3	2	{GeneMark_model.6289_t;GeneMark},{GlimmerHMM_glimmerT_5866-T1;GlimmerHMM},{Augustus_model.g4885.t1;Augustus}
72184	72242	INTRON			{GeneMark_model.6289_t;GeneMark},{GlimmerHMM_glimmerT_5866-T1;GlimmerHMM},{Augustus_model.g4885.t1;Augustus}
72243	72549	internal+	3	3	{GeneMark_model.6289_t;GeneMark},{GlimmerHMM_glimmerT_5866-T1;GlimmerHMM},{Augustus_model.g4885.t1;Augustus}
72550	72609	INTRON			{GeneMark_model.6289_t;GeneMark},{GlimmerHMM_glimmerT_5866-T1;GlimmerHMM},{Augustus_model.g4885.t1;Augustus}
72610	72738	internal+	1	3	{GeneMark_model.6289_t;GeneMark},{GlimmerHMM_glimmerT_5866-T1;GlimmerHMM},{Augustus_model.g4885.t1;Augustus}
72739	72798	INTRON			{GeneMark_model.6289_t;GeneMark},{Augustus_model.g4885.t1;Augustus}
72799	72825	internal+	1	3	{GeneMark_model.6289_t;GeneMark},{Augustus_model.g4885.t1;Augustus}
72826	72890	INTRON			{GeneMark_model.6289_t;GeneMark},{Augustus_model.g4885.t1;Augustus}
72891	73002	internal+	1	1	{GeneMark_model.6289_t;GeneMark},{GlimmerHMM_glimmerT_5866-T1;GlimmerHMM},{Augustus_model.g4885.t1;Augustus}
73003	73061	INTRON			{GeneMark_model.6289_t;GeneMark},{GlimmerHMM_glimmerT_5866-T1;GlimmerHMM},{Augustus_model.g4885.t1;Augustus}
73062	73110	internal+	2	2	{GeneMark_model.6289_t;GeneMark},{Augustus_model.g4885.t1;Augustus}
73111	73184	INTRON			{GeneMark_model.6289_t;GeneMark},{Augustus_model.g4885.t1;Augustus}
73185	73197	internal+	3	3	{GeneMark_model.6289_t;GeneMark},{Augustus_model.g4885.t1;Augustus}
73198	73276	INTRON			{GeneMark_model.6289_t;GeneMark},{Augustus_model.g4885.t1;Augustus}
73277	73399	internal+	1	3	{GeneMark_model.6289_t;GeneMark},{GlimmerHMM_glimmerT_5866-T1;GlimmerHMM},{Augustus_model.g4885.t1;Augustus}
73400	73479	INTRON			{GeneMark_model.6289_t;GeneMark},{GlimmerHMM_glimmerT_5866-T1;GlimmerHMM},{Augustus_model.g4885.t1;Augustus}
73480	73569	terminal+	1	3	{GeneMark_model.6289_t;GeneMark},{GlimmerHMM_glimmerT_5866-T1;GlimmerHMM},{Augustus_model.g4885.t1;Augustus}

# EVM prediction: Mode:STANDARD S-ratio: 2.29 74065-74461 orient(-) score(1191.00) noncoding_equivalent(521.00) raw_noncoding(589.00) offset(68.00) 
74223	74065	terminal-	4	6	{Augustus_model.g4886.t1;Augustus},{GeneMark_model.6290_t;GeneMark},{GlimmerHMM_glimmerT_5867-T1;GlimmerHMM}
74287	74224	INTRON			{Augustus_model.g4886.t1;Augustus},{GeneMark_model.6290_t;GeneMark},{GlimmerHMM_glimmerT_5867-T1;GlimmerHMM}
74461	74288	initial-	4	6	{Augustus_model.g4886.t1;Augustus},{GeneMark_model.6290_t;GeneMark},{GlimmerHMM_glimmerT_5867-T1;GlimmerHMM}

# EVM prediction: Mode:STANDARD S-ratio: 2.00 77210-77500 orient(-) score(873.00) noncoding_equivalent(437.00) raw_noncoding(516.00) offset(79.00) 
77363	77210	terminal-	6	6	{GlimmerHMM_glimmerT_5869-T1;GlimmerHMM},{GeneMark_model.6291_t;GeneMark},{Augustus_model.g4888.t1;Augustus}
77438	77364	INTRON			{GlimmerHMM_glimmerT_5869-T1;GlimmerHMM},{GeneMark_model.6291_t;GeneMark},{Augustus_model.g4888.t1;Augustus}
77500	77439	initial-	4	5	{GlimmerHMM_glimmerT_5869-T1;GlimmerHMM},{GeneMark_model.6291_t;GeneMark},{Augustus_model.g4888.t1;Augustus}

# EVM prediction: Mode:STANDARD S-ratio: 1.16 78213-79246 orient(+) score(2404.00) noncoding_equivalent(2080.00) raw_noncoding(3230.00) offset(1150.00) 
78213	78241	initial+	1	2	{GeneMark_model.6292_t;GeneMark},{Augustus_model.g4889.t1;Augustus},{GlimmerHMM_glimmerT_5870-T1;GlimmerHMM}
78242	78357	INTRON			{GeneMark_model.6292_t;GeneMark},{Augustus_model.g4889.t1;Augustus},{GlimmerHMM_glimmerT_5870-T1;GlimmerHMM}
78358	78379	internal+	3	3	{GeneMark_model.6292_t;GeneMark},{Augustus_model.g4889.t1;Augustus},{GlimmerHMM_glimmerT_5870-T1;GlimmerHMM}
78380	78441	INTRON			{GeneMark_model.6292_t;GeneMark},{Augustus_model.g4889.t1;Augustus},{GlimmerHMM_glimmerT_5870-T1;GlimmerHMM}
78442	78548	internal+	1	2	{GeneMark_model.6292_t;GeneMark},{Augustus_model.g4889.t1;Augustus}
78549	78619	INTRON			{GeneMark_model.6292_t;GeneMark},{Augustus_model.g4889.t1;Augustus}
78620	78665	internal+	3	3	{GeneMark_model.6292_t;GeneMark},{Augustus_model.g4889.t1;Augustus}
78666	78727	INTRON			{GeneMark_model.6292_t;GeneMark},{Augustus_model.g4889.t1;Augustus}
78728	78756	internal+	1	2	{GeneMark_model.6292_t;GeneMark},{Augustus_model.g4889.t1;Augustus}
78757	79013	INTRON			{GeneMark_model.6292_t;GeneMark},{Augustus_model.g4889.t1;Augustus}
79014	79082	internal+	3	2	{GeneMark_model.6292_t;GeneMark},{Augustus_model.g4889.t1;Augustus}
79083	79176	INTRON			{GeneMark_model.6292_t;GeneMark},{Augustus_model.g4889.t1;Augustus}
79177	79246	terminal+	3	3	{GeneMark_model.6292_t;GeneMark},{Augustus_model.g4889.t1;Augustus}

