!! Predictions spanning range 2174 - 64322 [R1]
# EVM prediction: Mode:STANDARD S-ratio: 4.07 2174-3885 orient(+) score(5899.00) noncoding_equivalent(1447.82) raw_noncoding(1742.00) offset(294.18) 
2174	2333	initial+	1	1	{Augustus_model.g2246.t1;Augustus},{GeneMark_model.2908_t;GeneMark},{GlimmerHMM_glimmerT_2728-T1;GlimmerHMM}
2334	2391	INTRON			{Augustus_model.g2246.t1;Augustus},{GeneMark_model.2908_t;GeneMark},{GlimmerHMM_glimmerT_2728-T1;GlimmerHMM}
2392	2465	internal+	2	3	{Augustus_model.g2246.t1;Augustus},{GeneMark_model.2908_t;GeneMark},{GlimmerHMM_glimmerT_2728-T1;GlimmerHMM}
2466	2510	INTRON			{GeneMark_model.2908_t;GeneMark},{GlimmerHMM_glimmerT_2728-T1;GlimmerHMM}
2511	2888	internal+	1	3	{GeneMark_model.2908_t;GeneMark},{GlimmerHMM_glimmerT_2728-T1;GlimmerHMM}
2889	2958	INTRON			{Augustus_model.g2246.t1;Augustus},{GeneMark_model.2908_t;GeneMark},{GlimmerHMM_glimmerT_2728-T1;GlimmerHMM}
2959	3091	internal+	1	1	{Augustus_model.g2246.t1;Augustus},{GeneMark_model.2908_t;GeneMark},{GlimmerHMM_glimmerT_2728-T1;GlimmerHMM}
3092	3156	INTRON			{Augustus_model.g2246.t1;Augustus},{GeneMark_model.2908_t;GeneMark},{GlimmerHMM_glimmerT_2728-T1;GlimmerHMM}
3157	3346	internal+	2	2	{Augustus_model.g2246.t1;Augustus},{GeneMark_model.2908_t;GeneMark},{GlimmerHMM_glimmerT_2728-T1;GlimmerHMM}
3347	3413	INTRON			{Augustus_model.g2246.t1;Augustus},{GeneMark_model.2908_t;GeneMark},{GlimmerHMM_glimmerT_2728-T1;GlimmerHMM}
3414	3885	terminal+	3	3	{Augustus_model.g2246.t1;Augustus},{GeneMark_model.2908_t;GeneMark},{GlimmerHMM_glimmerT_2728-T1;GlimmerHMM}

# EVM prediction: Mode:STANDARD S-ratio: 4.03 4153-5116 orient(-) score(3260.00) noncoding_equivalent(808.45) raw_noncoding(830.45) offset(22.00) 
4618	4153	terminal-	6	6	{GlimmerHMM_glimmerT_2729-T1;GlimmerHMM},{GeneMark_model.2909_t;GeneMark},{Augustus_model.g2247.t1;Augustus}
4727	4619	INTRON			{GlimmerHMM_glimmerT_2729-T1;GlimmerHMM},{GeneMark_model.2909_t;GeneMark},{Augustus_model.g2247.t1;Augustus}
5116	4728	initial-	4	5	{GlimmerHMM_glimmerT_2729-T1;GlimmerHMM},{GeneMark_model.2909_t;GeneMark},{Augustus_model.g2247.t1;Augustus}

# EVM prediction: Mode:STANDARD S-ratio: 9.61 5316-8254 orient(-) score(11108.00) noncoding_equivalent(1156.39) raw_noncoding(1421.46) offset(265.07) 
5707	5316	terminal-	5	6	{GlimmerHMM_glimmerT_2730-T1;GlimmerHMM},{Augustus_model.g2248.t1;Augustus},{GeneMark_model.2910_t;GeneMark}
5777	5708	INTRON			{GlimmerHMM_glimmerT_2730-T1;GlimmerHMM},{Augustus_model.g2248.t1;Augustus},{GeneMark_model.2910_t;GeneMark}
5925	5778	internal-	4	4	{GlimmerHMM_glimmerT_2730-T1;GlimmerHMM},{Augustus_model.g2248.t1;Augustus},{GeneMark_model.2910_t;GeneMark}
5993	5926	INTRON			{GlimmerHMM_glimmerT_2730-T1;GlimmerHMM},{Augustus_model.g2248.t1;Augustus},{GeneMark_model.2910_t;GeneMark}
6125	5994	internal-	4	6	{GlimmerHMM_glimmerT_2730-T1;GlimmerHMM},{Augustus_model.g2248.t1;Augustus},{GeneMark_model.2910_t;GeneMark}
6187	6126	INTRON			{GlimmerHMM_glimmerT_2730-T1;GlimmerHMM},{Augustus_model.g2248.t1;Augustus},{GeneMark_model.2910_t;GeneMark}
8169	6188	internal-	5	6	{GlimmerHMM_glimmerT_2730-T1;GlimmerHMM},{Augustus_model.g2248.t1;Augustus},{GeneMark_model.2910_t;GeneMark}
8232	8170	INTRON			{GlimmerHMM_glimmerT_2730-T1;GlimmerHMM},{Augustus_model.g2248.t1;Augustus},{GeneMark_model.2910_t;GeneMark}
8254	8233	initial-	4	4	{GlimmerHMM_glimmerT_2730-T1;GlimmerHMM},{Augustus_model.g2248.t1;Augustus},{GeneMark_model.2910_t;GeneMark}

# EVM prediction: Mode:STANDARD S-ratio: 2.02 8691-9638 orient(-) score(2641.00) noncoding_equivalent(1305.11) raw_noncoding(1542.42) offset(237.31) 
8921	8691	terminal-	4	6	{GeneMark_model.2911_t;GeneMark},{Augustus_model.g2249.t1;Augustus},{GlimmerHMM_glimmerT_2731-T1;GlimmerHMM}
8991	8922	INTRON			{GeneMark_model.2911_t;GeneMark},{Augustus_model.g2249.t1;Augustus},{GlimmerHMM_glimmerT_2731-T1;GlimmerHMM}
9467	8992	internal-	5	6	{GeneMark_model.2911_t;GeneMark},{GlimmerHMM_glimmerT_2731-T1;GlimmerHMM}
9577	9468	INTRON			{GeneMark_model.2911_t;GeneMark},{GlimmerHMM_glimmerT_2731-T1;GlimmerHMM}
9638	9578	initial-	4	4	{GeneMark_model.2911_t;GeneMark},{GlimmerHMM_glimmerT_2731-T1;GlimmerHMM}

# EVM prediction: Mode:STANDARD S-ratio: 6.98 9833-12307 orient(+) score(10274.00) noncoding_equivalent(1470.87) raw_noncoding(1726.56) offset(255.68) 
9833	11219	initial+	1	1	{GlimmerHMM_glimmerT_2732-T1;GlimmerHMM},{Augustus_model.g2250.t1;Augustus},{GeneMark_model.2912_t;GeneMark}
11220	11278	INTRON			{GlimmerHMM_glimmerT_2732-T1;GlimmerHMM},{Augustus_model.g2250.t1;Augustus},{GeneMark_model.2912_t;GeneMark},{ev_type:exonerate/ID=match.2566964.2638/Target=lcl|KQ954464_1_prot_KWU47427_1_153;exonerate}
11279	11487	internal+	2	3	{GlimmerHMM_glimmerT_2732-T1;GlimmerHMM},{Augustus_model.g2250.t1;Augustus},{GeneMark_model.2912_t;GeneMark},{ev_type:exonerate/ID=match.2566964.2638/Target=lcl|KQ954464_1_prot_KWU47427_1_153;exonerate}
11488	11553	INTRON			{GlimmerHMM_glimmerT_2732-T1;GlimmerHMM},{Augustus_model.g2250.t1;Augustus},{GeneMark_model.2912_t;GeneMark},{ev_type:exonerate/ID=match.2566964.2638/Target=lcl|KQ954464_1_prot_KWU47427_1_153;exonerate}
11554	11902	internal+	1	1	{GlimmerHMM_glimmerT_2732-T1;GlimmerHMM},{Augustus_model.g2250.t1;Augustus},{GeneMark_model.2912_t;GeneMark},{ev_type:exonerate/ID=match.2566964.2638/Target=lcl|KQ954464_1_prot_KWU47427_1_153;exonerate}
11903	11983	INTRON			{GlimmerHMM_glimmerT_2732-T1;GlimmerHMM},{Augustus_model.g2250.t1;Augustus},{GeneMark_model.2912_t;GeneMark},{ev_type:exonerate/ID=match.2566964.2638/Target=lcl|KQ954464_1_prot_KWU47427_1_153;exonerate}
11984	12064	internal+	2	1	{GlimmerHMM_glimmerT_2732-T1;GlimmerHMM},{Augustus_model.g2250.t1;Augustus},{GeneMark_model.2912_t;GeneMark},{ev_type:exonerate/ID=match.2566964.2638/Target=lcl|KQ954464_1_prot_KWU47427_1_153;exonerate}
12065	12182	INTRON			{GlimmerHMM_glimmerT_2732-T1;GlimmerHMM},{Augustus_model.g2250.t1;Augustus},{GeneMark_model.2912_t;GeneMark},{ev_type:exonerate/ID=match.2566964.2638/Target=lcl|KQ954464_1_prot_KWU47427_1_153;exonerate}
12183	12307	terminal+	2	3	{GlimmerHMM_glimmerT_2732-T1;GlimmerHMM},{Augustus_model.g2250.t1;Augustus},{GeneMark_model.2912_t;GeneMark}

# EVM prediction: Mode:STANDARD S-ratio: 7.12 13229-16200 orient(+) score(11291.00) noncoding_equivalent(1585.00) raw_noncoding(2084.00) offset(499.00) 
13229	13328	initial+	1	1	{GlimmerHMM_glimmerT_2733-T1;GlimmerHMM},{Augustus_model.g2251.t1;Augustus},{GeneMark_model.2913_t;GeneMark}
13329	13825	INTRON			{GlimmerHMM_glimmerT_2733-T1;GlimmerHMM},{Augustus_model.g2251.t1;Augustus},{GeneMark_model.2913_t;GeneMark}
13826	16200	terminal+	2	3	{snap_scaffold_6-snap.277-T1;snap},{GlimmerHMM_glimmerT_2733-T1;GlimmerHMM},{Augustus_model.g2251.t1;Augustus},{GeneMark_model.2913_t;GeneMark}

# EVM prediction: Mode:STANDARD S-ratio: 5.41 16691-21698 orient(-) score(17714.00) noncoding_equivalent(3276.00) raw_noncoding(3703.00) offset(427.00) 
16769	16691	terminal-	6	6	{GeneMark_model.2914_t;GeneMark},{Augustus_model.g2252.t1;Augustus},{GlimmerHMM_glimmerT_2734-T1;GlimmerHMM}
16834	16770	INTRON			{GeneMark_model.2914_t;GeneMark},{Augustus_model.g2252.t1;Augustus},{GlimmerHMM_glimmerT_2734-T1;GlimmerHMM}
16962	16835	internal-	4	5	{GeneMark_model.2914_t;GeneMark},{Augustus_model.g2252.t1;Augustus},{GlimmerHMM_glimmerT_2734-T1;GlimmerHMM}
17026	16963	INTRON			{GeneMark_model.2914_t;GeneMark},{Augustus_model.g2252.t1;Augustus},{GlimmerHMM_glimmerT_2734-T1;GlimmerHMM}
17090	17027	internal-	6	6	{GeneMark_model.2914_t;GeneMark},{Augustus_model.g2252.t1;Augustus},{GlimmerHMM_glimmerT_2734-T1;GlimmerHMM}
17147	17091	INTRON			{GeneMark_model.2914_t;GeneMark},{Augustus_model.g2252.t1;Augustus},{GlimmerHMM_glimmerT_2734-T1;GlimmerHMM}
17477	17148	internal-	6	5	{GeneMark_model.2914_t;GeneMark},{Augustus_model.g2252.t1;Augustus},{GlimmerHMM_glimmerT_2734-T1;GlimmerHMM}
17537	17478	INTRON			{GeneMark_model.2914_t;GeneMark},{Augustus_model.g2252.t1;Augustus},{GlimmerHMM_glimmerT_2734-T1;GlimmerHMM}
18641	17538	internal-	6	5	{GeneMark_model.2914_t;GeneMark},{Augustus_model.g2252.t1;Augustus},{GlimmerHMM_glimmerT_2734-T1;GlimmerHMM}
18703	18642	INTRON			{GeneMark_model.2914_t;GeneMark},{Augustus_model.g2252.t1;Augustus},{GlimmerHMM_glimmerT_2734-T1;GlimmerHMM}
19684	18704	internal-	6	5	{GeneMark_model.2914_t;GeneMark},{Augustus_model.g2252.t1;Augustus},{GlimmerHMM_glimmerT_2734-T1;GlimmerHMM}
19746	19685	INTRON			{GeneMark_model.2914_t;GeneMark},{Augustus_model.g2252.t1;Augustus},{GlimmerHMM_glimmerT_2734-T1;GlimmerHMM}
19975	19747	internal-	5	5	{GeneMark_model.2914_t;GeneMark},{Augustus_model.g2252.t1;Augustus},{GlimmerHMM_glimmerT_2734-T1;GlimmerHMM}
20036	19976	INTRON			{GeneMark_model.2914_t;GeneMark},{Augustus_model.g2252.t1;Augustus},{GlimmerHMM_glimmerT_2734-T1;GlimmerHMM}
20391	20037	internal-	4	4	{GeneMark_model.2914_t;GeneMark},{Augustus_model.g2252.t1;Augustus},{GlimmerHMM_glimmerT_2734-T1;GlimmerHMM}
20456	20392	INTRON			{GeneMark_model.2914_t;GeneMark},{Augustus_model.g2252.t1;Augustus},{GlimmerHMM_glimmerT_2734-T1;GlimmerHMM}
21698	20457	initial-	4	6	{GeneMark_model.2914_t;GeneMark},{Augustus_model.g2252.t1;Augustus},{GlimmerHMM_glimmerT_2734-T1;GlimmerHMM}

# EVM prediction: Mode:STANDARD S-ratio: 1.33 22057-23199 orient(-) score(2529.00) noncoding_equivalent(1908.28) raw_noncoding(2112.00) offset(203.72) 
22685	22057	terminal-	5	6	{GeneMark_model.2915_t;GeneMark},{Augustus_model.g2253.t1;Augustus}
22754	22686	INTRON			{Augustus_model.g2253.t1;Augustus}
23199	22755	initial-	4	4	{Augustus_model.g2253.t1;Augustus}

# EVM prediction: Mode:STANDARD S-ratio: 5.44 24352-26215 orient(+) score(6607.00) noncoding_equivalent(1214.93) raw_noncoding(1699.00) offset(484.07) 
24352	24408	initial+	1	3	{GeneMark_model.2916_t;GeneMark},{GlimmerHMM_glimmerT_2736-T1;GlimmerHMM},{Augustus_model.g2254.t1;Augustus}
24409	24629	INTRON			{GlimmerHMM_glimmerT_2736-T1;GlimmerHMM},{Augustus_model.g2254.t1;Augustus}
24630	24718	internal+	1	2	{GeneMark_model.2916_t;GeneMark},{GlimmerHMM_glimmerT_2736-T1;GlimmerHMM},{Augustus_model.g2254.t1;Augustus}
24719	24781	INTRON			{GeneMark_model.2916_t;GeneMark},{GlimmerHMM_glimmerT_2736-T1;GlimmerHMM},{Augustus_model.g2254.t1;Augustus}
24782	24851	internal+	3	3	{GeneMark_model.2916_t;GeneMark},{GlimmerHMM_glimmerT_2736-T1;GlimmerHMM},{Augustus_model.g2254.t1;Augustus}
24852	24919	INTRON			{GeneMark_model.2916_t;GeneMark},{GlimmerHMM_glimmerT_2736-T1;GlimmerHMM},{Augustus_model.g2254.t1;Augustus}
24920	25785	internal+	1	2	{GeneMark_model.2916_t;GeneMark},{GlimmerHMM_glimmerT_2736-T1;GlimmerHMM},{Augustus_model.g2254.t1;Augustus}
25786	25845	INTRON			{GeneMark_model.2916_t;GeneMark},{GlimmerHMM_glimmerT_2736-T1;GlimmerHMM},{Augustus_model.g2254.t1;Augustus}
25846	26215	terminal+	3	3	{GeneMark_model.2916_t;GeneMark},{GlimmerHMM_glimmerT_2736-T1;GlimmerHMM},{Augustus_model.g2254.t1;Augustus}

# EVM prediction: Mode:STANDARD S-ratio: 6.32 26399-32189 orient(-) score(25201.00) noncoding_equivalent(3985.24) raw_noncoding(4738.00) offset(752.76) 
26566	26399	terminal-	4	6	{GlimmerHMM_glimmerT_2737-T1;GlimmerHMM},{GeneMark_model.2917_t;GeneMark},{Augustus_model.g2255.t1;Augustus},{snap_scaffold_6-snap.282-T1;snap}
26624	26567	INTRON			{GlimmerHMM_glimmerT_2737-T1;GlimmerHMM},{GeneMark_model.2917_t;GeneMark},{Augustus_model.g2255.t1;Augustus},{snap_scaffold_6-snap.282-T1;snap},{ev_type:exonerate/ID=match.2566964.2518/Target=lcl|KQ954464_1_prot_KWU47420_1_146;exonerate}
26709	26625	internal-	6	6	{GlimmerHMM_glimmerT_2737-T1;GlimmerHMM},{GeneMark_model.2917_t;GeneMark},{Augustus_model.g2255.t1;Augustus},{ev_type:exonerate/ID=match.2566964.2518/Target=lcl|KQ954464_1_prot_KWU47420_1_146;exonerate}
26768	26710	INTRON			{Augustus_model.g2255.t1;Augustus},{ev_type:exonerate/ID=match.2566964.2518/Target=lcl|KQ954464_1_prot_KWU47420_1_146;exonerate}
26956	26769	internal-	4	5	{Augustus_model.g2255.t1;Augustus},{ev_type:exonerate/ID=match.2566964.2518/Target=lcl|KQ954464_1_prot_KWU47420_1_146;exonerate}
27021	26957	INTRON			{GlimmerHMM_glimmerT_2737-T1;GlimmerHMM},{GeneMark_model.2917_t;GeneMark},{Augustus_model.g2255.t1;Augustus},{ev_type:exonerate/ID=match.2566964.2518/Target=lcl|KQ954464_1_prot_KWU47420_1_146;exonerate}
27196	27022	internal-	6	6	{GlimmerHMM_glimmerT_2737-T1;GlimmerHMM},{GeneMark_model.2917_t;GeneMark},{Augustus_model.g2255.t1;Augustus},{ev_type:exonerate/ID=match.2566964.2518/Target=lcl|KQ954464_1_prot_KWU47420_1_146;exonerate}
27258	27197	INTRON			{GlimmerHMM_glimmerT_2737-T1;GlimmerHMM},{GeneMark_model.2917_t;GeneMark},{Augustus_model.g2255.t1;Augustus},{ev_type:exonerate/ID=match.2566964.2518/Target=lcl|KQ954464_1_prot_KWU47420_1_146;exonerate}
27803	27259	internal-	4	5	{GlimmerHMM_glimmerT_2737-T1;GlimmerHMM},{GeneMark_model.2917_t;GeneMark},{Augustus_model.g2255.t1;Augustus},{ev_type:exonerate/ID=match.2566964.2518/Target=lcl|KQ954464_1_prot_KWU47420_1_146;exonerate}
27866	27804	INTRON			{GlimmerHMM_glimmerT_2737-T1;GlimmerHMM},{GeneMark_model.2917_t;GeneMark},{Augustus_model.g2255.t1;Augustus},{ev_type:exonerate/ID=match.2566964.2518/Target=lcl|KQ954464_1_prot_KWU47420_1_146;exonerate}
28292	27867	internal-	4	6	{GlimmerHMM_glimmerT_2737-T1;GlimmerHMM},{GeneMark_model.2917_t;GeneMark},{Augustus_model.g2255.t1;Augustus},{ev_type:exonerate/ID=match.2566964.2518/Target=lcl|KQ954464_1_prot_KWU47420_1_146;exonerate}
28351	28293	INTRON			{GlimmerHMM_glimmerT_2737-T1;GlimmerHMM},{GeneMark_model.2917_t;GeneMark},{Augustus_model.g2255.t1;Augustus},{ev_type:exonerate/ID=match.2566964.2518/Target=lcl|KQ954464_1_prot_KWU47420_1_146;exonerate}
28788	28352	internal-	5	6	{GlimmerHMM_glimmerT_2737-T1;GlimmerHMM},{GeneMark_model.2917_t;GeneMark},{Augustus_model.g2255.t1;Augustus},{ev_type:exonerate/ID=match.2566964.2518/Target=lcl|KQ954464_1_prot_KWU47420_1_146;exonerate}
28851	28789	INTRON			{GlimmerHMM_glimmerT_2737-T1;GlimmerHMM},{GeneMark_model.2917_t;GeneMark},{Augustus_model.g2255.t1;Augustus},{ev_type:exonerate/ID=match.2566964.2518/Target=lcl|KQ954464_1_prot_KWU47420_1_146;exonerate}
30416	28852	internal-	6	4	{GlimmerHMM_glimmerT_2737-T1;GlimmerHMM},{GeneMark_model.2917_t;GeneMark},{Augustus_model.g2255.t1;Augustus}
30475	30417	INTRON			{GlimmerHMM_glimmerT_2737-T1;GlimmerHMM},{GeneMark_model.2917_t;GeneMark},{Augustus_model.g2255.t1;Augustus},{ev_type:exonerate/ID=match.2566964.2518/Target=lcl|KQ954464_1_prot_KWU47420_1_146;exonerate}
31559	30476	internal-	5	5	{GlimmerHMM_glimmerT_2737-T1;GlimmerHMM},{GeneMark_model.2917_t;GeneMark},{Augustus_model.g2255.t1;Augustus}
31621	31560	INTRON			{GlimmerHMM_glimmerT_2737-T1;GlimmerHMM},{GeneMark_model.2917_t;GeneMark},{Augustus_model.g2255.t1;Augustus},{ev_type:exonerate/ID=match.2566964.2518/Target=lcl|KQ954464_1_prot_KWU47420_1_146;exonerate}
31683	31622	internal-	6	4	{GlimmerHMM_glimmerT_2737-T1;GlimmerHMM},{GeneMark_model.2917_t;GeneMark},{Augustus_model.g2255.t1;Augustus},{ev_type:exonerate/ID=match.2566964.2518/Target=lcl|KQ954464_1_prot_KWU47420_1_146;exonerate}
31766	31684	INTRON			{GlimmerHMM_glimmerT_2737-T1;GlimmerHMM},{GeneMark_model.2917_t;GeneMark},{Augustus_model.g2255.t1;Augustus},{ev_type:exonerate/ID=match.2566964.2518/Target=lcl|KQ954464_1_prot_KWU47420_1_146;exonerate}
31999	31767	internal-	4	5	{GlimmerHMM_glimmerT_2737-T1;GlimmerHMM},{GeneMark_model.2917_t;GeneMark},{Augustus_model.g2255.t1;Augustus}
32063	32000	INTRON			{GlimmerHMM_glimmerT_2737-T1;GlimmerHMM},{GeneMark_model.2917_t;GeneMark},{Augustus_model.g2255.t1;Augustus}
32189	32064	initial-	4	6	{GeneMark_model.2917_t;GeneMark}

# EVM prediction: Mode:STANDARD S-ratio: 10.03 32555-34114 orient(-) score(5628.00) noncoding_equivalent(560.95) raw_noncoding(739.56) offset(178.61) 
32649	32555	terminal-	5	6	{GeneMark_model.2918_t;GeneMark}
32736	32650	INTRON			{GeneMark_model.2918_t;GeneMark}
33238	32737	internal-	4	4	{GlimmerHMM_glimmerT_2737-T1;GlimmerHMM},{GeneMark_model.2918_t;GeneMark}
33301	33239	INTRON			{GlimmerHMM_glimmerT_2737-T1;GlimmerHMM},{Augustus_model.g2255.t1;Augustus},{GeneMark_model.2918_t;GeneMark}
34114	33302	initial-	4	6	{GlimmerHMM_glimmerT_2737-T1;GlimmerHMM},{Augustus_model.g2255.t1;Augustus},{GeneMark_model.2918_t;GeneMark}

# EVM prediction: Mode:STANDARD S-ratio: 2.51 34573-37262 orient(+) score(8266.00) noncoding_equivalent(3298.54) raw_noncoding(3959.00) offset(660.46) 
34573	34960	initial+	1	1	{Augustus_model.g2256.t1;Augustus},{GlimmerHMM_glimmerT_2738-T1;GlimmerHMM}
34961	35016	INTRON			{Augustus_model.g2256.t1;Augustus},{GlimmerHMM_glimmerT_2738-T1;GlimmerHMM}
35017	35122	internal+	2	2	{GeneMark_model.2919_t;GeneMark},{Augustus_model.g2256.t1;Augustus},{GlimmerHMM_glimmerT_2738-T1;GlimmerHMM}
35123	35193	INTRON			{GeneMark_model.2919_t;GeneMark},{Augustus_model.g2256.t1;Augustus},{GlimmerHMM_glimmerT_2738-T1;GlimmerHMM}
35194	35593	internal+	3	3	{GeneMark_model.2919_t;GeneMark},{Augustus_model.g2256.t1;Augustus},{GlimmerHMM_glimmerT_2738-T1;GlimmerHMM}
35594	35663	INTRON			{GeneMark_model.2919_t;GeneMark},{Augustus_model.g2256.t1;Augustus},{snap_scaffold_6-snap.288-T1;snap},{GlimmerHMM_glimmerT_2738-T1;GlimmerHMM}
35664	35907	internal+	1	1	{GeneMark_model.2919_t;GeneMark},{Augustus_model.g2256.t1;Augustus},{GlimmerHMM_glimmerT_2738-T1;GlimmerHMM}
35908	35967	INTRON			{GeneMark_model.2919_t;GeneMark},{Augustus_model.g2256.t1;Augustus},{GlimmerHMM_glimmerT_2738-T1;GlimmerHMM}
35968	36129	internal+	2	1	{GeneMark_model.2919_t;GeneMark},{Augustus_model.g2256.t1;Augustus},{GlimmerHMM_glimmerT_2738-T1;GlimmerHMM}
36130	36197	INTRON			{GeneMark_model.2919_t;GeneMark},{Augustus_model.g2256.t1;Augustus}
36198	36294	internal+	2	2	{GeneMark_model.2919_t;GeneMark},{Augustus_model.g2256.t1;Augustus}
36295	36375	INTRON			{GeneMark_model.2919_t;GeneMark},{Augustus_model.g2256.t1;Augustus}
36376	36709	internal+	3	3	{GeneMark_model.2919_t;GeneMark},{Augustus_model.g2256.t1;Augustus}
36710	36775	INTRON			{GeneMark_model.2919_t;GeneMark},{Augustus_model.g2256.t1;Augustus},{GlimmerHMM_glimmerT_2738-T1;GlimmerHMM}
36776	36955	internal+	1	3	{GeneMark_model.2919_t;GeneMark},{Augustus_model.g2256.t1;Augustus},{GlimmerHMM_glimmerT_2738-T1;GlimmerHMM}
36956	37034	INTRON			{GeneMark_model.2919_t;GeneMark},{Augustus_model.g2256.t1;Augustus},{GlimmerHMM_glimmerT_2738-T1;GlimmerHMM}
37035	37262	terminal+	1	3	{GeneMark_model.2919_t;GeneMark},{snap_scaffold_6-snap.289-T1;snap},{Augustus_model.g2256.t1;Augustus},{GlimmerHMM_glimmerT_2738-T1;GlimmerHMM}

# EVM prediction: Mode:STANDARD S-ratio: 2.20 37432-38340 orient(-) score(2679.00) noncoding_equivalent(1218.99) raw_noncoding(1581.00) offset(362.01) 
37555	37432	terminal-	6	6	{GlimmerHMM_glimmerT_2739-T1;GlimmerHMM},{Augustus_model.g2257.t1;Augustus},{GeneMark_model.2920_t;GeneMark}
37624	37556	INTRON			{Augustus_model.g2257.t1;Augustus},{GeneMark_model.2920_t;GeneMark}
37687	37625	internal-	6	5	{Augustus_model.g2257.t1;Augustus},{GeneMark_model.2920_t;GeneMark}
37749	37688	INTRON			{Augustus_model.g2257.t1;Augustus},{GeneMark_model.2920_t;GeneMark}
37908	37750	internal-	6	5	{GlimmerHMM_glimmerT_2739-T1;GlimmerHMM},{Augustus_model.g2257.t1;Augustus},{GeneMark_model.2920_t;GeneMark}
37976	37909	INTRON			{GlimmerHMM_glimmerT_2739-T1;GlimmerHMM},{Augustus_model.g2257.t1;Augustus},{GeneMark_model.2920_t;GeneMark}
38169	37977	internal-	5	5	{GlimmerHMM_glimmerT_2739-T1;GlimmerHMM},{Augustus_model.g2257.t1;Augustus},{GeneMark_model.2920_t;GeneMark}
38237	38170	INTRON			{GlimmerHMM_glimmerT_2739-T1;GlimmerHMM},{Augustus_model.g2257.t1;Augustus},{GeneMark_model.2920_t;GeneMark}
38340	38238	initial-	4	4	{GlimmerHMM_glimmerT_2739-T1;GlimmerHMM},{Augustus_model.g2257.t1;Augustus},{GeneMark_model.2920_t;GeneMark}

# EVM prediction: Mode:STANDARD S-ratio: 6.41 39029-40503 orient(-) score(5211.00) noncoding_equivalent(813.00) raw_noncoding(864.00) offset(51.00) 
39931	39029	terminal-	4	6	{GeneMark_model.2921_t;GeneMark},{Augustus_model.g2258.t1;Augustus},{GlimmerHMM_glimmerT_2740-T1;GlimmerHMM}
39996	39932	INTRON			{GeneMark_model.2921_t;GeneMark},{Augustus_model.g2258.t1;Augustus},{GlimmerHMM_glimmerT_2740-T1;GlimmerHMM}
40503	39997	initial-	4	6	{GeneMark_model.2921_t;GeneMark}

# EVM prediction: Mode:STANDARD S-ratio: 12.15 40759-42060 orient(+) score(4812.00) noncoding_equivalent(396.00) raw_noncoding(396.00) offset(0.00) 
40759	42060	single+	1	3	{Augustus_model.g2259.t1;Augustus},{GeneMark_model.2922_t;GeneMark}

# EVM prediction: Mode:STANDARD S-ratio: 2.31 42479-43882 orient(+) score(4205.00) noncoding_equivalent(1823.79) raw_noncoding(2565.00) offset(741.21) 
42479	42599	initial+	1	1	{GeneMark_model.2923_t;GeneMark},{Augustus_model.g2260.t1;Augustus},{GlimmerHMM_glimmerT_2742-T1;GlimmerHMM}
42600	42736	INTRON			{Augustus_model.g2260.t1;Augustus}
42737	42751	internal+	2	1	{Augustus_model.g2260.t1;Augustus}
42752	42808	INTRON			{GeneMark_model.2923_t;GeneMark},{Augustus_model.g2260.t1;Augustus}
42809	42871	internal+	2	1	{GeneMark_model.2923_t;GeneMark},{Augustus_model.g2260.t1;Augustus},{GlimmerHMM_glimmerT_2742-T1;GlimmerHMM}
42872	42935	INTRON			{GeneMark_model.2923_t;GeneMark},{Augustus_model.g2260.t1;Augustus},{GlimmerHMM_glimmerT_2742-T1;GlimmerHMM}
42936	43037	internal+	2	1	{GeneMark_model.2923_t;GeneMark},{Augustus_model.g2260.t1;Augustus},{GlimmerHMM_glimmerT_2742-T1;GlimmerHMM}
43038	43172	INTRON			{GeneMark_model.2923_t;GeneMark},{Augustus_model.g2260.t1;Augustus},{GlimmerHMM_glimmerT_2742-T1;GlimmerHMM}
43173	43332	internal+	2	2	{GeneMark_model.2923_t;GeneMark},{Augustus_model.g2260.t1;Augustus},{GlimmerHMM_glimmerT_2742-T1;GlimmerHMM}
43333	43393	INTRON			{GeneMark_model.2923_t;GeneMark},{Augustus_model.g2260.t1;Augustus},{GlimmerHMM_glimmerT_2742-T1;GlimmerHMM}
43394	43724	internal+	3	3	{GeneMark_model.2923_t;GeneMark},{Augustus_model.g2260.t1;Augustus},{GlimmerHMM_glimmerT_2742-T1;GlimmerHMM}
43725	43816	INTRON			{GeneMark_model.2923_t;GeneMark},{Augustus_model.g2260.t1;Augustus},{GlimmerHMM_glimmerT_2742-T1;GlimmerHMM}
43817	43882	terminal+	1	3	{GeneMark_model.2923_t;GeneMark},{Augustus_model.g2260.t1;Augustus},{GlimmerHMM_glimmerT_2742-T1;GlimmerHMM}

# EVM prediction: Mode:STANDARD S-ratio: 2.62 44084-46233 orient(-) score(6665.00) noncoding_equivalent(2540.01) raw_noncoding(2864.00) offset(323.99) 
44825	44084	terminal-	6	6	{Augustus_model.g2261.t1;Augustus},{GlimmerHMM_glimmerT_2743-T1;GlimmerHMM},{GeneMark_model.2924_t;GeneMark}
44889	44826	INTRON			{Augustus_model.g2261.t1;Augustus},{GlimmerHMM_glimmerT_2743-T1;GlimmerHMM},{GeneMark_model.2924_t;GeneMark}
45102	44890	internal-	6	5	{Augustus_model.g2261.t1;Augustus},{GlimmerHMM_glimmerT_2743-T1;GlimmerHMM},{GeneMark_model.2924_t;GeneMark}
45177	45103	INTRON			{Augustus_model.g2261.t1;Augustus},{GlimmerHMM_glimmerT_2743-T1;GlimmerHMM},{GeneMark_model.2924_t;GeneMark}
45547	45178	internal-	5	5	{Augustus_model.g2261.t1;Augustus},{GlimmerHMM_glimmerT_2743-T1;GlimmerHMM},{GeneMark_model.2924_t;GeneMark}
45636	45548	INTRON			{Augustus_model.g2261.t1;Augustus},{GlimmerHMM_glimmerT_2743-T1;GlimmerHMM},{GeneMark_model.2924_t;GeneMark}
45970	45637	internal-	4	4	{Augustus_model.g2261.t1;Augustus},{GlimmerHMM_glimmerT_2743-T1;GlimmerHMM},{GeneMark_model.2924_t;GeneMark}
46053	45971	INTRON			{Augustus_model.g2261.t1;Augustus},{GlimmerHMM_glimmerT_2743-T1;GlimmerHMM},{GeneMark_model.2924_t;GeneMark}
46233	46054	initial-	4	6	{Augustus_model.g2261.t1;Augustus},{GlimmerHMM_glimmerT_2743-T1;GlimmerHMM},{GeneMark_model.2924_t;GeneMark}

# EVM prediction: Mode:STANDARD S-ratio: 12.46 47547-48943 orient(+) score(5289.00) noncoding_equivalent(424.37) raw_noncoding(494.00) offset(69.63) 
47547	47735	initial+	1	3	{Augustus_model.g2262.t1;Augustus}
47736	47800	INTRON			{GlimmerHMM_glimmerT_2744-T1;GlimmerHMM},{Augustus_model.g2262.t1;Augustus},{GeneMark_model.2925_t;GeneMark}
47801	48943	terminal+	1	3	{GlimmerHMM_glimmerT_2744-T1;GlimmerHMM},{snap_scaffold_6-snap.295-T1;snap},{GeneMark_model.2925_t;GeneMark}

# EVM prediction: Mode:STANDARD S-ratio: 2.38 49798-51107 orient(+) score(3784.00) noncoding_equivalent(1588.65) raw_noncoding(2309.00) offset(720.35) 
49798	49899	initial+	1	3	{GeneMark_model.2926_t;GeneMark}
49900	49994	INTRON			{GeneMark_model.2926_t;GeneMark},{Augustus_model.g2263.t1;Augustus}
49995	50016	internal+	1	1	{GeneMark_model.2926_t;GeneMark},{Augustus_model.g2263.t1;Augustus}
50017	50080	INTRON			{GeneMark_model.2926_t;GeneMark},{Augustus_model.g2263.t1;Augustus}
50081	50169	internal+	2	3	{GeneMark_model.2926_t;GeneMark},{GlimmerHMM_glimmerT_2745-T1;GlimmerHMM},{Augustus_model.g2263.t1;Augustus}
50170	50239	INTRON			{GeneMark_model.2926_t;GeneMark},{Augustus_model.g2263.t1;Augustus}
50240	50297	internal+	1	1	{GeneMark_model.2926_t;GeneMark},{Augustus_model.g2263.t1;Augustus}
50298	50360	INTRON			{GeneMark_model.2926_t;GeneMark},{Augustus_model.g2263.t1;Augustus}
50361	50427	internal+	2	2	{GeneMark_model.2926_t;GeneMark},{Augustus_model.g2263.t1;Augustus}
50428	50493	INTRON			{GeneMark_model.2926_t;GeneMark},{Augustus_model.g2263.t1;Augustus}
50494	50937	internal+	3	2	{GeneMark_model.2926_t;GeneMark},{Augustus_model.g2263.t1;Augustus}
50938	51007	INTRON			{GeneMark_model.2926_t;GeneMark},{GlimmerHMM_glimmerT_2745-T1;GlimmerHMM},{Augustus_model.g2263.t1;Augustus}
51008	51107	terminal+	3	3	{GeneMark_model.2926_t;GeneMark},{GlimmerHMM_glimmerT_2745-T1;GlimmerHMM},{Augustus_model.g2263.t1;Augustus}

# EVM prediction: Mode:STANDARD S-ratio: 1.93 51357-52981 orient(-) score(5053.00) noncoding_equivalent(2615.52) raw_noncoding(3422.71) offset(807.20) 
51397	51357	terminal-	5	6	{Augustus_model.g2264.t1;Augustus},{GeneMark_model.2927_t;GeneMark},{GlimmerHMM_glimmerT_2746-T1;GlimmerHMM}
51501	51398	INTRON			{Augustus_model.g2264.t1;Augustus},{GeneMark_model.2927_t;GeneMark},{GlimmerHMM_glimmerT_2746-T1;GlimmerHMM}
51552	51502	internal-	5	4	{Augustus_model.g2264.t1;Augustus},{GeneMark_model.2927_t;GeneMark},{GlimmerHMM_glimmerT_2746-T1;GlimmerHMM}
51663	51553	INTRON			{Augustus_model.g2264.t1;Augustus},{GeneMark_model.2927_t;GeneMark},{GlimmerHMM_glimmerT_2746-T1;GlimmerHMM}
51817	51664	internal-	4	4	{Augustus_model.g2264.t1;Augustus},{GeneMark_model.2927_t;GeneMark},{GlimmerHMM_glimmerT_2746-T1;GlimmerHMM}
51887	51818	INTRON			{Augustus_model.g2264.t1;Augustus},{GeneMark_model.2927_t;GeneMark},{GlimmerHMM_glimmerT_2746-T1;GlimmerHMM}
51965	51888	internal-	4	6	{Augustus_model.g2264.t1;Augustus},{GeneMark_model.2927_t;GeneMark},{GlimmerHMM_glimmerT_2746-T1;GlimmerHMM}
52046	51966	INTRON			{Augustus_model.g2264.t1;Augustus},{GeneMark_model.2927_t;GeneMark},{GlimmerHMM_glimmerT_2746-T1;GlimmerHMM}
52246	52047	internal-	5	6	{Augustus_model.g2264.t1;Augustus},{GeneMark_model.2927_t;GeneMark},{GlimmerHMM_glimmerT_2746-T1;GlimmerHMM}
52321	52247	INTRON			{Augustus_model.g2264.t1;Augustus},{GeneMark_model.2927_t;GeneMark},{GlimmerHMM_glimmerT_2746-T1;GlimmerHMM}
52364	52322	internal-	4	4	{Augustus_model.g2264.t1;Augustus},{GeneMark_model.2927_t;GeneMark},{GlimmerHMM_glimmerT_2746-T1;GlimmerHMM}
52430	52365	INTRON			{Augustus_model.g2264.t1;Augustus},{GeneMark_model.2927_t;GeneMark},{GlimmerHMM_glimmerT_2746-T1;GlimmerHMM}
52541	52431	internal-	4	6	{Augustus_model.g2264.t1;Augustus},{GeneMark_model.2927_t;GeneMark},{GlimmerHMM_glimmerT_2746-T1;GlimmerHMM}
52637	52542	INTRON			{Augustus_model.g2264.t1;Augustus},{GeneMark_model.2927_t;GeneMark},{GlimmerHMM_glimmerT_2746-T1;GlimmerHMM}
52718	52638	internal-	4	6	{GeneMark_model.2927_t;GeneMark},{GlimmerHMM_glimmerT_2746-T1;GlimmerHMM}
52927	52719	INTRON			{GeneMark_model.2927_t;GeneMark},{GlimmerHMM_glimmerT_2746-T1;GlimmerHMM}
52981	52928	initial-	4	6	{GeneMark_model.2927_t;GeneMark},{GlimmerHMM_glimmerT_2746-T1;GlimmerHMM}

# EVM prediction: Mode:STANDARD S-ratio: 4.71 53364-55781 orient(-) score(8277.00) noncoding_equivalent(1758.83) raw_noncoding(1894.21) offset(135.38) 
54077	53364	terminal-	4	6	{GlimmerHMM_glimmerT_2747-T1;GlimmerHMM},{GeneMark_model.2928_t;GeneMark}
54145	54078	INTRON			{GlimmerHMM_glimmerT_2747-T1;GlimmerHMM},{Augustus_model.g2264.t1;Augustus},{GeneMark_model.2928_t;GeneMark}
55127	54146	internal-	6	6	{GlimmerHMM_glimmerT_2747-T1;GlimmerHMM},{Augustus_model.g2264.t1;Augustus},{GeneMark_model.2928_t;GeneMark}
55184	55128	INTRON			{GlimmerHMM_glimmerT_2747-T1;GlimmerHMM},{Augustus_model.g2264.t1;Augustus},{GeneMark_model.2928_t;GeneMark}
55537	55185	internal-	4	5	{GlimmerHMM_glimmerT_2747-T1;GlimmerHMM},{Augustus_model.g2264.t1;Augustus},{GeneMark_model.2928_t;GeneMark}
55601	55538	INTRON			{GlimmerHMM_glimmerT_2747-T1;GlimmerHMM},{Augustus_model.g2264.t1;Augustus},{GeneMark_model.2928_t;GeneMark}
55781	55602	initial-	4	6	{GlimmerHMM_glimmerT_2747-T1;GlimmerHMM},{Augustus_model.g2264.t1;Augustus},{GeneMark_model.2928_t;GeneMark}

# EVM prediction: Mode:STANDARD S-ratio: 1.86 56335-57912 orient(+) score(4270.00) noncoding_equivalent(2293.44) raw_noncoding(2700.00) offset(406.56) 
56335	56603	initial+	1	2	{GeneMark_model.2929_t;GeneMark},{Augustus_model.g2265.t1;Augustus}
56604	56670	INTRON			{GeneMark_model.2929_t;GeneMark},{Augustus_model.g2265.t1;Augustus}
56671	56768	internal+	3	1	{GeneMark_model.2929_t;GeneMark},{Augustus_model.g2265.t1;Augustus}
56769	56835	INTRON			{GeneMark_model.2929_t;GeneMark},{Augustus_model.g2265.t1;Augustus}
56836	57022	internal+	2	2	{GlimmerHMM_glimmerT_2748-T1;GlimmerHMM},{GeneMark_model.2929_t;GeneMark},{Augustus_model.g2265.t1;Augustus}
57023	57080	INTRON			{GlimmerHMM_glimmerT_2748-T1;GlimmerHMM},{GeneMark_model.2929_t;GeneMark},{Augustus_model.g2265.t1;Augustus}
57081	57236	internal+	3	2	{GlimmerHMM_glimmerT_2748-T1;GlimmerHMM},{GeneMark_model.2929_t;GeneMark},{Augustus_model.g2265.t1;Augustus}
57237	57308	INTRON			{GlimmerHMM_glimmerT_2748-T1;GlimmerHMM},{GeneMark_model.2929_t;GeneMark},{Augustus_model.g2265.t1;Augustus}
57309	57912	terminal+	3	3	{GlimmerHMM_glimmerT_2748-T1;GlimmerHMM},{GeneMark_model.2929_t;GeneMark},{Augustus_model.g2265.t1;Augustus}

# EVM prediction: Mode:STANDARD S-ratio: 4.69 58164-59005 orient(-) score(3009.00) noncoding_equivalent(641.52) raw_noncoding(795.86) offset(154.34) 
58646	58164	terminal-	4	6	{snap_scaffold_6-snap.299-T1;snap},{GeneMark_model.2930_t;GeneMark},{Augustus_model.g2266.t1;Augustus},{GlimmerHMM_glimmerT_2749-T1;GlimmerHMM}
58721	58647	INTRON			{GeneMark_model.2930_t;GeneMark},{Augustus_model.g2266.t1;Augustus},{GlimmerHMM_glimmerT_2749-T1;GlimmerHMM}
58879	58722	internal-	5	6	{GeneMark_model.2930_t;GeneMark},{Augustus_model.g2266.t1;Augustus},{GlimmerHMM_glimmerT_2749-T1;GlimmerHMM}
58950	58880	INTRON			{GeneMark_model.2930_t;GeneMark},{Augustus_model.g2266.t1;Augustus},{GlimmerHMM_glimmerT_2749-T1;GlimmerHMM}
59005	58951	initial-	4	4	{GeneMark_model.2930_t;GeneMark},{Augustus_model.g2266.t1;Augustus},{GlimmerHMM_glimmerT_2749-T1;GlimmerHMM}

# EVM prediction: Mode:STANDARD S-ratio: 1.45 59632-60183 orient(+) score(1575.00) noncoding_equivalent(1087.00) raw_noncoding(1416.00) offset(329.00) 
59632	59650	initial+	1	1	{GeneMark_model.2931_t;GeneMark},{GlimmerHMM_glimmerT_2750-T1;GlimmerHMM},{Augustus_model.g2267.t1;Augustus}
59651	59733	INTRON			{GeneMark_model.2931_t;GeneMark},{GlimmerHMM_glimmerT_2750-T1;GlimmerHMM},{Augustus_model.g2267.t1;Augustus}
59734	59776	internal+	2	2	{GeneMark_model.2931_t;GeneMark},{GlimmerHMM_glimmerT_2750-T1;GlimmerHMM},{Augustus_model.g2267.t1;Augustus}
59777	59857	INTRON			{GeneMark_model.2931_t;GeneMark},{GlimmerHMM_glimmerT_2750-T1;GlimmerHMM},{Augustus_model.g2267.t1;Augustus}
59858	59894	internal+	3	3	{GeneMark_model.2931_t;GeneMark},{Augustus_model.g2267.t1;Augustus}
59895	59975	INTRON			{GeneMark_model.2931_t;GeneMark},{Augustus_model.g2267.t1;Augustus}
59976	60056	internal+	1	3	{GeneMark_model.2931_t;GeneMark},{Augustus_model.g2267.t1;Augustus}
60057	60126	INTRON			{GeneMark_model.2931_t;GeneMark},{GlimmerHMM_glimmerT_2750-T1;GlimmerHMM},{Augustus_model.g2267.t1;Augustus}
60127	60183	terminal+	1	3	{GeneMark_model.2931_t;GeneMark},{GlimmerHMM_glimmerT_2750-T1;GlimmerHMM},{Augustus_model.g2267.t1;Augustus}

# EVM prediction: Mode:STANDARD S-ratio: 1.79 60495-61344 orient(-) score(2991.00) noncoding_equivalent(1671.48) raw_noncoding(2371.00) offset(699.52) 
60503	60495	terminal-	4	6	{GlimmerHMM_glimmerT_2751-T1;GlimmerHMM},{Augustus_model.g2268.t1;Augustus},{GeneMark_model.2932_t;GeneMark}
60588	60504	INTRON			{GlimmerHMM_glimmerT_2751-T1;GlimmerHMM},{Augustus_model.g2268.t1;Augustus},{GeneMark_model.2932_t;GeneMark}
60667	60589	internal-	6	6	{Augustus_model.g2268.t1;Augustus},{GeneMark_model.2932_t;GeneMark}
60770	60668	INTRON			{Augustus_model.g2268.t1;Augustus},{GeneMark_model.2932_t;GeneMark},{ev_type:exonerate/ID=match.2566964.2712/Target=lcl|PJQD01000035_1_prot_POY73731_1_3302;exonerate}
60891	60771	internal-	5	5	{Augustus_model.g2268.t1;Augustus},{GeneMark_model.2932_t;GeneMark},{ev_type:exonerate/ID=match.2566964.2712/Target=lcl|PJQD01000035_1_prot_POY73731_1_3302;exonerate}
60967	60892	INTRON			{GlimmerHMM_glimmerT_2751-T1;GlimmerHMM},{Augustus_model.g2268.t1;Augustus},{GeneMark_model.2932_t;GeneMark},{ev_type:exonerate/ID=match.2566964.2712/Target=lcl|PJQD01000035_1_prot_POY73731_1_3302;exonerate}
61001	60968	internal-	4	4	{GlimmerHMM_glimmerT_2751-T1;GlimmerHMM},{Augustus_model.g2268.t1;Augustus},{GeneMark_model.2932_t;GeneMark},{ev_type:exonerate/ID=match.2566964.2712/Target=lcl|PJQD01000035_1_prot_POY73731_1_3302;exonerate}
61100	61002	INTRON			{GlimmerHMM_glimmerT_2751-T1;GlimmerHMM},{Augustus_model.g2268.t1;Augustus},{GeneMark_model.2932_t;GeneMark},{ev_type:exonerate/ID=match.2566964.2712/Target=lcl|PJQD01000035_1_prot_POY73731_1_3302;exonerate}
61177	61101	internal-	5	6	{Augustus_model.g2268.t1;Augustus},{GeneMark_model.2932_t;GeneMark},{ev_type:exonerate/ID=match.2566964.2712/Target=lcl|PJQD01000035_1_prot_POY73731_1_3302;exonerate}
61289	61178	INTRON			{Augustus_model.g2268.t1;Augustus},{GeneMark_model.2932_t;GeneMark},{ev_type:exonerate/ID=match.2566964.2712/Target=lcl|PJQD01000035_1_prot_POY73731_1_3302;exonerate}
61344	61290	initial-	4	4	{Augustus_model.g2268.t1;Augustus},{GeneMark_model.2932_t;GeneMark}

# EVM prediction: Mode:STANDARD S-ratio: 1.52 62043-62796 orient(-) score(1951.00) noncoding_equivalent(1281.41) raw_noncoding(2518.00) offset(1236.59) 
62055	62043	terminal-	6	6	{GeneMark_model.2933_t;GeneMark},{Augustus_model.g2269.t1;Augustus}
62126	62056	INTRON			{GeneMark_model.2933_t;GeneMark},{Augustus_model.g2269.t1;Augustus}
62192	62127	internal-	6	5	{GeneMark_model.2933_t;GeneMark},{Augustus_model.g2269.t1;Augustus}
62280	62193	INTRON			{GeneMark_model.2933_t;GeneMark},{Augustus_model.g2269.t1;Augustus},{ev_type:exonerate/ID=match.2566964.2726/Target=lcl|LCTV02000005_1_prot_PRQ75273_1_5927;exonerate},{ev_type:exonerate/ID=match.2566964.2727/Target=lcl|NW_017264943_1_prot_XP_018268228_1_6476;exonerate},{ev_type:exonerate/ID=match.2566964.2725/Target=lcl|KQ954464_1_prot_KWU47407_1_133;exonerate}
62408	62281	internal-	4	5	{GeneMark_model.2933_t;GeneMark},{Augustus_model.g2269.t1;Augustus}
62715	62409	INTRON			{Augustus_model.g2269.t1;Augustus}
62796	62716	initial-	4	6	{Augustus_model.g2269.t1;Augustus}

# EVM prediction: Mode:STANDARD S-ratio: 3.27 63015-64322 orient(+) score(8706.00) noncoding_equivalent(2662.00) raw_noncoding(3369.00) offset(707.00) 
63015	63048	initial+	1	1	{GlimmerHMM_glimmerT_2752-T1;GlimmerHMM},{Augustus_model.g2270.t1;Augustus},{GeneMark_model.2934_t;GeneMark}
63049	63233	INTRON			{GlimmerHMM_glimmerT_2752-T1;GlimmerHMM},{Augustus_model.g2270.t1;Augustus},{GeneMark_model.2934_t;GeneMark},{ev_type:exonerate/ID=match.2566964.2695/Target=lcl|PJQD01000035_1_prot_POY73729_1_3300;exonerate},{ev_type:exonerate/ID=match.2566964.2694/Target=lcl|KQ954464_1_prot_KWU47406_1_132;exonerate}
63234	63429	internal+	2	2	{GlimmerHMM_glimmerT_2752-T1;GlimmerHMM},{Augustus_model.g2270.t1;Augustus},{GeneMark_model.2934_t;GeneMark},{ev_type:exonerate/ID=match.2566964.2695/Target=lcl|PJQD01000035_1_prot_POY73729_1_3300;exonerate},{ev_type:exonerate/ID=match.2566964.2694/Target=lcl|KQ954464_1_prot_KWU47406_1_132;exonerate}
63430	63730	INTRON			{GlimmerHMM_glimmerT_2752-T1;GlimmerHMM},{Augustus_model.g2270.t1;Augustus},{GeneMark_model.2934_t;GeneMark},{ev_type:exonerate/ID=match.2566964.2697/Target=lcl|LCTV02000005_1_prot_PRQ75272_1_5926;exonerate},{ev_type:exonerate/ID=match.2566964.2696/Target=lcl|NW_017264943_1_prot_XP_018268231_1_6479;exonerate},{ev_type:exonerate/ID=match.2566964.2695/Target=lcl|PJQD01000035_1_prot_POY73729_1_3300;exonerate},{ev_type:exonerate/ID=match.2566964.2694/Target=lcl|KQ954464_1_prot_KWU47406_1_132;exonerate}
63731	63770	internal+	3	3	{GlimmerHMM_glimmerT_2752-T1;GlimmerHMM},{Augustus_model.g2270.t1;Augustus},{GeneMark_model.2934_t;GeneMark},{ev_type:exonerate/ID=match.2566964.2697/Target=lcl|LCTV02000005_1_prot_PRQ75272_1_5926;exonerate},{ev_type:exonerate/ID=match.2566964.2696/Target=lcl|NW_017264943_1_prot_XP_018268231_1_6479;exonerate},{ev_type:exonerate/ID=match.2566964.2695/Target=lcl|PJQD01000035_1_prot_POY73729_1_3300;exonerate},{ev_type:exonerate/ID=match.2566964.2694/Target=lcl|KQ954464_1_prot_KWU47406_1_132;exonerate}
63771	63836	INTRON			{GlimmerHMM_glimmerT_2752-T1;GlimmerHMM},{Augustus_model.g2270.t1;Augustus},{GeneMark_model.2934_t;GeneMark},{ev_type:exonerate/ID=match.2566964.2697/Target=lcl|LCTV02000005_1_prot_PRQ75272_1_5926;exonerate},{ev_type:exonerate/ID=match.2566964.2696/Target=lcl|NW_017264943_1_prot_XP_018268231_1_6479;exonerate},{ev_type:exonerate/ID=match.2566964.2695/Target=lcl|PJQD01000035_1_prot_POY73729_1_3300;exonerate},{ev_type:exonerate/ID=match.2566964.2694/Target=lcl|KQ954464_1_prot_KWU47406_1_132;exonerate}
63837	64089	internal+	1	1	{GlimmerHMM_glimmerT_2752-T1;GlimmerHMM},{Augustus_model.g2270.t1;Augustus},{GeneMark_model.2934_t;GeneMark},{ev_type:exonerate/ID=match.2566964.2697/Target=lcl|LCTV02000005_1_prot_PRQ75272_1_5926;exonerate},{ev_type:exonerate/ID=match.2566964.2696/Target=lcl|NW_017264943_1_prot_XP_018268231_1_6479;exonerate},{ev_type:exonerate/ID=match.2566964.2695/Target=lcl|PJQD01000035_1_prot_POY73729_1_3300;exonerate},{ev_type:exonerate/ID=match.2566964.2694/Target=lcl|KQ954464_1_prot_KWU47406_1_132;exonerate}
64090	64156	INTRON			{GlimmerHMM_glimmerT_2752-T1;GlimmerHMM},{Augustus_model.g2270.t1;Augustus},{GeneMark_model.2934_t;GeneMark},{ev_type:exonerate/ID=match.2566964.2697/Target=lcl|LCTV02000005_1_prot_PRQ75272_1_5926;exonerate},{ev_type:exonerate/ID=match.2566964.2696/Target=lcl|NW_017264943_1_prot_XP_018268231_1_6479;exonerate},{ev_type:exonerate/ID=match.2566964.2695/Target=lcl|PJQD01000035_1_prot_POY73729_1_3300;exonerate},{ev_type:exonerate/ID=match.2566964.2694/Target=lcl|KQ954464_1_prot_KWU47406_1_132;exonerate}
64157	64220	internal+	2	2	{GlimmerHMM_glimmerT_2752-T1;GlimmerHMM},{Augustus_model.g2270.t1;Augustus},{GeneMark_model.2934_t;GeneMark},{ev_type:exonerate/ID=match.2566964.2697/Target=lcl|LCTV02000005_1_prot_PRQ75272_1_5926;exonerate},{ev_type:exonerate/ID=match.2566964.2696/Target=lcl|NW_017264943_1_prot_XP_018268231_1_6479;exonerate},{ev_type:exonerate/ID=match.2566964.2695/Target=lcl|PJQD01000035_1_prot_POY73729_1_3300;exonerate},{ev_type:exonerate/ID=match.2566964.2694/Target=lcl|KQ954464_1_prot_KWU47406_1_132;exonerate}
64221	64288	INTRON			{GlimmerHMM_glimmerT_2752-T1;GlimmerHMM},{Augustus_model.g2270.t1;Augustus},{GeneMark_model.2934_t;GeneMark},{ev_type:exonerate/ID=match.2566964.2697/Target=lcl|LCTV02000005_1_prot_PRQ75272_1_5926;exonerate},{ev_type:exonerate/ID=match.2566964.2696/Target=lcl|NW_017264943_1_prot_XP_018268231_1_6479;exonerate},{ev_type:exonerate/ID=match.2566964.2695/Target=lcl|PJQD01000035_1_prot_POY73729_1_3300;exonerate},{ev_type:exonerate/ID=match.2566964.2694/Target=lcl|KQ954464_1_prot_KWU47406_1_132;exonerate}
64289	64322	terminal+	3	3	{GlimmerHMM_glimmerT_2752-T1;GlimmerHMM},{Augustus_model.g2270.t1;Augustus},{GeneMark_model.2934_t;GeneMark}

