!! Predictions spanning range 729 - 68510 [R1]
# EVM prediction: Mode:STANDARD S-ratio: 4.64 729-4204 orient(-) score(11871.00) noncoding_equivalent(2556.05) raw_noncoding(3348.00) offset(791.95) 
1657	729	terminal-	5	6	{snap_scaffold_4-snap.1-T1;snap},{GeneMark_model.1731_t;GeneMark},{GlimmerHMM_glimmerT_1597-T1;GlimmerHMM}
1716	1658	INTRON			{Augustus_model.g1294.t1;Augustus},{GeneMark_model.1731_t;GeneMark},{GlimmerHMM_glimmerT_1597-T1;GlimmerHMM}
2474	1717	internal-	6	4	{Augustus_model.g1294.t1;Augustus},{GeneMark_model.1731_t;GeneMark},{GlimmerHMM_glimmerT_1597-T1;GlimmerHMM}
2541	2475	INTRON			{Augustus_model.g1294.t1;Augustus},{GeneMark_model.1731_t;GeneMark}
2555	2542	internal-	4	5	{Augustus_model.g1294.t1;Augustus},{GeneMark_model.1731_t;GeneMark}
2624	2556	INTRON			{Augustus_model.g1294.t1;Augustus},{GeneMark_model.1731_t;GeneMark}
2681	2625	internal-	4	6	{Augustus_model.g1294.t1;Augustus},{GeneMark_model.1731_t;GeneMark}
2765	2682	INTRON			{Augustus_model.g1294.t1;Augustus},{GeneMark_model.1731_t;GeneMark}
2784	2766	internal-	6	6	{Augustus_model.g1294.t1;Augustus},{GeneMark_model.1731_t;GeneMark}
2848	2785	INTRON			{Augustus_model.g1294.t1;Augustus},{GeneMark_model.1731_t;GeneMark}
3028	2849	internal-	6	5	{Augustus_model.g1294.t1;Augustus},{GeneMark_model.1731_t;GeneMark},{GlimmerHMM_glimmerT_1597-T1;GlimmerHMM}
3109	3029	INTRON			{Augustus_model.g1294.t1;Augustus},{GeneMark_model.1731_t;GeneMark},{GlimmerHMM_glimmerT_1597-T1;GlimmerHMM}
3206	3110	internal-	5	5	{Augustus_model.g1294.t1;Augustus},{GeneMark_model.1731_t;GeneMark},{GlimmerHMM_glimmerT_1597-T1;GlimmerHMM}
3266	3207	INTRON			{Augustus_model.g1294.t1;Augustus},{GeneMark_model.1731_t;GeneMark},{GlimmerHMM_glimmerT_1597-T1;GlimmerHMM}
4057	3267	internal-	6	4	{Augustus_model.g1294.t1;Augustus},{GeneMark_model.1731_t;GeneMark},{GlimmerHMM_glimmerT_1597-T1;GlimmerHMM}
4130	4058	INTRON			{Augustus_model.g1294.t1;Augustus},{GeneMark_model.1731_t;GeneMark},{GlimmerHMM_glimmerT_1597-T1;GlimmerHMM}
4204	4131	initial-	4	5	{Augustus_model.g1294.t1;Augustus},{GeneMark_model.1731_t;GeneMark},{GlimmerHMM_glimmerT_1597-T1;GlimmerHMM}

# EVM prediction: Mode:STANDARD S-ratio: 4.71 4924-7926 orient(-) score(10123.00) noncoding_equivalent(2151.00) raw_noncoding(2238.00) offset(87.00) 
5948	4924	terminal-	5	6	{GeneMark_model.1732_t;GeneMark},{GlimmerHMM_glimmerT_1598-T1;GlimmerHMM}
6007	5949	INTRON			{GeneMark_model.1732_t;GeneMark},{GlimmerHMM_glimmerT_1598-T1;GlimmerHMM},{Augustus_model.g1295.t1;Augustus}
6664	6008	internal-	5	4	{GeneMark_model.1732_t;GeneMark},{GlimmerHMM_glimmerT_1598-T1;GlimmerHMM},{Augustus_model.g1295.t1;Augustus}
6740	6665	INTRON			{GeneMark_model.1732_t;GeneMark},{GlimmerHMM_glimmerT_1598-T1;GlimmerHMM},{Augustus_model.g1295.t1;Augustus}
7926	6741	initial-	4	4	{GeneMark_model.1732_t;GeneMark},{GlimmerHMM_glimmerT_1598-T1;GlimmerHMM},{Augustus_model.g1295.t1;Augustus}

# EVM prediction: Mode:STANDARD S-ratio: 3.04 8203-15513 orient(+) score(24299.00) noncoding_equivalent(7999.57) raw_noncoding(10353.00) offset(2353.43) 
8203	8607	initial+	1	3	{GeneMark_model.1733_t;GeneMark},{Augustus_model.g1296.t1;Augustus},{GlimmerHMM_glimmerT_1599-T1;GlimmerHMM}
8608	8690	INTRON			{GeneMark_model.1733_t;GeneMark},{Augustus_model.g1296.t1;Augustus},{GlimmerHMM_glimmerT_1599-T1;GlimmerHMM}
8691	8857	internal+	1	2	{GeneMark_model.1733_t;GeneMark},{Augustus_model.g1296.t1;Augustus},{GlimmerHMM_glimmerT_1599-T1;GlimmerHMM}
8858	8990	INTRON			{GeneMark_model.1733_t;GeneMark},{Augustus_model.g1296.t1;Augustus},{GlimmerHMM_glimmerT_1599-T1;GlimmerHMM}
8991	9067	internal+	3	1	{GeneMark_model.1733_t;GeneMark},{Augustus_model.g1296.t1;Augustus},{GlimmerHMM_glimmerT_1599-T1;GlimmerHMM}
9068	9190	INTRON			{GeneMark_model.1733_t;GeneMark},{Augustus_model.g1296.t1;Augustus}
9191	9198	internal+	2	3	{GeneMark_model.1733_t;GeneMark},{Augustus_model.g1296.t1;Augustus}
9199	9279	INTRON			{GeneMark_model.1733_t;GeneMark},{Augustus_model.g1296.t1;Augustus}
9280	9420	internal+	1	3	{GeneMark_model.1733_t;GeneMark},{Augustus_model.g1296.t1;Augustus}
9421	9491	INTRON			{GeneMark_model.1733_t;GeneMark},{Augustus_model.g1296.t1;Augustus},{GlimmerHMM_glimmerT_1599-T1;GlimmerHMM}
9492	9744	internal+	1	1	{GeneMark_model.1733_t;GeneMark},{Augustus_model.g1296.t1;Augustus},{GlimmerHMM_glimmerT_1599-T1;GlimmerHMM}
9745	9814	INTRON			{GeneMark_model.1733_t;GeneMark},{Augustus_model.g1296.t1;Augustus},{GlimmerHMM_glimmerT_1599-T1;GlimmerHMM}
9815	9914	internal+	2	2	{GeneMark_model.1733_t;GeneMark},{Augustus_model.g1296.t1;Augustus},{GlimmerHMM_glimmerT_1599-T1;GlimmerHMM}
9915	10028	INTRON			{GeneMark_model.1733_t;GeneMark},{Augustus_model.g1296.t1;Augustus},{GlimmerHMM_glimmerT_1599-T1;GlimmerHMM}
10029	10048	internal+	3	1	{GeneMark_model.1733_t;GeneMark},{Augustus_model.g1296.t1;Augustus},{GlimmerHMM_glimmerT_1599-T1;GlimmerHMM}
10049	10133	INTRON			{GeneMark_model.1733_t;GeneMark},{Augustus_model.g1296.t1;Augustus},{GlimmerHMM_glimmerT_1599-T1;GlimmerHMM}
10134	10181	internal+	2	1	{GeneMark_model.1733_t;GeneMark},{Augustus_model.g1296.t1;Augustus},{GlimmerHMM_glimmerT_1599-T1;GlimmerHMM}
10182	10245	INTRON			{GeneMark_model.1733_t;GeneMark},{Augustus_model.g1296.t1;Augustus},{GlimmerHMM_glimmerT_1599-T1;GlimmerHMM}
10246	10294	internal+	2	2	{GeneMark_model.1733_t;GeneMark},{Augustus_model.g1296.t1;Augustus},{GlimmerHMM_glimmerT_1599-T1;GlimmerHMM}
10295	10373	INTRON			{GeneMark_model.1733_t;GeneMark},{Augustus_model.g1296.t1;Augustus},{GlimmerHMM_glimmerT_1599-T1;GlimmerHMM}
10374	10401	internal+	3	3	{GeneMark_model.1733_t;GeneMark},{Augustus_model.g1296.t1;Augustus},{GlimmerHMM_glimmerT_1599-T1;GlimmerHMM}
10402	10473	INTRON			{GeneMark_model.1733_t;GeneMark},{Augustus_model.g1296.t1;Augustus},{GlimmerHMM_glimmerT_1599-T1;GlimmerHMM}
10474	10777	internal+	1	1	{GeneMark_model.1733_t;GeneMark},{Augustus_model.g1296.t1;Augustus},{GlimmerHMM_glimmerT_1599-T1;GlimmerHMM}
10778	10848	INTRON			{GeneMark_model.1733_t;GeneMark},{Augustus_model.g1296.t1;Augustus},{GlimmerHMM_glimmerT_1599-T1;GlimmerHMM}
10849	10905	internal+	2	1	{GeneMark_model.1733_t;GeneMark},{Augustus_model.g1296.t1;Augustus},{GlimmerHMM_glimmerT_1599-T1;GlimmerHMM}
10906	11678	INTRON			{GeneMark_model.1733_t;GeneMark},{Augustus_model.g1296.t1;Augustus},{GlimmerHMM_glimmerT_1599-T1;GlimmerHMM}
11679	14414	internal+	2	1	{GeneMark_model.1733_t;GeneMark},{Augustus_model.g1296.t1;Augustus},{GlimmerHMM_glimmerT_1599-T1;GlimmerHMM}
14415	14489	INTRON			{GeneMark_model.1733_t;GeneMark},{Augustus_model.g1296.t1;Augustus}
14490	14567	internal+	2	1	{GeneMark_model.1733_t;GeneMark},{Augustus_model.g1296.t1;Augustus}
14568	14632	INTRON			{GeneMark_model.1733_t;GeneMark}
14633	15513	terminal+	2	3	{GeneMark_model.1733_t;GeneMark},{GlimmerHMM_glimmerT_1599-T1;GlimmerHMM}

# EVM prediction: Mode:STANDARD S-ratio: 4.80 15974-18408 orient(+) score(9467.00) noncoding_equivalent(1970.67) raw_noncoding(2330.00) offset(359.33) 
15974	16467	initial+	1	2	{Augustus_model.g1297.t1;Augustus},{GeneMark_model.1734_t;GeneMark},{GlimmerHMM_glimmerT_1600-T1;GlimmerHMM}
16468	16536	INTRON			{Augustus_model.g1297.t1;Augustus},{GeneMark_model.1734_t;GeneMark},{GlimmerHMM_glimmerT_1600-T1;GlimmerHMM}
16537	16571	internal+	3	1	{Augustus_model.g1297.t1;Augustus},{GeneMark_model.1734_t;GeneMark},{GlimmerHMM_glimmerT_1600-T1;GlimmerHMM}
16572	16633	INTRON			{Augustus_model.g1297.t1;Augustus},{GeneMark_model.1734_t;GeneMark},{GlimmerHMM_glimmerT_1600-T1;GlimmerHMM},{ev_type:exonerate/ID=match.2566964.1905/Target=lcl|KQ954533_1_prot_KWU41561_1_6063;exonerate}
16634	17821	internal+	2	1	{Augustus_model.g1297.t1;Augustus},{GeneMark_model.1734_t;GeneMark},{GlimmerHMM_glimmerT_1600-T1;GlimmerHMM}
17822	17910	INTRON			{Augustus_model.g1297.t1;Augustus},{GeneMark_model.1734_t;GeneMark},{GlimmerHMM_glimmerT_1600-T1;GlimmerHMM},{ev_type:exonerate/ID=match.2566964.1905/Target=lcl|KQ954533_1_prot_KWU41561_1_6063;exonerate}
17911	18035	internal+	2	3	{Augustus_model.g1297.t1;Augustus},{GeneMark_model.1734_t;GeneMark},{GlimmerHMM_glimmerT_1600-T1;GlimmerHMM},{ev_type:exonerate/ID=match.2566964.1905/Target=lcl|KQ954533_1_prot_KWU41561_1_6063;exonerate}
18036	18110	INTRON			{Augustus_model.g1297.t1;Augustus},{GeneMark_model.1734_t;GeneMark},{GlimmerHMM_glimmerT_1600-T1;GlimmerHMM},{ev_type:exonerate/ID=match.2566964.1905/Target=lcl|KQ954533_1_prot_KWU41561_1_6063;exonerate}
18111	18249	internal+	1	1	{Augustus_model.g1297.t1;Augustus},{GeneMark_model.1734_t;GeneMark},{ev_type:exonerate/ID=match.2566964.1905/Target=lcl|KQ954533_1_prot_KWU41561_1_6063;exonerate}
18250	18325	INTRON			{Augustus_model.g1297.t1;Augustus},{GeneMark_model.1734_t;GeneMark},{ev_type:exonerate/ID=match.2566964.1905/Target=lcl|KQ954533_1_prot_KWU41561_1_6063;exonerate}
18326	18408	terminal+	2	3	{Augustus_model.g1297.t1;Augustus},{GeneMark_model.1734_t;GeneMark}

# EVM prediction: Mode:STANDARD S-ratio: 2.23 18869-20564 orient(-) score(5193.00) noncoding_equivalent(2329.88) raw_noncoding(2828.45) offset(498.57) 
19132	18869	terminal-	4	6	{snap_scaffold_4-snap.7-T1;snap},{GlimmerHMM_glimmerT_1601-T1;GlimmerHMM},{GeneMark_model.1735_t;GeneMark},{Augustus_model.g1298.t1;Augustus}
19223	19133	INTRON			{snap_scaffold_4-snap.7-T1;snap},{GlimmerHMM_glimmerT_1601-T1;GlimmerHMM},{GeneMark_model.1735_t;GeneMark},{Augustus_model.g1298.t1;Augustus}
19469	19224	internal-	4	6	{GlimmerHMM_glimmerT_1601-T1;GlimmerHMM},{GeneMark_model.1735_t;GeneMark},{Augustus_model.g1298.t1;Augustus}
19560	19470	INTRON			{GlimmerHMM_glimmerT_1601-T1;GlimmerHMM},{GeneMark_model.1735_t;GeneMark},{Augustus_model.g1298.t1;Augustus}
19663	19561	internal-	6	6	{GlimmerHMM_glimmerT_1601-T1;GlimmerHMM},{GeneMark_model.1735_t;GeneMark},{Augustus_model.g1298.t1;Augustus}
19769	19664	INTRON			{GlimmerHMM_glimmerT_1601-T1;GlimmerHMM},{GeneMark_model.1735_t;GeneMark},{Augustus_model.g1298.t1;Augustus}
19889	19770	internal-	6	5	{GlimmerHMM_glimmerT_1601-T1;GlimmerHMM},{GeneMark_model.1735_t;GeneMark},{Augustus_model.g1298.t1;Augustus}
19947	19890	INTRON			{GlimmerHMM_glimmerT_1601-T1;GlimmerHMM},{Augustus_model.g1298.t1;Augustus}
20448	19948	internal-	6	5	{Augustus_model.g1298.t1;Augustus}
20532	20449	INTRON			{GeneMark_model.1735_t;GeneMark},{Augustus_model.g1298.t1;Augustus}
20564	20533	initial-	4	5	{GeneMark_model.1735_t;GeneMark},{Augustus_model.g1298.t1;Augustus}

# EVM prediction: Mode:STANDARD S-ratio: 1.91 20923-22023 orient(-) score(3374.00) noncoding_equivalent(1764.22) raw_noncoding(2316.59) offset(552.37) 
20933	20923	terminal-	5	6	{Augustus_model.g1299.t1;Augustus},{GeneMark_model.1736_t;GeneMark}
21005	20934	INTRON			{Augustus_model.g1299.t1;Augustus},{GeneMark_model.1736_t;GeneMark}
21072	21006	internal-	4	4	{Augustus_model.g1299.t1;Augustus},{GeneMark_model.1736_t;GeneMark}
21140	21073	INTRON			{Augustus_model.g1299.t1;Augustus},{GeneMark_model.1736_t;GeneMark}
21232	21141	internal-	5	6	{GlimmerHMM_glimmerT_1601-T1;GlimmerHMM},{Augustus_model.g1299.t1;Augustus},{GeneMark_model.1736_t;GeneMark}
21372	21233	INTRON			{GlimmerHMM_glimmerT_1601-T1;GlimmerHMM},{Augustus_model.g1299.t1;Augustus},{GeneMark_model.1736_t;GeneMark}
21403	21373	internal-	4	4	{GlimmerHMM_glimmerT_1601-T1;GlimmerHMM},{Augustus_model.g1299.t1;Augustus},{GeneMark_model.1736_t;GeneMark}
21468	21404	INTRON			{GlimmerHMM_glimmerT_1601-T1;GlimmerHMM},{Augustus_model.g1299.t1;Augustus},{GeneMark_model.1736_t;GeneMark}
21563	21469	internal-	5	6	{GlimmerHMM_glimmerT_1601-T1;GlimmerHMM},{Augustus_model.g1299.t1;Augustus},{GeneMark_model.1736_t;GeneMark}
21671	21564	INTRON			{GlimmerHMM_glimmerT_1601-T1;GlimmerHMM},{Augustus_model.g1299.t1;Augustus},{GeneMark_model.1736_t;GeneMark}
21908	21672	internal-	5	4	{GlimmerHMM_glimmerT_1601-T1;GlimmerHMM},{Augustus_model.g1299.t1;Augustus},{GeneMark_model.1736_t;GeneMark}
21971	21909	INTRON			{GlimmerHMM_glimmerT_1601-T1;GlimmerHMM},{Augustus_model.g1299.t1;Augustus},{GeneMark_model.1736_t;GeneMark}
22023	21972	initial-	4	4	{GlimmerHMM_glimmerT_1601-T1;GlimmerHMM},{Augustus_model.g1299.t1;Augustus},{GeneMark_model.1736_t;GeneMark}

# EVM prediction: Mode:STANDARD S-ratio: 8.47 23921-25818 orient(-) score(6997.00) noncoding_equivalent(826.01) raw_noncoding(832.01) offset(6.00) 
24228	23921	terminal-	5	6	{GlimmerHMM_glimmerT_1602-T1;GlimmerHMM},{GeneMark_model.1737_t;GeneMark},{Augustus_model.g1300.t1;Augustus}
24347	24229	INTRON			{GlimmerHMM_glimmerT_1602-T1;GlimmerHMM},{GeneMark_model.1737_t;GeneMark},{Augustus_model.g1300.t1;Augustus}
25818	24348	initial-	4	4	{GlimmerHMM_glimmerT_1602-T1;GlimmerHMM},{GeneMark_model.1737_t;GeneMark},{Augustus_model.g1300.t1;Augustus}

# EVM prediction: Mode:STANDARD S-ratio: 16.86 25985-27281 orient(+) score(5058.00) noncoding_equivalent(300.00) raw_noncoding(306.00) offset(6.00) 
25985	27124	initial+	1	3	{Augustus_model.g1301.t1;Augustus},{GeneMark_model.1738_t;GeneMark},{GlimmerHMM_glimmerT_1603-T1;GlimmerHMM}
27125	27212	INTRON			{Augustus_model.g1301.t1;Augustus},{GeneMark_model.1738_t;GeneMark},{GlimmerHMM_glimmerT_1603-T1;GlimmerHMM}
27213	27281	terminal+	1	3	{Augustus_model.g1301.t1;Augustus},{GeneMark_model.1738_t;GeneMark},{GlimmerHMM_glimmerT_1603-T1;GlimmerHMM}

# EVM prediction: Mode:STANDARD S-ratio: 2.63 28315-33380 orient(+) score(15259.00) noncoding_equivalent(5802.23) raw_noncoding(9908.00) offset(4105.77) 
28315	28434	initial+	1	3	{Augustus_model.g1302.t1;Augustus},{GeneMark_model.1739_t;GeneMark}
28435	28496	INTRON			{Augustus_model.g1302.t1;Augustus},{GeneMark_model.1739_t;GeneMark}
28497	28646	internal+	1	3	{Augustus_model.g1302.t1;Augustus}
28647	28709	INTRON			{Augustus_model.g1302.t1;Augustus}
28710	28773	internal+	1	1	{Augustus_model.g1302.t1;Augustus}
28774	28849	INTRON			{Augustus_model.g1302.t1;Augustus},{GeneMark_model.1739_t;GeneMark}
28850	29022	internal+	2	3	{Augustus_model.g1302.t1;Augustus},{GeneMark_model.1739_t;GeneMark}
29023	29097	INTRON			{Augustus_model.g1302.t1;Augustus},{GeneMark_model.1739_t;GeneMark}
29098	29235	internal+	1	3	{Augustus_model.g1302.t1;Augustus},{GeneMark_model.1739_t;GeneMark}
29236	29289	INTRON			{Augustus_model.g1302.t1;Augustus},{GeneMark_model.1739_t;GeneMark}
29290	29559	internal+	1	3	{Augustus_model.g1302.t1;Augustus},{GeneMark_model.1739_t;GeneMark}
29560	29625	INTRON			{GeneMark_model.1739_t;GeneMark}
29626	29634	internal+	1	3	{GeneMark_model.1739_t;GeneMark}
29635	29791	INTRON			{GeneMark_model.1739_t;GeneMark}
29792	29956	internal+	1	3	{Augustus_model.g1302.t1;Augustus},{GeneMark_model.1739_t;GeneMark}
29957	29996	INTRON			{Augustus_model.g1302.t1;Augustus},{GlimmerHMM_glimmerT_1604-T1;GlimmerHMM}
29997	30109	internal+	1	2	{Augustus_model.g1302.t1;Augustus}
30110	30151	INTRON			{Augustus_model.g1302.t1;Augustus},{GeneMark_model.1739_t;GeneMark}
30152	30401	internal+	3	3	{Augustus_model.g1302.t1;Augustus},{GeneMark_model.1739_t;GeneMark}
30402	31250	INTRON			{Augustus_model.g1302.t1;Augustus}
31251	31674	internal+	1	1	{Augustus_model.g1302.t1;Augustus}
31675	31750	INTRON			{Augustus_model.g1302.t1;Augustus},{GlimmerHMM_glimmerT_1604-T1;GlimmerHMM},{GeneMark_model.1740_t;GeneMark},{ev_type:exonerate/ID=match.2566964.1778/Target=lcl|PJQD01000044_1_prot_POY72939_1_4091;exonerate}
31751	31920	internal+	2	3	{Augustus_model.g1302.t1;Augustus},{GlimmerHMM_glimmerT_1604-T1;GlimmerHMM},{GeneMark_model.1740_t;GeneMark},{ev_type:exonerate/ID=match.2566964.1778/Target=lcl|PJQD01000044_1_prot_POY72939_1_4091;exonerate}
31921	32063	INTRON			{Augustus_model.g1302.t1;Augustus},{GlimmerHMM_glimmerT_1604-T1;GlimmerHMM},{GeneMark_model.1740_t;GeneMark},{ev_type:exonerate/ID=match.2566964.1778/Target=lcl|PJQD01000044_1_prot_POY72939_1_4091;exonerate}
32064	32525	internal+	1	3	{Augustus_model.g1302.t1;Augustus},{GlimmerHMM_glimmerT_1604-T1;GlimmerHMM},{GeneMark_model.1740_t;GeneMark},{ev_type:exonerate/ID=match.2566964.1778/Target=lcl|PJQD01000044_1_prot_POY72939_1_4091;exonerate}
32526	32598	INTRON			{Augustus_model.g1302.t1;Augustus},{GlimmerHMM_glimmerT_1604-T1;GlimmerHMM},{GeneMark_model.1740_t;GeneMark},{ev_type:exonerate/ID=match.2566964.1778/Target=lcl|PJQD01000044_1_prot_POY72939_1_4091;exonerate}
32599	32632	internal+	1	1	{Augustus_model.g1302.t1;Augustus},{GlimmerHMM_glimmerT_1604-T1;GlimmerHMM},{GeneMark_model.1740_t;GeneMark},{ev_type:exonerate/ID=match.2566964.1778/Target=lcl|PJQD01000044_1_prot_POY72939_1_4091;exonerate}
32633	32694	INTRON			{snap_scaffold_4-snap.13-T1;snap},{Augustus_model.g1302.t1;Augustus},{GlimmerHMM_glimmerT_1604-T1;GlimmerHMM},{GeneMark_model.1740_t;GeneMark},{ev_type:exonerate/ID=match.2566964.1778/Target=lcl|PJQD01000044_1_prot_POY72939_1_4091;exonerate}
32695	32915	internal+	2	3	{Augustus_model.g1302.t1;Augustus},{GlimmerHMM_glimmerT_1604-T1;GlimmerHMM},{GeneMark_model.1740_t;GeneMark},{ev_type:exonerate/ID=match.2566964.1778/Target=lcl|PJQD01000044_1_prot_POY72939_1_4091;exonerate}
32916	32990	INTRON			{Augustus_model.g1302.t1;Augustus},{GlimmerHMM_glimmerT_1604-T1;GlimmerHMM},{GeneMark_model.1740_t;GeneMark},{ev_type:exonerate/ID=match.2566964.1778/Target=lcl|PJQD01000044_1_prot_POY72939_1_4091;exonerate}
32991	33380	terminal+	1	3	{Augustus_model.g1302.t1;Augustus},{GlimmerHMM_glimmerT_1604-T1;GlimmerHMM},{GeneMark_model.1740_t;GeneMark}

# EVM prediction: Mode:STANDARD S-ratio: 2.55 33814-35840 orient(+) score(6482.00) noncoding_equivalent(2539.35) raw_noncoding(2987.00) offset(447.65) 
33814	34093	initial+	1	1	{Augustus_model.g1303.t1;Augustus},{GeneMark_model.1741_t;GeneMark},{GlimmerHMM_glimmerT_1605-T1;GlimmerHMM}
34094	34291	INTRON			{Augustus_model.g1303.t1;Augustus},{GeneMark_model.1741_t;GeneMark},{GlimmerHMM_glimmerT_1605-T1;GlimmerHMM}
34292	34461	internal+	2	3	{Augustus_model.g1303.t1;Augustus},{GeneMark_model.1741_t;GeneMark},{GlimmerHMM_glimmerT_1605-T1;GlimmerHMM}
34462	34523	INTRON			{Augustus_model.g1303.t1;Augustus},{GeneMark_model.1741_t;GeneMark},{GlimmerHMM_glimmerT_1605-T1;GlimmerHMM}
34524	34985	internal+	1	3	{Augustus_model.g1303.t1;Augustus},{GeneMark_model.1741_t;GeneMark},{GlimmerHMM_glimmerT_1605-T1;GlimmerHMM}
34986	35052	INTRON			{Augustus_model.g1303.t1;Augustus},{GeneMark_model.1741_t;GeneMark},{GlimmerHMM_glimmerT_1605-T1;GlimmerHMM}
35053	35086	internal+	1	1	{Augustus_model.g1303.t1;Augustus},{GeneMark_model.1741_t;GeneMark},{GlimmerHMM_glimmerT_1605-T1;GlimmerHMM}
35087	35159	INTRON			{Augustus_model.g1303.t1;Augustus},{GeneMark_model.1741_t;GeneMark},{GlimmerHMM_glimmerT_1605-T1;GlimmerHMM}
35160	35380	internal+	2	3	{Augustus_model.g1303.t1;Augustus},{GeneMark_model.1741_t;GeneMark},{GlimmerHMM_glimmerT_1605-T1;GlimmerHMM}
35381	35447	INTRON			{Augustus_model.g1303.t1;Augustus},{GeneMark_model.1741_t;GeneMark},{GlimmerHMM_glimmerT_1605-T1;GlimmerHMM}
35448	35840	terminal+	1	3	{Augustus_model.g1303.t1;Augustus},{GeneMark_model.1741_t;GeneMark},{GlimmerHMM_glimmerT_1605-T1;GlimmerHMM}

# EVM prediction: Mode:STANDARD S-ratio: 2.72 36060-38669 orient(-) score(8427.00) noncoding_equivalent(3098.03) raw_noncoding(3570.43) offset(472.40) 
36260	36060	terminal-	4	6	{Augustus_model.g1304.t1;Augustus},{GlimmerHMM_glimmerT_1606-T1;GlimmerHMM},{GeneMark_model.1742_t;GeneMark}
36375	36261	INTRON			{Augustus_model.g1304.t1;Augustus},{GlimmerHMM_glimmerT_1606-T1;GlimmerHMM},{GeneMark_model.1742_t;GeneMark}
36720	36376	internal-	4	6	{Augustus_model.g1304.t1;Augustus},{GlimmerHMM_glimmerT_1606-T1;GlimmerHMM},{GeneMark_model.1742_t;GeneMark}
36808	36721	INTRON			{Augustus_model.g1304.t1;Augustus},{GlimmerHMM_glimmerT_1606-T1;GlimmerHMM},{GeneMark_model.1742_t;GeneMark}
37132	36809	internal-	4	6	{Augustus_model.g1304.t1;Augustus},{GlimmerHMM_glimmerT_1606-T1;GlimmerHMM},{GeneMark_model.1742_t;GeneMark}
37215	37133	INTRON			{Augustus_model.g1304.t1;Augustus},{GlimmerHMM_glimmerT_1606-T1;GlimmerHMM},{GeneMark_model.1742_t;GeneMark}
37475	37216	internal-	5	6	{Augustus_model.g1304.t1;Augustus},{GlimmerHMM_glimmerT_1606-T1;GlimmerHMM},{GeneMark_model.1742_t;GeneMark}
37550	37476	INTRON			{Augustus_model.g1304.t1;Augustus},{GlimmerHMM_glimmerT_1606-T1;GlimmerHMM},{GeneMark_model.1742_t;GeneMark}
37969	37551	internal-	6	4	{Augustus_model.g1304.t1;Augustus},{GlimmerHMM_glimmerT_1606-T1;GlimmerHMM},{GeneMark_model.1742_t;GeneMark}
38035	37970	INTRON			{Augustus_model.g1304.t1;Augustus},{GlimmerHMM_glimmerT_1606-T1;GlimmerHMM},{GeneMark_model.1742_t;GeneMark}
38218	38036	internal-	6	5	{Augustus_model.g1304.t1;Augustus},{GlimmerHMM_glimmerT_1606-T1;GlimmerHMM},{GeneMark_model.1742_t;GeneMark}
38286	38219	INTRON			{Augustus_model.g1304.t1;Augustus},{GlimmerHMM_glimmerT_1606-T1;GlimmerHMM},{GeneMark_model.1742_t;GeneMark}
38582	38287	internal-	4	5	{Augustus_model.g1304.t1;Augustus},{GlimmerHMM_glimmerT_1606-T1;GlimmerHMM},{GeneMark_model.1742_t;GeneMark}
38645	38583	INTRON			{Augustus_model.g1304.t1;Augustus},{GlimmerHMM_glimmerT_1606-T1;GlimmerHMM},{GeneMark_model.1742_t;GeneMark}
38669	38646	initial-	4	6	{Augustus_model.g1304.t1;Augustus},{GlimmerHMM_glimmerT_1606-T1;GlimmerHMM},{GeneMark_model.1742_t;GeneMark}

# EVM prediction: Mode:STANDARD S-ratio: 1.99 40447-42373 orient(+) score(5701.00) noncoding_equivalent(2867.00) raw_noncoding(3481.00) offset(614.00) 
40447	40470	initial+	1	3	{Augustus_model.g1305.t1;Augustus}
40471	40539	INTRON			{Augustus_model.g1305.t1;Augustus},{GlimmerHMM_glimmerT_1607-T1;GlimmerHMM},{GeneMark_model.1743_t;GeneMark}
40540	40570	internal+	1	1	{Augustus_model.g1305.t1;Augustus},{GlimmerHMM_glimmerT_1607-T1;GlimmerHMM},{GeneMark_model.1743_t;GeneMark}
40571	40634	INTRON			{Augustus_model.g1305.t1;Augustus},{GlimmerHMM_glimmerT_1607-T1;GlimmerHMM},{GeneMark_model.1743_t;GeneMark}
40635	40870	internal+	2	3	{Augustus_model.g1305.t1;Augustus},{GlimmerHMM_glimmerT_1607-T1;GlimmerHMM},{GeneMark_model.1743_t;GeneMark}
40871	40947	INTRON			{Augustus_model.g1305.t1;Augustus},{GlimmerHMM_glimmerT_1607-T1;GlimmerHMM},{GeneMark_model.1743_t;GeneMark}
40948	41262	internal+	1	3	{Augustus_model.g1305.t1;Augustus},{GlimmerHMM_glimmerT_1607-T1;GlimmerHMM},{GeneMark_model.1743_t;GeneMark}
41263	41342	INTRON			{Augustus_model.g1305.t1;Augustus},{GeneMark_model.1743_t;GeneMark}
41343	41411	internal+	1	3	{Augustus_model.g1305.t1;Augustus},{GeneMark_model.1743_t;GeneMark}
41412	41485	INTRON			{Augustus_model.g1305.t1;Augustus},{GlimmerHMM_glimmerT_1607-T1;GlimmerHMM},{GeneMark_model.1743_t;GeneMark}
41486	41635	internal+	1	3	{Augustus_model.g1305.t1;Augustus},{GlimmerHMM_glimmerT_1607-T1;GlimmerHMM},{GeneMark_model.1743_t;GeneMark}
41636	41701	INTRON			{Augustus_model.g1305.t1;Augustus},{GlimmerHMM_glimmerT_1607-T1;GlimmerHMM},{GeneMark_model.1743_t;GeneMark}
41702	42241	internal+	1	3	{Augustus_model.g1305.t1;Augustus},{GlimmerHMM_glimmerT_1607-T1;GlimmerHMM},{GeneMark_model.1743_t;GeneMark}
42242	42334	INTRON			{Augustus_model.g1305.t1;Augustus},{GlimmerHMM_glimmerT_1607-T1;GlimmerHMM},{GeneMark_model.1743_t;GeneMark}
42335	42373	terminal+	1	3	{Augustus_model.g1305.t1;Augustus},{GlimmerHMM_glimmerT_1607-T1;GlimmerHMM},{GeneMark_model.1743_t;GeneMark}

# EVM prediction: Mode:STANDARD S-ratio: 12.05 43035-44143 orient(+) score(5192.00) noncoding_equivalent(431.00) raw_noncoding(461.00) offset(30.00) 
43035	43862	initial+	1	3	{GlimmerHMM_glimmerT_1608-T1;GlimmerHMM},{Augustus_model.g1306.t1;Augustus},{GeneMark_model.1744_t;GeneMark}
43863	43939	INTRON			{GlimmerHMM_glimmerT_1608-T1;GlimmerHMM},{Augustus_model.g1306.t1;Augustus},{GeneMark_model.1744_t;GeneMark},{ev_type:exonerate/ID=match.2566964.1836/Target=lcl|PJQD01000044_1_prot_POY72933_1_4085;exonerate}
43940	44143	terminal+	1	3	{GlimmerHMM_glimmerT_1608-T1;GlimmerHMM},{Augustus_model.g1306.t1;Augustus},{GeneMark_model.1744_t;GeneMark}

# EVM prediction: Mode:STANDARD S-ratio: 1.24 44441-46351 orient(-) score(4065.00) noncoding_equivalent(3287.84) raw_noncoding(5052.09) offset(1764.25) 
44559	44441	terminal-	5	6	{GeneMark_model.1745_t;GeneMark},{GlimmerHMM_glimmerT_1609-T1;GlimmerHMM},{Augustus_model.g1307.t1;Augustus}
44649	44560	INTRON			{GeneMark_model.1745_t;GeneMark},{GlimmerHMM_glimmerT_1609-T1;GlimmerHMM},{Augustus_model.g1307.t1;Augustus}
44725	44650	internal-	4	4	{GeneMark_model.1745_t;GeneMark},{GlimmerHMM_glimmerT_1609-T1;GlimmerHMM}
44847	44726	INTRON			{GlimmerHMM_glimmerT_1609-T1;GlimmerHMM}
44956	44848	internal-	6	6	{GlimmerHMM_glimmerT_1609-T1;GlimmerHMM}
45056	44957	INTRON			{GeneMark_model.1745_t;GeneMark},{GlimmerHMM_glimmerT_1609-T1;GlimmerHMM},{Augustus_model.g1307.t1;Augustus}
45229	45057	internal-	4	5	{GeneMark_model.1745_t;GeneMark},{Augustus_model.g1307.t1;Augustus}
45315	45230	INTRON			{GeneMark_model.1745_t;GeneMark},{Augustus_model.g1307.t1;Augustus}
45352	45316	internal-	6	6	{GeneMark_model.1745_t;GeneMark},{Augustus_model.g1307.t1;Augustus}
45435	45353	INTRON			{GeneMark_model.1745_t;GeneMark},{Augustus_model.g1307.t1;Augustus}
45546	45436	internal-	6	5	{GeneMark_model.1745_t;GeneMark},{GlimmerHMM_glimmerT_1609-T1;GlimmerHMM},{Augustus_model.g1307.t1;Augustus}
45637	45547	INTRON			{GeneMark_model.1745_t;GeneMark},{GlimmerHMM_glimmerT_1609-T1;GlimmerHMM},{Augustus_model.g1307.t1;Augustus}
45808	45638	internal-	6	5	{GeneMark_model.1745_t;GeneMark}
45906	45809	INTRON			{GeneMark_model.1745_t;GeneMark}
45938	45907	internal-	4	5	{GeneMark_model.1745_t;GeneMark}
46141	45939	INTRON			{GeneMark_model.1745_t;GeneMark}
46351	46142	initial-	4	6	{GeneMark_model.1745_t;GeneMark}

# EVM prediction: Mode:STANDARD S-ratio: 2.60 46680-47613 orient(-) score(2549.00) noncoding_equivalent(980.49) raw_noncoding(1535.70) offset(555.21) 
46768	46680	terminal-	5	6	{GeneMark_model.1746_t;GeneMark}
46870	46769	INTRON			{GeneMark_model.1746_t;GeneMark}
47176	46871	internal-	5	4	{GeneMark_model.1746_t;GeneMark},{Augustus_model.g1307.t1;Augustus}
47266	47177	INTRON			{GeneMark_model.1746_t;GeneMark},{Augustus_model.g1307.t1;Augustus}
47390	47267	internal-	4	4	{GeneMark_model.1746_t;GeneMark},{Augustus_model.g1307.t1;Augustus}
47467	47391	INTRON			{GeneMark_model.1746_t;GeneMark},{Augustus_model.g1307.t1;Augustus}
47505	47468	internal-	5	6	{GeneMark_model.1746_t;GeneMark},{Augustus_model.g1307.t1;Augustus}
47585	47506	INTRON			{GeneMark_model.1746_t;GeneMark},{Augustus_model.g1307.t1;Augustus}
47613	47586	initial-	4	4	{GeneMark_model.1746_t;GeneMark},{Augustus_model.g1307.t1;Augustus}

# EVM prediction: Mode:STANDARD S-ratio: 3.29 48044-48829 orient(+) score(3310.00) noncoding_equivalent(1007.00) raw_noncoding(1257.00) offset(250.00) 
48044	48363	initial+	1	2	{Augustus_model.g1308.t1;Augustus},{GeneMark_model.1747_t;GeneMark},{GlimmerHMM_glimmerT_1610-T1;GlimmerHMM}
48364	48500	INTRON			{Augustus_model.g1308.t1;Augustus},{GeneMark_model.1747_t;GeneMark},{GlimmerHMM_glimmerT_1610-T1;GlimmerHMM},{ev_type:exonerate/ID=match.2566964.1918/Target=lcl|KQ954533_1_prot_KWU41577_1_6079;exonerate}
48501	48525	internal+	3	3	{Augustus_model.g1308.t1;Augustus},{GeneMark_model.1747_t;GeneMark},{GlimmerHMM_glimmerT_1610-T1;GlimmerHMM},{ev_type:exonerate/ID=match.2566964.1918/Target=lcl|KQ954533_1_prot_KWU41577_1_6079;exonerate}
48526	48633	INTRON			{Augustus_model.g1308.t1;Augustus},{GeneMark_model.1747_t;GeneMark},{GlimmerHMM_glimmerT_1610-T1;GlimmerHMM},{ev_type:exonerate/ID=match.2566964.1918/Target=lcl|KQ954533_1_prot_KWU41577_1_6079;exonerate}
48634	48738	internal+	1	3	{Augustus_model.g1308.t1;Augustus},{GeneMark_model.1747_t;GeneMark},{GlimmerHMM_glimmerT_1610-T1;GlimmerHMM}
48739	48826	INTRON			{GeneMark_model.1747_t;GeneMark},{GlimmerHMM_glimmerT_1610-T1;GlimmerHMM}
48827	48829	terminal+	1	3	{GeneMark_model.1747_t;GeneMark},{GlimmerHMM_glimmerT_1610-T1;GlimmerHMM}

# EVM prediction: Mode:STANDARD S-ratio: 4.45 49969-51581 orient(-) score(10333.00) noncoding_equivalent(2324.55) raw_noncoding(2675.00) offset(350.45) 
50138	49969	terminal-	5	6	{HiQ_model.g1309.t1;HiQ},{GlimmerHMM_glimmerT_1611-T1;GlimmerHMM},{GeneMark_model.1748_t;GeneMark}
50202	50139	INTRON			{HiQ_model.g1309.t1;HiQ},{GlimmerHMM_glimmerT_1611-T1;GlimmerHMM},{GeneMark_model.1748_t;GeneMark},{ev_type:exonerate/ID=match.2566964.1794/Target=lcl|KQ954533_1_prot_KWU41578_1_6080;exonerate},{ev_type:exonerate/ID=match.2566964.1797/Target=lcl|PJQD01000044_1_prot_POY72929_1_4081;exonerate}
50304	50203	internal-	5	4	{HiQ_model.g1309.t1;HiQ},{GlimmerHMM_glimmerT_1611-T1;GlimmerHMM},{ev_type:exonerate/ID=match.2566964.1794/Target=lcl|KQ954533_1_prot_KWU41578_1_6080;exonerate},{ev_type:exonerate/ID=match.2566964.1797/Target=lcl|PJQD01000044_1_prot_POY72929_1_4081;exonerate}
50424	50305	INTRON			{HiQ_model.g1309.t1;HiQ},{GlimmerHMM_glimmerT_1611-T1;GlimmerHMM},{ev_type:exonerate/ID=match.2566964.1794/Target=lcl|KQ954533_1_prot_KWU41578_1_6080;exonerate},{ev_type:exonerate/ID=match.2566964.1797/Target=lcl|PJQD01000044_1_prot_POY72929_1_4081;exonerate}
51099	50425	internal-	5	4	{HiQ_model.g1309.t1;HiQ},{GlimmerHMM_glimmerT_1611-T1;GlimmerHMM},{ev_type:exonerate/ID=match.2566964.1794/Target=lcl|KQ954533_1_prot_KWU41578_1_6080;exonerate},{ev_type:exonerate/ID=match.2566964.1797/Target=lcl|PJQD01000044_1_prot_POY72929_1_4081;exonerate}
51172	51100	INTRON			{HiQ_model.g1309.t1;HiQ},{GlimmerHMM_glimmerT_1611-T1;GlimmerHMM},{GeneMark_model.1748_t;GeneMark},{ev_type:exonerate/ID=match.2566964.1794/Target=lcl|KQ954533_1_prot_KWU41578_1_6080;exonerate},{ev_type:exonerate/ID=match.2566964.1797/Target=lcl|PJQD01000044_1_prot_POY72929_1_4081;exonerate}
51581	51173	initial-	4	4	{HiQ_model.g1309.t1;HiQ},{GlimmerHMM_glimmerT_1611-T1;GlimmerHMM},{GeneMark_model.1748_t;GeneMark}

# EVM prediction: Mode:STANDARD S-ratio: 14.72 52482-55654 orient(-) score(20680.00) noncoding_equivalent(1405.16) raw_noncoding(1641.00) offset(235.84) 
52588	52482	terminal-	5	6	{Augustus_model.g1310.t1;Augustus},{GeneMark_model.1749_t;GeneMark},{GlimmerHMM_glimmerT_1612-T1;GlimmerHMM}
52668	52589	INTRON			{Augustus_model.g1310.t1;Augustus},{GeneMark_model.1749_t;GeneMark},{GlimmerHMM_glimmerT_1612-T1;GlimmerHMM},{ev_type:exonerate/ID=match.2566964.1758/Target=lcl|PJQD01000044_1_prot_POY72928_1_4080;exonerate},{ev_type:exonerate/ID=match.2566964.1760/Target=lcl|KQ954533_1_prot_KWU41579_1_6081;exonerate}
55228	52669	internal-	4	4	{Augustus_model.g1310.t1;Augustus},{GeneMark_model.1749_t;GeneMark},{GlimmerHMM_glimmerT_1612-T1;GlimmerHMM},{ev_type:exonerate/ID=match.2566964.1758/Target=lcl|PJQD01000044_1_prot_POY72928_1_4080;exonerate},{ev_type:exonerate/ID=match.2566964.1760/Target=lcl|KQ954533_1_prot_KWU41579_1_6081;exonerate}
55295	55229	INTRON			{Augustus_model.g1310.t1;Augustus},{GeneMark_model.1749_t;GeneMark},{GlimmerHMM_glimmerT_1612-T1;GlimmerHMM},{ev_type:exonerate/ID=match.2566964.1758/Target=lcl|PJQD01000044_1_prot_POY72928_1_4080;exonerate},{ev_type:exonerate/ID=match.2566964.1763/Target=lcl|LCTV02000001_1_prot_PRQ77779_1_479;exonerate},{ev_type:exonerate/ID=match.2566964.1760/Target=lcl|KQ954533_1_prot_KWU41579_1_6081;exonerate}
55344	55296	internal-	6	6	{Augustus_model.g1310.t1;Augustus},{GeneMark_model.1749_t;GeneMark},{GlimmerHMM_glimmerT_1612-T1;GlimmerHMM},{ev_type:exonerate/ID=match.2566964.1758/Target=lcl|PJQD01000044_1_prot_POY72928_1_4080;exonerate}
55437	55345	INTRON			{snap_scaffold_4-snap.20-T1;snap},{Augustus_model.g1310.t1;Augustus},{GeneMark_model.1749_t;GeneMark},{GlimmerHMM_glimmerT_1612-T1;GlimmerHMM}
55444	55438	internal-	5	5	{snap_scaffold_4-snap.20-T1;snap},{Augustus_model.g1310.t1;Augustus},{GeneMark_model.1749_t;GeneMark},{GlimmerHMM_glimmerT_1612-T1;GlimmerHMM}
55508	55445	INTRON			{Augustus_model.g1310.t1;Augustus},{GeneMark_model.1749_t;GeneMark},{GlimmerHMM_glimmerT_1612-T1;GlimmerHMM}
55569	55509	internal-	4	4	{Augustus_model.g1310.t1;Augustus},{GeneMark_model.1749_t;GeneMark},{GlimmerHMM_glimmerT_1612-T1;GlimmerHMM}
55636	55570	INTRON			{Augustus_model.g1310.t1;Augustus},{GeneMark_model.1749_t;GeneMark},{GlimmerHMM_glimmerT_1612-T1;GlimmerHMM}
55654	55637	initial-	4	6	{Augustus_model.g1310.t1;Augustus},{GeneMark_model.1749_t;GeneMark},{GlimmerHMM_glimmerT_1612-T1;GlimmerHMM}

# EVM prediction: Mode:STANDARD S-ratio: 5.30 56917-59628 orient(+) score(9810.00) noncoding_equivalent(1849.30) raw_noncoding(2133.00) offset(283.70) 
56917	57123	initial+	1	3	{Augustus_model.g1311.t1;Augustus},{GlimmerHMM_glimmerT_1613-T1;GlimmerHMM},{GeneMark_model.1750_t;GeneMark}
57124	57200	INTRON			{Augustus_model.g1311.t1;Augustus},{GlimmerHMM_glimmerT_1613-T1;GlimmerHMM},{GeneMark_model.1750_t;GeneMark}
57201	57344	internal+	1	3	{Augustus_model.g1311.t1;Augustus},{GlimmerHMM_glimmerT_1613-T1;GlimmerHMM},{GeneMark_model.1750_t;GeneMark}
57345	57456	INTRON			{Augustus_model.g1311.t1;Augustus},{GlimmerHMM_glimmerT_1613-T1;GlimmerHMM},{GeneMark_model.1750_t;GeneMark}
57457	58077	internal+	1	3	{Augustus_model.g1311.t1;Augustus},{GlimmerHMM_glimmerT_1613-T1;GlimmerHMM},{GeneMark_model.1750_t;GeneMark}
58078	58182	INTRON			{Augustus_model.g1311.t1;Augustus},{GlimmerHMM_glimmerT_1613-T1;GlimmerHMM},{GeneMark_model.1750_t;GeneMark}
58183	59226	internal+	1	3	{Augustus_model.g1311.t1;Augustus},{GlimmerHMM_glimmerT_1613-T1;GlimmerHMM},{GeneMark_model.1750_t;GeneMark}
59227	59293	INTRON			{Augustus_model.g1311.t1;Augustus},{GlimmerHMM_glimmerT_1613-T1;GlimmerHMM},{GeneMark_model.1750_t;GeneMark}
59294	59505	internal+	1	2	{Augustus_model.g1311.t1;Augustus},{GlimmerHMM_glimmerT_1613-T1;GlimmerHMM},{GeneMark_model.1750_t;GeneMark}
59506	59561	INTRON			{Augustus_model.g1311.t1;Augustus},{GlimmerHMM_glimmerT_1613-T1;GlimmerHMM},{GeneMark_model.1750_t;GeneMark}
59562	59628	terminal+	3	3	{Augustus_model.g1311.t1;Augustus},{GlimmerHMM_glimmerT_1613-T1;GlimmerHMM},{GeneMark_model.1750_t;GeneMark}

# EVM prediction: Mode:STANDARD S-ratio: 1.78 59833-63072 orient(-) score(8292.00) noncoding_equivalent(4670.86) raw_noncoding(6246.00) offset(1575.14) 
59972	59833	terminal-	5	6	{GeneMark_model.1751_t;GeneMark},{GlimmerHMM_glimmerT_1614-T1;GlimmerHMM},{Augustus_model.g1312.t1;Augustus}
60036	59973	INTRON			{GeneMark_model.1751_t;GeneMark},{GlimmerHMM_glimmerT_1614-T1;GlimmerHMM},{Augustus_model.g1312.t1;Augustus}
60734	60037	internal-	6	4	{GeneMark_model.1751_t;GeneMark},{GlimmerHMM_glimmerT_1614-T1;GlimmerHMM},{Augustus_model.g1312.t1;Augustus}
60795	60735	INTRON			{GeneMark_model.1751_t;GeneMark},{GlimmerHMM_glimmerT_1614-T1;GlimmerHMM},{Augustus_model.g1312.t1;Augustus}
60872	60796	internal-	4	5	{GeneMark_model.1751_t;GeneMark},{GlimmerHMM_glimmerT_1614-T1;GlimmerHMM},{Augustus_model.g1312.t1;Augustus}
60936	60873	INTRON			{GeneMark_model.1751_t;GeneMark},{Augustus_model.g1312.t1;Augustus}
60976	60937	internal-	6	6	{GeneMark_model.1751_t;GeneMark},{Augustus_model.g1312.t1;Augustus}
61053	60977	INTRON			{GeneMark_model.1751_t;GeneMark},{Augustus_model.g1312.t1;Augustus}
61094	61054	internal-	4	5	{Augustus_model.g1312.t1;Augustus}
61168	61095	INTRON			{Augustus_model.g1312.t1;Augustus}
61426	61169	internal-	4	6	{GlimmerHMM_glimmerT_1614-T1;GlimmerHMM},{Augustus_model.g1312.t1;Augustus}
61488	61427	INTRON			{GeneMark_model.1751_t;GeneMark},{Augustus_model.g1312.t1;Augustus}
61644	61489	internal-	4	6	{GeneMark_model.1751_t;GeneMark}
61690	61645	INTRON			{GeneMark_model.1751_t;GeneMark}
61793	61691	internal-	6	6	{GeneMark_model.1751_t;GeneMark},{GlimmerHMM_glimmerT_1614-T1;GlimmerHMM},{Augustus_model.g1312.t1;Augustus}
61862	61794	INTRON			{GeneMark_model.1751_t;GeneMark},{Augustus_model.g1312.t1;Augustus}
61918	61863	internal-	4	5	{GeneMark_model.1751_t;GeneMark},{Augustus_model.g1312.t1;Augustus}
61985	61919	INTRON			{GeneMark_model.1751_t;GeneMark},{Augustus_model.g1312.t1;Augustus}
62531	61986	internal-	4	6	{GeneMark_model.1751_t;GeneMark}
62592	62532	INTRON			{GeneMark_model.1751_t;GeneMark},{Augustus_model.g1312.t1;Augustus}
62721	62593	internal-	4	6	{GeneMark_model.1751_t;GeneMark},{Augustus_model.g1312.t1;Augustus}
62883	62722	INTRON			{GeneMark_model.1751_t;GeneMark},{Augustus_model.g1312.t1;Augustus}
63072	62884	initial-	4	6	{GeneMark_model.1751_t;GeneMark},{GlimmerHMM_glimmerT_1614-T1;GlimmerHMM},{Augustus_model.g1312.t1;Augustus}

