!! Predictions spanning range 8536 - 73942 [R1]
# EVM prediction: Mode:STANDARD S-ratio: 2.08 8536-9754 orient(-) score(3657.00) noncoding_equivalent(1757.00) raw_noncoding(2050.00) offset(293.00) 
8743	8536	terminal-	6	6	{Augustus_model.g3638.t1;Augustus},{GlimmerHMM_glimmerT_4327-T1;GlimmerHMM},{GeneMark_model.4615_t;GeneMark}
8803	8744	INTRON			{Augustus_model.g3638.t1;Augustus},{GlimmerHMM_glimmerT_4327-T1;GlimmerHMM},{GeneMark_model.4615_t;GeneMark}
8893	8804	internal-	6	5	{Augustus_model.g3638.t1;Augustus},{GlimmerHMM_glimmerT_4327-T1;GlimmerHMM},{GeneMark_model.4615_t;GeneMark}
8951	8894	INTRON			{Augustus_model.g3638.t1;Augustus},{GlimmerHMM_glimmerT_4327-T1;GlimmerHMM},{GeneMark_model.4615_t;GeneMark}
9276	8952	internal-	5	5	{Augustus_model.g3638.t1;Augustus},{GlimmerHMM_glimmerT_4327-T1;GlimmerHMM},{GeneMark_model.4615_t;GeneMark}
9350	9277	INTRON			{Augustus_model.g3638.t1;Augustus},{GlimmerHMM_glimmerT_4327-T1;GlimmerHMM},{GeneMark_model.4615_t;GeneMark}
9511	9351	internal-	6	4	{Augustus_model.g3638.t1;Augustus},{GlimmerHMM_glimmerT_4327-T1;GlimmerHMM},{GeneMark_model.4615_t;GeneMark}
9596	9512	INTRON			{Augustus_model.g3638.t1;Augustus},{GlimmerHMM_glimmerT_4327-T1;GlimmerHMM},{GeneMark_model.4615_t;GeneMark}
9754	9597	initial-	4	5	{Augustus_model.g3638.t1;Augustus},{GlimmerHMM_glimmerT_4327-T1;GlimmerHMM},{GeneMark_model.4615_t;GeneMark}

# EVM prediction: Mode:STANDARD S-ratio: 1.34 10323-11498 orient(+) score(2981.00) noncoding_equivalent(2225.57) raw_noncoding(3213.42) offset(987.84) 
10323	10368	initial+	1	1	{GeneMark_model.4616_t;GeneMark}
10369	10444	INTRON			{GeneMark_model.4616_t;GeneMark}
10445	10490	internal+	2	2	{Augustus_model.g3639.t1;Augustus},{GeneMark_model.4616_t;GeneMark}
10491	10557	INTRON			{Augustus_model.g3639.t1;Augustus},{GeneMark_model.4616_t;GeneMark}
10558	10605	internal+	3	2	{Augustus_model.g3639.t1;Augustus},{GeneMark_model.4616_t;GeneMark}
10606	10670	INTRON			{Augustus_model.g3639.t1;Augustus},{GeneMark_model.4616_t;GeneMark}
10671	10710	internal+	3	3	{Augustus_model.g3639.t1;Augustus},{GeneMark_model.4616_t;GeneMark},{GlimmerHMM_glimmerT_4328-T1;GlimmerHMM}
10711	10773	INTRON			{Augustus_model.g3639.t1;Augustus},{GeneMark_model.4616_t;GeneMark},{GlimmerHMM_glimmerT_4328-T1;GlimmerHMM}
10774	10798	internal+	1	1	{Augustus_model.g3639.t1;Augustus},{GeneMark_model.4616_t;GeneMark},{GlimmerHMM_glimmerT_4328-T1;GlimmerHMM}
10799	10866	INTRON			{Augustus_model.g3639.t1;Augustus},{GeneMark_model.4616_t;GeneMark},{GlimmerHMM_glimmerT_4328-T1;GlimmerHMM}
10867	10952	internal+	2	3	{Augustus_model.g3639.t1;Augustus},{GeneMark_model.4616_t;GeneMark},{GlimmerHMM_glimmerT_4328-T1;GlimmerHMM}
10953	11014	INTRON			{Augustus_model.g3639.t1;Augustus},{GeneMark_model.4616_t;GeneMark},{GlimmerHMM_glimmerT_4328-T1;GlimmerHMM}
11015	11031	internal+	1	2	{Augustus_model.g3639.t1;Augustus},{GeneMark_model.4616_t;GeneMark}
11032	11104	INTRON			{Augustus_model.g3639.t1;Augustus},{GeneMark_model.4616_t;GeneMark}
11105	11279	internal+	3	3	{Augustus_model.g3639.t1;Augustus},{GeneMark_model.4616_t;GeneMark}
11280	11360	INTRON			{GlimmerHMM_glimmerT_4329-T1;GlimmerHMM},{Augustus_model.g3639.t1;Augustus},{GeneMark_model.4616_t;GeneMark}
11361	11391	internal+	1	1	{GlimmerHMM_glimmerT_4329-T1;GlimmerHMM},{Augustus_model.g3639.t1;Augustus},{GeneMark_model.4616_t;GeneMark}
11392	11454	INTRON			{GlimmerHMM_glimmerT_4329-T1;GlimmerHMM},{Augustus_model.g3639.t1;Augustus},{GeneMark_model.4616_t;GeneMark}
11455	11498	terminal+	2	3	{GlimmerHMM_glimmerT_4329-T1;GlimmerHMM},{Augustus_model.g3639.t1;Augustus},{GeneMark_model.4616_t;GeneMark}

# EVM prediction: Mode:STANDARD S-ratio: 2.27 11739-12819 orient(-) score(2999.00) noncoding_equivalent(1323.96) raw_noncoding(1585.00) offset(261.04) 
12484	11739	terminal-	5	6	{Augustus_model.g3640.t1;Augustus},{GeneMark_model.4617_t;GeneMark},{GlimmerHMM_glimmerT_4330-T1;GlimmerHMM}
12552	12485	INTRON			{Augustus_model.g3640.t1;Augustus},{GeneMark_model.4617_t;GeneMark}
12666	12553	internal-	5	4	{Augustus_model.g3640.t1;Augustus},{GeneMark_model.4617_t;GeneMark}
12728	12667	INTRON			{Augustus_model.g3640.t1;Augustus},{GeneMark_model.4617_t;GeneMark}
12819	12729	initial-	4	4	{Augustus_model.g3640.t1;Augustus},{GeneMark_model.4617_t;GeneMark},{GlimmerHMM_glimmerT_4330-T1;GlimmerHMM}

# EVM prediction: Mode:STANDARD S-ratio: 7.27 12946-14371 orient(+) score(5186.00) noncoding_equivalent(713.78) raw_noncoding(751.00) offset(37.22) 
12946	13200	initial+	1	3	{Augustus_model.g3641.t1;Augustus},{GlimmerHMM_glimmerT_4331-T1;GlimmerHMM},{GeneMark_model.4618_t;GeneMark}
13201	13300	INTRON			{Augustus_model.g3641.t1;Augustus},{GlimmerHMM_glimmerT_4331-T1;GlimmerHMM},{GeneMark_model.4618_t;GeneMark}
13301	14371	terminal+	1	3	{GlimmerHMM_glimmerT_4331-T1;GlimmerHMM}

# EVM prediction: Mode:STANDARD S-ratio: 3.51 14628-16315 orient(-) score(8675.00) noncoding_equivalent(2471.63) raw_noncoding(3168.56) offset(696.93) 
15225	14628	terminal-	6	6	{GlimmerHMM_glimmerT_4332-T1;GlimmerHMM},{HiQ_model.g3642.t1;HiQ},{GeneMark_model.4619_t;GeneMark}
15288	15226	INTRON			{GlimmerHMM_glimmerT_4332-T1;GlimmerHMM},{HiQ_model.g3642.t1;HiQ},{GeneMark_model.4619_t;GeneMark},{ev_type:exonerate/ID=match.2566964.3760/Target=lcl|KQ954483_1_prot_KWU43965_1_3580;exonerate}
15456	15289	internal-	6	5	{GlimmerHMM_glimmerT_4332-T1;GlimmerHMM},{HiQ_model.g3642.t1;HiQ},{GeneMark_model.4619_t;GeneMark},{ev_type:exonerate/ID=match.2566964.3760/Target=lcl|KQ954483_1_prot_KWU43965_1_3580;exonerate}
15519	15457	INTRON			{GlimmerHMM_glimmerT_4332-T1;GlimmerHMM},{HiQ_model.g3642.t1;HiQ},{GeneMark_model.4619_t;GeneMark},{ev_type:exonerate/ID=match.2566964.3760/Target=lcl|KQ954483_1_prot_KWU43965_1_3580;exonerate}
15615	15520	internal-	6	5	{GlimmerHMM_glimmerT_4332-T1;GlimmerHMM},{HiQ_model.g3642.t1;HiQ},{GeneMark_model.4619_t;GeneMark},{ev_type:exonerate/ID=match.2566964.3760/Target=lcl|KQ954483_1_prot_KWU43965_1_3580;exonerate}
15679	15616	INTRON			{HiQ_model.g3642.t1;HiQ},{GeneMark_model.4619_t;GeneMark},{ev_type:exonerate/ID=match.2566964.3760/Target=lcl|KQ954483_1_prot_KWU43965_1_3580;exonerate}
15745	15680	internal-	6	5	{HiQ_model.g3642.t1;HiQ},{GeneMark_model.4619_t;GeneMark},{ev_type:exonerate/ID=match.2566964.3760/Target=lcl|KQ954483_1_prot_KWU43965_1_3580;exonerate}
15811	15746	INTRON			{HiQ_model.g3642.t1;HiQ},{GeneMark_model.4619_t;GeneMark},{ev_type:exonerate/ID=match.2566964.3760/Target=lcl|KQ954483_1_prot_KWU43965_1_3580;exonerate}
16121	15812	internal-	5	5	{GlimmerHMM_glimmerT_4332-T1;GlimmerHMM},{HiQ_model.g3642.t1;HiQ},{GeneMark_model.4619_t;GeneMark},{ev_type:exonerate/ID=match.2566964.3760/Target=lcl|KQ954483_1_prot_KWU43965_1_3580;exonerate}
16185	16122	INTRON			{GlimmerHMM_glimmerT_4332-T1;GlimmerHMM},{HiQ_model.g3642.t1;HiQ},{snap_scaffold_10-snap.287-T1;snap},{GeneMark_model.4619_t;GeneMark},{ev_type:exonerate/ID=match.2566964.3760/Target=lcl|KQ954483_1_prot_KWU43965_1_3580;exonerate}
16315	16186	initial-	4	4	{GlimmerHMM_glimmerT_4332-T1;GlimmerHMM},{HiQ_model.g3642.t1;HiQ},{GeneMark_model.4619_t;GeneMark}

# EVM prediction: Mode:STANDARD S-ratio: 15.39 17327-21787 orient(+) score(16982.00) noncoding_equivalent(1103.13) raw_noncoding(1224.00) offset(120.87) 
17327	18333	initial+	1	2	{Augustus_model.g3643.t1;Augustus},{GeneMark_model.4620_t;GeneMark},{GlimmerHMM_glimmerT_4333-T1;GlimmerHMM}
18334	18392	INTRON			{Augustus_model.g3643.t1;Augustus},{GeneMark_model.4620_t;GeneMark},{GlimmerHMM_glimmerT_4333-T1;GlimmerHMM}
18393	20446	internal+	3	1	{Augustus_model.g3643.t1;Augustus},{GeneMark_model.4620_t;GeneMark},{GlimmerHMM_glimmerT_4333-T1;GlimmerHMM}
20447	20513	INTRON			{Augustus_model.g3643.t1;Augustus},{GeneMark_model.4620_t;GeneMark},{GlimmerHMM_glimmerT_4333-T1;GlimmerHMM}
20514	20713	internal+	2	3	{Augustus_model.g3643.t1;Augustus},{GeneMark_model.4620_t;GeneMark}
20714	20773	INTRON			{Augustus_model.g3643.t1;Augustus},{GeneMark_model.4620_t;GeneMark}
20774	21787	terminal+	1	3	{Augustus_model.g3643.t1;Augustus},{GeneMark_model.4620_t;GeneMark}

# EVM prediction: Mode:STANDARD S-ratio: 6.20 22086-25259 orient(-) score(11262.00) noncoding_equivalent(1815.83) raw_noncoding(2477.00) offset(661.17) 
23950	22086	terminal-	5	6	{GeneMark_model.4621_t;GeneMark},{Augustus_model.g3644.t1;Augustus},{GlimmerHMM_glimmerT_4334-T1;GlimmerHMM}
24013	23951	INTRON			{GeneMark_model.4621_t;GeneMark},{Augustus_model.g3644.t1;Augustus},{GlimmerHMM_glimmerT_4334-T1;GlimmerHMM}
24392	24014	internal-	4	4	{GeneMark_model.4621_t;GeneMark},{Augustus_model.g3644.t1;Augustus},{GlimmerHMM_glimmerT_4334-T1;GlimmerHMM}
24457	24393	INTRON			{GeneMark_model.4621_t;GeneMark},{Augustus_model.g3644.t1;Augustus},{GlimmerHMM_glimmerT_4334-T1;GlimmerHMM}
24766	24458	internal-	4	6	{GeneMark_model.4621_t;GeneMark},{Augustus_model.g3644.t1;Augustus},{GlimmerHMM_glimmerT_4334-T1;GlimmerHMM}
24842	24767	INTRON			{GeneMark_model.4621_t;GeneMark},{Augustus_model.g3644.t1;Augustus},{GlimmerHMM_glimmerT_4334-T1;GlimmerHMM}
24941	24843	internal-	4	6	{GeneMark_model.4621_t;GeneMark},{GlimmerHMM_glimmerT_4334-T1;GlimmerHMM}
25196	24942	INTRON			{GeneMark_model.4621_t;GeneMark},{GlimmerHMM_glimmerT_4334-T1;GlimmerHMM}
25259	25197	initial-	4	6	{GeneMark_model.4621_t;GeneMark},{GlimmerHMM_glimmerT_4334-T1;GlimmerHMM}

# EVM prediction: Mode:STANDARD S-ratio: 4.58 25780-27237 orient(+) score(5145.00) noncoding_equivalent(1123.78) raw_noncoding(1361.14) offset(237.37) 
25780	25924	initial+	1	1	{GeneMark_model.4622_t;GeneMark},{GlimmerHMM_glimmerT_4335-T1;GlimmerHMM}
25925	26009	INTRON			{Augustus_model.g3645.t1;Augustus},{GeneMark_model.4622_t;GeneMark},{GlimmerHMM_glimmerT_4335-T1;GlimmerHMM}
26010	26087	internal+	2	1	{Augustus_model.g3645.t1;Augustus},{GeneMark_model.4622_t;GeneMark},{GlimmerHMM_glimmerT_4335-T1;GlimmerHMM}
26088	26154	INTRON			{Augustus_model.g3645.t1;Augustus},{GeneMark_model.4622_t;GeneMark},{GlimmerHMM_glimmerT_4335-T1;GlimmerHMM}
26155	26370	internal+	2	1	{Augustus_model.g3645.t1;Augustus},{GeneMark_model.4622_t;GeneMark},{GlimmerHMM_glimmerT_4335-T1;GlimmerHMM}
26371	26443	INTRON			{Augustus_model.g3645.t1;Augustus},{GeneMark_model.4622_t;GeneMark},{GlimmerHMM_glimmerT_4335-T1;GlimmerHMM}
26444	27237	terminal+	2	3	{Augustus_model.g3645.t1;Augustus},{GeneMark_model.4622_t;GeneMark},{GlimmerHMM_glimmerT_4335-T1;GlimmerHMM}

# EVM prediction: Mode:STANDARD S-ratio: 12.02 27616-30551 orient(-) score(11282.00) noncoding_equivalent(938.75) raw_noncoding(1139.00) offset(200.25) 
28353	27616	terminal-	4	6	{GlimmerHMM_glimmerT_4336-T1;GlimmerHMM},{snap_scaffold_10-snap.294-T1;snap},{GeneMark_model.4623_t;GeneMark},{Augustus_model.g3646.t1;Augustus}
28411	28354	INTRON			{GlimmerHMM_glimmerT_4336-T1;GlimmerHMM},{GeneMark_model.4623_t;GeneMark},{Augustus_model.g3646.t1;Augustus}
28437	28412	internal-	5	6	{GlimmerHMM_glimmerT_4336-T1;GlimmerHMM},{GeneMark_model.4623_t;GeneMark},{Augustus_model.g3646.t1;Augustus}
28501	28438	INTRON			{GlimmerHMM_glimmerT_4336-T1;GlimmerHMM},{GeneMark_model.4623_t;GeneMark},{Augustus_model.g3646.t1;Augustus}
28598	28502	internal-	4	4	{GlimmerHMM_glimmerT_4336-T1;GlimmerHMM},{GeneMark_model.4623_t;GeneMark},{Augustus_model.g3646.t1;Augustus}
28657	28599	INTRON			{GlimmerHMM_glimmerT_4336-T1;GlimmerHMM},{GeneMark_model.4623_t;GeneMark},{Augustus_model.g3646.t1;Augustus}
28800	28658	internal-	5	6	{GlimmerHMM_glimmerT_4336-T1;GlimmerHMM},{GeneMark_model.4623_t;GeneMark},{Augustus_model.g3646.t1;Augustus}
28867	28801	INTRON			{GlimmerHMM_glimmerT_4336-T1;GlimmerHMM},{GeneMark_model.4623_t;GeneMark},{Augustus_model.g3646.t1;Augustus}
30551	28868	initial-	4	4	{GeneMark_model.4623_t;GeneMark},{Augustus_model.g3646.t1;Augustus}

# EVM prediction: Mode:STANDARD S-ratio: 1.51 32298-33147 orient(+) score(2384.00) noncoding_equivalent(1574.92) raw_noncoding(2110.00) offset(535.08) 
32298	32339	initial+	1	3	{GeneMark_model.4624_t;GeneMark},{GlimmerHMM_glimmerT_4337-T1;GlimmerHMM},{Augustus_model.g3647.t1;Augustus}
32340	32448	INTRON			{GeneMark_model.4624_t;GeneMark},{GlimmerHMM_glimmerT_4337-T1;GlimmerHMM},{Augustus_model.g3647.t1;Augustus}
32449	32605	internal+	1	1	{GeneMark_model.4624_t;GeneMark},{GlimmerHMM_glimmerT_4337-T1;GlimmerHMM},{Augustus_model.g3647.t1;Augustus}
32606	32770	INTRON			{GeneMark_model.4624_t;GeneMark},{GlimmerHMM_glimmerT_4337-T1;GlimmerHMM},{Augustus_model.g3647.t1;Augustus}
32771	32855	internal+	2	2	{GeneMark_model.4624_t;GeneMark}
32856	32923	INTRON			{GeneMark_model.4624_t;GeneMark}
32924	33015	internal+	3	1	{GeneMark_model.4624_t;GeneMark}
33016	33094	INTRON			{GeneMark_model.4624_t;GeneMark},{GlimmerHMM_glimmerT_4337-T1;GlimmerHMM},{Augustus_model.g3647.t1;Augustus}
33095	33147	terminal+	2	3	{GeneMark_model.4624_t;GeneMark},{GlimmerHMM_glimmerT_4337-T1;GlimmerHMM},{Augustus_model.g3647.t1;Augustus}

# EVM prediction: Mode:STANDARD S-ratio: 1.76 33539-36043 orient(+) score(6508.00) noncoding_equivalent(3694.25) raw_noncoding(4740.00) offset(1045.75) 
33539	33587	initial+	1	1	{GlimmerHMM_glimmerT_4338-T1;GlimmerHMM},{GeneMark_model.4625_t;GeneMark},{Augustus_model.g3648.t1;Augustus}
33588	33657	INTRON			{GlimmerHMM_glimmerT_4338-T1;GlimmerHMM},{GeneMark_model.4625_t;GeneMark},{Augustus_model.g3648.t1;Augustus}
33658	34175	internal+	2	3	{GeneMark_model.4625_t;GeneMark},{Augustus_model.g3648.t1;Augustus}
34176	34237	INTRON			{GeneMark_model.4625_t;GeneMark},{Augustus_model.g3648.t1;Augustus}
34238	34301	internal+	1	1	{GeneMark_model.4625_t;GeneMark},{Augustus_model.g3648.t1;Augustus}
34302	34355	INTRON			{Augustus_model.g3648.t1;Augustus}
34356	34472	internal+	2	1	{Augustus_model.g3648.t1;Augustus}
34473	34533	INTRON			{Augustus_model.g3648.t1;Augustus}
34534	34879	internal+	2	2	{GlimmerHMM_glimmerT_4338-T1;GlimmerHMM},{GeneMark_model.4625_t;GeneMark},{Augustus_model.g3648.t1;Augustus}
34880	34945	INTRON			{GlimmerHMM_glimmerT_4338-T1;GlimmerHMM},{GeneMark_model.4625_t;GeneMark},{Augustus_model.g3648.t1;Augustus}
34946	35155	internal+	3	2	{Augustus_model.g3648.t1;Augustus}
35156	35211	INTRON			{Augustus_model.g3648.t1;Augustus}
35212	35513	internal+	3	1	{Augustus_model.g3648.t1;Augustus}
35514	35576	INTRON			{GlimmerHMM_glimmerT_4338-T1;GlimmerHMM},{GeneMark_model.4625_t;GeneMark},{Augustus_model.g3648.t1;Augustus}
35577	35809	internal+	2	3	{GlimmerHMM_glimmerT_4338-T1;GlimmerHMM},{GeneMark_model.4625_t;GeneMark},{Augustus_model.g3648.t1;Augustus}
35810	35876	INTRON			{GlimmerHMM_glimmerT_4338-T1;GlimmerHMM},{GeneMark_model.4625_t;GeneMark},{Augustus_model.g3648.t1;Augustus}
35877	35935	internal+	1	2	{GeneMark_model.4625_t;GeneMark},{Augustus_model.g3648.t1;Augustus}
35936	36015	INTRON			{GeneMark_model.4625_t;GeneMark},{Augustus_model.g3648.t1;Augustus}
36016	36043	terminal+	3	3	{GeneMark_model.4625_t;GeneMark},{Augustus_model.g3648.t1;Augustus}

# EVM prediction: Mode:STANDARD S-ratio: 2.71 36164-37302 orient(-) score(3417.00) noncoding_equivalent(1259.00) raw_noncoding(1325.00) offset(66.00) 
36574	36164	terminal-	4	6	{GeneMark_model.4626_t;GeneMark},{GlimmerHMM_glimmerT_4339-T1;GlimmerHMM},{Augustus_model.g3649.t1;Augustus}
36636	36575	INTRON			{GeneMark_model.4626_t;GeneMark},{GlimmerHMM_glimmerT_4339-T1;GlimmerHMM},{Augustus_model.g3649.t1;Augustus}
37302	36637	initial-	4	6	{GlimmerHMM_glimmerT_4339-T1;GlimmerHMM},{Augustus_model.g3649.t1;Augustus}

# EVM prediction: Mode:STANDARD S-ratio: 3.75 38435-39855 orient(-) score(8966.00) noncoding_equivalent(2393.33) raw_noncoding(2825.00) offset(431.67) 
38489	38435	terminal-	6	6	{GeneMark_model.4627_t;GeneMark},{HiQ_model.g3650.t1;HiQ},{GlimmerHMM_glimmerT_4340-T1;GlimmerHMM}
38552	38490	INTRON			{GeneMark_model.4627_t;GeneMark},{HiQ_model.g3650.t1;HiQ},{GlimmerHMM_glimmerT_4340-T1;GlimmerHMM},{ev_type:exonerate/ID=match.2566964.3734/Target=lcl|KQ954483_1_prot_KWU43980_1_3595;exonerate},{ev_type:exonerate/ID=match.2566964.3733/Target=lcl|PJQD01000013_1_prot_POY75599_1_683;exonerate}
38753	38553	internal-	6	5	{GeneMark_model.4627_t;GeneMark},{HiQ_model.g3650.t1;HiQ},{GlimmerHMM_glimmerT_4340-T1;GlimmerHMM},{ev_type:exonerate/ID=match.2566964.3734/Target=lcl|KQ954483_1_prot_KWU43980_1_3595;exonerate},{ev_type:exonerate/ID=match.2566964.3733/Target=lcl|PJQD01000013_1_prot_POY75599_1_683;exonerate}
38819	38754	INTRON			{GeneMark_model.4627_t;GeneMark},{HiQ_model.g3650.t1;HiQ},{GlimmerHMM_glimmerT_4340-T1;GlimmerHMM},{ev_type:exonerate/ID=match.2566964.3734/Target=lcl|KQ954483_1_prot_KWU43980_1_3595;exonerate},{ev_type:exonerate/ID=match.2566964.3733/Target=lcl|PJQD01000013_1_prot_POY75599_1_683;exonerate}
39193	38820	internal-	4	5	{GeneMark_model.4627_t;GeneMark},{HiQ_model.g3650.t1;HiQ},{GlimmerHMM_glimmerT_4340-T1;GlimmerHMM},{ev_type:exonerate/ID=match.2566964.3734/Target=lcl|KQ954483_1_prot_KWU43980_1_3595;exonerate},{ev_type:exonerate/ID=match.2566964.3733/Target=lcl|PJQD01000013_1_prot_POY75599_1_683;exonerate}
39267	39194	INTRON			{GeneMark_model.4627_t;GeneMark},{HiQ_model.g3650.t1;HiQ},{GlimmerHMM_glimmerT_4340-T1;GlimmerHMM},{ev_type:exonerate/ID=match.2566964.3734/Target=lcl|KQ954483_1_prot_KWU43980_1_3595;exonerate},{ev_type:exonerate/ID=match.2566964.3733/Target=lcl|PJQD01000013_1_prot_POY75599_1_683;exonerate}
39401	39268	internal-	5	6	{GeneMark_model.4627_t;GeneMark},{HiQ_model.g3650.t1;HiQ},{GlimmerHMM_glimmerT_4340-T1;GlimmerHMM},{ev_type:exonerate/ID=match.2566964.3734/Target=lcl|KQ954483_1_prot_KWU43980_1_3595;exonerate},{ev_type:exonerate/ID=match.2566964.3733/Target=lcl|PJQD01000013_1_prot_POY75599_1_683;exonerate}
39467	39402	INTRON			{GeneMark_model.4627_t;GeneMark},{HiQ_model.g3650.t1;HiQ},{GlimmerHMM_glimmerT_4340-T1;GlimmerHMM},{ev_type:exonerate/ID=match.2566964.3734/Target=lcl|KQ954483_1_prot_KWU43980_1_3595;exonerate},{ev_type:exonerate/ID=match.2566964.3733/Target=lcl|PJQD01000013_1_prot_POY75599_1_683;exonerate}
39855	39468	initial-	4	4	{GeneMark_model.4627_t;GeneMark},{HiQ_model.g3650.t1;HiQ},{GlimmerHMM_glimmerT_4340-T1;GlimmerHMM}

# EVM prediction: Mode:STANDARD S-ratio: 3.79 40104-44514 orient(-) score(14616.00) noncoding_equivalent(3852.65) raw_noncoding(5023.00) offset(1170.35) 
40328	40104	terminal-	4	6	{GlimmerHMM_glimmerT_4341-T1;GlimmerHMM},{Augustus_model.g3651.t1;Augustus},{GeneMark_model.4628_t;GeneMark}
40396	40329	INTRON			{GlimmerHMM_glimmerT_4341-T1;GlimmerHMM},{Augustus_model.g3651.t1;Augustus},{GeneMark_model.4628_t;GeneMark}
40578	40397	internal-	5	6	{GlimmerHMM_glimmerT_4341-T1;GlimmerHMM},{Augustus_model.g3651.t1;Augustus},{GeneMark_model.4628_t;GeneMark}
40635	40579	INTRON			{Augustus_model.g3651.t1;Augustus},{GeneMark_model.4628_t;GeneMark}
40707	40636	internal-	5	4	{Augustus_model.g3651.t1;Augustus},{GeneMark_model.4628_t;GeneMark}
40781	40708	INTRON			{Augustus_model.g3651.t1;Augustus},{GeneMark_model.4628_t;GeneMark}
40878	40782	internal-	4	4	{GlimmerHMM_glimmerT_4341-T1;GlimmerHMM},{Augustus_model.g3651.t1;Augustus},{GeneMark_model.4628_t;GeneMark}
40948	40879	INTRON			{GlimmerHMM_glimmerT_4341-T1;GlimmerHMM},{Augustus_model.g3651.t1;Augustus},{GeneMark_model.4628_t;GeneMark}
41018	40949	internal-	6	6	{GlimmerHMM_glimmerT_4341-T1;GlimmerHMM},{GeneMark_model.4628_t;GeneMark}
41089	41019	INTRON			{GlimmerHMM_glimmerT_4341-T1;GlimmerHMM},{GeneMark_model.4628_t;GeneMark}
42355	41090	internal-	6	5	{GlimmerHMM_glimmerT_4341-T1;GlimmerHMM},{Augustus_model.g3651.t1;Augustus},{GeneMark_model.4628_t;GeneMark}
42435	42356	INTRON			{GlimmerHMM_glimmerT_4341-T1;GlimmerHMM},{Augustus_model.g3651.t1;Augustus},{GeneMark_model.4628_t;GeneMark}
42716	42436	internal-	4	5	{GlimmerHMM_glimmerT_4341-T1;GlimmerHMM},{Augustus_model.g3651.t1;Augustus},{GeneMark_model.4628_t;GeneMark}
42787	42717	INTRON			{GlimmerHMM_glimmerT_4341-T1;GlimmerHMM},{Augustus_model.g3651.t1;Augustus},{GeneMark_model.4628_t;GeneMark}
43478	42788	internal-	6	6	{GlimmerHMM_glimmerT_4341-T1;GlimmerHMM},{Augustus_model.g3651.t1;Augustus},{GeneMark_model.4628_t;GeneMark}
43547	43479	INTRON			{GlimmerHMM_glimmerT_4341-T1;GlimmerHMM},{Augustus_model.g3651.t1;Augustus},{GeneMark_model.4628_t;GeneMark}
43726	43548	internal-	4	5	{Augustus_model.g3651.t1;Augustus},{GeneMark_model.4628_t;GeneMark}
43790	43727	INTRON			{Augustus_model.g3651.t1;Augustus},{GeneMark_model.4628_t;GeneMark}
43854	43791	internal-	6	6	{Augustus_model.g3651.t1;Augustus},{GeneMark_model.4628_t;GeneMark}
43913	43855	INTRON			{Augustus_model.g3651.t1;Augustus},{GeneMark_model.4628_t;GeneMark}
43957	43914	internal-	4	5	{Augustus_model.g3651.t1;Augustus},{GeneMark_model.4628_t;GeneMark}
44030	43958	INTRON			{Augustus_model.g3651.t1;Augustus},{GeneMark_model.4628_t;GeneMark}
44324	44031	internal-	4	6	{GlimmerHMM_glimmerT_4341-T1;GlimmerHMM},{Augustus_model.g3651.t1;Augustus},{GeneMark_model.4628_t;GeneMark}
44394	44325	INTRON			{GlimmerHMM_glimmerT_4341-T1;GlimmerHMM},{Augustus_model.g3651.t1;Augustus},{GeneMark_model.4628_t;GeneMark}
44514	44395	initial-	4	6	{GlimmerHMM_glimmerT_4341-T1;GlimmerHMM},{Augustus_model.g3651.t1;Augustus},{GeneMark_model.4628_t;GeneMark}

# EVM prediction: Mode:STANDARD S-ratio: 3.93 44947-47637 orient(+) score(11630.00) noncoding_equivalent(2959.00) raw_noncoding(3300.00) offset(341.00) 
44947	45365	initial+	1	2	{Augustus_model.g3652.t1;Augustus},{GeneMark_model.4629_t;GeneMark},{GlimmerHMM_glimmerT_4342-T1;GlimmerHMM}
45366	45428	INTRON			{Augustus_model.g3652.t1;Augustus},{GeneMark_model.4629_t;GeneMark},{GlimmerHMM_glimmerT_4342-T1;GlimmerHMM},{ev_type:exonerate/ID=match.2566964.3702/Target=lcl|PJQD01000013_1_prot_POY75601_1_685;exonerate}
45429	45885	internal+	3	3	{Augustus_model.g3652.t1;Augustus},{GeneMark_model.4629_t;GeneMark},{GlimmerHMM_glimmerT_4342-T1;GlimmerHMM},{ev_type:exonerate/ID=match.2566964.3702/Target=lcl|PJQD01000013_1_prot_POY75601_1_685;exonerate}
45886	45968	INTRON			{snap_scaffold_10-snap.299-T1;snap},{Augustus_model.g3652.t1;Augustus},{GeneMark_model.4629_t;GeneMark},{GlimmerHMM_glimmerT_4342-T1;GlimmerHMM},{ev_type:exonerate/ID=match.2566964.3702/Target=lcl|PJQD01000013_1_prot_POY75601_1_685;exonerate}
45969	46206	internal+	1	1	{Augustus_model.g3652.t1;Augustus},{GeneMark_model.4629_t;GeneMark},{GlimmerHMM_glimmerT_4342-T1;GlimmerHMM},{ev_type:exonerate/ID=match.2566964.3702/Target=lcl|PJQD01000013_1_prot_POY75601_1_685;exonerate}
46207	46293	INTRON			{Augustus_model.g3652.t1;Augustus},{GeneMark_model.4629_t;GeneMark},{GlimmerHMM_glimmerT_4342-T1;GlimmerHMM},{ev_type:exonerate/ID=match.2566964.3702/Target=lcl|PJQD01000013_1_prot_POY75601_1_685;exonerate}
46294	46388	internal+	2	3	{Augustus_model.g3652.t1;Augustus},{GeneMark_model.4629_t;GeneMark},{GlimmerHMM_glimmerT_4342-T1;GlimmerHMM},{ev_type:exonerate/ID=match.2566964.3702/Target=lcl|PJQD01000013_1_prot_POY75601_1_685;exonerate}
46389	46454	INTRON			{Augustus_model.g3652.t1;Augustus},{GeneMark_model.4629_t;GeneMark},{GlimmerHMM_glimmerT_4342-T1;GlimmerHMM},{ev_type:exonerate/ID=match.2566964.3702/Target=lcl|PJQD01000013_1_prot_POY75601_1_685;exonerate}
46455	46599	internal+	1	1	{Augustus_model.g3652.t1;Augustus},{GeneMark_model.4629_t;GeneMark},{GlimmerHMM_glimmerT_4342-T1;GlimmerHMM},{ev_type:exonerate/ID=match.2566964.3702/Target=lcl|PJQD01000013_1_prot_POY75601_1_685;exonerate}
46600	46668	INTRON			{Augustus_model.g3652.t1;Augustus},{GeneMark_model.4629_t;GeneMark},{GlimmerHMM_glimmerT_4342-T1;GlimmerHMM},{ev_type:exonerate/ID=match.2566964.3702/Target=lcl|PJQD01000013_1_prot_POY75601_1_685;exonerate}
46669	47210	internal+	2	3	{Augustus_model.g3652.t1;Augustus},{GeneMark_model.4629_t;GeneMark},{GlimmerHMM_glimmerT_4342-T1;GlimmerHMM},{ev_type:exonerate/ID=match.2566964.3702/Target=lcl|PJQD01000013_1_prot_POY75601_1_685;exonerate}
47211	47276	INTRON			{Augustus_model.g3652.t1;Augustus},{GeneMark_model.4629_t;GeneMark},{GlimmerHMM_glimmerT_4342-T1;GlimmerHMM},{ev_type:exonerate/ID=match.2566964.3702/Target=lcl|PJQD01000013_1_prot_POY75601_1_685;exonerate}
47277	47407	internal+	1	2	{Augustus_model.g3652.t1;Augustus},{GeneMark_model.4629_t;GeneMark},{GlimmerHMM_glimmerT_4342-T1;GlimmerHMM},{ev_type:exonerate/ID=match.2566964.3702/Target=lcl|PJQD01000013_1_prot_POY75601_1_685;exonerate}
47408	47480	INTRON			{Augustus_model.g3652.t1;Augustus},{GeneMark_model.4629_t;GeneMark},{GlimmerHMM_glimmerT_4342-T1;GlimmerHMM},{ev_type:exonerate/ID=match.2566964.3702/Target=lcl|PJQD01000013_1_prot_POY75601_1_685;exonerate}
47481	47637	terminal+	3	3	{Augustus_model.g3652.t1;Augustus},{GeneMark_model.4629_t;GeneMark},{GlimmerHMM_glimmerT_4342-T1;GlimmerHMM}

# EVM prediction: Mode:STANDARD S-ratio: 70.50 47918-49174 orient(-) score(4954.00) noncoding_equivalent(70.27) raw_noncoding(70.27) offset(0.00) 
49174	47918	single-	4	6	{GeneMark_model.4630_t;GeneMark},{Augustus_model.g3653.t1;Augustus}

# EVM prediction: Mode:STANDARD S-ratio: 3.38 50146-52322 orient(-) score(8327.00) noncoding_equivalent(2461.14) raw_noncoding(2809.26) offset(348.12) 
50234	50146	terminal-	5	6	{Augustus_model.g3654.t1;Augustus},{GeneMark_model.4631_t;GeneMark}
50295	50235	INTRON			{Augustus_model.g3654.t1;Augustus},{GeneMark_model.4631_t;GeneMark}
50399	50296	internal-	6	4	{Augustus_model.g3654.t1;Augustus},{GlimmerHMM_glimmerT_4343-T1;GlimmerHMM},{GeneMark_model.4631_t;GeneMark}
50469	50400	INTRON			{Augustus_model.g3654.t1;Augustus},{GlimmerHMM_glimmerT_4343-T1;GlimmerHMM},{GeneMark_model.4631_t;GeneMark}
50794	50470	internal-	5	5	{Augustus_model.g3654.t1;Augustus},{GlimmerHMM_glimmerT_4343-T1;GlimmerHMM},{GeneMark_model.4631_t;GeneMark}
50859	50795	INTRON			{Augustus_model.g3654.t1;Augustus},{GlimmerHMM_glimmerT_4343-T1;GlimmerHMM},{GeneMark_model.4631_t;GeneMark},{ev_type:exonerate/ID=match.2566964.3740/Target=lcl|KQ954483_1_prot_KWU43984_1_3599;exonerate}
50948	50860	internal-	6	4	{Augustus_model.g3654.t1;Augustus},{GlimmerHMM_glimmerT_4343-T1;GlimmerHMM},{GeneMark_model.4631_t;GeneMark},{ev_type:exonerate/ID=match.2566964.3740/Target=lcl|KQ954483_1_prot_KWU43984_1_3599;exonerate}
51012	50949	INTRON			{Augustus_model.g3654.t1;Augustus},{GlimmerHMM_glimmerT_4343-T1;GlimmerHMM},{GeneMark_model.4631_t;GeneMark},{ev_type:exonerate/ID=match.2566964.3740/Target=lcl|KQ954483_1_prot_KWU43984_1_3599;exonerate}
51116	51013	internal-	4	5	{Augustus_model.g3654.t1;Augustus},{GlimmerHMM_glimmerT_4343-T1;GlimmerHMM},{GeneMark_model.4631_t;GeneMark},{ev_type:exonerate/ID=match.2566964.3740/Target=lcl|KQ954483_1_prot_KWU43984_1_3599;exonerate}
51179	51117	INTRON			{Augustus_model.g3654.t1;Augustus},{GlimmerHMM_glimmerT_4343-T1;GlimmerHMM},{GeneMark_model.4631_t;GeneMark},{ev_type:exonerate/ID=match.2566964.3740/Target=lcl|KQ954483_1_prot_KWU43984_1_3599;exonerate}
51703	51180	internal-	5	6	{Augustus_model.g3654.t1;Augustus},{GlimmerHMM_glimmerT_4343-T1;GlimmerHMM},{GeneMark_model.4631_t;GeneMark},{ev_type:exonerate/ID=match.2566964.3740/Target=lcl|KQ954483_1_prot_KWU43984_1_3599;exonerate}
51766	51704	INTRON			{Augustus_model.g3654.t1;Augustus},{GlimmerHMM_glimmerT_4343-T1;GlimmerHMM},{GeneMark_model.4631_t;GeneMark},{ev_type:exonerate/ID=match.2566964.3740/Target=lcl|KQ954483_1_prot_KWU43984_1_3599;exonerate}
52322	51767	initial-	4	4	{GlimmerHMM_glimmerT_4343-T1;GlimmerHMM},{GeneMark_model.4631_t;GeneMark}

# EVM prediction: Mode:STANDARD S-ratio: 2.96 52827-54720 orient(-) score(11043.00) noncoding_equivalent(3730.00) raw_noncoding(4768.00) offset(1038.00) 
53002	52827	terminal-	5	6	{GlimmerHMM_glimmerT_4344-T1;GlimmerHMM},{GeneMark_model.4632_t;GeneMark},{HiQ_model.g3655.t1;HiQ}
53075	53003	INTRON			{GlimmerHMM_glimmerT_4344-T1;GlimmerHMM},{GeneMark_model.4632_t;GeneMark},{HiQ_model.g3655.t1;HiQ},{ev_type:exonerate/ID=match.2566964.344/Target=lcl|KQ954483_1_prot_KWU43985_1_3600;exonerate},{ev_type:exonerate/ID=match.2566964.345/Target=lcl|PJQD01000013_1_prot_POY75604_1_688;exonerate}
53725	53076	internal-	6	4	{GlimmerHMM_glimmerT_4344-T1;GlimmerHMM},{GeneMark_model.4632_t;GeneMark},{HiQ_model.g3655.t1;HiQ},{ev_type:exonerate/ID=match.2566964.344/Target=lcl|KQ954483_1_prot_KWU43985_1_3600;exonerate},{ev_type:exonerate/ID=match.2566964.345/Target=lcl|PJQD01000013_1_prot_POY75604_1_688;exonerate}
53786	53726	INTRON			{GlimmerHMM_glimmerT_4344-T1;GlimmerHMM},{GeneMark_model.4632_t;GeneMark},{HiQ_model.g3655.t1;HiQ},{ev_type:exonerate/ID=match.2566964.344/Target=lcl|KQ954483_1_prot_KWU43985_1_3600;exonerate},{ev_type:exonerate/ID=match.2566964.345/Target=lcl|PJQD01000013_1_prot_POY75604_1_688;exonerate}
53857	53787	internal-	4	5	{GeneMark_model.4632_t;GeneMark},{HiQ_model.g3655.t1;HiQ},{ev_type:exonerate/ID=match.2566964.344/Target=lcl|KQ954483_1_prot_KWU43985_1_3600;exonerate},{ev_type:exonerate/ID=match.2566964.345/Target=lcl|PJQD01000013_1_prot_POY75604_1_688;exonerate}
53917	53858	INTRON			{GeneMark_model.4632_t;GeneMark},{HiQ_model.g3655.t1;HiQ},{ev_type:exonerate/ID=match.2566964.344/Target=lcl|KQ954483_1_prot_KWU43985_1_3600;exonerate},{ev_type:exonerate/ID=match.2566964.345/Target=lcl|PJQD01000013_1_prot_POY75604_1_688;exonerate}
53973	53918	internal-	5	6	{GeneMark_model.4632_t;GeneMark},{HiQ_model.g3655.t1;HiQ},{ev_type:exonerate/ID=match.2566964.344/Target=lcl|KQ954483_1_prot_KWU43985_1_3600;exonerate},{ev_type:exonerate/ID=match.2566964.345/Target=lcl|PJQD01000013_1_prot_POY75604_1_688;exonerate}
54041	53974	INTRON			{GlimmerHMM_glimmerT_4344-T1;GlimmerHMM},{GeneMark_model.4632_t;GeneMark},{HiQ_model.g3655.t1;HiQ},{ev_type:exonerate/ID=match.2566964.344/Target=lcl|KQ954483_1_prot_KWU43985_1_3600;exonerate},{ev_type:exonerate/ID=match.2566964.345/Target=lcl|PJQD01000013_1_prot_POY75604_1_688;exonerate}
54302	54042	internal-	5	4	{GlimmerHMM_glimmerT_4344-T1;GlimmerHMM},{GeneMark_model.4632_t;GeneMark},{HiQ_model.g3655.t1;HiQ},{ev_type:exonerate/ID=match.2566964.344/Target=lcl|KQ954483_1_prot_KWU43985_1_3600;exonerate},{ev_type:exonerate/ID=match.2566964.345/Target=lcl|PJQD01000013_1_prot_POY75604_1_688;exonerate}
54378	54303	INTRON			{GlimmerHMM_glimmerT_4344-T1;GlimmerHMM},{GeneMark_model.4632_t;GeneMark},{HiQ_model.g3655.t1;HiQ},{ev_type:exonerate/ID=match.2566964.344/Target=lcl|KQ954483_1_prot_KWU43985_1_3600;exonerate},{ev_type:exonerate/ID=match.2566964.345/Target=lcl|PJQD01000013_1_prot_POY75604_1_688;exonerate}
54510	54379	internal-	5	4	{GlimmerHMM_glimmerT_4344-T1;GlimmerHMM},{GeneMark_model.4632_t;GeneMark},{HiQ_model.g3655.t1;HiQ},{ev_type:exonerate/ID=match.2566964.345/Target=lcl|PJQD01000013_1_prot_POY75604_1_688;exonerate}
54692	54511	INTRON			{GlimmerHMM_glimmerT_4344-T1;GlimmerHMM},{GeneMark_model.4632_t;GeneMark},{HiQ_model.g3655.t1;HiQ},{ev_type:exonerate/ID=match.2566964.345/Target=lcl|PJQD01000013_1_prot_POY75604_1_688;exonerate}
54720	54693	initial-	4	4	{GlimmerHMM_glimmerT_4344-T1;GlimmerHMM},{GeneMark_model.4632_t;GeneMark},{HiQ_model.g3655.t1;HiQ}

# EVM prediction: Mode:STANDARD S-ratio: 3.02 54888-57047 orient(+) score(6311.00) noncoding_equivalent(2087.23) raw_noncoding(2619.00) offset(531.77) 
54888	54966	initial+	1	1	{Augustus_model.g3656.t1;Augustus},{GeneMark_model.4633_t;GeneMark}
54967	55034	INTRON			{Augustus_model.g3656.t1;Augustus},{GeneMark_model.4633_t;GeneMark}
55035	55050	internal+	2	2	{Augustus_model.g3656.t1;Augustus}
55051	55104	INTRON			{Augustus_model.g3656.t1;Augustus}
55105	55332	internal+	3	2	{Augustus_model.g3656.t1;Augustus}
55333	55398	INTRON			{Augustus_model.g3656.t1;Augustus}
55399	55573	internal+	3	3	{Augustus_model.g3656.t1;Augustus}
55574	55640	INTRON			{Augustus_model.g3656.t1;Augustus},{GeneMark_model.4633_t;GeneMark}
55641	56336	internal+	1	3	{Augustus_model.g3656.t1;Augustus},{GlimmerHMM_glimmerT_4345-T1;GlimmerHMM},{GeneMark_model.4633_t;GeneMark}
56337	56399	INTRON			{Augustus_model.g3656.t1;Augustus},{GeneMark_model.4633_t;GeneMark}
56400	57047	terminal+	1	3	{Augustus_model.g3656.t1;Augustus},{GeneMark_model.4633_t;GeneMark}

# EVM prediction: Mode:STANDARD S-ratio: 1.81 57111-58454 orient(-) score(3888.00) noncoding_equivalent(2152.00) raw_noncoding(2514.00) offset(362.00) 
57223	57111	terminal-	5	6	{Augustus_model.g3657.t1;Augustus},{GlimmerHMM_glimmerT_4346-T1;GlimmerHMM},{GeneMark_model.4634_t;GeneMark}
57290	57224	INTRON			{Augustus_model.g3657.t1;Augustus},{GlimmerHMM_glimmerT_4346-T1;GlimmerHMM},{GeneMark_model.4634_t;GeneMark}
57414	57291	internal-	4	4	{Augustus_model.g3657.t1;Augustus},{GlimmerHMM_glimmerT_4346-T1;GlimmerHMM},{GeneMark_model.4634_t;GeneMark}
57479	57415	INTRON			{Augustus_model.g3657.t1;Augustus},{GlimmerHMM_glimmerT_4346-T1;GlimmerHMM},{GeneMark_model.4634_t;GeneMark}
57800	57480	internal-	4	6	{Augustus_model.g3657.t1;Augustus},{GlimmerHMM_glimmerT_4346-T1;GlimmerHMM},{GeneMark_model.4634_t;GeneMark}
57875	57801	INTRON			{Augustus_model.g3657.t1;Augustus},{GlimmerHMM_glimmerT_4346-T1;GlimmerHMM},{GeneMark_model.4634_t;GeneMark}
58071	57876	internal-	6	6	{Augustus_model.g3657.t1;Augustus},{GlimmerHMM_glimmerT_4346-T1;GlimmerHMM},{GeneMark_model.4634_t;GeneMark}
58136	58072	INTRON			{Augustus_model.g3657.t1;Augustus},{GlimmerHMM_glimmerT_4346-T1;GlimmerHMM},{GeneMark_model.4634_t;GeneMark}
58224	58137	internal-	5	5	{Augustus_model.g3657.t1;Augustus},{GlimmerHMM_glimmerT_4346-T1;GlimmerHMM},{GeneMark_model.4634_t;GeneMark}
58294	58225	INTRON			{Augustus_model.g3657.t1;Augustus},{GlimmerHMM_glimmerT_4346-T1;GlimmerHMM},{GeneMark_model.4634_t;GeneMark}
58454	58295	initial-	4	4	{GlimmerHMM_glimmerT_4346-T1;GlimmerHMM},{GeneMark_model.4634_t;GeneMark}

# EVM prediction: Mode:STANDARD S-ratio: 2.13 58610-59977 orient(+) score(3808.00) noncoding_equivalent(1786.65) raw_noncoding(2499.00) offset(712.35) 
58610	58700	initial+	1	1	{GeneMark_model.4635_t;GeneMark},{GlimmerHMM_glimmerT_4347-T1;GlimmerHMM},{Augustus_model.g3658.t1;Augustus}
58701	58766	INTRON			{GeneMark_model.4635_t;GeneMark},{GlimmerHMM_glimmerT_4347-T1;GlimmerHMM}
58767	58876	internal+	2	3	{GlimmerHMM_glimmerT_4347-T1;GlimmerHMM}
58877	58992	INTRON			{Augustus_model.g3658.t1;Augustus}
58993	59094	internal+	1	3	{GeneMark_model.4635_t;GeneMark},{Augustus_model.g3658.t1;Augustus}
59095	59160	INTRON			{GeneMark_model.4635_t;GeneMark},{Augustus_model.g3658.t1;Augustus}
59161	59366	internal+	1	2	{GeneMark_model.4635_t;GeneMark},{GlimmerHMM_glimmerT_4347-T1;GlimmerHMM},{Augustus_model.g3658.t1;Augustus}
59367	59427	INTRON			{GeneMark_model.4635_t;GeneMark},{GlimmerHMM_glimmerT_4347-T1;GlimmerHMM},{Augustus_model.g3658.t1;Augustus}
59428	59630	internal+	3	1	{GeneMark_model.4635_t;GeneMark},{GlimmerHMM_glimmerT_4347-T1;GlimmerHMM},{Augustus_model.g3658.t1;Augustus}
59631	59692	INTRON			{GeneMark_model.4635_t;GeneMark},{GlimmerHMM_glimmerT_4347-T1;GlimmerHMM},{Augustus_model.g3658.t1;Augustus}
59693	59712	internal+	2	3	{GeneMark_model.4635_t;GeneMark},{GlimmerHMM_glimmerT_4347-T1;GlimmerHMM},{Augustus_model.g3658.t1;Augustus}
59713	59773	INTRON			{GeneMark_model.4635_t;GeneMark},{GlimmerHMM_glimmerT_4347-T1;GlimmerHMM},{Augustus_model.g3658.t1;Augustus}
59774	59977	terminal+	1	3	{GeneMark_model.4635_t;GeneMark},{GlimmerHMM_glimmerT_4347-T1;GlimmerHMM},{Augustus_model.g3658.t1;Augustus}

# EVM prediction: Mode:STANDARD S-ratio: 2.70 60962-63120 orient(+) score(6571.00) noncoding_equivalent(2435.48) raw_noncoding(2936.00) offset(500.52) 
60962	61000	initial+	1	3	{Augustus_model.g3659.t1;Augustus}
61001	61061	INTRON			{GlimmerHMM_glimmerT_4348-T1;GlimmerHMM},{Augustus_model.g3659.t1;Augustus},{GeneMark_model.4636_t;GeneMark}
61062	61340	internal+	1	3	{GlimmerHMM_glimmerT_4348-T1;GlimmerHMM},{Augustus_model.g3659.t1;Augustus},{GeneMark_model.4636_t;GeneMark}
61341	61402	INTRON			{GlimmerHMM_glimmerT_4348-T1;GlimmerHMM},{Augustus_model.g3659.t1;Augustus},{GeneMark_model.4636_t;GeneMark}
61403	62266	internal+	1	3	{GlimmerHMM_glimmerT_4348-T1;GlimmerHMM},{Augustus_model.g3659.t1;Augustus},{GeneMark_model.4636_t;GeneMark}
62267	62336	INTRON			{GlimmerHMM_glimmerT_4348-T1;GlimmerHMM},{Augustus_model.g3659.t1;Augustus},{GeneMark_model.4636_t;GeneMark}
62337	62612	internal+	1	3	{GlimmerHMM_glimmerT_4348-T1;GlimmerHMM},{Augustus_model.g3659.t1;Augustus},{GeneMark_model.4636_t;GeneMark}
62613	62682	INTRON			{Augustus_model.g3659.t1;Augustus},{GeneMark_model.4636_t;GeneMark}
62683	62745	internal+	1	3	{Augustus_model.g3659.t1;Augustus},{GeneMark_model.4636_t;GeneMark}
62746	62823	INTRON			{Augustus_model.g3659.t1;Augustus},{GeneMark_model.4636_t;GeneMark}
62824	63120	terminal+	1	3	{GlimmerHMM_glimmerT_4348-T1;GlimmerHMM},{snap_scaffold_10-snap.306-T1;snap},{Augustus_model.g3659.t1;Augustus},{GeneMark_model.4636_t;GeneMark}

# EVM prediction: Mode:STANDARD S-ratio: 3.59 63434-64785 orient(-) score(6779.00) noncoding_equivalent(1885.85) raw_noncoding(2282.00) offset(396.15) 
63581	63434	terminal-	6	6	{Augustus_model.g3660.t1;Augustus},{GeneMark_model.4637_t;GeneMark},{GlimmerHMM_glimmerT_4349-T1;GlimmerHMM}
63652	63582	INTRON			{Augustus_model.g3660.t1;Augustus},{GeneMark_model.4637_t;GeneMark},{GlimmerHMM_glimmerT_4349-T1;GlimmerHMM},{ev_type:exonerate/ID=match.2566964.3780/Target=lcl|PJQD01000013_1_prot_POY75610_1_694;exonerate},{ev_type:exonerate/ID=match.2566964.3781/Target=lcl|KQ954483_1_prot_KWU43991_1_3606;exonerate}
63764	63653	internal-	5	5	{Augustus_model.g3660.t1;Augustus},{GeneMark_model.4637_t;GeneMark},{GlimmerHMM_glimmerT_4349-T1;GlimmerHMM},{ev_type:exonerate/ID=match.2566964.3780/Target=lcl|PJQD01000013_1_prot_POY75610_1_694;exonerate},{ev_type:exonerate/ID=match.2566964.3781/Target=lcl|KQ954483_1_prot_KWU43991_1_3606;exonerate}
63846	63765	INTRON			{Augustus_model.g3660.t1;Augustus},{GeneMark_model.4637_t;GeneMark},{GlimmerHMM_glimmerT_4349-T1;GlimmerHMM},{ev_type:exonerate/ID=match.2566964.3780/Target=lcl|PJQD01000013_1_prot_POY75610_1_694;exonerate},{ev_type:exonerate/ID=match.2566964.3781/Target=lcl|KQ954483_1_prot_KWU43991_1_3606;exonerate}
63994	63847	internal-	4	4	{Augustus_model.g3660.t1;Augustus},{GeneMark_model.4637_t;GeneMark},{GlimmerHMM_glimmerT_4349-T1;GlimmerHMM},{ev_type:exonerate/ID=match.2566964.3780/Target=lcl|PJQD01000013_1_prot_POY75610_1_694;exonerate},{ev_type:exonerate/ID=match.2566964.3781/Target=lcl|KQ954483_1_prot_KWU43991_1_3606;exonerate}
64060	63995	INTRON			{Augustus_model.g3660.t1;Augustus},{GeneMark_model.4637_t;GeneMark},{GlimmerHMM_glimmerT_4349-T1;GlimmerHMM},{ev_type:exonerate/ID=match.2566964.3780/Target=lcl|PJQD01000013_1_prot_POY75610_1_694;exonerate},{ev_type:exonerate/ID=match.2566964.3781/Target=lcl|KQ954483_1_prot_KWU43991_1_3606;exonerate}
64171	64061	internal-	4	6	{Augustus_model.g3660.t1;Augustus},{GeneMark_model.4637_t;GeneMark},{GlimmerHMM_glimmerT_4349-T1;GlimmerHMM},{ev_type:exonerate/ID=match.2566964.3780/Target=lcl|PJQD01000013_1_prot_POY75610_1_694;exonerate},{ev_type:exonerate/ID=match.2566964.3781/Target=lcl|KQ954483_1_prot_KWU43991_1_3606;exonerate}
64248	64172	INTRON			{Augustus_model.g3660.t1;Augustus},{GeneMark_model.4637_t;GeneMark},{GlimmerHMM_glimmerT_4349-T1;GlimmerHMM},{ev_type:exonerate/ID=match.2566964.3780/Target=lcl|PJQD01000013_1_prot_POY75610_1_694;exonerate},{ev_type:exonerate/ID=match.2566964.3781/Target=lcl|KQ954483_1_prot_KWU43991_1_3606;exonerate}
64327	64249	internal-	6	6	{Augustus_model.g3660.t1;Augustus},{GeneMark_model.4637_t;GeneMark},{ev_type:exonerate/ID=match.2566964.3780/Target=lcl|PJQD01000013_1_prot_POY75610_1_694;exonerate},{ev_type:exonerate/ID=match.2566964.3781/Target=lcl|KQ954483_1_prot_KWU43991_1_3606;exonerate}
64387	64328	INTRON			{Augustus_model.g3660.t1;Augustus},{GeneMark_model.4637_t;GeneMark},{ev_type:exonerate/ID=match.2566964.3780/Target=lcl|PJQD01000013_1_prot_POY75610_1_694;exonerate},{ev_type:exonerate/ID=match.2566964.3781/Target=lcl|KQ954483_1_prot_KWU43991_1_3606;exonerate}
64468	64388	internal-	6	5	{Augustus_model.g3660.t1;Augustus},{GeneMark_model.4637_t;GeneMark},{ev_type:exonerate/ID=match.2566964.3781/Target=lcl|KQ954483_1_prot_KWU43991_1_3606;exonerate}
64531	64469	INTRON			{Augustus_model.g3660.t1;Augustus},{GeneMark_model.4637_t;GeneMark},{GlimmerHMM_glimmerT_4349-T1;GlimmerHMM},{ev_type:exonerate/ID=match.2566964.3781/Target=lcl|KQ954483_1_prot_KWU43991_1_3606;exonerate}
64547	64532	internal-	5	5	{Augustus_model.g3660.t1;Augustus},{GeneMark_model.4637_t;GeneMark},{GlimmerHMM_glimmerT_4349-T1;GlimmerHMM},{ev_type:exonerate/ID=match.2566964.3781/Target=lcl|KQ954483_1_prot_KWU43991_1_3606;exonerate}
64631	64548	INTRON			{Augustus_model.g3660.t1;Augustus},{GeneMark_model.4637_t;GeneMark},{GlimmerHMM_glimmerT_4349-T1;GlimmerHMM},{ev_type:exonerate/ID=match.2566964.3781/Target=lcl|KQ954483_1_prot_KWU43991_1_3606;exonerate}
64690	64632	internal-	6	4	{Augustus_model.g3660.t1;Augustus},{GeneMark_model.4637_t;GeneMark},{GlimmerHMM_glimmerT_4349-T1;GlimmerHMM}
64765	64691	INTRON			{Augustus_model.g3660.t1;Augustus},{GeneMark_model.4637_t;GeneMark},{GlimmerHMM_glimmerT_4349-T1;GlimmerHMM}
64785	64766	initial-	4	5	{Augustus_model.g3660.t1;Augustus},{GeneMark_model.4637_t;GeneMark},{GlimmerHMM_glimmerT_4349-T1;GlimmerHMM}

# EVM prediction: Mode:STANDARD S-ratio: 1.91 65109-66785 orient(+) score(5074.00) noncoding_equivalent(2650.12) raw_noncoding(3362.21) offset(712.09) 
65109	65114	initial+	1	3	{snap_scaffold_10-snap.308-T1;snap},{Augustus_model.g3661.t1;Augustus}
65115	65254	INTRON			{snap_scaffold_10-snap.308-T1;snap},{Augustus_model.g3661.t1;Augustus}
65255	65443	internal+	1	3	{GeneMark_model.4638_t;GeneMark},{GlimmerHMM_glimmerT_4350-T1;GlimmerHMM},{Augustus_model.g3661.t1;Augustus}
65444	65506	INTRON			{GeneMark_model.4638_t;GeneMark},{GlimmerHMM_glimmerT_4350-T1;GlimmerHMM},{Augustus_model.g3661.t1;Augustus}
65507	65580	internal+	1	2	{GeneMark_model.4638_t;GeneMark},{GlimmerHMM_glimmerT_4350-T1;GlimmerHMM},{Augustus_model.g3661.t1;Augustus}
65581	65741	INTRON			{GeneMark_model.4638_t;GeneMark},{GlimmerHMM_glimmerT_4350-T1;GlimmerHMM},{Augustus_model.g3661.t1;Augustus}
65742	65945	internal+	3	2	{GeneMark_model.4638_t;GeneMark},{GlimmerHMM_glimmerT_4350-T1;GlimmerHMM},{Augustus_model.g3661.t1;Augustus}
65946	66028	INTRON			{GeneMark_model.4638_t;GeneMark},{GlimmerHMM_glimmerT_4350-T1;GlimmerHMM},{Augustus_model.g3661.t1;Augustus}
66029	66236	internal+	3	3	{GeneMark_model.4638_t;GeneMark},{GlimmerHMM_glimmerT_4350-T1;GlimmerHMM},{Augustus_model.g3661.t1;Augustus}
66237	66307	INTRON			{GeneMark_model.4638_t;GeneMark},{GlimmerHMM_glimmerT_4350-T1;GlimmerHMM},{Augustus_model.g3661.t1;Augustus}
66308	66424	internal+	1	3	{GeneMark_model.4638_t;GeneMark},{GlimmerHMM_glimmerT_4350-T1;GlimmerHMM},{Augustus_model.g3661.t1;Augustus}
66425	66498	INTRON			{GeneMark_model.4638_t;GeneMark},{GlimmerHMM_glimmerT_4350-T1;GlimmerHMM},{Augustus_model.g3661.t1;Augustus}
66499	66565	internal+	1	1	{GeneMark_model.4638_t;GeneMark},{GlimmerHMM_glimmerT_4350-T1;GlimmerHMM},{Augustus_model.g3661.t1;Augustus}
66566	66636	INTRON			{GeneMark_model.4638_t;GeneMark},{GlimmerHMM_glimmerT_4350-T1;GlimmerHMM},{Augustus_model.g3661.t1;Augustus}
66637	66785	terminal+	2	3	{GeneMark_model.4638_t;GeneMark},{GlimmerHMM_glimmerT_4350-T1;GlimmerHMM},{Augustus_model.g3661.t1;Augustus}

# EVM prediction: Mode:STANDARD S-ratio: 4.44 67100-68487 orient(-) score(4752.00) noncoding_equivalent(1071.25) raw_noncoding(1220.00) offset(148.75) 
67681	67100	terminal-	4	6	{snap_scaffold_10-snap.309-T1;snap},{GlimmerHMM_glimmerT_4351-T1;GlimmerHMM},{GeneMark_model.4639_t;GeneMark},{Augustus_model.g3662.t1;Augustus}
67751	67682	INTRON			{GlimmerHMM_glimmerT_4351-T1;GlimmerHMM},{GeneMark_model.4639_t;GeneMark},{Augustus_model.g3662.t1;Augustus}
67961	67752	internal-	4	6	{GlimmerHMM_glimmerT_4351-T1;GlimmerHMM},{GeneMark_model.4639_t;GeneMark},{Augustus_model.g3662.t1;Augustus}
68031	67962	INTRON			{GlimmerHMM_glimmerT_4351-T1;GlimmerHMM},{GeneMark_model.4639_t;GeneMark},{Augustus_model.g3662.t1;Augustus}
68487	68032	initial-	4	6	{GlimmerHMM_glimmerT_4351-T1;GlimmerHMM},{GeneMark_model.4639_t;GeneMark},{Augustus_model.g3662.t1;Augustus}

# EVM prediction: Mode:STANDARD S-ratio: 10000.00 68939-69658 orient(-) score(2880.00) noncoding_equivalent(0.29) raw_noncoding(0.00) offset(0.00) 
69658	68939	single-	4	6	{GeneMark_model.4640_t;GeneMark},{Augustus_model.g3663.t1;Augustus},{GlimmerHMM_glimmerT_4352-T1;GlimmerHMM}

# EVM prediction: Mode:STANDARD S-ratio: 2.70 70759-71346 orient(-) score(2068.00) noncoding_equivalent(765.43) raw_noncoding(861.00) offset(95.57) 
70965	70759	terminal-	4	6	{GeneMark_model.4641_t;GeneMark},{Augustus_model.g3664.t1;Augustus},{snap_scaffold_10-snap.311-T1;snap},{GlimmerHMM_glimmerT_4353-T1;GlimmerHMM}
71047	70966	INTRON			{GeneMark_model.4641_t;GeneMark},{Augustus_model.g3664.t1;Augustus},{snap_scaffold_10-snap.311-T1;snap},{GlimmerHMM_glimmerT_4353-T1;GlimmerHMM}
71209	71048	internal-	4	6	{GeneMark_model.4641_t;GeneMark},{Augustus_model.g3664.t1;Augustus},{GlimmerHMM_glimmerT_4353-T1;GlimmerHMM}
71292	71210	INTRON			{GeneMark_model.4641_t;GeneMark},{Augustus_model.g3664.t1;Augustus},{GlimmerHMM_glimmerT_4353-T1;GlimmerHMM}
71346	71293	initial-	4	6	{GeneMark_model.4641_t;GeneMark},{Augustus_model.g3664.t1;Augustus},{GlimmerHMM_glimmerT_4353-T1;GlimmerHMM}

# EVM prediction: Mode:STANDARD S-ratio: 1.98 71573-73942 orient(-) score(7019.00) noncoding_equivalent(3551.61) raw_noncoding(4266.00) offset(714.39) 
71733	71573	terminal-	5	6	{GeneMark_model.4642_t;GeneMark},{GlimmerHMM_glimmerT_4354-T1;GlimmerHMM},{Augustus_model.g3665.t1;Augustus}
71804	71734	INTRON			{GeneMark_model.4642_t;GeneMark},{GlimmerHMM_glimmerT_4354-T1;GlimmerHMM},{Augustus_model.g3665.t1;Augustus}
71868	71805	internal-	4	4	{GlimmerHMM_glimmerT_4354-T1;GlimmerHMM},{Augustus_model.g3665.t1;Augustus}
71939	71869	INTRON			{GlimmerHMM_glimmerT_4354-T1;GlimmerHMM},{Augustus_model.g3665.t1;Augustus}
72215	71940	internal-	4	6	{GlimmerHMM_glimmerT_4354-T1;GlimmerHMM},{Augustus_model.g3665.t1;Augustus}
72286	72216	INTRON			{GeneMark_model.4642_t;GeneMark},{GlimmerHMM_glimmerT_4354-T1;GlimmerHMM},{Augustus_model.g3665.t1;Augustus}
72456	72287	internal-	5	6	{GeneMark_model.4642_t;GeneMark},{GlimmerHMM_glimmerT_4354-T1;GlimmerHMM},{Augustus_model.g3665.t1;Augustus}
72525	72457	INTRON			{GeneMark_model.4642_t;GeneMark},{GlimmerHMM_glimmerT_4354-T1;GlimmerHMM},{Augustus_model.g3665.t1;Augustus}
72667	72526	internal-	4	4	{GeneMark_model.4642_t;GeneMark},{GlimmerHMM_glimmerT_4354-T1;GlimmerHMM},{Augustus_model.g3665.t1;Augustus}
72759	72668	INTRON			{GeneMark_model.4642_t;GeneMark},{GlimmerHMM_glimmerT_4354-T1;GlimmerHMM},{Augustus_model.g3665.t1;Augustus}
73163	72760	internal-	5	6	{GeneMark_model.4642_t;GeneMark},{GlimmerHMM_glimmerT_4354-T1;GlimmerHMM},{Augustus_model.g3665.t1;Augustus}
73225	73164	INTRON			{GeneMark_model.4642_t;GeneMark},{GlimmerHMM_glimmerT_4354-T1;GlimmerHMM},{Augustus_model.g3665.t1;Augustus}
73383	73226	internal-	6	4	{GeneMark_model.4642_t;GeneMark},{GlimmerHMM_glimmerT_4354-T1;GlimmerHMM},{Augustus_model.g3665.t1;Augustus}
73449	73384	INTRON			{GeneMark_model.4642_t;GeneMark},{GlimmerHMM_glimmerT_4354-T1;GlimmerHMM},{Augustus_model.g3665.t1;Augustus}
73527	73450	internal-	6	5	{GeneMark_model.4642_t;GeneMark},{GlimmerHMM_glimmerT_4354-T1;GlimmerHMM},{Augustus_model.g3665.t1;Augustus}
73592	73528	INTRON			{GeneMark_model.4642_t;GeneMark},{GlimmerHMM_glimmerT_4354-T1;GlimmerHMM},{Augustus_model.g3665.t1;Augustus}
73711	73593	internal-	4	5	{GeneMark_model.4642_t;GeneMark},{GlimmerHMM_glimmerT_4354-T1;GlimmerHMM},{Augustus_model.g3665.t1;Augustus}
73777	73712	INTRON			{GeneMark_model.4642_t;GeneMark},{GlimmerHMM_glimmerT_4354-T1;GlimmerHMM},{Augustus_model.g3665.t1;Augustus}
73942	73778	initial-	4	6	{GeneMark_model.4642_t;GeneMark},{GlimmerHMM_glimmerT_4354-T1;GlimmerHMM},{Augustus_model.g3665.t1;Augustus}

