!! Predictions spanning range 1523 - 48486 [R1]
# EVM prediction: Mode:STANDARD S-ratio: 1.87 1523-4070 orient(+) score(7167.00) noncoding_equivalent(3823.88) raw_noncoding(4807.00) offset(983.12) 
1523	1622	initial+	1	1	{GeneMark_model.6123_t;GeneMark},{Augustus_model.g4741.t1;Augustus},{GlimmerHMM_glimmerT_5706-T1;GlimmerHMM}
1623	1689	INTRON			{GeneMark_model.6123_t;GeneMark},{Augustus_model.g4741.t1;Augustus},{GlimmerHMM_glimmerT_5706-T1;GlimmerHMM}
1690	1929	internal+	2	1	{GeneMark_model.6123_t;GeneMark},{Augustus_model.g4741.t1;Augustus},{GlimmerHMM_glimmerT_5706-T1;GlimmerHMM}
1930	1997	INTRON			{GeneMark_model.6123_t;GeneMark},{Augustus_model.g4741.t1;Augustus}
1998	2023	internal+	2	3	{GeneMark_model.6123_t;GeneMark},{Augustus_model.g4741.t1;Augustus}
2024	2133	INTRON			{GeneMark_model.6123_t;GeneMark},{Augustus_model.g4741.t1;Augustus}
2134	2311	internal+	1	1	{GeneMark_model.6123_t;GeneMark},{Augustus_model.g4741.t1;Augustus}
2312	2406	INTRON			{GeneMark_model.6123_t;GeneMark},{Augustus_model.g4741.t1;Augustus}
2407	2537	internal+	2	3	{GeneMark_model.6123_t;GeneMark},{Augustus_model.g4741.t1;Augustus},{GlimmerHMM_glimmerT_5706-T1;GlimmerHMM}
2538	2598	INTRON			{GeneMark_model.6123_t;GeneMark},{Augustus_model.g4741.t1;Augustus},{GlimmerHMM_glimmerT_5706-T1;GlimmerHMM}
2599	2754	internal+	1	3	{GeneMark_model.6123_t;GeneMark},{Augustus_model.g4741.t1;Augustus},{GlimmerHMM_glimmerT_5706-T1;GlimmerHMM}
2755	2823	INTRON			{GeneMark_model.6123_t;GeneMark},{Augustus_model.g4741.t1;Augustus},{GlimmerHMM_glimmerT_5706-T1;GlimmerHMM}
2824	3108	internal+	1	3	{GeneMark_model.6123_t;GeneMark},{Augustus_model.g4741.t1;Augustus},{GlimmerHMM_glimmerT_5706-T1;GlimmerHMM}
3109	3173	INTRON			{GeneMark_model.6123_t;GeneMark},{Augustus_model.g4741.t1;Augustus},{GlimmerHMM_glimmerT_5706-T1;GlimmerHMM}
3174	3477	internal+	1	1	{GeneMark_model.6123_t;GeneMark},{Augustus_model.g4741.t1;Augustus},{GlimmerHMM_glimmerT_5706-T1;GlimmerHMM}
3478	3549	INTRON			{GeneMark_model.6123_t;GeneMark},{Augustus_model.g4741.t1;Augustus},{GlimmerHMM_glimmerT_5706-T1;GlimmerHMM}
3550	3739	internal+	2	2	{GeneMark_model.6123_t;GeneMark},{Augustus_model.g4741.t1;Augustus},{GlimmerHMM_glimmerT_5706-T1;GlimmerHMM}
3740	3817	INTRON			{GeneMark_model.6123_t;GeneMark},{Augustus_model.g4741.t1;Augustus},{GlimmerHMM_glimmerT_5706-T1;GlimmerHMM}
3818	4070	terminal+	3	3	{GeneMark_model.6123_t;GeneMark},{Augustus_model.g4741.t1;Augustus},{GlimmerHMM_glimmerT_5706-T1;GlimmerHMM}

# EVM prediction: Mode:STANDARD S-ratio: 2.68 4697-5565 orient(+) score(2808.00) noncoding_equivalent(1047.86) raw_noncoding(1259.00) offset(211.14) 
4697	4972	initial+	1	3	{GeneMark_model.6124_t;GeneMark},{Augustus_model.g4742.t1;Augustus},{GlimmerHMM_glimmerT_5707-T1;GlimmerHMM}
4973	5044	INTRON			{GeneMark_model.6124_t;GeneMark},{Augustus_model.g4742.t1;Augustus},{GlimmerHMM_glimmerT_5707-T1;GlimmerHMM}
5045	5124	internal+	1	2	{GeneMark_model.6124_t;GeneMark},{Augustus_model.g4742.t1;Augustus},{GlimmerHMM_glimmerT_5707-T1;GlimmerHMM}
5125	5180	INTRON			{GeneMark_model.6124_t;GeneMark},{Augustus_model.g4742.t1;Augustus},{GlimmerHMM_glimmerT_5707-T1;GlimmerHMM}
5181	5274	internal+	3	3	{GeneMark_model.6124_t;GeneMark},{Augustus_model.g4742.t1;Augustus},{GlimmerHMM_glimmerT_5707-T1;GlimmerHMM}
5275	5343	INTRON			{GeneMark_model.6124_t;GeneMark},{Augustus_model.g4742.t1;Augustus},{GlimmerHMM_glimmerT_5707-T1;GlimmerHMM}
5344	5565	terminal+	1	3	{GeneMark_model.6124_t;GeneMark},{Augustus_model.g4742.t1;Augustus},{GlimmerHMM_glimmerT_5707-T1;GlimmerHMM}

# EVM prediction: Mode:STANDARD S-ratio: 1.68 6394-7189 orient(+) score(1997.00) noncoding_equivalent(1185.92) raw_noncoding(1621.00) offset(435.08) 
6394	6609	initial+	1	3	{GeneMark_model.6125_t;GeneMark},{GlimmerHMM_glimmerT_5708-T1;GlimmerHMM},{Augustus_model.g4743.t1;Augustus}
6610	6678	INTRON			{GeneMark_model.6125_t;GeneMark},{Augustus_model.g4743.t1;Augustus}
6679	6746	internal+	1	2	{GeneMark_model.6125_t;GeneMark},{Augustus_model.g4743.t1;Augustus}
6747	6814	INTRON			{GeneMark_model.6125_t;GeneMark},{Augustus_model.g4743.t1;Augustus}
6815	6920	internal+	3	3	{GeneMark_model.6125_t;GeneMark},{Augustus_model.g4743.t1;Augustus}
6921	7000	INTRON			{GeneMark_model.6125_t;GeneMark},{Augustus_model.g4743.t1;Augustus}
7001	7189	terminal+	1	3	{GeneMark_model.6125_t;GeneMark},{GlimmerHMM_glimmerT_5708-T1;GlimmerHMM},{Augustus_model.g4743.t1;Augustus}

# EVM prediction: Mode:STANDARD S-ratio: 2.25 7433-8350 orient(-) score(2655.00) noncoding_equivalent(1179.68) raw_noncoding(1401.00) offset(221.32) 
7810	7433	terminal-	4	6	{GeneMark_model.6126_t;GeneMark},{GlimmerHMM_glimmerT_5709-T1;GlimmerHMM},{Augustus_model.g4744.t1;Augustus}
7876	7811	INTRON			{GeneMark_model.6126_t;GeneMark},{Augustus_model.g4744.t1;Augustus}
8231	7877	internal-	6	6	{GeneMark_model.6126_t;GeneMark},{Augustus_model.g4744.t1;Augustus}
8315	8232	INTRON			{GeneMark_model.6126_t;GeneMark},{GlimmerHMM_glimmerT_5709-T1;GlimmerHMM},{Augustus_model.g4744.t1;Augustus}
8350	8316	initial-	4	5	{GeneMark_model.6126_t;GeneMark},{GlimmerHMM_glimmerT_5709-T1;GlimmerHMM},{Augustus_model.g4744.t1;Augustus}

# EVM prediction: Mode:STANDARD S-ratio: 1.89 8580-10186 orient(+) score(4896.00) noncoding_equivalent(2593.72) raw_noncoding(3416.00) offset(822.28) 
8580	8648	initial+	1	3	{GlimmerHMM_glimmerT_5710-T1;GlimmerHMM},{GeneMark_model.6127_t;GeneMark},{Augustus_model.g4745.t1;Augustus}
8649	8758	INTRON			{GlimmerHMM_glimmerT_5710-T1;GlimmerHMM},{GeneMark_model.6127_t;GeneMark},{Augustus_model.g4745.t1;Augustus}
8759	8795	internal+	1	1	{GlimmerHMM_glimmerT_5710-T1;GlimmerHMM},{GeneMark_model.6127_t;GeneMark},{Augustus_model.g4745.t1;Augustus}
8796	8884	INTRON			{GlimmerHMM_glimmerT_5710-T1;GlimmerHMM},{GeneMark_model.6127_t;GeneMark},{Augustus_model.g4745.t1;Augustus}
8885	8946	internal+	2	3	{GlimmerHMM_glimmerT_5710-T1;GlimmerHMM},{GeneMark_model.6127_t;GeneMark},{Augustus_model.g4745.t1;Augustus}
8947	9017	INTRON			{GlimmerHMM_glimmerT_5710-T1;GlimmerHMM},{GeneMark_model.6127_t;GeneMark},{Augustus_model.g4745.t1;Augustus}
9018	9119	internal+	1	3	{GlimmerHMM_glimmerT_5710-T1;GlimmerHMM},{GeneMark_model.6127_t;GeneMark},{Augustus_model.g4745.t1;Augustus}
9120	9183	INTRON			{GlimmerHMM_glimmerT_5710-T1;GlimmerHMM},{GeneMark_model.6127_t;GeneMark},{Augustus_model.g4745.t1;Augustus}
9184	9260	internal+	1	2	{GlimmerHMM_glimmerT_5710-T1;GlimmerHMM},{GeneMark_model.6127_t;GeneMark},{Augustus_model.g4745.t1;Augustus}
9261	9328	INTRON			{GlimmerHMM_glimmerT_5710-T1;GlimmerHMM},{GeneMark_model.6127_t;GeneMark},{Augustus_model.g4745.t1;Augustus}
9329	9377	internal+	3	3	{GeneMark_model.6127_t;GeneMark},{Augustus_model.g4745.t1;Augustus}
9378	9448	INTRON			{GeneMark_model.6127_t;GeneMark},{Augustus_model.g4745.t1;Augustus}
9449	9464	internal+	1	1	{GeneMark_model.6127_t;GeneMark},{Augustus_model.g4745.t1;Augustus}
9465	9526	INTRON			{GeneMark_model.6127_t;GeneMark},{Augustus_model.g4745.t1;Augustus}
9527	9601	internal+	2	1	{GlimmerHMM_glimmerT_5710-T1;GlimmerHMM},{GeneMark_model.6127_t;GeneMark},{Augustus_model.g4745.t1;Augustus}
9602	9666	INTRON			{GlimmerHMM_glimmerT_5710-T1;GlimmerHMM},{GeneMark_model.6127_t;GeneMark},{Augustus_model.g4745.t1;Augustus}
9667	9919	internal+	2	2	{GlimmerHMM_glimmerT_5710-T1;GlimmerHMM},{GeneMark_model.6127_t;GeneMark},{Augustus_model.g4745.t1;Augustus}
9920	9999	INTRON			{GlimmerHMM_glimmerT_5710-T1;GlimmerHMM},{GeneMark_model.6127_t;GeneMark},{Augustus_model.g4745.t1;Augustus}
10000	10186	terminal+	3	3	{GlimmerHMM_glimmerT_5710-T1;GlimmerHMM},{GeneMark_model.6127_t;GeneMark},{Augustus_model.g4745.t1;Augustus}

# EVM prediction: Mode:STANDARD S-ratio: 3.32 10420-13980 orient(-) score(11958.00) noncoding_equivalent(3603.01) raw_noncoding(4254.00) offset(650.99) 
11496	10420	terminal-	4	6	{Augustus_model.g4746.t1;Augustus},{GeneMark_model.6128_t;GeneMark}
11701	11497	INTRON			{Augustus_model.g4746.t1;Augustus},{GeneMark_model.6128_t;GeneMark},{GlimmerHMM_glimmerT_5711-T1;GlimmerHMM}
12070	11702	internal-	4	6	{Augustus_model.g4746.t1;Augustus},{GeneMark_model.6128_t;GeneMark},{GlimmerHMM_glimmerT_5711-T1;GlimmerHMM}
12129	12071	INTRON			{Augustus_model.g4746.t1;Augustus},{GeneMark_model.6128_t;GeneMark},{GlimmerHMM_glimmerT_5711-T1;GlimmerHMM}
12564	12130	internal-	4	6	{Augustus_model.g4746.t1;Augustus},{GeneMark_model.6128_t;GeneMark},{GlimmerHMM_glimmerT_5711-T1;GlimmerHMM}
12628	12565	INTRON			{Augustus_model.g4746.t1;Augustus},{GeneMark_model.6128_t;GeneMark},{GlimmerHMM_glimmerT_5711-T1;GlimmerHMM}
12737	12629	internal-	6	6	{Augustus_model.g4746.t1;Augustus},{GeneMark_model.6128_t;GeneMark},{GlimmerHMM_glimmerT_5711-T1;GlimmerHMM}
12808	12738	INTRON			{Augustus_model.g4746.t1;Augustus},{GeneMark_model.6128_t;GeneMark},{GlimmerHMM_glimmerT_5711-T1;GlimmerHMM}
13013	12809	internal-	5	5	{Augustus_model.g4746.t1;Augustus},{GeneMark_model.6128_t;GeneMark},{GlimmerHMM_glimmerT_5711-T1;GlimmerHMM}
13088	13014	INTRON			{Augustus_model.g4746.t1;Augustus},{GeneMark_model.6128_t;GeneMark},{GlimmerHMM_glimmerT_5711-T1;GlimmerHMM}
13323	13089	internal-	4	4	{Augustus_model.g4746.t1;Augustus},{GeneMark_model.6128_t;GeneMark},{GlimmerHMM_glimmerT_5711-T1;GlimmerHMM}
13387	13324	INTRON			{Augustus_model.g4746.t1;Augustus},{GeneMark_model.6128_t;GeneMark},{GlimmerHMM_glimmerT_5711-T1;GlimmerHMM}
13507	13388	internal-	4	6	{Augustus_model.g4746.t1;Augustus},{GeneMark_model.6128_t;GeneMark},{GlimmerHMM_glimmerT_5711-T1;GlimmerHMM}
13570	13508	INTRON			{Augustus_model.g4746.t1;Augustus},{GeneMark_model.6128_t;GeneMark},{GlimmerHMM_glimmerT_5711-T1;GlimmerHMM}
13713	13571	internal-	5	6	{Augustus_model.g4746.t1;Augustus},{GeneMark_model.6128_t;GeneMark},{GlimmerHMM_glimmerT_5711-T1;GlimmerHMM}
13787	13714	INTRON			{Augustus_model.g4746.t1;Augustus},{GeneMark_model.6128_t;GeneMark},{GlimmerHMM_glimmerT_5711-T1;GlimmerHMM}
13980	13788	initial-	4	4	{Augustus_model.g4746.t1;Augustus},{GeneMark_model.6128_t;GeneMark},{GlimmerHMM_glimmerT_5711-T1;GlimmerHMM}

# EVM prediction: Mode:STANDARD S-ratio: 5.15 14113-15241 orient(+) score(4042.00) noncoding_equivalent(784.29) raw_noncoding(910.00) offset(125.71) 
14113	14519	initial+	1	2	{GeneMark_model.6129_t;GeneMark},{GlimmerHMM_glimmerT_5712-T1;GlimmerHMM},{Augustus_model.g4747.t1;Augustus}
14520	14601	INTRON			{GeneMark_model.6129_t;GeneMark},{GlimmerHMM_glimmerT_5712-T1;GlimmerHMM},{Augustus_model.g4747.t1;Augustus}
14602	14915	internal+	3	1	{GeneMark_model.6129_t;GeneMark},{GlimmerHMM_glimmerT_5712-T1;GlimmerHMM},{Augustus_model.g4747.t1;Augustus}
14916	14996	INTRON			{GeneMark_model.6129_t;GeneMark},{GlimmerHMM_glimmerT_5712-T1;GlimmerHMM},{Augustus_model.g4747.t1;Augustus}
14997	15241	terminal+	2	3	{GeneMark_model.6129_t;GeneMark},{GlimmerHMM_glimmerT_5712-T1;GlimmerHMM},{Augustus_model.g4747.t1;Augustus}

# EVM prediction: Mode:STANDARD S-ratio: 1.33 16868-18085 orient(-) score(2949.00) noncoding_equivalent(2221.69) raw_noncoding(3306.00) offset(1084.31) 
17043	16868	terminal-	5	6	{Augustus_model.g4748.t1;Augustus},{GeneMark_model.6131_t;GeneMark},{GlimmerHMM_glimmerT_5713-T1;GlimmerHMM}
17132	17044	INTRON			{Augustus_model.g4748.t1;Augustus},{GeneMark_model.6131_t;GeneMark}
17237	17133	internal-	5	4	{Augustus_model.g4748.t1;Augustus},{GeneMark_model.6131_t;GeneMark}
17299	17238	INTRON			{Augustus_model.g4748.t1;Augustus},{GeneMark_model.6131_t;GeneMark}
17350	17300	internal-	5	4	{Augustus_model.g4748.t1;Augustus},{GeneMark_model.6131_t;GeneMark}
17508	17351	INTRON			{GeneMark_model.6131_t;GeneMark}
17678	17509	internal-	6	4	{GeneMark_model.6131_t;GeneMark},{GlimmerHMM_glimmerT_5713-T1;GlimmerHMM}
17987	17679	INTRON			{Augustus_model.g4748.t1;Augustus},{GeneMark_model.6131_t;GeneMark},{GlimmerHMM_glimmerT_5713-T1;GlimmerHMM}
18085	17988	initial-	4	5	{Augustus_model.g4748.t1;Augustus},{GeneMark_model.6131_t;GeneMark},{GlimmerHMM_glimmerT_5713-T1;GlimmerHMM}

# EVM prediction: Mode:STANDARD S-ratio: 1.47 18992-19981 orient(+) score(2830.00) noncoding_equivalent(1930.04) raw_noncoding(3192.00) offset(1261.96) 
18992	19013	initial+	1	1	{Augustus_model.g4749.t1;Augustus}
19014	19549	INTRON			{GeneMark_model.6132_t;GeneMark},{Augustus_model.g4749.t1;Augustus}
19550	19641	internal+	2	3	{GeneMark_model.6132_t;GeneMark},{Augustus_model.g4749.t1;Augustus}
19642	19831	INTRON			{GlimmerHMM_glimmerT_5714-T1;GlimmerHMM},{GeneMark_model.6132_t;GeneMark},{Augustus_model.g4749.t1;Augustus},{ev_type:exonerate/ID=match.2566964.4428/Target=lcl|PJQD01000020_1_prot_POY74974_1_1994;exonerate}
19832	19981	terminal+	1	3	{GlimmerHMM_glimmerT_5714-T1;GlimmerHMM},{GeneMark_model.6132_t;GeneMark},{Augustus_model.g4749.t1;Augustus}

# EVM prediction: Mode:STANDARD S-ratio: 2.66 20705-24627 orient(+) score(11867.00) noncoding_equivalent(4460.54) raw_noncoding(5366.00) offset(905.46) 
20705	21317	initial+	1	1	{GlimmerHMM_glimmerT_5715-T1;GlimmerHMM},{GeneMark_model.6133_t;GeneMark},{Augustus_model.g4750.t1;Augustus}
21318	21375	INTRON			{GlimmerHMM_glimmerT_5715-T1;GlimmerHMM},{GeneMark_model.6133_t;GeneMark},{Augustus_model.g4750.t1;Augustus}
21376	22256	internal+	2	3	{GeneMark_model.6133_t;GeneMark},{Augustus_model.g4750.t1;Augustus}
22257	22325	INTRON			{GeneMark_model.6133_t;GeneMark},{Augustus_model.g4750.t1;Augustus}
22326	22626	internal+	1	1	{GlimmerHMM_glimmerT_5715-T1;GlimmerHMM},{GeneMark_model.6133_t;GeneMark},{Augustus_model.g4750.t1;Augustus}
22627	22695	INTRON			{GlimmerHMM_glimmerT_5715-T1;GlimmerHMM},{GeneMark_model.6133_t;GeneMark},{Augustus_model.g4750.t1;Augustus}
22696	22961	internal+	2	3	{GlimmerHMM_glimmerT_5715-T1;GlimmerHMM},{GeneMark_model.6133_t;GeneMark},{Augustus_model.g4750.t1;Augustus}
22962	23034	INTRON			{GlimmerHMM_glimmerT_5715-T1;GlimmerHMM},{GeneMark_model.6133_t;GeneMark},{Augustus_model.g4750.t1;Augustus}
23035	23165	internal+	1	2	{GlimmerHMM_glimmerT_5715-T1;GlimmerHMM},{GeneMark_model.6133_t;GeneMark},{Augustus_model.g4750.t1;Augustus}
23166	23224	INTRON			{GeneMark_model.6133_t;GeneMark},{Augustus_model.g4750.t1;Augustus}
23225	23270	internal+	3	3	{GeneMark_model.6133_t;GeneMark},{Augustus_model.g4750.t1;Augustus}
23271	23340	INTRON			{GeneMark_model.6133_t;GeneMark},{Augustus_model.g4750.t1;Augustus}
23341	23361	internal+	1	3	{GeneMark_model.6133_t;GeneMark},{Augustus_model.g4750.t1;Augustus}
23362	23420	INTRON			{GeneMark_model.6133_t;GeneMark},{Augustus_model.g4750.t1;Augustus}
23421	23510	internal+	1	3	{GeneMark_model.6133_t;GeneMark},{Augustus_model.g4750.t1;Augustus}
23511	23573	INTRON			{GlimmerHMM_glimmerT_5715-T1;GlimmerHMM},{GeneMark_model.6133_t;GeneMark},{Augustus_model.g4750.t1;Augustus}
23574	23868	internal+	1	1	{GlimmerHMM_glimmerT_5715-T1;GlimmerHMM},{GeneMark_model.6133_t;GeneMark},{Augustus_model.g4750.t1;Augustus}
23869	23925	INTRON			{GeneMark_model.6133_t;GeneMark},{Augustus_model.g4750.t1;Augustus}
23926	24015	internal+	2	1	{GeneMark_model.6133_t;GeneMark},{Augustus_model.g4750.t1;Augustus}
24016	24075	INTRON			{GeneMark_model.6133_t;GeneMark},{Augustus_model.g4750.t1;Augustus}
24076	24390	internal+	2	1	{GlimmerHMM_glimmerT_5715-T1;GlimmerHMM},{GeneMark_model.6133_t;GeneMark},{Augustus_model.g4750.t1;Augustus}
24391	24460	INTRON			{GlimmerHMM_glimmerT_5715-T1;GlimmerHMM},{GeneMark_model.6133_t;GeneMark},{Augustus_model.g4750.t1;Augustus}
24461	24627	terminal+	2	3	{GlimmerHMM_glimmerT_5715-T1;GlimmerHMM},{GeneMark_model.6133_t;GeneMark},{Augustus_model.g4750.t1;Augustus}

# EVM prediction: Mode:STANDARD S-ratio: 2.19 24839-26120 orient(-) score(4081.00) noncoding_equivalent(1867.09) raw_noncoding(2393.58) offset(526.49) 
25387	24839	terminal-	4	6	{Augustus_model.g4751.t1;Augustus},{GlimmerHMM_glimmerT_5716-T1;GlimmerHMM},{GeneMark_model.6134_t;GeneMark}
25800	25388	INTRON			{Augustus_model.g4751.t1;Augustus},{GlimmerHMM_glimmerT_5716-T1;GlimmerHMM},{GeneMark_model.6134_t;GeneMark}
25906	25801	internal-	6	6	{Augustus_model.g4751.t1;Augustus},{GlimmerHMM_glimmerT_5716-T1;GlimmerHMM},{GeneMark_model.6134_t;GeneMark}
25968	25907	INTRON			{Augustus_model.g4751.t1;Augustus},{GeneMark_model.6134_t;GeneMark}
26120	25969	initial-	4	5	{Augustus_model.g4751.t1;Augustus},{GeneMark_model.6134_t;GeneMark}

# EVM prediction: Mode:STANDARD S-ratio: 2.16 26443-27687 orient(+) score(3909.00) noncoding_equivalent(1812.08) raw_noncoding(2025.08) offset(213.00) 
26443	26473	initial+	1	1	{GeneMark_model.6135_t;GeneMark},{Augustus_model.g4752.t1;Augustus},{GlimmerHMM_glimmerT_5717-T1;GlimmerHMM}
26474	26547	INTRON			{GeneMark_model.6135_t;GeneMark},{Augustus_model.g4752.t1;Augustus},{GlimmerHMM_glimmerT_5717-T1;GlimmerHMM}
26548	26781	internal+	2	1	{GeneMark_model.6135_t;GeneMark},{Augustus_model.g4752.t1;Augustus},{GlimmerHMM_glimmerT_5717-T1;GlimmerHMM}
26782	26842	INTRON			{GeneMark_model.6135_t;GeneMark},{Augustus_model.g4752.t1;Augustus},{GlimmerHMM_glimmerT_5717-T1;GlimmerHMM},{ev_type:exonerate/ID=match.2566964.4426/Target=lcl|LCTV02000015_1_prot_PRQ70407_1_2788;exonerate}
26843	26983	internal+	2	1	{GeneMark_model.6135_t;GeneMark},{Augustus_model.g4752.t1;Augustus},{GlimmerHMM_glimmerT_5717-T1;GlimmerHMM}
26984	27049	INTRON			{GeneMark_model.6135_t;GeneMark},{Augustus_model.g4752.t1;Augustus},{GlimmerHMM_glimmerT_5717-T1;GlimmerHMM}
27050	27687	terminal+	2	3	{GeneMark_model.6135_t;GeneMark}

# EVM prediction: Mode:STANDARD S-ratio: 2.63 30670-33735 orient(-) score(9706.00) noncoding_equivalent(3686.69) raw_noncoding(4368.00) offset(681.31) 
30717	30670	terminal-	4	6	{Augustus_model.g4753.t1;Augustus},{GeneMark_model.6137_t;GeneMark},{GlimmerHMM_glimmerT_5718-T1;GlimmerHMM}
30787	30718	INTRON			{Augustus_model.g4753.t1;Augustus},{GeneMark_model.6137_t;GeneMark},{GlimmerHMM_glimmerT_5718-T1;GlimmerHMM}
30880	30788	internal-	4	6	{Augustus_model.g4753.t1;Augustus},{GeneMark_model.6137_t;GeneMark},{GlimmerHMM_glimmerT_5718-T1;GlimmerHMM}
30942	30881	INTRON			{Augustus_model.g4753.t1;Augustus},{GeneMark_model.6137_t;GeneMark},{GlimmerHMM_glimmerT_5718-T1;GlimmerHMM}
31095	30943	internal-	4	6	{Augustus_model.g4753.t1;Augustus},{GeneMark_model.6137_t;GeneMark},{GlimmerHMM_glimmerT_5718-T1;GlimmerHMM}
31154	31096	INTRON			{Augustus_model.g4753.t1;Augustus},{GeneMark_model.6137_t;GeneMark},{GlimmerHMM_glimmerT_5718-T1;GlimmerHMM}
31222	31155	internal-	5	6	{Augustus_model.g4753.t1;Augustus},{GeneMark_model.6137_t;GeneMark},{GlimmerHMM_glimmerT_5718-T1;GlimmerHMM}
31280	31223	INTRON			{Augustus_model.g4753.t1;Augustus},{GeneMark_model.6137_t;GeneMark},{GlimmerHMM_glimmerT_5718-T1;GlimmerHMM}
31484	31281	internal-	5	4	{Augustus_model.g4753.t1;Augustus},{GeneMark_model.6137_t;GeneMark},{GlimmerHMM_glimmerT_5718-T1;GlimmerHMM}
31552	31485	INTRON			{Augustus_model.g4753.t1;Augustus},{GeneMark_model.6137_t;GeneMark},{GlimmerHMM_glimmerT_5718-T1;GlimmerHMM}
31604	31553	internal-	4	4	{Augustus_model.g4753.t1;Augustus},{GeneMark_model.6137_t;GeneMark},{GlimmerHMM_glimmerT_5718-T1;GlimmerHMM}
31666	31605	INTRON			{Augustus_model.g4753.t1;Augustus},{GeneMark_model.6137_t;GeneMark},{GlimmerHMM_glimmerT_5718-T1;GlimmerHMM}
31890	31667	internal-	5	6	{Augustus_model.g4753.t1;Augustus},{GeneMark_model.6137_t;GeneMark}
31948	31891	INTRON			{Augustus_model.g4753.t1;Augustus},{GeneMark_model.6137_t;GeneMark}
32546	31949	internal-	4	4	{Augustus_model.g4753.t1;Augustus},{GeneMark_model.6137_t;GeneMark},{GlimmerHMM_glimmerT_5718-T1;GlimmerHMM}
32606	32547	INTRON			{Augustus_model.g4753.t1;Augustus},{GeneMark_model.6137_t;GeneMark},{GlimmerHMM_glimmerT_5718-T1;GlimmerHMM}
33056	32607	internal-	4	6	{Augustus_model.g4753.t1;Augustus},{GeneMark_model.6137_t;GeneMark},{GlimmerHMM_glimmerT_5718-T1;GlimmerHMM}
33123	33057	INTRON			{Augustus_model.g4753.t1;Augustus},{GeneMark_model.6137_t;GeneMark},{GlimmerHMM_glimmerT_5718-T1;GlimmerHMM}
33577	33124	internal-	6	6	{Augustus_model.g4753.t1;Augustus},{GeneMark_model.6137_t;GeneMark},{GlimmerHMM_glimmerT_5718-T1;GlimmerHMM}
33655	33578	INTRON			{Augustus_model.g4753.t1;Augustus},{GeneMark_model.6137_t;GeneMark},{GlimmerHMM_glimmerT_5718-T1;GlimmerHMM}
33735	33656	initial-	4	5	{Augustus_model.g4753.t1;Augustus},{GeneMark_model.6137_t;GeneMark},{GlimmerHMM_glimmerT_5718-T1;GlimmerHMM}

# EVM prediction: Mode:STANDARD S-ratio: 3.79 34062-35569 orient(-) score(9317.00) noncoding_equivalent(2456.47) raw_noncoding(3458.04) offset(1001.57) 
34305	34062	terminal-	6	6	{GeneMark_model.6138_t;GeneMark},{HiQ_model.g4754.t1;HiQ},{snap_scaffold_16-snap.64-T1;snap},{GlimmerHMM_glimmerT_5719-T1;GlimmerHMM}
34369	34306	INTRON			{GeneMark_model.6138_t;GeneMark},{HiQ_model.g4754.t1;HiQ},{snap_scaffold_16-snap.64-T1;snap},{GlimmerHMM_glimmerT_5719-T1;GlimmerHMM},{ev_type:exonerate/ID=match.2566964.865/Target=lcl|KQ954473_1_prot_KWU45237_1_2399;exonerate},{ev_type:exonerate/ID=match.2566964.869/Target=lcl|PJQD01000020_1_prot_POY74967_1_1987;exonerate}
34550	34370	internal-	5	5	{GeneMark_model.6138_t;GeneMark},{HiQ_model.g4754.t1;HiQ},{GlimmerHMM_glimmerT_5719-T1;GlimmerHMM},{ev_type:exonerate/ID=match.2566964.865/Target=lcl|KQ954473_1_prot_KWU45237_1_2399;exonerate},{ev_type:exonerate/ID=match.2566964.869/Target=lcl|PJQD01000020_1_prot_POY74967_1_1987;exonerate}
34620	34551	INTRON			{GeneMark_model.6138_t;GeneMark},{HiQ_model.g4754.t1;HiQ},{ev_type:exonerate/ID=match.2566964.865/Target=lcl|KQ954473_1_prot_KWU45237_1_2399;exonerate},{ev_type:exonerate/ID=match.2566964.869/Target=lcl|PJQD01000020_1_prot_POY74967_1_1987;exonerate}
34638	34621	internal-	5	4	{GeneMark_model.6138_t;GeneMark},{HiQ_model.g4754.t1;HiQ},{ev_type:exonerate/ID=match.2566964.865/Target=lcl|KQ954473_1_prot_KWU45237_1_2399;exonerate},{ev_type:exonerate/ID=match.2566964.869/Target=lcl|PJQD01000020_1_prot_POY74967_1_1987;exonerate}
34704	34639	INTRON			{GeneMark_model.6138_t;GeneMark},{HiQ_model.g4754.t1;HiQ},{ev_type:exonerate/ID=match.2566964.865/Target=lcl|KQ954473_1_prot_KWU45237_1_2399;exonerate},{ev_type:exonerate/ID=match.2566964.869/Target=lcl|PJQD01000020_1_prot_POY74967_1_1987;exonerate}
34936	34705	internal-	4	4	{GeneMark_model.6138_t;GeneMark},{HiQ_model.g4754.t1;HiQ},{GlimmerHMM_glimmerT_5719-T1;GlimmerHMM},{ev_type:exonerate/ID=match.2566964.865/Target=lcl|KQ954473_1_prot_KWU45237_1_2399;exonerate},{ev_type:exonerate/ID=match.2566964.869/Target=lcl|PJQD01000020_1_prot_POY74967_1_1987;exonerate}
35022	34937	INTRON			{GeneMark_model.6138_t;GeneMark},{HiQ_model.g4754.t1;HiQ},{GlimmerHMM_glimmerT_5719-T1;GlimmerHMM},{ev_type:exonerate/ID=match.2566964.865/Target=lcl|KQ954473_1_prot_KWU45237_1_2399;exonerate},{ev_type:exonerate/ID=match.2566964.869/Target=lcl|PJQD01000020_1_prot_POY74967_1_1987;exonerate}
35106	35023	internal-	4	6	{GeneMark_model.6138_t;GeneMark},{HiQ_model.g4754.t1;HiQ},{GlimmerHMM_glimmerT_5719-T1;GlimmerHMM},{ev_type:exonerate/ID=match.2566964.865/Target=lcl|KQ954473_1_prot_KWU45237_1_2399;exonerate},{ev_type:exonerate/ID=match.2566964.869/Target=lcl|PJQD01000020_1_prot_POY74967_1_1987;exonerate}
35170	35107	INTRON			{GeneMark_model.6138_t;GeneMark},{HiQ_model.g4754.t1;HiQ},{GlimmerHMM_glimmerT_5719-T1;GlimmerHMM},{ev_type:exonerate/ID=match.2566964.865/Target=lcl|KQ954473_1_prot_KWU45237_1_2399;exonerate},{ev_type:exonerate/ID=match.2566964.869/Target=lcl|PJQD01000020_1_prot_POY74967_1_1987;exonerate}
35345	35171	internal-	6	6	{GeneMark_model.6138_t;GeneMark},{HiQ_model.g4754.t1;HiQ},{GlimmerHMM_glimmerT_5719-T1;GlimmerHMM},{ev_type:exonerate/ID=match.2566964.865/Target=lcl|KQ954473_1_prot_KWU45237_1_2399;exonerate},{ev_type:exonerate/ID=match.2566964.869/Target=lcl|PJQD01000020_1_prot_POY74967_1_1987;exonerate}
35413	35346	INTRON			{GeneMark_model.6138_t;GeneMark},{HiQ_model.g4754.t1;HiQ},{GlimmerHMM_glimmerT_5719-T1;GlimmerHMM},{ev_type:exonerate/ID=match.2566964.865/Target=lcl|KQ954473_1_prot_KWU45237_1_2399;exonerate},{ev_type:exonerate/ID=match.2566964.869/Target=lcl|PJQD01000020_1_prot_POY74967_1_1987;exonerate}
35462	35414	internal-	5	5	{GeneMark_model.6138_t;GeneMark},{HiQ_model.g4754.t1;HiQ},{ev_type:exonerate/ID=match.2566964.865/Target=lcl|KQ954473_1_prot_KWU45237_1_2399;exonerate},{ev_type:exonerate/ID=match.2566964.869/Target=lcl|PJQD01000020_1_prot_POY74967_1_1987;exonerate}
35532	35463	INTRON			{GeneMark_model.6138_t;GeneMark},{HiQ_model.g4754.t1;HiQ},{ev_type:exonerate/ID=match.2566964.865/Target=lcl|KQ954473_1_prot_KWU45237_1_2399;exonerate},{ev_type:exonerate/ID=match.2566964.869/Target=lcl|PJQD01000020_1_prot_POY74967_1_1987;exonerate}
35569	35533	initial-	4	4	{GeneMark_model.6138_t;GeneMark},{HiQ_model.g4754.t1;HiQ}

# EVM prediction: Mode:STANDARD S-ratio: 3.49 35803-40649 orient(-) score(15149.00) noncoding_equivalent(4342.55) raw_noncoding(4716.99) offset(374.44) 
35977	35803	terminal-	6	6	{Augustus_model.g4755.t1;Augustus},{GeneMark_model.6139_t;GeneMark}
36041	35978	INTRON			{Augustus_model.g4755.t1;Augustus},{GeneMark_model.6139_t;GeneMark}
37152	36042	internal-	5	5	{GeneMark_model.6139_t;GeneMark},{GlimmerHMM_glimmerT_5719-T1;GlimmerHMM}
37212	37153	INTRON			{Augustus_model.g4755.t1;Augustus},{GeneMark_model.6139_t;GeneMark},{GlimmerHMM_glimmerT_5719-T1;GlimmerHMM}
37753	37213	internal-	4	4	{Augustus_model.g4755.t1;Augustus},{GeneMark_model.6139_t;GeneMark},{GlimmerHMM_glimmerT_5719-T1;GlimmerHMM}
37811	37754	INTRON			{Augustus_model.g4755.t1;Augustus},{GeneMark_model.6139_t;GeneMark},{GlimmerHMM_glimmerT_5719-T1;GlimmerHMM}
38678	37812	internal-	4	6	{Augustus_model.g4755.t1;Augustus},{GeneMark_model.6139_t;GeneMark},{GlimmerHMM_glimmerT_5719-T1;GlimmerHMM}
38740	38679	INTRON			{Augustus_model.g4755.t1;Augustus},{GeneMark_model.6139_t;GeneMark}
39067	38741	internal-	4	6	{GeneMark_model.6139_t;GeneMark}
39128	39068	INTRON			{GeneMark_model.6139_t;GeneMark}
40649	39129	initial-	4	6	{GeneMark_model.6139_t;GeneMark}

# EVM prediction: Mode:STANDARD S-ratio: 3.80 40794-41754 orient(-) score(3246.00) noncoding_equivalent(855.32) raw_noncoding(955.00) offset(99.68) 
41123	40794	terminal-	4	6	{GlimmerHMM_glimmerT_5720-T1;GlimmerHMM},{GeneMark_model.6140_t;GeneMark},{Augustus_model.g4756.t1;Augustus}
41185	41124	INTRON			{GlimmerHMM_glimmerT_5720-T1;GlimmerHMM},{GeneMark_model.6140_t;GeneMark},{Augustus_model.g4756.t1;Augustus}
41544	41186	internal-	5	6	{GlimmerHMM_glimmerT_5720-T1;GlimmerHMM},{GeneMark_model.6140_t;GeneMark},{Augustus_model.g4756.t1;Augustus}
41615	41545	INTRON			{GlimmerHMM_glimmerT_5720-T1;GlimmerHMM},{GeneMark_model.6140_t;GeneMark},{Augustus_model.g4756.t1;Augustus}
41754	41616	initial-	4	4	{GlimmerHMM_glimmerT_5720-T1;GlimmerHMM},{GeneMark_model.6140_t;GeneMark},{Augustus_model.g4756.t1;Augustus}

# EVM prediction: Mode:STANDARD S-ratio: 3.95 45481-46594 orient(+) score(3647.00) noncoding_equivalent(923.29) raw_noncoding(1264.99) offset(341.70) 
45481	45509	initial+	1	2	{Augustus_model.g4757.t1;Augustus},{GeneMark_model.6141_t;GeneMark}
45510	45582	INTRON			{Augustus_model.g4757.t1;Augustus},{GeneMark_model.6141_t;GeneMark}
45583	46221	internal+	3	2	{GlimmerHMM_glimmerT_5722-T1;GlimmerHMM},{Augustus_model.g4757.t1;Augustus},{GeneMark_model.6141_t;GeneMark}
46222	46281	INTRON			{GlimmerHMM_glimmerT_5722-T1;GlimmerHMM},{Augustus_model.g4757.t1;Augustus},{GeneMark_model.6141_t;GeneMark}
46282	46504	internal+	3	3	{Augustus_model.g4757.t1;Augustus},{GeneMark_model.6141_t;GeneMark}
46505	46579	INTRON			{Augustus_model.g4757.t1;Augustus},{GeneMark_model.6141_t;GeneMark}
46580	46594	terminal+	1	3	{Augustus_model.g4757.t1;Augustus},{GeneMark_model.6141_t;GeneMark}

# EVM prediction: Mode:STANDARD S-ratio: 3.71 46745-48486 orient(-) score(5622.00) noncoding_equivalent(1515.79) raw_noncoding(2135.00) offset(619.21) 
47590	46745	terminal-	4	6	{snap_scaffold_16-snap.69-T1;snap},{Augustus_model.g4758.t1;Augustus},{GeneMark_model.6142_t;GeneMark},{GlimmerHMM_glimmerT_5723-T1;GlimmerHMM}
47648	47591	INTRON			{Augustus_model.g4758.t1;Augustus},{GeneMark_model.6142_t;GeneMark},{GlimmerHMM_glimmerT_5723-T1;GlimmerHMM}
47734	47649	internal-	5	6	{Augustus_model.g4758.t1;Augustus},{GeneMark_model.6142_t;GeneMark},{GlimmerHMM_glimmerT_5723-T1;GlimmerHMM}
47804	47735	INTRON			{Augustus_model.g4758.t1;Augustus},{GeneMark_model.6142_t;GeneMark}
47853	47805	internal-	4	4	{Augustus_model.g4758.t1;Augustus},{GeneMark_model.6142_t;GeneMark}
47919	47854	INTRON			{GeneMark_model.6142_t;GeneMark}
48053	47920	internal-	5	6	{GeneMark_model.6142_t;GeneMark}
48124	48054	INTRON			{Augustus_model.g4758.t1;Augustus},{GeneMark_model.6142_t;GeneMark}
48221	48125	internal-	4	4	{Augustus_model.g4758.t1;Augustus},{GeneMark_model.6142_t;GeneMark},{GlimmerHMM_glimmerT_5723-T1;GlimmerHMM}
48318	48222	INTRON			{Augustus_model.g4758.t1;Augustus},{GeneMark_model.6142_t;GeneMark},{GlimmerHMM_glimmerT_5723-T1;GlimmerHMM}
48486	48319	initial-	4	6	{Augustus_model.g4758.t1;Augustus},{GeneMark_model.6142_t;GeneMark},{GlimmerHMM_glimmerT_5723-T1;GlimmerHMM}

