!! Predictions spanning range 1785 - 81887 [R1]
# EVM prediction: Mode:STANDARD S-ratio: 1.37 1785-4499 orient(+) score(6135.00) noncoding_equivalent(4486.34) raw_noncoding(5535.00) offset(1048.66) 
1785	1928	initial+	1	3	{GlimmerHMM_glimmerT_590-T1;GlimmerHMM},{GeneMark_model.636_t;GeneMark}
1929	2001	INTRON			{GlimmerHMM_glimmerT_590-T1;GlimmerHMM},{GeneMark_model.636_t;GeneMark}
2002	2070	internal+	1	3	{GlimmerHMM_glimmerT_590-T1;GlimmerHMM},{GeneMark_model.636_t;GeneMark}
2071	2145	INTRON			{GlimmerHMM_glimmerT_590-T1;GlimmerHMM},{GeneMark_model.636_t;GeneMark}
2146	2699	internal+	1	2	{GlimmerHMM_glimmerT_590-T1;GlimmerHMM}
2700	2763	INTRON			{GlimmerHMM_glimmerT_590-T1;GlimmerHMM},{GeneMark_model.636_t;GeneMark}
2764	2936	internal+	3	1	{GlimmerHMM_glimmerT_590-T1;GlimmerHMM},{GeneMark_model.636_t;GeneMark}
2937	3003	INTRON			{GlimmerHMM_glimmerT_590-T1;GlimmerHMM},{GeneMark_model.636_t;GeneMark}
3004	3198	internal+	2	1	{GlimmerHMM_glimmerT_590-T1;GlimmerHMM},{GeneMark_model.636_t;GeneMark}
3199	3265	INTRON			{GlimmerHMM_glimmerT_590-T1;GlimmerHMM},{GeneMark_model.636_t;GeneMark}
3266	3475	internal+	2	1	{GlimmerHMM_glimmerT_590-T1;GlimmerHMM},{GeneMark_model.636_t;GeneMark}
3476	3536	INTRON			{GeneMark_model.636_t;GeneMark}
3537	3815	internal+	2	1	{GeneMark_model.636_t;GeneMark}
3816	3876	INTRON			{GeneMark_model.636_t;GeneMark}
3877	4499	terminal+	2	3	{GlimmerHMM_glimmerT_590-T1;GlimmerHMM},{snap_scaffold_1-snap.676-T1;snap},{GeneMark_model.636_t;GeneMark}

# EVM prediction: Mode:STANDARD S-ratio: 2.00 4662-6017 orient(-) score(3609.00) noncoding_equivalent(1803.00) raw_noncoding(2106.00) offset(303.00) 
5185	4662	terminal-	5	6	{GlimmerHMM_glimmerT_591-T1;GlimmerHMM},{GeneMark_model.637_t;GeneMark}
5246	5186	INTRON			{GlimmerHMM_glimmerT_591-T1;GlimmerHMM},{GeneMark_model.637_t;GeneMark}
5840	5247	internal-	5	4	{GlimmerHMM_glimmerT_591-T1;GlimmerHMM},{GeneMark_model.637_t;GeneMark}
5962	5841	INTRON			{GlimmerHMM_glimmerT_591-T1;GlimmerHMM},{GeneMark_model.637_t;GeneMark}
6017	5963	initial-	4	4	{GlimmerHMM_glimmerT_591-T1;GlimmerHMM},{GeneMark_model.637_t;GeneMark}

# EVM prediction: Mode:STANDARD S-ratio: 1.67 7464-9456 orient(+) score(4982.00) noncoding_equivalent(2986.84) raw_noncoding(3539.00) offset(552.16) 
7464	7617	initial+	1	1	{GlimmerHMM_glimmerT_592-T1;GlimmerHMM},{GeneMark_model.638_t;GeneMark}
7618	7683	INTRON			{GlimmerHMM_glimmerT_592-T1;GlimmerHMM},{GeneMark_model.638_t;GeneMark}
7684	8121	internal+	2	1	{GlimmerHMM_glimmerT_592-T1;GlimmerHMM},{GeneMark_model.638_t;GeneMark}
8122	8204	INTRON			{GlimmerHMM_glimmerT_592-T1;GlimmerHMM},{GeneMark_model.638_t;GeneMark}
8205	8287	internal+	2	3	{GlimmerHMM_glimmerT_592-T1;GlimmerHMM},{GeneMark_model.638_t;GeneMark}
8288	8359	INTRON			{GlimmerHMM_glimmerT_592-T1;GlimmerHMM},{GeneMark_model.638_t;GeneMark}
8360	9310	internal+	1	3	{GlimmerHMM_glimmerT_592-T1;GlimmerHMM},{GeneMark_model.638_t;GeneMark}
9311	9417	INTRON			{GlimmerHMM_glimmerT_592-T1;GlimmerHMM},{GeneMark_model.638_t;GeneMark}
9418	9456	terminal+	1	3	{GlimmerHMM_glimmerT_592-T1;GlimmerHMM},{GeneMark_model.638_t;GeneMark}

# EVM prediction: Mode:STANDARD S-ratio: 0.89 10345-11386 orient(+) score(1626.00) noncoding_equivalent(1820.27) raw_noncoding(2917.71) offset(1097.44) 
10345	10351	initial+	1	1	{snap_scaffold_1-snap.680-T1;snap}
10352	10415	INTRON			{GeneMark_model.639_t;GeneMark}
10416	10455	internal+	2	2	{GeneMark_model.639_t;GeneMark}
10456	10520	INTRON			{GeneMark_model.639_t;GeneMark}
10521	10547	internal+	3	2	{GeneMark_model.639_t;GeneMark}
10548	10605	INTRON			{GeneMark_model.639_t;GeneMark}
10606	10664	internal+	3	1	{GeneMark_model.639_t;GeneMark}
10665	10722	INTRON			{GeneMark_model.639_t;GeneMark}
10723	10769	internal+	2	3	{GeneMark_model.639_t;GeneMark}
10770	10827	INTRON			{GeneMark_model.639_t;GeneMark}
10828	10840	internal+	1	1	{GeneMark_model.639_t;GeneMark}
10841	10910	INTRON			{GeneMark_model.639_t;GeneMark}
10911	11386	terminal+	2	3	{snap_scaffold_1-snap.680-T1;snap}

# EVM prediction: Mode:STANDARD S-ratio: 1.87 12409-13828 orient(-) score(3358.00) noncoding_equivalent(1798.33) raw_noncoding(2423.87) offset(625.54) 
12692	12409	terminal-	5	6	{GlimmerHMM_glimmerT_594-T1;GlimmerHMM},{GeneMark_model.640_t;GeneMark}
12776	12693	INTRON			{GlimmerHMM_glimmerT_594-T1;GlimmerHMM},{GeneMark_model.640_t;GeneMark}
13561	12777	internal-	6	4	{GlimmerHMM_glimmerT_594-T1;GlimmerHMM},{GeneMark_model.640_t;GeneMark}
13823	13562	INTRON			{snap_scaffold_1-snap.681-T1;snap}
13828	13824	initial-	4	5	{snap_scaffold_1-snap.681-T1;snap}

# EVM prediction: Mode:STANDARD S-ratio: 2.46 16372-19895 orient(-) score(10126.00) noncoding_equivalent(4111.94) raw_noncoding(4271.00) offset(159.06) 
17582	16372	terminal-	5	6	{GlimmerHMM_glimmerT_595-T1;GlimmerHMM},{GeneMark_model.641_t;GeneMark}
17649	17583	INTRON			{GlimmerHMM_glimmerT_595-T1;GlimmerHMM},{GeneMark_model.641_t;GeneMark}
19625	17650	internal-	6	4	{GlimmerHMM_glimmerT_595-T1;GlimmerHMM},{GeneMark_model.641_t;GeneMark}
19698	19626	INTRON			{snap_scaffold_1-snap.683-T1;snap},{GlimmerHMM_glimmerT_595-T1;GlimmerHMM},{GeneMark_model.641_t;GeneMark}
19895	19699	initial-	4	5	{GlimmerHMM_glimmerT_595-T1;GlimmerHMM}

# EVM prediction: Mode:STANDARD S-ratio: 1.57 20528-21199 orient(+) score(1585.00) noncoding_equivalent(1009.36) raw_noncoding(1057.36) offset(48.00) 
20528	20533	initial+	1	3	{snap_scaffold_1-snap.684-T1;snap}
20534	20581	INTRON			{snap_scaffold_1-snap.684-T1;snap}
20582	21199	terminal+	1	3	{snap_scaffold_1-snap.684-T1;snap}

# EVM prediction: Mode:STANDARD S-ratio: 2.35 27434-27881 orient(+) score(1344.00) noncoding_equivalent(572.00) raw_noncoding(640.00) offset(68.00) 
27434	27438	initial+	1	2	{snap_scaffold_1-snap.685-T1;snap}
27439	27502	INTRON			{GeneMark_model.644_t;GeneMark},{snap_scaffold_1-snap.685-T1;snap},{GlimmerHMM_glimmerT_598-T1;GlimmerHMM}
27503	27881	terminal+	3	3	{GeneMark_model.644_t;GeneMark},{snap_scaffold_1-snap.685-T1;snap},{GlimmerHMM_glimmerT_598-T1;GlimmerHMM}

# EVM prediction: Mode:STANDARD S-ratio: 1.50 28097-29102 orient(-) score(3015.00) noncoding_equivalent(2012.00) raw_noncoding(2770.00) offset(758.00) 
28181	28097	terminal-	6	6	{GeneMark_model.645_t;GeneMark},{GlimmerHMM_glimmerT_599-T1;GlimmerHMM}
28274	28182	INTRON			{GeneMark_model.645_t;GeneMark},{GlimmerHMM_glimmerT_599-T1;GlimmerHMM},{ev_type:exonerate/ID=match.2566964.153/Target=lcl|KQ954571_1_prot_KWU41028_1_6609;exonerate}
28452	28275	internal-	5	5	{GeneMark_model.645_t;GeneMark},{GlimmerHMM_glimmerT_599-T1;GlimmerHMM},{ev_type:exonerate/ID=match.2566964.153/Target=lcl|KQ954571_1_prot_KWU41028_1_6609;exonerate}
28526	28453	INTRON			{GeneMark_model.645_t;GeneMark},{GlimmerHMM_glimmerT_599-T1;GlimmerHMM},{ev_type:exonerate/ID=match.2566964.153/Target=lcl|KQ954571_1_prot_KWU41028_1_6609;exonerate}
28575	28527	internal-	4	4	{GeneMark_model.645_t;GeneMark},{GlimmerHMM_glimmerT_599-T1;GlimmerHMM},{ev_type:exonerate/ID=match.2566964.153/Target=lcl|KQ954571_1_prot_KWU41028_1_6609;exonerate}
28641	28576	INTRON			{GeneMark_model.645_t;GeneMark},{GlimmerHMM_glimmerT_599-T1;GlimmerHMM},{ev_type:exonerate/ID=match.2566964.153/Target=lcl|KQ954571_1_prot_KWU41028_1_6609;exonerate}
28803	28642	internal-	4	6	{GeneMark_model.645_t;GeneMark},{GlimmerHMM_glimmerT_599-T1;GlimmerHMM},{ev_type:exonerate/ID=match.2566964.153/Target=lcl|KQ954571_1_prot_KWU41028_1_6609;exonerate}
28881	28804	INTRON			{GeneMark_model.645_t;GeneMark},{GlimmerHMM_glimmerT_599-T1;GlimmerHMM},{ev_type:exonerate/ID=match.2566964.153/Target=lcl|KQ954571_1_prot_KWU41028_1_6609;exonerate}
28991	28882	internal-	5	6	{GeneMark_model.645_t;GeneMark},{GlimmerHMM_glimmerT_599-T1;GlimmerHMM},{ev_type:exonerate/ID=match.2566964.153/Target=lcl|KQ954571_1_prot_KWU41028_1_6609;exonerate}
29059	28992	INTRON			{GeneMark_model.645_t;GeneMark},{GlimmerHMM_glimmerT_599-T1;GlimmerHMM},{ev_type:exonerate/ID=match.2566964.153/Target=lcl|KQ954571_1_prot_KWU41028_1_6609;exonerate}
29102	29060	initial-	4	4	{GlimmerHMM_glimmerT_599-T1;GlimmerHMM}

# EVM prediction: Mode:STANDARD S-ratio: 1.75 29182-30693 orient(-) score(4187.00) noncoding_equivalent(2387.37) raw_noncoding(3502.37) offset(1115.00) 
29684	29182	terminal-	5	6	{GlimmerHMM_glimmerT_600-T1;GlimmerHMM},{snap_scaffold_1-snap.686-T1;snap}
29744	29685	INTRON			{GeneMark_model.645_t;GeneMark}
29758	29745	internal-	6	4	{GeneMark_model.645_t;GeneMark}
29830	29759	INTRON			{GeneMark_model.645_t;GeneMark}
29881	29831	internal-	6	5	{GeneMark_model.645_t;GeneMark}
29957	29882	INTRON			{GeneMark_model.645_t;GeneMark},{ev_type:exonerate/ID=match.2566964.153/Target=lcl|KQ954571_1_prot_KWU41028_1_6609;exonerate}
30136	29958	internal-	4	5	{GlimmerHMM_glimmerT_600-T1;GlimmerHMM},{GeneMark_model.645_t;GeneMark},{ev_type:exonerate/ID=match.2566964.153/Target=lcl|KQ954571_1_prot_KWU41028_1_6609;exonerate}
30218	30137	INTRON			{GlimmerHMM_glimmerT_600-T1;GlimmerHMM},{GeneMark_model.645_t;GeneMark},{ev_type:exonerate/ID=match.2566964.153/Target=lcl|KQ954571_1_prot_KWU41028_1_6609;exonerate}
30278	30219	internal-	4	6	{GlimmerHMM_glimmerT_600-T1;GlimmerHMM},{GeneMark_model.645_t;GeneMark}
30450	30279	INTRON			{GlimmerHMM_glimmerT_600-T1;GlimmerHMM},{GeneMark_model.645_t;GeneMark}
30693	30451	initial-	4	6	{GeneMark_model.645_t;GeneMark}

# EVM prediction: Mode:STANDARD S-ratio: 2.55 31528-32852 orient(-) score(3649.00) noncoding_equivalent(1432.90) raw_noncoding(1542.90) offset(110.00) 
32734	31528	terminal-	6	6	{snap_scaffold_1-snap.687-T1;snap}
32844	32735	INTRON			{snap_scaffold_1-snap.687-T1;snap}
32852	32845	initial-	4	5	{snap_scaffold_1-snap.687-T1;snap}

# EVM prediction: Mode:STANDARD S-ratio: 2.50 34607-35217 orient(-) score(1529.00) noncoding_equivalent(611.00) raw_noncoding(905.00) offset(294.00) 
35060	34607	terminal-	6	6	{snap_scaffold_1-snap.688-T1;snap},{GeneMark_model.647_t;GeneMark},{GlimmerHMM_glimmerT_601-T1;GlimmerHMM}
35212	35061	INTRON			{snap_scaffold_1-snap.688-T1;snap}
35217	35213	initial-	4	5	{snap_scaffold_1-snap.688-T1;snap}

# EVM prediction: Mode:STANDARD S-ratio: 1.72 37104-38359 orient(-) score(3174.00) noncoding_equivalent(1844.67) raw_noncoding(2259.97) offset(415.31) 
37181	37104	terminal-	4	6	{GeneMark_model.648_t;GeneMark},{GlimmerHMM_glimmerT_602-T1;GlimmerHMM}
37259	37182	INTRON			{GeneMark_model.648_t;GeneMark},{GlimmerHMM_glimmerT_602-T1;GlimmerHMM}
37380	37260	internal-	6	6	{GeneMark_model.648_t;GeneMark},{GlimmerHMM_glimmerT_602-T1;GlimmerHMM}
37450	37381	INTRON			{GeneMark_model.648_t;GeneMark},{GlimmerHMM_glimmerT_602-T1;GlimmerHMM}
37959	37451	internal-	4	5	{GeneMark_model.648_t;GeneMark},{GlimmerHMM_glimmerT_602-T1;GlimmerHMM}
38022	37960	INTRON			{GeneMark_model.648_t;GeneMark},{GlimmerHMM_glimmerT_602-T1;GlimmerHMM}
38169	38023	internal-	4	6	{GeneMark_model.648_t;GeneMark},{GlimmerHMM_glimmerT_602-T1;GlimmerHMM}
38230	38170	INTRON			{GeneMark_model.648_t;GeneMark},{GlimmerHMM_glimmerT_602-T1;GlimmerHMM}
38359	38231	initial-	4	6	{GeneMark_model.648_t;GeneMark},{GlimmerHMM_glimmerT_602-T1;GlimmerHMM}

# EVM prediction: Mode:STANDARD S-ratio: 2.36 39407-45292 orient(+) score(20627.00) noncoding_equivalent(8734.63) raw_noncoding(10419.00) offset(1684.37) 
39407	39622	initial+	1	3	{GlimmerHMM_glimmerT_603-T1;GlimmerHMM},{GeneMark_model.649_t;GeneMark}
39623	39783	INTRON			{GlimmerHMM_glimmerT_603-T1;GlimmerHMM},{GeneMark_model.649_t;GeneMark},{ev_type:exonerate/ID=match.2566964.11/Target=lcl|KQ954567_1_prot_KWU41047_1_6589;exonerate}
39784	39929	internal+	1	2	{GlimmerHMM_glimmerT_603-T1;GlimmerHMM},{GeneMark_model.649_t;GeneMark},{ev_type:exonerate/ID=match.2566964.11/Target=lcl|KQ954567_1_prot_KWU41047_1_6589;exonerate}
39930	39987	INTRON			{GlimmerHMM_glimmerT_603-T1;GlimmerHMM},{GeneMark_model.649_t;GeneMark},{ev_type:exonerate/ID=match.2566964.11/Target=lcl|KQ954567_1_prot_KWU41047_1_6589;exonerate}
39988	40030	internal+	3	3	{GlimmerHMM_glimmerT_603-T1;GlimmerHMM},{GeneMark_model.649_t;GeneMark},{ev_type:exonerate/ID=match.2566964.11/Target=lcl|KQ954567_1_prot_KWU41047_1_6589;exonerate}
40031	40101	INTRON			{GlimmerHMM_glimmerT_603-T1;GlimmerHMM},{GeneMark_model.649_t;GeneMark},{ev_type:exonerate/ID=match.2566964.11/Target=lcl|KQ954567_1_prot_KWU41047_1_6589;exonerate}
40102	40654	internal+	1	1	{GlimmerHMM_glimmerT_603-T1;GlimmerHMM},{GeneMark_model.649_t;GeneMark},{ev_type:exonerate/ID=match.2566964.11/Target=lcl|KQ954567_1_prot_KWU41047_1_6589;exonerate}
40655	40714	INTRON			{GlimmerHMM_glimmerT_603-T1;GlimmerHMM},{GeneMark_model.649_t;GeneMark}
40715	41321	internal+	2	2	{GlimmerHMM_glimmerT_603-T1;GlimmerHMM},{GeneMark_model.649_t;GeneMark}
41322	41395	INTRON			{GlimmerHMM_glimmerT_603-T1;GlimmerHMM},{GeneMark_model.649_t;GeneMark},{ev_type:exonerate/ID=match.2566964.11/Target=lcl|KQ954567_1_prot_KWU41047_1_6589;exonerate}
41396	41853	internal+	3	1	{GlimmerHMM_glimmerT_603-T1;GlimmerHMM},{GeneMark_model.649_t;GeneMark},{ev_type:exonerate/ID=match.2566964.11/Target=lcl|KQ954567_1_prot_KWU41047_1_6589;exonerate}
41854	41924	INTRON			{GlimmerHMM_glimmerT_603-T1;GlimmerHMM},{GeneMark_model.649_t;GeneMark},{ev_type:exonerate/ID=match.2566964.11/Target=lcl|KQ954567_1_prot_KWU41047_1_6589;exonerate}
41925	41987	internal+	2	1	{GeneMark_model.649_t;GeneMark},{ev_type:exonerate/ID=match.2566964.11/Target=lcl|KQ954567_1_prot_KWU41047_1_6589;exonerate}
41988	42050	INTRON			{GeneMark_model.649_t;GeneMark},{ev_type:exonerate/ID=match.2566964.11/Target=lcl|KQ954567_1_prot_KWU41047_1_6589;exonerate}
42051	42442	internal+	2	3	{GeneMark_model.649_t;GeneMark},{ev_type:exonerate/ID=match.2566964.11/Target=lcl|KQ954567_1_prot_KWU41047_1_6589;exonerate}
42443	42514	INTRON			{GlimmerHMM_glimmerT_603-T1;GlimmerHMM},{GeneMark_model.649_t;GeneMark},{ev_type:exonerate/ID=match.2566964.11/Target=lcl|KQ954567_1_prot_KWU41047_1_6589;exonerate}
42515	42614	internal+	1	1	{GlimmerHMM_glimmerT_603-T1;GlimmerHMM},{GeneMark_model.649_t;GeneMark},{ev_type:exonerate/ID=match.2566964.11/Target=lcl|KQ954567_1_prot_KWU41047_1_6589;exonerate}
42615	42673	INTRON			{GlimmerHMM_glimmerT_603-T1;GlimmerHMM},{GeneMark_model.649_t;GeneMark},{ev_type:exonerate/ID=match.2566964.11/Target=lcl|KQ954567_1_prot_KWU41047_1_6589;exonerate}
42674	43527	internal+	2	3	{GlimmerHMM_glimmerT_603-T1;GlimmerHMM},{GeneMark_model.649_t;GeneMark},{ev_type:exonerate/ID=match.2566964.11/Target=lcl|KQ954567_1_prot_KWU41047_1_6589;exonerate}
43528	43596	INTRON			{GlimmerHMM_glimmerT_603-T1;GlimmerHMM},{GeneMark_model.649_t;GeneMark},{ev_type:exonerate/ID=match.2566964.11/Target=lcl|KQ954567_1_prot_KWU41047_1_6589;exonerate}
43597	43734	internal+	1	3	{GlimmerHMM_glimmerT_603-T1;GlimmerHMM},{GeneMark_model.649_t;GeneMark},{ev_type:exonerate/ID=match.2566964.11/Target=lcl|KQ954567_1_prot_KWU41047_1_6589;exonerate}
43735	43799	INTRON			{GlimmerHMM_glimmerT_603-T1;GlimmerHMM},{GeneMark_model.649_t;GeneMark},{ev_type:exonerate/ID=match.2566964.11/Target=lcl|KQ954567_1_prot_KWU41047_1_6589;exonerate}
43800	44180	internal+	1	3	{GlimmerHMM_glimmerT_603-T1;GlimmerHMM},{GeneMark_model.649_t;GeneMark},{ev_type:exonerate/ID=match.2566964.11/Target=lcl|KQ954567_1_prot_KWU41047_1_6589;exonerate}
44181	44241	INTRON			{GlimmerHMM_glimmerT_603-T1;GlimmerHMM},{GeneMark_model.649_t;GeneMark},{ev_type:exonerate/ID=match.2566964.11/Target=lcl|KQ954567_1_prot_KWU41047_1_6589;exonerate}
44242	44395	internal+	1	1	{GlimmerHMM_glimmerT_603-T1;GlimmerHMM},{GeneMark_model.649_t;GeneMark},{ev_type:exonerate/ID=match.2566964.11/Target=lcl|KQ954567_1_prot_KWU41047_1_6589;exonerate}
44396	44454	INTRON			{GlimmerHMM_glimmerT_603-T1;GlimmerHMM},{GeneMark_model.649_t;GeneMark},{ev_type:exonerate/ID=match.2566964.11/Target=lcl|KQ954567_1_prot_KWU41047_1_6589;exonerate}
44455	44799	internal+	2	1	{GlimmerHMM_glimmerT_603-T1;GlimmerHMM},{GeneMark_model.649_t;GeneMark},{ev_type:exonerate/ID=match.2566964.11/Target=lcl|KQ954567_1_prot_KWU41047_1_6589;exonerate}
44800	44862	INTRON			{GlimmerHMM_glimmerT_603-T1;GlimmerHMM},{GeneMark_model.649_t;GeneMark},{ev_type:exonerate/ID=match.2566964.11/Target=lcl|KQ954567_1_prot_KWU41047_1_6589;exonerate}
44863	44952	internal+	2	1	{GlimmerHMM_glimmerT_603-T1;GlimmerHMM},{GeneMark_model.649_t;GeneMark},{ev_type:exonerate/ID=match.2566964.11/Target=lcl|KQ954567_1_prot_KWU41047_1_6589;exonerate}
44953	45020	INTRON			{snap_scaffold_1-snap.694-T1;snap},{GlimmerHMM_glimmerT_603-T1;GlimmerHMM},{GeneMark_model.649_t;GeneMark},{ev_type:exonerate/ID=match.2566964.11/Target=lcl|KQ954567_1_prot_KWU41047_1_6589;exonerate}
45021	45292	terminal+	2	3	{snap_scaffold_1-snap.694-T1;snap},{GlimmerHMM_glimmerT_603-T1;GlimmerHMM},{GeneMark_model.649_t;GeneMark}

# EVM prediction: Mode:STANDARD S-ratio: 1.50 46718-47344 orient(+) score(1601.00) noncoding_equivalent(1067.00) raw_noncoding(1401.00) offset(334.00) 
46718	46724	initial+	1	1	{snap_scaffold_1-snap.695-T1;snap}
46725	46807	INTRON			{GlimmerHMM_glimmerT_604-T1;GlimmerHMM},{snap_scaffold_1-snap.695-T1;snap},{GeneMark_model.650_t;GeneMark}
46808	47008	internal+	2	1	{GlimmerHMM_glimmerT_604-T1;GlimmerHMM},{GeneMark_model.650_t;GeneMark}
47009	47096	INTRON			{GlimmerHMM_glimmerT_604-T1;GlimmerHMM},{GeneMark_model.650_t;GeneMark}
47097	47152	internal+	2	3	{GlimmerHMM_glimmerT_604-T1;GlimmerHMM},{GeneMark_model.650_t;GeneMark}
47153	47236	INTRON			{GlimmerHMM_glimmerT_604-T1;GlimmerHMM},{GeneMark_model.650_t;GeneMark}
47237	47344	terminal+	1	3	{GlimmerHMM_glimmerT_604-T1;GlimmerHMM},{GeneMark_model.650_t;GeneMark}

# EVM prediction: Mode:STANDARD S-ratio: 2.05 47954-48645 orient(-) score(1600.00) noncoding_equivalent(782.01) raw_noncoding(1229.26) offset(447.25) 
48443	47954	terminal-	6	6	{snap_scaffold_1-snap.696-T1;snap}
48637	48444	INTRON			{snap_scaffold_1-snap.696-T1;snap}
48645	48638	initial-	4	5	{snap_scaffold_1-snap.696-T1;snap}

# EVM prediction: Mode:STANDARD S-ratio: 2.03 49591-50384 orient(-) score(1940.00) noncoding_equivalent(954.93) raw_noncoding(1367.28) offset(412.34) 
50169	49591	terminal-	4	6	{snap_scaffold_1-snap.697-T1;snap}
50237	50170	INTRON			{GeneMark_model.651_t;GeneMark}
50290	50238	internal-	5	6	{GeneMark_model.651_t;GeneMark}
50365	50291	INTRON			{GeneMark_model.651_t;GeneMark}
50384	50366	initial-	4	4	{GeneMark_model.651_t;GeneMark}

# EVM prediction: Mode:STANDARD S-ratio: 2.56 50984-52206 orient(-) score(3517.00) noncoding_equivalent(1373.13) raw_noncoding(1509.24) offset(136.11) 
52054	50984	terminal-	4	6	{snap_scaffold_1-snap.698-T1;snap},{GlimmerHMM_glimmerT_606-T1;GlimmerHMM},{GeneMark_model.652_t;GeneMark}
52122	52055	INTRON			{GlimmerHMM_glimmerT_606-T1;GlimmerHMM},{GeneMark_model.652_t;GeneMark}
52206	52123	initial-	4	6	{GlimmerHMM_glimmerT_606-T1;GlimmerHMM},{GeneMark_model.652_t;GeneMark}

# EVM prediction: Mode:STANDARD S-ratio: 1.61 54462-58615 orient(+) score(9988.00) noncoding_equivalent(6189.01) raw_noncoding(7922.00) offset(1732.99) 
54462	54543	initial+	1	1	{GlimmerHMM_glimmerT_607-T1;GlimmerHMM},{GeneMark_model.653_t;GeneMark}
54544	54653	INTRON			{GlimmerHMM_glimmerT_607-T1;GlimmerHMM},{GeneMark_model.653_t;GeneMark}
54654	54927	internal+	2	2	{GlimmerHMM_glimmerT_607-T1;GlimmerHMM},{GeneMark_model.653_t;GeneMark}
54928	54997	INTRON			{GlimmerHMM_glimmerT_607-T1;GlimmerHMM},{GeneMark_model.653_t;GeneMark}
54998	55035	internal+	3	1	{GeneMark_model.653_t;GeneMark}
55036	55100	INTRON			{GeneMark_model.653_t;GeneMark}
55101	55164	internal+	2	2	{GeneMark_model.653_t;GeneMark}
55165	55241	INTRON			{GeneMark_model.653_t;GeneMark}
55242	55260	internal+	3	3	{GeneMark_model.653_t;GeneMark}
55261	55341	INTRON			{GeneMark_model.653_t;GeneMark}
55342	55503	internal+	1	3	{GlimmerHMM_glimmerT_607-T1;GlimmerHMM},{GeneMark_model.653_t;GeneMark}
55504	55571	INTRON			{GlimmerHMM_glimmerT_607-T1;GlimmerHMM},{GeneMark_model.653_t;GeneMark}
55572	56095	internal+	1	2	{GlimmerHMM_glimmerT_607-T1;GlimmerHMM},{GeneMark_model.653_t;GeneMark}
56096	56165	INTRON			{GlimmerHMM_glimmerT_607-T1;GlimmerHMM},{GeneMark_model.653_t;GeneMark}
56166	57693	internal+	3	3	{GlimmerHMM_glimmerT_607-T1;GlimmerHMM}
57694	57791	INTRON			{GlimmerHMM_glimmerT_607-T1;GlimmerHMM},{GeneMark_model.653_t;GeneMark}
57792	57918	internal+	1	1	{GlimmerHMM_glimmerT_607-T1;GlimmerHMM},{GeneMark_model.653_t;GeneMark}
57919	57980	INTRON			{GlimmerHMM_glimmerT_607-T1;GlimmerHMM},{GeneMark_model.653_t;GeneMark}
57981	58056	internal+	2	2	{GlimmerHMM_glimmerT_607-T1;GlimmerHMM},{GeneMark_model.653_t;GeneMark}
58057	58123	INTRON			{GlimmerHMM_glimmerT_607-T1;GlimmerHMM},{GeneMark_model.653_t;GeneMark}
58124	58251	internal+	3	1	{GlimmerHMM_glimmerT_607-T1;GlimmerHMM},{GeneMark_model.653_t;GeneMark}
58252	58325	INTRON			{GlimmerHMM_glimmerT_607-T1;GlimmerHMM},{GeneMark_model.653_t;GeneMark}
58326	58615	terminal+	2	3	{GlimmerHMM_glimmerT_607-T1;GlimmerHMM},{GeneMark_model.653_t;GeneMark}

# EVM prediction: Mode:STANDARD S-ratio: 1.87 61433-62531 orient(-) score(3574.00) noncoding_equivalent(1911.00) raw_noncoding(2611.00) offset(700.00) 
61574	61433	terminal-	6	6	{GlimmerHMM_glimmerT_608-T1;GlimmerHMM},{GeneMark_model.655_t;GeneMark}
61651	61575	INTRON			{GlimmerHMM_glimmerT_608-T1;GlimmerHMM},{GeneMark_model.655_t;GeneMark},{ev_type:exonerate/ID=match.2566964.350/Target=lcl|PJQD01000017_1_prot_POY75329_1_1388;exonerate}
61735	61652	internal-	6	5	{GlimmerHMM_glimmerT_608-T1;GlimmerHMM},{GeneMark_model.655_t;GeneMark},{ev_type:exonerate/ID=match.2566964.350/Target=lcl|PJQD01000017_1_prot_POY75329_1_1388;exonerate}
61909	61736	INTRON			{GlimmerHMM_glimmerT_608-T1;GlimmerHMM},{GeneMark_model.655_t;GeneMark},{ev_type:exonerate/ID=match.2566964.350/Target=lcl|PJQD01000017_1_prot_POY75329_1_1388;exonerate}
62048	61910	internal-	5	5	{GlimmerHMM_glimmerT_608-T1;GlimmerHMM},{GeneMark_model.655_t;GeneMark},{ev_type:exonerate/ID=match.2566964.350/Target=lcl|PJQD01000017_1_prot_POY75329_1_1388;exonerate}
62130	62049	INTRON			{GlimmerHMM_glimmerT_608-T1;GlimmerHMM},{GeneMark_model.655_t;GeneMark},{ev_type:exonerate/ID=match.2566964.350/Target=lcl|PJQD01000017_1_prot_POY75329_1_1388;exonerate}
62365	62131	internal-	4	4	{GlimmerHMM_glimmerT_608-T1;GlimmerHMM},{GeneMark_model.655_t;GeneMark},{ev_type:exonerate/ID=match.2566964.350/Target=lcl|PJQD01000017_1_prot_POY75329_1_1388;exonerate}
62429	62366	INTRON			{GlimmerHMM_glimmerT_608-T1;GlimmerHMM},{GeneMark_model.655_t;GeneMark},{ev_type:exonerate/ID=match.2566964.350/Target=lcl|PJQD01000017_1_prot_POY75329_1_1388;exonerate}
62531	62430	initial-	4	6	{GlimmerHMM_glimmerT_608-T1;GlimmerHMM},{GeneMark_model.655_t;GeneMark}

# EVM prediction: Mode:STANDARD S-ratio: 3.49 63119-63817 orient(+) score(4878.00) noncoding_equivalent(1398.00) raw_noncoding(2238.00) offset(840.00) 
63119	63166	initial+	1	3	{GlimmerHMM_glimmerT_609-T1;GlimmerHMM},{GeneMark_model.656_t;GeneMark}
63167	63366	INTRON			{GlimmerHMM_glimmerT_609-T1;GlimmerHMM},{GeneMark_model.656_t;GeneMark},{ev_type:exonerate/ID=match.2566964.946/Target=lcl|BJWK01000019_1_prot_GEM12173_1_6190;exonerate},{ev_type:exonerate/ID=match.2566964.945/Target=lcl|LCTV02000002_1_prot_PRQ77218_1_4268;exonerate},{ev_type:exonerate/ID=match.2566964.961/Target=lcl|NW_017264928_1_prot_XP_018274098_1_158;exonerate},{ev_type:exonerate/ID=match.2566964.933/Target=lcl|PJQD01000017_1_prot_POY75330_1_1389;exonerate},{ev_type:exonerate/ID=match.2566964.938/Target=lcl|KQ954516_1_prot_KWU42080_1_5529;exonerate}
63367	63431	internal+	1	2	{GlimmerHMM_glimmerT_609-T1;GlimmerHMM},{GeneMark_model.656_t;GeneMark},{ev_type:exonerate/ID=match.2566964.946/Target=lcl|BJWK01000019_1_prot_GEM12173_1_6190;exonerate},{ev_type:exonerate/ID=match.2566964.945/Target=lcl|LCTV02000002_1_prot_PRQ77218_1_4268;exonerate},{ev_type:exonerate/ID=match.2566964.961/Target=lcl|NW_017264928_1_prot_XP_018274098_1_158;exonerate},{ev_type:exonerate/ID=match.2566964.933/Target=lcl|PJQD01000017_1_prot_POY75330_1_1389;exonerate},{ev_type:exonerate/ID=match.2566964.938/Target=lcl|KQ954516_1_prot_KWU42080_1_5529;exonerate}
63432	63503	INTRON			{GlimmerHMM_glimmerT_609-T1;GlimmerHMM},{GeneMark_model.656_t;GeneMark},{ev_type:exonerate/ID=match.2566964.946/Target=lcl|BJWK01000019_1_prot_GEM12173_1_6190;exonerate},{ev_type:exonerate/ID=match.2566964.945/Target=lcl|LCTV02000002_1_prot_PRQ77218_1_4268;exonerate},{ev_type:exonerate/ID=match.2566964.961/Target=lcl|NW_017264928_1_prot_XP_018274098_1_158;exonerate},{ev_type:exonerate/ID=match.2566964.933/Target=lcl|PJQD01000017_1_prot_POY75330_1_1389;exonerate},{ev_type:exonerate/ID=match.2566964.938/Target=lcl|KQ954516_1_prot_KWU42080_1_5529;exonerate}
63504	63522	internal+	3	3	{GlimmerHMM_glimmerT_609-T1;GlimmerHMM},{GeneMark_model.656_t;GeneMark},{ev_type:exonerate/ID=match.2566964.946/Target=lcl|BJWK01000019_1_prot_GEM12173_1_6190;exonerate},{ev_type:exonerate/ID=match.2566964.945/Target=lcl|LCTV02000002_1_prot_PRQ77218_1_4268;exonerate},{ev_type:exonerate/ID=match.2566964.961/Target=lcl|NW_017264928_1_prot_XP_018274098_1_158;exonerate},{ev_type:exonerate/ID=match.2566964.933/Target=lcl|PJQD01000017_1_prot_POY75330_1_1389;exonerate},{ev_type:exonerate/ID=match.2566964.938/Target=lcl|KQ954516_1_prot_KWU42080_1_5529;exonerate}
63523	63593	INTRON			{GlimmerHMM_glimmerT_609-T1;GlimmerHMM},{GeneMark_model.656_t;GeneMark},{ev_type:exonerate/ID=match.2566964.946/Target=lcl|BJWK01000019_1_prot_GEM12173_1_6190;exonerate},{ev_type:exonerate/ID=match.2566964.945/Target=lcl|LCTV02000002_1_prot_PRQ77218_1_4268;exonerate},{ev_type:exonerate/ID=match.2566964.961/Target=lcl|NW_017264928_1_prot_XP_018274098_1_158;exonerate},{ev_type:exonerate/ID=match.2566964.933/Target=lcl|PJQD01000017_1_prot_POY75330_1_1389;exonerate},{ev_type:exonerate/ID=match.2566964.938/Target=lcl|KQ954516_1_prot_KWU42080_1_5529;exonerate}
63594	63703	internal+	1	2	{GlimmerHMM_glimmerT_609-T1;GlimmerHMM},{GeneMark_model.656_t;GeneMark},{ev_type:exonerate/ID=match.2566964.946/Target=lcl|BJWK01000019_1_prot_GEM12173_1_6190;exonerate},{ev_type:exonerate/ID=match.2566964.945/Target=lcl|LCTV02000002_1_prot_PRQ77218_1_4268;exonerate},{ev_type:exonerate/ID=match.2566964.961/Target=lcl|NW_017264928_1_prot_XP_018274098_1_158;exonerate},{ev_type:exonerate/ID=match.2566964.933/Target=lcl|PJQD01000017_1_prot_POY75330_1_1389;exonerate},{ev_type:exonerate/ID=match.2566964.938/Target=lcl|KQ954516_1_prot_KWU42080_1_5529;exonerate}
63704	63780	INTRON			{GlimmerHMM_glimmerT_609-T1;GlimmerHMM},{GeneMark_model.656_t;GeneMark},{ev_type:exonerate/ID=match.2566964.946/Target=lcl|BJWK01000019_1_prot_GEM12173_1_6190;exonerate},{ev_type:exonerate/ID=match.2566964.945/Target=lcl|LCTV02000002_1_prot_PRQ77218_1_4268;exonerate},{ev_type:exonerate/ID=match.2566964.961/Target=lcl|NW_017264928_1_prot_XP_018274098_1_158;exonerate},{ev_type:exonerate/ID=match.2566964.933/Target=lcl|PJQD01000017_1_prot_POY75330_1_1389;exonerate},{ev_type:exonerate/ID=match.2566964.938/Target=lcl|KQ954516_1_prot_KWU42080_1_5529;exonerate}
63781	63817	terminal+	3	3	{GlimmerHMM_glimmerT_609-T1;GlimmerHMM},{GeneMark_model.656_t;GeneMark}

# EVM prediction: Mode:STANDARD S-ratio: 1.46 65525-68336 orient(+) score(6566.00) noncoding_equivalent(4505.84) raw_noncoding(5529.44) offset(1023.60) 
65525	65925	initial+	1	2	{GeneMark_model.657_t;GeneMark},{GlimmerHMM_glimmerT_610-T1;GlimmerHMM}
65926	65998	INTRON			{GeneMark_model.657_t;GeneMark},{GlimmerHMM_glimmerT_610-T1;GlimmerHMM}
65999	66281	internal+	3	3	{GeneMark_model.657_t;GeneMark},{GlimmerHMM_glimmerT_610-T1;GlimmerHMM}
66282	66353	INTRON			{GeneMark_model.657_t;GeneMark},{GlimmerHMM_glimmerT_610-T1;GlimmerHMM}
66354	66704	internal+	1	3	{GeneMark_model.657_t;GeneMark},{GlimmerHMM_glimmerT_610-T1;GlimmerHMM}
66705	66773	INTRON			{GeneMark_model.657_t;GeneMark},{GlimmerHMM_glimmerT_610-T1;GlimmerHMM}
66774	67448	internal+	1	3	{GeneMark_model.657_t;GeneMark},{GlimmerHMM_glimmerT_610-T1;GlimmerHMM}
67449	67520	INTRON			{GeneMark_model.657_t;GeneMark},{GlimmerHMM_glimmerT_610-T1;GlimmerHMM}
67521	67807	internal+	1	2	{GeneMark_model.657_t;GeneMark},{GlimmerHMM_glimmerT_610-T1;GlimmerHMM}
67808	67879	INTRON			{GeneMark_model.657_t;GeneMark},{GlimmerHMM_glimmerT_610-T1;GlimmerHMM}
67880	67965	internal+	3	1	{GeneMark_model.657_t;GeneMark},{GlimmerHMM_glimmerT_610-T1;GlimmerHMM}
67966	68048	INTRON			{GeneMark_model.657_t;GeneMark},{GlimmerHMM_glimmerT_610-T1;GlimmerHMM}
68049	68243	internal+	2	1	{GeneMark_model.657_t;GeneMark},{GlimmerHMM_glimmerT_610-T1;GlimmerHMM}
68244	68331	INTRON			{GeneMark_model.657_t;GeneMark}
68332	68336	terminal+	2	3	{GeneMark_model.657_t;GeneMark}

# EVM prediction: Mode:STANDARD S-ratio: 2.94 69238-72304 orient(+) score(9079.00) noncoding_equivalent(3083.48) raw_noncoding(3135.48) offset(52.00) 
69238	69246	initial+	1	3	{snap_scaffold_1-snap.704-T1;snap}
69247	69298	INTRON			{snap_scaffold_1-snap.704-T1;snap}
69299	72304	terminal+	1	3	{snap_scaffold_1-snap.704-T1;snap}

# EVM prediction: Mode:STANDARD S-ratio: 3.00 72762-73775 orient(-) score(3042.00) noncoding_equivalent(1014.00) raw_noncoding(1014.00) offset(0.00) 
73775	72762	single-	4	6	{GlimmerHMM_glimmerT_611-T1;GlimmerHMM}

# EVM prediction: Mode:STANDARD S-ratio: 2.14 74882-77808 orient(+) score(8061.00) noncoding_equivalent(3773.01) raw_noncoding(3842.01) offset(69.00) 
74882	75612	initial+	1	2	{GeneMark_model.660_t;GeneMark}
75613	75677	INTRON			{GeneMark_model.660_t;GeneMark},{GlimmerHMM_glimmerT_612-T1;GlimmerHMM},{snap_scaffold_1-snap.706-T1;snap}
75678	77808	terminal+	3	3	{GeneMark_model.660_t;GeneMark},{snap_scaffold_1-snap.706-T1;snap}

# EVM prediction: Mode:STANDARD S-ratio: 1.87 80918-81887 orient(-) score(2527.00) noncoding_equivalent(1353.06) raw_noncoding(1730.00) offset(376.94) 
81499	80918	terminal-	4	6	{GlimmerHMM_glimmerT_613-T1;GlimmerHMM},{GeneMark_model.662_t;GeneMark},{snap_scaffold_1-snap.707-T1;snap}
81565	81500	INTRON			{GlimmerHMM_glimmerT_613-T1;GlimmerHMM},{GeneMark_model.662_t;GeneMark}
81576	81566	internal-	5	6	{GlimmerHMM_glimmerT_613-T1;GlimmerHMM},{GeneMark_model.662_t;GeneMark}
81638	81577	INTRON			{GlimmerHMM_glimmerT_613-T1;GlimmerHMM},{GeneMark_model.662_t;GeneMark}
81736	81639	internal-	6	4	{GlimmerHMM_glimmerT_613-T1;GlimmerHMM},{GeneMark_model.662_t;GeneMark}
81800	81737	INTRON			{GlimmerHMM_glimmerT_613-T1;GlimmerHMM},{GeneMark_model.662_t;GeneMark}
81887	81801	internal-	6	5	{GlimmerHMM_glimmerT_613-T1;GlimmerHMM}

