!! Predictions spanning range 1501 - 142311 [R1]
# EVM prediction: Mode:STANDARD S-ratio: 1.62 1501-4083 orient(+) score(6718.00) noncoding_equivalent(4151.28) raw_noncoding(6033.00) offset(1881.72) 
1501	1691	initial+	1	2	{Augustus_model.g3224.t1;Augustus},{GeneMark_model.4135_t;GeneMark},{GlimmerHMM_glimmerT_3872-T1;GlimmerHMM}
1692	1768	INTRON			{Augustus_model.g3224.t1;Augustus},{GeneMark_model.4135_t;GeneMark}
1769	1786	internal+	3	2	{Augustus_model.g3224.t1;Augustus},{GeneMark_model.4135_t;GeneMark}
1787	1849	INTRON			{Augustus_model.g3224.t1;Augustus},{GeneMark_model.4135_t;GeneMark}
1850	1877	internal+	3	3	{Augustus_model.g3224.t1;Augustus},{GeneMark_model.4135_t;GeneMark}
1878	1972	INTRON			{Augustus_model.g3224.t1;Augustus},{GeneMark_model.4135_t;GeneMark}
1973	2014	internal+	1	3	{Augustus_model.g3224.t1;Augustus},{GeneMark_model.4135_t;GeneMark}
2015	2164	INTRON			{Augustus_model.g3224.t1;Augustus},{GeneMark_model.4135_t;GeneMark}
2165	2192	internal+	1	1	{Augustus_model.g3224.t1;Augustus},{GeneMark_model.4135_t;GeneMark}
2193	2264	INTRON			{Augustus_model.g3224.t1;Augustus},{GeneMark_model.4135_t;GeneMark}
2265	2433	internal+	2	2	{Augustus_model.g3224.t1;Augustus},{GeneMark_model.4135_t;GeneMark},{GlimmerHMM_glimmerT_3872-T1;GlimmerHMM}
2434	2514	INTRON			{Augustus_model.g3224.t1;Augustus},{GeneMark_model.4135_t;GeneMark}
2515	2531	internal+	3	1	{Augustus_model.g3224.t1;Augustus},{GeneMark_model.4135_t;GeneMark}
2532	2603	INTRON			{Augustus_model.g3224.t1;Augustus},{GeneMark_model.4135_t;GeneMark}
2604	2613	internal+	2	2	{Augustus_model.g3224.t1;Augustus},{GeneMark_model.4135_t;GeneMark}
2614	2679	INTRON			{Augustus_model.g3224.t1;Augustus},{GeneMark_model.4135_t;GeneMark}
2680	2769	internal+	3	2	{Augustus_model.g3224.t1;Augustus},{GeneMark_model.4135_t;GeneMark}
2770	2826	INTRON			{Augustus_model.g3224.t1;Augustus},{GeneMark_model.4135_t;GeneMark}
2827	3203	internal+	3	1	{Augustus_model.g3224.t1;Augustus},{GeneMark_model.4135_t;GeneMark},{GlimmerHMM_glimmerT_3872-T1;GlimmerHMM}
3204	3270	INTRON			{Augustus_model.g3224.t1;Augustus},{GeneMark_model.4135_t;GeneMark},{GlimmerHMM_glimmerT_3872-T1;GlimmerHMM}
3271	3408	internal+	2	1	{Augustus_model.g3224.t1;Augustus},{GeneMark_model.4135_t;GeneMark},{GlimmerHMM_glimmerT_3872-T1;GlimmerHMM}
3409	3480	INTRON			{Augustus_model.g3224.t1;Augustus},{GeneMark_model.4135_t;GeneMark},{GlimmerHMM_glimmerT_3872-T1;GlimmerHMM}
3481	3612	internal+	2	1	{Augustus_model.g3224.t1;Augustus},{GeneMark_model.4135_t;GeneMark},{GlimmerHMM_glimmerT_3872-T1;GlimmerHMM}
3613	3681	INTRON			{Augustus_model.g3224.t1;Augustus},{GeneMark_model.4135_t;GeneMark},{GlimmerHMM_glimmerT_3872-T1;GlimmerHMM}
3682	3771	internal+	2	1	{Augustus_model.g3224.t1;Augustus},{GeneMark_model.4135_t;GeneMark},{GlimmerHMM_glimmerT_3872-T1;GlimmerHMM}
3772	3842	INTRON			{Augustus_model.g3224.t1;Augustus},{GeneMark_model.4135_t;GeneMark},{GlimmerHMM_glimmerT_3872-T1;GlimmerHMM}
3843	3990	internal+	2	2	{Augustus_model.g3224.t1;Augustus},{GeneMark_model.4135_t;GeneMark}
3991	4055	INTRON			{Augustus_model.g3224.t1;Augustus},{GeneMark_model.4135_t;GeneMark}
4056	4083	terminal+	3	3	{Augustus_model.g3224.t1;Augustus},{GeneMark_model.4135_t;GeneMark}

# EVM prediction: Mode:STANDARD S-ratio: 2.79 4578-7206 orient(-) score(10109.00) noncoding_equivalent(3624.77) raw_noncoding(4599.48) offset(974.71) 
4591	4578	terminal-	5	6	{Augustus_model.g3225.t1;Augustus},{GeneMark_model.4136_t;GeneMark}
4646	4592	INTRON			{Augustus_model.g3225.t1;Augustus},{GeneMark_model.4136_t;GeneMark}
4930	4647	internal-	6	4	{GlimmerHMM_glimmerT_3873-T1;GlimmerHMM},{Augustus_model.g3225.t1;Augustus},{GeneMark_model.4136_t;GeneMark}
4987	4931	INTRON			{GlimmerHMM_glimmerT_3873-T1;GlimmerHMM},{Augustus_model.g3225.t1;Augustus},{GeneMark_model.4136_t;GeneMark}
5395	4988	internal-	6	5	{GlimmerHMM_glimmerT_3873-T1;GlimmerHMM},{GeneMark_model.4136_t;GeneMark}
5455	5396	INTRON			{GlimmerHMM_glimmerT_3873-T1;GlimmerHMM},{Augustus_model.g3225.t1;Augustus},{GeneMark_model.4136_t;GeneMark}
5604	5456	internal-	4	5	{GlimmerHMM_glimmerT_3873-T1;GlimmerHMM},{Augustus_model.g3225.t1;Augustus},{GeneMark_model.4136_t;GeneMark}
5670	5605	INTRON			{GlimmerHMM_glimmerT_3873-T1;GlimmerHMM},{Augustus_model.g3225.t1;Augustus},{GeneMark_model.4136_t;GeneMark}
5937	5671	internal-	4	6	{GlimmerHMM_glimmerT_3873-T1;GlimmerHMM},{Augustus_model.g3225.t1;Augustus},{GeneMark_model.4136_t;GeneMark}
5994	5938	INTRON			{GlimmerHMM_glimmerT_3873-T1;GlimmerHMM},{Augustus_model.g3225.t1;Augustus},{GeneMark_model.4136_t;GeneMark},{ev_type:exonerate/ID=match.2566964.970/Target=lcl|KQ954501_1_prot_KWU42772_1_4902;exonerate},{ev_type:exonerate/ID=match.2566964.975/Target=lcl|NW_017264940_1_prot_XP_018268838_1_5849;exonerate}
6296	5995	internal-	5	6	{GlimmerHMM_glimmerT_3873-T1;GlimmerHMM},{Augustus_model.g3225.t1;Augustus},{GeneMark_model.4136_t;GeneMark},{ev_type:exonerate/ID=match.2566964.970/Target=lcl|KQ954501_1_prot_KWU42772_1_4902;exonerate},{ev_type:exonerate/ID=match.2566964.975/Target=lcl|NW_017264940_1_prot_XP_018268838_1_5849;exonerate}
6365	6297	INTRON			{Augustus_model.g3225.t1;Augustus},{GeneMark_model.4136_t;GeneMark},{ev_type:exonerate/ID=match.2566964.970/Target=lcl|KQ954501_1_prot_KWU42772_1_4902;exonerate},{ev_type:exonerate/ID=match.2566964.975/Target=lcl|NW_017264940_1_prot_XP_018268838_1_5849;exonerate}
6407	6366	internal-	5	4	{Augustus_model.g3225.t1;Augustus},{GeneMark_model.4136_t;GeneMark},{ev_type:exonerate/ID=match.2566964.970/Target=lcl|KQ954501_1_prot_KWU42772_1_4902;exonerate},{ev_type:exonerate/ID=match.2566964.975/Target=lcl|NW_017264940_1_prot_XP_018268838_1_5849;exonerate}
6469	6408	INTRON			{Augustus_model.g3225.t1;Augustus},{GeneMark_model.4136_t;GeneMark},{ev_type:exonerate/ID=match.2566964.970/Target=lcl|KQ954501_1_prot_KWU42772_1_4902;exonerate},{ev_type:exonerate/ID=match.2566964.975/Target=lcl|NW_017264940_1_prot_XP_018268838_1_5849;exonerate}
6578	6470	internal-	4	4	{Augustus_model.g3225.t1;Augustus},{GeneMark_model.4136_t;GeneMark},{ev_type:exonerate/ID=match.2566964.970/Target=lcl|KQ954501_1_prot_KWU42772_1_4902;exonerate},{ev_type:exonerate/ID=match.2566964.975/Target=lcl|NW_017264940_1_prot_XP_018268838_1_5849;exonerate}
6640	6579	INTRON			{Augustus_model.g3225.t1;Augustus},{GeneMark_model.4136_t;GeneMark},{ev_type:exonerate/ID=match.2566964.970/Target=lcl|KQ954501_1_prot_KWU42772_1_4902;exonerate},{ev_type:exonerate/ID=match.2566964.975/Target=lcl|NW_017264940_1_prot_XP_018268838_1_5849;exonerate}
6678	6641	internal-	5	6	{Augustus_model.g3225.t1;Augustus},{GeneMark_model.4136_t;GeneMark},{ev_type:exonerate/ID=match.2566964.970/Target=lcl|KQ954501_1_prot_KWU42772_1_4902;exonerate},{ev_type:exonerate/ID=match.2566964.975/Target=lcl|NW_017264940_1_prot_XP_018268838_1_5849;exonerate}
6737	6679	INTRON			{Augustus_model.g3225.t1;Augustus},{GeneMark_model.4136_t;GeneMark},{ev_type:exonerate/ID=match.2566964.970/Target=lcl|KQ954501_1_prot_KWU42772_1_4902;exonerate},{ev_type:exonerate/ID=match.2566964.975/Target=lcl|NW_017264940_1_prot_XP_018268838_1_5849;exonerate}
6907	6738	internal-	6	4	{GlimmerHMM_glimmerT_3873-T1;GlimmerHMM},{Augustus_model.g3225.t1;Augustus},{GeneMark_model.4136_t;GeneMark},{ev_type:exonerate/ID=match.2566964.970/Target=lcl|KQ954501_1_prot_KWU42772_1_4902;exonerate},{ev_type:exonerate/ID=match.2566964.975/Target=lcl|NW_017264940_1_prot_XP_018268838_1_5849;exonerate}
6975	6908	INTRON			{GlimmerHMM_glimmerT_3873-T1;GlimmerHMM},{Augustus_model.g3225.t1;Augustus},{GeneMark_model.4136_t;GeneMark},{ev_type:exonerate/ID=match.2566964.970/Target=lcl|KQ954501_1_prot_KWU42772_1_4902;exonerate},{ev_type:exonerate/ID=match.2566964.975/Target=lcl|NW_017264940_1_prot_XP_018268838_1_5849;exonerate}
7029	6976	internal-	6	5	{GlimmerHMM_glimmerT_3873-T1;GlimmerHMM},{Augustus_model.g3225.t1;Augustus},{GeneMark_model.4136_t;GeneMark}
7096	7030	INTRON			{GlimmerHMM_glimmerT_3873-T1;GlimmerHMM},{Augustus_model.g3225.t1;Augustus},{GeneMark_model.4136_t;GeneMark}
7206	7097	initial-	4	5	{GlimmerHMM_glimmerT_3873-T1;GlimmerHMM},{Augustus_model.g3225.t1;Augustus},{GeneMark_model.4136_t;GeneMark}

# EVM prediction: Mode:STANDARD S-ratio: 2.64 9011-12400 orient(+) score(10178.00) noncoding_equivalent(3859.18) raw_noncoding(5034.36) offset(1175.18) 
9011	9085	initial+	1	3	{Augustus_model.g3226.t1;Augustus},{GlimmerHMM_glimmerT_3874-T1;GlimmerHMM}
9086	9149	INTRON			{Augustus_model.g3226.t1;Augustus},{GeneMark_model.4137_t;GeneMark}
9150	9185	internal+	1	3	{Augustus_model.g3226.t1;Augustus},{GeneMark_model.4137_t;GeneMark}
9186	9262	INTRON			{Augustus_model.g3226.t1;Augustus},{GeneMark_model.4137_t;GeneMark}
9263	9820	internal+	1	3	{Augustus_model.g3226.t1;Augustus},{GeneMark_model.4137_t;GeneMark}
9821	9880	INTRON			{Augustus_model.g3226.t1;Augustus},{GeneMark_model.4137_t;GeneMark}
9881	10018	internal+	1	3	{Augustus_model.g3226.t1;Augustus},{GeneMark_model.4137_t;GeneMark}
10019	10079	INTRON			{Augustus_model.g3226.t1;Augustus},{GlimmerHMM_glimmerT_3874-T1;GlimmerHMM},{GeneMark_model.4137_t;GeneMark}
10080	10240	internal+	1	2	{Augustus_model.g3226.t1;Augustus},{GeneMark_model.4137_t;GeneMark}
10241	10308	INTRON			{Augustus_model.g3226.t1;Augustus},{GeneMark_model.4137_t;GeneMark}
10309	10330	internal+	3	3	{Augustus_model.g3226.t1;Augustus},{GeneMark_model.4137_t;GeneMark}
10331	10396	INTRON			{Augustus_model.g3226.t1;Augustus},{GeneMark_model.4137_t;GeneMark}
10397	10633	internal+	1	3	{GeneMark_model.4137_t;GeneMark}
10634	10700	INTRON			{Augustus_model.g3226.t1;Augustus},{GeneMark_model.4137_t;GeneMark}
10701	10808	internal+	1	3	{Augustus_model.g3226.t1;Augustus},{GeneMark_model.4137_t;GeneMark}
10809	10875	INTRON			{Augustus_model.g3226.t1;Augustus},{GeneMark_model.4137_t;GeneMark}
10876	11112	internal+	1	3	{Augustus_model.g3226.t1;Augustus},{GlimmerHMM_glimmerT_3874-T1;GlimmerHMM},{GeneMark_model.4137_t;GeneMark}
11113	11172	INTRON			{Augustus_model.g3226.t1;Augustus},{GlimmerHMM_glimmerT_3874-T1;GlimmerHMM},{GeneMark_model.4137_t;GeneMark}
11173	11243	internal+	1	2	{Augustus_model.g3226.t1;Augustus},{GeneMark_model.4137_t;GeneMark}
11244	11314	INTRON			{Augustus_model.g3226.t1;Augustus},{GeneMark_model.4137_t;GeneMark}
11315	11417	internal+	3	3	{Augustus_model.g3226.t1;Augustus},{GlimmerHMM_glimmerT_3874-T1;GlimmerHMM},{GeneMark_model.4137_t;GeneMark}
11418	11485	INTRON			{Augustus_model.g3226.t1;Augustus},{GlimmerHMM_glimmerT_3874-T1;GlimmerHMM},{GeneMark_model.4137_t;GeneMark}
11486	11529	internal+	1	2	{Augustus_model.g3226.t1;Augustus},{GlimmerHMM_glimmerT_3874-T1;GlimmerHMM},{GeneMark_model.4137_t;GeneMark}
11530	11598	INTRON			{Augustus_model.g3226.t1;Augustus},{GlimmerHMM_glimmerT_3874-T1;GlimmerHMM},{GeneMark_model.4137_t;GeneMark}
11599	11748	internal+	3	2	{Augustus_model.g3226.t1;Augustus},{GeneMark_model.4137_t;GeneMark}
11749	11809	INTRON			{Augustus_model.g3226.t1;Augustus},{GeneMark_model.4137_t;GeneMark}
11810	11906	internal+	3	3	{Augustus_model.g3226.t1;Augustus},{GeneMark_model.4137_t;GeneMark}
11907	11968	INTRON			{Augustus_model.g3226.t1;Augustus},{GeneMark_model.4137_t;GeneMark}
11969	12400	terminal+	1	3	{Augustus_model.g3226.t1;Augustus},{GlimmerHMM_glimmerT_3874-T1;GlimmerHMM},{GeneMark_model.4137_t;GeneMark}

# EVM prediction: Mode:STANDARD S-ratio: 5.94 12617-14403 orient(+) score(6433.00) noncoding_equivalent(1082.94) raw_noncoding(1274.44) offset(191.50) 
12617	12847	initial+	1	3	{GeneMark_model.4138_t;GeneMark},{Augustus_model.g3227.t1;Augustus},{GlimmerHMM_glimmerT_3875-T1;GlimmerHMM}
12848	12907	INTRON			{GeneMark_model.4138_t;GeneMark},{Augustus_model.g3227.t1;Augustus},{GlimmerHMM_glimmerT_3875-T1;GlimmerHMM}
12908	13664	internal+	1	1	{GeneMark_model.4138_t;GeneMark},{Augustus_model.g3227.t1;Augustus},{GlimmerHMM_glimmerT_3875-T1;GlimmerHMM}
13665	13728	INTRON			{GeneMark_model.4138_t;GeneMark},{Augustus_model.g3227.t1;Augustus},{GlimmerHMM_glimmerT_3875-T1;GlimmerHMM}
13729	13999	internal+	2	2	{GeneMark_model.4138_t;GeneMark},{Augustus_model.g3227.t1;Augustus},{GlimmerHMM_glimmerT_3875-T1;GlimmerHMM}
14000	14069	INTRON			{GeneMark_model.4138_t;GeneMark},{Augustus_model.g3227.t1;Augustus},{GlimmerHMM_glimmerT_3875-T1;GlimmerHMM}
14070	14403	terminal+	3	3	{GeneMark_model.4138_t;GeneMark},{Augustus_model.g3227.t1;Augustus},{snap_scaffold_9-snap.218-T1;snap},{GlimmerHMM_glimmerT_3875-T1;GlimmerHMM}

# EVM prediction: Mode:STANDARD S-ratio: 1.78 14489-19757 orient(-) score(13518.00) noncoding_equivalent(7586.65) raw_noncoding(8416.00) offset(829.35) 
16424	14489	terminal-	6	6	{GeneMark_model.4139_t;GeneMark}
16487	16425	INTRON			{Augustus_model.g3228.t1;Augustus},{GeneMark_model.4139_t;GeneMark}
16930	16488	internal-	4	5	{GlimmerHMM_glimmerT_3876-T1;GlimmerHMM},{Augustus_model.g3228.t1;Augustus},{GeneMark_model.4139_t;GeneMark}
16994	16931	INTRON			{GlimmerHMM_glimmerT_3876-T1;GlimmerHMM},{Augustus_model.g3228.t1;Augustus},{GeneMark_model.4139_t;GeneMark},{snap_scaffold_9-snap.219-T1;snap}
17993	16995	internal-	4	6	{Augustus_model.g3228.t1;Augustus},{GeneMark_model.4139_t;GeneMark}
18051	17994	INTRON			{Augustus_model.g3228.t1;Augustus},{GeneMark_model.4139_t;GeneMark}
18339	18052	internal-	4	6	{GlimmerHMM_glimmerT_3876-T1;GlimmerHMM},{Augustus_model.g3228.t1;Augustus},{GeneMark_model.4139_t;GeneMark}
18403	18340	INTRON			{GlimmerHMM_glimmerT_3876-T1;GlimmerHMM},{Augustus_model.g3228.t1;Augustus},{GeneMark_model.4139_t;GeneMark}
19560	18404	internal-	5	6	{GeneMark_model.4139_t;GeneMark}
19732	19561	INTRON			{GeneMark_model.4139_t;GeneMark}
19757	19733	initial-	4	4	{GlimmerHMM_glimmerT_3876-T1;GlimmerHMM},{GeneMark_model.4139_t;GeneMark}

# EVM prediction: Mode:STANDARD S-ratio: 11.51 20523-21563 orient(+) score(4893.00) noncoding_equivalent(425.00) raw_noncoding(435.00) offset(10.00) 
20523	20810	initial+	1	3	{Augustus_model.g3229.t1;Augustus},{GeneMark_model.4140_t;GeneMark}
20811	20933	INTRON			{Augustus_model.g3229.t1;Augustus},{GeneMark_model.4140_t;GeneMark},{ev_type:exonerate/ID=match.2566964.3567/Target=lcl|KQ954466_1_prot_KWU46788_1_877;exonerate}
20934	21207	internal+	1	1	{Augustus_model.g3229.t1;Augustus},{GeneMark_model.4140_t;GeneMark},{ev_type:exonerate/ID=match.2566964.3567/Target=lcl|KQ954466_1_prot_KWU46788_1_877;exonerate}
21208	21270	INTRON			{GlimmerHMM_glimmerT_3877-T1;GlimmerHMM},{Augustus_model.g3229.t1;Augustus},{GeneMark_model.4140_t;GeneMark},{ev_type:exonerate/ID=match.2566964.3567/Target=lcl|KQ954466_1_prot_KWU46788_1_877;exonerate}
21271	21563	terminal+	2	3	{GlimmerHMM_glimmerT_3877-T1;GlimmerHMM},{Augustus_model.g3229.t1;Augustus},{GeneMark_model.4140_t;GeneMark}

# EVM prediction: Mode:STANDARD S-ratio: 5.21 21662-22888 orient(-) score(4326.00) noncoding_equivalent(829.71) raw_noncoding(978.00) offset(148.29) 
21770	21662	terminal-	6	6	{GeneMark_model.4141_t;GeneMark},{Augustus_model.g3230.t1;Augustus}
21836	21771	INTRON			{GeneMark_model.4141_t;GeneMark},{Augustus_model.g3230.t1;Augustus}
22164	21837	internal-	5	5	{GeneMark_model.4141_t;GeneMark},{Augustus_model.g3230.t1;Augustus}
22228	22165	INTRON			{GlimmerHMM_glimmerT_3878-T1;GlimmerHMM},{GeneMark_model.4141_t;GeneMark},{Augustus_model.g3230.t1;Augustus}
22369	22229	internal-	5	4	{GlimmerHMM_glimmerT_3878-T1;GlimmerHMM},{GeneMark_model.4141_t;GeneMark},{Augustus_model.g3230.t1;Augustus}
22434	22370	INTRON			{GlimmerHMM_glimmerT_3878-T1;GlimmerHMM},{GeneMark_model.4141_t;GeneMark},{Augustus_model.g3230.t1;Augustus}
22888	22435	initial-	4	4	{GlimmerHMM_glimmerT_3878-T1;GlimmerHMM},{GeneMark_model.4141_t;GeneMark},{Augustus_model.g3230.t1;Augustus}

# EVM prediction: Mode:STANDARD S-ratio: 3.18 23182-24736 orient(+) score(5380.00) noncoding_equivalent(1690.76) raw_noncoding(2023.76) offset(333.00) 
23182	23313	initial+	1	3	{GeneMark_model.4142_t;GeneMark},{Augustus_model.g3231.t1;Augustus},{GlimmerHMM_glimmerT_3879-T1;GlimmerHMM}
23314	23493	INTRON			{GeneMark_model.4142_t;GeneMark},{Augustus_model.g3231.t1;Augustus},{GlimmerHMM_glimmerT_3879-T1;GlimmerHMM}
23494	23616	internal+	1	3	{GeneMark_model.4142_t;GeneMark},{Augustus_model.g3231.t1;Augustus},{GlimmerHMM_glimmerT_3879-T1;GlimmerHMM}
23617	23686	INTRON			{GeneMark_model.4142_t;GeneMark},{Augustus_model.g3231.t1;Augustus},{GlimmerHMM_glimmerT_3879-T1;GlimmerHMM}
23687	23765	internal+	1	1	{GeneMark_model.4142_t;GeneMark},{Augustus_model.g3231.t1;Augustus},{GlimmerHMM_glimmerT_3879-T1;GlimmerHMM}
23766	23828	INTRON			{GeneMark_model.4142_t;GeneMark},{Augustus_model.g3231.t1;Augustus},{GlimmerHMM_glimmerT_3879-T1;GlimmerHMM}
23829	23917	internal+	2	3	{GeneMark_model.4142_t;GeneMark},{Augustus_model.g3231.t1;Augustus},{GlimmerHMM_glimmerT_3879-T1;GlimmerHMM}
23918	23980	INTRON			{GeneMark_model.4142_t;GeneMark},{snap_scaffold_9-snap.223-T1;snap},{Augustus_model.g3231.t1;Augustus},{GlimmerHMM_glimmerT_3879-T1;GlimmerHMM}
23981	24736	terminal+	1	3	{GeneMark_model.4142_t;GeneMark},{snap_scaffold_9-snap.223-T1;snap},{GlimmerHMM_glimmerT_3879-T1;GlimmerHMM}

# EVM prediction: Mode:STANDARD S-ratio: 4.46 25052-27148 orient(+) score(9278.00) noncoding_equivalent(2079.84) raw_noncoding(2515.82) offset(435.98) 
25052	25186	initial+	1	3	{GeneMark_model.4143_t;GeneMark},{GlimmerHMM_glimmerT_3880-T1;GlimmerHMM}
25187	25245	INTRON			{GeneMark_model.4143_t;GeneMark},{Augustus_model.g3231.t1;Augustus},{GlimmerHMM_glimmerT_3880-T1;GlimmerHMM},{ev_type:exonerate/ID=match.2566964.1014/Target=lcl|PJQD01000050_1_prot_POY72317_1_4987;exonerate}
25246	25950	internal+	1	3	{GeneMark_model.4143_t;GeneMark},{Augustus_model.g3231.t1;Augustus},{GlimmerHMM_glimmerT_3880-T1;GlimmerHMM},{ev_type:exonerate/ID=match.2566964.1014/Target=lcl|PJQD01000050_1_prot_POY72317_1_4987;exonerate}
25951	26014	INTRON			{GeneMark_model.4143_t;GeneMark},{Augustus_model.g3231.t1;Augustus},{GlimmerHMM_glimmerT_3880-T1;GlimmerHMM},{ev_type:exonerate/ID=match.2566964.1014/Target=lcl|PJQD01000050_1_prot_POY72317_1_4987;exonerate}
26015	26093	internal+	1	1	{GeneMark_model.4143_t;GeneMark},{Augustus_model.g3231.t1;Augustus},{GlimmerHMM_glimmerT_3880-T1;GlimmerHMM},{ev_type:exonerate/ID=match.2566964.1014/Target=lcl|PJQD01000050_1_prot_POY72317_1_4987;exonerate}
26094	26153	INTRON			{GeneMark_model.4143_t;GeneMark},{Augustus_model.g3231.t1;Augustus},{GlimmerHMM_glimmerT_3880-T1;GlimmerHMM},{ev_type:exonerate/ID=match.2566964.1014/Target=lcl|PJQD01000050_1_prot_POY72317_1_4987;exonerate}
26154	26244	internal+	2	2	{GeneMark_model.4143_t;GeneMark},{Augustus_model.g3231.t1;Augustus},{GlimmerHMM_glimmerT_3880-T1;GlimmerHMM},{ev_type:exonerate/ID=match.2566964.1014/Target=lcl|PJQD01000050_1_prot_POY72317_1_4987;exonerate}
26245	26310	INTRON			{GeneMark_model.4143_t;GeneMark},{Augustus_model.g3231.t1;Augustus},{GlimmerHMM_glimmerT_3880-T1;GlimmerHMM},{ev_type:exonerate/ID=match.2566964.1014/Target=lcl|PJQD01000050_1_prot_POY72317_1_4987;exonerate}
26311	26461	internal+	3	3	{GeneMark_model.4143_t;GeneMark},{Augustus_model.g3231.t1;Augustus},{GlimmerHMM_glimmerT_3880-T1;GlimmerHMM},{ev_type:exonerate/ID=match.2566964.1014/Target=lcl|PJQD01000050_1_prot_POY72317_1_4987;exonerate}
26462	26528	INTRON			{GeneMark_model.4143_t;GeneMark},{Augustus_model.g3231.t1;Augustus},{GlimmerHMM_glimmerT_3880-T1;GlimmerHMM},{ev_type:exonerate/ID=match.2566964.1014/Target=lcl|PJQD01000050_1_prot_POY72317_1_4987;exonerate}
26529	26707	internal+	1	2	{GeneMark_model.4143_t;GeneMark},{Augustus_model.g3231.t1;Augustus},{GlimmerHMM_glimmerT_3880-T1;GlimmerHMM},{ev_type:exonerate/ID=match.2566964.1014/Target=lcl|PJQD01000050_1_prot_POY72317_1_4987;exonerate}
26708	26775	INTRON			{GeneMark_model.4143_t;GeneMark},{Augustus_model.g3231.t1;Augustus},{GlimmerHMM_glimmerT_3880-T1;GlimmerHMM},{ev_type:exonerate/ID=match.2566964.1014/Target=lcl|PJQD01000050_1_prot_POY72317_1_4987;exonerate}
26776	26873	internal+	3	1	{GeneMark_model.4143_t;GeneMark},{Augustus_model.g3231.t1;Augustus},{GlimmerHMM_glimmerT_3880-T1;GlimmerHMM},{ev_type:exonerate/ID=match.2566964.1014/Target=lcl|PJQD01000050_1_prot_POY72317_1_4987;exonerate}
26874	26942	INTRON			{GeneMark_model.4143_t;GeneMark},{Augustus_model.g3231.t1;Augustus},{GlimmerHMM_glimmerT_3880-T1;GlimmerHMM},{ev_type:exonerate/ID=match.2566964.1014/Target=lcl|PJQD01000050_1_prot_POY72317_1_4987;exonerate}
26943	27148	terminal+	2	3	{GeneMark_model.4143_t;GeneMark},{Augustus_model.g3231.t1;Augustus},{GlimmerHMM_glimmerT_3880-T1;GlimmerHMM}

# EVM prediction: Mode:STANDARD S-ratio: 1.88 27214-30216 orient(-) score(8561.00) noncoding_equivalent(4551.32) raw_noncoding(6159.00) offset(1607.68) 
27482	27214	terminal-	5	6	{Augustus_model.g3232.t1;Augustus},{GlimmerHMM_glimmerT_3881-T1;GlimmerHMM},{snap_scaffold_9-snap.226-T1;snap},{GeneMark_model.4144_t;GeneMark}
27607	27483	INTRON			{Augustus_model.g3232.t1;Augustus},{GlimmerHMM_glimmerT_3881-T1;GlimmerHMM},{GeneMark_model.4144_t;GeneMark}
27789	27608	internal-	6	4	{Augustus_model.g3232.t1;Augustus},{GlimmerHMM_glimmerT_3881-T1;GlimmerHMM},{GeneMark_model.4144_t;GeneMark}
27872	27790	INTRON			{Augustus_model.g3232.t1;Augustus},{GlimmerHMM_glimmerT_3881-T1;GlimmerHMM},{GeneMark_model.4144_t;GeneMark}
28230	27873	internal-	5	5	{Augustus_model.g3232.t1;Augustus},{GlimmerHMM_glimmerT_3881-T1;GlimmerHMM}
28293	28231	INTRON			{Augustus_model.g3232.t1;Augustus},{GlimmerHMM_glimmerT_3881-T1;GlimmerHMM},{GeneMark_model.4144_t;GeneMark}
28423	28294	internal-	4	4	{Augustus_model.g3232.t1;Augustus},{GlimmerHMM_glimmerT_3881-T1;GlimmerHMM},{GeneMark_model.4144_t;GeneMark}
28488	28424	INTRON			{Augustus_model.g3232.t1;Augustus},{GlimmerHMM_glimmerT_3881-T1;GlimmerHMM},{GeneMark_model.4144_t;GeneMark}
28653	28489	internal-	4	6	{Augustus_model.g3232.t1;Augustus},{GlimmerHMM_glimmerT_3881-T1;GlimmerHMM},{GeneMark_model.4144_t;GeneMark}
28718	28654	INTRON			{Augustus_model.g3232.t1;Augustus},{GlimmerHMM_glimmerT_3881-T1;GlimmerHMM},{GeneMark_model.4144_t;GeneMark}
28802	28719	internal-	4	6	{Augustus_model.g3232.t1;Augustus},{GlimmerHMM_glimmerT_3881-T1;GlimmerHMM},{GeneMark_model.4144_t;GeneMark}
28869	28803	INTRON			{Augustus_model.g3232.t1;Augustus},{GlimmerHMM_glimmerT_3881-T1;GlimmerHMM},{GeneMark_model.4144_t;GeneMark}
29112	28870	internal-	4	6	{Augustus_model.g3232.t1;Augustus},{GlimmerHMM_glimmerT_3881-T1;GlimmerHMM},{GeneMark_model.4144_t;GeneMark}
29209	29113	INTRON			{Augustus_model.g3232.t1;Augustus},{GlimmerHMM_glimmerT_3881-T1;GlimmerHMM},{GeneMark_model.4144_t;GeneMark}
29383	29210	internal-	4	6	{GlimmerHMM_glimmerT_3881-T1;GlimmerHMM},{GeneMark_model.4144_t;GeneMark}
29901	29384	INTRON			{GlimmerHMM_glimmerT_3881-T1;GlimmerHMM},{GeneMark_model.4144_t;GeneMark}
30216	29902	initial-	4	6	{GlimmerHMM_glimmerT_3881-T1;GlimmerHMM},{GeneMark_model.4144_t;GeneMark}

# EVM prediction: Mode:STANDARD S-ratio: 7.11 30668-31741 orient(+) score(3763.00) noncoding_equivalent(529.20) raw_noncoding(879.00) offset(349.80) 
30668	30791	initial+	1	1	{GeneMark_model.4145_t;GeneMark},{Augustus_model.g3233.t1;Augustus},{GlimmerHMM_glimmerT_3882-T1;GlimmerHMM}
30792	30849	INTRON			{GeneMark_model.4145_t;GeneMark},{Augustus_model.g3233.t1;Augustus}
30850	30867	internal+	2	1	{GeneMark_model.4145_t;GeneMark},{Augustus_model.g3233.t1;Augustus}
30868	30998	INTRON			{GeneMark_model.4145_t;GeneMark},{Augustus_model.g3233.t1;Augustus}
30999	31741	terminal+	2	3	{GeneMark_model.4145_t;GeneMark},{Augustus_model.g3233.t1;Augustus},{GlimmerHMM_glimmerT_3882-T1;GlimmerHMM}

# EVM prediction: Mode:STANDARD S-ratio: 2.02 31803-34165 orient(-) score(6902.00) noncoding_equivalent(3415.79) raw_noncoding(4265.00) offset(849.21) 
31973	31803	terminal-	4	6	{GlimmerHMM_glimmerT_3883-T1;GlimmerHMM},{Augustus_model.g3234.t1;Augustus},{GeneMark_model.4146_t;GeneMark}
32036	31974	INTRON			{GlimmerHMM_glimmerT_3883-T1;GlimmerHMM},{Augustus_model.g3234.t1;Augustus},{GeneMark_model.4146_t;GeneMark}
32159	32037	internal-	4	6	{GlimmerHMM_glimmerT_3883-T1;GlimmerHMM},{Augustus_model.g3234.t1;Augustus},{GeneMark_model.4146_t;GeneMark}
32222	32160	INTRON			{GlimmerHMM_glimmerT_3883-T1;GlimmerHMM},{Augustus_model.g3234.t1;Augustus},{GeneMark_model.4146_t;GeneMark}
32301	32223	internal-	6	6	{GlimmerHMM_glimmerT_3883-T1;GlimmerHMM},{Augustus_model.g3234.t1;Augustus},{GeneMark_model.4146_t;GeneMark}
32364	32302	INTRON			{GlimmerHMM_glimmerT_3883-T1;GlimmerHMM},{Augustus_model.g3234.t1;Augustus},{GeneMark_model.4146_t;GeneMark}
32410	32365	internal-	5	5	{GlimmerHMM_glimmerT_3883-T1;GlimmerHMM},{Augustus_model.g3234.t1;Augustus},{GeneMark_model.4146_t;GeneMark}
32479	32411	INTRON			{GlimmerHMM_glimmerT_3883-T1;GlimmerHMM},{Augustus_model.g3234.t1;Augustus},{GeneMark_model.4146_t;GeneMark}
32570	32480	internal-	4	4	{GlimmerHMM_glimmerT_3883-T1;GlimmerHMM},{Augustus_model.g3234.t1;Augustus},{GeneMark_model.4146_t;GeneMark}
32633	32571	INTRON			{GlimmerHMM_glimmerT_3883-T1;GlimmerHMM},{Augustus_model.g3234.t1;Augustus},{GeneMark_model.4146_t;GeneMark}
32704	32634	internal-	5	6	{GlimmerHMM_glimmerT_3883-T1;GlimmerHMM},{Augustus_model.g3234.t1;Augustus},{GeneMark_model.4146_t;GeneMark}
32766	32705	INTRON			{GlimmerHMM_glimmerT_3883-T1;GlimmerHMM},{Augustus_model.g3234.t1;Augustus},{GeneMark_model.4146_t;GeneMark}
32912	32767	internal-	6	4	{GlimmerHMM_glimmerT_3883-T1;GlimmerHMM},{Augustus_model.g3234.t1;Augustus},{GeneMark_model.4146_t;GeneMark}
32979	32913	INTRON			{Augustus_model.g3234.t1;Augustus},{GeneMark_model.4146_t;GeneMark}
33069	32980	internal-	6	5	{Augustus_model.g3234.t1;Augustus},{GeneMark_model.4146_t;GeneMark}
33135	33070	INTRON			{Augustus_model.g3234.t1;Augustus},{GeneMark_model.4146_t;GeneMark}
33424	33136	internal-	5	5	{GlimmerHMM_glimmerT_3883-T1;GlimmerHMM},{Augustus_model.g3234.t1;Augustus},{GeneMark_model.4146_t;GeneMark}
33490	33425	INTRON			{GlimmerHMM_glimmerT_3883-T1;GlimmerHMM},{Augustus_model.g3234.t1;Augustus},{GeneMark_model.4146_t;GeneMark}
33664	33491	internal-	5	4	{GlimmerHMM_glimmerT_3883-T1;GlimmerHMM},{Augustus_model.g3234.t1;Augustus},{GeneMark_model.4146_t;GeneMark}
33717	33665	INTRON			{GlimmerHMM_glimmerT_3883-T1;GlimmerHMM},{Augustus_model.g3234.t1;Augustus}
34165	33718	initial-	4	4	{GlimmerHMM_glimmerT_3883-T1;GlimmerHMM}

# EVM prediction: Mode:STANDARD S-ratio: 5.27 34626-35662 orient(-) score(7775.00) noncoding_equivalent(1474.98) raw_noncoding(2016.00) offset(541.02) 
34874	34626	terminal-	4	6	{HiQ_model.g3235.t1;HiQ},{GlimmerHMM_glimmerT_3884-T1;GlimmerHMM},{snap_scaffold_9-snap.230-T1;snap},{GeneMark_model.4147_t;GeneMark}
34943	34875	INTRON			{HiQ_model.g3235.t1;HiQ},{GlimmerHMM_glimmerT_3884-T1;GlimmerHMM},{GeneMark_model.4147_t;GeneMark},{ev_type:exonerate/ID=match.2566964.3621/Target=lcl|BJWK01000011_1_prot_GEM10436_1_4453;exonerate},{ev_type:exonerate/ID=match.2566964.3609/Target=lcl|PJQD01000050_1_prot_POY72324_1_4994;exonerate}
35069	34944	internal-	4	6	{HiQ_model.g3235.t1;HiQ},{GlimmerHMM_glimmerT_3884-T1;GlimmerHMM},{GeneMark_model.4147_t;GeneMark},{ev_type:exonerate/ID=match.2566964.3621/Target=lcl|BJWK01000011_1_prot_GEM10436_1_4453;exonerate},{ev_type:exonerate/ID=match.2566964.3609/Target=lcl|PJQD01000050_1_prot_POY72324_1_4994;exonerate}
35214	35070	INTRON			{HiQ_model.g3235.t1;HiQ},{GlimmerHMM_glimmerT_3884-T1;GlimmerHMM},{GeneMark_model.4147_t;GeneMark},{ev_type:exonerate/ID=match.2566964.3621/Target=lcl|BJWK01000011_1_prot_GEM10436_1_4453;exonerate},{ev_type:exonerate/ID=match.2566964.3610/Target=lcl|KQ954469_1_prot_KWU45855_1_1572;exonerate},{ev_type:exonerate/ID=match.2566964.3609/Target=lcl|PJQD01000050_1_prot_POY72324_1_4994;exonerate}
35473	35215	internal-	6	6	{HiQ_model.g3235.t1;HiQ},{GlimmerHMM_glimmerT_3884-T1;GlimmerHMM},{GeneMark_model.4147_t;GeneMark},{ev_type:exonerate/ID=match.2566964.3621/Target=lcl|BJWK01000011_1_prot_GEM10436_1_4453;exonerate},{ev_type:exonerate/ID=match.2566964.3610/Target=lcl|KQ954469_1_prot_KWU45855_1_1572;exonerate},{ev_type:exonerate/ID=match.2566964.3609/Target=lcl|PJQD01000050_1_prot_POY72324_1_4994;exonerate}
35600	35474	INTRON			{HiQ_model.g3235.t1;HiQ},{GlimmerHMM_glimmerT_3884-T1;GlimmerHMM},{GeneMark_model.4147_t;GeneMark},{ev_type:exonerate/ID=match.2566964.3621/Target=lcl|BJWK01000011_1_prot_GEM10436_1_4453;exonerate},{ev_type:exonerate/ID=match.2566964.3610/Target=lcl|KQ954469_1_prot_KWU45855_1_1572;exonerate},{ev_type:exonerate/ID=match.2566964.3609/Target=lcl|PJQD01000050_1_prot_POY72324_1_4994;exonerate}
35662	35601	initial-	4	5	{HiQ_model.g3235.t1;HiQ},{GlimmerHMM_glimmerT_3884-T1;GlimmerHMM},{GeneMark_model.4147_t;GeneMark}

# EVM prediction: Mode:STANDARD S-ratio: 6.93 36835-39402 orient(+) score(10233.00) noncoding_equivalent(1477.36) raw_noncoding(2044.55) offset(567.19) 
36835	36915	initial+	1	3	{Augustus_model.g3236.t1;Augustus},{GeneMark_model.4148_t;GeneMark}
36916	37094	INTRON			{Augustus_model.g3236.t1;Augustus},{GeneMark_model.4148_t;GeneMark}
37095	38606	internal+	1	3	{Augustus_model.g3236.t1;Augustus},{GeneMark_model.4148_t;GeneMark},{GlimmerHMM_glimmerT_3885-T1;GlimmerHMM}
38607	38668	INTRON			{Augustus_model.g3236.t1;Augustus},{GeneMark_model.4148_t;GeneMark},{GlimmerHMM_glimmerT_3885-T1;GlimmerHMM},{ev_type:exonerate/ID=match.2566964.1980/Target=lcl|KQ954469_1_prot_KWU45856_1_1573;exonerate}
38669	38756	internal+	1	1	{Augustus_model.g3236.t1;Augustus},{GeneMark_model.4148_t;GeneMark},{GlimmerHMM_glimmerT_3885-T1;GlimmerHMM},{ev_type:exonerate/ID=match.2566964.1980/Target=lcl|KQ954469_1_prot_KWU45856_1_1573;exonerate}
38757	38815	INTRON			{Augustus_model.g3236.t1;Augustus},{GeneMark_model.4148_t;GeneMark},{GlimmerHMM_glimmerT_3885-T1;GlimmerHMM},{ev_type:exonerate/ID=match.2566964.1980/Target=lcl|KQ954469_1_prot_KWU45856_1_1573;exonerate}
38816	38976	internal+	2	3	{Augustus_model.g3236.t1;Augustus},{GeneMark_model.4148_t;GeneMark},{GlimmerHMM_glimmerT_3885-T1;GlimmerHMM},{ev_type:exonerate/ID=match.2566964.1980/Target=lcl|KQ954469_1_prot_KWU45856_1_1573;exonerate}
38977	39041	INTRON			{Augustus_model.g3236.t1;Augustus},{GeneMark_model.4148_t;GeneMark},{GlimmerHMM_glimmerT_3885-T1;GlimmerHMM},{ev_type:exonerate/ID=match.2566964.1980/Target=lcl|KQ954469_1_prot_KWU45856_1_1573;exonerate}
39042	39157	internal+	1	2	{Augustus_model.g3236.t1;Augustus},{GeneMark_model.4148_t;GeneMark},{GlimmerHMM_glimmerT_3885-T1;GlimmerHMM},{ev_type:exonerate/ID=match.2566964.1980/Target=lcl|KQ954469_1_prot_KWU45856_1_1573;exonerate}
39158	39221	INTRON			{Augustus_model.g3236.t1;Augustus},{GeneMark_model.4148_t;GeneMark},{GlimmerHMM_glimmerT_3885-T1;GlimmerHMM},{ev_type:exonerate/ID=match.2566964.1980/Target=lcl|KQ954469_1_prot_KWU45856_1_1573;exonerate}
39222	39402	terminal+	3	3	{Augustus_model.g3236.t1;Augustus},{snap_scaffold_9-snap.233-T1;snap},{GeneMark_model.4148_t;GeneMark},{GlimmerHMM_glimmerT_3885-T1;GlimmerHMM}

# EVM prediction: Mode:STANDARD S-ratio: 2.23 40214-41971 orient(+) score(5441.00) noncoding_equivalent(2435.94) raw_noncoding(3138.00) offset(702.06) 
40214	40454	initial+	1	1	{Augustus_model.g3237.t1;Augustus},{GlimmerHMM_glimmerT_3886-T1;GlimmerHMM},{GeneMark_model.4149_t;GeneMark}
40455	40526	INTRON			{Augustus_model.g3237.t1;Augustus},{GlimmerHMM_glimmerT_3886-T1;GlimmerHMM},{GeneMark_model.4149_t;GeneMark}
40527	40573	internal+	2	3	{Augustus_model.g3237.t1;Augustus},{GlimmerHMM_glimmerT_3886-T1;GlimmerHMM},{GeneMark_model.4149_t;GeneMark}
40574	40692	INTRON			{Augustus_model.g3237.t1;Augustus},{GlimmerHMM_glimmerT_3886-T1;GlimmerHMM},{GeneMark_model.4149_t;GeneMark}
40693	40896	internal+	1	3	{Augustus_model.g3237.t1;Augustus},{GlimmerHMM_glimmerT_3886-T1;GlimmerHMM},{GeneMark_model.4149_t;GeneMark}
40897	40982	INTRON			{Augustus_model.g3237.t1;Augustus},{GlimmerHMM_glimmerT_3886-T1;GlimmerHMM},{GeneMark_model.4149_t;GeneMark}
40983	41061	internal+	1	1	{Augustus_model.g3237.t1;Augustus},{GlimmerHMM_glimmerT_3886-T1;GlimmerHMM},{GeneMark_model.4149_t;GeneMark}
41062	41184	INTRON			{GlimmerHMM_glimmerT_3886-T1;GlimmerHMM},{GeneMark_model.4149_t;GeneMark}
41185	41704	internal+	2	2	{GlimmerHMM_glimmerT_3886-T1;GlimmerHMM},{GeneMark_model.4149_t;GeneMark}
41705	41766	INTRON			{Augustus_model.g3237.t1;Augustus},{GlimmerHMM_glimmerT_3886-T1;GlimmerHMM},{GeneMark_model.4149_t;GeneMark}
41767	41821	internal+	3	3	{Augustus_model.g3237.t1;Augustus},{GlimmerHMM_glimmerT_3886-T1;GlimmerHMM},{GeneMark_model.4149_t;GeneMark}
41822	41920	INTRON			{Augustus_model.g3237.t1;Augustus},{GlimmerHMM_glimmerT_3886-T1;GlimmerHMM},{GeneMark_model.4149_t;GeneMark}
41921	41971	terminal+	1	3	{Augustus_model.g3237.t1;Augustus},{GlimmerHMM_glimmerT_3886-T1;GlimmerHMM},{GeneMark_model.4149_t;GeneMark}

# EVM prediction: Mode:STANDARD S-ratio: 5.38 42301-43599 orient(-) score(4633.00) noncoding_equivalent(861.00) raw_noncoding(981.00) offset(120.00) 
42614	42301	terminal-	5	6	{Augustus_model.g3238.t1;Augustus},{GeneMark_model.4150_t;GeneMark},{GlimmerHMM_glimmerT_3887-T1;GlimmerHMM}
42705	42615	INTRON			{Augustus_model.g3238.t1;Augustus},{GeneMark_model.4150_t;GeneMark},{GlimmerHMM_glimmerT_3887-T1;GlimmerHMM}
42801	42706	internal-	5	4	{Augustus_model.g3238.t1;Augustus},{GeneMark_model.4150_t;GeneMark},{GlimmerHMM_glimmerT_3887-T1;GlimmerHMM}
42863	42802	INTRON			{Augustus_model.g3238.t1;Augustus},{GeneMark_model.4150_t;GeneMark},{GlimmerHMM_glimmerT_3887-T1;GlimmerHMM}
43599	42864	initial-	4	4	{Augustus_model.g3238.t1;Augustus},{GeneMark_model.4150_t;GeneMark},{GlimmerHMM_glimmerT_3887-T1;GlimmerHMM}

# EVM prediction: Mode:STANDARD S-ratio: 2.42 43984-46551 orient(+) score(7999.00) noncoding_equivalent(3305.83) raw_noncoding(3930.00) offset(624.17) 
43984	44530	initial+	1	1	{GeneMark_model.4151_t;GeneMark},{GlimmerHMM_glimmerT_3888-T1;GlimmerHMM},{Augustus_model.g3239.t1;Augustus}
44531	44597	INTRON			{GeneMark_model.4151_t;GeneMark},{GlimmerHMM_glimmerT_3888-T1;GlimmerHMM},{Augustus_model.g3239.t1;Augustus}
44598	44923	internal+	2	3	{GeneMark_model.4151_t;GeneMark},{GlimmerHMM_glimmerT_3888-T1;GlimmerHMM},{Augustus_model.g3239.t1;Augustus}
44924	44990	INTRON			{GeneMark_model.4151_t;GeneMark},{GlimmerHMM_glimmerT_3888-T1;GlimmerHMM},{Augustus_model.g3239.t1;Augustus}
44991	45098	internal+	1	3	{GeneMark_model.4151_t;GeneMark},{GlimmerHMM_glimmerT_3888-T1;GlimmerHMM},{Augustus_model.g3239.t1;Augustus}
45099	45190	INTRON			{GeneMark_model.4151_t;GeneMark},{GlimmerHMM_glimmerT_3888-T1;GlimmerHMM},{Augustus_model.g3239.t1;Augustus}
45191	45340	internal+	1	3	{GeneMark_model.4151_t;GeneMark},{GlimmerHMM_glimmerT_3888-T1;GlimmerHMM},{Augustus_model.g3239.t1;Augustus}
45341	45407	INTRON			{GeneMark_model.4151_t;GeneMark},{GlimmerHMM_glimmerT_3888-T1;GlimmerHMM},{Augustus_model.g3239.t1;Augustus}
45408	45506	internal+	1	3	{GeneMark_model.4151_t;GeneMark},{GlimmerHMM_glimmerT_3888-T1;GlimmerHMM},{Augustus_model.g3239.t1;Augustus}
45507	45576	INTRON			{GeneMark_model.4151_t;GeneMark},{GlimmerHMM_glimmerT_3888-T1;GlimmerHMM},{Augustus_model.g3239.t1;Augustus}
45577	45776	internal+	1	2	{GeneMark_model.4151_t;GeneMark},{GlimmerHMM_glimmerT_3888-T1;GlimmerHMM},{Augustus_model.g3239.t1;Augustus}
45777	45844	INTRON			{GeneMark_model.4151_t;GeneMark},{GlimmerHMM_glimmerT_3888-T1;GlimmerHMM},{Augustus_model.g3239.t1;Augustus}
45845	46000	internal+	3	2	{GeneMark_model.4151_t;GeneMark},{GlimmerHMM_glimmerT_3888-T1;GlimmerHMM},{Augustus_model.g3239.t1;Augustus}
46001	46102	INTRON			{GeneMark_model.4151_t;GeneMark},{GlimmerHMM_glimmerT_3888-T1;GlimmerHMM},{Augustus_model.g3239.t1;Augustus}
46103	46256	internal+	3	3	{GeneMark_model.4151_t;GeneMark},{GlimmerHMM_glimmerT_3888-T1;GlimmerHMM},{Augustus_model.g3239.t1;Augustus}
46257	46338	INTRON			{GeneMark_model.4151_t;GeneMark},{Augustus_model.g3239.t1;Augustus}
46339	46551	terminal+	1	3	{GeneMark_model.4151_t;GeneMark},{Augustus_model.g3239.t1;Augustus},{snap_scaffold_9-snap.237-T1;snap}

# EVM prediction: Mode:STANDARD S-ratio: 4.38 47016-50949 orient(-) score(13215.00) noncoding_equivalent(3019.16) raw_noncoding(3721.00) offset(701.84) 
49014	47016	terminal-	6	6	{GeneMark_model.4152_t;GeneMark},{Augustus_model.g3240.t1;Augustus}
49071	49015	INTRON			{GeneMark_model.4152_t;GeneMark},{Augustus_model.g3240.t1;Augustus}
49430	49072	internal-	4	5	{GlimmerHMM_glimmerT_3889-T1;GlimmerHMM},{GeneMark_model.4152_t;GeneMark},{Augustus_model.g3240.t1;Augustus}
49489	49431	INTRON			{GlimmerHMM_glimmerT_3889-T1;GlimmerHMM},{GeneMark_model.4152_t;GeneMark},{Augustus_model.g3240.t1;Augustus}
49705	49490	internal-	4	6	{GlimmerHMM_glimmerT_3889-T1;GlimmerHMM},{GeneMark_model.4152_t;GeneMark},{Augustus_model.g3240.t1;Augustus}
49774	49706	INTRON			{GlimmerHMM_glimmerT_3889-T1;GlimmerHMM},{snap_scaffold_9-snap.239-T1;snap},{GeneMark_model.4152_t;GeneMark},{Augustus_model.g3240.t1;Augustus}
49966	49775	internal-	4	6	{GlimmerHMM_glimmerT_3889-T1;GlimmerHMM},{GeneMark_model.4152_t;GeneMark},{Augustus_model.g3240.t1;Augustus}
50028	49967	INTRON			{GlimmerHMM_glimmerT_3889-T1;GlimmerHMM},{GeneMark_model.4152_t;GeneMark},{Augustus_model.g3240.t1;Augustus}
50137	50029	internal-	6	6	{GlimmerHMM_glimmerT_3889-T1;GlimmerHMM},{GeneMark_model.4152_t;GeneMark},{Augustus_model.g3240.t1;Augustus}
50216	50138	INTRON			{GlimmerHMM_glimmerT_3889-T1;GlimmerHMM},{GeneMark_model.4152_t;GeneMark}
50314	50217	internal-	4	5	{GeneMark_model.4152_t;GeneMark}
50391	50315	INTRON			{GeneMark_model.4152_t;GeneMark},{Augustus_model.g3240.t1;Augustus}
50474	50392	internal-	5	6	{GeneMark_model.4152_t;GeneMark},{Augustus_model.g3240.t1;Augustus}
50564	50475	INTRON			{GeneMark_model.4152_t;GeneMark},{Augustus_model.g3240.t1;Augustus}
50949	50565	initial-	4	4	{GlimmerHMM_glimmerT_3889-T1;GlimmerHMM},{GeneMark_model.4152_t;GeneMark}

# EVM prediction: Mode:STANDARD S-ratio: 1.64 51332-53029 orient(-) score(4379.00) noncoding_equivalent(2668.76) raw_noncoding(3033.52) offset(364.75) 
52075	51332	terminal-	4	6	{GeneMark_model.4153_t;GeneMark}
52132	52076	INTRON			{GeneMark_model.4153_t;GeneMark}
52322	52133	internal-	6	6	{Augustus_model.g3240.t1;Augustus},{GeneMark_model.4153_t;GeneMark}
52381	52323	INTRON			{GlimmerHMM_glimmerT_3890-T1;GlimmerHMM},{Augustus_model.g3240.t1;Augustus},{GeneMark_model.4153_t;GeneMark}
52442	52382	internal-	5	5	{GlimmerHMM_glimmerT_3890-T1;GlimmerHMM},{Augustus_model.g3240.t1;Augustus},{GeneMark_model.4153_t;GeneMark}
52498	52443	INTRON			{GlimmerHMM_glimmerT_3890-T1;GlimmerHMM},{Augustus_model.g3240.t1;Augustus},{GeneMark_model.4153_t;GeneMark}
52637	52499	internal-	4	4	{GlimmerHMM_glimmerT_3890-T1;GlimmerHMM},{Augustus_model.g3240.t1;Augustus},{GeneMark_model.4153_t;GeneMark}
52711	52638	INTRON			{GlimmerHMM_glimmerT_3890-T1;GlimmerHMM},{Augustus_model.g3240.t1;Augustus},{GeneMark_model.4153_t;GeneMark}
53029	52712	initial-	4	6	{GlimmerHMM_glimmerT_3890-T1;GlimmerHMM},{Augustus_model.g3240.t1;Augustus},{GeneMark_model.4153_t;GeneMark}

# EVM prediction: Mode:STANDARD S-ratio: 1.91 53653-54972 orient(+) score(3804.00) noncoding_equivalent(1992.17) raw_noncoding(2883.00) offset(890.83) 
53653	53729	initial+	1	2	{GlimmerHMM_glimmerT_3891-T1;GlimmerHMM},{GeneMark_model.4154_t;GeneMark},{Augustus_model.g3241.t1;Augustus}
53730	53841	INTRON			{GeneMark_model.4154_t;GeneMark},{Augustus_model.g3241.t1;Augustus}
53842	53871	internal+	3	2	{GeneMark_model.4154_t;GeneMark},{Augustus_model.g3241.t1;Augustus}
53872	53949	INTRON			{GeneMark_model.4154_t;GeneMark},{Augustus_model.g3241.t1;Augustus}
53950	54031	internal+	3	3	{GlimmerHMM_glimmerT_3891-T1;GlimmerHMM},{GeneMark_model.4154_t;GeneMark},{Augustus_model.g3241.t1;Augustus}
54032	54099	INTRON			{GeneMark_model.4154_t;GeneMark},{Augustus_model.g3241.t1;Augustus}
54100	54132	internal+	1	3	{GeneMark_model.4154_t;GeneMark},{Augustus_model.g3241.t1;Augustus}
54133	54199	INTRON			{GeneMark_model.4154_t;GeneMark},{Augustus_model.g3241.t1;Augustus}
54200	54265	internal+	1	3	{GlimmerHMM_glimmerT_3891-T1;GlimmerHMM},{GeneMark_model.4154_t;GeneMark},{Augustus_model.g3241.t1;Augustus}
54266	54329	INTRON			{GlimmerHMM_glimmerT_3891-T1;GlimmerHMM},{GeneMark_model.4154_t;GeneMark},{Augustus_model.g3241.t1;Augustus}
54330	54438	internal+	1	1	{GlimmerHMM_glimmerT_3891-T1;GlimmerHMM},{GeneMark_model.4154_t;GeneMark},{Augustus_model.g3241.t1;Augustus}
54439	54502	INTRON			{GlimmerHMM_glimmerT_3891-T1;GlimmerHMM},{GeneMark_model.4154_t;GeneMark},{Augustus_model.g3241.t1;Augustus}
54503	54726	internal+	2	3	{GlimmerHMM_glimmerT_3891-T1;GlimmerHMM},{GeneMark_model.4154_t;GeneMark},{Augustus_model.g3241.t1;Augustus}
54727	54797	INTRON			{GlimmerHMM_glimmerT_3891-T1;GlimmerHMM},{GeneMark_model.4154_t;GeneMark},{Augustus_model.g3241.t1;Augustus}
54798	54860	internal+	1	3	{GlimmerHMM_glimmerT_3891-T1;GlimmerHMM},{GeneMark_model.4154_t;GeneMark},{Augustus_model.g3241.t1;Augustus}
54861	54930	INTRON			{GlimmerHMM_glimmerT_3891-T1;GlimmerHMM},{GeneMark_model.4154_t;GeneMark},{Augustus_model.g3241.t1;Augustus}
54931	54972	terminal+	1	3	{GlimmerHMM_glimmerT_3891-T1;GlimmerHMM},{GeneMark_model.4154_t;GeneMark},{Augustus_model.g3241.t1;Augustus}

# EVM prediction: Mode:STANDARD S-ratio: 4.57 55348-56414 orient(-) score(3779.00) noncoding_equivalent(826.09) raw_noncoding(962.00) offset(135.91) 
55547	55348	terminal-	5	6	{Augustus_model.g3242.t1;Augustus},{GlimmerHMM_glimmerT_3892-T1;GlimmerHMM},{GeneMark_model.4155_t;GeneMark}
55622	55548	INTRON			{Augustus_model.g3242.t1;Augustus},{GlimmerHMM_glimmerT_3892-T1;GlimmerHMM},{GeneMark_model.4155_t;GeneMark}
55818	55623	internal-	4	4	{Augustus_model.g3242.t1;Augustus},{GlimmerHMM_glimmerT_3892-T1;GlimmerHMM},{GeneMark_model.4155_t;GeneMark}
55914	55819	INTRON			{Augustus_model.g3242.t1;Augustus},{GlimmerHMM_glimmerT_3892-T1;GlimmerHMM},{GeneMark_model.4155_t;GeneMark}
56099	55915	internal-	5	6	{Augustus_model.g3242.t1;Augustus},{GlimmerHMM_glimmerT_3892-T1;GlimmerHMM},{GeneMark_model.4155_t;GeneMark}
56156	56100	INTRON			{Augustus_model.g3242.t1;Augustus},{GlimmerHMM_glimmerT_3892-T1;GlimmerHMM},{GeneMark_model.4155_t;GeneMark}
56286	56157	internal-	4	4	{GlimmerHMM_glimmerT_3892-T1;GlimmerHMM}
56336	56287	INTRON			{GlimmerHMM_glimmerT_3892-T1;GlimmerHMM}
56414	56337	initial-	4	6	{GlimmerHMM_glimmerT_3892-T1;GlimmerHMM}

# EVM prediction: Mode:STANDARD S-ratio: 7.47 56977-57966 orient(+) score(5521.00) noncoding_equivalent(739.00) raw_noncoding(822.00) offset(83.00) 
56977	57406	initial+	1	1	{GeneMark_model.4156_t;GeneMark},{Augustus_model.g3243.t1;Augustus},{GlimmerHMM_glimmerT_3893-T1;GlimmerHMM}
57407	57501	INTRON			{GeneMark_model.4156_t;GeneMark},{Augustus_model.g3243.t1;Augustus},{GlimmerHMM_glimmerT_3893-T1;GlimmerHMM},{ev_type:exonerate/ID=match.2566964.3583/Target=lcl|KQ954469_1_prot_KWU45864_1_1581;exonerate},{ev_type:exonerate/ID=match.2566964.3577/Target=lcl|PJQD01000050_1_prot_POY72333_1_5003;exonerate}
57502	57794	internal+	2	3	{GeneMark_model.4156_t;GeneMark},{Augustus_model.g3243.t1;Augustus},{GlimmerHMM_glimmerT_3893-T1;GlimmerHMM},{ev_type:exonerate/ID=match.2566964.3583/Target=lcl|KQ954469_1_prot_KWU45864_1_1581;exonerate},{ev_type:exonerate/ID=match.2566964.3577/Target=lcl|PJQD01000050_1_prot_POY72333_1_5003;exonerate}
57795	57867	INTRON			{GeneMark_model.4156_t;GeneMark},{Augustus_model.g3243.t1;Augustus},{GlimmerHMM_glimmerT_3893-T1;GlimmerHMM},{ev_type:exonerate/ID=match.2566964.3583/Target=lcl|KQ954469_1_prot_KWU45864_1_1581;exonerate},{ev_type:exonerate/ID=match.2566964.3577/Target=lcl|PJQD01000050_1_prot_POY72333_1_5003;exonerate}
57868	57966	terminal+	1	3	{GeneMark_model.4156_t;GeneMark},{Augustus_model.g3243.t1;Augustus},{GlimmerHMM_glimmerT_3893-T1;GlimmerHMM}

# EVM prediction: Mode:STANDARD S-ratio: 2.92 58279-60284 orient(-) score(6358.00) noncoding_equivalent(2180.34) raw_noncoding(2780.00) offset(599.66) 
58611	58279	terminal-	4	6	{GlimmerHMM_glimmerT_3894-T1;GlimmerHMM},{GeneMark_model.4157_t;GeneMark},{snap_scaffold_9-snap.243-T1;snap},{Augustus_model.g3244.t1;Augustus}
58690	58612	INTRON			{GlimmerHMM_glimmerT_3894-T1;GlimmerHMM},{GeneMark_model.4157_t;GeneMark},{Augustus_model.g3244.t1;Augustus}
59026	58691	internal-	4	6	{GlimmerHMM_glimmerT_3894-T1;GlimmerHMM},{GeneMark_model.4157_t;GeneMark},{Augustus_model.g3244.t1;Augustus}
59088	59027	INTRON			{GlimmerHMM_glimmerT_3894-T1;GlimmerHMM},{GeneMark_model.4157_t;GeneMark},{Augustus_model.g3244.t1;Augustus}
59289	59089	internal-	4	6	{GlimmerHMM_glimmerT_3894-T1;GlimmerHMM},{GeneMark_model.4157_t;GeneMark},{Augustus_model.g3244.t1;Augustus}
59350	59290	INTRON			{GlimmerHMM_glimmerT_3894-T1;GlimmerHMM},{GeneMark_model.4157_t;GeneMark},{Augustus_model.g3244.t1;Augustus}
59640	59351	internal-	5	6	{GlimmerHMM_glimmerT_3894-T1;GlimmerHMM},{GeneMark_model.4157_t;GeneMark},{Augustus_model.g3244.t1;Augustus}
59706	59641	INTRON			{GlimmerHMM_glimmerT_3894-T1;GlimmerHMM},{GeneMark_model.4157_t;GeneMark},{Augustus_model.g3244.t1;Augustus}
60023	59707	internal-	6	4	{GlimmerHMM_glimmerT_3894-T1;GlimmerHMM},{GeneMark_model.4157_t;GeneMark},{Augustus_model.g3244.t1;Augustus}
60088	60024	INTRON			{GeneMark_model.4157_t;GeneMark},{Augustus_model.g3244.t1;Augustus}
60106	60089	internal-	6	5	{GeneMark_model.4157_t;GeneMark},{Augustus_model.g3244.t1;Augustus}
60228	60107	INTRON			{GeneMark_model.4157_t;GeneMark},{Augustus_model.g3244.t1;Augustus}
60284	60229	initial-	4	5	{GlimmerHMM_glimmerT_3894-T1;GlimmerHMM},{GeneMark_model.4157_t;GeneMark},{Augustus_model.g3244.t1;Augustus}

# EVM prediction: Mode:STANDARD S-ratio: 1.63 62870-63639 orient(-) score(2283.00) noncoding_equivalent(1402.51) raw_noncoding(1725.51) offset(323.00) 
63003	62870	terminal-	5	6	{Augustus_model.g3245.t1;Augustus},{GeneMark_model.4159_t;GeneMark},{GlimmerHMM_glimmerT_3896-T1;GlimmerHMM}
63109	63004	INTRON			{Augustus_model.g3245.t1;Augustus},{GeneMark_model.4159_t;GeneMark},{GlimmerHMM_glimmerT_3896-T1;GlimmerHMM}
63266	63110	internal-	4	4	{Augustus_model.g3245.t1;Augustus},{GeneMark_model.4159_t;GeneMark},{GlimmerHMM_glimmerT_3896-T1;GlimmerHMM}
63343	63267	INTRON			{Augustus_model.g3245.t1;Augustus},{GeneMark_model.4159_t;GeneMark},{GlimmerHMM_glimmerT_3896-T1;GlimmerHMM}
63407	63344	internal-	6	6	{Augustus_model.g3245.t1;Augustus},{GeneMark_model.4159_t;GeneMark},{GlimmerHMM_glimmerT_3896-T1;GlimmerHMM}
63535	63408	INTRON			{Augustus_model.g3245.t1;Augustus},{GeneMark_model.4159_t;GeneMark},{GlimmerHMM_glimmerT_3896-T1;GlimmerHMM}
63639	63536	initial-	4	5	{GeneMark_model.4159_t;GeneMark},{GlimmerHMM_glimmerT_3896-T1;GlimmerHMM}

# EVM prediction: Mode:STANDARD S-ratio: 24.41 63747-65177 orient(+) score(5620.00) noncoding_equivalent(230.27) raw_noncoding(300.73) offset(70.46) 
63747	63784	initial+	1	2	{Augustus_model.g3246.t1;Augustus},{GlimmerHMM_glimmerT_3897-T1;GlimmerHMM},{GeneMark_model.4160_t;GeneMark}
63785	63850	INTRON			{Augustus_model.g3246.t1;Augustus},{GlimmerHMM_glimmerT_3897-T1;GlimmerHMM},{GeneMark_model.4160_t;GeneMark}
63851	65177	terminal+	3	3	{Augustus_model.g3246.t1;Augustus},{snap_scaffold_9-snap.245-T1;snap},{GlimmerHMM_glimmerT_3897-T1;GlimmerHMM},{GeneMark_model.4160_t;GeneMark}

# EVM prediction: Mode:STANDARD S-ratio: 2.50 65429-65957 orient(-) score(2642.00) noncoding_equivalent(1058.00) raw_noncoding(1660.00) offset(602.00) 
65457	65429	terminal-	5	6	{GlimmerHMM_glimmerT_3898-T1;GlimmerHMM},{HiQ_model.g3247.t1;HiQ},{GeneMark_model.4161_t;GeneMark}
65549	65458	INTRON			{GlimmerHMM_glimmerT_3898-T1;GlimmerHMM},{HiQ_model.g3247.t1;HiQ},{GeneMark_model.4161_t;GeneMark},{ev_type:exonerate/ID=match.2566964.3668/Target=lcl|KQ954469_1_prot_KWU45868_1_1585;exonerate}
65571	65550	internal-	4	4	{GlimmerHMM_glimmerT_3898-T1;GlimmerHMM},{HiQ_model.g3247.t1;HiQ},{GeneMark_model.4161_t;GeneMark},{ev_type:exonerate/ID=match.2566964.3668/Target=lcl|KQ954469_1_prot_KWU45868_1_1585;exonerate}
65660	65572	INTRON			{GlimmerHMM_glimmerT_3898-T1;GlimmerHMM},{HiQ_model.g3247.t1;HiQ},{GeneMark_model.4161_t;GeneMark},{ev_type:exonerate/ID=match.2566964.3668/Target=lcl|KQ954469_1_prot_KWU45868_1_1585;exonerate}
65742	65661	internal-	6	6	{GlimmerHMM_glimmerT_3898-T1;GlimmerHMM},{HiQ_model.g3247.t1;HiQ},{GeneMark_model.4161_t;GeneMark},{ev_type:exonerate/ID=match.2566964.3668/Target=lcl|KQ954469_1_prot_KWU45868_1_1585;exonerate}
65862	65743	INTRON			{GlimmerHMM_glimmerT_3898-T1;GlimmerHMM},{HiQ_model.g3247.t1;HiQ},{GeneMark_model.4161_t;GeneMark},{ev_type:exonerate/ID=match.2566964.3668/Target=lcl|KQ954469_1_prot_KWU45868_1_1585;exonerate}
65957	65863	initial-	4	5	{GlimmerHMM_glimmerT_3898-T1;GlimmerHMM},{HiQ_model.g3247.t1;HiQ},{GeneMark_model.4161_t;GeneMark}

# EVM prediction: Mode:STANDARD S-ratio: 4.91 66175-66729 orient(-) score(1843.00) noncoding_equivalent(375.40) raw_noncoding(520.19) offset(144.80) 
66622	66175	terminal-	6	6	{Augustus_model.g3248.t1;Augustus},{GeneMark_model.4162_t;GeneMark},{snap_scaffold_9-snap.246-T1;snap}
66694	66623	INTRON			{Augustus_model.g3248.t1;Augustus},{GeneMark_model.4162_t;GeneMark}
66729	66695	initial-	4	5	{Augustus_model.g3248.t1;Augustus},{GeneMark_model.4162_t;GeneMark}

# EVM prediction: Mode:STANDARD S-ratio: 2.50 67358-69220 orient(+) score(5664.00) noncoding_equivalent(2265.63) raw_noncoding(2630.33) offset(364.70) 
67358	67659	initial+	1	2	{GlimmerHMM_glimmerT_3900-T1;GlimmerHMM},{GeneMark_model.4163_t;GeneMark},{Augustus_model.g3249.t1;Augustus}
67660	67724	INTRON			{GlimmerHMM_glimmerT_3900-T1;GlimmerHMM},{GeneMark_model.4163_t;GeneMark},{Augustus_model.g3249.t1;Augustus}
67725	67831	internal+	3	1	{GlimmerHMM_glimmerT_3900-T1;GlimmerHMM},{GeneMark_model.4163_t;GeneMark},{Augustus_model.g3249.t1;Augustus}
67832	67892	INTRON			{GlimmerHMM_glimmerT_3900-T1;GlimmerHMM},{GeneMark_model.4163_t;GeneMark},{Augustus_model.g3249.t1;Augustus}
67893	68091	internal+	2	2	{GlimmerHMM_glimmerT_3900-T1;GlimmerHMM},{GeneMark_model.4163_t;GeneMark}
68092	68161	INTRON			{GlimmerHMM_glimmerT_3900-T1;GlimmerHMM},{GeneMark_model.4163_t;GeneMark}
68162	68477	internal+	3	3	{GlimmerHMM_glimmerT_3900-T1;GlimmerHMM},{GeneMark_model.4163_t;GeneMark},{Augustus_model.g3249.t1;Augustus}
68478	68539	INTRON			{GlimmerHMM_glimmerT_3900-T1;GlimmerHMM},{GeneMark_model.4163_t;GeneMark},{Augustus_model.g3249.t1;Augustus}
68540	68891	internal+	1	1	{GlimmerHMM_glimmerT_3900-T1;GlimmerHMM},{GeneMark_model.4163_t;GeneMark},{Augustus_model.g3249.t1;Augustus}
68892	68951	INTRON			{GlimmerHMM_glimmerT_3900-T1;GlimmerHMM},{GeneMark_model.4163_t;GeneMark},{Augustus_model.g3249.t1;Augustus}
68952	69220	terminal+	2	3	{GeneMark_model.4163_t;GeneMark}

# EVM prediction: Mode:STANDARD S-ratio: 2.67 70199-73106 orient(+) score(8797.00) noncoding_equivalent(3292.32) raw_noncoding(3819.14) offset(526.82) 
70199	70576	initial+	1	3	{GeneMark_model.4164_t;GeneMark}
70577	70640	INTRON			{GlimmerHMM_glimmerT_3900-T1;GlimmerHMM},{GeneMark_model.4164_t;GeneMark},{Augustus_model.g3249.t1;Augustus}
70641	72252	internal+	1	1	{GlimmerHMM_glimmerT_3900-T1;GlimmerHMM},{GeneMark_model.4164_t;GeneMark},{Augustus_model.g3249.t1;Augustus}
72253	72304	INTRON			{GlimmerHMM_glimmerT_3900-T1;GlimmerHMM},{GeneMark_model.4164_t;GeneMark},{Augustus_model.g3249.t1;Augustus}
72305	72331	internal+	2	1	{GeneMark_model.4164_t;GeneMark},{Augustus_model.g3249.t1;Augustus}
72332	72397	INTRON			{GeneMark_model.4164_t;GeneMark},{Augustus_model.g3249.t1;Augustus}
72398	72413	internal+	2	2	{GeneMark_model.4164_t;GeneMark},{Augustus_model.g3249.t1;Augustus}
72414	72478	INTRON			{GeneMark_model.4164_t;GeneMark},{Augustus_model.g3249.t1;Augustus}
72479	72500	internal+	3	3	{GeneMark_model.4164_t;GeneMark},{Augustus_model.g3249.t1;Augustus}
72501	72565	INTRON			{GeneMark_model.4164_t;GeneMark},{Augustus_model.g3249.t1;Augustus}
72566	72700	internal+	1	3	{GlimmerHMM_glimmerT_3900-T1;GlimmerHMM},{GeneMark_model.4164_t;GeneMark},{Augustus_model.g3249.t1;Augustus}
72701	72761	INTRON			{GlimmerHMM_glimmerT_3900-T1;GlimmerHMM},{GeneMark_model.4164_t;GeneMark},{Augustus_model.g3249.t1;Augustus}
72762	72839	internal+	1	3	{GlimmerHMM_glimmerT_3900-T1;GlimmerHMM},{GeneMark_model.4164_t;GeneMark},{Augustus_model.g3249.t1;Augustus}
72840	72902	INTRON			{GlimmerHMM_glimmerT_3900-T1;GlimmerHMM},{GeneMark_model.4164_t;GeneMark},{Augustus_model.g3249.t1;Augustus}
72903	73106	terminal+	1	3	{GlimmerHMM_glimmerT_3900-T1;GlimmerHMM},{GeneMark_model.4164_t;GeneMark},{Augustus_model.g3249.t1;Augustus}

# EVM prediction: Mode:STANDARD S-ratio: 4.84 76153-77432 orient(+) score(6582.00) noncoding_equivalent(1361.24) raw_noncoding(1799.00) offset(437.76) 
76153	76181	initial+	1	2	{GeneMark_model.4165_t;GeneMark},{Augustus_model.g3250.t1;Augustus}
76182	76253	INTRON			{GeneMark_model.4165_t;GeneMark},{Augustus_model.g3250.t1;Augustus},{ev_type:exonerate/ID=match.2566964.3550/Target=lcl|KQ954469_1_prot_KWU45873_1_1590;exonerate},{ev_type:exonerate/ID=match.2566964.3551/Target=lcl|PJQD01000050_1_prot_POY72344_1_5014;exonerate}
76254	76384	internal+	3	1	{GeneMark_model.4165_t;GeneMark},{Augustus_model.g3250.t1;Augustus},{ev_type:exonerate/ID=match.2566964.3550/Target=lcl|KQ954469_1_prot_KWU45873_1_1590;exonerate},{ev_type:exonerate/ID=match.2566964.3551/Target=lcl|PJQD01000050_1_prot_POY72344_1_5014;exonerate}
76385	76454	INTRON			{GeneMark_model.4165_t;GeneMark},{Augustus_model.g3250.t1;Augustus},{ev_type:exonerate/ID=match.2566964.3550/Target=lcl|KQ954469_1_prot_KWU45873_1_1590;exonerate},{ev_type:exonerate/ID=match.2566964.3551/Target=lcl|PJQD01000050_1_prot_POY72344_1_5014;exonerate}
76455	76639	internal+	2	3	{GeneMark_model.4165_t;GeneMark},{Augustus_model.g3250.t1;Augustus},{ev_type:exonerate/ID=match.2566964.3550/Target=lcl|KQ954469_1_prot_KWU45873_1_1590;exonerate},{ev_type:exonerate/ID=match.2566964.3551/Target=lcl|PJQD01000050_1_prot_POY72344_1_5014;exonerate}
76640	76713	INTRON			{GeneMark_model.4165_t;GeneMark},{GlimmerHMM_glimmerT_3901-T1;GlimmerHMM},{Augustus_model.g3250.t1;Augustus},{ev_type:exonerate/ID=match.2566964.3550/Target=lcl|KQ954469_1_prot_KWU45873_1_1590;exonerate},{ev_type:exonerate/ID=match.2566964.3551/Target=lcl|PJQD01000050_1_prot_POY72344_1_5014;exonerate}
76714	76824	internal+	1	3	{GeneMark_model.4165_t;GeneMark},{GlimmerHMM_glimmerT_3901-T1;GlimmerHMM},{Augustus_model.g3250.t1;Augustus},{ev_type:exonerate/ID=match.2566964.3550/Target=lcl|KQ954469_1_prot_KWU45873_1_1590;exonerate},{ev_type:exonerate/ID=match.2566964.3551/Target=lcl|PJQD01000050_1_prot_POY72344_1_5014;exonerate}
76825	76895	INTRON			{GeneMark_model.4165_t;GeneMark},{GlimmerHMM_glimmerT_3901-T1;GlimmerHMM},{Augustus_model.g3250.t1;Augustus},{ev_type:exonerate/ID=match.2566964.3550/Target=lcl|KQ954469_1_prot_KWU45873_1_1590;exonerate},{ev_type:exonerate/ID=match.2566964.3551/Target=lcl|PJQD01000050_1_prot_POY72344_1_5014;exonerate}
76896	77432	terminal+	1	3	{GeneMark_model.4165_t;GeneMark},{GlimmerHMM_glimmerT_3901-T1;GlimmerHMM},{Augustus_model.g3250.t1;Augustus}

# EVM prediction: Mode:STANDARD S-ratio: 6.85 77956-81758 orient(-) score(13847.00) noncoding_equivalent(2021.35) raw_noncoding(2984.00) offset(962.65) 
77998	77956	terminal-	6	6	{GlimmerHMM_glimmerT_3902-T1;GlimmerHMM},{GeneMark_model.4166_t;GeneMark},{Augustus_model.g3251.t1;Augustus}
78063	77999	INTRON			{GlimmerHMM_glimmerT_3902-T1;GlimmerHMM},{GeneMark_model.4166_t;GeneMark},{Augustus_model.g3251.t1;Augustus}
78202	78064	internal-	5	5	{GlimmerHMM_glimmerT_3902-T1;GlimmerHMM},{GeneMark_model.4166_t;GeneMark},{Augustus_model.g3251.t1;Augustus}
78263	78203	INTRON			{GlimmerHMM_glimmerT_3902-T1;GlimmerHMM},{GeneMark_model.4166_t;GeneMark},{Augustus_model.g3251.t1;Augustus},{ev_type:exonerate/ID=match.2566964.3624/Target=lcl|KQ954469_1_prot_KWU45874_1_1591;exonerate}
80789	78264	internal-	5	4	{GeneMark_model.4166_t;GeneMark},{Augustus_model.g3251.t1;Augustus}
80859	80790	INTRON			{GeneMark_model.4166_t;GeneMark},{Augustus_model.g3251.t1;Augustus}
81367	80860	internal-	4	4	{GlimmerHMM_glimmerT_3902-T1;GlimmerHMM},{GeneMark_model.4166_t;GeneMark},{Augustus_model.g3251.t1;Augustus}
81749	81368	INTRON			{GlimmerHMM_glimmerT_3902-T1;GlimmerHMM},{Augustus_model.g3251.t1;Augustus}
81758	81750	initial-	4	6	{snap_scaffold_9-snap.251-T1;snap},{GlimmerHMM_glimmerT_3902-T1;GlimmerHMM},{GeneMark_model.4166_t;GeneMark},{Augustus_model.g3251.t1;Augustus}

# EVM prediction: Mode:STANDARD S-ratio: 3.01 82847-85243 orient(-) score(7791.00) noncoding_equivalent(2585.68) raw_noncoding(3105.00) offset(519.32) 
83129	82847	terminal-	6	6	{Augustus_model.g3252.t1;Augustus},{GeneMark_model.4167_t;GeneMark},{GlimmerHMM_glimmerT_3903-T1;GlimmerHMM}
83197	83130	INTRON			{Augustus_model.g3252.t1;Augustus},{GeneMark_model.4167_t;GeneMark},{GlimmerHMM_glimmerT_3903-T1;GlimmerHMM}
83447	83198	internal-	5	5	{Augustus_model.g3252.t1;Augustus},{GeneMark_model.4167_t;GeneMark},{GlimmerHMM_glimmerT_3903-T1;GlimmerHMM}
83525	83448	INTRON			{Augustus_model.g3252.t1;Augustus},{GeneMark_model.4167_t;GeneMark},{GlimmerHMM_glimmerT_3903-T1;GlimmerHMM}
83603	83526	internal-	5	4	{Augustus_model.g3252.t1;Augustus},{GeneMark_model.4167_t;GeneMark},{GlimmerHMM_glimmerT_3903-T1;GlimmerHMM}
83683	83604	INTRON			{Augustus_model.g3252.t1;Augustus},{GeneMark_model.4167_t;GeneMark},{GlimmerHMM_glimmerT_3903-T1;GlimmerHMM}
83893	83684	internal-	5	4	{Augustus_model.g3252.t1;Augustus},{GeneMark_model.4167_t;GeneMark},{GlimmerHMM_glimmerT_3903-T1;GlimmerHMM}
83958	83894	INTRON			{Augustus_model.g3252.t1;Augustus},{GeneMark_model.4167_t;GeneMark},{GlimmerHMM_glimmerT_3903-T1;GlimmerHMM}
84304	83959	internal-	4	4	{Augustus_model.g3252.t1;Augustus},{GeneMark_model.4167_t;GeneMark}
84369	84305	INTRON			{Augustus_model.g3252.t1;Augustus},{GeneMark_model.4167_t;GeneMark}
84430	84370	internal-	6	6	{Augustus_model.g3252.t1;Augustus},{GeneMark_model.4167_t;GeneMark},{GlimmerHMM_glimmerT_3903-T1;GlimmerHMM}
84486	84431	INTRON			{Augustus_model.g3252.t1;Augustus},{GeneMark_model.4167_t;GeneMark},{GlimmerHMM_glimmerT_3903-T1;GlimmerHMM}
84890	84487	internal-	4	5	{Augustus_model.g3252.t1;Augustus},{GeneMark_model.4167_t;GeneMark},{GlimmerHMM_glimmerT_3903-T1;GlimmerHMM}
84952	84891	INTRON			{Augustus_model.g3252.t1;Augustus},{GeneMark_model.4167_t;GeneMark},{GlimmerHMM_glimmerT_3903-T1;GlimmerHMM}
85243	84953	initial-	4	6	{Augustus_model.g3252.t1;Augustus},{GeneMark_model.4167_t;GeneMark},{GlimmerHMM_glimmerT_3903-T1;GlimmerHMM}

# EVM prediction: Mode:STANDARD S-ratio: 2.95 86178-87585 orient(+) score(4384.00) noncoding_equivalent(1485.13) raw_noncoding(1815.79) offset(330.66) 
86178	86345	initial+	1	3	{GeneMark_model.4168_t;GeneMark},{Augustus_model.g3253.t1;Augustus}
86346	86397	INTRON			{GeneMark_model.4168_t;GeneMark},{Augustus_model.g3253.t1;Augustus}
86398	86568	internal+	1	3	{GlimmerHMM_glimmerT_3904-T1;GlimmerHMM},{GeneMark_model.4168_t;GeneMark},{Augustus_model.g3253.t1;Augustus}
86569	86633	INTRON			{GeneMark_model.4168_t;GeneMark},{Augustus_model.g3253.t1;Augustus}
86634	87033	internal+	1	1	{GeneMark_model.4168_t;GeneMark},{Augustus_model.g3253.t1;Augustus}
87034	87095	INTRON			{GlimmerHMM_glimmerT_3904-T1;GlimmerHMM},{GeneMark_model.4168_t;GeneMark},{Augustus_model.g3253.t1;Augustus}
87096	87289	internal+	2	3	{GlimmerHMM_glimmerT_3904-T1;GlimmerHMM},{GeneMark_model.4168_t;GeneMark},{Augustus_model.g3253.t1;Augustus}
87290	87351	INTRON			{GlimmerHMM_glimmerT_3904-T1;GlimmerHMM},{GeneMark_model.4168_t;GeneMark},{Augustus_model.g3253.t1;Augustus}
87352	87585	terminal+	1	3	{GlimmerHMM_glimmerT_3904-T1;GlimmerHMM},{GeneMark_model.4168_t;GeneMark},{Augustus_model.g3253.t1;Augustus}

# EVM prediction: Mode:STANDARD S-ratio: 1.99 87655-88946 orient(-) score(3522.00) noncoding_equivalent(1768.96) raw_noncoding(2066.00) offset(297.04) 
87746	87655	terminal-	5	6	{Augustus_model.g3254.t1;Augustus},{GlimmerHMM_glimmerT_3905-T1;GlimmerHMM},{GeneMark_model.4169_t;GeneMark}
87810	87747	INTRON			{Augustus_model.g3254.t1;Augustus},{GlimmerHMM_glimmerT_3905-T1;GlimmerHMM},{GeneMark_model.4169_t;GeneMark}
88481	87811	internal-	6	4	{GeneMark_model.4169_t;GeneMark}
88552	88482	INTRON			{Augustus_model.g3254.t1;Augustus},{GeneMark_model.4169_t;GeneMark}
88629	88553	internal-	4	5	{Augustus_model.g3254.t1;Augustus},{GeneMark_model.4169_t;GeneMark}
88697	88630	INTRON			{Augustus_model.g3254.t1;Augustus},{GeneMark_model.4169_t;GeneMark}
88946	88698	initial-	4	6	{Augustus_model.g3254.t1;Augustus},{GlimmerHMM_glimmerT_3905-T1;GlimmerHMM},{GeneMark_model.4169_t;GeneMark}

# EVM prediction: Mode:STANDARD S-ratio: 8.14 89803-93720 orient(+) score(14173.00) noncoding_equivalent(1740.50) raw_noncoding(2204.40) offset(463.90) 
89803	89809	initial+	1	1	{Augustus_model.g3255.t1;Augustus},{GeneMark_model.4170_t;GeneMark}
89810	89865	INTRON			{Augustus_model.g3255.t1;Augustus},{GeneMark_model.4170_t;GeneMark}
89866	90157	internal+	2	2	{Augustus_model.g3255.t1;Augustus},{GeneMark_model.4170_t;GeneMark},{GlimmerHMM_glimmerT_3906-T1;GlimmerHMM}
90158	90229	INTRON			{Augustus_model.g3255.t1;Augustus},{GeneMark_model.4170_t;GeneMark}
90230	91835	internal+	3	3	{Augustus_model.g3255.t1;Augustus},{GeneMark_model.4170_t;GeneMark}
91836	91901	INTRON			{Augustus_model.g3255.t1;Augustus},{GeneMark_model.4170_t;GeneMark},{GlimmerHMM_glimmerT_3906-T1;GlimmerHMM}
91902	92013	internal+	1	1	{Augustus_model.g3255.t1;Augustus},{GeneMark_model.4170_t;GeneMark},{GlimmerHMM_glimmerT_3906-T1;GlimmerHMM}
92014	92076	INTRON			{Augustus_model.g3255.t1;Augustus},{GeneMark_model.4170_t;GeneMark},{GlimmerHMM_glimmerT_3906-T1;GlimmerHMM}
92077	92231	internal+	2	3	{Augustus_model.g3255.t1;Augustus},{GeneMark_model.4170_t;GeneMark},{GlimmerHMM_glimmerT_3906-T1;GlimmerHMM}
92232	92292	INTRON			{Augustus_model.g3255.t1;Augustus},{GeneMark_model.4170_t;GeneMark}
92293	92391	internal+	1	3	{Augustus_model.g3255.t1;Augustus},{GeneMark_model.4170_t;GeneMark}
92392	92451	INTRON			{Augustus_model.g3255.t1;Augustus},{GeneMark_model.4170_t;GeneMark}
92452	93720	terminal+	1	3	{GeneMark_model.4170_t;GeneMark},{GlimmerHMM_glimmerT_3906-T1;GlimmerHMM}

# EVM prediction: Mode:STANDARD S-ratio: 5.58 94060-97938 orient(+) score(13152.00) noncoding_equivalent(2359.00) raw_noncoding(3077.50) offset(718.50) 
94060	94392	initial+	1	3	{GeneMark_model.4171_t;GeneMark}
94393	94470	INTRON			{GeneMark_model.4171_t;GeneMark},{Augustus_model.g3255.t1;Augustus}
94471	94623	internal+	1	3	{GeneMark_model.4171_t;GeneMark},{Augustus_model.g3255.t1;Augustus}
94624	94740	INTRON			{GeneMark_model.4171_t;GeneMark},{Augustus_model.g3255.t1;Augustus}
94741	94827	internal+	1	3	{GeneMark_model.4171_t;GeneMark},{Augustus_model.g3255.t1;Augustus}
94828	94924	INTRON			{GeneMark_model.4171_t;GeneMark},{Augustus_model.g3255.t1;Augustus}
94925	95262	internal+	1	2	{GlimmerHMM_glimmerT_3907-T1;GlimmerHMM}
95263	95384	INTRON			{snap_scaffold_9-snap.257-T1;snap},{GlimmerHMM_glimmerT_3907-T1;GlimmerHMM}
95385	97938	terminal+	3	3	{GeneMark_model.4171_t;GeneMark},{Augustus_model.g3255.t1;Augustus},{snap_scaffold_9-snap.257-T1;snap},{GlimmerHMM_glimmerT_3907-T1;GlimmerHMM}

# EVM prediction: Mode:STANDARD S-ratio: 5.67 98333-100685 orient(+) score(8393.00) noncoding_equivalent(1479.10) raw_noncoding(1751.45) offset(272.35) 
98333	98366	initial+	1	1	{Augustus_model.g3256.t1;Augustus},{GeneMark_model.4172_t;GeneMark}
98367	98438	INTRON			{Augustus_model.g3256.t1;Augustus},{GeneMark_model.4172_t;GeneMark}
98439	98505	internal+	2	2	{Augustus_model.g3256.t1;Augustus},{GeneMark_model.4172_t;GeneMark}
98506	98560	INTRON			{Augustus_model.g3256.t1;Augustus},{GeneMark_model.4172_t;GeneMark},{GlimmerHMM_glimmerT_3908-T1;GlimmerHMM}
98561	98680	internal+	3	2	{Augustus_model.g3256.t1;Augustus},{GeneMark_model.4172_t;GeneMark},{GlimmerHMM_glimmerT_3908-T1;GlimmerHMM}
98681	98744	INTRON			{Augustus_model.g3256.t1;Augustus},{GeneMark_model.4172_t;GeneMark},{GlimmerHMM_glimmerT_3908-T1;GlimmerHMM}
98745	99552	internal+	3	3	{Augustus_model.g3256.t1;Augustus},{GeneMark_model.4172_t;GeneMark},{GlimmerHMM_glimmerT_3908-T1;GlimmerHMM}
99553	99614	INTRON			{Augustus_model.g3256.t1;Augustus},{GeneMark_model.4172_t;GeneMark},{GlimmerHMM_glimmerT_3908-T1;GlimmerHMM}
99615	100003	internal+	1	2	{Augustus_model.g3256.t1;Augustus},{GeneMark_model.4172_t;GeneMark},{GlimmerHMM_glimmerT_3908-T1;GlimmerHMM}
100004	100063	INTRON			{Augustus_model.g3256.t1;Augustus},{GeneMark_model.4172_t;GeneMark},{GlimmerHMM_glimmerT_3908-T1;GlimmerHMM}
100064	100685	terminal+	3	3	{Augustus_model.g3256.t1;Augustus},{GeneMark_model.4172_t;GeneMark},{GlimmerHMM_glimmerT_3908-T1;GlimmerHMM}

# EVM prediction: Mode:STANDARD S-ratio: 15.09 101743-102285 orient(+) score(2037.00) noncoding_equivalent(135.00) raw_noncoding(135.00) offset(0.00) 
101743	102285	single+	1	3	{Augustus_model.g3257.t1;Augustus}

# EVM prediction: Mode:STANDARD S-ratio: 8.63 102407-104510 orient(-) score(7635.00) noncoding_equivalent(884.42) raw_noncoding(1222.71) offset(338.29) 
103642	102407	terminal-	4	6	{Augustus_model.g3258.t1;Augustus},{GlimmerHMM_glimmerT_3910-T1;GlimmerHMM},{GeneMark_model.4174_t;GeneMark}
103701	103643	INTRON			{Augustus_model.g3258.t1;Augustus},{GeneMark_model.4174_t;GeneMark}
103758	103702	internal-	4	6	{Augustus_model.g3258.t1;Augustus},{GeneMark_model.4174_t;GeneMark}
103814	103759	INTRON			{Augustus_model.g3258.t1;Augustus},{GeneMark_model.4174_t;GeneMark}
104126	103815	internal-	4	6	{Augustus_model.g3258.t1;Augustus},{GlimmerHMM_glimmerT_3910-T1;GlimmerHMM},{GeneMark_model.4174_t;GeneMark}
104183	104127	INTRON			{Augustus_model.g3258.t1;Augustus},{GlimmerHMM_glimmerT_3910-T1;GlimmerHMM},{GeneMark_model.4174_t;GeneMark}
104362	104184	internal-	5	6	{Augustus_model.g3258.t1;Augustus},{GeneMark_model.4174_t;GeneMark}
104422	104363	INTRON			{Augustus_model.g3258.t1;Augustus},{GeneMark_model.4174_t;GeneMark}
104510	104423	initial-	4	4	{Augustus_model.g3258.t1;Augustus},{GeneMark_model.4174_t;GeneMark}

# EVM prediction: Mode:STANDARD S-ratio: 3.29 104750-108505 orient(-) score(12435.00) noncoding_equivalent(3785.09) raw_noncoding(4415.79) offset(630.69) 
105932	104750	terminal-	6	6	{Augustus_model.g3259.t1;Augustus},{snap_scaffold_9-snap.263-T1;snap},{GeneMark_model.4175_t;GeneMark}
105994	105933	INTRON			{GlimmerHMM_glimmerT_3910-T1;GlimmerHMM},{Augustus_model.g3259.t1;Augustus},{GeneMark_model.4175_t;GeneMark}
106118	105995	internal-	5	5	{GlimmerHMM_glimmerT_3910-T1;GlimmerHMM},{Augustus_model.g3259.t1;Augustus},{GeneMark_model.4175_t;GeneMark}
106183	106119	INTRON			{GlimmerHMM_glimmerT_3910-T1;GlimmerHMM},{Augustus_model.g3259.t1;Augustus},{GeneMark_model.4175_t;GeneMark}
106466	106184	internal-	4	4	{GlimmerHMM_glimmerT_3910-T1;GlimmerHMM},{Augustus_model.g3259.t1;Augustus},{GeneMark_model.4175_t;GeneMark}
106533	106467	INTRON			{GlimmerHMM_glimmerT_3910-T1;GlimmerHMM},{Augustus_model.g3259.t1;Augustus},{GeneMark_model.4175_t;GeneMark}
106662	106534	internal-	4	6	{GlimmerHMM_glimmerT_3910-T1;GlimmerHMM},{Augustus_model.g3259.t1;Augustus},{GeneMark_model.4175_t;GeneMark}
106724	106663	INTRON			{GlimmerHMM_glimmerT_3910-T1;GlimmerHMM},{Augustus_model.g3259.t1;Augustus},{GeneMark_model.4175_t;GeneMark}
106867	106725	internal-	5	6	{GlimmerHMM_glimmerT_3910-T1;GlimmerHMM},{Augustus_model.g3259.t1;Augustus},{GeneMark_model.4175_t;GeneMark}
106931	106868	INTRON			{GlimmerHMM_glimmerT_3910-T1;GlimmerHMM},{Augustus_model.g3259.t1;Augustus},{GeneMark_model.4175_t;GeneMark}
107007	106932	internal-	4	4	{GlimmerHMM_glimmerT_3910-T1;GlimmerHMM},{Augustus_model.g3259.t1;Augustus},{GeneMark_model.4175_t;GeneMark}
107085	107008	INTRON			{GlimmerHMM_glimmerT_3910-T1;GlimmerHMM},{Augustus_model.g3259.t1;Augustus},{GeneMark_model.4175_t;GeneMark}
107165	107086	internal-	5	6	{GlimmerHMM_glimmerT_3910-T1;GlimmerHMM},{Augustus_model.g3259.t1;Augustus},{GeneMark_model.4175_t;GeneMark}
107236	107166	INTRON			{GlimmerHMM_glimmerT_3910-T1;GlimmerHMM},{Augustus_model.g3259.t1;Augustus},{GeneMark_model.4175_t;GeneMark}
107693	107237	internal-	4	4	{GlimmerHMM_glimmerT_3910-T1;GlimmerHMM},{Augustus_model.g3259.t1;Augustus},{GeneMark_model.4175_t;GeneMark}
107764	107694	INTRON			{GlimmerHMM_glimmerT_3910-T1;GlimmerHMM},{Augustus_model.g3259.t1;Augustus},{GeneMark_model.4175_t;GeneMark}
107935	107765	internal-	4	6	{GlimmerHMM_glimmerT_3910-T1;GlimmerHMM},{Augustus_model.g3259.t1;Augustus},{GeneMark_model.4175_t;GeneMark}
108013	107936	INTRON			{GlimmerHMM_glimmerT_3910-T1;GlimmerHMM},{Augustus_model.g3259.t1;Augustus},{GeneMark_model.4175_t;GeneMark}
108505	108014	initial-	4	6	{GlimmerHMM_glimmerT_3910-T1;GlimmerHMM},{GeneMark_model.4175_t;GeneMark}

# EVM prediction: Mode:STANDARD S-ratio: 2.05 108901-110682 orient(+) score(5194.00) noncoding_equivalent(2537.05) raw_noncoding(3330.00) offset(792.95) 
108901	109275	initial+	1	3	{GeneMark_model.4176_t;GeneMark},{Augustus_model.g3260.t1;Augustus},{GlimmerHMM_glimmerT_3911-T1;GlimmerHMM}
109276	109379	INTRON			{GeneMark_model.4176_t;GeneMark},{Augustus_model.g3260.t1;Augustus},{GlimmerHMM_glimmerT_3911-T1;GlimmerHMM}
109380	109475	internal+	1	3	{GeneMark_model.4176_t;GeneMark},{Augustus_model.g3260.t1;Augustus},{GlimmerHMM_glimmerT_3911-T1;GlimmerHMM}
109476	109540	INTRON			{GeneMark_model.4176_t;GeneMark},{Augustus_model.g3260.t1;Augustus},{GlimmerHMM_glimmerT_3911-T1;GlimmerHMM}
109541	109665	internal+	1	2	{GeneMark_model.4176_t;GeneMark},{Augustus_model.g3260.t1;Augustus},{GlimmerHMM_glimmerT_3911-T1;GlimmerHMM}
109666	109745	INTRON			{GeneMark_model.4176_t;GeneMark},{Augustus_model.g3260.t1;Augustus}
109746	109793	internal+	3	2	{GeneMark_model.4176_t;GeneMark},{Augustus_model.g3260.t1;Augustus}
109794	109882	INTRON			{GeneMark_model.4176_t;GeneMark},{Augustus_model.g3260.t1;Augustus}
109883	110036	internal+	3	3	{GeneMark_model.4176_t;GeneMark},{Augustus_model.g3260.t1;Augustus},{GlimmerHMM_glimmerT_3911-T1;GlimmerHMM}
110037	110112	INTRON			{GeneMark_model.4176_t;GeneMark},{Augustus_model.g3260.t1;Augustus},{GlimmerHMM_glimmerT_3911-T1;GlimmerHMM}
110113	110168	internal+	1	2	{GeneMark_model.4176_t;GeneMark},{Augustus_model.g3260.t1;Augustus},{GlimmerHMM_glimmerT_3911-T1;GlimmerHMM}
110169	110235	INTRON			{GeneMark_model.4176_t;GeneMark},{Augustus_model.g3260.t1;Augustus},{GlimmerHMM_glimmerT_3911-T1;GlimmerHMM}
110236	110513	internal+	3	1	{GeneMark_model.4176_t;GeneMark},{Augustus_model.g3260.t1;Augustus},{GlimmerHMM_glimmerT_3911-T1;GlimmerHMM}
110514	110602	INTRON			{GeneMark_model.4176_t;GeneMark},{Augustus_model.g3260.t1;Augustus}
110603	110682	terminal+	2	3	{GeneMark_model.4176_t;GeneMark},{Augustus_model.g3260.t1;Augustus}

# EVM prediction: Mode:STANDARD S-ratio: 1.67 111043-112182 orient(-) score(3038.00) noncoding_equivalent(1822.00) raw_noncoding(2224.00) offset(402.00) 
111294	111043	terminal-	4	6	{GeneMark_model.4177_t;GeneMark},{GlimmerHMM_glimmerT_3912-T1;GlimmerHMM}
111424	111295	INTRON			{GeneMark_model.4177_t;GeneMark},{GlimmerHMM_glimmerT_3912-T1;GlimmerHMM}
111701	111425	internal-	6	6	{GeneMark_model.4177_t;GeneMark},{Augustus_model.g3261.t1;Augustus},{GlimmerHMM_glimmerT_3912-T1;GlimmerHMM}
111789	111702	INTRON			{GeneMark_model.4177_t;GeneMark},{Augustus_model.g3261.t1;Augustus},{GlimmerHMM_glimmerT_3912-T1;GlimmerHMM}
111860	111790	internal-	4	5	{GeneMark_model.4177_t;GeneMark},{Augustus_model.g3261.t1;Augustus},{GlimmerHMM_glimmerT_3912-T1;GlimmerHMM}
111927	111861	INTRON			{GeneMark_model.4177_t;GeneMark},{Augustus_model.g3261.t1;Augustus},{GlimmerHMM_glimmerT_3912-T1;GlimmerHMM}
112182	111928	initial-	4	6	{GeneMark_model.4177_t;GeneMark},{Augustus_model.g3261.t1;Augustus},{GlimmerHMM_glimmerT_3912-T1;GlimmerHMM}

# EVM prediction: Mode:STANDARD S-ratio: 2.97 112617-114218 orient(+) score(5213.00) noncoding_equivalent(1757.16) raw_noncoding(2242.42) offset(485.25) 
112617	112660	initial+	1	2	{Augustus_model.g3262.t1;Augustus},{GeneMark_model.4178_t;GeneMark}
112661	112772	INTRON			{Augustus_model.g3262.t1;Augustus},{GeneMark_model.4178_t;GeneMark}
112773	113339	internal+	3	2	{Augustus_model.g3262.t1;Augustus},{GeneMark_model.4178_t;GeneMark}
113340	113409	INTRON			{GlimmerHMM_glimmerT_3913-T1;GlimmerHMM},{Augustus_model.g3262.t1;Augustus},{GeneMark_model.4178_t;GeneMark}
113410	113464	internal+	3	3	{GlimmerHMM_glimmerT_3913-T1;GlimmerHMM},{Augustus_model.g3262.t1;Augustus},{GeneMark_model.4178_t;GeneMark}
113465	113527	INTRON			{GlimmerHMM_glimmerT_3913-T1;GlimmerHMM},{Augustus_model.g3262.t1;Augustus},{GeneMark_model.4178_t;GeneMark}
113528	113692	internal+	1	3	{GlimmerHMM_glimmerT_3913-T1;GlimmerHMM},{Augustus_model.g3262.t1;Augustus},{GeneMark_model.4178_t;GeneMark}
113693	113753	INTRON			{GlimmerHMM_glimmerT_3913-T1;GlimmerHMM},{Augustus_model.g3262.t1;Augustus},{GeneMark_model.4178_t;GeneMark}
113754	114054	internal+	1	1	{GlimmerHMM_glimmerT_3913-T1;GlimmerHMM},{Augustus_model.g3262.t1;Augustus},{GeneMark_model.4178_t;GeneMark}
114055	114150	INTRON			{GlimmerHMM_glimmerT_3913-T1;GlimmerHMM},{Augustus_model.g3262.t1;Augustus},{GeneMark_model.4178_t;GeneMark}
114151	114218	terminal+	2	3	{GlimmerHMM_glimmerT_3913-T1;GlimmerHMM},{Augustus_model.g3262.t1;Augustus},{GeneMark_model.4178_t;GeneMark}

# EVM prediction: Mode:STANDARD S-ratio: 4.58 116727-117149 orient(+) score(2975.00) noncoding_equivalent(649.37) raw_noncoding(921.00) offset(271.63) 
116727	116738	initial+	1	3	{GeneMark_model.4179_t;GeneMark},{Augustus_model.g3263.t1;Augustus}
116739	116809	INTRON			{GeneMark_model.4179_t;GeneMark},{Augustus_model.g3263.t1;Augustus},{ev_type:exonerate/ID=match.2566964.3634/Target=lcl|KQ954469_1_prot_KWU45888_1_1605;exonerate},{ev_type:exonerate/ID=match.2566964.3638/Target=lcl|LCTV02000006_1_prot_PRQ74412_1_6397;exonerate},{ev_type:exonerate/ID=match.2566964.3645/Target=lcl|NW_017264937_1_prot_XP_018269629_1_5032;exonerate}
116810	116894	internal+	1	1	{GeneMark_model.4179_t;GeneMark},{Augustus_model.g3263.t1;Augustus},{ev_type:exonerate/ID=match.2566964.3634/Target=lcl|KQ954469_1_prot_KWU45888_1_1605;exonerate},{ev_type:exonerate/ID=match.2566964.3638/Target=lcl|LCTV02000006_1_prot_PRQ74412_1_6397;exonerate},{ev_type:exonerate/ID=match.2566964.3645/Target=lcl|NW_017264937_1_prot_XP_018269629_1_5032;exonerate}
116895	116958	INTRON			{GeneMark_model.4179_t;GeneMark},{Augustus_model.g3263.t1;Augustus},{ev_type:exonerate/ID=match.2566964.3634/Target=lcl|KQ954469_1_prot_KWU45888_1_1605;exonerate},{ev_type:exonerate/ID=match.2566964.3655/Target=lcl|BJWK01000011_1_prot_GEM10449_1_4466;exonerate},{ev_type:exonerate/ID=match.2566964.3654/Target=lcl|PJQD01000050_1_prot_POY72359_1_5029;exonerate},{ev_type:exonerate/ID=match.2566964.3638/Target=lcl|LCTV02000006_1_prot_PRQ74412_1_6397;exonerate},{ev_type:exonerate/ID=match.2566964.3645/Target=lcl|NW_017264937_1_prot_XP_018269629_1_5032;exonerate}
116959	117149	terminal+	2	3	{GeneMark_model.4179_t;GeneMark},{Augustus_model.g3263.t1;Augustus},{snap_scaffold_9-snap.267-T1;snap}

# EVM prediction: Mode:STANDARD S-ratio: 5.25 117579-121123 orient(+) score(12748.00) noncoding_equivalent(2428.63) raw_noncoding(2747.00) offset(318.37) 
117579	117719	initial+	1	3	{GeneMark_model.4180_t;GeneMark},{Augustus_model.g3264.t1;Augustus},{GlimmerHMM_glimmerT_3914-T1;GlimmerHMM}
117720	117781	INTRON			{GeneMark_model.4180_t;GeneMark},{Augustus_model.g3264.t1;Augustus},{GlimmerHMM_glimmerT_3914-T1;GlimmerHMM}
117782	118864	internal+	1	3	{GeneMark_model.4180_t;GeneMark},{Augustus_model.g3264.t1;Augustus},{GlimmerHMM_glimmerT_3914-T1;GlimmerHMM}
118865	118930	INTRON			{GeneMark_model.4180_t;GeneMark},{Augustus_model.g3264.t1;Augustus},{GlimmerHMM_glimmerT_3914-T1;GlimmerHMM}
118931	119209	internal+	1	3	{GeneMark_model.4180_t;GeneMark},{Augustus_model.g3264.t1;Augustus},{GlimmerHMM_glimmerT_3914-T1;GlimmerHMM}
119210	119273	INTRON			{GeneMark_model.4180_t;GeneMark},{Augustus_model.g3264.t1;Augustus},{GlimmerHMM_glimmerT_3914-T1;GlimmerHMM}
119274	119657	internal+	1	3	{GeneMark_model.4180_t;GeneMark},{Augustus_model.g3264.t1;Augustus},{GlimmerHMM_glimmerT_3914-T1;GlimmerHMM}
119658	119720	INTRON			{GeneMark_model.4180_t;GeneMark},{Augustus_model.g3264.t1;Augustus},{GlimmerHMM_glimmerT_3914-T1;GlimmerHMM}
119721	119939	internal+	1	3	{GeneMark_model.4180_t;GeneMark},{Augustus_model.g3264.t1;Augustus},{GlimmerHMM_glimmerT_3914-T1;GlimmerHMM}
119940	120007	INTRON			{GeneMark_model.4180_t;GeneMark},{Augustus_model.g3264.t1;Augustus},{GlimmerHMM_glimmerT_3914-T1;GlimmerHMM}
120008	120139	internal+	1	3	{GeneMark_model.4180_t;GeneMark},{Augustus_model.g3264.t1;Augustus},{GlimmerHMM_glimmerT_3914-T1;GlimmerHMM}
120140	120206	INTRON			{GeneMark_model.4180_t;GeneMark},{Augustus_model.g3264.t1;Augustus},{GlimmerHMM_glimmerT_3914-T1;GlimmerHMM}
120207	120656	internal+	1	3	{GeneMark_model.4180_t;GeneMark},{Augustus_model.g3264.t1;Augustus},{GlimmerHMM_glimmerT_3914-T1;GlimmerHMM}
120657	120719	INTRON			{GeneMark_model.4180_t;GeneMark},{Augustus_model.g3264.t1;Augustus},{GlimmerHMM_glimmerT_3914-T1;GlimmerHMM}
120720	120860	internal+	1	3	{GeneMark_model.4180_t;GeneMark},{Augustus_model.g3264.t1;Augustus},{GlimmerHMM_glimmerT_3914-T1;GlimmerHMM}
120861	120925	INTRON			{GeneMark_model.4180_t;GeneMark},{Augustus_model.g3264.t1;Augustus},{GlimmerHMM_glimmerT_3914-T1;GlimmerHMM}
120926	121123	terminal+	1	3	{GeneMark_model.4180_t;GeneMark},{Augustus_model.g3264.t1;Augustus},{GlimmerHMM_glimmerT_3914-T1;GlimmerHMM}

# EVM prediction: Mode:STANDARD S-ratio: 1.73 122926-125757 orient(+) score(8224.00) noncoding_equivalent(4761.33) raw_noncoding(6174.00) offset(1412.67) 
122926	122944	initial+	1	1	{GlimmerHMM_glimmerT_3915-T1;GlimmerHMM}
122945	123070	INTRON			{GlimmerHMM_glimmerT_3915-T1;GlimmerHMM},{GeneMark_model.4181_t;GeneMark},{Augustus_model.g3265.t1;Augustus}
123071	123228	internal+	2	3	{GlimmerHMM_glimmerT_3915-T1;GlimmerHMM},{GeneMark_model.4181_t;GeneMark},{Augustus_model.g3265.t1;Augustus}
123229	123293	INTRON			{GlimmerHMM_glimmerT_3915-T1;GlimmerHMM},{GeneMark_model.4181_t;GeneMark},{Augustus_model.g3265.t1;Augustus}
123294	123419	internal+	1	3	{GlimmerHMM_glimmerT_3915-T1;GlimmerHMM},{GeneMark_model.4181_t;GeneMark},{Augustus_model.g3265.t1;Augustus}
123420	123498	INTRON			{GlimmerHMM_glimmerT_3915-T1;GlimmerHMM},{GeneMark_model.4181_t;GeneMark},{Augustus_model.g3265.t1;Augustus}
123499	123593	internal+	1	2	{GlimmerHMM_glimmerT_3915-T1;GlimmerHMM},{GeneMark_model.4181_t;GeneMark},{Augustus_model.g3265.t1;Augustus}
123594	123670	INTRON			{GlimmerHMM_glimmerT_3915-T1;GlimmerHMM},{GeneMark_model.4181_t;GeneMark},{Augustus_model.g3265.t1;Augustus}
123671	123848	internal+	3	3	{GlimmerHMM_glimmerT_3915-T1;GlimmerHMM},{GeneMark_model.4181_t;GeneMark},{Augustus_model.g3265.t1;Augustus}
123849	123935	INTRON			{GlimmerHMM_glimmerT_3915-T1;GlimmerHMM},{GeneMark_model.4181_t;GeneMark},{Augustus_model.g3265.t1;Augustus}
123936	124077	internal+	1	1	{GlimmerHMM_glimmerT_3915-T1;GlimmerHMM},{GeneMark_model.4181_t;GeneMark},{Augustus_model.g3265.t1;Augustus}
124078	124144	INTRON			{snap_scaffold_9-snap.270-T1;snap},{GlimmerHMM_glimmerT_3915-T1;GlimmerHMM},{GeneMark_model.4181_t;GeneMark},{Augustus_model.g3265.t1;Augustus}
124145	124437	internal+	2	3	{GlimmerHMM_glimmerT_3915-T1;GlimmerHMM},{GeneMark_model.4181_t;GeneMark},{Augustus_model.g3265.t1;Augustus}
124438	124511	INTRON			{GlimmerHMM_glimmerT_3915-T1;GlimmerHMM},{GeneMark_model.4181_t;GeneMark},{Augustus_model.g3265.t1;Augustus}
124512	124661	internal+	1	3	{GlimmerHMM_glimmerT_3915-T1;GlimmerHMM},{GeneMark_model.4181_t;GeneMark},{Augustus_model.g3265.t1;Augustus}
124662	124734	INTRON			{GlimmerHMM_glimmerT_3915-T1;GlimmerHMM},{GeneMark_model.4181_t;GeneMark},{Augustus_model.g3265.t1;Augustus}
124735	124807	internal+	1	1	{GlimmerHMM_glimmerT_3915-T1;GlimmerHMM},{GeneMark_model.4181_t;GeneMark},{Augustus_model.g3265.t1;Augustus}
124808	124876	INTRON			{GlimmerHMM_glimmerT_3915-T1;GlimmerHMM},{GeneMark_model.4181_t;GeneMark},{Augustus_model.g3265.t1;Augustus}
124877	124943	internal+	2	2	{GlimmerHMM_glimmerT_3915-T1;GlimmerHMM},{GeneMark_model.4181_t;GeneMark},{Augustus_model.g3265.t1;Augustus}
124944	125010	INTRON			{GlimmerHMM_glimmerT_3915-T1;GlimmerHMM},{GeneMark_model.4181_t;GeneMark},{Augustus_model.g3265.t1;Augustus}
125011	125109	internal+	3	2	{GeneMark_model.4181_t;GeneMark},{Augustus_model.g3265.t1;Augustus}
125110	125178	INTRON			{GeneMark_model.4181_t;GeneMark},{Augustus_model.g3265.t1;Augustus}
125179	125267	internal+	3	1	{GeneMark_model.4181_t;GeneMark},{Augustus_model.g3265.t1;Augustus}
125268	125343	INTRON			{GeneMark_model.4181_t;GeneMark},{Augustus_model.g3265.t1;Augustus}
125344	125384	internal+	2	3	{GeneMark_model.4181_t;GeneMark},{Augustus_model.g3265.t1;Augustus}
125385	125441	INTRON			{GeneMark_model.4181_t;GeneMark},{Augustus_model.g3265.t1;Augustus}
125442	125568	internal+	1	1	{GeneMark_model.4181_t;GeneMark},{Augustus_model.g3265.t1;Augustus}
125569	125716	INTRON			{GeneMark_model.4181_t;GeneMark},{Augustus_model.g3265.t1;Augustus}
125717	125757	terminal+	2	3	{GeneMark_model.4181_t;GeneMark},{Augustus_model.g3265.t1;Augustus}

# EVM prediction: Mode:STANDARD S-ratio: 1.00 126114-126596 orient(-) score(966.00) noncoding_equivalent(966.00) raw_noncoding(966.00) offset(0.00) 
126596	126114	single-	4	6	{GlimmerHMM_glimmerT_3916-T1;GlimmerHMM}

# EVM prediction: Mode:STANDARD S-ratio: 3.53 128852-129668 orient(+) score(3521.00) noncoding_equivalent(998.19) raw_noncoding(1235.02) offset(236.83) 
128852	128965	initial+	1	3	{Augustus_model.g3266.t1;Augustus}
128966	129030	INTRON			{GeneMark_model.4183_t;GeneMark},{GlimmerHMM_glimmerT_3917-T1;GlimmerHMM},{Augustus_model.g3266.t1;Augustus},{ev_type:exonerate/ID=match.2566964.3615/Target=lcl|PJQD01000050_1_prot_POY72362_1_5032;exonerate}
129031	129169	internal+	1	1	{GeneMark_model.4183_t;GeneMark},{GlimmerHMM_glimmerT_3917-T1;GlimmerHMM},{Augustus_model.g3266.t1;Augustus},{ev_type:exonerate/ID=match.2566964.3615/Target=lcl|PJQD01000050_1_prot_POY72362_1_5032;exonerate}
129170	129242	INTRON			{GeneMark_model.4183_t;GeneMark},{GlimmerHMM_glimmerT_3917-T1;GlimmerHMM},{Augustus_model.g3266.t1;Augustus},{ev_type:exonerate/ID=match.2566964.3615/Target=lcl|PJQD01000050_1_prot_POY72362_1_5032;exonerate}
129243	129331	internal+	2	3	{GeneMark_model.4183_t;GeneMark},{GlimmerHMM_glimmerT_3917-T1;GlimmerHMM},{Augustus_model.g3266.t1;Augustus},{ev_type:exonerate/ID=match.2566964.3615/Target=lcl|PJQD01000050_1_prot_POY72362_1_5032;exonerate}
129332	129419	INTRON			{GeneMark_model.4183_t;GeneMark},{GlimmerHMM_glimmerT_3917-T1;GlimmerHMM},{Augustus_model.g3266.t1;Augustus},{ev_type:exonerate/ID=match.2566964.3615/Target=lcl|PJQD01000050_1_prot_POY72362_1_5032;exonerate}
129420	129668	terminal+	1	3	{GeneMark_model.4183_t;GeneMark},{snap_scaffold_9-snap.271-T1;snap},{Augustus_model.g3266.t1;Augustus}

# EVM prediction: Mode:STANDARD S-ratio: 8.64 129919-132020 orient(+) score(7535.00) noncoding_equivalent(871.63) raw_noncoding(995.90) offset(124.26) 
129919	130059	initial+	1	3	{GeneMark_model.4184_t;GeneMark},{Augustus_model.g3267.t1;Augustus}
130060	130121	INTRON			{GeneMark_model.4184_t;GeneMark},{Augustus_model.g3267.t1;Augustus}
130122	132020	terminal+	1	3	{GeneMark_model.4184_t;GeneMark},{Augustus_model.g3267.t1;Augustus}

# EVM prediction: Mode:STANDARD S-ratio: 4.20 132217-133115 orient(-) score(5448.00) noncoding_equivalent(1297.00) raw_noncoding(1442.00) offset(145.00) 
132336	132217	terminal-	4	6	{HiQ_model.g3268.t1;HiQ},{GeneMark_model.4185_t;GeneMark},{GlimmerHMM_glimmerT_3918-T1;GlimmerHMM}
132437	132337	INTRON			{HiQ_model.g3268.t1;HiQ},{GeneMark_model.4185_t;GeneMark},{GlimmerHMM_glimmerT_3918-T1;GlimmerHMM},{ev_type:exonerate/ID=match.2566964.3611/Target=lcl|KQ954469_1_prot_KWU45890_1_1607;exonerate},{ev_type:exonerate/ID=match.2566964.3612/Target=lcl|NW_017264937_1_prot_XP_018269624_1_5027;exonerate}
133115	132438	initial-	4	6	{HiQ_model.g3268.t1;HiQ},{GeneMark_model.4185_t;GeneMark},{GlimmerHMM_glimmerT_3918-T1;GlimmerHMM}

# EVM prediction: Mode:STANDARD S-ratio: 2.78 133955-136260 orient(+) score(7134.00) noncoding_equivalent(2567.70) raw_noncoding(3476.00) offset(908.30) 
133955	134289	initial+	1	2	{GlimmerHMM_glimmerT_3919-T1;GlimmerHMM},{Augustus_model.g3269.t1;Augustus},{GeneMark_model.4186_t;GeneMark}
134290	134349	INTRON			{GlimmerHMM_glimmerT_3919-T1;GlimmerHMM},{Augustus_model.g3269.t1;Augustus},{GeneMark_model.4186_t;GeneMark}
134350	134476	internal+	3	3	{GlimmerHMM_glimmerT_3919-T1;GlimmerHMM},{Augustus_model.g3269.t1;Augustus},{GeneMark_model.4186_t;GeneMark}
134477	134540	INTRON			{GlimmerHMM_glimmerT_3919-T1;GlimmerHMM},{Augustus_model.g3269.t1;Augustus},{GeneMark_model.4186_t;GeneMark}
134541	134701	internal+	1	2	{GlimmerHMM_glimmerT_3919-T1;GlimmerHMM},{Augustus_model.g3269.t1;Augustus},{GeneMark_model.4186_t;GeneMark}
134702	134761	INTRON			{Augustus_model.g3269.t1;Augustus},{GeneMark_model.4186_t;GeneMark}
134762	134806	internal+	3	2	{Augustus_model.g3269.t1;Augustus},{GeneMark_model.4186_t;GeneMark}
134807	134888	INTRON			{Augustus_model.g3269.t1;Augustus},{GeneMark_model.4186_t;GeneMark}
134889	135296	internal+	3	2	{GlimmerHMM_glimmerT_3919-T1;GlimmerHMM},{Augustus_model.g3269.t1;Augustus},{GeneMark_model.4186_t;GeneMark}
135297	135407	INTRON			{Augustus_model.g3269.t1;Augustus},{GeneMark_model.4186_t;GeneMark}
135408	135432	internal+	3	3	{Augustus_model.g3269.t1;Augustus},{GeneMark_model.4186_t;GeneMark}
135433	135518	INTRON			{Augustus_model.g3269.t1;Augustus},{GeneMark_model.4186_t;GeneMark}
135519	135813	internal+	1	1	{Augustus_model.g3269.t1;Augustus},{GeneMark_model.4186_t;GeneMark}
135814	135878	INTRON			{GlimmerHMM_glimmerT_3919-T1;GlimmerHMM},{Augustus_model.g3269.t1;Augustus},{GeneMark_model.4186_t;GeneMark}
135879	135941	internal+	2	1	{GlimmerHMM_glimmerT_3919-T1;GlimmerHMM},{Augustus_model.g3269.t1;Augustus},{GeneMark_model.4186_t;GeneMark}
135942	136001	INTRON			{GlimmerHMM_glimmerT_3919-T1;GlimmerHMM},{Augustus_model.g3269.t1;Augustus},{GeneMark_model.4186_t;GeneMark}
136002	136136	internal+	2	1	{Augustus_model.g3269.t1;Augustus},{GeneMark_model.4186_t;GeneMark}
136137	136198	INTRON			{Augustus_model.g3269.t1;Augustus},{GeneMark_model.4186_t;GeneMark}
136199	136260	terminal+	2	3	{Augustus_model.g3269.t1;Augustus},{GeneMark_model.4186_t;GeneMark}

# EVM prediction: Mode:STANDARD S-ratio: 4.07 136325-142311 orient(-) score(20241.00) noncoding_equivalent(4977.37) raw_noncoding(6443.00) offset(1465.63) 
136700	136325	terminal-	6	6	{Augustus_model.g3270.t1;Augustus},{GlimmerHMM_glimmerT_3920-T1;GlimmerHMM},{snap_scaffold_9-snap.276-T1;snap},{GeneMark_model.4187_t;GeneMark}
136759	136701	INTRON			{Augustus_model.g3270.t1;Augustus},{GlimmerHMM_glimmerT_3920-T1;GlimmerHMM},{GeneMark_model.4187_t;GeneMark}
136913	136760	internal-	5	5	{Augustus_model.g3270.t1;Augustus},{GlimmerHMM_glimmerT_3920-T1;GlimmerHMM},{GeneMark_model.4187_t;GeneMark}
136974	136914	INTRON			{Augustus_model.g3270.t1;Augustus},{GlimmerHMM_glimmerT_3920-T1;GlimmerHMM},{GeneMark_model.4187_t;GeneMark}
137045	136975	internal-	6	4	{Augustus_model.g3270.t1;Augustus},{GlimmerHMM_glimmerT_3920-T1;GlimmerHMM},{GeneMark_model.4187_t;GeneMark}
137105	137046	INTRON			{Augustus_model.g3270.t1;Augustus},{GlimmerHMM_glimmerT_3920-T1;GlimmerHMM},{GeneMark_model.4187_t;GeneMark}
137719	137106	internal-	4	5	{Augustus_model.g3270.t1;Augustus},{GlimmerHMM_glimmerT_3920-T1;GlimmerHMM},{GeneMark_model.4187_t;GeneMark}
137828	137720	INTRON			{Augustus_model.g3270.t1;Augustus},{GlimmerHMM_glimmerT_3920-T1;GlimmerHMM},{GeneMark_model.4187_t;GeneMark}
138150	137829	internal-	6	6	{Augustus_model.g3270.t1;Augustus},{GeneMark_model.4187_t;GeneMark}
138555	138151	INTRON			{Augustus_model.g3270.t1;Augustus},{GeneMark_model.4187_t;GeneMark}
141235	138556	internal-	5	5	{Augustus_model.g3270.t1;Augustus},{GeneMark_model.4187_t;GeneMark}
141299	141236	INTRON			{GlimmerHMM_glimmerT_3921-T1;GlimmerHMM},{Augustus_model.g3270.t1;Augustus},{GeneMark_model.4187_t;GeneMark}
141929	141300	internal-	5	4	{GlimmerHMM_glimmerT_3921-T1;GlimmerHMM},{Augustus_model.g3270.t1;Augustus},{GeneMark_model.4187_t;GeneMark}
142223	141930	INTRON			{GlimmerHMM_glimmerT_3921-T1;GlimmerHMM},{Augustus_model.g3270.t1;Augustus},{GeneMark_model.4187_t;GeneMark}
142311	142224	initial-	4	4	{GlimmerHMM_glimmerT_3921-T1;GlimmerHMM},{Augustus_model.g3270.t1;Augustus},{GeneMark_model.4187_t;GeneMark}

