!! Predictions spanning range 882 - 74287 [R1]
# EVM prediction: Mode:STANDARD S-ratio: 5.45 882-2733 orient(-) score(9754.00) noncoding_equivalent(1791.02) raw_noncoding(2134.00) offset(342.98) 
1544	882	terminal-	4	6	{GlimmerHMM_glimmerT_3699-T1;GlimmerHMM},{GeneMark_model.3947_t;GeneMark},{Augustus_model.g3058.t1;Augustus},{snap_scaffold_9-snap.1-T1;snap}
1611	1545	INTRON			{GlimmerHMM_glimmerT_3699-T1;GlimmerHMM},{GeneMark_model.3947_t;GeneMark},{Augustus_model.g3058.t1;Augustus},{ev_type:exonerate/ID=match.2566964.3521/Target=lcl|KQ954464_1_prot_KWU47565_1_291;exonerate},{ev_type:exonerate/ID=match.2566964.3527/Target=lcl|PJQD01000035_1_prot_POY73677_1_3248;exonerate}
1826	1612	internal-	5	6	{GlimmerHMM_glimmerT_3699-T1;GlimmerHMM},{GeneMark_model.3947_t;GeneMark},{Augustus_model.g3058.t1;Augustus},{ev_type:exonerate/ID=match.2566964.3521/Target=lcl|KQ954464_1_prot_KWU47565_1_291;exonerate},{ev_type:exonerate/ID=match.2566964.3527/Target=lcl|PJQD01000035_1_prot_POY73677_1_3248;exonerate}
1894	1827	INTRON			{GlimmerHMM_glimmerT_3699-T1;GlimmerHMM},{GeneMark_model.3947_t;GeneMark},{Augustus_model.g3058.t1;Augustus},{ev_type:exonerate/ID=match.2566964.3521/Target=lcl|KQ954464_1_prot_KWU47565_1_291;exonerate},{ev_type:exonerate/ID=match.2566964.3527/Target=lcl|PJQD01000035_1_prot_POY73677_1_3248;exonerate}
2141	1895	internal-	4	4	{GlimmerHMM_glimmerT_3699-T1;GlimmerHMM},{GeneMark_model.3947_t;GeneMark},{Augustus_model.g3058.t1;Augustus},{ev_type:exonerate/ID=match.2566964.3521/Target=lcl|KQ954464_1_prot_KWU47565_1_291;exonerate},{ev_type:exonerate/ID=match.2566964.3527/Target=lcl|PJQD01000035_1_prot_POY73677_1_3248;exonerate}
2204	2142	INTRON			{GlimmerHMM_glimmerT_3699-T1;GlimmerHMM},{GeneMark_model.3947_t;GeneMark},{Augustus_model.g3058.t1;Augustus},{ev_type:exonerate/ID=match.2566964.3521/Target=lcl|KQ954464_1_prot_KWU47565_1_291;exonerate},{ev_type:exonerate/ID=match.2566964.3527/Target=lcl|PJQD01000035_1_prot_POY73677_1_3248;exonerate}
2436	2205	internal-	6	6	{GlimmerHMM_glimmerT_3699-T1;GlimmerHMM},{GeneMark_model.3947_t;GeneMark},{Augustus_model.g3058.t1;Augustus},{ev_type:exonerate/ID=match.2566964.3521/Target=lcl|KQ954464_1_prot_KWU47565_1_291;exonerate},{ev_type:exonerate/ID=match.2566964.3527/Target=lcl|PJQD01000035_1_prot_POY73677_1_3248;exonerate}
2498	2437	INTRON			{GlimmerHMM_glimmerT_3699-T1;GlimmerHMM},{GeneMark_model.3947_t;GeneMark},{Augustus_model.g3058.t1;Augustus},{ev_type:exonerate/ID=match.2566964.3521/Target=lcl|KQ954464_1_prot_KWU47565_1_291;exonerate},{ev_type:exonerate/ID=match.2566964.3527/Target=lcl|PJQD01000035_1_prot_POY73677_1_3248;exonerate}
2644	2499	internal-	4	5	{GlimmerHMM_glimmerT_3699-T1;GlimmerHMM},{GeneMark_model.3947_t;GeneMark},{Augustus_model.g3058.t1;Augustus}
2706	2645	INTRON			{GlimmerHMM_glimmerT_3699-T1;GlimmerHMM},{GeneMark_model.3947_t;GeneMark},{Augustus_model.g3058.t1;Augustus}
2733	2707	initial-	4	6	{GlimmerHMM_glimmerT_3699-T1;GlimmerHMM},{GeneMark_model.3947_t;GeneMark},{Augustus_model.g3058.t1;Augustus}

# EVM prediction: Mode:STANDARD S-ratio: 2.33 3863-4417 orient(+) score(1655.00) noncoding_equivalent(709.01) raw_noncoding(766.01) offset(57.00) 
3863	4007	initial+	1	1	{GeneMark_model.3948_t;GeneMark},{Augustus_model.g3059.t1;Augustus}
4008	4076	INTRON			{GeneMark_model.3948_t;GeneMark},{Augustus_model.g3059.t1;Augustus}
4077	4271	internal+	2	1	{GeneMark_model.3948_t;GeneMark},{Augustus_model.g3059.t1;Augustus}
4272	4346	INTRON			{GeneMark_model.3948_t;GeneMark},{GlimmerHMM_glimmerT_3700-T1;GlimmerHMM},{Augustus_model.g3059.t1;Augustus}
4347	4417	terminal+	2	3	{GeneMark_model.3948_t;GeneMark},{GlimmerHMM_glimmerT_3700-T1;GlimmerHMM}

# EVM prediction: Mode:STANDARD S-ratio: 1.99 5264-6965 orient(+) score(4951.00) noncoding_equivalent(2485.41) raw_noncoding(3111.52) offset(626.11) 
5264	5337	initial+	1	2	{GlimmerHMM_glimmerT_3701-T1;GlimmerHMM},{GeneMark_model.3949_t;GeneMark}
5338	5560	INTRON			{GlimmerHMM_glimmerT_3701-T1;GlimmerHMM},{GeneMark_model.3949_t;GeneMark}
5561	5682	internal+	3	1	{GlimmerHMM_glimmerT_3701-T1;GlimmerHMM},{GeneMark_model.3949_t;GeneMark},{Augustus_model.g3059.t1;Augustus}
5683	5740	INTRON			{GlimmerHMM_glimmerT_3701-T1;GlimmerHMM},{GeneMark_model.3949_t;GeneMark},{Augustus_model.g3059.t1;Augustus}
5741	5849	internal+	2	2	{GlimmerHMM_glimmerT_3701-T1;GlimmerHMM},{GeneMark_model.3949_t;GeneMark},{Augustus_model.g3059.t1;Augustus}
5850	5919	INTRON			{GlimmerHMM_glimmerT_3701-T1;GlimmerHMM},{GeneMark_model.3949_t;GeneMark},{Augustus_model.g3059.t1;Augustus}
5920	6253	internal+	3	3	{GlimmerHMM_glimmerT_3701-T1;GlimmerHMM},{GeneMark_model.3949_t;GeneMark},{Augustus_model.g3059.t1;Augustus}
6254	6313	INTRON			{GlimmerHMM_glimmerT_3701-T1;GlimmerHMM},{GeneMark_model.3949_t;GeneMark},{Augustus_model.g3059.t1;Augustus}
6314	6376	internal+	1	3	{GlimmerHMM_glimmerT_3701-T1;GlimmerHMM},{GeneMark_model.3949_t;GeneMark},{Augustus_model.g3059.t1;Augustus}
6377	6447	INTRON			{GlimmerHMM_glimmerT_3701-T1;GlimmerHMM},{GeneMark_model.3949_t;GeneMark},{Augustus_model.g3059.t1;Augustus}
6448	6655	internal+	1	1	{GlimmerHMM_glimmerT_3701-T1;GlimmerHMM},{GeneMark_model.3949_t;GeneMark},{Augustus_model.g3059.t1;Augustus}
6656	6723	INTRON			{GlimmerHMM_glimmerT_3701-T1;GlimmerHMM},{GeneMark_model.3949_t;GeneMark},{Augustus_model.g3059.t1;Augustus}
6724	6965	terminal+	2	3	{GeneMark_model.3949_t;GeneMark}

# EVM prediction: Mode:STANDARD S-ratio: 27.59 7310-9087 orient(+) score(6860.00) noncoding_equivalent(248.62) raw_noncoding(379.24) offset(130.61) 
7310	7348	initial+	1	3	{GeneMark_model.3950_t;GeneMark}
7349	7413	INTRON			{GeneMark_model.3950_t;GeneMark},{Augustus_model.g3059.t1;Augustus}
7414	9087	terminal+	1	3	{GlimmerHMM_glimmerT_3701-T1;GlimmerHMM},{GeneMark_model.3950_t;GeneMark}

# EVM prediction: Mode:STANDARD S-ratio: 3.00 9703-10197 orient(+) score(1485.00) noncoding_equivalent(495.00) raw_noncoding(495.00) offset(0.00) 
9703	10197	single+	1	3	{GeneMark_model.3951_t;GeneMark}

# EVM prediction: Mode:STANDARD S-ratio: 4.90 10724-13675 orient(+) score(10523.00) noncoding_equivalent(2149.00) raw_noncoding(2667.00) offset(518.00) 
10724	11005	initial+	1	3	{GeneMark_model.3952_t;GeneMark},{GlimmerHMM_glimmerT_3703-T1;GlimmerHMM},{Augustus_model.g3060.t1;Augustus}
11006	11068	INTRON			{GeneMark_model.3952_t;GeneMark},{GlimmerHMM_glimmerT_3703-T1;GlimmerHMM},{Augustus_model.g3060.t1;Augustus}
11069	11977	internal+	1	3	{GeneMark_model.3952_t;GeneMark},{GlimmerHMM_glimmerT_3703-T1;GlimmerHMM},{Augustus_model.g3060.t1;Augustus}
11978	12044	INTRON			{GeneMark_model.3952_t;GeneMark},{GlimmerHMM_glimmerT_3703-T1;GlimmerHMM},{Augustus_model.g3060.t1;Augustus}
12045	12291	internal+	1	1	{GeneMark_model.3952_t;GeneMark},{GlimmerHMM_glimmerT_3703-T1;GlimmerHMM},{Augustus_model.g3060.t1;Augustus}
12292	12350	INTRON			{GeneMark_model.3952_t;GeneMark},{GlimmerHMM_glimmerT_3703-T1;GlimmerHMM},{Augustus_model.g3060.t1;Augustus}
12351	12517	internal+	2	3	{GeneMark_model.3952_t;GeneMark},{GlimmerHMM_glimmerT_3703-T1;GlimmerHMM},{Augustus_model.g3060.t1;Augustus}
12518	12573	INTRON			{GeneMark_model.3952_t;GeneMark},{GlimmerHMM_glimmerT_3703-T1;GlimmerHMM},{Augustus_model.g3060.t1;Augustus}
12574	12676	internal+	1	1	{GeneMark_model.3952_t;GeneMark},{GlimmerHMM_glimmerT_3703-T1;GlimmerHMM},{Augustus_model.g3060.t1;Augustus}
12677	12739	INTRON			{GeneMark_model.3952_t;GeneMark},{GlimmerHMM_glimmerT_3703-T1;GlimmerHMM},{Augustus_model.g3060.t1;Augustus}
12740	13011	internal+	2	3	{GeneMark_model.3952_t;GeneMark},{GlimmerHMM_glimmerT_3703-T1;GlimmerHMM},{Augustus_model.g3060.t1;Augustus}
13012	13076	INTRON			{GeneMark_model.3952_t;GeneMark},{Augustus_model.g3060.t1;Augustus}
13077	13118	internal+	1	3	{GeneMark_model.3952_t;GeneMark},{Augustus_model.g3060.t1;Augustus}
13119	13177	INTRON			{GeneMark_model.3952_t;GeneMark},{Augustus_model.g3060.t1;Augustus}
13178	13282	internal+	1	3	{GeneMark_model.3952_t;GeneMark},{GlimmerHMM_glimmerT_3703-T1;GlimmerHMM},{Augustus_model.g3060.t1;Augustus}
13283	13349	INTRON			{GeneMark_model.3952_t;GeneMark},{GlimmerHMM_glimmerT_3703-T1;GlimmerHMM},{Augustus_model.g3060.t1;Augustus}
13350	13457	internal+	1	3	{GeneMark_model.3952_t;GeneMark},{GlimmerHMM_glimmerT_3703-T1;GlimmerHMM},{Augustus_model.g3060.t1;Augustus}
13458	13531	INTRON			{GeneMark_model.3952_t;GeneMark},{GlimmerHMM_glimmerT_3703-T1;GlimmerHMM},{Augustus_model.g3060.t1;Augustus}
13532	13675	terminal+	1	3	{GeneMark_model.3952_t;GeneMark},{GlimmerHMM_glimmerT_3703-T1;GlimmerHMM},{Augustus_model.g3060.t1;Augustus}

# EVM prediction: Mode:STANDARD S-ratio: 2.55 13784-16236 orient(-) score(7394.00) noncoding_equivalent(2895.55) raw_noncoding(3587.00) offset(691.45) 
13881	13784	terminal-	5	6	{Augustus_model.g3061.t1;Augustus},{GeneMark_model.3953_t;GeneMark},{GlimmerHMM_glimmerT_3704-T1;GlimmerHMM}
13950	13882	INTRON			{Augustus_model.g3061.t1;Augustus},{GeneMark_model.3953_t;GeneMark}
14642	13951	internal-	6	4	{Augustus_model.g3061.t1;Augustus},{GeneMark_model.3953_t;GeneMark}
14701	14643	INTRON			{Augustus_model.g3061.t1;Augustus},{GeneMark_model.3953_t;GeneMark},{GlimmerHMM_glimmerT_3704-T1;GlimmerHMM}
15186	14702	internal-	4	5	{Augustus_model.g3061.t1;Augustus},{GeneMark_model.3953_t;GeneMark},{GlimmerHMM_glimmerT_3704-T1;GlimmerHMM}
15247	15187	INTRON			{Augustus_model.g3061.t1;Augustus},{GeneMark_model.3953_t;GeneMark}
15349	15248	internal-	4	6	{Augustus_model.g3061.t1;Augustus},{GeneMark_model.3953_t;GeneMark}
15404	15350	INTRON			{Augustus_model.g3061.t1;Augustus},{GeneMark_model.3953_t;GeneMark}
15459	15405	internal-	6	6	{Augustus_model.g3061.t1;Augustus},{GeneMark_model.3953_t;GeneMark},{GlimmerHMM_glimmerT_3704-T1;GlimmerHMM}
15517	15460	INTRON			{Augustus_model.g3061.t1;Augustus},{GeneMark_model.3953_t;GeneMark},{GlimmerHMM_glimmerT_3704-T1;GlimmerHMM}
15589	15518	internal-	6	5	{Augustus_model.g3061.t1;Augustus},{GeneMark_model.3953_t;GeneMark},{GlimmerHMM_glimmerT_3704-T1;GlimmerHMM}
15659	15590	INTRON			{Augustus_model.g3061.t1;Augustus},{GeneMark_model.3953_t;GeneMark},{GlimmerHMM_glimmerT_3704-T1;GlimmerHMM}
15714	15660	internal-	5	5	{Augustus_model.g3061.t1;Augustus},{GeneMark_model.3953_t;GeneMark},{GlimmerHMM_glimmerT_3704-T1;GlimmerHMM}
15776	15715	INTRON			{Augustus_model.g3061.t1;Augustus},{GeneMark_model.3953_t;GeneMark},{GlimmerHMM_glimmerT_3704-T1;GlimmerHMM}
15885	15777	internal-	4	4	{Augustus_model.g3061.t1;Augustus},{GeneMark_model.3953_t;GeneMark}
15948	15886	INTRON			{Augustus_model.g3061.t1;Augustus},{GeneMark_model.3953_t;GeneMark}
16236	15949	initial-	4	6	{Augustus_model.g3061.t1;Augustus},{GeneMark_model.3953_t;GeneMark}

# EVM prediction: Mode:STANDARD S-ratio: 9.61 16957-19233 orient(-) score(8491.00) noncoding_equivalent(883.60) raw_noncoding(987.00) offset(103.40) 
17940	16957	terminal-	4	6	{GlimmerHMM_glimmerT_3705-T1;GlimmerHMM},{GeneMark_model.3954_t;GeneMark},{Augustus_model.g3062.t1;Augustus}
18010	17941	INTRON			{GlimmerHMM_glimmerT_3705-T1;GlimmerHMM},{GeneMark_model.3954_t;GeneMark},{Augustus_model.g3062.t1;Augustus}
18393	18011	internal-	5	6	{GlimmerHMM_glimmerT_3705-T1;GlimmerHMM},{GeneMark_model.3954_t;GeneMark},{Augustus_model.g3062.t1;Augustus}
18461	18394	INTRON			{GlimmerHMM_glimmerT_3705-T1;GlimmerHMM},{GeneMark_model.3954_t;GeneMark},{Augustus_model.g3062.t1;Augustus}
19233	18462	initial-	4	4	{GlimmerHMM_glimmerT_3705-T1;GlimmerHMM},{Augustus_model.g3062.t1;Augustus}

# EVM prediction: Mode:STANDARD S-ratio: 1.87 19704-21662 orient(+) score(5523.00) noncoding_equivalent(2959.20) raw_noncoding(3312.20) offset(353.00) 
19704	19880	initial+	1	3	{Augustus_model.g3063.t1;Augustus},{GlimmerHMM_glimmerT_3706-T1;GlimmerHMM},{GeneMark_model.3955_t;GeneMark}
19881	19939	INTRON			{Augustus_model.g3063.t1;Augustus},{GlimmerHMM_glimmerT_3706-T1;GlimmerHMM},{GeneMark_model.3955_t;GeneMark}
19940	20091	internal+	1	2	{Augustus_model.g3063.t1;Augustus},{GlimmerHMM_glimmerT_3706-T1;GlimmerHMM},{GeneMark_model.3955_t;GeneMark}
20092	20161	INTRON			{Augustus_model.g3063.t1;Augustus},{GlimmerHMM_glimmerT_3706-T1;GlimmerHMM},{GeneMark_model.3955_t;GeneMark}
20162	20846	internal+	3	3	{GlimmerHMM_glimmerT_3706-T1;GlimmerHMM},{GeneMark_model.3955_t;GeneMark}
20847	20914	INTRON			{Augustus_model.g3063.t1;Augustus},{GlimmerHMM_glimmerT_3706-T1;GlimmerHMM},{GeneMark_model.3955_t;GeneMark}
20915	21005	internal+	1	1	{Augustus_model.g3063.t1;Augustus},{GlimmerHMM_glimmerT_3706-T1;GlimmerHMM},{GeneMark_model.3955_t;GeneMark}
21006	21079	INTRON			{Augustus_model.g3063.t1;Augustus},{GlimmerHMM_glimmerT_3706-T1;GlimmerHMM},{GeneMark_model.3955_t;GeneMark}
21080	21337	internal+	2	1	{Augustus_model.g3063.t1;Augustus},{GlimmerHMM_glimmerT_3706-T1;GlimmerHMM},{GeneMark_model.3955_t;GeneMark}
21338	21399	INTRON			{Augustus_model.g3063.t1;Augustus},{GlimmerHMM_glimmerT_3706-T1;GlimmerHMM},{GeneMark_model.3955_t;GeneMark}
21400	21662	terminal+	2	3	{GlimmerHMM_glimmerT_3706-T1;GlimmerHMM},{GeneMark_model.3955_t;GeneMark}

# EVM prediction: Mode:STANDARD S-ratio: 1.47 23192-25434 orient(-) score(5738.00) noncoding_equivalent(3896.09) raw_noncoding(5548.00) offset(1651.91) 
23256	23192	terminal-	5	6	{GlimmerHMM_glimmerT_3707-T1;GlimmerHMM},{Augustus_model.g3064.t1;Augustus},{GeneMark_model.3957_t;GeneMark}
23350	23257	INTRON			{GlimmerHMM_glimmerT_3707-T1;GlimmerHMM},{Augustus_model.g3064.t1;Augustus},{GeneMark_model.3957_t;GeneMark}
23524	23351	internal-	5	4	{GlimmerHMM_glimmerT_3707-T1;GlimmerHMM},{Augustus_model.g3064.t1;Augustus},{GeneMark_model.3957_t;GeneMark}
23594	23525	INTRON			{GeneMark_model.3957_t;GeneMark}
23676	23595	internal-	4	4	{GeneMark_model.3957_t;GeneMark}
23741	23677	INTRON			{GlimmerHMM_glimmerT_3707-T1;GlimmerHMM},{Augustus_model.g3064.t1;Augustus},{GeneMark_model.3957_t;GeneMark}
23846	23742	internal-	4	6	{GlimmerHMM_glimmerT_3707-T1;GlimmerHMM},{Augustus_model.g3064.t1;Augustus},{GeneMark_model.3957_t;GeneMark}
23906	23847	INTRON			{Augustus_model.g3064.t1;Augustus},{GeneMark_model.3957_t;GeneMark}
23938	23907	internal-	5	6	{Augustus_model.g3064.t1;Augustus},{GeneMark_model.3957_t;GeneMark}
24012	23939	INTRON			{Augustus_model.g3064.t1;Augustus},{GeneMark_model.3957_t;GeneMark}
24060	24013	internal-	5	4	{Augustus_model.g3064.t1;Augustus},{GeneMark_model.3957_t;GeneMark}
24139	24061	INTRON			{Augustus_model.g3064.t1;Augustus},{GeneMark_model.3957_t;GeneMark}
24224	24140	internal-	4	4	{Augustus_model.g3064.t1;Augustus},{GeneMark_model.3957_t;GeneMark}
24291	24225	INTRON			{Augustus_model.g3064.t1;Augustus},{GeneMark_model.3957_t;GeneMark}
24486	24292	internal-	4	6	{GlimmerHMM_glimmerT_3707-T1;GlimmerHMM},{Augustus_model.g3064.t1;Augustus},{GeneMark_model.3957_t;GeneMark}
24559	24487	INTRON			{GlimmerHMM_glimmerT_3707-T1;GlimmerHMM},{Augustus_model.g3064.t1;Augustus},{GeneMark_model.3957_t;GeneMark}
24635	24560	internal-	6	6	{GlimmerHMM_glimmerT_3707-T1;GlimmerHMM},{Augustus_model.g3064.t1;Augustus},{GeneMark_model.3957_t;GeneMark}
24719	24636	INTRON			{GlimmerHMM_glimmerT_3707-T1;GlimmerHMM},{Augustus_model.g3064.t1;Augustus},{GeneMark_model.3957_t;GeneMark}
24814	24720	internal-	4	5	{Augustus_model.g3064.t1;Augustus},{GeneMark_model.3957_t;GeneMark}
24894	24815	INTRON			{Augustus_model.g3064.t1;Augustus},{GeneMark_model.3957_t;GeneMark}
24942	24895	internal-	4	6	{GlimmerHMM_glimmerT_3707-T1;GlimmerHMM},{Augustus_model.g3064.t1;Augustus},{GeneMark_model.3957_t;GeneMark}
25039	24943	INTRON			{GlimmerHMM_glimmerT_3707-T1;GlimmerHMM},{Augustus_model.g3064.t1;Augustus},{GeneMark_model.3957_t;GeneMark}
25183	25040	internal-	4	6	{GlimmerHMM_glimmerT_3707-T1;GlimmerHMM},{Augustus_model.g3064.t1;Augustus}
25389	25184	INTRON			{GlimmerHMM_glimmerT_3707-T1;GlimmerHMM},{Augustus_model.g3064.t1;Augustus}
25434	25390	initial-	4	6	{GlimmerHMM_glimmerT_3707-T1;GlimmerHMM},{Augustus_model.g3064.t1;Augustus},{GeneMark_model.3957_t;GeneMark}

# EVM prediction: Mode:STANDARD S-ratio: 2.87 27656-28586 orient(+) score(3488.00) noncoding_equivalent(1215.01) raw_noncoding(1470.35) offset(255.34) 
27656	27980	initial+	1	1	{GeneMark_model.3959_t;GeneMark},{Augustus_model.g3065.t1;Augustus}
27981	28044	INTRON			{GeneMark_model.3959_t;GeneMark},{Augustus_model.g3065.t1;Augustus},{GlimmerHMM_glimmerT_3708-T1;GlimmerHMM}
28045	28154	internal+	2	3	{GeneMark_model.3959_t;GeneMark},{Augustus_model.g3065.t1;Augustus},{GlimmerHMM_glimmerT_3708-T1;GlimmerHMM}
28155	28237	INTRON			{GeneMark_model.3959_t;GeneMark},{Augustus_model.g3065.t1;Augustus},{GlimmerHMM_glimmerT_3708-T1;GlimmerHMM},{ev_type:exonerate/ID=match.2566964.3656/Target=lcl|KQ954530_1_prot_KWU41645_1_5986;exonerate}
28238	28279	internal+	1	3	{GeneMark_model.3959_t;GeneMark},{Augustus_model.g3065.t1;Augustus},{GlimmerHMM_glimmerT_3708-T1;GlimmerHMM},{ev_type:exonerate/ID=match.2566964.3656/Target=lcl|KQ954530_1_prot_KWU41645_1_5986;exonerate}
28280	28373	INTRON			{GeneMark_model.3959_t;GeneMark},{Augustus_model.g3065.t1;Augustus},{GlimmerHMM_glimmerT_3708-T1;GlimmerHMM},{ev_type:exonerate/ID=match.2566964.3656/Target=lcl|KQ954530_1_prot_KWU41645_1_5986;exonerate}
28374	28586	terminal+	1	3	{GeneMark_model.3959_t;GeneMark},{Augustus_model.g3065.t1;Augustus},{GlimmerHMM_glimmerT_3708-T1;GlimmerHMM},{snap_scaffold_9-snap.11-T1;snap}

# EVM prediction: Mode:STANDARD S-ratio: 4.81 28833-32337 orient(-) score(12191.00) noncoding_equivalent(2537.00) raw_noncoding(2827.00) offset(290.00) 
28880	28833	terminal-	4	6	{GeneMark_model.3960_t;GeneMark},{GlimmerHMM_glimmerT_3709-T1;GlimmerHMM},{Augustus_model.g3066.t1;Augustus}
28943	28881	INTRON			{GeneMark_model.3960_t;GeneMark},{GlimmerHMM_glimmerT_3709-T1;GlimmerHMM},{Augustus_model.g3066.t1;Augustus}
29504	28944	internal-	4	6	{GeneMark_model.3960_t;GeneMark},{GlimmerHMM_glimmerT_3709-T1;GlimmerHMM},{Augustus_model.g3066.t1;Augustus}
29563	29505	INTRON			{GeneMark_model.3960_t;GeneMark},{GlimmerHMM_glimmerT_3709-T1;GlimmerHMM},{Augustus_model.g3066.t1;Augustus}
29757	29564	internal-	5	6	{GeneMark_model.3960_t;GeneMark},{GlimmerHMM_glimmerT_3709-T1;GlimmerHMM},{Augustus_model.g3066.t1;Augustus}
29822	29758	INTRON			{GeneMark_model.3960_t;GeneMark},{GlimmerHMM_glimmerT_3709-T1;GlimmerHMM},{Augustus_model.g3066.t1;Augustus}
30396	29823	internal-	4	4	{GeneMark_model.3960_t;GeneMark},{GlimmerHMM_glimmerT_3709-T1;GlimmerHMM},{Augustus_model.g3066.t1;Augustus}
30454	30397	INTRON			{GeneMark_model.3960_t;GeneMark},{GlimmerHMM_glimmerT_3709-T1;GlimmerHMM},{Augustus_model.g3066.t1;Augustus}
30693	30455	internal-	5	6	{GeneMark_model.3960_t;GeneMark},{GlimmerHMM_glimmerT_3709-T1;GlimmerHMM},{Augustus_model.g3066.t1;Augustus}
30757	30694	INTRON			{GeneMark_model.3960_t;GeneMark},{GlimmerHMM_glimmerT_3709-T1;GlimmerHMM},{Augustus_model.g3066.t1;Augustus}
31024	30758	internal-	5	4	{GeneMark_model.3960_t;GeneMark},{GlimmerHMM_glimmerT_3709-T1;GlimmerHMM},{Augustus_model.g3066.t1;Augustus}
31082	31025	INTRON			{GeneMark_model.3960_t;GeneMark},{GlimmerHMM_glimmerT_3709-T1;GlimmerHMM},{Augustus_model.g3066.t1;Augustus}
32337	31083	initial-	4	4	{GeneMark_model.3960_t;GeneMark},{GlimmerHMM_glimmerT_3709-T1;GlimmerHMM},{Augustus_model.g3066.t1;Augustus}

# EVM prediction: Mode:STANDARD S-ratio: 12.28 32712-36291 orient(-) score(14204.00) noncoding_equivalent(1156.77) raw_noncoding(1353.00) offset(196.23) 
33457	32712	terminal-	5	6	{GeneMark_model.3961_t;GeneMark},{Augustus_model.g3067.t1;Augustus},{GlimmerHMM_glimmerT_3710-T1;GlimmerHMM}
33530	33458	INTRON			{GeneMark_model.3961_t;GeneMark},{Augustus_model.g3067.t1;Augustus},{GlimmerHMM_glimmerT_3710-T1;GlimmerHMM}
35705	33531	internal-	5	4	{GeneMark_model.3961_t;GeneMark},{Augustus_model.g3067.t1;Augustus},{GlimmerHMM_glimmerT_3710-T1;GlimmerHMM}
35778	35706	INTRON			{GeneMark_model.3961_t;GeneMark},{Augustus_model.g3067.t1;Augustus},{GlimmerHMM_glimmerT_3710-T1;GlimmerHMM},{ev_type:exonerate/ID=match.2566964.3665/Target=lcl|KQ954530_1_prot_KWU41641_1_5982;exonerate}
35985	35779	internal-	5	4	{GeneMark_model.3961_t;GeneMark},{Augustus_model.g3067.t1;Augustus},{GlimmerHMM_glimmerT_3710-T1;GlimmerHMM},{ev_type:exonerate/ID=match.2566964.3665/Target=lcl|KQ954530_1_prot_KWU41641_1_5982;exonerate}
36101	35986	INTRON			{GeneMark_model.3961_t;GeneMark},{Augustus_model.g3067.t1;Augustus},{GlimmerHMM_glimmerT_3710-T1;GlimmerHMM},{ev_type:exonerate/ID=match.2566964.3665/Target=lcl|KQ954530_1_prot_KWU41641_1_5982;exonerate}
36291	36102	initial-	4	4	{GeneMark_model.3961_t;GeneMark},{Augustus_model.g3067.t1;Augustus},{GlimmerHMM_glimmerT_3710-T1;GlimmerHMM}

# EVM prediction: Mode:STANDARD S-ratio: 2.14 36989-37938 orient(+) score(3311.00) noncoding_equivalent(1548.00) raw_noncoding(1958.00) offset(410.00) 
36989	37282	initial+	1	3	{GlimmerHMM_glimmerT_3711-T1;GlimmerHMM},{GeneMark_model.3962_t;GeneMark}
37283	37364	INTRON			{GlimmerHMM_glimmerT_3711-T1;GlimmerHMM},{GeneMark_model.3962_t;GeneMark}
37365	37380	internal+	1	1	{Augustus_model.g3068.t1;Augustus},{GlimmerHMM_glimmerT_3711-T1;GlimmerHMM},{GeneMark_model.3962_t;GeneMark}
37381	37458	INTRON			{Augustus_model.g3068.t1;Augustus},{GlimmerHMM_glimmerT_3711-T1;GlimmerHMM},{GeneMark_model.3962_t;GeneMark}
37459	37554	internal+	2	1	{Augustus_model.g3068.t1;Augustus},{GlimmerHMM_glimmerT_3711-T1;GlimmerHMM},{GeneMark_model.3962_t;GeneMark}
37555	37622	INTRON			{Augustus_model.g3068.t1;Augustus},{GlimmerHMM_glimmerT_3711-T1;GlimmerHMM},{GeneMark_model.3962_t;GeneMark},{ev_type:exonerate/ID=match.2566964.3653/Target=lcl|KQ954530_1_prot_KWU41640_1_5981;exonerate}
37623	37746	internal+	2	2	{Augustus_model.g3068.t1;Augustus},{GlimmerHMM_glimmerT_3711-T1;GlimmerHMM},{GeneMark_model.3962_t;GeneMark},{ev_type:exonerate/ID=match.2566964.3653/Target=lcl|KQ954530_1_prot_KWU41640_1_5981;exonerate}
37747	37865	INTRON			{Augustus_model.g3068.t1;Augustus},{GlimmerHMM_glimmerT_3711-T1;GlimmerHMM},{GeneMark_model.3962_t;GeneMark},{ev_type:exonerate/ID=match.2566964.3653/Target=lcl|KQ954530_1_prot_KWU41640_1_5981;exonerate}
37866	37938	terminal+	3	3	{Augustus_model.g3068.t1;Augustus},{GlimmerHMM_glimmerT_3711-T1;GlimmerHMM},{GeneMark_model.3962_t;GeneMark}

# EVM prediction: Mode:STANDARD S-ratio: 1.56 38604-41121 orient(+) score(6567.00) noncoding_equivalent(4201.46) raw_noncoding(6232.00) offset(2030.54) 
38604	38739	initial+	1	1	{GeneMark_model.3963_t;GeneMark},{Augustus_model.g3069.t1;Augustus},{GlimmerHMM_glimmerT_3712-T1;GlimmerHMM}
38740	38846	INTRON			{GeneMark_model.3963_t;GeneMark},{Augustus_model.g3069.t1;Augustus},{GlimmerHMM_glimmerT_3712-T1;GlimmerHMM}
38847	38975	internal+	2	1	{GeneMark_model.3963_t;GeneMark},{Augustus_model.g3069.t1;Augustus},{GlimmerHMM_glimmerT_3712-T1;GlimmerHMM}
38976	39101	INTRON			{GeneMark_model.3963_t;GeneMark},{Augustus_model.g3069.t1;Augustus},{GlimmerHMM_glimmerT_3712-T1;GlimmerHMM}
39102	39254	internal+	2	1	{GeneMark_model.3963_t;GeneMark},{Augustus_model.g3069.t1;Augustus},{GlimmerHMM_glimmerT_3712-T1;GlimmerHMM}
39255	39339	INTRON			{GeneMark_model.3963_t;GeneMark},{Augustus_model.g3069.t1;Augustus}
39340	39404	internal+	2	3	{GeneMark_model.3963_t;GeneMark},{Augustus_model.g3069.t1;Augustus}
39405	39476	INTRON			{GeneMark_model.3963_t;GeneMark},{Augustus_model.g3069.t1;Augustus}
39477	39498	internal+	1	1	{GeneMark_model.3963_t;GeneMark},{Augustus_model.g3069.t1;Augustus}
39499	39601	INTRON			{GeneMark_model.3963_t;GeneMark},{Augustus_model.g3069.t1;Augustus}
39602	39696	internal+	2	3	{GeneMark_model.3963_t;GeneMark},{Augustus_model.g3069.t1;Augustus},{GlimmerHMM_glimmerT_3712-T1;GlimmerHMM}
39697	39760	INTRON			{GeneMark_model.3963_t;GeneMark},{Augustus_model.g3069.t1;Augustus},{GlimmerHMM_glimmerT_3712-T1;GlimmerHMM}
39761	39808	internal+	1	3	{GeneMark_model.3963_t;GeneMark},{Augustus_model.g3069.t1;Augustus}
39809	39884	INTRON			{GeneMark_model.3963_t;GeneMark},{Augustus_model.g3069.t1;Augustus}
39885	39902	internal+	1	3	{GeneMark_model.3963_t;GeneMark},{Augustus_model.g3069.t1;Augustus}
39903	39984	INTRON			{GeneMark_model.3963_t;GeneMark},{Augustus_model.g3069.t1;Augustus}
39985	40000	internal+	1	1	{GeneMark_model.3963_t;GeneMark},{Augustus_model.g3069.t1;Augustus}
40001	40066	INTRON			{GeneMark_model.3963_t;GeneMark},{Augustus_model.g3069.t1;Augustus}
40067	40078	internal+	2	1	{GeneMark_model.3963_t;GeneMark},{Augustus_model.g3069.t1;Augustus}
40079	40155	INTRON			{GeneMark_model.3963_t;GeneMark},{Augustus_model.g3069.t1;Augustus}
40156	40191	internal+	2	1	{GeneMark_model.3963_t;GeneMark},{Augustus_model.g3069.t1;Augustus}
40192	40285	INTRON			{GeneMark_model.3963_t;GeneMark},{Augustus_model.g3069.t1;Augustus}
40286	40443	internal+	2	3	{GeneMark_model.3963_t;GeneMark},{Augustus_model.g3069.t1;Augustus}
40444	40516	INTRON			{GeneMark_model.3963_t;GeneMark},{Augustus_model.g3069.t1;Augustus}
40517	40524	internal+	1	2	{GeneMark_model.3963_t;GeneMark},{Augustus_model.g3069.t1;Augustus}
40525	40600	INTRON			{GeneMark_model.3963_t;GeneMark},{Augustus_model.g3069.t1;Augustus}
40601	40640	internal+	3	3	{GeneMark_model.3963_t;GeneMark},{Augustus_model.g3069.t1;Augustus}
40641	40714	INTRON			{GeneMark_model.3963_t;GeneMark},{Augustus_model.g3069.t1;Augustus}
40715	40753	internal+	1	3	{GeneMark_model.3963_t;GeneMark},{Augustus_model.g3069.t1;Augustus}
40754	40816	INTRON			{GeneMark_model.3963_t;GeneMark},{Augustus_model.g3069.t1;Augustus}
40817	40955	internal+	1	1	{GeneMark_model.3963_t;GeneMark},{Augustus_model.g3069.t1;Augustus},{GlimmerHMM_glimmerT_3712-T1;GlimmerHMM}
40956	41020	INTRON			{GeneMark_model.3963_t;GeneMark},{Augustus_model.g3069.t1;Augustus},{GlimmerHMM_glimmerT_3712-T1;GlimmerHMM}
41021	41121	terminal+	2	3	{GeneMark_model.3963_t;GeneMark},{Augustus_model.g3069.t1;Augustus},{GlimmerHMM_glimmerT_3712-T1;GlimmerHMM}

# EVM prediction: Mode:STANDARD S-ratio: 2.36 41554-45154 orient(+) score(11228.00) noncoding_equivalent(4749.66) raw_noncoding(5635.00) offset(885.34) 
41554	41741	initial+	1	2	{GeneMark_model.3964_t;GeneMark},{GlimmerHMM_glimmerT_3713-T1;GlimmerHMM},{Augustus_model.g3070.t1;Augustus}
41742	41955	INTRON			{GeneMark_model.3964_t;GeneMark},{GlimmerHMM_glimmerT_3713-T1;GlimmerHMM},{Augustus_model.g3070.t1;Augustus}
41956	42073	internal+	3	3	{GeneMark_model.3964_t;GeneMark},{GlimmerHMM_glimmerT_3713-T1;GlimmerHMM},{Augustus_model.g3070.t1;Augustus}
42074	42142	INTRON			{GeneMark_model.3964_t;GeneMark},{GlimmerHMM_glimmerT_3713-T1;GlimmerHMM},{Augustus_model.g3070.t1;Augustus}
42143	42364	internal+	1	3	{GeneMark_model.3964_t;GeneMark},{Augustus_model.g3070.t1;Augustus}
42365	42432	INTRON			{GeneMark_model.3964_t;GeneMark},{Augustus_model.g3070.t1;Augustus}
42433	42606	internal+	1	3	{GeneMark_model.3964_t;GeneMark},{Augustus_model.g3070.t1;Augustus}
42607	42665	INTRON			{GeneMark_model.3964_t;GeneMark},{GlimmerHMM_glimmerT_3713-T1;GlimmerHMM},{Augustus_model.g3070.t1;Augustus}
42666	42868	internal+	1	2	{GeneMark_model.3964_t;GeneMark},{GlimmerHMM_glimmerT_3713-T1;GlimmerHMM},{Augustus_model.g3070.t1;Augustus}
42869	42929	INTRON			{GeneMark_model.3964_t;GeneMark},{GlimmerHMM_glimmerT_3713-T1;GlimmerHMM},{Augustus_model.g3070.t1;Augustus}
42930	43074	internal+	3	3	{GeneMark_model.3964_t;GeneMark},{GlimmerHMM_glimmerT_3713-T1;GlimmerHMM},{Augustus_model.g3070.t1;Augustus}
43075	43133	INTRON			{GeneMark_model.3964_t;GeneMark},{GlimmerHMM_glimmerT_3713-T1;GlimmerHMM},{Augustus_model.g3070.t1;Augustus}
43134	43646	internal+	1	3	{GeneMark_model.3964_t;GeneMark},{GlimmerHMM_glimmerT_3713-T1;GlimmerHMM},{Augustus_model.g3070.t1;Augustus}
43647	43717	INTRON			{GeneMark_model.3964_t;GeneMark},{GlimmerHMM_glimmerT_3713-T1;GlimmerHMM},{Augustus_model.g3070.t1;Augustus}
43718	43841	internal+	1	1	{GeneMark_model.3964_t;GeneMark},{GlimmerHMM_glimmerT_3713-T1;GlimmerHMM},{Augustus_model.g3070.t1;Augustus}
43842	43912	INTRON			{GeneMark_model.3964_t;GeneMark},{GlimmerHMM_glimmerT_3713-T1;GlimmerHMM},{Augustus_model.g3070.t1;Augustus}
43913	44166	internal+	2	3	{GeneMark_model.3964_t;GeneMark},{GlimmerHMM_glimmerT_3713-T1;GlimmerHMM},{Augustus_model.g3070.t1;Augustus}
44167	44236	INTRON			{GeneMark_model.3964_t;GeneMark},{GlimmerHMM_glimmerT_3713-T1;GlimmerHMM},{Augustus_model.g3070.t1;Augustus}
44237	44701	internal+	1	3	{GeneMark_model.3964_t;GeneMark},{GlimmerHMM_glimmerT_3713-T1;GlimmerHMM},{Augustus_model.g3070.t1;Augustus}
44702	44766	INTRON			{GeneMark_model.3964_t;GeneMark},{GlimmerHMM_glimmerT_3713-T1;GlimmerHMM},{Augustus_model.g3070.t1;Augustus}
44767	45018	internal+	1	3	{GeneMark_model.3964_t;GeneMark},{GlimmerHMM_glimmerT_3713-T1;GlimmerHMM},{Augustus_model.g3070.t1;Augustus}
45019	45088	INTRON			{GeneMark_model.3964_t;GeneMark},{GlimmerHMM_glimmerT_3713-T1;GlimmerHMM},{Augustus_model.g3070.t1;Augustus}
45089	45154	terminal+	1	3	{GeneMark_model.3964_t;GeneMark},{GlimmerHMM_glimmerT_3713-T1;GlimmerHMM},{Augustus_model.g3070.t1;Augustus}

# EVM prediction: Mode:STANDARD S-ratio: 2.85 45574-46723 orient(+) score(5473.00) noncoding_equivalent(1917.00) raw_noncoding(2530.00) offset(613.00) 
45574	45735	initial+	1	3	{Augustus_model.g3071.t1;Augustus},{GeneMark_model.3965_t;GeneMark},{GlimmerHMM_glimmerT_3714-T1;GlimmerHMM}
45736	45854	INTRON			{Augustus_model.g3071.t1;Augustus},{GeneMark_model.3965_t;GeneMark},{ev_type:exonerate/ID=match.2566964.3626/Target=lcl|PJQD01000058_1_prot_POY72141_1_5236;exonerate},{ev_type:exonerate/ID=match.2566964.3627/Target=lcl|KQ954530_1_prot_KWU41637_1_5978;exonerate}
45855	45948	internal+	1	1	{Augustus_model.g3071.t1;Augustus},{ev_type:exonerate/ID=match.2566964.3626/Target=lcl|PJQD01000058_1_prot_POY72141_1_5236;exonerate},{ev_type:exonerate/ID=match.2566964.3627/Target=lcl|KQ954530_1_prot_KWU41637_1_5978;exonerate}
45949	46019	INTRON			{Augustus_model.g3071.t1;Augustus},{ev_type:exonerate/ID=match.2566964.3626/Target=lcl|PJQD01000058_1_prot_POY72141_1_5236;exonerate},{ev_type:exonerate/ID=match.2566964.3627/Target=lcl|KQ954530_1_prot_KWU41637_1_5978;exonerate}
46020	46102	internal+	2	3	{Augustus_model.g3071.t1;Augustus},{ev_type:exonerate/ID=match.2566964.3626/Target=lcl|PJQD01000058_1_prot_POY72141_1_5236;exonerate},{ev_type:exonerate/ID=match.2566964.3627/Target=lcl|KQ954530_1_prot_KWU41637_1_5978;exonerate}
46103	46187	INTRON			{GeneMark_model.3966_t;GeneMark},{Augustus_model.g3071.t1;Augustus},{GlimmerHMM_glimmerT_3715-T1;GlimmerHMM},{ev_type:exonerate/ID=match.2566964.3626/Target=lcl|PJQD01000058_1_prot_POY72141_1_5236;exonerate},{ev_type:exonerate/ID=match.2566964.3627/Target=lcl|KQ954530_1_prot_KWU41637_1_5978;exonerate}
46188	46286	internal+	1	3	{GeneMark_model.3966_t;GeneMark},{Augustus_model.g3071.t1;Augustus},{GlimmerHMM_glimmerT_3715-T1;GlimmerHMM},{ev_type:exonerate/ID=match.2566964.3626/Target=lcl|PJQD01000058_1_prot_POY72141_1_5236;exonerate},{ev_type:exonerate/ID=match.2566964.3627/Target=lcl|KQ954530_1_prot_KWU41637_1_5978;exonerate}
46287	46400	INTRON			{GeneMark_model.3966_t;GeneMark},{Augustus_model.g3071.t1;Augustus},{GlimmerHMM_glimmerT_3715-T1;GlimmerHMM},{ev_type:exonerate/ID=match.2566964.3626/Target=lcl|PJQD01000058_1_prot_POY72141_1_5236;exonerate},{ev_type:exonerate/ID=match.2566964.3627/Target=lcl|KQ954530_1_prot_KWU41637_1_5978;exonerate}
46401	46526	internal+	1	3	{GeneMark_model.3966_t;GeneMark},{Augustus_model.g3071.t1;Augustus},{GlimmerHMM_glimmerT_3715-T1;GlimmerHMM},{ev_type:exonerate/ID=match.2566964.3626/Target=lcl|PJQD01000058_1_prot_POY72141_1_5236;exonerate},{ev_type:exonerate/ID=match.2566964.3627/Target=lcl|KQ954530_1_prot_KWU41637_1_5978;exonerate}
46527	46654	INTRON			{GeneMark_model.3966_t;GeneMark},{Augustus_model.g3071.t1;Augustus},{GlimmerHMM_glimmerT_3715-T1;GlimmerHMM},{ev_type:exonerate/ID=match.2566964.3626/Target=lcl|PJQD01000058_1_prot_POY72141_1_5236;exonerate},{ev_type:exonerate/ID=match.2566964.3627/Target=lcl|KQ954530_1_prot_KWU41637_1_5978;exonerate}
46655	46723	terminal+	1	3	{GeneMark_model.3966_t;GeneMark},{Augustus_model.g3071.t1;Augustus},{GlimmerHMM_glimmerT_3715-T1;GlimmerHMM}

# EVM prediction: Mode:STANDARD S-ratio: 3.97 46957-48141 orient(-) score(4266.00) noncoding_equivalent(1074.67) raw_noncoding(1330.00) offset(255.33) 
47173	46957	terminal-	6	6	{GlimmerHMM_glimmerT_3716-T1;GlimmerHMM},{GeneMark_model.3967_t;GeneMark},{Augustus_model.g3072.t1;Augustus}
47258	47174	INTRON			{GlimmerHMM_glimmerT_3716-T1;GlimmerHMM},{GeneMark_model.3967_t;GeneMark},{Augustus_model.g3072.t1;Augustus}
47334	47259	internal-	5	5	{GlimmerHMM_glimmerT_3716-T1;GlimmerHMM},{GeneMark_model.3967_t;GeneMark},{Augustus_model.g3072.t1;Augustus}
47427	47335	INTRON			{GlimmerHMM_glimmerT_3716-T1;GlimmerHMM},{GeneMark_model.3967_t;GeneMark},{Augustus_model.g3072.t1;Augustus}
47525	47428	internal-	6	4	{GlimmerHMM_glimmerT_3716-T1;GlimmerHMM},{GeneMark_model.3967_t;GeneMark},{Augustus_model.g3072.t1;Augustus}
47598	47526	INTRON			{GlimmerHMM_glimmerT_3716-T1;GlimmerHMM},{GeneMark_model.3967_t;GeneMark},{Augustus_model.g3072.t1;Augustus}
48069	47599	internal-	6	5	{GlimmerHMM_glimmerT_3716-T1;GlimmerHMM},{GeneMark_model.3967_t;GeneMark},{Augustus_model.g3072.t1;Augustus}
48130	48070	INTRON			{GlimmerHMM_glimmerT_3716-T1;GlimmerHMM},{GeneMark_model.3967_t;GeneMark},{Augustus_model.g3072.t1;Augustus}
48141	48131	initial-	4	5	{GlimmerHMM_glimmerT_3716-T1;GlimmerHMM},{GeneMark_model.3967_t;GeneMark},{Augustus_model.g3072.t1;Augustus}

# EVM prediction: Mode:STANDARD S-ratio: 10.99 48284-50216 orient(+) score(6802.00) noncoding_equivalent(619.04) raw_noncoding(976.00) offset(356.96) 
48284	49619	initial+	1	1	{Augustus_model.g3073.t1;Augustus},{GlimmerHMM_glimmerT_3717-T1;GlimmerHMM},{GeneMark_model.3968_t;GeneMark}
49620	49707	INTRON			{Augustus_model.g3073.t1;Augustus},{GeneMark_model.3968_t;GeneMark}
49708	49799	internal+	2	3	{GeneMark_model.3968_t;GeneMark}
49800	49952	INTRON			{GeneMark_model.3968_t;GeneMark}
49953	50216	terminal+	1	3	{Augustus_model.g3073.t1;Augustus},{GlimmerHMM_glimmerT_3717-T1;GlimmerHMM},{GeneMark_model.3968_t;GeneMark}

# EVM prediction: Mode:STANDARD S-ratio: 5.18 50646-54366 orient(-) score(13102.00) noncoding_equivalent(2529.09) raw_noncoding(2917.97) offset(388.89) 
51072	50646	terminal-	6	6	{GlimmerHMM_glimmerT_3718-T1;GlimmerHMM},{GeneMark_model.3969_t;GeneMark}
51141	51073	INTRON			{GlimmerHMM_glimmerT_3718-T1;GlimmerHMM},{GeneMark_model.3969_t;GeneMark},{Augustus_model.g3074.t1;Augustus}
51176	51142	internal-	4	5	{GlimmerHMM_glimmerT_3718-T1;GlimmerHMM},{GeneMark_model.3969_t;GeneMark},{Augustus_model.g3074.t1;Augustus}
51245	51177	INTRON			{GlimmerHMM_glimmerT_3718-T1;GlimmerHMM},{GeneMark_model.3969_t;GeneMark},{Augustus_model.g3074.t1;Augustus}
53697	51246	internal-	6	6	{GlimmerHMM_glimmerT_3718-T1;GlimmerHMM},{GeneMark_model.3969_t;GeneMark}
53758	53698	INTRON			{Augustus_model.g3075.t1;Augustus},{GlimmerHMM_glimmerT_3718-T1;GlimmerHMM},{GeneMark_model.3969_t;GeneMark}
53897	53759	internal-	5	5	{Augustus_model.g3075.t1;Augustus},{GlimmerHMM_glimmerT_3718-T1;GlimmerHMM},{GeneMark_model.3969_t;GeneMark}
53961	53898	INTRON			{Augustus_model.g3075.t1;Augustus},{GlimmerHMM_glimmerT_3718-T1;GlimmerHMM},{GeneMark_model.3969_t;GeneMark}
54130	53962	internal-	4	4	{Augustus_model.g3075.t1;Augustus},{GlimmerHMM_glimmerT_3718-T1;GlimmerHMM},{GeneMark_model.3969_t;GeneMark}
54193	54131	INTRON			{Augustus_model.g3075.t1;Augustus},{GlimmerHMM_glimmerT_3718-T1;GlimmerHMM},{GeneMark_model.3969_t;GeneMark}
54233	54194	internal-	6	6	{Augustus_model.g3075.t1;Augustus},{GlimmerHMM_glimmerT_3718-T1;GlimmerHMM},{GeneMark_model.3969_t;GeneMark}
54292	54234	INTRON			{Augustus_model.g3075.t1;Augustus},{GlimmerHMM_glimmerT_3718-T1;GlimmerHMM},{GeneMark_model.3969_t;GeneMark}
54366	54293	initial-	4	5	{Augustus_model.g3075.t1;Augustus},{GlimmerHMM_glimmerT_3718-T1;GlimmerHMM},{GeneMark_model.3969_t;GeneMark}

# EVM prediction: Mode:STANDARD S-ratio: 3.48 54822-56093 orient(+) score(4053.00) noncoding_equivalent(1163.72) raw_noncoding(1383.00) offset(219.28) 
54822	55447	initial+	1	2	{Augustus_model.g3076.t1;Augustus},{GeneMark_model.3970_t;GeneMark}
55448	55505	INTRON			{Augustus_model.g3076.t1;Augustus},{GeneMark_model.3970_t;GeneMark}
55506	55548	internal+	3	3	{Augustus_model.g3076.t1;Augustus},{GeneMark_model.3970_t;GeneMark}
55549	55610	INTRON			{Augustus_model.g3076.t1;Augustus},{GeneMark_model.3970_t;GeneMark}
55611	55947	internal+	1	1	{GlimmerHMM_glimmerT_3719-T1;GlimmerHMM},{Augustus_model.g3076.t1;Augustus},{GeneMark_model.3970_t;GeneMark}
55948	56016	INTRON			{GlimmerHMM_glimmerT_3719-T1;GlimmerHMM},{Augustus_model.g3076.t1;Augustus},{GeneMark_model.3970_t;GeneMark}
56017	56093	terminal+	2	3	{GlimmerHMM_glimmerT_3719-T1;GlimmerHMM},{Augustus_model.g3076.t1;Augustus},{GeneMark_model.3970_t;GeneMark}

# EVM prediction: Mode:STANDARD S-ratio: 2.80 56232-57969 orient(-) score(5224.00) noncoding_equivalent(1868.73) raw_noncoding(2035.00) offset(166.27) 
56701	56232	terminal-	5	6	{GlimmerHMM_glimmerT_3720-T1;GlimmerHMM},{GeneMark_model.3971_t;GeneMark}
56764	56702	INTRON			{GlimmerHMM_glimmerT_3720-T1;GlimmerHMM},{GeneMark_model.3971_t;GeneMark}
57457	56765	internal-	5	4	{GlimmerHMM_glimmerT_3720-T1;GlimmerHMM},{GeneMark_model.3971_t;GeneMark}
57530	57458	INTRON			{Augustus_model.g3077.t1;Augustus},{GlimmerHMM_glimmerT_3720-T1;GlimmerHMM},{GeneMark_model.3971_t;GeneMark}
57969	57531	initial-	4	4	{Augustus_model.g3077.t1;Augustus},{GlimmerHMM_glimmerT_3720-T1;GlimmerHMM},{GeneMark_model.3971_t;GeneMark}

# EVM prediction: Mode:STANDARD S-ratio: 2.44 58386-59702 orient(-) score(4172.00) noncoding_equivalent(1708.57) raw_noncoding(2037.00) offset(328.43) 
58550	58386	terminal-	4	6	{Augustus_model.g3078.t1;Augustus},{GlimmerHMM_glimmerT_3721-T1;GlimmerHMM},{GeneMark_model.3972_t;GeneMark}
58626	58551	INTRON			{Augustus_model.g3078.t1;Augustus},{GlimmerHMM_glimmerT_3721-T1;GlimmerHMM},{GeneMark_model.3972_t;GeneMark}
58904	58627	internal-	5	6	{Augustus_model.g3078.t1;Augustus},{GlimmerHMM_glimmerT_3721-T1;GlimmerHMM},{GeneMark_model.3972_t;GeneMark}
58990	58905	INTRON			{Augustus_model.g3078.t1;Augustus},{GlimmerHMM_glimmerT_3721-T1;GlimmerHMM},{GeneMark_model.3972_t;GeneMark}
59187	58991	internal-	6	4	{Augustus_model.g3078.t1;Augustus},{GlimmerHMM_glimmerT_3721-T1;GlimmerHMM},{GeneMark_model.3972_t;GeneMark}
59261	59188	INTRON			{Augustus_model.g3078.t1;Augustus},{GlimmerHMM_glimmerT_3721-T1;GlimmerHMM},{GeneMark_model.3972_t;GeneMark}
59475	59262	internal-	5	5	{Augustus_model.g3078.t1;Augustus},{GlimmerHMM_glimmerT_3721-T1;GlimmerHMM},{GeneMark_model.3972_t;GeneMark}
59554	59476	INTRON			{Augustus_model.g3078.t1;Augustus},{GlimmerHMM_glimmerT_3721-T1;GlimmerHMM},{GeneMark_model.3972_t;GeneMark}
59702	59555	initial-	4	4	{Augustus_model.g3078.t1;Augustus},{GlimmerHMM_glimmerT_3721-T1;GlimmerHMM},{GeneMark_model.3972_t;GeneMark}

# EVM prediction: Mode:STANDARD S-ratio: 12.03 61210-63588 orient(-) score(8898.00) noncoding_equivalent(739.57) raw_noncoding(807.00) offset(67.43) 
62962	61210	terminal-	6	6	{GlimmerHMM_glimmerT_3722-T1;GlimmerHMM},{snap_scaffold_9-snap.24-T1;snap},{GeneMark_model.3973_t;GeneMark},{Augustus_model.g3079.t1;Augustus}
63025	62963	INTRON			{GlimmerHMM_glimmerT_3722-T1;GlimmerHMM},{GeneMark_model.3973_t;GeneMark},{Augustus_model.g3079.t1;Augustus}
63588	63026	initial-	4	5	{GlimmerHMM_glimmerT_3722-T1;GlimmerHMM},{GeneMark_model.3973_t;GeneMark},{Augustus_model.g3079.t1;Augustus}

# EVM prediction: Mode:STANDARD S-ratio: 2.79 65050-69267 orient(+) score(12500.00) noncoding_equivalent(4483.45) raw_noncoding(5232.00) offset(748.55) 
65050	66064	initial+	1	1	{Augustus_model.g3080.t1;Augustus},{GlimmerHMM_glimmerT_3723-T1;GlimmerHMM}
66065	66139	INTRON			{Augustus_model.g3080.t1;Augustus},{GeneMark_model.3974_t;GeneMark}
66140	66515	internal+	2	2	{GeneMark_model.3974_t;GeneMark}
66516	66578	INTRON			{GeneMark_model.3974_t;GeneMark}
66579	66709	internal+	3	1	{GeneMark_model.3974_t;GeneMark}
66710	66767	INTRON			{Augustus_model.g3080.t1;Augustus},{GeneMark_model.3974_t;GeneMark},{GlimmerHMM_glimmerT_3723-T1;GlimmerHMM}
66768	67444	internal+	2	3	{Augustus_model.g3080.t1;Augustus},{GeneMark_model.3974_t;GeneMark}
67445	67500	INTRON			{Augustus_model.g3080.t1;Augustus},{GeneMark_model.3974_t;GeneMark}
67501	68023	internal+	1	1	{Augustus_model.g3080.t1;Augustus},{GeneMark_model.3974_t;GeneMark}
68024	68080	INTRON			{Augustus_model.g3080.t1;Augustus},{GeneMark_model.3974_t;GeneMark}
68081	68485	internal+	2	1	{Augustus_model.g3080.t1;Augustus},{GeneMark_model.3974_t;GeneMark},{GlimmerHMM_glimmerT_3723-T1;GlimmerHMM}
68486	68551	INTRON			{Augustus_model.g3080.t1;Augustus},{GeneMark_model.3974_t;GeneMark},{GlimmerHMM_glimmerT_3723-T1;GlimmerHMM}
68552	69128	internal+	2	2	{Augustus_model.g3080.t1;Augustus},{GeneMark_model.3974_t;GeneMark}
69129	69197	INTRON			{Augustus_model.g3080.t1;Augustus},{GeneMark_model.3974_t;GeneMark}
69198	69267	terminal+	3	3	{Augustus_model.g3080.t1;Augustus},{GeneMark_model.3974_t;GeneMark}

# EVM prediction: Mode:STANDARD S-ratio: 4.00 69583-70927 orient(+) score(5815.00) noncoding_equivalent(1455.36) raw_noncoding(1681.00) offset(225.64) 
69583	69739	initial+	1	1	{GeneMark_model.3975_t;GeneMark},{Augustus_model.g3081.t1;Augustus},{GlimmerHMM_glimmerT_3724-T1;GlimmerHMM}
69740	69812	INTRON			{GeneMark_model.3975_t;GeneMark},{Augustus_model.g3081.t1;Augustus},{GlimmerHMM_glimmerT_3724-T1;GlimmerHMM}
69813	69915	internal+	2	2	{GeneMark_model.3975_t;GeneMark},{Augustus_model.g3081.t1;Augustus},{GlimmerHMM_glimmerT_3724-T1;GlimmerHMM}
69916	70040	INTRON			{GeneMark_model.3975_t;GeneMark},{Augustus_model.g3081.t1;Augustus},{GlimmerHMM_glimmerT_3724-T1;GlimmerHMM},{ev_type:exonerate/ID=match.2566964.3553/Target=lcl|PJQD01000047_1_prot_POY72800_1_4282;exonerate}
70041	70420	internal+	3	1	{GeneMark_model.3975_t;GeneMark},{Augustus_model.g3081.t1;Augustus},{GlimmerHMM_glimmerT_3724-T1;GlimmerHMM},{ev_type:exonerate/ID=match.2566964.3553/Target=lcl|PJQD01000047_1_prot_POY72800_1_4282;exonerate}
70421	70485	INTRON			{GeneMark_model.3975_t;GeneMark},{Augustus_model.g3081.t1;Augustus},{GlimmerHMM_glimmerT_3724-T1;GlimmerHMM},{ev_type:exonerate/ID=match.2566964.3553/Target=lcl|PJQD01000047_1_prot_POY72800_1_4282;exonerate}
70486	70562	internal+	2	3	{GeneMark_model.3975_t;GeneMark},{Augustus_model.g3081.t1;Augustus},{GlimmerHMM_glimmerT_3724-T1;GlimmerHMM},{ev_type:exonerate/ID=match.2566964.3553/Target=lcl|PJQD01000047_1_prot_POY72800_1_4282;exonerate}
70563	70633	INTRON			{GeneMark_model.3975_t;GeneMark},{Augustus_model.g3081.t1;Augustus},{GlimmerHMM_glimmerT_3724-T1;GlimmerHMM},{ev_type:exonerate/ID=match.2566964.3553/Target=lcl|PJQD01000047_1_prot_POY72800_1_4282;exonerate}
70634	70927	terminal+	1	3	{GeneMark_model.3975_t;GeneMark},{Augustus_model.g3081.t1;Augustus},{GlimmerHMM_glimmerT_3724-T1;GlimmerHMM}

# EVM prediction: Mode:STANDARD S-ratio: 8.72 72677-74287 orient(-) score(5780.00) noncoding_equivalent(662.90) raw_noncoding(791.31) offset(128.41) 
74088	72677	terminal-	5	6	{GeneMark_model.3976_t;GeneMark},{Augustus_model.g3082.t1;Augustus},{snap_scaffold_9-snap.29-T1;snap}
74152	74089	INTRON			{GeneMark_model.3976_t;GeneMark},{Augustus_model.g3082.t1;Augustus}
74287	74153	internal-	5	4	{GeneMark_model.3976_t;GeneMark},{Augustus_model.g3082.t1;Augustus}

