!! Predictions spanning range 1892 - 121687 [R1]
# EVM prediction: Mode:STANDARD S-ratio: 6.11 1892-5584 orient(-) score(13405.00) noncoding_equivalent(2195.17) raw_noncoding(2541.00) offset(345.83) 
3432	1892	terminal-	5	6	{Augustus_model.g4400.t1;Augustus},{GlimmerHMM_glimmerT_5321-T1;GlimmerHMM},{GeneMark_model.5697_t;GeneMark}
3513	3433	INTRON			{Augustus_model.g4400.t1;Augustus},{GlimmerHMM_glimmerT_5321-T1;GlimmerHMM},{GeneMark_model.5697_t;GeneMark}
3940	3514	internal-	4	4	{Augustus_model.g4400.t1;Augustus},{GlimmerHMM_glimmerT_5321-T1;GlimmerHMM},{GeneMark_model.5697_t;GeneMark}
4009	3941	INTRON			{Augustus_model.g4400.t1;Augustus},{GlimmerHMM_glimmerT_5321-T1;GlimmerHMM},{GeneMark_model.5697_t;GeneMark}
4102	4010	internal-	4	6	{Augustus_model.g4400.t1;Augustus},{GlimmerHMM_glimmerT_5321-T1;GlimmerHMM},{GeneMark_model.5697_t;GeneMark}
4170	4103	INTRON			{Augustus_model.g4400.t1;Augustus},{GlimmerHMM_glimmerT_5321-T1;GlimmerHMM},{GeneMark_model.5697_t;GeneMark}
4257	4171	internal-	4	6	{Augustus_model.g4400.t1;Augustus},{GlimmerHMM_glimmerT_5321-T1;GlimmerHMM},{GeneMark_model.5697_t;GeneMark}
4328	4258	INTRON			{Augustus_model.g4400.t1;Augustus},{GlimmerHMM_glimmerT_5321-T1;GlimmerHMM},{GeneMark_model.5697_t;GeneMark}
4502	4329	internal-	4	6	{Augustus_model.g4400.t1;Augustus},{GlimmerHMM_glimmerT_5321-T1;GlimmerHMM},{GeneMark_model.5697_t;GeneMark}
4573	4503	INTRON			{Augustus_model.g4400.t1;Augustus},{GlimmerHMM_glimmerT_5321-T1;GlimmerHMM},{GeneMark_model.5697_t;GeneMark}
4753	4574	internal-	4	6	{Augustus_model.g4400.t1;Augustus},{GlimmerHMM_glimmerT_5321-T1;GlimmerHMM},{GeneMark_model.5697_t;GeneMark}
4825	4754	INTRON			{Augustus_model.g4400.t1;Augustus},{GlimmerHMM_glimmerT_5321-T1;GlimmerHMM},{GeneMark_model.5697_t;GeneMark}
5584	4826	initial-	4	6	{Augustus_model.g4400.t1;Augustus},{GlimmerHMM_glimmerT_5321-T1;GlimmerHMM},{GeneMark_model.5697_t;GeneMark}

# EVM prediction: Mode:STANDARD S-ratio: 3.35 6636-7830 orient(-) score(3853.00) noncoding_equivalent(1149.42) raw_noncoding(1393.33) offset(243.91) 
7142	6636	terminal-	4	6	{Augustus_model.g4401.t1;Augustus},{GlimmerHMM_glimmerT_5322-T1;GlimmerHMM},{GeneMark_model.5698_t;GeneMark}
7201	7143	INTRON			{Augustus_model.g4401.t1;Augustus},{GlimmerHMM_glimmerT_5322-T1;GlimmerHMM},{GeneMark_model.5698_t;GeneMark}
7254	7202	internal-	5	6	{Augustus_model.g4401.t1;Augustus},{GlimmerHMM_glimmerT_5322-T1;GlimmerHMM},{GeneMark_model.5698_t;GeneMark}
7313	7255	INTRON			{Augustus_model.g4401.t1;Augustus},{GlimmerHMM_glimmerT_5322-T1;GlimmerHMM},{GeneMark_model.5698_t;GeneMark}
7704	7314	internal-	4	4	{Augustus_model.g4401.t1;Augustus},{GlimmerHMM_glimmerT_5322-T1;GlimmerHMM},{GeneMark_model.5698_t;GeneMark}
7791	7705	INTRON			{Augustus_model.g4401.t1;Augustus},{GeneMark_model.5698_t;GeneMark}
7830	7792	initial-	4	6	{GeneMark_model.5698_t;GeneMark}

# EVM prediction: Mode:STANDARD S-ratio: 2.63 8392-9680 orient(-) score(4409.00) noncoding_equivalent(1676.54) raw_noncoding(2271.60) offset(595.06) 
8404	8392	terminal-	6	6	{GeneMark_model.5699_t;GeneMark}
8461	8405	INTRON			{GeneMark_model.5699_t;GeneMark}
8480	8462	internal-	5	5	{Augustus_model.g4401.t1;Augustus},{GeneMark_model.5699_t;GeneMark}
8587	8481	INTRON			{Augustus_model.g4401.t1;Augustus},{GeneMark_model.5699_t;GeneMark}
8982	8588	internal-	6	4	{Augustus_model.g4401.t1;Augustus},{GlimmerHMM_glimmerT_5322-T1;GlimmerHMM},{GeneMark_model.5699_t;GeneMark}
9058	8983	INTRON			{Augustus_model.g4401.t1;Augustus},{GlimmerHMM_glimmerT_5322-T1;GlimmerHMM},{GeneMark_model.5699_t;GeneMark},{ev_type:exonerate/ID=match.2566964.4275/Target=lcl|KQ954485_1_prot_KWU43850_1_3837;exonerate}
9323	9059	internal-	5	5	{Augustus_model.g4401.t1;Augustus},{GlimmerHMM_glimmerT_5322-T1;GlimmerHMM},{GeneMark_model.5699_t;GeneMark},{ev_type:exonerate/ID=match.2566964.4275/Target=lcl|KQ954485_1_prot_KWU43850_1_3837;exonerate}
9412	9324	INTRON			{Augustus_model.g4401.t1;Augustus},{GeneMark_model.5699_t;GeneMark},{ev_type:exonerate/ID=match.2566964.4275/Target=lcl|KQ954485_1_prot_KWU43850_1_3837;exonerate}
9680	9413	initial-	4	4	{Augustus_model.g4401.t1;Augustus},{GeneMark_model.5699_t;GeneMark}

# EVM prediction: Mode:STANDARD S-ratio: 5.26 9798-11765 orient(+) score(6729.00) noncoding_equivalent(1278.95) raw_noncoding(1478.14) offset(199.19) 
9798	10010	initial+	1	3	{Augustus_model.g4402.t1;Augustus},{GeneMark_model.5700_t;GeneMark},{GlimmerHMM_glimmerT_5323-T1;GlimmerHMM}
10011	10071	INTRON			{Augustus_model.g4402.t1;Augustus},{GeneMark_model.5700_t;GeneMark}
10072	10759	internal+	1	1	{Augustus_model.g4402.t1;Augustus},{GeneMark_model.5700_t;GeneMark}
10760	10830	INTRON			{Augustus_model.g4402.t1;Augustus},{GeneMark_model.5700_t;GeneMark},{GlimmerHMM_glimmerT_5323-T1;GlimmerHMM}
10831	11765	terminal+	2	3	{Augustus_model.g4402.t1;Augustus}

# EVM prediction: Mode:STANDARD S-ratio: 20.26 12860-15649 orient(+) score(10635.00) noncoding_equivalent(525.00) raw_noncoding(525.00) offset(0.00) 
12860	15649	single+	1	3	{Augustus_model.g4403.t1;Augustus},{GeneMark_model.5701_t;GeneMark}

# EVM prediction: Mode:STANDARD S-ratio: 1.82 16003-17596 orient(+) score(4607.00) noncoding_equivalent(2532.38) raw_noncoding(3556.00) offset(1023.62) 
16003	16101	initial+	1	3	{Augustus_model.g4404.t1;Augustus},{GlimmerHMM_glimmerT_5324-T1;GlimmerHMM},{GeneMark_model.5702_t;GeneMark}
16102	16223	INTRON			{Augustus_model.g4404.t1;Augustus},{GlimmerHMM_glimmerT_5324-T1;GlimmerHMM},{GeneMark_model.5702_t;GeneMark}
16224	16420	internal+	1	2	{Augustus_model.g4404.t1;Augustus},{GeneMark_model.5702_t;GeneMark}
16421	16493	INTRON			{Augustus_model.g4404.t1;Augustus},{GeneMark_model.5702_t;GeneMark}
16494	16527	internal+	3	3	{Augustus_model.g4404.t1;Augustus},{GeneMark_model.5702_t;GeneMark}
16528	16598	INTRON			{Augustus_model.g4404.t1;Augustus},{GeneMark_model.5702_t;GeneMark}
16599	16619	internal+	1	3	{Augustus_model.g4404.t1;Augustus},{GeneMark_model.5702_t;GeneMark}
16620	16691	INTRON			{Augustus_model.g4404.t1;Augustus},{GeneMark_model.5702_t;GeneMark}
16692	16769	internal+	1	3	{Augustus_model.g4404.t1;Augustus},{GeneMark_model.5702_t;GeneMark}
16770	16864	INTRON			{Augustus_model.g4404.t1;Augustus},{GeneMark_model.5702_t;GeneMark}
16865	17070	internal+	1	2	{Augustus_model.g4404.t1;Augustus},{GlimmerHMM_glimmerT_5324-T1;GlimmerHMM},{GeneMark_model.5702_t;GeneMark}
17071	17180	INTRON			{Augustus_model.g4404.t1;Augustus},{GlimmerHMM_glimmerT_5324-T1;GlimmerHMM},{GeneMark_model.5702_t;GeneMark}
17181	17245	internal+	3	1	{Augustus_model.g4404.t1;Augustus},{GlimmerHMM_glimmerT_5324-T1;GlimmerHMM},{GeneMark_model.5702_t;GeneMark}
17246	17313	INTRON			{Augustus_model.g4404.t1;Augustus},{GlimmerHMM_glimmerT_5324-T1;GlimmerHMM},{GeneMark_model.5702_t;GeneMark}
17314	17479	internal+	2	2	{Augustus_model.g4404.t1;Augustus},{GlimmerHMM_glimmerT_5324-T1;GlimmerHMM},{GeneMark_model.5702_t;GeneMark}
17480	17571	INTRON			{Augustus_model.g4404.t1;Augustus},{GlimmerHMM_glimmerT_5324-T1;GlimmerHMM},{GeneMark_model.5702_t;GeneMark}
17572	17596	terminal+	3	3	{Augustus_model.g4404.t1;Augustus},{GlimmerHMM_glimmerT_5324-T1;GlimmerHMM},{GeneMark_model.5702_t;GeneMark}

# EVM prediction: Mode:STANDARD S-ratio: 1.68 17719-19883 orient(-) score(5521.00) noncoding_equivalent(3290.25) raw_noncoding(4394.00) offset(1103.75) 
17941	17719	terminal-	6	6	{GeneMark_model.5703_t;GeneMark},{GlimmerHMM_glimmerT_5325-T1;GlimmerHMM},{snap_scaffold_14-snap.72-T1;snap},{Augustus_model.g4405.t1;Augustus}
18156	17942	INTRON			{snap_scaffold_14-snap.72-T1;snap},{Augustus_model.g4405.t1;Augustus}
18627	18157	internal-	6	5	{Augustus_model.g4405.t1;Augustus}
18700	18628	INTRON			{GeneMark_model.5703_t;GeneMark},{GlimmerHMM_glimmerT_5325-T1;GlimmerHMM},{Augustus_model.g4405.t1;Augustus}
18805	18701	internal-	6	5	{GeneMark_model.5703_t;GeneMark},{GlimmerHMM_glimmerT_5325-T1;GlimmerHMM},{Augustus_model.g4405.t1;Augustus}
18878	18806	INTRON			{GeneMark_model.5703_t;GeneMark},{GlimmerHMM_glimmerT_5325-T1;GlimmerHMM},{Augustus_model.g4405.t1;Augustus}
19055	18879	internal-	6	5	{GeneMark_model.5703_t;GeneMark},{Augustus_model.g4405.t1;Augustus}
19121	19056	INTRON			{GeneMark_model.5703_t;GeneMark},{Augustus_model.g4405.t1;Augustus}
19277	19122	internal-	6	5	{GeneMark_model.5703_t;GeneMark},{Augustus_model.g4405.t1;Augustus}
19341	19278	INTRON			{GeneMark_model.5703_t;GeneMark},{Augustus_model.g4405.t1;Augustus}
19473	19342	internal-	6	5	{GeneMark_model.5703_t;GeneMark},{Augustus_model.g4405.t1;Augustus}
19551	19474	INTRON			{GeneMark_model.5703_t;GeneMark},{Augustus_model.g4405.t1;Augustus}
19671	19552	internal-	6	5	{GeneMark_model.5703_t;GeneMark},{Augustus_model.g4405.t1;Augustus}
19737	19672	INTRON			{Augustus_model.g4405.t1;Augustus}
19883	19738	initial-	4	5	{Augustus_model.g4405.t1;Augustus}

# EVM prediction: Mode:STANDARD S-ratio: 32.07 21490-23313 orient(+) score(7077.00) noncoding_equivalent(220.68) raw_noncoding(220.68) offset(0.00) 
21490	23313	single+	1	3	{GeneMark_model.5704_t;GeneMark}

# EVM prediction: Mode:STANDARD S-ratio: 2.38 23914-25946 orient(-) score(6620.00) noncoding_equivalent(2780.00) raw_noncoding(3353.00) offset(573.00) 
24038	23914	terminal-	5	6	{GeneMark_model.5705_t;GeneMark},{Augustus_model.g4407.t1;Augustus}
24134	24039	INTRON			{GeneMark_model.5705_t;GeneMark},{Augustus_model.g4407.t1;Augustus},{ev_type:exonerate/ID=match.2566964.4292/Target=lcl|KQ954485_1_prot_KWU43843_1_3830;exonerate}
24194	24135	internal-	5	4	{GeneMark_model.5705_t;GeneMark},{Augustus_model.g4407.t1;Augustus},{ev_type:exonerate/ID=match.2566964.4292/Target=lcl|KQ954485_1_prot_KWU43843_1_3830;exonerate}
24275	24195	INTRON			{GlimmerHMM_glimmerT_5327-T1;GlimmerHMM},{GeneMark_model.5705_t;GeneMark},{Augustus_model.g4407.t1;Augustus},{ev_type:exonerate/ID=match.2566964.4292/Target=lcl|KQ954485_1_prot_KWU43843_1_3830;exonerate}
24572	24276	internal-	5	4	{GlimmerHMM_glimmerT_5327-T1;GlimmerHMM},{GeneMark_model.5705_t;GeneMark},{Augustus_model.g4407.t1;Augustus},{ev_type:exonerate/ID=match.2566964.4292/Target=lcl|KQ954485_1_prot_KWU43843_1_3830;exonerate}
24636	24573	INTRON			{GlimmerHMM_glimmerT_5327-T1;GlimmerHMM},{GeneMark_model.5705_t;GeneMark},{Augustus_model.g4407.t1;Augustus},{ev_type:exonerate/ID=match.2566964.4292/Target=lcl|KQ954485_1_prot_KWU43843_1_3830;exonerate}
24751	24637	internal-	4	4	{GlimmerHMM_glimmerT_5327-T1;GlimmerHMM},{GeneMark_model.5705_t;GeneMark},{Augustus_model.g4407.t1;Augustus}
24821	24752	INTRON			{GlimmerHMM_glimmerT_5327-T1;GlimmerHMM},{GeneMark_model.5705_t;GeneMark},{Augustus_model.g4407.t1;Augustus}
25270	24822	internal-	5	6	{GlimmerHMM_glimmerT_5327-T1;GlimmerHMM},{GeneMark_model.5705_t;GeneMark}
25389	25271	INTRON			{GlimmerHMM_glimmerT_5327-T1;GlimmerHMM},{GeneMark_model.5705_t;GeneMark}
25720	25390	internal-	4	4	{GlimmerHMM_glimmerT_5327-T1;GlimmerHMM},{GeneMark_model.5705_t;GeneMark},{Augustus_model.g4407.t1;Augustus}
25781	25721	INTRON			{GlimmerHMM_glimmerT_5327-T1;GlimmerHMM},{GeneMark_model.5705_t;GeneMark},{Augustus_model.g4407.t1;Augustus}
25946	25782	initial-	4	6	{GlimmerHMM_glimmerT_5327-T1;GlimmerHMM},{GeneMark_model.5705_t;GeneMark},{Augustus_model.g4407.t1;Augustus}

# EVM prediction: Mode:STANDARD S-ratio: 2.44 26383-32587 orient(+) score(17003.00) noncoding_equivalent(6967.22) raw_noncoding(9631.00) offset(2663.78) 
26383	26407	initial+	1	1	{Augustus_model.g4408.t1;Augustus}
26408	26485	INTRON			{GlimmerHMM_glimmerT_5328-T1;GlimmerHMM},{Augustus_model.g4408.t1;Augustus},{GeneMark_model.5706_t;GeneMark}
26486	26619	internal+	2	3	{GlimmerHMM_glimmerT_5328-T1;GlimmerHMM},{Augustus_model.g4408.t1;Augustus},{GeneMark_model.5706_t;GeneMark}
26620	26684	INTRON			{GlimmerHMM_glimmerT_5328-T1;GlimmerHMM},{Augustus_model.g4408.t1;Augustus},{GeneMark_model.5706_t;GeneMark}
26685	26826	internal+	1	1	{GlimmerHMM_glimmerT_5328-T1;GlimmerHMM},{Augustus_model.g4408.t1;Augustus},{GeneMark_model.5706_t;GeneMark}
26827	26906	INTRON			{Augustus_model.g4408.t1;Augustus}
26907	26992	internal+	2	3	{Augustus_model.g4408.t1;Augustus}
26993	27469	INTRON			{Augustus_model.g4408.t1;Augustus}
27470	27528	internal+	1	2	{Augustus_model.g4408.t1;Augustus}
27529	27604	INTRON			{Augustus_model.g4408.t1;Augustus}
27605	27735	internal+	3	1	{Augustus_model.g4408.t1;Augustus}
27736	27806	INTRON			{Augustus_model.g4408.t1;Augustus},{GeneMark_model.5706_t;GeneMark}
27807	28165	internal+	2	3	{Augustus_model.g4408.t1;Augustus},{GeneMark_model.5706_t;GeneMark}
28166	28228	INTRON			{Augustus_model.g4408.t1;Augustus},{GeneMark_model.5706_t;GeneMark}
28229	30028	internal+	1	3	{GlimmerHMM_glimmerT_5328-T1;GlimmerHMM},{GeneMark_model.5706_t;GeneMark}
30029	30095	INTRON			{GlimmerHMM_glimmerT_5328-T1;GlimmerHMM},{GeneMark_model.5706_t;GeneMark}
30096	30815	internal+	1	3	{Augustus_model.g4408.t1;Augustus},{GeneMark_model.5706_t;GeneMark}
30816	30878	INTRON			{Augustus_model.g4408.t1;Augustus},{GeneMark_model.5706_t;GeneMark}
30879	31479	internal+	1	1	{GlimmerHMM_glimmerT_5328-T1;GlimmerHMM},{Augustus_model.g4408.t1;Augustus},{GeneMark_model.5706_t;GeneMark}
31480	31550	INTRON			{GlimmerHMM_glimmerT_5328-T1;GlimmerHMM},{Augustus_model.g4408.t1;Augustus},{GeneMark_model.5706_t;GeneMark}
31551	31751	internal+	2	1	{Augustus_model.g4408.t1;Augustus},{GeneMark_model.5706_t;GeneMark}
31752	31814	INTRON			{Augustus_model.g4408.t1;Augustus},{GeneMark_model.5706_t;GeneMark}
31815	32587	terminal+	2	3	{Augustus_model.g4408.t1;Augustus},{GeneMark_model.5706_t;GeneMark}

# EVM prediction: Mode:STANDARD S-ratio: 2.28 33274-34260 orient(-) score(3138.00) noncoding_equivalent(1378.63) raw_noncoding(1677.00) offset(298.37) 
33440	33274	terminal-	5	6	{GlimmerHMM_glimmerT_5329-T1;GlimmerHMM},{Augustus_model.g4409.t1;Augustus},{GeneMark_model.5707_t;GeneMark},{snap_scaffold_14-snap.75-T1;snap}
33516	33441	INTRON			{GlimmerHMM_glimmerT_5329-T1;GlimmerHMM},{Augustus_model.g4409.t1;Augustus},{GeneMark_model.5707_t;GeneMark}
33585	33517	internal-	5	4	{GlimmerHMM_glimmerT_5329-T1;GlimmerHMM},{Augustus_model.g4409.t1;Augustus},{GeneMark_model.5707_t;GeneMark}
33673	33586	INTRON			{GlimmerHMM_glimmerT_5329-T1;GlimmerHMM},{Augustus_model.g4409.t1;Augustus},{GeneMark_model.5707_t;GeneMark}
33923	33674	internal-	4	4	{GlimmerHMM_glimmerT_5329-T1;GlimmerHMM},{Augustus_model.g4409.t1;Augustus},{GeneMark_model.5707_t;GeneMark}
34050	33924	INTRON			{GlimmerHMM_glimmerT_5329-T1;GlimmerHMM},{Augustus_model.g4409.t1;Augustus},{GeneMark_model.5707_t;GeneMark}
34260	34051	initial-	4	6	{GlimmerHMM_glimmerT_5329-T1;GlimmerHMM},{Augustus_model.g4409.t1;Augustus},{GeneMark_model.5707_t;GeneMark}

# EVM prediction: Mode:STANDARD S-ratio: 5.26 34555-35098 orient(+) score(2717.00) noncoding_equivalent(517.00) raw_noncoding(547.00) offset(30.00) 
34555	34866	initial+	1	3	{Augustus_model.g4410.t1;Augustus},{GeneMark_model.5708_t;GeneMark},{GlimmerHMM_glimmerT_5330-T1;GlimmerHMM}
34867	34928	INTRON			{Augustus_model.g4410.t1;Augustus},{GeneMark_model.5708_t;GeneMark},{GlimmerHMM_glimmerT_5330-T1;GlimmerHMM}
34929	34935	internal+	1	1	{Augustus_model.g4410.t1;Augustus},{GeneMark_model.5708_t;GeneMark},{GlimmerHMM_glimmerT_5330-T1;GlimmerHMM}
34936	35024	INTRON			{Augustus_model.g4410.t1;Augustus},{GeneMark_model.5708_t;GeneMark},{GlimmerHMM_glimmerT_5330-T1;GlimmerHMM}
35025	35098	terminal+	2	3	{Augustus_model.g4410.t1;Augustus},{GeneMark_model.5708_t;GeneMark},{GlimmerHMM_glimmerT_5330-T1;GlimmerHMM}

# EVM prediction: Mode:STANDARD S-ratio: 4.73 35373-37565 orient(-) score(9100.00) noncoding_equivalent(1925.50) raw_noncoding(2278.28) offset(352.77) 
36428	35373	terminal-	4	6	{GeneMark_model.5709_t;GeneMark},{Augustus_model.g4411.t1;Augustus},{snap_scaffold_14-snap.77-T1;snap},{GlimmerHMM_glimmerT_5331-T1;GlimmerHMM}
36501	36429	INTRON			{GeneMark_model.5709_t;GeneMark},{Augustus_model.g4411.t1;Augustus},{GlimmerHMM_glimmerT_5331-T1;GlimmerHMM},{ev_type:exonerate/ID=match.2566964.4244/Target=lcl|KQ954485_1_prot_KWU43840_1_3827;exonerate}
36696	36502	internal-	4	6	{GeneMark_model.5709_t;GeneMark},{Augustus_model.g4411.t1;Augustus},{GlimmerHMM_glimmerT_5331-T1;GlimmerHMM},{ev_type:exonerate/ID=match.2566964.4244/Target=lcl|KQ954485_1_prot_KWU43840_1_3827;exonerate}
36767	36697	INTRON			{GeneMark_model.5709_t;GeneMark},{Augustus_model.g4411.t1;Augustus},{GlimmerHMM_glimmerT_5331-T1;GlimmerHMM},{ev_type:exonerate/ID=match.2566964.4244/Target=lcl|KQ954485_1_prot_KWU43840_1_3827;exonerate}
36961	36768	internal-	5	6	{GeneMark_model.5709_t;GeneMark},{Augustus_model.g4411.t1;Augustus},{GlimmerHMM_glimmerT_5331-T1;GlimmerHMM},{ev_type:exonerate/ID=match.2566964.4244/Target=lcl|KQ954485_1_prot_KWU43840_1_3827;exonerate}
37023	36962	INTRON			{GeneMark_model.5709_t;GeneMark},{Augustus_model.g4411.t1;Augustus},{GlimmerHMM_glimmerT_5331-T1;GlimmerHMM},{ev_type:exonerate/ID=match.2566964.4244/Target=lcl|KQ954485_1_prot_KWU43840_1_3827;exonerate}
37116	37024	internal-	5	4	{GeneMark_model.5709_t;GeneMark},{Augustus_model.g4411.t1;Augustus},{GlimmerHMM_glimmerT_5331-T1;GlimmerHMM},{ev_type:exonerate/ID=match.2566964.4244/Target=lcl|KQ954485_1_prot_KWU43840_1_3827;exonerate}
37179	37117	INTRON			{GeneMark_model.5709_t;GeneMark},{Augustus_model.g4411.t1;Augustus},{GlimmerHMM_glimmerT_5331-T1;GlimmerHMM},{ev_type:exonerate/ID=match.2566964.4244/Target=lcl|KQ954485_1_prot_KWU43840_1_3827;exonerate}
37393	37180	internal-	4	4	{GeneMark_model.5709_t;GeneMark},{Augustus_model.g4411.t1;Augustus}
37457	37394	INTRON			{GeneMark_model.5709_t;GeneMark},{Augustus_model.g4411.t1;Augustus}
37565	37458	initial-	4	6	{GeneMark_model.5709_t;GeneMark}

# EVM prediction: Mode:STANDARD S-ratio: 2.27 38025-39440 orient(+) score(3534.00) noncoding_equivalent(1553.46) raw_noncoding(2725.12) offset(1171.66) 
38025	38103	initial+	1	1	{Augustus_model.g4412.t1;Augustus},{GeneMark_model.5710_t;GeneMark}
38104	38243	INTRON			{GeneMark_model.5710_t;GeneMark}
38244	38334	internal+	2	2	{GeneMark_model.5710_t;GeneMark}
38335	38422	INTRON			{GeneMark_model.5710_t;GeneMark}
38423	38483	internal+	3	3	{GeneMark_model.5710_t;GeneMark}
38484	38547	INTRON			{GeneMark_model.5710_t;GeneMark}
38548	38608	internal+	1	1	{Augustus_model.g4412.t1;Augustus},{GeneMark_model.5710_t;GeneMark}
38609	38679	INTRON			{Augustus_model.g4412.t1;Augustus},{GeneMark_model.5710_t;GeneMark}
38680	38788	internal+	2	2	{Augustus_model.g4412.t1;Augustus},{GeneMark_model.5710_t;GeneMark}
38789	38869	INTRON			{Augustus_model.g4412.t1;Augustus},{GeneMark_model.5710_t;GeneMark}
38870	39440	terminal+	3	3	{Augustus_model.g4412.t1;Augustus},{GlimmerHMM_glimmerT_5332-T1;GlimmerHMM},{GeneMark_model.5710_t;GeneMark}

# EVM prediction: Mode:STANDARD S-ratio: 2.45 39746-40632 orient(-) score(4429.00) noncoding_equivalent(1805.00) raw_noncoding(2288.00) offset(483.00) 
39865	39746	terminal-	4	6	{GeneMark_model.5711_t;GeneMark},{Augustus_model.g4413.t1;Augustus},{GlimmerHMM_glimmerT_5333-T1;GlimmerHMM}
39945	39866	INTRON			{GeneMark_model.5711_t;GeneMark},{Augustus_model.g4413.t1;Augustus},{GlimmerHMM_glimmerT_5333-T1;GlimmerHMM},{ev_type:exonerate/ID=match.2566964.4311/Target=lcl|LCTV02000013_1_prot_PRQ70987_1_2159;exonerate},{ev_type:exonerate/ID=match.2566964.4315/Target=lcl|KQ954485_1_prot_KWU43838_1_3825;exonerate}
40010	39946	internal-	5	6	{GeneMark_model.5711_t;GeneMark},{Augustus_model.g4413.t1;Augustus},{GlimmerHMM_glimmerT_5333-T1;GlimmerHMM},{ev_type:exonerate/ID=match.2566964.4311/Target=lcl|LCTV02000013_1_prot_PRQ70987_1_2159;exonerate},{ev_type:exonerate/ID=match.2566964.4315/Target=lcl|KQ954485_1_prot_KWU43838_1_3825;exonerate}
40104	40011	INTRON			{GeneMark_model.5711_t;GeneMark},{Augustus_model.g4413.t1;Augustus},{GlimmerHMM_glimmerT_5333-T1;GlimmerHMM},{ev_type:exonerate/ID=match.2566964.4311/Target=lcl|LCTV02000013_1_prot_PRQ70987_1_2159;exonerate},{ev_type:exonerate/ID=match.2566964.4315/Target=lcl|KQ954485_1_prot_KWU43838_1_3825;exonerate}
40198	40105	internal-	4	4	{GeneMark_model.5711_t;GeneMark},{Augustus_model.g4413.t1;Augustus},{GlimmerHMM_glimmerT_5333-T1;GlimmerHMM},{ev_type:exonerate/ID=match.2566964.4311/Target=lcl|LCTV02000013_1_prot_PRQ70987_1_2159;exonerate},{ev_type:exonerate/ID=match.2566964.4315/Target=lcl|KQ954485_1_prot_KWU43838_1_3825;exonerate}
40261	40199	INTRON			{GeneMark_model.5711_t;GeneMark},{Augustus_model.g4413.t1;Augustus},{GlimmerHMM_glimmerT_5333-T1;GlimmerHMM},{ev_type:exonerate/ID=match.2566964.4311/Target=lcl|LCTV02000013_1_prot_PRQ70987_1_2159;exonerate},{ev_type:exonerate/ID=match.2566964.4315/Target=lcl|KQ954485_1_prot_KWU43838_1_3825;exonerate}
40330	40262	internal-	4	6	{GeneMark_model.5711_t;GeneMark},{Augustus_model.g4413.t1;Augustus},{GlimmerHMM_glimmerT_5333-T1;GlimmerHMM},{ev_type:exonerate/ID=match.2566964.4311/Target=lcl|LCTV02000013_1_prot_PRQ70987_1_2159;exonerate},{ev_type:exonerate/ID=match.2566964.4315/Target=lcl|KQ954485_1_prot_KWU43838_1_3825;exonerate}
40560	40331	INTRON			{GeneMark_model.5711_t;GeneMark},{Augustus_model.g4413.t1;Augustus},{GlimmerHMM_glimmerT_5333-T1;GlimmerHMM},{ev_type:exonerate/ID=match.2566964.4311/Target=lcl|LCTV02000013_1_prot_PRQ70987_1_2159;exonerate},{ev_type:exonerate/ID=match.2566964.4315/Target=lcl|KQ954485_1_prot_KWU43838_1_3825;exonerate}
40632	40561	initial-	4	6	{GeneMark_model.5711_t;GeneMark},{GlimmerHMM_glimmerT_5333-T1;GlimmerHMM}

# EVM prediction: Mode:STANDARD S-ratio: 4.06 41653-48322 orient(-) score(21772.00) noncoding_equivalent(5365.53) raw_noncoding(5648.11) offset(282.58) 
42053	41653	terminal-	5	6	{GlimmerHMM_glimmerT_5334-T1;GlimmerHMM},{Augustus_model.g4414.t1;Augustus},{GeneMark_model.5712_t;GeneMark}
42121	42054	INTRON			{GlimmerHMM_glimmerT_5334-T1;GlimmerHMM},{Augustus_model.g4414.t1;Augustus},{GeneMark_model.5712_t;GeneMark}
42901	42122	internal-	5	4	{GlimmerHMM_glimmerT_5334-T1;GlimmerHMM},{Augustus_model.g4414.t1;Augustus},{GeneMark_model.5712_t;GeneMark}
42959	42902	INTRON			{GlimmerHMM_glimmerT_5334-T1;GlimmerHMM},{Augustus_model.g4414.t1;Augustus},{GeneMark_model.5712_t;GeneMark}
43042	42960	internal-	6	4	{GlimmerHMM_glimmerT_5334-T1;GlimmerHMM},{Augustus_model.g4414.t1;Augustus},{GeneMark_model.5712_t;GeneMark}
43100	43043	INTRON			{GlimmerHMM_glimmerT_5334-T1;GlimmerHMM},{Augustus_model.g4414.t1;Augustus},{GeneMark_model.5712_t;GeneMark}
44817	43101	internal-	5	5	{Augustus_model.g4414.t1;Augustus},{GeneMark_model.5712_t;GeneMark}
44889	44818	INTRON			{Augustus_model.g4414.t1;Augustus},{GeneMark_model.5712_t;GeneMark}
47075	44890	internal-	6	4	{Augustus_model.g4414.t1;Augustus},{GeneMark_model.5712_t;GeneMark}
47132	47076	INTRON			{GlimmerHMM_glimmerT_5334-T1;GlimmerHMM},{Augustus_model.g4414.t1;Augustus},{GeneMark_model.5712_t;GeneMark}
47888	47133	internal-	6	5	{Augustus_model.g4414.t1;Augustus},{GeneMark_model.5712_t;GeneMark}
47948	47889	INTRON			{Augustus_model.g4414.t1;Augustus},{GeneMark_model.5712_t;GeneMark}
48322	47949	initial-	4	5	{Augustus_model.g4414.t1;Augustus},{GeneMark_model.5712_t;GeneMark}

# EVM prediction: Mode:STANDARD S-ratio: 2.21 48698-49854 orient(+) score(3954.00) noncoding_equivalent(1790.55) raw_noncoding(2433.33) offset(642.78) 
48698	48835	initial+	1	3	{GeneMark_model.5713_t;GeneMark},{Augustus_model.g4415.t1;Augustus}
48836	48893	INTRON			{GeneMark_model.5713_t;GeneMark},{Augustus_model.g4415.t1;Augustus},{ev_type:exonerate/ID=match.2566964.4272/Target=lcl|KQ954466_1_prot_KWU46638_1_727;exonerate}
48894	48974	internal+	1	3	{GeneMark_model.5713_t;GeneMark},{Augustus_model.g4415.t1;Augustus},{ev_type:exonerate/ID=match.2566964.4272/Target=lcl|KQ954466_1_prot_KWU46638_1_727;exonerate}
48975	49037	INTRON			{GeneMark_model.5713_t;GeneMark},{Augustus_model.g4415.t1;Augustus},{ev_type:exonerate/ID=match.2566964.4272/Target=lcl|KQ954466_1_prot_KWU46638_1_727;exonerate}
49038	49209	internal+	1	1	{GlimmerHMM_glimmerT_5335-T1;GlimmerHMM},{GeneMark_model.5713_t;GeneMark},{Augustus_model.g4415.t1;Augustus},{ev_type:exonerate/ID=match.2566964.4272/Target=lcl|KQ954466_1_prot_KWU46638_1_727;exonerate}
49210	49274	INTRON			{GeneMark_model.5713_t;GeneMark},{Augustus_model.g4415.t1;Augustus},{ev_type:exonerate/ID=match.2566964.4272/Target=lcl|KQ954466_1_prot_KWU46638_1_727;exonerate}
49275	49328	internal+	2	1	{GeneMark_model.5713_t;GeneMark},{Augustus_model.g4415.t1;Augustus},{ev_type:exonerate/ID=match.2566964.4272/Target=lcl|KQ954466_1_prot_KWU46638_1_727;exonerate}
49329	49392	INTRON			{GeneMark_model.5713_t;GeneMark},{Augustus_model.g4415.t1;Augustus},{ev_type:exonerate/ID=match.2566964.4272/Target=lcl|KQ954466_1_prot_KWU46638_1_727;exonerate}
49393	49733	internal+	2	3	{GlimmerHMM_glimmerT_5335-T1;GlimmerHMM},{GeneMark_model.5713_t;GeneMark},{Augustus_model.g4415.t1;Augustus},{ev_type:exonerate/ID=match.2566964.4272/Target=lcl|KQ954466_1_prot_KWU46638_1_727;exonerate}
49734	49803	INTRON			{GeneMark_model.5713_t;GeneMark},{Augustus_model.g4415.t1;Augustus},{ev_type:exonerate/ID=match.2566964.4272/Target=lcl|KQ954466_1_prot_KWU46638_1_727;exonerate}
49804	49854	terminal+	1	3	{GeneMark_model.5713_t;GeneMark}

# EVM prediction: Mode:STANDARD S-ratio: 1.21 50413-51549 orient(+) score(2389.00) noncoding_equivalent(1976.62) raw_noncoding(3114.34) offset(1137.71) 
50413	50416	initial+	1	1	{GeneMark_model.5714_t;GeneMark}
50417	50503	INTRON			{GeneMark_model.5714_t;GeneMark}
50504	50572	internal+	2	1	{GeneMark_model.5714_t;GeneMark}
50573	50633	INTRON			{GeneMark_model.5714_t;GeneMark}
50634	50668	internal+	2	3	{GeneMark_model.5714_t;GeneMark}
50669	50733	INTRON			{GeneMark_model.5714_t;GeneMark}
50734	50792	internal+	1	2	{GlimmerHMM_glimmerT_5335-T1;GlimmerHMM},{GeneMark_model.5714_t;GeneMark},{Augustus_model.g4415.t1;Augustus}
50793	50857	INTRON			{GlimmerHMM_glimmerT_5335-T1;GlimmerHMM},{GeneMark_model.5714_t;GeneMark},{Augustus_model.g4415.t1;Augustus}
50858	50989	internal+	3	2	{GlimmerHMM_glimmerT_5335-T1;GlimmerHMM},{GeneMark_model.5714_t;GeneMark},{Augustus_model.g4415.t1;Augustus}
50990	51045	INTRON			{GlimmerHMM_glimmerT_5335-T1;GlimmerHMM},{GeneMark_model.5714_t;GeneMark},{Augustus_model.g4415.t1;Augustus}
51046	51169	internal+	3	3	{GlimmerHMM_glimmerT_5335-T1;GlimmerHMM},{GeneMark_model.5714_t;GeneMark},{Augustus_model.g4415.t1;Augustus}
51170	51239	INTRON			{GeneMark_model.5714_t;GeneMark},{Augustus_model.g4415.t1;Augustus}
51240	51350	internal+	1	3	{GeneMark_model.5714_t;GeneMark},{Augustus_model.g4415.t1;Augustus}
51351	51415	INTRON			{GeneMark_model.5714_t;GeneMark},{Augustus_model.g4415.t1;Augustus}
51416	51467	internal+	1	1	{GeneMark_model.5714_t;GeneMark},{Augustus_model.g4415.t1;Augustus}
51468	51526	INTRON			{GeneMark_model.5714_t;GeneMark},{Augustus_model.g4415.t1;Augustus}
51527	51549	terminal+	2	3	{GeneMark_model.5714_t;GeneMark},{Augustus_model.g4415.t1;Augustus}

# EVM prediction: Mode:STANDARD S-ratio: 3.12 52075-58141 orient(-) score(18292.00) noncoding_equivalent(5861.81) raw_noncoding(8518.00) offset(2656.19) 
52124	52075	terminal-	5	6	{GlimmerHMM_glimmerT_5336-T1;GlimmerHMM},{GeneMark_model.5715_t;GeneMark}
52902	52125	INTRON			{GlimmerHMM_glimmerT_5336-T1;GlimmerHMM},{GeneMark_model.5715_t;GeneMark}
53295	52903	internal-	5	4	{GlimmerHMM_glimmerT_5336-T1;GlimmerHMM},{Augustus_model.g4416.t1;Augustus}
53358	53296	INTRON			{GlimmerHMM_glimmerT_5336-T1;GlimmerHMM},{Augustus_model.g4416.t1;Augustus}
53956	53359	internal-	4	4	{GlimmerHMM_glimmerT_5336-T1;GlimmerHMM},{Augustus_model.g4416.t1;Augustus}
54021	53957	INTRON			{GlimmerHMM_glimmerT_5336-T1;GlimmerHMM},{Augustus_model.g4416.t1;Augustus},{GeneMark_model.5715_t;GeneMark}
54501	54022	internal-	4	6	{Augustus_model.g4416.t1;Augustus},{GeneMark_model.5715_t;GeneMark}
54569	54502	INTRON			{Augustus_model.g4416.t1;Augustus},{GeneMark_model.5715_t;GeneMark}
54580	54570	internal-	5	6	{Augustus_model.g4416.t1;Augustus}
54642	54581	INTRON			{Augustus_model.g4416.t1;Augustus}
54716	54643	internal-	6	4	{Augustus_model.g4416.t1;Augustus}
54907	54717	INTRON			{Augustus_model.g4416.t1;Augustus}
56284	54908	internal-	6	5	{Augustus_model.g4416.t1;Augustus},{GeneMark_model.5715_t;GeneMark}
56356	56285	INTRON			{GlimmerHMM_glimmerT_5336-T1;GlimmerHMM},{Augustus_model.g4416.t1;Augustus},{GeneMark_model.5715_t;GeneMark}
57056	56357	internal-	5	5	{GlimmerHMM_glimmerT_5336-T1;GlimmerHMM},{Augustus_model.g4416.t1;Augustus},{GeneMark_model.5715_t;GeneMark}
57120	57057	INTRON			{GlimmerHMM_glimmerT_5336-T1;GlimmerHMM},{Augustus_model.g4416.t1;Augustus},{GeneMark_model.5715_t;GeneMark}
58141	57121	initial-	4	4	{GlimmerHMM_glimmerT_5336-T1;GlimmerHMM},{Augustus_model.g4416.t1;Augustus},{GeneMark_model.5715_t;GeneMark}

# EVM prediction: Mode:STANDARD S-ratio: 11.12 58658-61547 orient(+) score(10707.00) noncoding_equivalent(963.18) raw_noncoding(1025.40) offset(62.22) 
58658	59153	initial+	1	1	{GeneMark_model.5716_t;GeneMark},{GlimmerHMM_glimmerT_5337-T1;GlimmerHMM}
59154	59211	INTRON			{GeneMark_model.5716_t;GeneMark},{Augustus_model.g4417.t1;Augustus},{GlimmerHMM_glimmerT_5337-T1;GlimmerHMM}
59212	61547	terminal+	2	3	{GeneMark_model.5716_t;GeneMark},{Augustus_model.g4417.t1;Augustus},{GlimmerHMM_glimmerT_5337-T1;GlimmerHMM}

# EVM prediction: Mode:STANDARD S-ratio: 7.67 61667-66907 orient(-) score(19021.00) noncoding_equivalent(2479.00) raw_noncoding(2583.00) offset(104.00) 
62173	61667	terminal-	4	6	{GlimmerHMM_glimmerT_5338-T1;GlimmerHMM},{GeneMark_model.5717_t;GeneMark}
62240	62174	INTRON			{GlimmerHMM_glimmerT_5338-T1;GlimmerHMM},{GeneMark_model.5717_t;GeneMark},{Augustus_model.g4418.t1;Augustus}
62314	62241	internal-	5	6	{GlimmerHMM_glimmerT_5338-T1;GlimmerHMM},{GeneMark_model.5717_t;GeneMark},{Augustus_model.g4418.t1;Augustus}
62379	62315	INTRON			{GlimmerHMM_glimmerT_5338-T1;GlimmerHMM},{GeneMark_model.5717_t;GeneMark},{Augustus_model.g4418.t1;Augustus}
63973	62380	internal-	4	4	{GlimmerHMM_glimmerT_5338-T1;GlimmerHMM},{GeneMark_model.5717_t;GeneMark},{Augustus_model.g4418.t1;Augustus}
64038	63974	INTRON			{GlimmerHMM_glimmerT_5338-T1;GlimmerHMM},{GeneMark_model.5717_t;GeneMark},{Augustus_model.g4418.t1;Augustus}
66692	64039	internal-	5	6	{GlimmerHMM_glimmerT_5338-T1;GlimmerHMM},{GeneMark_model.5717_t;GeneMark},{Augustus_model.g4418.t1;Augustus}
66774	66693	INTRON			{GlimmerHMM_glimmerT_5338-T1;GlimmerHMM},{GeneMark_model.5717_t;GeneMark},{Augustus_model.g4418.t1;Augustus}
66907	66775	initial-	4	4	{GlimmerHMM_glimmerT_5338-T1;GlimmerHMM},{GeneMark_model.5717_t;GeneMark},{Augustus_model.g4418.t1;Augustus}

# EVM prediction: Mode:STANDARD S-ratio: 7.24 67445-70051 orient(+) score(9468.00) noncoding_equivalent(1308.00) raw_noncoding(1452.00) offset(144.00) 
67445	67771	initial+	1	3	{Augustus_model.g4419.t1;Augustus},{GlimmerHMM_glimmerT_5339-T1;GlimmerHMM},{GeneMark_model.5718_t;GeneMark}
67772	67830	INTRON			{Augustus_model.g4419.t1;Augustus},{GlimmerHMM_glimmerT_5339-T1;GlimmerHMM},{GeneMark_model.5718_t;GeneMark}
67831	69552	internal+	1	3	{Augustus_model.g4419.t1;Augustus},{GlimmerHMM_glimmerT_5339-T1;GlimmerHMM},{GeneMark_model.5718_t;GeneMark}
69553	69614	INTRON			{Augustus_model.g4419.t1;Augustus},{GlimmerHMM_glimmerT_5339-T1;GlimmerHMM},{GeneMark_model.5718_t;GeneMark}
69615	69777	internal+	1	1	{Augustus_model.g4419.t1;Augustus},{GlimmerHMM_glimmerT_5339-T1;GlimmerHMM},{GeneMark_model.5718_t;GeneMark}
69778	69836	INTRON			{Augustus_model.g4419.t1;Augustus},{GlimmerHMM_glimmerT_5339-T1;GlimmerHMM},{GeneMark_model.5718_t;GeneMark}
69837	70051	terminal+	2	3	{Augustus_model.g4419.t1;Augustus},{GlimmerHMM_glimmerT_5339-T1;GlimmerHMM},{GeneMark_model.5718_t;GeneMark}

# EVM prediction: Mode:STANDARD S-ratio: 2.91 70124-77180 orient(-) score(21919.00) noncoding_equivalent(7541.62) raw_noncoding(9931.00) offset(2389.38) 
70672	70124	terminal-	4	6	{GlimmerHMM_glimmerT_5340-T1;GlimmerHMM},{Augustus_model.g4420.t1;Augustus},{GeneMark_model.5719_t;GeneMark}
70733	70673	INTRON			{GlimmerHMM_glimmerT_5340-T1;GlimmerHMM},{Augustus_model.g4420.t1;Augustus},{GeneMark_model.5719_t;GeneMark}
71153	70734	internal-	4	6	{GlimmerHMM_glimmerT_5340-T1;GlimmerHMM},{Augustus_model.g4420.t1;Augustus},{GeneMark_model.5719_t;GeneMark}
71215	71154	INTRON			{GlimmerHMM_glimmerT_5340-T1;GlimmerHMM},{Augustus_model.g4420.t1;Augustus},{GeneMark_model.5719_t;GeneMark}
71397	71216	internal-	5	6	{GlimmerHMM_glimmerT_5340-T1;GlimmerHMM},{Augustus_model.g4420.t1;Augustus},{GeneMark_model.5719_t;GeneMark}
71457	71398	INTRON			{GlimmerHMM_glimmerT_5340-T1;GlimmerHMM},{Augustus_model.g4420.t1;Augustus},{GeneMark_model.5719_t;GeneMark}
71528	71458	internal-	6	4	{GlimmerHMM_glimmerT_5340-T1;GlimmerHMM},{Augustus_model.g4420.t1;Augustus},{GeneMark_model.5719_t;GeneMark}
71588	71529	INTRON			{GlimmerHMM_glimmerT_5340-T1;GlimmerHMM},{Augustus_model.g4420.t1;Augustus},{GeneMark_model.5719_t;GeneMark}
71969	71589	internal-	6	5	{GlimmerHMM_glimmerT_5340-T1;GlimmerHMM},{Augustus_model.g4420.t1;Augustus},{GeneMark_model.5719_t;GeneMark}
72027	71970	INTRON			{GlimmerHMM_glimmerT_5340-T1;GlimmerHMM},{Augustus_model.g4420.t1;Augustus},{GeneMark_model.5719_t;GeneMark}
72230	72028	internal-	4	5	{GlimmerHMM_glimmerT_5340-T1;GlimmerHMM},{Augustus_model.g4420.t1;Augustus},{GeneMark_model.5719_t;GeneMark}
72296	72231	INTRON			{Augustus_model.g4420.t1;Augustus},{GeneMark_model.5719_t;GeneMark}
72960	72297	internal-	6	6	{Augustus_model.g4420.t1;Augustus},{GeneMark_model.5719_t;GeneMark}
73655	72961	INTRON			{GlimmerHMM_glimmerT_5340-T1;GlimmerHMM},{GeneMark_model.5719_t;GeneMark}
74009	73656	internal-	6	5	{GlimmerHMM_glimmerT_5340-T1;GlimmerHMM},{GeneMark_model.5719_t;GeneMark}
74092	74010	INTRON			{GlimmerHMM_glimmerT_5340-T1;GlimmerHMM},{Augustus_model.g4420.t1;Augustus},{GeneMark_model.5719_t;GeneMark}
74392	74093	internal-	6	5	{GlimmerHMM_glimmerT_5340-T1;GlimmerHMM},{Augustus_model.g4420.t1;Augustus},{GeneMark_model.5719_t;GeneMark}
74480	74393	INTRON			{GlimmerHMM_glimmerT_5340-T1;GlimmerHMM},{Augustus_model.g4420.t1;Augustus},{GeneMark_model.5719_t;GeneMark}
74729	74481	internal-	6	5	{GlimmerHMM_glimmerT_5340-T1;GlimmerHMM},{Augustus_model.g4420.t1;Augustus},{GeneMark_model.5719_t;GeneMark}
74819	74730	INTRON			{GlimmerHMM_glimmerT_5340-T1;GlimmerHMM},{Augustus_model.g4420.t1;Augustus},{GeneMark_model.5719_t;GeneMark}
75027	74820	internal-	5	5	{Augustus_model.g4420.t1;Augustus},{GeneMark_model.5719_t;GeneMark}
75120	75028	INTRON			{Augustus_model.g4420.t1;Augustus},{GeneMark_model.5719_t;GeneMark}
75966	75121	internal-	5	4	{Augustus_model.g4420.t1;Augustus},{GeneMark_model.5719_t;GeneMark}
76030	75967	INTRON			{Augustus_model.g4420.t1;Augustus},{GeneMark_model.5719_t;GeneMark}
76374	76031	internal-	6	4	{GlimmerHMM_glimmerT_5340-T1;GlimmerHMM},{Augustus_model.g4420.t1;Augustus},{GeneMark_model.5719_t;GeneMark}
76452	76375	INTRON			{GlimmerHMM_glimmerT_5340-T1;GlimmerHMM},{Augustus_model.g4420.t1;Augustus},{GeneMark_model.5719_t;GeneMark}
77180	76453	initial-	4	5	{GlimmerHMM_glimmerT_5340-T1;GlimmerHMM},{GeneMark_model.5719_t;GeneMark}

# EVM prediction: Mode:STANDARD S-ratio: 6.23 77831-78288 orient(-) score(1691.00) noncoding_equivalent(271.50) raw_noncoding(343.95) offset(72.45) 
78159	77831	terminal-	5	6	{Augustus_model.g4421.t1;Augustus},{GlimmerHMM_glimmerT_5341-T1;GlimmerHMM},{GeneMark_model.5720_t;GeneMark}
78227	78160	INTRON			{Augustus_model.g4421.t1;Augustus},{GlimmerHMM_glimmerT_5341-T1;GlimmerHMM},{GeneMark_model.5720_t;GeneMark}
78288	78228	initial-	4	4	{Augustus_model.g4421.t1;Augustus},{GlimmerHMM_glimmerT_5341-T1;GlimmerHMM},{GeneMark_model.5720_t;GeneMark}

# EVM prediction: Mode:STANDARD S-ratio: 4.76 78501-81781 orient(+) score(11655.00) noncoding_equivalent(2446.60) raw_noncoding(2781.40) offset(334.80) 
78501	78648	initial+	1	1	{GlimmerHMM_glimmerT_5342-T1;GlimmerHMM},{Augustus_model.g4422.t1;Augustus},{GeneMark_model.5721_t;GeneMark}
78649	78713	INTRON			{GlimmerHMM_glimmerT_5342-T1;GlimmerHMM},{Augustus_model.g4422.t1;Augustus},{GeneMark_model.5721_t;GeneMark}
78714	78941	internal+	2	1	{Augustus_model.g4422.t1;Augustus},{GeneMark_model.5721_t;GeneMark}
78942	79022	INTRON			{Augustus_model.g4422.t1;Augustus},{GeneMark_model.5721_t;GeneMark}
79023	79590	internal+	2	2	{Augustus_model.g4422.t1;Augustus},{GeneMark_model.5721_t;GeneMark}
79591	79660	INTRON			{GlimmerHMM_glimmerT_5342-T1;GlimmerHMM},{Augustus_model.g4422.t1;Augustus},{GeneMark_model.5721_t;GeneMark}
79661	80330	internal+	3	3	{GlimmerHMM_glimmerT_5342-T1;GlimmerHMM},{Augustus_model.g4422.t1;Augustus},{GeneMark_model.5721_t;GeneMark}
80331	80390	INTRON			{GlimmerHMM_glimmerT_5342-T1;GlimmerHMM},{Augustus_model.g4422.t1;Augustus},{GeneMark_model.5721_t;GeneMark}
80391	80515	internal+	1	2	{GlimmerHMM_glimmerT_5342-T1;GlimmerHMM},{Augustus_model.g4422.t1;Augustus},{GeneMark_model.5721_t;GeneMark}
80516	80577	INTRON			{GlimmerHMM_glimmerT_5342-T1;GlimmerHMM},{Augustus_model.g4422.t1;Augustus},{GeneMark_model.5721_t;GeneMark}
80578	80658	internal+	3	2	{GlimmerHMM_glimmerT_5342-T1;GlimmerHMM},{Augustus_model.g4422.t1;Augustus},{GeneMark_model.5721_t;GeneMark}
80659	80717	INTRON			{GlimmerHMM_glimmerT_5342-T1;GlimmerHMM},{Augustus_model.g4422.t1;Augustus},{snap_scaffold_14-snap.94-T1;snap},{GeneMark_model.5721_t;GeneMark}
80718	81396	internal+	3	3	{GlimmerHMM_glimmerT_5342-T1;GlimmerHMM},{Augustus_model.g4422.t1;Augustus},{GeneMark_model.5721_t;GeneMark}
81397	81460	INTRON			{GlimmerHMM_glimmerT_5342-T1;GlimmerHMM},{Augustus_model.g4422.t1;Augustus},{GeneMark_model.5721_t;GeneMark}
81461	81649	internal+	1	3	{GlimmerHMM_glimmerT_5342-T1;GlimmerHMM},{Augustus_model.g4422.t1;Augustus},{GeneMark_model.5721_t;GeneMark}
81650	81727	INTRON			{GlimmerHMM_glimmerT_5342-T1;GlimmerHMM},{Augustus_model.g4422.t1;Augustus},{GeneMark_model.5721_t;GeneMark}
81728	81781	terminal+	1	3	{GlimmerHMM_glimmerT_5342-T1;GlimmerHMM},{Augustus_model.g4422.t1;Augustus},{GeneMark_model.5721_t;GeneMark}

# EVM prediction: Mode:STANDARD S-ratio: 4.02 81888-85465 orient(-) score(22856.00) noncoding_equivalent(5686.61) raw_noncoding(6671.00) offset(984.39) 
82241	81888	terminal-	4	6	{GlimmerHMM_glimmerT_5343-T1;GlimmerHMM},{HiQ_model.g4423.t1;HiQ},{GeneMark_model.5722_t;GeneMark}
82305	82242	INTRON			{GlimmerHMM_glimmerT_5343-T1;GlimmerHMM},{HiQ_model.g4423.t1;HiQ},{GeneMark_model.5722_t;GeneMark},{ev_type:exonerate/ID=match.2566964.4230/Target=lcl|KQ954485_1_prot_KWU43823_1_3810;exonerate},{ev_type:exonerate/ID=match.2566964.4231/Target=lcl|PJQD01000042_1_prot_POY73028_1_3942;exonerate}
82455	82306	internal-	4	6	{GlimmerHMM_glimmerT_5343-T1;GlimmerHMM},{HiQ_model.g4423.t1;HiQ},{GeneMark_model.5722_t;GeneMark},{ev_type:exonerate/ID=match.2566964.4230/Target=lcl|KQ954485_1_prot_KWU43823_1_3810;exonerate},{ev_type:exonerate/ID=match.2566964.4231/Target=lcl|PJQD01000042_1_prot_POY73028_1_3942;exonerate}
82533	82456	INTRON			{GlimmerHMM_glimmerT_5343-T1;GlimmerHMM},{HiQ_model.g4423.t1;HiQ},{GeneMark_model.5722_t;GeneMark},{ev_type:exonerate/ID=match.2566964.4230/Target=lcl|KQ954485_1_prot_KWU43823_1_3810;exonerate},{ev_type:exonerate/ID=match.2566964.4231/Target=lcl|PJQD01000042_1_prot_POY73028_1_3942;exonerate}
83094	82534	internal-	4	6	{GlimmerHMM_glimmerT_5343-T1;GlimmerHMM},{HiQ_model.g4423.t1;HiQ},{GeneMark_model.5722_t;GeneMark},{ev_type:exonerate/ID=match.2566964.4230/Target=lcl|KQ954485_1_prot_KWU43823_1_3810;exonerate},{ev_type:exonerate/ID=match.2566964.4231/Target=lcl|PJQD01000042_1_prot_POY73028_1_3942;exonerate}
83183	83095	INTRON			{GlimmerHMM_glimmerT_5343-T1;GlimmerHMM},{HiQ_model.g4423.t1;HiQ},{GeneMark_model.5722_t;GeneMark},{ev_type:exonerate/ID=match.2566964.4230/Target=lcl|KQ954485_1_prot_KWU43823_1_3810;exonerate},{ev_type:exonerate/ID=match.2566964.4231/Target=lcl|PJQD01000042_1_prot_POY73028_1_3942;exonerate}
83789	83184	internal-	4	6	{GlimmerHMM_glimmerT_5343-T1;GlimmerHMM},{HiQ_model.g4423.t1;HiQ},{GeneMark_model.5722_t;GeneMark},{ev_type:exonerate/ID=match.2566964.4231/Target=lcl|PJQD01000042_1_prot_POY73028_1_3942;exonerate}
83872	83790	INTRON			{GlimmerHMM_glimmerT_5343-T1;GlimmerHMM},{HiQ_model.g4423.t1;HiQ},{GeneMark_model.5722_t;GeneMark},{ev_type:exonerate/ID=match.2566964.4230/Target=lcl|KQ954485_1_prot_KWU43823_1_3810;exonerate},{ev_type:exonerate/ID=match.2566964.4231/Target=lcl|PJQD01000042_1_prot_POY73028_1_3942;exonerate}
84415	83873	internal-	4	6	{GlimmerHMM_glimmerT_5343-T1;GlimmerHMM},{HiQ_model.g4423.t1;HiQ},{GeneMark_model.5722_t;GeneMark},{ev_type:exonerate/ID=match.2566964.4230/Target=lcl|KQ954485_1_prot_KWU43823_1_3810;exonerate},{ev_type:exonerate/ID=match.2566964.4231/Target=lcl|PJQD01000042_1_prot_POY73028_1_3942;exonerate}
84482	84416	INTRON			{GlimmerHMM_glimmerT_5343-T1;GlimmerHMM},{HiQ_model.g4423.t1;HiQ},{GeneMark_model.5722_t;GeneMark},{ev_type:exonerate/ID=match.2566964.4230/Target=lcl|KQ954485_1_prot_KWU43823_1_3810;exonerate},{ev_type:exonerate/ID=match.2566964.4231/Target=lcl|PJQD01000042_1_prot_POY73028_1_3942;exonerate}
85081	84483	internal-	5	6	{GlimmerHMM_glimmerT_5343-T1;GlimmerHMM},{HiQ_model.g4423.t1;HiQ},{GeneMark_model.5722_t;GeneMark},{ev_type:exonerate/ID=match.2566964.4230/Target=lcl|KQ954485_1_prot_KWU43823_1_3810;exonerate},{ev_type:exonerate/ID=match.2566964.4231/Target=lcl|PJQD01000042_1_prot_POY73028_1_3942;exonerate}
85152	85082	INTRON			{GlimmerHMM_glimmerT_5343-T1;GlimmerHMM},{HiQ_model.g4423.t1;HiQ},{GeneMark_model.5722_t;GeneMark},{ev_type:exonerate/ID=match.2566964.4230/Target=lcl|KQ954485_1_prot_KWU43823_1_3810;exonerate},{ev_type:exonerate/ID=match.2566964.4231/Target=lcl|PJQD01000042_1_prot_POY73028_1_3942;exonerate}
85249	85153	internal-	4	4	{GlimmerHMM_glimmerT_5343-T1;GlimmerHMM},{HiQ_model.g4423.t1;HiQ},{GeneMark_model.5722_t;GeneMark},{ev_type:exonerate/ID=match.2566964.4230/Target=lcl|KQ954485_1_prot_KWU43823_1_3810;exonerate},{ev_type:exonerate/ID=match.2566964.4231/Target=lcl|PJQD01000042_1_prot_POY73028_1_3942;exonerate}
85363	85250	INTRON			{GlimmerHMM_glimmerT_5343-T1;GlimmerHMM},{HiQ_model.g4423.t1;HiQ},{GeneMark_model.5722_t;GeneMark},{ev_type:exonerate/ID=match.2566964.4230/Target=lcl|KQ954485_1_prot_KWU43823_1_3810;exonerate},{ev_type:exonerate/ID=match.2566964.4231/Target=lcl|PJQD01000042_1_prot_POY73028_1_3942;exonerate}
85465	85364	initial-	4	6	{GlimmerHMM_glimmerT_5343-T1;GlimmerHMM},{HiQ_model.g4423.t1;HiQ},{GeneMark_model.5722_t;GeneMark}

# EVM prediction: Mode:STANDARD S-ratio: 5.09 85728-88259 orient(+) score(9154.00) noncoding_equivalent(1799.46) raw_noncoding(2172.00) offset(372.54) 
85728	87112	initial+	1	2	{GeneMark_model.5723_t;GeneMark},{Augustus_model.g4424.t1;Augustus},{GlimmerHMM_glimmerT_5344-T1;GlimmerHMM}
87113	87187	INTRON			{GeneMark_model.5723_t;GeneMark},{Augustus_model.g4424.t1;Augustus},{GlimmerHMM_glimmerT_5344-T1;GlimmerHMM}
87188	87538	internal+	3	2	{GeneMark_model.5723_t;GeneMark},{GlimmerHMM_glimmerT_5344-T1;GlimmerHMM}
87539	87607	INTRON			{GeneMark_model.5723_t;GeneMark},{GlimmerHMM_glimmerT_5344-T1;GlimmerHMM}
87608	87678	internal+	3	1	{GeneMark_model.5723_t;GeneMark},{Augustus_model.g4424.t1;Augustus},{GlimmerHMM_glimmerT_5344-T1;GlimmerHMM}
87679	87771	INTRON			{GeneMark_model.5723_t;GeneMark},{Augustus_model.g4424.t1;Augustus},{GlimmerHMM_glimmerT_5344-T1;GlimmerHMM}
87772	87849	internal+	2	1	{GeneMark_model.5723_t;GeneMark},{Augustus_model.g4424.t1;Augustus},{GlimmerHMM_glimmerT_5344-T1;GlimmerHMM}
87850	87993	INTRON			{GeneMark_model.5723_t;GeneMark},{Augustus_model.g4424.t1;Augustus},{GlimmerHMM_glimmerT_5344-T1;GlimmerHMM}
87994	88056	internal+	2	1	{GeneMark_model.5723_t;GeneMark},{Augustus_model.g4424.t1;Augustus},{GlimmerHMM_glimmerT_5344-T1;GlimmerHMM}
88057	88167	INTRON			{GeneMark_model.5723_t;GeneMark},{Augustus_model.g4424.t1;Augustus},{GlimmerHMM_glimmerT_5344-T1;GlimmerHMM}
88168	88259	terminal+	2	3	{GeneMark_model.5723_t;GeneMark},{Augustus_model.g4424.t1;Augustus},{GlimmerHMM_glimmerT_5344-T1;GlimmerHMM}

# EVM prediction: Mode:STANDARD S-ratio: 2.21 88626-89685 orient(-) score(3100.00) noncoding_equivalent(1403.16) raw_noncoding(2113.00) offset(709.84) 
89034	88626	terminal-	6	6	{GlimmerHMM_glimmerT_5345-T1;GlimmerHMM}
89106	89035	INTRON			{GeneMark_model.5724_t;GeneMark},{GlimmerHMM_glimmerT_5345-T1;GlimmerHMM},{Augustus_model.g4425.t1;Augustus}
89201	89107	internal-	4	5	{GeneMark_model.5724_t;GeneMark},{GlimmerHMM_glimmerT_5345-T1;GlimmerHMM},{Augustus_model.g4425.t1;Augustus}
89272	89202	INTRON			{GeneMark_model.5724_t;GeneMark},{Augustus_model.g4425.t1;Augustus}
89286	89273	internal-	5	6	{GeneMark_model.5724_t;GeneMark},{Augustus_model.g4425.t1;Augustus}
89366	89287	INTRON			{GeneMark_model.5724_t;GeneMark},{Augustus_model.g4425.t1;Augustus}
89421	89367	internal-	4	4	{GeneMark_model.5724_t;GeneMark},{Augustus_model.g4425.t1;Augustus}
89551	89422	INTRON			{GeneMark_model.5724_t;GeneMark},{Augustus_model.g4425.t1;Augustus}
89614	89552	internal-	4	6	{GeneMark_model.5724_t;GeneMark},{GlimmerHMM_glimmerT_5345-T1;GlimmerHMM},{Augustus_model.g4425.t1;Augustus}
89679	89615	INTRON			{GeneMark_model.5724_t;GeneMark},{GlimmerHMM_glimmerT_5345-T1;GlimmerHMM},{Augustus_model.g4425.t1;Augustus}
89685	89680	initial-	4	6	{GeneMark_model.5724_t;GeneMark},{snap_scaffold_14-snap.99-T1;snap},{GlimmerHMM_glimmerT_5345-T1;GlimmerHMM},{Augustus_model.g4425.t1;Augustus}

# EVM prediction: Mode:STANDARD S-ratio: 4.85 90188-96164 orient(-) score(19979.00) noncoding_equivalent(4118.14) raw_noncoding(5269.00) offset(1150.86) 
90364	90188	terminal-	4	6	{GeneMark_model.5725_t;GeneMark},{GlimmerHMM_glimmerT_5346-T1;GlimmerHMM},{Augustus_model.g4426.t1;Augustus}
90438	90365	INTRON			{GeneMark_model.5725_t;GeneMark},{GlimmerHMM_glimmerT_5346-T1;GlimmerHMM},{Augustus_model.g4426.t1;Augustus}
90617	90439	internal-	5	6	{GeneMark_model.5725_t;GeneMark},{GlimmerHMM_glimmerT_5346-T1;GlimmerHMM},{Augustus_model.g4426.t1;Augustus}
90687	90618	INTRON			{GeneMark_model.5725_t;GeneMark},{GlimmerHMM_glimmerT_5346-T1;GlimmerHMM},{Augustus_model.g4426.t1;Augustus}
90895	90688	internal-	4	4	{GeneMark_model.5725_t;GeneMark},{GlimmerHMM_glimmerT_5346-T1;GlimmerHMM},{Augustus_model.g4426.t1;Augustus}
90956	90896	INTRON			{GeneMark_model.5725_t;GeneMark},{GlimmerHMM_glimmerT_5346-T1;GlimmerHMM},{Augustus_model.g4426.t1;Augustus}
91082	90957	internal-	4	6	{GeneMark_model.5725_t;GeneMark},{GlimmerHMM_glimmerT_5346-T1;GlimmerHMM},{Augustus_model.g4426.t1;Augustus}
91140	91083	INTRON			{GeneMark_model.5725_t;GeneMark},{GlimmerHMM_glimmerT_5346-T1;GlimmerHMM},{Augustus_model.g4426.t1;Augustus}
91305	91141	internal-	4	6	{GeneMark_model.5725_t;GeneMark},{GlimmerHMM_glimmerT_5346-T1;GlimmerHMM},{Augustus_model.g4426.t1;Augustus}
91372	91306	INTRON			{GeneMark_model.5725_t;GeneMark},{GlimmerHMM_glimmerT_5346-T1;GlimmerHMM},{Augustus_model.g4426.t1;Augustus}
91653	91373	internal-	5	6	{GeneMark_model.5725_t;GeneMark},{Augustus_model.g4426.t1;Augustus}
91714	91654	INTRON			{GeneMark_model.5725_t;GeneMark},{Augustus_model.g4426.t1;Augustus}
94602	91715	internal-	6	4	{GlimmerHMM_glimmerT_5346-T1;GlimmerHMM},{Augustus_model.g4426.t1;Augustus}
94652	94603	INTRON			{Augustus_model.g4426.t1;Augustus}
94710	94653	internal-	5	5	{Augustus_model.g4426.t1;Augustus}
94948	94711	INTRON			{Augustus_model.g4426.t1;Augustus}
94969	94949	internal-	5	4	{Augustus_model.g4426.t1;Augustus}
95033	94970	INTRON			{GeneMark_model.5725_t;GeneMark},{Augustus_model.g4426.t1;Augustus}
95883	95034	internal-	4	4	{GeneMark_model.5725_t;GeneMark},{Augustus_model.g4426.t1;Augustus}
95948	95884	INTRON			{GeneMark_model.5725_t;GeneMark},{GlimmerHMM_glimmerT_5346-T1;GlimmerHMM},{Augustus_model.g4426.t1;Augustus}
96164	95949	initial-	4	6	{GeneMark_model.5725_t;GeneMark},{Augustus_model.g4426.t1;Augustus}

# EVM prediction: Mode:STANDARD S-ratio: 2.46 96693-98061 orient(-) score(5004.00) noncoding_equivalent(2034.37) raw_noncoding(2598.45) offset(564.08) 
96775	96693	terminal-	5	6	{Augustus_model.g4427.t1;Augustus},{GeneMark_model.5726_t;GeneMark}
96840	96776	INTRON			{Augustus_model.g4427.t1;Augustus},{GeneMark_model.5726_t;GeneMark}
97092	96841	internal-	5	4	{Augustus_model.g4427.t1;Augustus},{GeneMark_model.5726_t;GeneMark},{GlimmerHMM_glimmerT_5346-T1;GlimmerHMM}
97170	97093	INTRON			{Augustus_model.g4427.t1;Augustus},{GeneMark_model.5726_t;GeneMark},{GlimmerHMM_glimmerT_5346-T1;GlimmerHMM},{ev_type:exonerate/ID=match.2566964.4285/Target=lcl|KQ954499_1_prot_KWU42887_1_4799;exonerate}
97273	97171	internal-	4	4	{Augustus_model.g4427.t1;Augustus},{GeneMark_model.5726_t;GeneMark},{GlimmerHMM_glimmerT_5346-T1;GlimmerHMM},{ev_type:exonerate/ID=match.2566964.4285/Target=lcl|KQ954499_1_prot_KWU42887_1_4799;exonerate}
97351	97274	INTRON			{Augustus_model.g4427.t1;Augustus},{GeneMark_model.5726_t;GeneMark},{GlimmerHMM_glimmerT_5346-T1;GlimmerHMM},{ev_type:exonerate/ID=match.2566964.4285/Target=lcl|KQ954499_1_prot_KWU42887_1_4799;exonerate}
97550	97352	internal-	6	6	{Augustus_model.g4427.t1;Augustus},{GeneMark_model.5726_t;GeneMark},{GlimmerHMM_glimmerT_5346-T1;GlimmerHMM},{ev_type:exonerate/ID=match.2566964.4285/Target=lcl|KQ954499_1_prot_KWU42887_1_4799;exonerate}
97623	97551	INTRON			{Augustus_model.g4427.t1;Augustus},{GeneMark_model.5726_t;GeneMark},{GlimmerHMM_glimmerT_5346-T1;GlimmerHMM},{ev_type:exonerate/ID=match.2566964.4285/Target=lcl|KQ954499_1_prot_KWU42887_1_4799;exonerate}
97727	97624	internal-	4	5	{Augustus_model.g4427.t1;Augustus},{GeneMark_model.5726_t;GeneMark},{ev_type:exonerate/ID=match.2566964.4285/Target=lcl|KQ954499_1_prot_KWU42887_1_4799;exonerate}
97861	97728	INTRON			{Augustus_model.g4427.t1;Augustus},{GeneMark_model.5726_t;GeneMark},{ev_type:exonerate/ID=match.2566964.4285/Target=lcl|KQ954499_1_prot_KWU42887_1_4799;exonerate}
97956	97862	internal-	5	6	{Augustus_model.g4427.t1;Augustus},{GeneMark_model.5726_t;GeneMark},{GlimmerHMM_glimmerT_5346-T1;GlimmerHMM}
98030	97957	INTRON			{Augustus_model.g4427.t1;Augustus},{GeneMark_model.5726_t;GeneMark},{GlimmerHMM_glimmerT_5346-T1;GlimmerHMM}
98061	98031	initial-	4	4	{Augustus_model.g4427.t1;Augustus},{GeneMark_model.5726_t;GeneMark},{GlimmerHMM_glimmerT_5346-T1;GlimmerHMM}

# EVM prediction: Mode:STANDARD S-ratio: 3.26 98950-103875 orient(+) score(19083.00) noncoding_equivalent(5849.03) raw_noncoding(7167.00) offset(1317.97) 
98950	99525	initial+	1	3	{GlimmerHMM_glimmerT_5347-T1;GlimmerHMM},{Augustus_model.g4428.t1;Augustus}
99526	99592	INTRON			{GeneMark_model.5728_t;GeneMark},{Augustus_model.g4428.t1;Augustus},{ev_type:exonerate/ID=match.2566964.4229/Target=lcl|KQ954485_1_prot_KWU43818_1_3805;exonerate}
99593	99687	internal+	1	2	{GeneMark_model.5728_t;GeneMark},{Augustus_model.g4428.t1;Augustus},{ev_type:exonerate/ID=match.2566964.4229/Target=lcl|KQ954485_1_prot_KWU43818_1_3805;exonerate}
99688	99745	INTRON			{GeneMark_model.5728_t;GeneMark},{Augustus_model.g4428.t1;Augustus},{ev_type:exonerate/ID=match.2566964.4229/Target=lcl|KQ954485_1_prot_KWU43818_1_3805;exonerate}
99746	100054	internal+	3	2	{GeneMark_model.5728_t;GeneMark},{Augustus_model.g4428.t1;Augustus}
100055	100114	INTRON			{GlimmerHMM_glimmerT_5347-T1;GlimmerHMM},{GeneMark_model.5728_t;GeneMark},{Augustus_model.g4428.t1;Augustus}
100115	100542	internal+	3	1	{GlimmerHMM_glimmerT_5347-T1;GlimmerHMM},{GeneMark_model.5728_t;GeneMark},{Augustus_model.g4428.t1;Augustus}
100543	100632	INTRON			{GlimmerHMM_glimmerT_5347-T1;GlimmerHMM},{GeneMark_model.5728_t;GeneMark},{Augustus_model.g4428.t1;Augustus},{ev_type:exonerate/ID=match.2566964.4229/Target=lcl|KQ954485_1_prot_KWU43818_1_3805;exonerate}
100633	101027	internal+	2	3	{GlimmerHMM_glimmerT_5347-T1;GlimmerHMM},{GeneMark_model.5728_t;GeneMark},{Augustus_model.g4428.t1;Augustus},{ev_type:exonerate/ID=match.2566964.4229/Target=lcl|KQ954485_1_prot_KWU43818_1_3805;exonerate}
101028	101093	INTRON			{GlimmerHMM_glimmerT_5347-T1;GlimmerHMM},{GeneMark_model.5728_t;GeneMark},{Augustus_model.g4428.t1;Augustus},{ev_type:exonerate/ID=match.2566964.4229/Target=lcl|KQ954485_1_prot_KWU43818_1_3805;exonerate}
101094	101245	internal+	1	2	{GlimmerHMM_glimmerT_5347-T1;GlimmerHMM},{GeneMark_model.5728_t;GeneMark},{Augustus_model.g4428.t1;Augustus},{ev_type:exonerate/ID=match.2566964.4229/Target=lcl|KQ954485_1_prot_KWU43818_1_3805;exonerate}
101246	101308	INTRON			{GlimmerHMM_glimmerT_5347-T1;GlimmerHMM},{GeneMark_model.5728_t;GeneMark},{Augustus_model.g4428.t1;Augustus},{ev_type:exonerate/ID=match.2566964.4229/Target=lcl|KQ954485_1_prot_KWU43818_1_3805;exonerate}
101309	101462	internal+	3	3	{GlimmerHMM_glimmerT_5347-T1;GlimmerHMM},{GeneMark_model.5728_t;GeneMark},{Augustus_model.g4428.t1;Augustus},{ev_type:exonerate/ID=match.2566964.4229/Target=lcl|KQ954485_1_prot_KWU43818_1_3805;exonerate}
101463	101515	INTRON			{GeneMark_model.5728_t;GeneMark},{Augustus_model.g4428.t1;Augustus},{ev_type:exonerate/ID=match.2566964.4229/Target=lcl|KQ954485_1_prot_KWU43818_1_3805;exonerate}
101516	101650	internal+	1	3	{GeneMark_model.5728_t;GeneMark},{Augustus_model.g4428.t1;Augustus},{ev_type:exonerate/ID=match.2566964.4229/Target=lcl|KQ954485_1_prot_KWU43818_1_3805;exonerate}
101651	101709	INTRON			{GeneMark_model.5728_t;GeneMark},{Augustus_model.g4428.t1;Augustus},{ev_type:exonerate/ID=match.2566964.4229/Target=lcl|KQ954485_1_prot_KWU43818_1_3805;exonerate}
101710	101823	internal+	1	3	{GeneMark_model.5728_t;GeneMark},{Augustus_model.g4428.t1;Augustus},{ev_type:exonerate/ID=match.2566964.4229/Target=lcl|KQ954485_1_prot_KWU43818_1_3805;exonerate}
101824	101884	INTRON			{GeneMark_model.5728_t;GeneMark},{Augustus_model.g4428.t1;Augustus},{ev_type:exonerate/ID=match.2566964.4229/Target=lcl|KQ954485_1_prot_KWU43818_1_3805;exonerate}
101885	102597	internal+	1	2	{GeneMark_model.5728_t;GeneMark},{Augustus_model.g4428.t1;Augustus},{ev_type:exonerate/ID=match.2566964.4229/Target=lcl|KQ954485_1_prot_KWU43818_1_3805;exonerate}
102598	102653	INTRON			{GeneMark_model.5728_t;GeneMark},{Augustus_model.g4428.t1;Augustus},{ev_type:exonerate/ID=match.2566964.4229/Target=lcl|KQ954485_1_prot_KWU43818_1_3805;exonerate}
102654	102733	internal+	3	1	{GeneMark_model.5728_t;GeneMark},{Augustus_model.g4428.t1;Augustus},{ev_type:exonerate/ID=match.2566964.4229/Target=lcl|KQ954485_1_prot_KWU43818_1_3805;exonerate}
102734	102794	INTRON			{GeneMark_model.5728_t;GeneMark},{Augustus_model.g4428.t1;Augustus},{ev_type:exonerate/ID=match.2566964.4229/Target=lcl|KQ954485_1_prot_KWU43818_1_3805;exonerate}
102795	102835	internal+	2	3	{GlimmerHMM_glimmerT_5347-T1;GlimmerHMM},{GeneMark_model.5728_t;GeneMark},{Augustus_model.g4428.t1;Augustus},{ev_type:exonerate/ID=match.2566964.4229/Target=lcl|KQ954485_1_prot_KWU43818_1_3805;exonerate}
102836	102893	INTRON			{GlimmerHMM_glimmerT_5347-T1;GlimmerHMM},{GeneMark_model.5728_t;GeneMark},{Augustus_model.g4428.t1;Augustus},{ev_type:exonerate/ID=match.2566964.4229/Target=lcl|KQ954485_1_prot_KWU43818_1_3805;exonerate}
102894	103159	internal+	1	2	{GlimmerHMM_glimmerT_5347-T1;GlimmerHMM},{GeneMark_model.5728_t;GeneMark},{Augustus_model.g4428.t1;Augustus},{ev_type:exonerate/ID=match.2566964.4229/Target=lcl|KQ954485_1_prot_KWU43818_1_3805;exonerate}
103160	103215	INTRON			{GlimmerHMM_glimmerT_5347-T1;GlimmerHMM},{GeneMark_model.5728_t;GeneMark},{Augustus_model.g4428.t1;Augustus},{ev_type:exonerate/ID=match.2566964.4229/Target=lcl|KQ954485_1_prot_KWU43818_1_3805;exonerate}
103216	103346	internal+	3	1	{GeneMark_model.5728_t;GeneMark},{Augustus_model.g4428.t1;Augustus},{ev_type:exonerate/ID=match.2566964.4229/Target=lcl|KQ954485_1_prot_KWU43818_1_3805;exonerate}
103347	103414	INTRON			{GeneMark_model.5728_t;GeneMark},{Augustus_model.g4428.t1;Augustus},{ev_type:exonerate/ID=match.2566964.4229/Target=lcl|KQ954485_1_prot_KWU43818_1_3805;exonerate}
103415	103875	terminal+	2	3	{GlimmerHMM_glimmerT_5347-T1;GlimmerHMM},{GeneMark_model.5728_t;GeneMark},{Augustus_model.g4428.t1;Augustus}

# EVM prediction: Mode:STANDARD S-ratio: 532.32 104178-107264 orient(+) score(12325.00) noncoding_equivalent(23.15) raw_noncoding(23.15) offset(0.00) 
104178	107264	single+	1	3	{GeneMark_model.5729_t;GeneMark},{Augustus_model.g4429.t1;Augustus}

# EVM prediction: Mode:STANDARD S-ratio: 1.65 107465-108090 orient(+) score(1554.00) noncoding_equivalent(944.51) raw_noncoding(1216.51) offset(272.00) 
107465	107618	initial+	1	1	{GeneMark_model.5730_t;GeneMark},{Augustus_model.g4430.t1;Augustus}
107619	107681	INTRON			{GeneMark_model.5730_t;GeneMark},{Augustus_model.g4430.t1;Augustus}
107682	107856	internal+	2	2	{GeneMark_model.5730_t;GeneMark},{Augustus_model.g4430.t1;Augustus}
107857	107929	INTRON			{GeneMark_model.5730_t;GeneMark},{Augustus_model.g4430.t1;Augustus}
107930	107981	internal+	3	3	{GeneMark_model.5730_t;GeneMark},{Augustus_model.g4430.t1;Augustus}
107982	108042	INTRON			{GeneMark_model.5730_t;GeneMark},{Augustus_model.g4430.t1;Augustus}
108043	108090	terminal+	1	3	{GeneMark_model.5730_t;GeneMark},{Augustus_model.g4430.t1;Augustus}

# EVM prediction: Mode:STANDARD S-ratio: 2.64 108245-112622 orient(-) score(13520.00) noncoding_equivalent(5117.37) raw_noncoding(6223.00) offset(1105.63) 
108427	108245	terminal-	4	6	{GeneMark_model.5731_t;GeneMark},{GlimmerHMM_glimmerT_5349-T1;GlimmerHMM},{Augustus_model.g4431.t1;Augustus}
108487	108428	INTRON			{GeneMark_model.5731_t;GeneMark},{GlimmerHMM_glimmerT_5349-T1;GlimmerHMM},{Augustus_model.g4431.t1;Augustus}
108608	108488	internal-	6	6	{GeneMark_model.5731_t;GeneMark},{GlimmerHMM_glimmerT_5349-T1;GlimmerHMM},{Augustus_model.g4431.t1;Augustus}
108674	108609	INTRON			{GeneMark_model.5731_t;GeneMark},{GlimmerHMM_glimmerT_5349-T1;GlimmerHMM},{Augustus_model.g4431.t1;Augustus}
108807	108675	internal-	5	5	{GeneMark_model.5731_t;GeneMark},{GlimmerHMM_glimmerT_5349-T1;GlimmerHMM},{Augustus_model.g4431.t1;Augustus}
108868	108808	INTRON			{GeneMark_model.5731_t;GeneMark},{Augustus_model.g4431.t1;Augustus}
108985	108869	internal-	5	4	{GeneMark_model.5731_t;GeneMark},{Augustus_model.g4431.t1;Augustus}
109045	108986	INTRON			{GeneMark_model.5731_t;GeneMark},{Augustus_model.g4431.t1;Augustus}
109853	109046	internal-	4	4	{GeneMark_model.5731_t;GeneMark},{Augustus_model.g4431.t1;Augustus}
109914	109854	INTRON			{GeneMark_model.5731_t;GeneMark},{Augustus_model.g4431.t1;Augustus}
110237	109915	internal-	5	6	{GeneMark_model.5731_t;GeneMark},{Augustus_model.g4431.t1;Augustus}
110300	110238	INTRON			{GeneMark_model.5731_t;GeneMark},{GlimmerHMM_glimmerT_5349-T1;GlimmerHMM},{Augustus_model.g4431.t1;Augustus}
110856	110301	internal-	4	4	{GeneMark_model.5731_t;GeneMark},{GlimmerHMM_glimmerT_5349-T1;GlimmerHMM},{Augustus_model.g4431.t1;Augustus}
110923	110857	INTRON			{GeneMark_model.5731_t;GeneMark},{GlimmerHMM_glimmerT_5349-T1;GlimmerHMM},{Augustus_model.g4431.t1;Augustus}
111011	110924	internal-	6	6	{GeneMark_model.5731_t;GeneMark},{GlimmerHMM_glimmerT_5349-T1;GlimmerHMM},{Augustus_model.g4431.t1;Augustus}
111084	111012	INTRON			{GeneMark_model.5731_t;GeneMark},{GlimmerHMM_glimmerT_5349-T1;GlimmerHMM},{Augustus_model.g4431.t1;Augustus}
111202	111085	internal-	5	5	{GeneMark_model.5731_t;GeneMark},{GlimmerHMM_glimmerT_5349-T1;GlimmerHMM},{Augustus_model.g4431.t1;Augustus}
111261	111203	INTRON			{GeneMark_model.5731_t;GeneMark},{GlimmerHMM_glimmerT_5349-T1;GlimmerHMM},{Augustus_model.g4431.t1;Augustus}
111405	111262	internal-	5	4	{GeneMark_model.5731_t;GeneMark},{Augustus_model.g4431.t1;Augustus}
111484	111406	INTRON			{GeneMark_model.5731_t;GeneMark},{Augustus_model.g4431.t1;Augustus}
111711	111485	internal-	6	4	{GeneMark_model.5731_t;GeneMark},{GlimmerHMM_glimmerT_5349-T1;GlimmerHMM},{Augustus_model.g4431.t1;Augustus}
111777	111712	INTRON			{GeneMark_model.5731_t;GeneMark},{GlimmerHMM_glimmerT_5349-T1;GlimmerHMM},{Augustus_model.g4431.t1;Augustus}
112129	111778	internal-	5	5	{GeneMark_model.5731_t;GeneMark},{GlimmerHMM_glimmerT_5349-T1;GlimmerHMM},{Augustus_model.g4431.t1;Augustus}
112189	112130	INTRON			{GeneMark_model.5731_t;GeneMark},{GlimmerHMM_glimmerT_5349-T1;GlimmerHMM},{Augustus_model.g4431.t1;Augustus}
112463	112190	internal-	4	4	{GeneMark_model.5731_t;GeneMark},{GlimmerHMM_glimmerT_5349-T1;GlimmerHMM},{Augustus_model.g4431.t1;Augustus}
112532	112464	INTRON			{GeneMark_model.5731_t;GeneMark},{GlimmerHMM_glimmerT_5349-T1;GlimmerHMM},{Augustus_model.g4431.t1;Augustus}
112622	112533	initial-	4	6	{GeneMark_model.5731_t;GeneMark},{GlimmerHMM_glimmerT_5349-T1;GlimmerHMM},{Augustus_model.g4431.t1;Augustus}

# EVM prediction: Mode:STANDARD S-ratio: 18.20 112865-115497 orient(+) score(10101.00) noncoding_equivalent(555.11) raw_noncoding(591.11) offset(36.00) 
112865	113821	initial+	1	3	{GlimmerHMM_glimmerT_5350-T1;GlimmerHMM},{Augustus_model.g4432.t1;Augustus},{GeneMark_model.5732_t;GeneMark}
113822	113886	INTRON			{GlimmerHMM_glimmerT_5350-T1;GlimmerHMM},{Augustus_model.g4432.t1;Augustus},{GeneMark_model.5732_t;GeneMark}
113887	115497	terminal+	1	3	{GlimmerHMM_glimmerT_5350-T1;GlimmerHMM},{Augustus_model.g4432.t1;Augustus},{GeneMark_model.5732_t;GeneMark}

# EVM prediction: Mode:STANDARD S-ratio: 2.58 115769-117281 orient(-) score(5495.00) noncoding_equivalent(2127.00) raw_noncoding(2455.00) offset(328.00) 
115783	115769	terminal-	4	6	{GeneMark_model.5733_t;GeneMark},{GlimmerHMM_glimmerT_5351-T1;GlimmerHMM},{Augustus_model.g4433.t1;Augustus}
115850	115784	INTRON			{GeneMark_model.5733_t;GeneMark},{GlimmerHMM_glimmerT_5351-T1;GlimmerHMM},{Augustus_model.g4433.t1;Augustus}
115934	115851	internal-	4	6	{GeneMark_model.5733_t;GeneMark},{GlimmerHMM_glimmerT_5351-T1;GlimmerHMM},{Augustus_model.g4433.t1;Augustus}
116014	115935	INTRON			{GeneMark_model.5733_t;GeneMark},{GlimmerHMM_glimmerT_5351-T1;GlimmerHMM},{Augustus_model.g4433.t1;Augustus}
116293	116015	internal-	4	6	{GeneMark_model.5733_t;GeneMark},{GlimmerHMM_glimmerT_5351-T1;GlimmerHMM},{Augustus_model.g4433.t1;Augustus}
116369	116294	INTRON			{GeneMark_model.5733_t;GeneMark},{snap_scaffold_14-snap.108-T1;snap},{GlimmerHMM_glimmerT_5351-T1;GlimmerHMM},{Augustus_model.g4433.t1;Augustus}
116621	116370	internal-	4	6	{GeneMark_model.5733_t;GeneMark},{GlimmerHMM_glimmerT_5351-T1;GlimmerHMM},{Augustus_model.g4433.t1;Augustus}
116689	116622	INTRON			{GeneMark_model.5733_t;GeneMark},{GlimmerHMM_glimmerT_5351-T1;GlimmerHMM},{Augustus_model.g4433.t1;Augustus}
116944	116690	internal-	4	6	{GeneMark_model.5733_t;GeneMark},{GlimmerHMM_glimmerT_5351-T1;GlimmerHMM},{Augustus_model.g4433.t1;Augustus}
117004	116945	INTRON			{GeneMark_model.5733_t;GeneMark},{GlimmerHMM_glimmerT_5351-T1;GlimmerHMM},{Augustus_model.g4433.t1;Augustus},{ev_type:exonerate/ID=match.2566964.2729/Target=lcl|KQ954485_1_prot_KWU43812_1_3799;exonerate}
117168	117005	internal-	5	6	{GeneMark_model.5733_t;GeneMark},{GlimmerHMM_glimmerT_5351-T1;GlimmerHMM},{Augustus_model.g4433.t1;Augustus},{ev_type:exonerate/ID=match.2566964.2729/Target=lcl|KQ954485_1_prot_KWU43812_1_3799;exonerate}
117244	117169	INTRON			{GeneMark_model.5733_t;GeneMark},{GlimmerHMM_glimmerT_5351-T1;GlimmerHMM},{Augustus_model.g4433.t1;Augustus},{ev_type:exonerate/ID=match.2566964.2729/Target=lcl|KQ954485_1_prot_KWU43812_1_3799;exonerate}
117281	117245	initial-	4	4	{GeneMark_model.5733_t;GeneMark},{GlimmerHMM_glimmerT_5351-T1;GlimmerHMM}

# EVM prediction: Mode:STANDARD S-ratio: 2.00 117759-118194 orient(-) score(1162.00) noncoding_equivalent(582.02) raw_noncoding(746.02) offset(164.00) 
118107	117759	terminal-	6	6	{GeneMark_model.5734_t;GeneMark},{snap_scaffold_14-snap.109-T1;snap}
118189	118108	INTRON			{GeneMark_model.5734_t;GeneMark},{snap_scaffold_14-snap.109-T1;snap}
118194	118190	initial-	4	5	{GeneMark_model.5734_t;GeneMark},{snap_scaffold_14-snap.109-T1;snap}

# EVM prediction: Mode:STANDARD S-ratio: 3.47 118608-121687 orient(+) score(10201.00) noncoding_equivalent(2942.47) raw_noncoding(3332.00) offset(389.53) 
118608	118832	initial+	1	3	{Augustus_model.g4434.t1;Augustus}
118833	118914	INTRON			{GeneMark_model.5735_t;GeneMark},{GlimmerHMM_glimmerT_5352-T1;GlimmerHMM},{Augustus_model.g4434.t1;Augustus}
118915	119266	internal+	1	1	{GeneMark_model.5735_t;GeneMark},{GlimmerHMM_glimmerT_5352-T1;GlimmerHMM},{Augustus_model.g4434.t1;Augustus}
119267	119331	INTRON			{GeneMark_model.5735_t;GeneMark},{GlimmerHMM_glimmerT_5352-T1;GlimmerHMM},{Augustus_model.g4434.t1;Augustus}
119332	119720	internal+	2	3	{GeneMark_model.5735_t;GeneMark},{GlimmerHMM_glimmerT_5352-T1;GlimmerHMM},{Augustus_model.g4434.t1;Augustus}
119721	119787	INTRON			{GeneMark_model.5735_t;GeneMark},{GlimmerHMM_glimmerT_5352-T1;GlimmerHMM},{Augustus_model.g4434.t1;Augustus}
119788	120169	internal+	1	1	{GeneMark_model.5735_t;GeneMark},{GlimmerHMM_glimmerT_5352-T1;GlimmerHMM},{Augustus_model.g4434.t1;Augustus}
120170	120235	INTRON			{GeneMark_model.5735_t;GeneMark},{GlimmerHMM_glimmerT_5352-T1;GlimmerHMM},{Augustus_model.g4434.t1;Augustus}
120236	120836	internal+	2	2	{GeneMark_model.5735_t;GeneMark},{GlimmerHMM_glimmerT_5352-T1;GlimmerHMM},{Augustus_model.g4434.t1;Augustus}
120837	120908	INTRON			{GeneMark_model.5735_t;GeneMark},{GlimmerHMM_glimmerT_5352-T1;GlimmerHMM},{Augustus_model.g4434.t1;Augustus}
120909	121163	internal+	3	2	{GeneMark_model.5735_t;GeneMark},{GlimmerHMM_glimmerT_5352-T1;GlimmerHMM},{Augustus_model.g4434.t1;Augustus}
121164	121236	INTRON			{GeneMark_model.5735_t;GeneMark},{GlimmerHMM_glimmerT_5352-T1;GlimmerHMM},{Augustus_model.g4434.t1;Augustus}
121237	121687	terminal+	3	3	{GeneMark_model.5735_t;GeneMark},{GlimmerHMM_glimmerT_5352-T1;GlimmerHMM},{Augustus_model.g4434.t1;Augustus}

