!! Predictions spanning range 1612 - 129695 [R1]
# EVM prediction: Mode:STANDARD S-ratio: 2.30 1612-3524 orient(+) score(6156.00) noncoding_equivalent(2679.00) raw_noncoding(3272.00) offset(593.00) 
1612	1682	initial+	1	2	{Augustus_model.g4831.t1;Augustus},{GlimmerHMM_glimmerT_5802-T1;GlimmerHMM},{GeneMark_model.6223_t;GeneMark}
1683	1751	INTRON			{Augustus_model.g4831.t1;Augustus},{GlimmerHMM_glimmerT_5802-T1;GlimmerHMM},{GeneMark_model.6223_t;GeneMark}
1752	1798	internal+	3	1	{Augustus_model.g4831.t1;Augustus},{GlimmerHMM_glimmerT_5802-T1;GlimmerHMM},{GeneMark_model.6223_t;GeneMark}
1799	1870	INTRON			{Augustus_model.g4831.t1;Augustus},{GlimmerHMM_glimmerT_5802-T1;GlimmerHMM},{GeneMark_model.6223_t;GeneMark}
1871	2030	internal+	2	2	{Augustus_model.g4831.t1;Augustus},{GlimmerHMM_glimmerT_5802-T1;GlimmerHMM},{GeneMark_model.6223_t;GeneMark}
2031	2103	INTRON			{Augustus_model.g4831.t1;Augustus},{GlimmerHMM_glimmerT_5802-T1;GlimmerHMM},{GeneMark_model.6223_t;GeneMark}
2104	2164	internal+	3	3	{Augustus_model.g4831.t1;Augustus},{GlimmerHMM_glimmerT_5802-T1;GlimmerHMM},{GeneMark_model.6223_t;GeneMark}
2165	2227	INTRON			{Augustus_model.g4831.t1;Augustus},{GlimmerHMM_glimmerT_5802-T1;GlimmerHMM},{GeneMark_model.6223_t;GeneMark}
2228	2255	internal+	1	1	{Augustus_model.g4831.t1;Augustus},{GlimmerHMM_glimmerT_5802-T1;GlimmerHMM},{GeneMark_model.6223_t;GeneMark}
2256	2317	INTRON			{Augustus_model.g4831.t1;Augustus},{GlimmerHMM_glimmerT_5802-T1;GlimmerHMM},{GeneMark_model.6223_t;GeneMark}
2318	2420	internal+	2	2	{Augustus_model.g4831.t1;Augustus},{GlimmerHMM_glimmerT_5802-T1;GlimmerHMM},{GeneMark_model.6223_t;GeneMark}
2421	2486	INTRON			{Augustus_model.g4831.t1;Augustus},{GlimmerHMM_glimmerT_5802-T1;GlimmerHMM},{GeneMark_model.6223_t;GeneMark}
2487	2895	internal+	3	3	{Augustus_model.g4831.t1;Augustus},{GlimmerHMM_glimmerT_5802-T1;GlimmerHMM},{GeneMark_model.6223_t;GeneMark}
2896	2967	INTRON			{Augustus_model.g4831.t1;Augustus},{GlimmerHMM_glimmerT_5802-T1;GlimmerHMM},{GeneMark_model.6223_t;GeneMark}
2968	3086	internal+	1	2	{Augustus_model.g4831.t1;Augustus},{GlimmerHMM_glimmerT_5802-T1;GlimmerHMM},{GeneMark_model.6223_t;GeneMark}
3087	3147	INTRON			{Augustus_model.g4831.t1;Augustus},{GlimmerHMM_glimmerT_5802-T1;GlimmerHMM},{GeneMark_model.6223_t;GeneMark}
3148	3335	internal+	3	1	{Augustus_model.g4831.t1;Augustus},{GlimmerHMM_glimmerT_5802-T1;GlimmerHMM},{GeneMark_model.6223_t;GeneMark}
3336	3408	INTRON			{Augustus_model.g4831.t1;Augustus},{GlimmerHMM_glimmerT_5802-T1;GlimmerHMM},{GeneMark_model.6223_t;GeneMark}
3409	3524	terminal+	2	3	{Augustus_model.g4831.t1;Augustus},{GlimmerHMM_glimmerT_5802-T1;GlimmerHMM},{GeneMark_model.6223_t;GeneMark}

# EVM prediction: Mode:STANDARD S-ratio: 2.78 3802-9753 orient(+) score(18509.00) noncoding_equivalent(6646.84) raw_noncoding(8271.00) offset(1624.16) 
3802	4239	initial+	1	3	{GlimmerHMM_glimmerT_5803-T1;GlimmerHMM},{GeneMark_model.6224_t;GeneMark},{Augustus_model.g4832.t1;Augustus}
4240	4300	INTRON			{GlimmerHMM_glimmerT_5803-T1;GlimmerHMM},{GeneMark_model.6224_t;GeneMark},{Augustus_model.g4832.t1;Augustus}
4301	4417	internal+	1	3	{GlimmerHMM_glimmerT_5803-T1;GlimmerHMM},{GeneMark_model.6224_t;GeneMark},{Augustus_model.g4832.t1;Augustus}
4418	4478	INTRON			{GlimmerHMM_glimmerT_5803-T1;GlimmerHMM},{GeneMark_model.6224_t;GeneMark},{Augustus_model.g4832.t1;Augustus}
4479	4994	internal+	1	3	{GlimmerHMM_glimmerT_5803-T1;GlimmerHMM},{GeneMark_model.6224_t;GeneMark},{Augustus_model.g4832.t1;Augustus}
4995	5056	INTRON			{GlimmerHMM_glimmerT_5803-T1;GlimmerHMM},{GeneMark_model.6224_t;GeneMark},{Augustus_model.g4832.t1;Augustus}
5057	5348	internal+	1	1	{GlimmerHMM_glimmerT_5803-T1;GlimmerHMM},{GeneMark_model.6224_t;GeneMark},{Augustus_model.g4832.t1;Augustus}
5349	5413	INTRON			{GlimmerHMM_glimmerT_5803-T1;GlimmerHMM},{GeneMark_model.6224_t;GeneMark},{Augustus_model.g4832.t1;Augustus}
5414	5780	internal+	2	2	{GlimmerHMM_glimmerT_5803-T1;GlimmerHMM},{GeneMark_model.6224_t;GeneMark},{Augustus_model.g4832.t1;Augustus}
5781	5842	INTRON			{GlimmerHMM_glimmerT_5803-T1;GlimmerHMM},{GeneMark_model.6224_t;GeneMark},{Augustus_model.g4832.t1;Augustus}
5843	6414	internal+	3	1	{GlimmerHMM_glimmerT_5803-T1;GlimmerHMM},{GeneMark_model.6224_t;GeneMark},{Augustus_model.g4832.t1;Augustus}
6415	6473	INTRON			{GlimmerHMM_glimmerT_5803-T1;GlimmerHMM},{GeneMark_model.6224_t;GeneMark},{Augustus_model.g4832.t1;Augustus}
6474	6627	internal+	2	2	{GlimmerHMM_glimmerT_5803-T1;GlimmerHMM},{GeneMark_model.6224_t;GeneMark},{Augustus_model.g4832.t1;Augustus}
6628	6697	INTRON			{GeneMark_model.6224_t;GeneMark},{Augustus_model.g4832.t1;Augustus}
6698	6787	internal+	3	2	{GeneMark_model.6224_t;GeneMark},{Augustus_model.g4832.t1;Augustus}
6788	6854	INTRON			{GeneMark_model.6224_t;GeneMark},{Augustus_model.g4832.t1;Augustus}
6855	7293	internal+	3	3	{GlimmerHMM_glimmerT_5803-T1;GlimmerHMM},{GeneMark_model.6224_t;GeneMark},{Augustus_model.g4832.t1;Augustus}
7294	7352	INTRON			{GlimmerHMM_glimmerT_5803-T1;GlimmerHMM},{GeneMark_model.6224_t;GeneMark},{Augustus_model.g4832.t1;Augustus}
7353	7566	internal+	1	1	{GlimmerHMM_glimmerT_5803-T1;GlimmerHMM},{GeneMark_model.6224_t;GeneMark},{Augustus_model.g4832.t1;Augustus}
7567	7636	INTRON			{GlimmerHMM_glimmerT_5803-T1;GlimmerHMM},{GeneMark_model.6224_t;GeneMark},{Augustus_model.g4832.t1;Augustus}
7637	7753	internal+	2	1	{GlimmerHMM_glimmerT_5803-T1;GlimmerHMM},{GeneMark_model.6224_t;GeneMark},{Augustus_model.g4832.t1;Augustus}
7754	7815	INTRON			{GeneMark_model.6224_t;GeneMark},{Augustus_model.g4832.t1;Augustus}
7816	8060	internal+	2	3	{GeneMark_model.6224_t;GeneMark},{Augustus_model.g4832.t1;Augustus}
8061	8115	INTRON			{GeneMark_model.6224_t;GeneMark},{Augustus_model.g4832.t1;Augustus}
8116	8257	internal+	1	1	{GeneMark_model.6224_t;GeneMark},{Augustus_model.g4832.t1;Augustus}
8258	8322	INTRON			{GeneMark_model.6224_t;GeneMark},{Augustus_model.g4832.t1;Augustus}
8323	8495	internal+	2	3	{GeneMark_model.6224_t;GeneMark},{Augustus_model.g4832.t1;Augustus}
8496	8559	INTRON			{GlimmerHMM_glimmerT_5803-T1;GlimmerHMM},{GeneMark_model.6224_t;GeneMark},{Augustus_model.g4832.t1;Augustus}
8560	8646	internal+	1	3	{GlimmerHMM_glimmerT_5803-T1;GlimmerHMM},{GeneMark_model.6224_t;GeneMark},{Augustus_model.g4832.t1;Augustus}
8647	8698	INTRON			{GeneMark_model.6224_t;GeneMark},{Augustus_model.g4832.t1;Augustus}
8699	8741	internal+	1	1	{GeneMark_model.6224_t;GeneMark},{Augustus_model.g4832.t1;Augustus}
8742	8801	INTRON			{GeneMark_model.6224_t;GeneMark},{Augustus_model.g4832.t1;Augustus}
8802	8917	internal+	2	3	{GeneMark_model.6224_t;GeneMark},{Augustus_model.g4832.t1;Augustus}
8918	8976	INTRON			{GeneMark_model.6224_t;GeneMark},{Augustus_model.g4832.t1;Augustus}
8977	9214	internal+	1	1	{GlimmerHMM_glimmerT_5803-T1;GlimmerHMM},{GeneMark_model.6224_t;GeneMark},{Augustus_model.g4832.t1;Augustus}
9215	9279	INTRON			{GlimmerHMM_glimmerT_5803-T1;GlimmerHMM},{GeneMark_model.6224_t;GeneMark},{Augustus_model.g4832.t1;Augustus}
9280	9375	internal+	2	1	{GlimmerHMM_glimmerT_5803-T1;GlimmerHMM},{GeneMark_model.6224_t;GeneMark},{Augustus_model.g4832.t1;Augustus}
9376	9448	INTRON			{GlimmerHMM_glimmerT_5803-T1;GlimmerHMM},{GeneMark_model.6224_t;GeneMark},{Augustus_model.g4832.t1;Augustus}
9449	9753	terminal+	2	3	{snap_scaffold_16-snap.170-T1;snap},{GlimmerHMM_glimmerT_5803-T1;GlimmerHMM},{GeneMark_model.6224_t;GeneMark},{Augustus_model.g4832.t1;Augustus}

# EVM prediction: Mode:STANDARD S-ratio: 4.30 9880-13160 orient(-) score(12565.00) noncoding_equivalent(2919.85) raw_noncoding(3563.52) offset(643.67) 
11722	9880	terminal-	6	6	{GeneMark_model.6225_t;GeneMark},{Augustus_model.g4833.t1;Augustus}
11792	11723	INTRON			{GeneMark_model.6225_t;GeneMark},{GlimmerHMM_glimmerT_5804-T1;GlimmerHMM},{Augustus_model.g4833.t1;Augustus}
11947	11793	internal-	4	5	{GeneMark_model.6225_t;GeneMark},{GlimmerHMM_glimmerT_5804-T1;GlimmerHMM},{Augustus_model.g4833.t1;Augustus}
12014	11948	INTRON			{GeneMark_model.6225_t;GeneMark},{GlimmerHMM_glimmerT_5804-T1;GlimmerHMM},{Augustus_model.g4833.t1;Augustus},{ev_type:exonerate/ID=match.2566964.4407/Target=lcl|KQ954507_1_prot_KWU42467_1_5164;exonerate}
12215	12015	internal-	4	6	{GeneMark_model.6225_t;GeneMark},{GlimmerHMM_glimmerT_5804-T1;GlimmerHMM},{Augustus_model.g4833.t1;Augustus},{ev_type:exonerate/ID=match.2566964.4407/Target=lcl|KQ954507_1_prot_KWU42467_1_5164;exonerate}
12321	12216	INTRON			{GeneMark_model.6225_t;GeneMark},{GlimmerHMM_glimmerT_5804-T1;GlimmerHMM},{Augustus_model.g4833.t1;Augustus}
12420	12322	internal-	4	6	{GeneMark_model.6225_t;GeneMark},{GlimmerHMM_glimmerT_5804-T1;GlimmerHMM},{Augustus_model.g4833.t1;Augustus}
12486	12421	INTRON			{GeneMark_model.6225_t;GeneMark},{GlimmerHMM_glimmerT_5804-T1;GlimmerHMM},{Augustus_model.g4833.t1;Augustus},{ev_type:exonerate/ID=match.2566964.4407/Target=lcl|KQ954507_1_prot_KWU42467_1_5164;exonerate}
12703	12487	internal-	6	6	{GeneMark_model.6225_t;GeneMark},{GlimmerHMM_glimmerT_5804-T1;GlimmerHMM},{Augustus_model.g4833.t1;Augustus},{ev_type:exonerate/ID=match.2566964.4407/Target=lcl|KQ954507_1_prot_KWU42467_1_5164;exonerate}
13017	12704	INTRON			{GeneMark_model.6225_t;GeneMark},{GlimmerHMM_glimmerT_5804-T1;GlimmerHMM},{Augustus_model.g4833.t1;Augustus},{ev_type:exonerate/ID=match.2566964.4407/Target=lcl|KQ954507_1_prot_KWU42467_1_5164;exonerate}
13160	13018	initial-	4	5	{GeneMark_model.6225_t;GeneMark},{GlimmerHMM_glimmerT_5804-T1;GlimmerHMM},{Augustus_model.g4833.t1;Augustus}

# EVM prediction: Mode:STANDARD S-ratio: 2.05 13702-14922 orient(-) score(3917.00) noncoding_equivalent(1911.51) raw_noncoding(2329.52) offset(418.01) 
13820	13702	terminal-	5	6	{Augustus_model.g4834.t1;Augustus},{GeneMark_model.6226_t;GeneMark},{GlimmerHMM_glimmerT_5805-T1;GlimmerHMM}
13896	13821	INTRON			{Augustus_model.g4834.t1;Augustus},{GeneMark_model.6226_t;GeneMark},{GlimmerHMM_glimmerT_5805-T1;GlimmerHMM}
14115	13897	internal-	5	4	{Augustus_model.g4834.t1;Augustus},{GeneMark_model.6226_t;GeneMark},{GlimmerHMM_glimmerT_5805-T1;GlimmerHMM}
14217	14116	INTRON			{Augustus_model.g4834.t1;Augustus},{GeneMark_model.6226_t;GeneMark},{GlimmerHMM_glimmerT_5805-T1;GlimmerHMM}
14471	14218	internal-	6	4	{Augustus_model.g4834.t1;Augustus},{GeneMark_model.6226_t;GeneMark},{GlimmerHMM_glimmerT_5805-T1;GlimmerHMM}
14553	14472	INTRON			{Augustus_model.g4834.t1;Augustus},{GeneMark_model.6226_t;GeneMark},{GlimmerHMM_glimmerT_5805-T1;GlimmerHMM}
14611	14554	internal-	5	5	{Augustus_model.g4834.t1;Augustus},{GeneMark_model.6226_t;GeneMark},{GlimmerHMM_glimmerT_5805-T1;GlimmerHMM}
14706	14612	INTRON			{Augustus_model.g4834.t1;Augustus},{GeneMark_model.6226_t;GeneMark},{GlimmerHMM_glimmerT_5805-T1;GlimmerHMM}
14758	14707	internal-	4	4	{Augustus_model.g4834.t1;Augustus},{GeneMark_model.6226_t;GeneMark},{GlimmerHMM_glimmerT_5805-T1;GlimmerHMM}
14886	14759	INTRON			{Augustus_model.g4834.t1;Augustus},{GeneMark_model.6226_t;GeneMark},{GlimmerHMM_glimmerT_5805-T1;GlimmerHMM}
14922	14887	initial-	4	6	{Augustus_model.g4834.t1;Augustus},{GeneMark_model.6226_t;GeneMark},{GlimmerHMM_glimmerT_5805-T1;GlimmerHMM}

# EVM prediction: Mode:STANDARD S-ratio: 2.68 15418-18080 orient(-) score(8325.00) noncoding_equivalent(3106.70) raw_noncoding(4145.03) offset(1038.32) 
16023	15418	terminal-	4	6	{GlimmerHMM_glimmerT_5806-T1;GlimmerHMM},{GeneMark_model.6227_t;GeneMark},{Augustus_model.g4835.t1;Augustus}
16094	16024	INTRON			{GlimmerHMM_glimmerT_5806-T1;GlimmerHMM},{GeneMark_model.6227_t;GeneMark},{Augustus_model.g4835.t1;Augustus}
16160	16095	internal-	4	6	{GeneMark_model.6227_t;GeneMark},{Augustus_model.g4835.t1;Augustus}
16226	16161	INTRON			{GeneMark_model.6227_t;GeneMark},{Augustus_model.g4835.t1;Augustus}
16312	16227	internal-	5	6	{GeneMark_model.6227_t;GeneMark},{Augustus_model.g4835.t1;Augustus}
16384	16313	INTRON			{GlimmerHMM_glimmerT_5806-T1;GlimmerHMM},{GeneMark_model.6227_t;GeneMark},{Augustus_model.g4835.t1;Augustus}
16828	16385	internal-	5	4	{GlimmerHMM_glimmerT_5806-T1;GlimmerHMM},{GeneMark_model.6227_t;GeneMark},{Augustus_model.g4835.t1;Augustus}
16893	16829	INTRON			{GlimmerHMM_glimmerT_5806-T1;GlimmerHMM},{GeneMark_model.6227_t;GeneMark},{Augustus_model.g4835.t1;Augustus}
16957	16894	internal-	4	4	{GlimmerHMM_glimmerT_5806-T1;GlimmerHMM},{GeneMark_model.6227_t;GeneMark},{Augustus_model.g4835.t1;Augustus}
17024	16958	INTRON			{GlimmerHMM_glimmerT_5806-T1;GlimmerHMM},{GeneMark_model.6227_t;GeneMark},{Augustus_model.g4835.t1;Augustus}
17037	17025	internal-	6	6	{GlimmerHMM_glimmerT_5806-T1;GlimmerHMM},{GeneMark_model.6227_t;GeneMark},{Augustus_model.g4835.t1;Augustus}
17097	17038	INTRON			{GlimmerHMM_glimmerT_5806-T1;GlimmerHMM},{GeneMark_model.6227_t;GeneMark},{Augustus_model.g4835.t1;Augustus}
17211	17098	internal-	6	5	{GlimmerHMM_glimmerT_5806-T1;GlimmerHMM},{GeneMark_model.6227_t;GeneMark},{Augustus_model.g4835.t1;Augustus}
17282	17212	INTRON			{GlimmerHMM_glimmerT_5806-T1;GlimmerHMM},{GeneMark_model.6227_t;GeneMark},{Augustus_model.g4835.t1;Augustus}
17524	17283	internal-	4	5	{GlimmerHMM_glimmerT_5806-T1;GlimmerHMM},{GeneMark_model.6227_t;GeneMark},{Augustus_model.g4835.t1;Augustus}
17595	17525	INTRON			{GeneMark_model.6227_t;GeneMark},{Augustus_model.g4835.t1;Augustus}
17653	17596	internal-	6	6	{GeneMark_model.6227_t;GeneMark},{Augustus_model.g4835.t1;Augustus}
17719	17654	INTRON			{GeneMark_model.6227_t;GeneMark},{Augustus_model.g4835.t1;Augustus}
17802	17720	internal-	4	5	{GeneMark_model.6227_t;GeneMark},{Augustus_model.g4835.t1;Augustus}
17963	17803	INTRON			{GeneMark_model.6227_t;GeneMark},{Augustus_model.g4835.t1;Augustus}
18080	17964	initial-	4	6	{GeneMark_model.6227_t;GeneMark},{Augustus_model.g4835.t1;Augustus}

# EVM prediction: Mode:STANDARD S-ratio: 5.10 18864-21135 orient(-) score(7939.00) noncoding_equivalent(1555.48) raw_noncoding(1853.29) offset(297.81) 
18927	18864	terminal-	6	6	{GeneMark_model.6228_t;GeneMark},{Augustus_model.g4836.t1;Augustus}
18996	18928	INTRON			{GeneMark_model.6228_t;GeneMark},{Augustus_model.g4836.t1;Augustus}
19742	18997	internal-	4	5	{GeneMark_model.6228_t;GeneMark},{GlimmerHMM_glimmerT_5806-T1;GlimmerHMM},{Augustus_model.g4836.t1;Augustus}
19814	19743	INTRON			{GeneMark_model.6228_t;GeneMark},{GlimmerHMM_glimmerT_5806-T1;GlimmerHMM},{Augustus_model.g4836.t1;Augustus}
20601	19815	internal-	6	6	{GeneMark_model.6228_t;GeneMark},{GlimmerHMM_glimmerT_5806-T1;GlimmerHMM},{Augustus_model.g4836.t1;Augustus}
20737	20602	INTRON			{GeneMark_model.6228_t;GeneMark},{GlimmerHMM_glimmerT_5806-T1;GlimmerHMM},{Augustus_model.g4836.t1;Augustus}
21135	20738	initial-	4	5	{GeneMark_model.6228_t;GeneMark},{GlimmerHMM_glimmerT_5806-T1;GlimmerHMM},{Augustus_model.g4836.t1;Augustus}

# EVM prediction: Mode:STANDARD S-ratio: 1.47 23150-23643 orient(-) score(1352.00) noncoding_equivalent(920.00) raw_noncoding(1250.00) offset(330.00) 
23192	23150	terminal-	6	6	{Augustus_model.g4837.t1;Augustus},{GeneMark_model.6229_t;GeneMark}
23279	23193	INTRON			{Augustus_model.g4837.t1;Augustus},{GeneMark_model.6229_t;GeneMark}
23370	23280	internal-	5	5	{Augustus_model.g4837.t1;Augustus},{GeneMark_model.6229_t;GeneMark}
23442	23371	INTRON			{Augustus_model.g4837.t1;Augustus},{GlimmerHMM_glimmerT_5807-T1;GlimmerHMM},{GeneMark_model.6229_t;GeneMark}
23496	23443	internal-	5	4	{Augustus_model.g4837.t1;Augustus},{GlimmerHMM_glimmerT_5807-T1;GlimmerHMM},{GeneMark_model.6229_t;GeneMark}
23576	23497	INTRON			{Augustus_model.g4837.t1;Augustus},{GlimmerHMM_glimmerT_5807-T1;GlimmerHMM},{GeneMark_model.6229_t;GeneMark}
23643	23577	initial-	4	4	{Augustus_model.g4837.t1;Augustus},{GlimmerHMM_glimmerT_5807-T1;GlimmerHMM},{GeneMark_model.6229_t;GeneMark}

# EVM prediction: Mode:STANDARD S-ratio: 1.47 24842-25390 orient(+) score(1647.00) noncoding_equivalent(1119.00) raw_noncoding(1422.00) offset(303.00) 
24842	24908	initial+	1	1	{Augustus_model.g4838.t1;Augustus},{GlimmerHMM_glimmerT_5808-T1;GlimmerHMM},{GeneMark_model.6230_t;GeneMark}
24909	25059	INTRON			{Augustus_model.g4838.t1;Augustus},{GlimmerHMM_glimmerT_5808-T1;GlimmerHMM},{GeneMark_model.6230_t;GeneMark}
25060	25113	internal+	2	1	{Augustus_model.g4838.t1;Augustus},{GlimmerHMM_glimmerT_5808-T1;GlimmerHMM},{GeneMark_model.6230_t;GeneMark}
25114	25185	INTRON			{Augustus_model.g4838.t1;Augustus},{GlimmerHMM_glimmerT_5808-T1;GlimmerHMM},{GeneMark_model.6230_t;GeneMark}
25186	25279	internal+	2	2	{Augustus_model.g4838.t1;Augustus},{GlimmerHMM_glimmerT_5808-T1;GlimmerHMM},{GeneMark_model.6230_t;GeneMark}
25280	25347	INTRON			{Augustus_model.g4838.t1;Augustus},{GlimmerHMM_glimmerT_5808-T1;GlimmerHMM},{GeneMark_model.6230_t;GeneMark}
25348	25390	terminal+	3	3	{Augustus_model.g4838.t1;Augustus},{GlimmerHMM_glimmerT_5808-T1;GlimmerHMM},{GeneMark_model.6230_t;GeneMark}

# EVM prediction: Mode:STANDARD S-ratio: 1.81 25668-27359 orient(-) score(4570.00) noncoding_equivalent(2529.08) raw_noncoding(3240.00) offset(710.92) 
25677	25668	terminal-	6	6	{GeneMark_model.6231_t;GeneMark},{Augustus_model.g4839.t1;Augustus}
25741	25678	INTRON			{GeneMark_model.6231_t;GeneMark},{Augustus_model.g4839.t1;Augustus}
26007	25742	internal-	4	5	{GeneMark_model.6231_t;GeneMark},{Augustus_model.g4839.t1;Augustus}
26104	26008	INTRON			{GeneMark_model.6231_t;GeneMark},{GlimmerHMM_glimmerT_5809-T1;GlimmerHMM},{Augustus_model.g4839.t1;Augustus}
26359	26105	internal-	4	6	{GeneMark_model.6231_t;GeneMark},{Augustus_model.g4839.t1;Augustus}
26432	26360	INTRON			{GeneMark_model.6231_t;GeneMark},{Augustus_model.g4839.t1;Augustus}
26450	26433	internal-	4	6	{GeneMark_model.6231_t;GeneMark},{Augustus_model.g4839.t1;Augustus}
26517	26451	INTRON			{GeneMark_model.6231_t;GeneMark},{Augustus_model.g4839.t1;Augustus}
26603	26518	internal-	5	6	{GeneMark_model.6231_t;GeneMark},{Augustus_model.g4839.t1;Augustus}
26667	26604	INTRON			{GeneMark_model.6231_t;GeneMark},{Augustus_model.g4839.t1;Augustus}
26836	26668	internal-	4	4	{GeneMark_model.6231_t;GeneMark},{GlimmerHMM_glimmerT_5809-T1;GlimmerHMM},{Augustus_model.g4839.t1;Augustus}
26909	26837	INTRON			{GeneMark_model.6231_t;GeneMark},{GlimmerHMM_glimmerT_5809-T1;GlimmerHMM},{Augustus_model.g4839.t1;Augustus}
27359	26910	initial-	4	6	{GeneMark_model.6231_t;GeneMark},{GlimmerHMM_glimmerT_5809-T1;GlimmerHMM}

# EVM prediction: Mode:STANDARD S-ratio: 3.55 27871-31878 orient(+) score(13112.00) noncoding_equivalent(3697.61) raw_noncoding(4554.00) offset(856.39) 
27871	28091	initial+	1	2	{Augustus_model.g4840.t1;Augustus},{GlimmerHMM_glimmerT_5810-T1;GlimmerHMM}
28092	28174	INTRON			{GeneMark_model.6232_t;GeneMark},{Augustus_model.g4840.t1;Augustus},{GlimmerHMM_glimmerT_5810-T1;GlimmerHMM}
28175	28319	internal+	3	3	{Augustus_model.g4840.t1;Augustus}
28320	28382	INTRON			{Augustus_model.g4840.t1;Augustus}
28383	29646	internal+	1	1	{GeneMark_model.6232_t;GeneMark},{Augustus_model.g4840.t1;Augustus}
29647	29722	INTRON			{GeneMark_model.6232_t;GeneMark},{Augustus_model.g4840.t1;Augustus},{GlimmerHMM_glimmerT_5810-T1;GlimmerHMM}
29723	29911	internal+	2	1	{GeneMark_model.6232_t;GeneMark},{Augustus_model.g4840.t1;Augustus},{GlimmerHMM_glimmerT_5810-T1;GlimmerHMM}
29912	29970	INTRON			{GeneMark_model.6232_t;GeneMark},{Augustus_model.g4840.t1;Augustus},{GlimmerHMM_glimmerT_5810-T1;GlimmerHMM}
29971	30128	internal+	2	3	{GeneMark_model.6232_t;GeneMark},{Augustus_model.g4840.t1;Augustus}
30129	30194	INTRON			{GeneMark_model.6232_t;GeneMark},{Augustus_model.g4840.t1;Augustus}
30195	30286	internal+	1	2	{GeneMark_model.6232_t;GeneMark},{Augustus_model.g4840.t1;Augustus}
30287	30346	INTRON			{GeneMark_model.6232_t;GeneMark},{Augustus_model.g4840.t1;Augustus},{GlimmerHMM_glimmerT_5810-T1;GlimmerHMM}
30347	30662	internal+	3	3	{GeneMark_model.6232_t;GeneMark},{Augustus_model.g4840.t1;Augustus},{GlimmerHMM_glimmerT_5810-T1;GlimmerHMM}
30663	30725	INTRON			{GeneMark_model.6232_t;GeneMark},{Augustus_model.g4840.t1;Augustus},{GlimmerHMM_glimmerT_5810-T1;GlimmerHMM}
30726	30807	internal+	1	1	{GeneMark_model.6232_t;GeneMark},{Augustus_model.g4840.t1;Augustus},{GlimmerHMM_glimmerT_5810-T1;GlimmerHMM}
30808	30873	INTRON			{GeneMark_model.6232_t;GeneMark},{Augustus_model.g4840.t1;Augustus},{GlimmerHMM_glimmerT_5810-T1;GlimmerHMM}
30874	30929	internal+	2	3	{GeneMark_model.6232_t;GeneMark},{Augustus_model.g4840.t1;Augustus},{GlimmerHMM_glimmerT_5810-T1;GlimmerHMM}
30930	30990	INTRON			{GeneMark_model.6232_t;GeneMark},{Augustus_model.g4840.t1;Augustus}
30991	31077	internal+	1	3	{GeneMark_model.6232_t;GeneMark},{Augustus_model.g4840.t1;Augustus}
31078	31144	INTRON			{GeneMark_model.6232_t;GeneMark},{Augustus_model.g4840.t1;Augustus}
31145	31309	internal+	1	3	{GeneMark_model.6232_t;GeneMark},{Augustus_model.g4840.t1;Augustus},{GlimmerHMM_glimmerT_5810-T1;GlimmerHMM}
31310	31371	INTRON			{GeneMark_model.6232_t;GeneMark},{Augustus_model.g4840.t1;Augustus},{GlimmerHMM_glimmerT_5810-T1;GlimmerHMM}
31372	31878	terminal+	1	3	{GeneMark_model.6232_t;GeneMark},{Augustus_model.g4840.t1;Augustus},{GlimmerHMM_glimmerT_5810-T1;GlimmerHMM}

# EVM prediction: Mode:STANDARD S-ratio: 2.99 32095-33818 orient(+) score(5711.00) noncoding_equivalent(1909.97) raw_noncoding(2426.00) offset(516.03) 
32095	32151	initial+	1	3	{Augustus_model.g4841.t1;Augustus},{GlimmerHMM_glimmerT_5811-T1;GlimmerHMM},{GeneMark_model.6233_t;GeneMark}
32152	32221	INTRON			{Augustus_model.g4841.t1;Augustus},{GlimmerHMM_glimmerT_5811-T1;GlimmerHMM},{GeneMark_model.6233_t;GeneMark}
32222	32388	internal+	1	2	{Augustus_model.g4841.t1;Augustus},{GlimmerHMM_glimmerT_5811-T1;GlimmerHMM},{GeneMark_model.6233_t;GeneMark}
32389	32464	INTRON			{Augustus_model.g4841.t1;Augustus},{GlimmerHMM_glimmerT_5811-T1;GlimmerHMM},{GeneMark_model.6233_t;GeneMark}
32465	32568	internal+	3	1	{Augustus_model.g4841.t1;Augustus},{GlimmerHMM_glimmerT_5811-T1;GlimmerHMM},{GeneMark_model.6233_t;GeneMark}
32569	32656	INTRON			{Augustus_model.g4841.t1;Augustus},{GlimmerHMM_glimmerT_5811-T1;GlimmerHMM},{GeneMark_model.6233_t;GeneMark}
32657	32759	internal+	2	2	{Augustus_model.g4841.t1;Augustus},{GlimmerHMM_glimmerT_5811-T1;GlimmerHMM},{GeneMark_model.6233_t;GeneMark}
32760	32838	INTRON			{Augustus_model.g4841.t1;Augustus},{GlimmerHMM_glimmerT_5811-T1;GlimmerHMM},{GeneMark_model.6233_t;GeneMark}
32839	32936	internal+	3	1	{Augustus_model.g4841.t1;Augustus},{GlimmerHMM_glimmerT_5811-T1;GlimmerHMM},{GeneMark_model.6233_t;GeneMark}
32937	32997	INTRON			{Augustus_model.g4841.t1;Augustus},{GeneMark_model.6233_t;GeneMark}
32998	33056	internal+	2	3	{Augustus_model.g4841.t1;Augustus},{GeneMark_model.6233_t;GeneMark}
33057	33116	INTRON			{Augustus_model.g4841.t1;Augustus},{snap_scaffold_16-snap.179-T1;snap},{GeneMark_model.6233_t;GeneMark}
33117	33818	terminal+	1	3	{Augustus_model.g4841.t1;Augustus},{snap_scaffold_16-snap.179-T1;snap},{GeneMark_model.6233_t;GeneMark}

# EVM prediction: Mode:STANDARD S-ratio: 2.02 34071-35208 orient(-) score(2935.00) noncoding_equivalent(1454.57) raw_noncoding(1699.00) offset(244.43) 
34819	34071	terminal-	5	6	{GeneMark_model.6234_t;GeneMark},{GlimmerHMM_glimmerT_5812-T1;GlimmerHMM}
34901	34820	INTRON			{GeneMark_model.6234_t;GeneMark}
35208	34902	initial-	4	4	{GeneMark_model.6234_t;GeneMark}

# EVM prediction: Mode:STANDARD S-ratio: 3.56 35476-37058 orient(+) score(7030.00) noncoding_equivalent(1974.02) raw_noncoding(2471.00) offset(496.98) 
35476	35593	initial+	1	1	{Augustus_model.g4843.t1;Augustus}
35594	35701	INTRON			{Augustus_model.g4843.t1;Augustus},{ev_type:exonerate/ID=match.2566964.4387/Target=lcl|PJQD01000020_1_prot_POY74939_1_1959;exonerate}
35702	35983	internal+	2	1	{Augustus_model.g4843.t1;Augustus},{GeneMark_model.6235_t;GeneMark},{ev_type:exonerate/ID=match.2566964.4387/Target=lcl|PJQD01000020_1_prot_POY74939_1_1959;exonerate}
35984	36056	INTRON			{Augustus_model.g4843.t1;Augustus},{GeneMark_model.6235_t;GeneMark},{GlimmerHMM_glimmerT_5813-T1;GlimmerHMM},{ev_type:exonerate/ID=match.2566964.4387/Target=lcl|PJQD01000020_1_prot_POY74939_1_1959;exonerate}
36057	36544	internal+	2	3	{Augustus_model.g4843.t1;Augustus},{GeneMark_model.6235_t;GeneMark},{GlimmerHMM_glimmerT_5813-T1;GlimmerHMM},{ev_type:exonerate/ID=match.2566964.4387/Target=lcl|PJQD01000020_1_prot_POY74939_1_1959;exonerate}
36545	36608	INTRON			{Augustus_model.g4843.t1;Augustus},{GeneMark_model.6235_t;GeneMark},{GlimmerHMM_glimmerT_5813-T1;GlimmerHMM},{ev_type:exonerate/ID=match.2566964.4408/Target=lcl|KQ954507_1_prot_KWU42453_1_5150;exonerate},{ev_type:exonerate/ID=match.2566964.4387/Target=lcl|PJQD01000020_1_prot_POY74939_1_1959;exonerate}
36609	36663	internal+	1	1	{Augustus_model.g4843.t1;Augustus},{GeneMark_model.6235_t;GeneMark},{GlimmerHMM_glimmerT_5813-T1;GlimmerHMM},{ev_type:exonerate/ID=match.2566964.4408/Target=lcl|KQ954507_1_prot_KWU42453_1_5150;exonerate},{ev_type:exonerate/ID=match.2566964.4387/Target=lcl|PJQD01000020_1_prot_POY74939_1_1959;exonerate}
36664	36731	INTRON			{Augustus_model.g4843.t1;Augustus},{GeneMark_model.6235_t;GeneMark},{GlimmerHMM_glimmerT_5813-T1;GlimmerHMM},{ev_type:exonerate/ID=match.2566964.4408/Target=lcl|KQ954507_1_prot_KWU42453_1_5150;exonerate},{ev_type:exonerate/ID=match.2566964.4387/Target=lcl|PJQD01000020_1_prot_POY74939_1_1959;exonerate}
36732	36883	internal+	2	3	{Augustus_model.g4843.t1;Augustus},{GeneMark_model.6235_t;GeneMark},{GlimmerHMM_glimmerT_5813-T1;GlimmerHMM},{ev_type:exonerate/ID=match.2566964.4408/Target=lcl|KQ954507_1_prot_KWU42453_1_5150;exonerate},{ev_type:exonerate/ID=match.2566964.4387/Target=lcl|PJQD01000020_1_prot_POY74939_1_1959;exonerate}
36884	36947	INTRON			{Augustus_model.g4843.t1;Augustus},{GeneMark_model.6235_t;GeneMark},{GlimmerHMM_glimmerT_5813-T1;GlimmerHMM},{ev_type:exonerate/ID=match.2566964.4408/Target=lcl|KQ954507_1_prot_KWU42453_1_5150;exonerate},{ev_type:exonerate/ID=match.2566964.4387/Target=lcl|PJQD01000020_1_prot_POY74939_1_1959;exonerate}
36948	37058	terminal+	1	3	{Augustus_model.g4843.t1;Augustus},{GeneMark_model.6235_t;GeneMark},{GlimmerHMM_glimmerT_5813-T1;GlimmerHMM}

# EVM prediction: Mode:STANDARD S-ratio: 3.47 40184-44455 orient(-) score(13375.00) noncoding_equivalent(3854.04) raw_noncoding(4959.00) offset(1104.96) 
40410	40184	terminal-	5	6	{Augustus_model.g4844.t1;Augustus},{GeneMark_model.6236_t;GeneMark},{GlimmerHMM_glimmerT_5814-T1;GlimmerHMM}
40703	40411	INTRON			{Augustus_model.g4844.t1;Augustus},{GlimmerHMM_glimmerT_5814-T1;GlimmerHMM}
41225	40704	internal-	5	4	{GlimmerHMM_glimmerT_5814-T1;GlimmerHMM}
41293	41226	INTRON			{GeneMark_model.6236_t;GeneMark},{GlimmerHMM_glimmerT_5814-T1;GlimmerHMM}
41893	41294	internal-	5	4	{GeneMark_model.6236_t;GeneMark}
42290	41894	INTRON			{Augustus_model.g4844.t1;Augustus},{GeneMark_model.6236_t;GeneMark}
43435	42291	internal-	6	4	{Augustus_model.g4844.t1;Augustus},{GeneMark_model.6236_t;GeneMark}
43499	43436	INTRON			{Augustus_model.g4844.t1;Augustus},{GeneMark_model.6236_t;GeneMark}
43790	43500	internal-	6	5	{Augustus_model.g4844.t1;Augustus},{GeneMark_model.6236_t;GeneMark}
43868	43791	INTRON			{Augustus_model.g4844.t1;Augustus},{GeneMark_model.6236_t;GeneMark},{GlimmerHMM_glimmerT_5814-T1;GlimmerHMM}
44455	43869	initial-	4	5	{Augustus_model.g4844.t1;Augustus},{GeneMark_model.6236_t;GeneMark},{GlimmerHMM_glimmerT_5814-T1;GlimmerHMM}

# EVM prediction: Mode:STANDARD S-ratio: 8.29 50590-51770 orient(+) score(4337.00) noncoding_equivalent(523.12) raw_noncoding(598.86) offset(75.75) 
50590	50912	initial+	1	2	{GlimmerHMM_glimmerT_5815-T1;GlimmerHMM},{Augustus_model.g4845.t1;Augustus},{GeneMark_model.6237_t;GeneMark}
50913	50983	INTRON			{GlimmerHMM_glimmerT_5815-T1;GlimmerHMM},{Augustus_model.g4845.t1;Augustus},{GeneMark_model.6237_t;GeneMark}
50984	51770	terminal+	3	3	{snap_scaffold_16-snap.183-T1;snap},{GlimmerHMM_glimmerT_5815-T1;GlimmerHMM},{Augustus_model.g4845.t1;Augustus},{GeneMark_model.6237_t;GeneMark}

# EVM prediction: Mode:STANDARD S-ratio: 4.89 51872-53287 orient(-) score(12352.00) noncoding_equivalent(2526.99) raw_noncoding(3417.00) offset(890.01) 
52063	51872	terminal-	4	6	{GeneMark_model.6238_t;GeneMark},{HiQ_model.g4846.t1;HiQ},{snap_scaffold_16-snap.184-T1;snap},{GlimmerHMM_glimmerT_5816-T1;GlimmerHMM}
52153	52064	INTRON			{GeneMark_model.6238_t;GeneMark},{HiQ_model.g4846.t1;HiQ},{snap_scaffold_16-snap.184-T1;snap},{GlimmerHMM_glimmerT_5816-T1;GlimmerHMM},{ev_type:exonerate/ID=match.2566964.4224/Target=lcl|KQ954473_1_prot_KWU45163_1_2325;exonerate},{ev_type:exonerate/ID=match.2566964.4225/Target=lcl|NW_017264939_1_prot_XP_018269062_1_5586;exonerate},{ev_type:exonerate/ID=match.2566964.4406/Target=lcl|BJWK01000014_1_prot_GEM11210_1_5227;exonerate},{ev_type:exonerate/ID=match.2566964.4223/Target=lcl|LCTV02000015_1_prot_PRQ70544_1_2925;exonerate},{ev_type:exonerate/ID=match.2566964.4226/Target=lcl|PJQD01000020_1_prot_POY74942_1_1962;exonerate}
52321	52154	internal-	4	6	{GeneMark_model.6238_t;GeneMark},{HiQ_model.g4846.t1;HiQ},{GlimmerHMM_glimmerT_5816-T1;GlimmerHMM},{ev_type:exonerate/ID=match.2566964.4224/Target=lcl|KQ954473_1_prot_KWU45163_1_2325;exonerate},{ev_type:exonerate/ID=match.2566964.4225/Target=lcl|NW_017264939_1_prot_XP_018269062_1_5586;exonerate},{ev_type:exonerate/ID=match.2566964.4406/Target=lcl|BJWK01000014_1_prot_GEM11210_1_5227;exonerate},{ev_type:exonerate/ID=match.2566964.4223/Target=lcl|LCTV02000015_1_prot_PRQ70544_1_2925;exonerate}
52424	52322	INTRON			{GeneMark_model.6238_t;GeneMark},{HiQ_model.g4846.t1;HiQ},{GlimmerHMM_glimmerT_5816-T1;GlimmerHMM},{ev_type:exonerate/ID=match.2566964.4224/Target=lcl|KQ954473_1_prot_KWU45163_1_2325;exonerate},{ev_type:exonerate/ID=match.2566964.4225/Target=lcl|NW_017264939_1_prot_XP_018269062_1_5586;exonerate},{ev_type:exonerate/ID=match.2566964.4406/Target=lcl|BJWK01000014_1_prot_GEM11210_1_5227;exonerate},{ev_type:exonerate/ID=match.2566964.4223/Target=lcl|LCTV02000015_1_prot_PRQ70544_1_2925;exonerate}
52601	52425	internal-	4	6	{GeneMark_model.6238_t;GeneMark},{HiQ_model.g4846.t1;HiQ},{GlimmerHMM_glimmerT_5816-T1;GlimmerHMM},{ev_type:exonerate/ID=match.2566964.4224/Target=lcl|KQ954473_1_prot_KWU45163_1_2325;exonerate},{ev_type:exonerate/ID=match.2566964.4225/Target=lcl|NW_017264939_1_prot_XP_018269062_1_5586;exonerate},{ev_type:exonerate/ID=match.2566964.4406/Target=lcl|BJWK01000014_1_prot_GEM11210_1_5227;exonerate},{ev_type:exonerate/ID=match.2566964.4223/Target=lcl|LCTV02000015_1_prot_PRQ70544_1_2925;exonerate},{ev_type:exonerate/ID=match.2566964.4226/Target=lcl|PJQD01000020_1_prot_POY74942_1_1962;exonerate}
52673	52602	INTRON			{GeneMark_model.6238_t;GeneMark},{HiQ_model.g4846.t1;HiQ},{GlimmerHMM_glimmerT_5816-T1;GlimmerHMM},{ev_type:exonerate/ID=match.2566964.4224/Target=lcl|KQ954473_1_prot_KWU45163_1_2325;exonerate},{ev_type:exonerate/ID=match.2566964.4225/Target=lcl|NW_017264939_1_prot_XP_018269062_1_5586;exonerate},{ev_type:exonerate/ID=match.2566964.4406/Target=lcl|BJWK01000014_1_prot_GEM11210_1_5227;exonerate},{ev_type:exonerate/ID=match.2566964.4223/Target=lcl|LCTV02000015_1_prot_PRQ70544_1_2925;exonerate},{ev_type:exonerate/ID=match.2566964.4226/Target=lcl|PJQD01000020_1_prot_POY74942_1_1962;exonerate}
52755	52674	internal-	6	6	{GeneMark_model.6238_t;GeneMark},{HiQ_model.g4846.t1;HiQ},{GlimmerHMM_glimmerT_5816-T1;GlimmerHMM},{ev_type:exonerate/ID=match.2566964.4224/Target=lcl|KQ954473_1_prot_KWU45163_1_2325;exonerate},{ev_type:exonerate/ID=match.2566964.4225/Target=lcl|NW_017264939_1_prot_XP_018269062_1_5586;exonerate},{ev_type:exonerate/ID=match.2566964.4406/Target=lcl|BJWK01000014_1_prot_GEM11210_1_5227;exonerate},{ev_type:exonerate/ID=match.2566964.4223/Target=lcl|LCTV02000015_1_prot_PRQ70544_1_2925;exonerate},{ev_type:exonerate/ID=match.2566964.4226/Target=lcl|PJQD01000020_1_prot_POY74942_1_1962;exonerate}
52832	52756	INTRON			{GeneMark_model.6238_t;GeneMark},{HiQ_model.g4846.t1;HiQ},{GlimmerHMM_glimmerT_5816-T1;GlimmerHMM},{ev_type:exonerate/ID=match.2566964.4224/Target=lcl|KQ954473_1_prot_KWU45163_1_2325;exonerate},{ev_type:exonerate/ID=match.2566964.4225/Target=lcl|NW_017264939_1_prot_XP_018269062_1_5586;exonerate},{ev_type:exonerate/ID=match.2566964.4406/Target=lcl|BJWK01000014_1_prot_GEM11210_1_5227;exonerate},{ev_type:exonerate/ID=match.2566964.4223/Target=lcl|LCTV02000015_1_prot_PRQ70544_1_2925;exonerate},{ev_type:exonerate/ID=match.2566964.4226/Target=lcl|PJQD01000020_1_prot_POY74942_1_1962;exonerate}
52932	52833	internal-	5	5	{GeneMark_model.6238_t;GeneMark},{HiQ_model.g4846.t1;HiQ},{GlimmerHMM_glimmerT_5816-T1;GlimmerHMM},{ev_type:exonerate/ID=match.2566964.4224/Target=lcl|KQ954473_1_prot_KWU45163_1_2325;exonerate},{ev_type:exonerate/ID=match.2566964.4225/Target=lcl|NW_017264939_1_prot_XP_018269062_1_5586;exonerate},{ev_type:exonerate/ID=match.2566964.4223/Target=lcl|LCTV02000015_1_prot_PRQ70544_1_2925;exonerate},{ev_type:exonerate/ID=match.2566964.4226/Target=lcl|PJQD01000020_1_prot_POY74942_1_1962;exonerate}
53002	52933	INTRON			{GeneMark_model.6238_t;GeneMark},{HiQ_model.g4846.t1;HiQ},{GlimmerHMM_glimmerT_5816-T1;GlimmerHMM},{ev_type:exonerate/ID=match.2566964.4224/Target=lcl|KQ954473_1_prot_KWU45163_1_2325;exonerate},{ev_type:exonerate/ID=match.2566964.4225/Target=lcl|NW_017264939_1_prot_XP_018269062_1_5586;exonerate},{ev_type:exonerate/ID=match.2566964.4223/Target=lcl|LCTV02000015_1_prot_PRQ70544_1_2925;exonerate},{ev_type:exonerate/ID=match.2566964.4226/Target=lcl|PJQD01000020_1_prot_POY74942_1_1962;exonerate}
53093	53003	internal-	4	4	{GeneMark_model.6238_t;GeneMark},{HiQ_model.g4846.t1;HiQ},{GlimmerHMM_glimmerT_5816-T1;GlimmerHMM},{ev_type:exonerate/ID=match.2566964.4225/Target=lcl|NW_017264939_1_prot_XP_018269062_1_5586;exonerate},{ev_type:exonerate/ID=match.2566964.4226/Target=lcl|PJQD01000020_1_prot_POY74942_1_1962;exonerate}
53185	53094	INTRON			{GeneMark_model.6238_t;GeneMark},{HiQ_model.g4846.t1;HiQ},{GlimmerHMM_glimmerT_5816-T1;GlimmerHMM},{ev_type:exonerate/ID=match.2566964.4225/Target=lcl|NW_017264939_1_prot_XP_018269062_1_5586;exonerate},{ev_type:exonerate/ID=match.2566964.4226/Target=lcl|PJQD01000020_1_prot_POY74942_1_1962;exonerate}
53287	53186	initial-	4	6	{GeneMark_model.6238_t;GeneMark},{HiQ_model.g4846.t1;HiQ},{GlimmerHMM_glimmerT_5816-T1;GlimmerHMM}

# EVM prediction: Mode:STANDARD S-ratio: 3.25 53530-54254 orient(+) score(3083.00) noncoding_equivalent(949.93) raw_noncoding(1181.00) offset(231.07) 
53530	53569	initial+	1	1	{GlimmerHMM_glimmerT_5817-T1;GlimmerHMM},{GeneMark_model.6239_t;GeneMark},{Augustus_model.g4847.t1;Augustus}
53570	53658	INTRON			{GlimmerHMM_glimmerT_5817-T1;GlimmerHMM},{GeneMark_model.6239_t;GeneMark},{Augustus_model.g4847.t1;Augustus},{ev_type:exonerate/ID=match.2566964.4413/Target=lcl|PJQD01000020_1_prot_POY74941_1_1961;exonerate}
53659	53853	internal+	2	1	{GlimmerHMM_glimmerT_5817-T1;GlimmerHMM},{GeneMark_model.6239_t;GeneMark},{Augustus_model.g4847.t1;Augustus},{ev_type:exonerate/ID=match.2566964.4413/Target=lcl|PJQD01000020_1_prot_POY74941_1_1961;exonerate}
53854	53918	INTRON			{GlimmerHMM_glimmerT_5817-T1;GlimmerHMM},{GeneMark_model.6239_t;GeneMark},{Augustus_model.g4847.t1;Augustus},{ev_type:exonerate/ID=match.2566964.4413/Target=lcl|PJQD01000020_1_prot_POY74941_1_1961;exonerate}
53919	53998	internal+	2	3	{GlimmerHMM_glimmerT_5817-T1;GlimmerHMM},{GeneMark_model.6239_t;GeneMark},{Augustus_model.g4847.t1;Augustus},{ev_type:exonerate/ID=match.2566964.4413/Target=lcl|PJQD01000020_1_prot_POY74941_1_1961;exonerate}
53999	54062	INTRON			{GlimmerHMM_glimmerT_5817-T1;GlimmerHMM},{GeneMark_model.6239_t;GeneMark},{Augustus_model.g4847.t1;Augustus},{ev_type:exonerate/ID=match.2566964.4413/Target=lcl|PJQD01000020_1_prot_POY74941_1_1961;exonerate}
54063	54254	terminal+	1	3	{GlimmerHMM_glimmerT_5817-T1;GlimmerHMM},{GeneMark_model.6239_t;GeneMark},{Augustus_model.g4847.t1;Augustus},{snap_scaffold_16-snap.186-T1;snap}

# EVM prediction: Mode:STANDARD S-ratio: 2.07 54325-55196 orient(-) score(2616.00) noncoding_equivalent(1266.00) raw_noncoding(1481.00) offset(215.00) 
54546	54325	terminal-	4	6	{GlimmerHMM_glimmerT_5818-T1;GlimmerHMM},{GeneMark_model.6240_t;GeneMark},{Augustus_model.g4848.t1;Augustus}
54614	54547	INTRON			{GlimmerHMM_glimmerT_5818-T1;GlimmerHMM},{GeneMark_model.6240_t;GeneMark},{Augustus_model.g4848.t1;Augustus}
54696	54615	internal-	6	6	{GlimmerHMM_glimmerT_5818-T1;GlimmerHMM},{GeneMark_model.6240_t;GeneMark},{Augustus_model.g4848.t1;Augustus}
54766	54697	INTRON			{GlimmerHMM_glimmerT_5818-T1;GlimmerHMM},{GeneMark_model.6240_t;GeneMark},{Augustus_model.g4848.t1;Augustus}
54895	54767	internal-	6	5	{GlimmerHMM_glimmerT_5818-T1;GlimmerHMM},{GeneMark_model.6240_t;GeneMark},{Augustus_model.g4848.t1;Augustus}
54960	54896	INTRON			{GlimmerHMM_glimmerT_5818-T1;GlimmerHMM},{GeneMark_model.6240_t;GeneMark},{Augustus_model.g4848.t1;Augustus}
55196	54961	initial-	4	5	{GlimmerHMM_glimmerT_5818-T1;GlimmerHMM},{GeneMark_model.6240_t;GeneMark},{Augustus_model.g4848.t1;Augustus}

# EVM prediction: Mode:STANDARD S-ratio: 5.76 55522-59028 orient(-) score(20483.00) noncoding_equivalent(3557.97) raw_noncoding(4553.30) offset(995.32) 
55910	55522	terminal-	5	6	{GlimmerHMM_glimmerT_5819-T1;GlimmerHMM},{GeneMark_model.6241_t;GeneMark},{Augustus_model.g4849.t1;Augustus}
55976	55911	INTRON			{GlimmerHMM_glimmerT_5819-T1;GlimmerHMM},{GeneMark_model.6241_t;GeneMark},{ev_type:exonerate/ID=match.2566964.4370/Target=lcl|PJQD01000020_1_prot_POY74940_1_1960;exonerate}
56040	55977	internal-	4	4	{GlimmerHMM_glimmerT_5819-T1;GlimmerHMM},{GeneMark_model.6241_t;GeneMark},{ev_type:exonerate/ID=match.2566964.4370/Target=lcl|PJQD01000020_1_prot_POY74940_1_1960;exonerate}
56110	56041	INTRON			{GlimmerHMM_glimmerT_5819-T1;GlimmerHMM},{GeneMark_model.6241_t;GeneMark},{Augustus_model.g4849.t1;Augustus},{ev_type:exonerate/ID=match.2566964.4370/Target=lcl|PJQD01000020_1_prot_POY74940_1_1960;exonerate},{ev_type:exonerate/ID=match.2566964.4372/Target=lcl|NW_017264939_1_prot_XP_018269159_1_5683;exonerate},{ev_type:exonerate/ID=match.2566964.4371/Target=lcl|KQ954473_1_prot_KWU45165_1_2327;exonerate}
56453	56111	internal-	6	6	{GlimmerHMM_glimmerT_5819-T1;GlimmerHMM},{GeneMark_model.6241_t;GeneMark},{Augustus_model.g4849.t1;Augustus},{ev_type:exonerate/ID=match.2566964.4370/Target=lcl|PJQD01000020_1_prot_POY74940_1_1960;exonerate},{ev_type:exonerate/ID=match.2566964.4372/Target=lcl|NW_017264939_1_prot_XP_018269159_1_5683;exonerate},{ev_type:exonerate/ID=match.2566964.4371/Target=lcl|KQ954473_1_prot_KWU45165_1_2327;exonerate}
56515	56454	INTRON			{GlimmerHMM_glimmerT_5819-T1;GlimmerHMM},{GeneMark_model.6241_t;GeneMark},{Augustus_model.g4849.t1;Augustus},{ev_type:exonerate/ID=match.2566964.4370/Target=lcl|PJQD01000020_1_prot_POY74940_1_1960;exonerate},{ev_type:exonerate/ID=match.2566964.4372/Target=lcl|NW_017264939_1_prot_XP_018269159_1_5683;exonerate},{ev_type:exonerate/ID=match.2566964.4371/Target=lcl|KQ954473_1_prot_KWU45165_1_2327;exonerate}
57088	56516	internal-	6	5	{GlimmerHMM_glimmerT_5819-T1;GlimmerHMM},{GeneMark_model.6241_t;GeneMark},{Augustus_model.g4849.t1;Augustus},{ev_type:exonerate/ID=match.2566964.4370/Target=lcl|PJQD01000020_1_prot_POY74940_1_1960;exonerate},{ev_type:exonerate/ID=match.2566964.4372/Target=lcl|NW_017264939_1_prot_XP_018269159_1_5683;exonerate},{ev_type:exonerate/ID=match.2566964.4371/Target=lcl|KQ954473_1_prot_KWU45165_1_2327;exonerate}
57155	57089	INTRON			{GlimmerHMM_glimmerT_5819-T1;GlimmerHMM},{GeneMark_model.6241_t;GeneMark},{Augustus_model.g4849.t1;Augustus},{ev_type:exonerate/ID=match.2566964.4372/Target=lcl|NW_017264939_1_prot_XP_018269159_1_5683;exonerate},{ev_type:exonerate/ID=match.2566964.4371/Target=lcl|KQ954473_1_prot_KWU45165_1_2327;exonerate}
57240	57156	internal-	5	5	{GlimmerHMM_glimmerT_5819-T1;GlimmerHMM},{GeneMark_model.6241_t;GeneMark},{Augustus_model.g4849.t1;Augustus},{ev_type:exonerate/ID=match.2566964.4372/Target=lcl|NW_017264939_1_prot_XP_018269159_1_5683;exonerate},{ev_type:exonerate/ID=match.2566964.4371/Target=lcl|KQ954473_1_prot_KWU45165_1_2327;exonerate}
57312	57241	INTRON			{GlimmerHMM_glimmerT_5819-T1;GlimmerHMM},{GeneMark_model.6241_t;GeneMark},{Augustus_model.g4849.t1;Augustus},{ev_type:exonerate/ID=match.2566964.4370/Target=lcl|PJQD01000020_1_prot_POY74940_1_1960;exonerate},{ev_type:exonerate/ID=match.2566964.4372/Target=lcl|NW_017264939_1_prot_XP_018269159_1_5683;exonerate},{ev_type:exonerate/ID=match.2566964.4371/Target=lcl|KQ954473_1_prot_KWU45165_1_2327;exonerate}
58120	57313	internal-	4	4	{GlimmerHMM_glimmerT_5819-T1;GlimmerHMM},{GeneMark_model.6241_t;GeneMark},{Augustus_model.g4849.t1;Augustus},{ev_type:exonerate/ID=match.2566964.4370/Target=lcl|PJQD01000020_1_prot_POY74940_1_1960;exonerate},{ev_type:exonerate/ID=match.2566964.4372/Target=lcl|NW_017264939_1_prot_XP_018269159_1_5683;exonerate},{ev_type:exonerate/ID=match.2566964.4371/Target=lcl|KQ954473_1_prot_KWU45165_1_2327;exonerate}
58187	58121	INTRON			{GlimmerHMM_glimmerT_5819-T1;GlimmerHMM},{GeneMark_model.6241_t;GeneMark},{Augustus_model.g4849.t1;Augustus},{ev_type:exonerate/ID=match.2566964.4370/Target=lcl|PJQD01000020_1_prot_POY74940_1_1960;exonerate},{ev_type:exonerate/ID=match.2566964.4372/Target=lcl|NW_017264939_1_prot_XP_018269159_1_5683;exonerate},{ev_type:exonerate/ID=match.2566964.4371/Target=lcl|KQ954473_1_prot_KWU45165_1_2327;exonerate}
58303	58188	internal-	5	6	{GlimmerHMM_glimmerT_5819-T1;GlimmerHMM},{GeneMark_model.6241_t;GeneMark},{Augustus_model.g4849.t1;Augustus},{ev_type:exonerate/ID=match.2566964.4370/Target=lcl|PJQD01000020_1_prot_POY74940_1_1960;exonerate},{ev_type:exonerate/ID=match.2566964.4372/Target=lcl|NW_017264939_1_prot_XP_018269159_1_5683;exonerate},{ev_type:exonerate/ID=match.2566964.4371/Target=lcl|KQ954473_1_prot_KWU45165_1_2327;exonerate}
58367	58304	INTRON			{GlimmerHMM_glimmerT_5819-T1;GlimmerHMM},{GeneMark_model.6241_t;GeneMark},{Augustus_model.g4849.t1;Augustus},{ev_type:exonerate/ID=match.2566964.4370/Target=lcl|PJQD01000020_1_prot_POY74940_1_1960;exonerate},{ev_type:exonerate/ID=match.2566964.4372/Target=lcl|NW_017264939_1_prot_XP_018269159_1_5683;exonerate},{ev_type:exonerate/ID=match.2566964.4371/Target=lcl|KQ954473_1_prot_KWU45165_1_2327;exonerate}
58464	58368	internal-	4	4	{GlimmerHMM_glimmerT_5819-T1;GlimmerHMM},{GeneMark_model.6241_t;GeneMark},{Augustus_model.g4849.t1;Augustus},{ev_type:exonerate/ID=match.2566964.4370/Target=lcl|PJQD01000020_1_prot_POY74940_1_1960;exonerate},{ev_type:exonerate/ID=match.2566964.4372/Target=lcl|NW_017264939_1_prot_XP_018269159_1_5683;exonerate},{ev_type:exonerate/ID=match.2566964.4371/Target=lcl|KQ954473_1_prot_KWU45165_1_2327;exonerate}
58525	58465	INTRON			{GlimmerHMM_glimmerT_5819-T1;GlimmerHMM},{GeneMark_model.6241_t;GeneMark},{Augustus_model.g4849.t1;Augustus},{ev_type:exonerate/ID=match.2566964.4370/Target=lcl|PJQD01000020_1_prot_POY74940_1_1960;exonerate},{ev_type:exonerate/ID=match.2566964.4372/Target=lcl|NW_017264939_1_prot_XP_018269159_1_5683;exonerate},{ev_type:exonerate/ID=match.2566964.4371/Target=lcl|KQ954473_1_prot_KWU45165_1_2327;exonerate}
58627	58526	internal-	4	6	{GlimmerHMM_glimmerT_5819-T1;GlimmerHMM},{GeneMark_model.6241_t;GeneMark},{Augustus_model.g4849.t1;Augustus},{ev_type:exonerate/ID=match.2566964.4370/Target=lcl|PJQD01000020_1_prot_POY74940_1_1960;exonerate},{ev_type:exonerate/ID=match.2566964.4372/Target=lcl|NW_017264939_1_prot_XP_018269159_1_5683;exonerate},{ev_type:exonerate/ID=match.2566964.4371/Target=lcl|KQ954473_1_prot_KWU45165_1_2327;exonerate}
58693	58628	INTRON			{GlimmerHMM_glimmerT_5819-T1;GlimmerHMM},{GeneMark_model.6241_t;GeneMark},{Augustus_model.g4849.t1;Augustus},{ev_type:exonerate/ID=match.2566964.4370/Target=lcl|PJQD01000020_1_prot_POY74940_1_1960;exonerate},{ev_type:exonerate/ID=match.2566964.4372/Target=lcl|NW_017264939_1_prot_XP_018269159_1_5683;exonerate},{ev_type:exonerate/ID=match.2566964.4371/Target=lcl|KQ954473_1_prot_KWU45165_1_2327;exonerate}
58754	58694	internal-	6	6	{GlimmerHMM_glimmerT_5819-T1;GlimmerHMM},{GeneMark_model.6241_t;GeneMark},{Augustus_model.g4849.t1;Augustus},{ev_type:exonerate/ID=match.2566964.4372/Target=lcl|NW_017264939_1_prot_XP_018269159_1_5683;exonerate},{ev_type:exonerate/ID=match.2566964.4371/Target=lcl|KQ954473_1_prot_KWU45165_1_2327;exonerate}
58816	58755	INTRON			{GlimmerHMM_glimmerT_5819-T1;GlimmerHMM},{GeneMark_model.6241_t;GeneMark},{Augustus_model.g4849.t1;Augustus},{ev_type:exonerate/ID=match.2566964.4372/Target=lcl|NW_017264939_1_prot_XP_018269159_1_5683;exonerate},{ev_type:exonerate/ID=match.2566964.4371/Target=lcl|KQ954473_1_prot_KWU45165_1_2327;exonerate}
58850	58817	internal-	5	5	{GeneMark_model.6241_t;GeneMark},{Augustus_model.g4849.t1;Augustus}
58883	58851	INTRON			{GeneMark_model.6241_t;GeneMark}
58920	58884	internal-	4	4	{GeneMark_model.6241_t;GeneMark}
59010	58921	INTRON			{GeneMark_model.6241_t;GeneMark}
59028	59011	initial-	4	6	{GlimmerHMM_glimmerT_5819-T1;GlimmerHMM},{GeneMark_model.6241_t;GeneMark}

# EVM prediction: Mode:STANDARD S-ratio: 5.40 61367-63290 orient(+) score(11611.00) noncoding_equivalent(2151.19) raw_noncoding(2715.11) offset(563.92) 
61367	61393	initial+	1	3	{Augustus_model.g4850.t1;Augustus},{GeneMark_model.6242_t;GeneMark},{GlimmerHMM_glimmerT_5820-T1;GlimmerHMM}
61394	61515	INTRON			{Augustus_model.g4850.t1;Augustus},{GeneMark_model.6242_t;GeneMark},{GlimmerHMM_glimmerT_5820-T1;GlimmerHMM},{ev_type:exonerate/ID=match.2566964.4378/Target=lcl|KQ954507_1_prot_KWU42479_1_5176;exonerate}
61516	61554	internal+	1	3	{Augustus_model.g4850.t1;Augustus},{GeneMark_model.6242_t;GeneMark},{GlimmerHMM_glimmerT_5820-T1;GlimmerHMM},{ev_type:exonerate/ID=match.2566964.4378/Target=lcl|KQ954507_1_prot_KWU42479_1_5176;exonerate}
61555	61764	INTRON			{Augustus_model.g4850.t1;Augustus},{GeneMark_model.6242_t;GeneMark},{GlimmerHMM_glimmerT_5820-T1;GlimmerHMM},{ev_type:exonerate/ID=match.2566964.4378/Target=lcl|KQ954507_1_prot_KWU42479_1_5176;exonerate}
61765	62609	internal+	1	2	{Augustus_model.g4850.t1;Augustus},{GeneMark_model.6242_t;GeneMark},{GlimmerHMM_glimmerT_5820-T1;GlimmerHMM},{ev_type:exonerate/ID=match.2566964.4378/Target=lcl|KQ954507_1_prot_KWU42479_1_5176;exonerate}
62610	62669	INTRON			{Augustus_model.g4850.t1;Augustus},{GeneMark_model.6242_t;GeneMark},{GlimmerHMM_glimmerT_5820-T1;GlimmerHMM},{ev_type:exonerate/ID=match.2566964.4380/Target=lcl|PJQD01000020_1_prot_POY74889_1_1909;exonerate},{ev_type:exonerate/ID=match.2566964.4378/Target=lcl|KQ954507_1_prot_KWU42479_1_5176;exonerate},{ev_type:exonerate/ID=match.2566964.4382/Target=lcl|LCTV02000015_1_prot_PRQ70582_1_2963;exonerate}
62670	62769	internal+	3	3	{Augustus_model.g4850.t1;Augustus},{GeneMark_model.6242_t;GeneMark},{GlimmerHMM_glimmerT_5820-T1;GlimmerHMM},{ev_type:exonerate/ID=match.2566964.4380/Target=lcl|PJQD01000020_1_prot_POY74889_1_1909;exonerate},{ev_type:exonerate/ID=match.2566964.4378/Target=lcl|KQ954507_1_prot_KWU42479_1_5176;exonerate},{ev_type:exonerate/ID=match.2566964.4382/Target=lcl|LCTV02000015_1_prot_PRQ70582_1_2963;exonerate}
62770	62832	INTRON			{Augustus_model.g4850.t1;Augustus},{GeneMark_model.6242_t;GeneMark},{GlimmerHMM_glimmerT_5820-T1;GlimmerHMM},{ev_type:exonerate/ID=match.2566964.4380/Target=lcl|PJQD01000020_1_prot_POY74889_1_1909;exonerate},{ev_type:exonerate/ID=match.2566964.4378/Target=lcl|KQ954507_1_prot_KWU42479_1_5176;exonerate},{ev_type:exonerate/ID=match.2566964.4382/Target=lcl|LCTV02000015_1_prot_PRQ70582_1_2963;exonerate}
62833	62995	internal+	1	1	{Augustus_model.g4850.t1;Augustus},{GeneMark_model.6242_t;GeneMark},{GlimmerHMM_glimmerT_5820-T1;GlimmerHMM},{ev_type:exonerate/ID=match.2566964.4380/Target=lcl|PJQD01000020_1_prot_POY74889_1_1909;exonerate},{ev_type:exonerate/ID=match.2566964.4378/Target=lcl|KQ954507_1_prot_KWU42479_1_5176;exonerate},{ev_type:exonerate/ID=match.2566964.4382/Target=lcl|LCTV02000015_1_prot_PRQ70582_1_2963;exonerate}
62996	63087	INTRON			{Augustus_model.g4850.t1;Augustus},{GeneMark_model.6242_t;GeneMark},{GlimmerHMM_glimmerT_5820-T1;GlimmerHMM},{ev_type:exonerate/ID=match.2566964.4380/Target=lcl|PJQD01000020_1_prot_POY74889_1_1909;exonerate},{ev_type:exonerate/ID=match.2566964.4378/Target=lcl|KQ954507_1_prot_KWU42479_1_5176;exonerate},{ev_type:exonerate/ID=match.2566964.4382/Target=lcl|LCTV02000015_1_prot_PRQ70582_1_2963;exonerate}
63088	63290	terminal+	2	3	{Augustus_model.g4850.t1;Augustus},{GeneMark_model.6242_t;GeneMark},{GlimmerHMM_glimmerT_5820-T1;GlimmerHMM}

# EVM prediction: Mode:STANDARD S-ratio: 4.57 63750-67947 orient(+) score(21791.00) noncoding_equivalent(4769.10) raw_noncoding(5509.00) offset(739.90) 
63750	63967	initial+	1	2	{GlimmerHMM_glimmerT_5821-T1;GlimmerHMM},{GeneMark_model.6243_t;GeneMark},{Augustus_model.g4851.t1;Augustus}
63968	64206	INTRON			{GlimmerHMM_glimmerT_5821-T1;GlimmerHMM},{GeneMark_model.6243_t;GeneMark},{Augustus_model.g4851.t1;Augustus},{ev_type:exonerate/ID=match.2566964.4368/Target=lcl|KQ954507_1_prot_KWU42480_1_5177;exonerate}
64207	64310	internal+	3	1	{GlimmerHMM_glimmerT_5821-T1;GlimmerHMM},{GeneMark_model.6243_t;GeneMark},{Augustus_model.g4851.t1;Augustus},{ev_type:exonerate/ID=match.2566964.4368/Target=lcl|KQ954507_1_prot_KWU42480_1_5177;exonerate}
64311	64375	INTRON			{GlimmerHMM_glimmerT_5821-T1;GlimmerHMM},{GeneMark_model.6243_t;GeneMark},{Augustus_model.g4851.t1;Augustus},{ev_type:exonerate/ID=match.2566964.4368/Target=lcl|KQ954507_1_prot_KWU42480_1_5177;exonerate}
64376	64843	internal+	2	1	{GlimmerHMM_glimmerT_5821-T1;GlimmerHMM},{GeneMark_model.6243_t;GeneMark},{Augustus_model.g4851.t1;Augustus},{ev_type:exonerate/ID=match.2566964.4368/Target=lcl|KQ954507_1_prot_KWU42480_1_5177;exonerate}
64844	64905	INTRON			{GlimmerHMM_glimmerT_5821-T1;GlimmerHMM},{GeneMark_model.6243_t;GeneMark},{Augustus_model.g4851.t1;Augustus},{ev_type:exonerate/ID=match.2566964.4369/Target=lcl|PJQD01000020_1_prot_POY74891_1_1911;exonerate},{ev_type:exonerate/ID=match.2566964.4368/Target=lcl|KQ954507_1_prot_KWU42480_1_5177;exonerate}
64906	65231	internal+	2	3	{GlimmerHMM_glimmerT_5821-T1;GlimmerHMM},{GeneMark_model.6243_t;GeneMark},{Augustus_model.g4851.t1;Augustus},{ev_type:exonerate/ID=match.2566964.4368/Target=lcl|KQ954507_1_prot_KWU42480_1_5177;exonerate}
65232	65294	INTRON			{GlimmerHMM_glimmerT_5821-T1;GlimmerHMM},{GeneMark_model.6243_t;GeneMark},{Augustus_model.g4851.t1;Augustus},{ev_type:exonerate/ID=match.2566964.4369/Target=lcl|PJQD01000020_1_prot_POY74891_1_1911;exonerate},{ev_type:exonerate/ID=match.2566964.4368/Target=lcl|KQ954507_1_prot_KWU42480_1_5177;exonerate}
65295	65805	internal+	1	1	{GlimmerHMM_glimmerT_5821-T1;GlimmerHMM},{GeneMark_model.6243_t;GeneMark},{Augustus_model.g4851.t1;Augustus},{ev_type:exonerate/ID=match.2566964.4369/Target=lcl|PJQD01000020_1_prot_POY74891_1_1911;exonerate},{ev_type:exonerate/ID=match.2566964.4368/Target=lcl|KQ954507_1_prot_KWU42480_1_5177;exonerate}
65806	65870	INTRON			{GlimmerHMM_glimmerT_5821-T1;GlimmerHMM},{GeneMark_model.6243_t;GeneMark},{Augustus_model.g4851.t1;Augustus},{ev_type:exonerate/ID=match.2566964.4369/Target=lcl|PJQD01000020_1_prot_POY74891_1_1911;exonerate},{ev_type:exonerate/ID=match.2566964.4368/Target=lcl|KQ954507_1_prot_KWU42480_1_5177;exonerate}
65871	66150	internal+	2	2	{GlimmerHMM_glimmerT_5821-T1;GlimmerHMM},{GeneMark_model.6243_t;GeneMark},{Augustus_model.g4851.t1;Augustus},{ev_type:exonerate/ID=match.2566964.4369/Target=lcl|PJQD01000020_1_prot_POY74891_1_1911;exonerate},{ev_type:exonerate/ID=match.2566964.4368/Target=lcl|KQ954507_1_prot_KWU42480_1_5177;exonerate}
66151	66214	INTRON			{GlimmerHMM_glimmerT_5821-T1;GlimmerHMM},{GeneMark_model.6243_t;GeneMark},{Augustus_model.g4851.t1;Augustus},{ev_type:exonerate/ID=match.2566964.4369/Target=lcl|PJQD01000020_1_prot_POY74891_1_1911;exonerate},{ev_type:exonerate/ID=match.2566964.4368/Target=lcl|KQ954507_1_prot_KWU42480_1_5177;exonerate}
66215	66350	internal+	3	3	{GlimmerHMM_glimmerT_5821-T1;GlimmerHMM},{GeneMark_model.6243_t;GeneMark},{Augustus_model.g4851.t1;Augustus},{ev_type:exonerate/ID=match.2566964.4369/Target=lcl|PJQD01000020_1_prot_POY74891_1_1911;exonerate},{ev_type:exonerate/ID=match.2566964.4368/Target=lcl|KQ954507_1_prot_KWU42480_1_5177;exonerate}
66351	66412	INTRON			{GlimmerHMM_glimmerT_5821-T1;GlimmerHMM},{GeneMark_model.6243_t;GeneMark},{Augustus_model.g4851.t1;Augustus},{snap_scaffold_16-snap.192-T1;snap},{ev_type:exonerate/ID=match.2566964.4369/Target=lcl|PJQD01000020_1_prot_POY74891_1_1911;exonerate},{ev_type:exonerate/ID=match.2566964.4368/Target=lcl|KQ954507_1_prot_KWU42480_1_5177;exonerate}
66413	66997	internal+	1	3	{GlimmerHMM_glimmerT_5821-T1;GlimmerHMM},{GeneMark_model.6243_t;GeneMark},{Augustus_model.g4851.t1;Augustus},{ev_type:exonerate/ID=match.2566964.4369/Target=lcl|PJQD01000020_1_prot_POY74891_1_1911;exonerate},{ev_type:exonerate/ID=match.2566964.4368/Target=lcl|KQ954507_1_prot_KWU42480_1_5177;exonerate}
66998	67070	INTRON			{GlimmerHMM_glimmerT_5821-T1;GlimmerHMM},{GeneMark_model.6243_t;GeneMark},{Augustus_model.g4851.t1;Augustus},{ev_type:exonerate/ID=match.2566964.4369/Target=lcl|PJQD01000020_1_prot_POY74891_1_1911;exonerate},{ev_type:exonerate/ID=match.2566964.4368/Target=lcl|KQ954507_1_prot_KWU42480_1_5177;exonerate}
67071	67254	internal+	1	1	{GlimmerHMM_glimmerT_5821-T1;GlimmerHMM},{GeneMark_model.6243_t;GeneMark},{Augustus_model.g4851.t1;Augustus},{ev_type:exonerate/ID=match.2566964.4369/Target=lcl|PJQD01000020_1_prot_POY74891_1_1911;exonerate},{ev_type:exonerate/ID=match.2566964.4368/Target=lcl|KQ954507_1_prot_KWU42480_1_5177;exonerate}
67255	67318	INTRON			{GlimmerHMM_glimmerT_5821-T1;GlimmerHMM},{GeneMark_model.6243_t;GeneMark},{Augustus_model.g4851.t1;Augustus},{ev_type:exonerate/ID=match.2566964.4369/Target=lcl|PJQD01000020_1_prot_POY74891_1_1911;exonerate},{ev_type:exonerate/ID=match.2566964.4368/Target=lcl|KQ954507_1_prot_KWU42480_1_5177;exonerate}
67319	67596	internal+	2	3	{GlimmerHMM_glimmerT_5821-T1;GlimmerHMM},{GeneMark_model.6243_t;GeneMark},{Augustus_model.g4851.t1;Augustus},{ev_type:exonerate/ID=match.2566964.4369/Target=lcl|PJQD01000020_1_prot_POY74891_1_1911;exonerate},{ev_type:exonerate/ID=match.2566964.4368/Target=lcl|KQ954507_1_prot_KWU42480_1_5177;exonerate}
67597	67657	INTRON			{GlimmerHMM_glimmerT_5821-T1;GlimmerHMM},{GeneMark_model.6243_t;GeneMark},{Augustus_model.g4851.t1;Augustus},{ev_type:exonerate/ID=match.2566964.4369/Target=lcl|PJQD01000020_1_prot_POY74891_1_1911;exonerate},{ev_type:exonerate/ID=match.2566964.4368/Target=lcl|KQ954507_1_prot_KWU42480_1_5177;exonerate}
67658	67809	internal+	1	2	{GlimmerHMM_glimmerT_5821-T1;GlimmerHMM},{GeneMark_model.6243_t;GeneMark},{Augustus_model.g4851.t1;Augustus},{ev_type:exonerate/ID=match.2566964.4369/Target=lcl|PJQD01000020_1_prot_POY74891_1_1911;exonerate},{ev_type:exonerate/ID=match.2566964.4368/Target=lcl|KQ954507_1_prot_KWU42480_1_5177;exonerate}
67810	67883	INTRON			{GlimmerHMM_glimmerT_5821-T1;GlimmerHMM},{GeneMark_model.6243_t;GeneMark},{Augustus_model.g4851.t1;Augustus},{ev_type:exonerate/ID=match.2566964.4369/Target=lcl|PJQD01000020_1_prot_POY74891_1_1911;exonerate},{ev_type:exonerate/ID=match.2566964.4368/Target=lcl|KQ954507_1_prot_KWU42480_1_5177;exonerate}
67884	67947	terminal+	3	3	{GlimmerHMM_glimmerT_5821-T1;GlimmerHMM},{GeneMark_model.6243_t;GeneMark},{Augustus_model.g4851.t1;Augustus}

# EVM prediction: Mode:STANDARD S-ratio: 1.69 68290-69952 orient(+) score(4734.00) noncoding_equivalent(2809.25) raw_noncoding(3868.00) offset(1058.75) 
68290	68625	initial+	1	3	{GeneMark_model.6244_t;GeneMark},{GlimmerHMM_glimmerT_5822-T1;GlimmerHMM},{Augustus_model.g4852.t1;Augustus}
68626	68782	INTRON			{GeneMark_model.6244_t;GeneMark},{GlimmerHMM_glimmerT_5822-T1;GlimmerHMM},{Augustus_model.g4852.t1;Augustus}
68783	68827	internal+	1	3	{GeneMark_model.6244_t;GeneMark},{GlimmerHMM_glimmerT_5822-T1;GlimmerHMM},{Augustus_model.g4852.t1;Augustus}
68828	68899	INTRON			{GeneMark_model.6244_t;GeneMark},{Augustus_model.g4852.t1;Augustus}
68900	68936	internal+	1	1	{GeneMark_model.6244_t;GeneMark},{Augustus_model.g4852.t1;Augustus}
68937	69028	INTRON			{GeneMark_model.6244_t;GeneMark},{Augustus_model.g4852.t1;Augustus}
69029	69057	internal+	2	3	{GeneMark_model.6244_t;GeneMark},{Augustus_model.g4852.t1;Augustus}
69058	69141	INTRON			{GeneMark_model.6244_t;GeneMark},{Augustus_model.g4852.t1;Augustus}
69142	69228	internal+	1	3	{GeneMark_model.6244_t;GeneMark},{Augustus_model.g4852.t1;Augustus}
69229	69320	INTRON			{GeneMark_model.6244_t;GeneMark},{Augustus_model.g4852.t1;Augustus}
69321	69584	internal+	1	3	{GeneMark_model.6244_t;GeneMark},{GlimmerHMM_glimmerT_5822-T1;GlimmerHMM},{Augustus_model.g4852.t1;Augustus}
69585	69735	INTRON			{GeneMark_model.6244_t;GeneMark},{GlimmerHMM_glimmerT_5822-T1;GlimmerHMM},{Augustus_model.g4852.t1;Augustus}
69736	69780	internal+	1	3	{GeneMark_model.6244_t;GeneMark},{GlimmerHMM_glimmerT_5822-T1;GlimmerHMM},{Augustus_model.g4852.t1;Augustus}
69781	69925	INTRON			{GeneMark_model.6244_t;GeneMark},{GlimmerHMM_glimmerT_5822-T1;GlimmerHMM},{Augustus_model.g4852.t1;Augustus}
69926	69952	terminal+	1	3	{GeneMark_model.6244_t;GeneMark},{GlimmerHMM_glimmerT_5822-T1;GlimmerHMM},{Augustus_model.g4852.t1;Augustus}

# EVM prediction: Mode:STANDARD S-ratio: 1.79 70397-71485 orient(+) score(3894.00) noncoding_equivalent(2178.02) raw_noncoding(2281.02) offset(103.00) 
70397	70444	initial+	1	3	{GeneMark_model.6245_t;GeneMark},{GlimmerHMM_glimmerT_5823-T1;GlimmerHMM},{Augustus_model.g4853.t1;Augustus}
70445	70777	INTRON			{GeneMark_model.6245_t;GeneMark},{GlimmerHMM_glimmerT_5823-T1;GlimmerHMM},{snap_scaffold_16-snap.194-T1;snap},{Augustus_model.g4853.t1;Augustus}
70778	71044	internal+	1	3	{GeneMark_model.6245_t;GeneMark},{GlimmerHMM_glimmerT_5823-T1;GlimmerHMM},{Augustus_model.g4853.t1;Augustus}
71045	71160	INTRON			{GeneMark_model.6245_t;GeneMark},{GlimmerHMM_glimmerT_5823-T1;GlimmerHMM},{Augustus_model.g4853.t1;Augustus}
71161	71247	internal+	1	3	{GeneMark_model.6245_t;GeneMark},{GlimmerHMM_glimmerT_5823-T1;GlimmerHMM},{Augustus_model.g4853.t1;Augustus}
71248	71332	INTRON			{GeneMark_model.6245_t;GeneMark},{GlimmerHMM_glimmerT_5823-T1;GlimmerHMM},{Augustus_model.g4853.t1;Augustus}
71333	71485	terminal+	1	3	{GeneMark_model.6245_t;GeneMark},{GlimmerHMM_glimmerT_5823-T1;GlimmerHMM}

# EVM prediction: Mode:STANDARD S-ratio: 2.30 71821-74765 orient(+) score(8310.00) noncoding_equivalent(3615.44) raw_noncoding(3955.39) offset(339.94) 
71821	72264	initial+	1	3	{GlimmerHMM_glimmerT_5824-T1;GlimmerHMM},{GeneMark_model.6246_t;GeneMark}
72265	72326	INTRON			{Augustus_model.g4853.t1;Augustus},{GeneMark_model.6246_t;GeneMark}
72327	73242	internal+	1	1	{Augustus_model.g4853.t1;Augustus},{GeneMark_model.6246_t;GeneMark}
73243	73316	INTRON			{Augustus_model.g4853.t1;Augustus},{GeneMark_model.6246_t;GeneMark}
73317	73868	internal+	2	1	{GlimmerHMM_glimmerT_5824-T1;GlimmerHMM},{GeneMark_model.6246_t;GeneMark}
73869	73944	INTRON			{GlimmerHMM_glimmerT_5824-T1;GlimmerHMM},{Augustus_model.g4853.t1;Augustus},{GeneMark_model.6246_t;GeneMark}
73945	74765	terminal+	2	3	{GlimmerHMM_glimmerT_5824-T1;GlimmerHMM},{GeneMark_model.6246_t;GeneMark}

# EVM prediction: Mode:STANDARD S-ratio: 5.00 75358-78038 orient(+) score(9176.00) noncoding_equivalent(1836.29) raw_noncoding(1993.29) offset(157.00) 
75358	75724	initial+	1	1	{GlimmerHMM_glimmerT_5825-T1;GlimmerHMM},{GeneMark_model.6247_t;GeneMark}
75725	75792	INTRON			{GlimmerHMM_glimmerT_5825-T1;GlimmerHMM},{GeneMark_model.6247_t;GeneMark},{Augustus_model.g4853.t1;Augustus}
75793	75975	internal+	2	1	{GlimmerHMM_glimmerT_5825-T1;GlimmerHMM},{GeneMark_model.6247_t;GeneMark},{Augustus_model.g4853.t1;Augustus}
75976	76056	INTRON			{GlimmerHMM_glimmerT_5825-T1;GlimmerHMM},{GeneMark_model.6247_t;GeneMark},{Augustus_model.g4853.t1;Augustus}
76057	78038	terminal+	2	3	{GlimmerHMM_glimmerT_5825-T1;GlimmerHMM},{GeneMark_model.6247_t;GeneMark}

# EVM prediction: Mode:STANDARD S-ratio: 1.72 78530-80656 orient(-) score(5381.00) noncoding_equivalent(3129.33) raw_noncoding(3693.20) offset(563.87) 
78946	78530	terminal-	4	6	{Augustus_model.g4854.t1;Augustus},{GeneMark_model.6248_t;GeneMark}
79015	78947	INTRON			{GeneMark_model.6248_t;GeneMark}
79128	79016	internal-	5	6	{GeneMark_model.6248_t;GeneMark}
79195	79129	INTRON			{Augustus_model.g4854.t1;Augustus},{GeneMark_model.6248_t;GeneMark}
79510	79196	internal-	5	4	{GeneMark_model.6248_t;GeneMark},{GlimmerHMM_glimmerT_5826-T1;GlimmerHMM}
79583	79511	INTRON			{GeneMark_model.6248_t;GeneMark},{GlimmerHMM_glimmerT_5826-T1;GlimmerHMM}
79730	79584	internal-	5	4	{Augustus_model.g4854.t1;Augustus},{GeneMark_model.6248_t;GeneMark},{GlimmerHMM_glimmerT_5826-T1;GlimmerHMM}
79803	79731	INTRON			{Augustus_model.g4854.t1;Augustus},{GeneMark_model.6248_t;GeneMark},{GlimmerHMM_glimmerT_5826-T1;GlimmerHMM}
80656	79804	initial-	4	4	{GeneMark_model.6248_t;GeneMark},{GlimmerHMM_glimmerT_5826-T1;GlimmerHMM}

# EVM prediction: Mode:STANDARD S-ratio: 0.81 81339-83415 orient(-) score(3481.00) noncoding_equivalent(4285.75) raw_noncoding(5059.02) offset(773.27) 
82031	81339	terminal-	4	6	{GeneMark_model.6249_t;GeneMark}
82107	82032	INTRON			{GeneMark_model.6249_t;GeneMark}
82385	82108	internal-	5	6	{GeneMark_model.6249_t;GeneMark}
82449	82386	INTRON			{GeneMark_model.6249_t;GeneMark}
82770	82450	internal-	5	4	{GeneMark_model.6249_t;GeneMark}
82841	82771	INTRON			{GeneMark_model.6249_t;GeneMark}
83237	82842	internal-	5	4	{GlimmerHMM_glimmerT_5827-T1;GlimmerHMM}
83303	83238	INTRON			{GlimmerHMM_glimmerT_5827-T1;GlimmerHMM}
83415	83304	initial-	4	4	{GlimmerHMM_glimmerT_5827-T1;GlimmerHMM}

# EVM prediction: Mode:STANDARD S-ratio: 1.73 84227-85297 orient(-) score(2946.00) noncoding_equivalent(1702.63) raw_noncoding(1896.63) offset(194.00) 
84615	84227	terminal-	5	6	{GlimmerHMM_glimmerT_5828-T1;GlimmerHMM}
84728	84616	INTRON			{GlimmerHMM_glimmerT_5828-T1;GlimmerHMM},{GeneMark_model.6249_t;GeneMark},{Augustus_model.g4854.t1;Augustus}
85018	84729	internal-	6	4	{GlimmerHMM_glimmerT_5828-T1;GlimmerHMM},{GeneMark_model.6249_t;GeneMark},{Augustus_model.g4854.t1;Augustus}
85091	85019	INTRON			{GlimmerHMM_glimmerT_5828-T1;GlimmerHMM},{GeneMark_model.6249_t;GeneMark},{Augustus_model.g4854.t1;Augustus}
85297	85092	initial-	4	5	{GlimmerHMM_glimmerT_5828-T1;GlimmerHMM},{GeneMark_model.6249_t;GeneMark},{Augustus_model.g4854.t1;Augustus}

# EVM prediction: Mode:STANDARD S-ratio: 2.70 85784-86864 orient(-) score(3564.00) noncoding_equivalent(1321.16) raw_noncoding(1627.00) offset(305.84) 
86096	85784	terminal-	6	6	{GeneMark_model.6250_t;GeneMark},{snap_scaffold_16-snap.196-T1;snap},{GlimmerHMM_glimmerT_5829-T1;GlimmerHMM},{Augustus_model.g4855.t1;Augustus}
86180	86097	INTRON			{GeneMark_model.6250_t;GeneMark},{GlimmerHMM_glimmerT_5829-T1;GlimmerHMM},{Augustus_model.g4855.t1;Augustus}
86263	86181	internal-	4	5	{GeneMark_model.6250_t;GeneMark},{GlimmerHMM_glimmerT_5829-T1;GlimmerHMM},{Augustus_model.g4855.t1;Augustus}
86340	86264	INTRON			{GeneMark_model.6250_t;GeneMark},{GlimmerHMM_glimmerT_5829-T1;GlimmerHMM},{Augustus_model.g4855.t1;Augustus}
86469	86341	internal-	4	6	{GeneMark_model.6250_t;GeneMark},{GlimmerHMM_glimmerT_5829-T1;GlimmerHMM},{Augustus_model.g4855.t1;Augustus}
86536	86470	INTRON			{GeneMark_model.6250_t;GeneMark},{GlimmerHMM_glimmerT_5829-T1;GlimmerHMM},{Augustus_model.g4855.t1;Augustus}
86781	86537	internal-	5	6	{GeneMark_model.6250_t;GeneMark},{GlimmerHMM_glimmerT_5829-T1;GlimmerHMM},{Augustus_model.g4855.t1;Augustus}
86842	86782	INTRON			{GeneMark_model.6250_t;GeneMark},{GlimmerHMM_glimmerT_5829-T1;GlimmerHMM},{Augustus_model.g4855.t1;Augustus}
86864	86843	initial-	4	4	{GeneMark_model.6250_t;GeneMark},{GlimmerHMM_glimmerT_5829-T1;GlimmerHMM}

# EVM prediction: Mode:STANDARD S-ratio: 3.52 87163-89042 orient(-) score(5796.00) noncoding_equivalent(1646.75) raw_noncoding(2079.09) offset(432.33) 
87660	87163	terminal-	4	6	{GlimmerHMM_glimmerT_5830-T1;GlimmerHMM},{GeneMark_model.6251_t;GeneMark}
87733	87661	INTRON			{GlimmerHMM_glimmerT_5830-T1;GlimmerHMM},{Augustus_model.g4855.t1;Augustus},{GeneMark_model.6251_t;GeneMark}
87801	87734	internal-	5	6	{GlimmerHMM_glimmerT_5830-T1;GlimmerHMM},{Augustus_model.g4855.t1;Augustus},{GeneMark_model.6251_t;GeneMark}
87866	87802	INTRON			{GlimmerHMM_glimmerT_5830-T1;GlimmerHMM},{Augustus_model.g4855.t1;Augustus},{GeneMark_model.6251_t;GeneMark}
88670	87867	internal-	5	4	{GlimmerHMM_glimmerT_5830-T1;GlimmerHMM},{Augustus_model.g4855.t1;Augustus},{GeneMark_model.6251_t;GeneMark}
88744	88671	INTRON			{Augustus_model.g4855.t1;Augustus},{GeneMark_model.6251_t;GeneMark}
88764	88745	internal-	6	4	{Augustus_model.g4855.t1;Augustus},{GeneMark_model.6251_t;GeneMark}
88854	88765	INTRON			{Augustus_model.g4855.t1;Augustus},{GeneMark_model.6251_t;GeneMark}
89042	88855	initial-	4	5	{Augustus_model.g4855.t1;Augustus},{GeneMark_model.6251_t;GeneMark}

# EVM prediction: Mode:STANDARD S-ratio: 11.51 89414-91311 orient(+) score(6984.00) noncoding_equivalent(606.57) raw_noncoding(679.70) offset(73.13) 
89414	91198	initial+	1	3	{GeneMark_model.6252_t;GeneMark},{GlimmerHMM_glimmerT_5831-T1;GlimmerHMM}
91199	91269	INTRON			{GeneMark_model.6252_t;GeneMark},{GlimmerHMM_glimmerT_5831-T1;GlimmerHMM}
91270	91311	terminal+	1	3	{GeneMark_model.6252_t;GeneMark},{GlimmerHMM_glimmerT_5831-T1;GlimmerHMM}

# EVM prediction: Mode:STANDARD S-ratio: 2.29 91646-94690 orient(+) score(9657.00) noncoding_equivalent(4226.09) raw_noncoding(4928.57) offset(702.48) 
91646	92389	initial+	1	3	{GlimmerHMM_glimmerT_5832-T1;GlimmerHMM}
92390	92455	INTRON			{Augustus_model.g4856.t1;Augustus},{GlimmerHMM_glimmerT_5832-T1;GlimmerHMM},{GeneMark_model.6253_t;GeneMark}
92456	92574	internal+	1	2	{Augustus_model.g4856.t1;Augustus},{GlimmerHMM_glimmerT_5832-T1;GlimmerHMM},{GeneMark_model.6253_t;GeneMark}
92575	92655	INTRON			{Augustus_model.g4856.t1;Augustus},{GlimmerHMM_glimmerT_5832-T1;GlimmerHMM},{GeneMark_model.6253_t;GeneMark}
92656	92865	internal+	3	2	{Augustus_model.g4856.t1;Augustus},{GlimmerHMM_glimmerT_5832-T1;GlimmerHMM},{GeneMark_model.6253_t;GeneMark}
92866	92945	INTRON			{Augustus_model.g4856.t1;Augustus},{GlimmerHMM_glimmerT_5832-T1;GlimmerHMM},{GeneMark_model.6253_t;GeneMark}
92946	93061	internal+	3	1	{Augustus_model.g4856.t1;Augustus},{GlimmerHMM_glimmerT_5832-T1;GlimmerHMM},{GeneMark_model.6253_t;GeneMark}
93062	93125	INTRON			{Augustus_model.g4856.t1;Augustus},{GlimmerHMM_glimmerT_5832-T1;GlimmerHMM},{GeneMark_model.6253_t;GeneMark}
93126	93189	internal+	2	2	{Augustus_model.g4856.t1;Augustus},{GlimmerHMM_glimmerT_5832-T1;GlimmerHMM},{GeneMark_model.6253_t;GeneMark}
93190	93252	INTRON			{Augustus_model.g4856.t1;Augustus},{GlimmerHMM_glimmerT_5832-T1;GlimmerHMM},{GeneMark_model.6253_t;GeneMark}
93253	93304	internal+	3	3	{Augustus_model.g4856.t1;Augustus},{GlimmerHMM_glimmerT_5832-T1;GlimmerHMM},{GeneMark_model.6253_t;GeneMark}
93305	93373	INTRON			{Augustus_model.g4856.t1;Augustus},{GlimmerHMM_glimmerT_5832-T1;GlimmerHMM},{GeneMark_model.6253_t;GeneMark}
93374	93522	internal+	1	2	{Augustus_model.g4856.t1;Augustus},{GlimmerHMM_glimmerT_5832-T1;GlimmerHMM},{GeneMark_model.6253_t;GeneMark}
93523	93634	INTRON			{Augustus_model.g4856.t1;Augustus},{GlimmerHMM_glimmerT_5832-T1;GlimmerHMM},{GeneMark_model.6253_t;GeneMark}
93635	93815	internal+	3	3	{Augustus_model.g4856.t1;Augustus},{GlimmerHMM_glimmerT_5832-T1;GlimmerHMM},{GeneMark_model.6253_t;GeneMark}
93816	93915	INTRON			{Augustus_model.g4856.t1;Augustus},{GlimmerHMM_glimmerT_5832-T1;GlimmerHMM},{GeneMark_model.6253_t;GeneMark}
93916	94050	internal+	1	3	{Augustus_model.g4856.t1;Augustus},{GeneMark_model.6253_t;GeneMark}
94051	94113	INTRON			{Augustus_model.g4856.t1;Augustus},{GeneMark_model.6253_t;GeneMark}
94114	94196	internal+	1	2	{Augustus_model.g4856.t1;Augustus},{GeneMark_model.6253_t;GeneMark}
94197	94272	INTRON			{Augustus_model.g4856.t1;Augustus},{snap_scaffold_16-snap.201-T1;snap},{GlimmerHMM_glimmerT_5832-T1;GlimmerHMM},{GeneMark_model.6253_t;GeneMark}
94273	94458	internal+	3	2	{Augustus_model.g4856.t1;Augustus},{GlimmerHMM_glimmerT_5832-T1;GlimmerHMM},{GeneMark_model.6253_t;GeneMark}
94459	94548	INTRON			{Augustus_model.g4856.t1;Augustus},{GlimmerHMM_glimmerT_5832-T1;GlimmerHMM},{GeneMark_model.6253_t;GeneMark}
94549	94690	terminal+	3	3	{Augustus_model.g4856.t1;Augustus},{GlimmerHMM_glimmerT_5832-T1;GlimmerHMM},{GeneMark_model.6253_t;GeneMark}

# EVM prediction: Mode:STANDARD S-ratio: 2.40 95354-96723 orient(+) score(5381.00) noncoding_equivalent(2246.12) raw_noncoding(2738.12) offset(492.00) 
95354	95453	initial+	1	1	{GlimmerHMM_glimmerT_5833-T1;GlimmerHMM},{GeneMark_model.6254_t;GeneMark},{Augustus_model.g4857.t1;Augustus}
95454	95528	INTRON			{GlimmerHMM_glimmerT_5833-T1;GlimmerHMM},{GeneMark_model.6254_t;GeneMark},{Augustus_model.g4857.t1;Augustus},{ev_type:exonerate/ID=match.2566964.4403/Target=lcl|KQ954546_1_prot_KWU41272_1_6358;exonerate}
95529	95757	internal+	2	2	{GlimmerHMM_glimmerT_5833-T1;GlimmerHMM},{GeneMark_model.6254_t;GeneMark},{Augustus_model.g4857.t1;Augustus},{ev_type:exonerate/ID=match.2566964.4403/Target=lcl|KQ954546_1_prot_KWU41272_1_6358;exonerate}
95758	95859	INTRON			{GlimmerHMM_glimmerT_5833-T1;GlimmerHMM},{GeneMark_model.6254_t;GeneMark},{Augustus_model.g4857.t1;Augustus},{ev_type:exonerate/ID=match.2566964.4403/Target=lcl|KQ954546_1_prot_KWU41272_1_6358;exonerate}
95860	95945	internal+	3	1	{GlimmerHMM_glimmerT_5833-T1;GlimmerHMM},{GeneMark_model.6254_t;GeneMark},{Augustus_model.g4857.t1;Augustus},{ev_type:exonerate/ID=match.2566964.4403/Target=lcl|KQ954546_1_prot_KWU41272_1_6358;exonerate}
95946	96022	INTRON			{GlimmerHMM_glimmerT_5833-T1;GlimmerHMM},{GeneMark_model.6254_t;GeneMark},{Augustus_model.g4857.t1;Augustus},{ev_type:exonerate/ID=match.2566964.4403/Target=lcl|KQ954546_1_prot_KWU41272_1_6358;exonerate}
96023	96081	internal+	2	3	{GeneMark_model.6254_t;GeneMark},{Augustus_model.g4857.t1;Augustus},{ev_type:exonerate/ID=match.2566964.4403/Target=lcl|KQ954546_1_prot_KWU41272_1_6358;exonerate}
96082	96150	INTRON			{GeneMark_model.6254_t;GeneMark},{Augustus_model.g4857.t1;Augustus},{ev_type:exonerate/ID=match.2566964.4403/Target=lcl|KQ954546_1_prot_KWU41272_1_6358;exonerate}
96151	96174	internal+	1	3	{GeneMark_model.6254_t;GeneMark},{Augustus_model.g4857.t1;Augustus},{ev_type:exonerate/ID=match.2566964.4403/Target=lcl|KQ954546_1_prot_KWU41272_1_6358;exonerate}
96175	96236	INTRON			{GlimmerHMM_glimmerT_5833-T1;GlimmerHMM},{GeneMark_model.6254_t;GeneMark},{Augustus_model.g4857.t1;Augustus},{ev_type:exonerate/ID=match.2566964.4403/Target=lcl|KQ954546_1_prot_KWU41272_1_6358;exonerate}
96237	96547	internal+	1	2	{GlimmerHMM_glimmerT_5833-T1;GlimmerHMM},{GeneMark_model.6254_t;GeneMark},{Augustus_model.g4857.t1;Augustus},{ev_type:exonerate/ID=match.2566964.4403/Target=lcl|KQ954546_1_prot_KWU41272_1_6358;exonerate}
96548	96632	INTRON			{GlimmerHMM_glimmerT_5833-T1;GlimmerHMM},{GeneMark_model.6254_t;GeneMark},{Augustus_model.g4857.t1;Augustus},{ev_type:exonerate/ID=match.2566964.4403/Target=lcl|KQ954546_1_prot_KWU41272_1_6358;exonerate}
96633	96723	terminal+	3	3	{GeneMark_model.6254_t;GeneMark}

# EVM prediction: Mode:STANDARD S-ratio: 11.03 97079-104594 orient(+) score(28233.00) noncoding_equivalent(2559.67) raw_noncoding(3063.12) offset(503.45) 
97079	97105	initial+	1	3	{GeneMark_model.6255_t;GeneMark}
97106	97178	INTRON			{GeneMark_model.6255_t;GeneMark}
97179	97329	internal+	1	1	{GlimmerHMM_glimmerT_5833-T1;GlimmerHMM},{GeneMark_model.6255_t;GeneMark},{Augustus_model.g4857.t1;Augustus}
97330	97391	INTRON			{GlimmerHMM_glimmerT_5833-T1;GlimmerHMM},{GeneMark_model.6255_t;GeneMark},{Augustus_model.g4857.t1;Augustus}
97392	97600	internal+	2	3	{GlimmerHMM_glimmerT_5833-T1;GlimmerHMM},{GeneMark_model.6255_t;GeneMark},{Augustus_model.g4857.t1;Augustus}
97601	97670	INTRON			{GlimmerHMM_glimmerT_5833-T1;GlimmerHMM},{GeneMark_model.6255_t;GeneMark},{Augustus_model.g4857.t1;Augustus}
97671	98200	internal+	1	2	{GlimmerHMM_glimmerT_5833-T1;GlimmerHMM},{GeneMark_model.6255_t;GeneMark},{Augustus_model.g4857.t1;Augustus}
98201	98273	INTRON			{GlimmerHMM_glimmerT_5833-T1;GlimmerHMM},{GeneMark_model.6255_t;GeneMark},{Augustus_model.g4857.t1;Augustus}
98274	102159	internal+	3	3	{GlimmerHMM_glimmerT_5833-T1;GlimmerHMM},{GeneMark_model.6255_t;GeneMark},{Augustus_model.g4857.t1;Augustus}
102160	102221	INTRON			{GlimmerHMM_glimmerT_5833-T1;GlimmerHMM},{GeneMark_model.6255_t;GeneMark},{Augustus_model.g4857.t1;Augustus}
102222	102456	internal+	1	1	{GlimmerHMM_glimmerT_5833-T1;GlimmerHMM},{GeneMark_model.6255_t;GeneMark},{Augustus_model.g4857.t1;Augustus}
102457	102520	INTRON			{GlimmerHMM_glimmerT_5833-T1;GlimmerHMM},{GeneMark_model.6255_t;GeneMark},{Augustus_model.g4857.t1;Augustus}
102521	102654	internal+	2	3	{GlimmerHMM_glimmerT_5833-T1;GlimmerHMM},{GeneMark_model.6255_t;GeneMark},{Augustus_model.g4857.t1;Augustus}
102655	102720	INTRON			{GlimmerHMM_glimmerT_5833-T1;GlimmerHMM},{GeneMark_model.6255_t;GeneMark},{Augustus_model.g4857.t1;Augustus}
102721	102812	internal+	1	2	{GlimmerHMM_glimmerT_5833-T1;GlimmerHMM},{GeneMark_model.6255_t;GeneMark},{Augustus_model.g4857.t1;Augustus}
102813	102868	INTRON			{GlimmerHMM_glimmerT_5833-T1;GlimmerHMM},{GeneMark_model.6255_t;GeneMark},{Augustus_model.g4857.t1;Augustus}
102869	104594	terminal+	3	3	{GlimmerHMM_glimmerT_5833-T1;GlimmerHMM},{GeneMark_model.6255_t;GeneMark}

# EVM prediction: Mode:STANDARD S-ratio: 1.34 105129-106233 orient(+) score(2645.00) noncoding_equivalent(1967.58) raw_noncoding(2967.66) offset(1000.09) 
105129	105176	initial+	1	3	{GlimmerHMM_glimmerT_5834-T1;GlimmerHMM},{GeneMark_model.6256_t;GeneMark}
105177	105318	INTRON			{GlimmerHMM_glimmerT_5834-T1;GlimmerHMM},{GeneMark_model.6256_t;GeneMark}
105319	105534	internal+	1	3	{GlimmerHMM_glimmerT_5834-T1;GlimmerHMM},{GeneMark_model.6256_t;GeneMark}
105535	105634	INTRON			{GlimmerHMM_glimmerT_5834-T1;GlimmerHMM},{GeneMark_model.6256_t;GeneMark},{Augustus_model.g4857.t1;Augustus}
105635	105742	internal+	1	3	{GlimmerHMM_glimmerT_5834-T1;GlimmerHMM},{GeneMark_model.6256_t;GeneMark},{Augustus_model.g4857.t1;Augustus}
105743	105944	INTRON			{GeneMark_model.6256_t;GeneMark},{Augustus_model.g4857.t1;Augustus}
105945	105974	internal+	1	3	{GeneMark_model.6256_t;GeneMark},{Augustus_model.g4857.t1;Augustus}
105975	106077	INTRON			{GeneMark_model.6256_t;GeneMark},{Augustus_model.g4857.t1;Augustus}
106078	106233	terminal+	1	3	{GlimmerHMM_glimmerT_5834-T1;GlimmerHMM},{GeneMark_model.6256_t;GeneMark},{Augustus_model.g4857.t1;Augustus}

# EVM prediction: Mode:STANDARD S-ratio: 2.46 106766-108599 orient(+) score(5951.00) noncoding_equivalent(2420.27) raw_noncoding(3040.00) offset(619.73) 
106766	106907	initial+	1	1	{GeneMark_model.6257_t;GeneMark},{Augustus_model.g4858.t1;Augustus},{GlimmerHMM_glimmerT_5835-T1;GlimmerHMM}
106908	107174	INTRON			{GeneMark_model.6257_t;GeneMark},{Augustus_model.g4858.t1;Augustus},{GlimmerHMM_glimmerT_5835-T1;GlimmerHMM}
107175	107326	internal+	2	3	{GeneMark_model.6257_t;GeneMark},{Augustus_model.g4858.t1;Augustus},{GlimmerHMM_glimmerT_5835-T1;GlimmerHMM}
107327	107446	INTRON			{GeneMark_model.6257_t;GeneMark},{Augustus_model.g4858.t1;Augustus},{GlimmerHMM_glimmerT_5835-T1;GlimmerHMM}
107447	107637	internal+	1	2	{GeneMark_model.6257_t;GeneMark},{Augustus_model.g4858.t1;Augustus},{GlimmerHMM_glimmerT_5835-T1;GlimmerHMM}
107638	107705	INTRON			{GeneMark_model.6257_t;GeneMark},{Augustus_model.g4858.t1;Augustus},{GlimmerHMM_glimmerT_5835-T1;GlimmerHMM}
107706	107762	internal+	3	2	{GeneMark_model.6257_t;GeneMark},{Augustus_model.g4858.t1;Augustus},{GlimmerHMM_glimmerT_5835-T1;GlimmerHMM}
107763	107842	INTRON			{GeneMark_model.6257_t;GeneMark},{Augustus_model.g4858.t1;Augustus}
107843	107998	internal+	3	2	{GeneMark_model.6257_t;GeneMark},{Augustus_model.g4858.t1;Augustus}
107999	108070	INTRON			{GeneMark_model.6257_t;GeneMark},{Augustus_model.g4858.t1;Augustus},{GlimmerHMM_glimmerT_5835-T1;GlimmerHMM}
108071	108599	terminal+	3	3	{GeneMark_model.6257_t;GeneMark},{Augustus_model.g4858.t1;Augustus},{GlimmerHMM_glimmerT_5835-T1;GlimmerHMM}

# EVM prediction: Mode:STANDARD S-ratio: 3.01 109458-113097 orient(+) score(11646.00) noncoding_equivalent(3866.20) raw_noncoding(4190.01) offset(323.82) 
109458	110391	initial+	1	1	{Augustus_model.g4859.t1;Augustus}
110392	110480	INTRON			{GlimmerHMM_glimmerT_5836-T1;GlimmerHMM},{Augustus_model.g4859.t1;Augustus},{GeneMark_model.6258_t;GeneMark}
110481	110612	internal+	2	1	{GlimmerHMM_glimmerT_5836-T1;GlimmerHMM},{Augustus_model.g4859.t1;Augustus},{GeneMark_model.6258_t;GeneMark}
110613	110692	INTRON			{GlimmerHMM_glimmerT_5836-T1;GlimmerHMM},{Augustus_model.g4859.t1;Augustus},{GeneMark_model.6258_t;GeneMark}
110693	110839	internal+	2	1	{GlimmerHMM_glimmerT_5836-T1;GlimmerHMM},{Augustus_model.g4859.t1;Augustus},{GeneMark_model.6258_t;GeneMark}
110840	110905	INTRON			{GlimmerHMM_glimmerT_5836-T1;GlimmerHMM},{Augustus_model.g4859.t1;Augustus},{GeneMark_model.6258_t;GeneMark}
110906	111661	internal+	2	1	{GlimmerHMM_glimmerT_5836-T1;GlimmerHMM},{Augustus_model.g4859.t1;Augustus},{GeneMark_model.6258_t;GeneMark}
111662	111728	INTRON			{GlimmerHMM_glimmerT_5836-T1;GlimmerHMM},{Augustus_model.g4859.t1;Augustus},{GeneMark_model.6258_t;GeneMark},{ev_type:exonerate/ID=match.2566964.4429/Target=lcl|KQ954556_1_prot_KWU41138_1_6490;exonerate}
111729	111793	internal+	2	3	{GlimmerHMM_glimmerT_5836-T1;GlimmerHMM},{Augustus_model.g4859.t1;Augustus},{GeneMark_model.6258_t;GeneMark}
111794	111867	INTRON			{GlimmerHMM_glimmerT_5836-T1;GlimmerHMM},{Augustus_model.g4859.t1;Augustus},{GeneMark_model.6258_t;GeneMark}
111868	113097	terminal+	1	3	{GeneMark_model.6258_t;GeneMark}

# EVM prediction: Mode:STANDARD S-ratio: 1.64 113539-115676 orient(+) score(5413.00) noncoding_equivalent(3297.03) raw_noncoding(4430.66) offset(1133.62) 
113539	113541	initial+	1	3	{Augustus_model.g4860.t1;Augustus}
113542	113599	INTRON			{GeneMark_model.6259_t;GeneMark},{Augustus_model.g4860.t1;Augustus}
113600	113688	internal+	1	2	{GeneMark_model.6259_t;GeneMark},{Augustus_model.g4860.t1;Augustus}
113689	113758	INTRON			{GeneMark_model.6259_t;GeneMark},{Augustus_model.g4860.t1;Augustus}
113759	114131	internal+	3	3	{GeneMark_model.6259_t;GeneMark},{Augustus_model.g4860.t1;Augustus}
114132	114198	INTRON			{GeneMark_model.6259_t;GeneMark},{Augustus_model.g4860.t1;Augustus}
114199	114361	internal+	1	1	{GeneMark_model.6259_t;GeneMark},{Augustus_model.g4860.t1;Augustus}
114362	114442	INTRON			{GeneMark_model.6259_t;GeneMark},{Augustus_model.g4860.t1;Augustus}
114443	114583	internal+	2	1	{GeneMark_model.6259_t;GeneMark},{Augustus_model.g4860.t1;Augustus}
114584	114656	INTRON			{GeneMark_model.6259_t;GeneMark},{Augustus_model.g4860.t1;Augustus}
114657	114798	internal+	2	2	{GeneMark_model.6259_t;GeneMark},{GlimmerHMM_glimmerT_5836-T1;GlimmerHMM},{Augustus_model.g4860.t1;Augustus}
114799	114894	INTRON			{GeneMark_model.6259_t;GeneMark},{Augustus_model.g4860.t1;Augustus}
114895	114954	internal+	3	2	{GeneMark_model.6259_t;GeneMark},{Augustus_model.g4860.t1;Augustus}
114955	115031	INTRON			{GeneMark_model.6259_t;GeneMark},{Augustus_model.g4860.t1;Augustus}
115032	115174	internal+	3	1	{GeneMark_model.6259_t;GeneMark},{GlimmerHMM_glimmerT_5836-T1;GlimmerHMM},{Augustus_model.g4860.t1;Augustus}
115175	115257	INTRON			{GeneMark_model.6259_t;GeneMark},{GlimmerHMM_glimmerT_5836-T1;GlimmerHMM},{Augustus_model.g4860.t1;Augustus}
115258	115676	terminal+	2	3	{GeneMark_model.6259_t;GeneMark},{GlimmerHMM_glimmerT_5836-T1;GlimmerHMM},{Augustus_model.g4860.t1;Augustus}

# EVM prediction: Mode:STANDARD S-ratio: 3.79 115910-118148 orient(-) score(7489.00) noncoding_equivalent(1974.20) raw_noncoding(2209.00) offset(234.80) 
116283	115910	terminal-	5	6	{GlimmerHMM_glimmerT_5837-T1;GlimmerHMM},{Augustus_model.g4861.t1;Augustus},{GeneMark_model.6260_t;GeneMark}
116355	116284	INTRON			{GlimmerHMM_glimmerT_5837-T1;GlimmerHMM},{Augustus_model.g4861.t1;Augustus},{GeneMark_model.6260_t;GeneMark}
117476	116356	internal-	6	4	{Augustus_model.g4861.t1;Augustus}
117535	117477	INTRON			{GlimmerHMM_glimmerT_5837-T1;GlimmerHMM},{Augustus_model.g4861.t1;Augustus},{GeneMark_model.6260_t;GeneMark}
117656	117536	internal-	5	5	{GlimmerHMM_glimmerT_5837-T1;GlimmerHMM},{Augustus_model.g4861.t1;Augustus},{GeneMark_model.6260_t;GeneMark}
117724	117657	INTRON			{GlimmerHMM_glimmerT_5837-T1;GlimmerHMM},{Augustus_model.g4861.t1;Augustus},{GeneMark_model.6260_t;GeneMark}
117811	117725	internal-	5	4	{GlimmerHMM_glimmerT_5837-T1;GlimmerHMM},{Augustus_model.g4861.t1;Augustus},{GeneMark_model.6260_t;GeneMark}
117874	117812	INTRON			{GlimmerHMM_glimmerT_5837-T1;GlimmerHMM},{Augustus_model.g4861.t1;Augustus},{GeneMark_model.6260_t;GeneMark}
118148	117875	initial-	4	4	{GlimmerHMM_glimmerT_5837-T1;GlimmerHMM},{GeneMark_model.6260_t;GeneMark}

# EVM prediction: Mode:STANDARD S-ratio: 4.44 118644-120028 orient(-) score(9044.00) noncoding_equivalent(2038.00) raw_noncoding(2600.00) offset(562.00) 
118744	118644	terminal-	5	6	{HiQ_model.g4862.t1;HiQ},{GeneMark_model.6261_t;GeneMark},{GlimmerHMM_glimmerT_5838-T1;GlimmerHMM}
118864	118745	INTRON			{HiQ_model.g4862.t1;HiQ},{GeneMark_model.6261_t;GeneMark},{GlimmerHMM_glimmerT_5838-T1;GlimmerHMM},{ev_type:exonerate/ID=match.2566964.4399/Target=lcl|PJQD01000040_1_prot_POY73144_1_3913;exonerate},{ev_type:exonerate/ID=match.2566964.4398/Target=lcl|KQ954556_1_prot_KWU41145_1_6497;exonerate}
118892	118865	internal-	4	4	{HiQ_model.g4862.t1;HiQ},{GeneMark_model.6261_t;GeneMark},{GlimmerHMM_glimmerT_5838-T1;GlimmerHMM},{ev_type:exonerate/ID=match.2566964.4399/Target=lcl|PJQD01000040_1_prot_POY73144_1_3913;exonerate},{ev_type:exonerate/ID=match.2566964.4398/Target=lcl|KQ954556_1_prot_KWU41145_1_6497;exonerate}
118981	118893	INTRON			{HiQ_model.g4862.t1;HiQ},{GeneMark_model.6261_t;GeneMark},{GlimmerHMM_glimmerT_5838-T1;GlimmerHMM},{ev_type:exonerate/ID=match.2566964.4399/Target=lcl|PJQD01000040_1_prot_POY73144_1_3913;exonerate},{ev_type:exonerate/ID=match.2566964.4398/Target=lcl|KQ954556_1_prot_KWU41145_1_6497;exonerate}
119312	118982	internal-	6	6	{HiQ_model.g4862.t1;HiQ},{GeneMark_model.6261_t;GeneMark},{GlimmerHMM_glimmerT_5838-T1;GlimmerHMM},{ev_type:exonerate/ID=match.2566964.4398/Target=lcl|KQ954556_1_prot_KWU41145_1_6497;exonerate}
119378	119313	INTRON			{HiQ_model.g4862.t1;HiQ},{snap_scaffold_16-snap.208-T1;snap},{GeneMark_model.6261_t;GeneMark},{GlimmerHMM_glimmerT_5838-T1;GlimmerHMM},{ev_type:exonerate/ID=match.2566964.4399/Target=lcl|PJQD01000040_1_prot_POY73144_1_3913;exonerate},{ev_type:exonerate/ID=match.2566964.4398/Target=lcl|KQ954556_1_prot_KWU41145_1_6497;exonerate}
119501	119379	internal-	6	5	{HiQ_model.g4862.t1;HiQ},{GeneMark_model.6261_t;GeneMark},{GlimmerHMM_glimmerT_5838-T1;GlimmerHMM},{ev_type:exonerate/ID=match.2566964.4399/Target=lcl|PJQD01000040_1_prot_POY73144_1_3913;exonerate},{ev_type:exonerate/ID=match.2566964.4398/Target=lcl|KQ954556_1_prot_KWU41145_1_6497;exonerate}
119573	119502	INTRON			{HiQ_model.g4862.t1;HiQ},{GeneMark_model.6261_t;GeneMark},{GlimmerHMM_glimmerT_5838-T1;GlimmerHMM},{ev_type:exonerate/ID=match.2566964.4399/Target=lcl|PJQD01000040_1_prot_POY73144_1_3913;exonerate},{ev_type:exonerate/ID=match.2566964.4398/Target=lcl|KQ954556_1_prot_KWU41145_1_6497;exonerate}
120028	119574	initial-	4	5	{HiQ_model.g4862.t1;HiQ},{GeneMark_model.6261_t;GeneMark},{GlimmerHMM_glimmerT_5838-T1;GlimmerHMM}

# EVM prediction: Mode:STANDARD S-ratio: 2.21 121115-123880 orient(-) score(9245.00) noncoding_equivalent(4185.20) raw_noncoding(4909.07) offset(723.87) 
121266	121115	terminal-	5	6	{GeneMark_model.6262_t;GeneMark},{Augustus_model.g4863.t1;Augustus}
121342	121267	INTRON			{GeneMark_model.6262_t;GeneMark},{Augustus_model.g4863.t1;Augustus},{ev_type:exonerate/ID=match.2566964.4400/Target=lcl|KQ954556_1_prot_KWU41146_1_6498;exonerate}
121462	121343	internal-	5	4	{GeneMark_model.6262_t;GeneMark},{GlimmerHMM_glimmerT_5839-T1;GlimmerHMM},{Augustus_model.g4863.t1;Augustus},{ev_type:exonerate/ID=match.2566964.4400/Target=lcl|KQ954556_1_prot_KWU41146_1_6498;exonerate}
121529	121463	INTRON			{GeneMark_model.6262_t;GeneMark},{GlimmerHMM_glimmerT_5839-T1;GlimmerHMM},{Augustus_model.g4863.t1;Augustus},{ev_type:exonerate/ID=match.2566964.4400/Target=lcl|KQ954556_1_prot_KWU41146_1_6498;exonerate}
121774	121530	internal-	6	4	{GeneMark_model.6262_t;GeneMark},{GlimmerHMM_glimmerT_5839-T1;GlimmerHMM},{Augustus_model.g4863.t1;Augustus},{ev_type:exonerate/ID=match.2566964.4400/Target=lcl|KQ954556_1_prot_KWU41146_1_6498;exonerate}
121836	121775	INTRON			{GeneMark_model.6262_t;GeneMark},{GlimmerHMM_glimmerT_5839-T1;GlimmerHMM},{Augustus_model.g4863.t1;Augustus},{ev_type:exonerate/ID=match.2566964.4400/Target=lcl|KQ954556_1_prot_KWU41146_1_6498;exonerate}
122044	121837	internal-	5	5	{GeneMark_model.6262_t;GeneMark},{GlimmerHMM_glimmerT_5839-T1;GlimmerHMM},{Augustus_model.g4863.t1;Augustus}
122118	122045	INTRON			{GeneMark_model.6262_t;GeneMark},{GlimmerHMM_glimmerT_5839-T1;GlimmerHMM},{Augustus_model.g4863.t1;Augustus}
122177	122119	internal-	6	4	{GeneMark_model.6262_t;GeneMark},{GlimmerHMM_glimmerT_5839-T1;GlimmerHMM},{Augustus_model.g4863.t1;Augustus}
122245	122178	INTRON			{GeneMark_model.6262_t;GeneMark},{GlimmerHMM_glimmerT_5839-T1;GlimmerHMM},{Augustus_model.g4863.t1;Augustus},{ev_type:exonerate/ID=match.2566964.4400/Target=lcl|KQ954556_1_prot_KWU41146_1_6498;exonerate}
122319	122246	internal-	4	5	{GeneMark_model.6262_t;GeneMark},{GlimmerHMM_glimmerT_5839-T1;GlimmerHMM},{Augustus_model.g4863.t1;Augustus},{ev_type:exonerate/ID=match.2566964.4400/Target=lcl|KQ954556_1_prot_KWU41146_1_6498;exonerate}
122378	122320	INTRON			{GeneMark_model.6262_t;GeneMark},{GlimmerHMM_glimmerT_5839-T1;GlimmerHMM},{Augustus_model.g4863.t1;Augustus},{ev_type:exonerate/ID=match.2566964.4400/Target=lcl|KQ954556_1_prot_KWU41146_1_6498;exonerate}
122447	122379	internal-	4	6	{GeneMark_model.6262_t;GeneMark},{GlimmerHMM_glimmerT_5839-T1;GlimmerHMM}
122518	122448	INTRON			{GeneMark_model.6262_t;GeneMark},{GlimmerHMM_glimmerT_5839-T1;GlimmerHMM}
122530	122519	internal-	4	6	{GeneMark_model.6262_t;GeneMark},{GlimmerHMM_glimmerT_5839-T1;GlimmerHMM},{Augustus_model.g4863.t1;Augustus}
122617	122531	INTRON			{GeneMark_model.6262_t;GeneMark},{GlimmerHMM_glimmerT_5839-T1;GlimmerHMM},{Augustus_model.g4863.t1;Augustus}
122894	122618	internal-	6	6	{GeneMark_model.6262_t;GeneMark},{GlimmerHMM_glimmerT_5839-T1;GlimmerHMM},{Augustus_model.g4863.t1;Augustus}
122963	122895	INTRON			{GeneMark_model.6262_t;GeneMark},{GlimmerHMM_glimmerT_5839-T1;GlimmerHMM},{Augustus_model.g4863.t1;Augustus}
123880	122964	initial-	4	5	{GeneMark_model.6262_t;GeneMark},{GlimmerHMM_glimmerT_5839-T1;GlimmerHMM}

# EVM prediction: Mode:STANDARD S-ratio: 6.91 124185-126038 orient(-) score(6802.00) noncoding_equivalent(984.05) raw_noncoding(1177.05) offset(193.00) 
124380	124185	terminal-	6	6	{GeneMark_model.6263_t;GeneMark},{GlimmerHMM_glimmerT_5840-T1;GlimmerHMM}
124490	124381	INTRON			{GeneMark_model.6263_t;GeneMark},{GlimmerHMM_glimmerT_5840-T1;GlimmerHMM},{Augustus_model.g4863.t1;Augustus}
124703	124491	internal-	6	5	{GeneMark_model.6263_t;GeneMark},{GlimmerHMM_glimmerT_5840-T1;GlimmerHMM},{Augustus_model.g4863.t1;Augustus}
124782	124704	INTRON			{GeneMark_model.6263_t;GeneMark},{GlimmerHMM_glimmerT_5840-T1;GlimmerHMM},{Augustus_model.g4863.t1;Augustus}
126038	124783	initial-	4	5	{GeneMark_model.6263_t;GeneMark},{GlimmerHMM_glimmerT_5840-T1;GlimmerHMM},{Augustus_model.g4863.t1;Augustus}

# EVM prediction: Mode:STANDARD S-ratio: 3.97 126219-127546 orient(+) score(4642.00) noncoding_equivalent(1170.14) raw_noncoding(1467.66) offset(297.52) 
126219	126283	initial+	1	2	{GeneMark_model.6264_t;GeneMark},{GlimmerHMM_glimmerT_5841-T1;GlimmerHMM},{Augustus_model.g4864.t1;Augustus}
126284	126369	INTRON			{GeneMark_model.6264_t;GeneMark},{GlimmerHMM_glimmerT_5841-T1;GlimmerHMM},{snap_scaffold_16-snap.212-T1;snap}
126370	127040	internal+	3	1	{GeneMark_model.6264_t;GeneMark},{GlimmerHMM_glimmerT_5841-T1;GlimmerHMM}
127041	127128	INTRON			{GeneMark_model.6264_t;GeneMark},{GlimmerHMM_glimmerT_5841-T1;GlimmerHMM},{Augustus_model.g4864.t1;Augustus}
127129	127227	internal+	2	1	{GeneMark_model.6264_t;GeneMark},{GlimmerHMM_glimmerT_5841-T1;GlimmerHMM},{Augustus_model.g4864.t1;Augustus}
127228	127311	INTRON			{GeneMark_model.6264_t;GeneMark},{GlimmerHMM_glimmerT_5841-T1;GlimmerHMM},{Augustus_model.g4864.t1;Augustus}
127312	127420	internal+	2	2	{GeneMark_model.6264_t;GeneMark},{GlimmerHMM_glimmerT_5841-T1;GlimmerHMM},{Augustus_model.g4864.t1;Augustus}
127421	127521	INTRON			{GeneMark_model.6264_t;GeneMark},{Augustus_model.g4864.t1;Augustus}
127522	127546	terminal+	3	3	{GeneMark_model.6264_t;GeneMark},{Augustus_model.g4864.t1;Augustus}

# EVM prediction: Mode:STANDARD S-ratio: 1.00 128843-129500 orient(-) score(1316.00) noncoding_equivalent(1316.00) raw_noncoding(1456.00) offset(140.00) 
128991	128843	terminal-	5	6	{GeneMark_model.6265_t;GeneMark},{GlimmerHMM_glimmerT_5842-T1;GlimmerHMM}
129061	128992	INTRON			{GeneMark_model.6265_t;GeneMark},{GlimmerHMM_glimmerT_5842-T1;GlimmerHMM}
129500	129062	initial-	4	4	{GeneMark_model.6265_t;GeneMark},{GlimmerHMM_glimmerT_5842-T1;GlimmerHMM}

