!! Predictions spanning range 1905 - 140155 [R1]
# EVM prediction: Mode:STANDARD S-ratio: 11.76 1905-5774 orient(+) score(28898.00) noncoding_equivalent(2458.18) raw_noncoding(2898.00) offset(439.82) 
1905	2024	initial+	1	3	{GeneMark_model.4695_t;GeneMark},{Augustus_model.g3711.t1;Augustus}
2025	2129	INTRON			{GeneMark_model.4695_t;GeneMark},{Augustus_model.g3711.t1;Augustus},{ev_type:exonerate/ID=match.2566964.1700/Target=lcl|BJWK01000004_1_prot_GEM07760_1_1777;exonerate},{ev_type:exonerate/ID=match.2566964.1709/Target=lcl|PJQD01000013_1_prot_POY75658_1_742;exonerate},{ev_type:exonerate/ID=match.2566964.1702/Target=lcl|KQ954483_1_prot_KWU44024_1_3639;exonerate}
2130	2175	internal+	1	1	{GeneMark_model.4695_t;GeneMark},{Augustus_model.g3711.t1;Augustus},{ev_type:exonerate/ID=match.2566964.1700/Target=lcl|BJWK01000004_1_prot_GEM07760_1_1777;exonerate},{ev_type:exonerate/ID=match.2566964.1709/Target=lcl|PJQD01000013_1_prot_POY75658_1_742;exonerate},{ev_type:exonerate/ID=match.2566964.1702/Target=lcl|KQ954483_1_prot_KWU44024_1_3639;exonerate}
2176	2248	INTRON			{GeneMark_model.4695_t;GeneMark},{Augustus_model.g3711.t1;Augustus},{ev_type:exonerate/ID=match.2566964.1700/Target=lcl|BJWK01000004_1_prot_GEM07760_1_1777;exonerate},{ev_type:exonerate/ID=match.2566964.1709/Target=lcl|PJQD01000013_1_prot_POY75658_1_742;exonerate},{ev_type:exonerate/ID=match.2566964.1702/Target=lcl|KQ954483_1_prot_KWU44024_1_3639;exonerate}
2249	2320	internal+	2	1	{GeneMark_model.4695_t;GeneMark},{Augustus_model.g3711.t1;Augustus},{ev_type:exonerate/ID=match.2566964.1700/Target=lcl|BJWK01000004_1_prot_GEM07760_1_1777;exonerate},{ev_type:exonerate/ID=match.2566964.1709/Target=lcl|PJQD01000013_1_prot_POY75658_1_742;exonerate},{ev_type:exonerate/ID=match.2566964.1702/Target=lcl|KQ954483_1_prot_KWU44024_1_3639;exonerate}
2321	2392	INTRON			{GeneMark_model.4695_t;GeneMark},{Augustus_model.g3711.t1;Augustus},{ev_type:exonerate/ID=match.2566964.1700/Target=lcl|BJWK01000004_1_prot_GEM07760_1_1777;exonerate},{ev_type:exonerate/ID=match.2566964.1709/Target=lcl|PJQD01000013_1_prot_POY75658_1_742;exonerate},{ev_type:exonerate/ID=match.2566964.1702/Target=lcl|KQ954483_1_prot_KWU44024_1_3639;exonerate}
2393	2815	internal+	2	1	{GeneMark_model.4695_t;GeneMark},{Augustus_model.g3711.t1;Augustus},{ev_type:exonerate/ID=match.2566964.1700/Target=lcl|BJWK01000004_1_prot_GEM07760_1_1777;exonerate},{ev_type:exonerate/ID=match.2566964.1709/Target=lcl|PJQD01000013_1_prot_POY75658_1_742;exonerate},{ev_type:exonerate/ID=match.2566964.1702/Target=lcl|KQ954483_1_prot_KWU44024_1_3639;exonerate}
2816	2879	INTRON			{GlimmerHMM_glimmerT_4402-T1;GlimmerHMM},{GeneMark_model.4695_t;GeneMark},{Augustus_model.g3711.t1;Augustus},{ev_type:exonerate/ID=match.2566964.1700/Target=lcl|BJWK01000004_1_prot_GEM07760_1_1777;exonerate},{ev_type:exonerate/ID=match.2566964.1709/Target=lcl|PJQD01000013_1_prot_POY75658_1_742;exonerate},{ev_type:exonerate/ID=match.2566964.3678/Target=lcl|NW_017264929_1_prot_XP_018273897_1_1408;exonerate},{ev_type:exonerate/ID=match.2566964.1702/Target=lcl|KQ954483_1_prot_KWU44024_1_3639;exonerate}
2880	3178	internal+	2	3	{GlimmerHMM_glimmerT_4402-T1;GlimmerHMM},{GeneMark_model.4695_t;GeneMark},{Augustus_model.g3711.t1;Augustus},{ev_type:exonerate/ID=match.2566964.1700/Target=lcl|BJWK01000004_1_prot_GEM07760_1_1777;exonerate},{ev_type:exonerate/ID=match.2566964.1709/Target=lcl|PJQD01000013_1_prot_POY75658_1_742;exonerate},{ev_type:exonerate/ID=match.2566964.3678/Target=lcl|NW_017264929_1_prot_XP_018273897_1_1408;exonerate},{ev_type:exonerate/ID=match.2566964.1702/Target=lcl|KQ954483_1_prot_KWU44024_1_3639;exonerate}
3179	3246	INTRON			{GlimmerHMM_glimmerT_4402-T1;GlimmerHMM},{GeneMark_model.4695_t;GeneMark},{Augustus_model.g3711.t1;Augustus},{ev_type:exonerate/ID=match.2566964.1700/Target=lcl|BJWK01000004_1_prot_GEM07760_1_1777;exonerate},{ev_type:exonerate/ID=match.2566964.1709/Target=lcl|PJQD01000013_1_prot_POY75658_1_742;exonerate},{ev_type:exonerate/ID=match.2566964.3678/Target=lcl|NW_017264929_1_prot_XP_018273897_1_1408;exonerate},{ev_type:exonerate/ID=match.2566964.1702/Target=lcl|KQ954483_1_prot_KWU44024_1_3639;exonerate}
3247	3554	internal+	1	2	{GlimmerHMM_glimmerT_4402-T1;GlimmerHMM},{GeneMark_model.4695_t;GeneMark},{Augustus_model.g3711.t1;Augustus},{ev_type:exonerate/ID=match.2566964.1700/Target=lcl|BJWK01000004_1_prot_GEM07760_1_1777;exonerate},{ev_type:exonerate/ID=match.2566964.1709/Target=lcl|PJQD01000013_1_prot_POY75658_1_742;exonerate},{ev_type:exonerate/ID=match.2566964.3678/Target=lcl|NW_017264929_1_prot_XP_018273897_1_1408;exonerate},{ev_type:exonerate/ID=match.2566964.1702/Target=lcl|KQ954483_1_prot_KWU44024_1_3639;exonerate}
3555	3614	INTRON			{GlimmerHMM_glimmerT_4402-T1;GlimmerHMM},{GeneMark_model.4695_t;GeneMark},{Augustus_model.g3711.t1;Augustus},{ev_type:exonerate/ID=match.2566964.1700/Target=lcl|BJWK01000004_1_prot_GEM07760_1_1777;exonerate},{ev_type:exonerate/ID=match.2566964.1709/Target=lcl|PJQD01000013_1_prot_POY75658_1_742;exonerate},{ev_type:exonerate/ID=match.2566964.3678/Target=lcl|NW_017264929_1_prot_XP_018273897_1_1408;exonerate},{ev_type:exonerate/ID=match.2566964.1702/Target=lcl|KQ954483_1_prot_KWU44024_1_3639;exonerate}
3615	3840	internal+	3	3	{GlimmerHMM_glimmerT_4402-T1;GlimmerHMM},{GeneMark_model.4695_t;GeneMark},{Augustus_model.g3711.t1;Augustus},{ev_type:exonerate/ID=match.2566964.1700/Target=lcl|BJWK01000004_1_prot_GEM07760_1_1777;exonerate},{ev_type:exonerate/ID=match.2566964.1709/Target=lcl|PJQD01000013_1_prot_POY75658_1_742;exonerate},{ev_type:exonerate/ID=match.2566964.3678/Target=lcl|NW_017264929_1_prot_XP_018273897_1_1408;exonerate},{ev_type:exonerate/ID=match.2566964.1702/Target=lcl|KQ954483_1_prot_KWU44024_1_3639;exonerate}
3841	3901	INTRON			{GlimmerHMM_glimmerT_4402-T1;GlimmerHMM},{GeneMark_model.4695_t;GeneMark},{Augustus_model.g3711.t1;Augustus},{ev_type:exonerate/ID=match.2566964.1700/Target=lcl|BJWK01000004_1_prot_GEM07760_1_1777;exonerate},{ev_type:exonerate/ID=match.2566964.1709/Target=lcl|PJQD01000013_1_prot_POY75658_1_742;exonerate},{ev_type:exonerate/ID=match.2566964.3678/Target=lcl|NW_017264929_1_prot_XP_018273897_1_1408;exonerate},{ev_type:exonerate/ID=match.2566964.1702/Target=lcl|KQ954483_1_prot_KWU44024_1_3639;exonerate}
3902	4607	internal+	1	1	{GlimmerHMM_glimmerT_4402-T1;GlimmerHMM},{GeneMark_model.4695_t;GeneMark},{Augustus_model.g3711.t1;Augustus},{ev_type:exonerate/ID=match.2566964.1700/Target=lcl|BJWK01000004_1_prot_GEM07760_1_1777;exonerate},{ev_type:exonerate/ID=match.2566964.1709/Target=lcl|PJQD01000013_1_prot_POY75658_1_742;exonerate},{ev_type:exonerate/ID=match.2566964.3678/Target=lcl|NW_017264929_1_prot_XP_018273897_1_1408;exonerate},{ev_type:exonerate/ID=match.2566964.1702/Target=lcl|KQ954483_1_prot_KWU44024_1_3639;exonerate}
4608	4671	INTRON			{GlimmerHMM_glimmerT_4402-T1;GlimmerHMM},{GeneMark_model.4695_t;GeneMark},{Augustus_model.g3711.t1;Augustus},{snap_scaffold_10-snap.379-T1;snap},{ev_type:exonerate/ID=match.2566964.1700/Target=lcl|BJWK01000004_1_prot_GEM07760_1_1777;exonerate},{ev_type:exonerate/ID=match.2566964.1709/Target=lcl|PJQD01000013_1_prot_POY75658_1_742;exonerate},{ev_type:exonerate/ID=match.2566964.3678/Target=lcl|NW_017264929_1_prot_XP_018273897_1_1408;exonerate},{ev_type:exonerate/ID=match.2566964.1702/Target=lcl|KQ954483_1_prot_KWU44024_1_3639;exonerate}
4672	5774	terminal+	2	3	{GlimmerHMM_glimmerT_4402-T1;GlimmerHMM},{GeneMark_model.4695_t;GeneMark},{Augustus_model.g3711.t1;Augustus},{snap_scaffold_10-snap.379-T1;snap}

# EVM prediction: Mode:STANDARD S-ratio: 2.76 5955-9380 orient(-) score(10897.00) noncoding_equivalent(3948.60) raw_noncoding(4473.00) offset(524.40) 
6128	5955	terminal-	4	6	{GlimmerHMM_glimmerT_4403-T1;GlimmerHMM},{GeneMark_model.4696_t;GeneMark}
6197	6129	INTRON			{GlimmerHMM_glimmerT_4403-T1;GlimmerHMM},{Augustus_model.g3712.t1;Augustus},{GeneMark_model.4696_t;GeneMark}
6398	6198	internal-	4	6	{GlimmerHMM_glimmerT_4403-T1;GlimmerHMM},{Augustus_model.g3712.t1;Augustus},{GeneMark_model.4696_t;GeneMark}
6475	6399	INTRON			{GlimmerHMM_glimmerT_4403-T1;GlimmerHMM},{Augustus_model.g3712.t1;Augustus},{GeneMark_model.4696_t;GeneMark}
6607	6476	internal-	4	6	{GlimmerHMM_glimmerT_4403-T1;GlimmerHMM},{Augustus_model.g3712.t1;Augustus},{GeneMark_model.4696_t;GeneMark}
6674	6608	INTRON			{GlimmerHMM_glimmerT_4403-T1;GlimmerHMM},{Augustus_model.g3712.t1;Augustus},{GeneMark_model.4696_t;GeneMark}
6824	6675	internal-	4	6	{GlimmerHMM_glimmerT_4403-T1;GlimmerHMM},{Augustus_model.g3712.t1;Augustus},{GeneMark_model.4696_t;GeneMark}
6888	6825	INTRON			{GlimmerHMM_glimmerT_4403-T1;GlimmerHMM},{Augustus_model.g3712.t1;Augustus},{GeneMark_model.4696_t;GeneMark}
7017	6889	internal-	4	6	{GlimmerHMM_glimmerT_4403-T1;GlimmerHMM},{Augustus_model.g3712.t1;Augustus},{GeneMark_model.4696_t;GeneMark}
7093	7018	INTRON			{GlimmerHMM_glimmerT_4403-T1;GlimmerHMM},{Augustus_model.g3712.t1;Augustus},{GeneMark_model.4696_t;GeneMark}
7756	7094	internal-	4	6	{GlimmerHMM_glimmerT_4403-T1;GlimmerHMM},{Augustus_model.g3712.t1;Augustus},{GeneMark_model.4696_t;GeneMark}
7818	7757	INTRON			{GlimmerHMM_glimmerT_4403-T1;GlimmerHMM},{Augustus_model.g3712.t1;Augustus},{GeneMark_model.4696_t;GeneMark}
7992	7819	internal-	4	6	{GlimmerHMM_glimmerT_4403-T1;GlimmerHMM},{Augustus_model.g3712.t1;Augustus},{GeneMark_model.4696_t;GeneMark}
8065	7993	INTRON			{GlimmerHMM_glimmerT_4403-T1;GlimmerHMM},{Augustus_model.g3712.t1;Augustus},{GeneMark_model.4696_t;GeneMark}
8977	8066	internal-	4	6	{GlimmerHMM_glimmerT_4403-T1;GlimmerHMM},{Augustus_model.g3712.t1;Augustus},{GeneMark_model.4696_t;GeneMark}
9077	8978	INTRON			{GlimmerHMM_glimmerT_4403-T1;GlimmerHMM},{Augustus_model.g3712.t1;Augustus},{GeneMark_model.4696_t;GeneMark}
9380	9078	initial-	4	6	{GlimmerHMM_glimmerT_4403-T1;GlimmerHMM},{Augustus_model.g3712.t1;Augustus},{GeneMark_model.4696_t;GeneMark}

# EVM prediction: Mode:STANDARD S-ratio: 7.06 9983-11621 orient(-) score(5979.00) noncoding_equivalent(846.32) raw_noncoding(994.00) offset(147.68) 
11038	9983	terminal-	4	6	{snap_scaffold_10-snap.381-T1;snap},{GlimmerHMM_glimmerT_4404-T1;GlimmerHMM},{GeneMark_model.4697_t;GeneMark},{Augustus_model.g3713.t1;Augustus}
11111	11039	INTRON			{GlimmerHMM_glimmerT_4404-T1;GlimmerHMM},{GeneMark_model.4697_t;GeneMark},{Augustus_model.g3713.t1;Augustus}
11229	11112	internal-	6	6	{GlimmerHMM_glimmerT_4404-T1;GlimmerHMM},{GeneMark_model.4697_t;GeneMark},{Augustus_model.g3713.t1;Augustus}
11295	11230	INTRON			{GlimmerHMM_glimmerT_4404-T1;GlimmerHMM},{GeneMark_model.4697_t;GeneMark},{Augustus_model.g3713.t1;Augustus}
11621	11296	initial-	4	5	{GlimmerHMM_glimmerT_4404-T1;GlimmerHMM},{GeneMark_model.4697_t;GeneMark},{Augustus_model.g3713.t1;Augustus}

# EVM prediction: Mode:STANDARD S-ratio: 3.86 14357-18326 orient(-) score(19578.00) noncoding_equivalent(5066.47) raw_noncoding(6262.00) offset(1195.53) 
14453	14357	terminal-	6	6	{GeneMark_model.4699_t;GeneMark},{Augustus_model.g3714.t1;Augustus}
14533	14454	INTRON			{GeneMark_model.4699_t;GeneMark},{Augustus_model.g3714.t1;Augustus}
14624	14534	internal-	5	5	{GeneMark_model.4699_t;GeneMark},{Augustus_model.g3714.t1;Augustus}
14712	14625	INTRON			{GeneMark_model.4699_t;GeneMark},{GlimmerHMM_glimmerT_4406-T1;GlimmerHMM},{Augustus_model.g3714.t1;Augustus},{ev_type:exonerate/ID=match.2566964.819/Target=lcl|KQ954483_1_prot_KWU44020_1_3635;exonerate}
14899	14713	internal-	4	4	{GeneMark_model.4699_t;GeneMark},{GlimmerHMM_glimmerT_4406-T1;GlimmerHMM},{Augustus_model.g3714.t1;Augustus},{ev_type:exonerate/ID=match.2566964.823/Target=lcl|PJQD01000013_1_prot_POY75655_1_739;exonerate},{ev_type:exonerate/ID=match.2566964.819/Target=lcl|KQ954483_1_prot_KWU44020_1_3635;exonerate}
14963	14900	INTRON			{GeneMark_model.4699_t;GeneMark},{GlimmerHMM_glimmerT_4406-T1;GlimmerHMM},{Augustus_model.g3714.t1;Augustus},{ev_type:exonerate/ID=match.2566964.823/Target=lcl|PJQD01000013_1_prot_POY75655_1_739;exonerate},{ev_type:exonerate/ID=match.2566964.819/Target=lcl|KQ954483_1_prot_KWU44020_1_3635;exonerate}
15104	14964	internal-	4	6	{GeneMark_model.4699_t;GeneMark},{GlimmerHMM_glimmerT_4406-T1;GlimmerHMM},{Augustus_model.g3714.t1;Augustus},{ev_type:exonerate/ID=match.2566964.823/Target=lcl|PJQD01000013_1_prot_POY75655_1_739;exonerate},{ev_type:exonerate/ID=match.2566964.819/Target=lcl|KQ954483_1_prot_KWU44020_1_3635;exonerate}
15170	15105	INTRON			{GeneMark_model.4699_t;GeneMark},{GlimmerHMM_glimmerT_4406-T1;GlimmerHMM},{Augustus_model.g3714.t1;Augustus},{ev_type:exonerate/ID=match.2566964.823/Target=lcl|PJQD01000013_1_prot_POY75655_1_739;exonerate},{ev_type:exonerate/ID=match.2566964.819/Target=lcl|KQ954483_1_prot_KWU44020_1_3635;exonerate}
15332	15171	internal-	4	6	{GeneMark_model.4699_t;GeneMark},{GlimmerHMM_glimmerT_4406-T1;GlimmerHMM},{Augustus_model.g3714.t1;Augustus},{ev_type:exonerate/ID=match.2566964.823/Target=lcl|PJQD01000013_1_prot_POY75655_1_739;exonerate},{ev_type:exonerate/ID=match.2566964.819/Target=lcl|KQ954483_1_prot_KWU44020_1_3635;exonerate}
15388	15333	INTRON			{GeneMark_model.4699_t;GeneMark},{GlimmerHMM_glimmerT_4406-T1;GlimmerHMM},{Augustus_model.g3714.t1;Augustus},{ev_type:exonerate/ID=match.2566964.823/Target=lcl|PJQD01000013_1_prot_POY75655_1_739;exonerate},{ev_type:exonerate/ID=match.2566964.819/Target=lcl|KQ954483_1_prot_KWU44020_1_3635;exonerate}
15538	15389	internal-	4	6	{GeneMark_model.4699_t;GeneMark},{Augustus_model.g3714.t1;Augustus},{ev_type:exonerate/ID=match.2566964.823/Target=lcl|PJQD01000013_1_prot_POY75655_1_739;exonerate},{ev_type:exonerate/ID=match.2566964.819/Target=lcl|KQ954483_1_prot_KWU44020_1_3635;exonerate}
15601	15539	INTRON			{GeneMark_model.4699_t;GeneMark},{Augustus_model.g3714.t1;Augustus},{ev_type:exonerate/ID=match.2566964.823/Target=lcl|PJQD01000013_1_prot_POY75655_1_739;exonerate},{ev_type:exonerate/ID=match.2566964.819/Target=lcl|KQ954483_1_prot_KWU44020_1_3635;exonerate}
15657	15602	internal-	5	6	{GeneMark_model.4699_t;GeneMark},{Augustus_model.g3714.t1;Augustus},{ev_type:exonerate/ID=match.2566964.823/Target=lcl|PJQD01000013_1_prot_POY75655_1_739;exonerate},{ev_type:exonerate/ID=match.2566964.819/Target=lcl|KQ954483_1_prot_KWU44020_1_3635;exonerate}
15721	15658	INTRON			{GeneMark_model.4699_t;GeneMark},{GlimmerHMM_glimmerT_4406-T1;GlimmerHMM},{Augustus_model.g3714.t1;Augustus},{ev_type:exonerate/ID=match.2566964.823/Target=lcl|PJQD01000013_1_prot_POY75655_1_739;exonerate},{ev_type:exonerate/ID=match.2566964.819/Target=lcl|KQ954483_1_prot_KWU44020_1_3635;exonerate}
15977	15722	internal-	4	4	{GeneMark_model.4699_t;GeneMark},{GlimmerHMM_glimmerT_4406-T1;GlimmerHMM},{Augustus_model.g3714.t1;Augustus},{ev_type:exonerate/ID=match.2566964.823/Target=lcl|PJQD01000013_1_prot_POY75655_1_739;exonerate},{ev_type:exonerate/ID=match.2566964.819/Target=lcl|KQ954483_1_prot_KWU44020_1_3635;exonerate}
16041	15978	INTRON			{GeneMark_model.4699_t;GeneMark},{GlimmerHMM_glimmerT_4406-T1;GlimmerHMM},{Augustus_model.g3714.t1;Augustus},{ev_type:exonerate/ID=match.2566964.823/Target=lcl|PJQD01000013_1_prot_POY75655_1_739;exonerate},{ev_type:exonerate/ID=match.2566964.819/Target=lcl|KQ954483_1_prot_KWU44020_1_3635;exonerate}
16146	16042	internal-	4	6	{GeneMark_model.4699_t;GeneMark},{GlimmerHMM_glimmerT_4406-T1;GlimmerHMM},{Augustus_model.g3714.t1;Augustus},{ev_type:exonerate/ID=match.2566964.823/Target=lcl|PJQD01000013_1_prot_POY75655_1_739;exonerate},{ev_type:exonerate/ID=match.2566964.819/Target=lcl|KQ954483_1_prot_KWU44020_1_3635;exonerate}
16207	16147	INTRON			{GeneMark_model.4699_t;GeneMark},{GlimmerHMM_glimmerT_4406-T1;GlimmerHMM},{Augustus_model.g3714.t1;Augustus},{ev_type:exonerate/ID=match.2566964.823/Target=lcl|PJQD01000013_1_prot_POY75655_1_739;exonerate},{ev_type:exonerate/ID=match.2566964.819/Target=lcl|KQ954483_1_prot_KWU44020_1_3635;exonerate}
16441	16208	internal-	4	6	{GeneMark_model.4699_t;GeneMark},{GlimmerHMM_glimmerT_4406-T1;GlimmerHMM},{Augustus_model.g3714.t1;Augustus},{ev_type:exonerate/ID=match.2566964.823/Target=lcl|PJQD01000013_1_prot_POY75655_1_739;exonerate},{ev_type:exonerate/ID=match.2566964.819/Target=lcl|KQ954483_1_prot_KWU44020_1_3635;exonerate}
16512	16442	INTRON			{GeneMark_model.4699_t;GeneMark},{GlimmerHMM_glimmerT_4406-T1;GlimmerHMM},{Augustus_model.g3714.t1;Augustus},{ev_type:exonerate/ID=match.2566964.823/Target=lcl|PJQD01000013_1_prot_POY75655_1_739;exonerate},{ev_type:exonerate/ID=match.2566964.819/Target=lcl|KQ954483_1_prot_KWU44020_1_3635;exonerate}
17067	16513	internal-	4	6	{GeneMark_model.4699_t;GeneMark},{GlimmerHMM_glimmerT_4406-T1;GlimmerHMM},{Augustus_model.g3714.t1;Augustus},{ev_type:exonerate/ID=match.2566964.823/Target=lcl|PJQD01000013_1_prot_POY75655_1_739;exonerate},{ev_type:exonerate/ID=match.2566964.819/Target=lcl|KQ954483_1_prot_KWU44020_1_3635;exonerate}
17133	17068	INTRON			{GeneMark_model.4699_t;GeneMark},{GlimmerHMM_glimmerT_4406-T1;GlimmerHMM},{Augustus_model.g3714.t1;Augustus},{ev_type:exonerate/ID=match.2566964.823/Target=lcl|PJQD01000013_1_prot_POY75655_1_739;exonerate},{ev_type:exonerate/ID=match.2566964.819/Target=lcl|KQ954483_1_prot_KWU44020_1_3635;exonerate}
17363	17134	internal-	5	6	{GeneMark_model.4699_t;GeneMark},{GlimmerHMM_glimmerT_4406-T1;GlimmerHMM},{Augustus_model.g3714.t1;Augustus},{ev_type:exonerate/ID=match.2566964.823/Target=lcl|PJQD01000013_1_prot_POY75655_1_739;exonerate},{ev_type:exonerate/ID=match.2566964.819/Target=lcl|KQ954483_1_prot_KWU44020_1_3635;exonerate}
17429	17364	INTRON			{GeneMark_model.4699_t;GeneMark},{GlimmerHMM_glimmerT_4406-T1;GlimmerHMM},{Augustus_model.g3714.t1;Augustus},{ev_type:exonerate/ID=match.2566964.823/Target=lcl|PJQD01000013_1_prot_POY75655_1_739;exonerate},{ev_type:exonerate/ID=match.2566964.819/Target=lcl|KQ954483_1_prot_KWU44020_1_3635;exonerate}
17573	17430	internal-	5	4	{GeneMark_model.4699_t;GeneMark},{GlimmerHMM_glimmerT_4406-T1;GlimmerHMM},{Augustus_model.g3714.t1;Augustus},{ev_type:exonerate/ID=match.2566964.823/Target=lcl|PJQD01000013_1_prot_POY75655_1_739;exonerate},{ev_type:exonerate/ID=match.2566964.819/Target=lcl|KQ954483_1_prot_KWU44020_1_3635;exonerate}
17648	17574	INTRON			{GeneMark_model.4699_t;GeneMark},{GlimmerHMM_glimmerT_4406-T1;GlimmerHMM},{Augustus_model.g3714.t1;Augustus},{ev_type:exonerate/ID=match.2566964.823/Target=lcl|PJQD01000013_1_prot_POY75655_1_739;exonerate},{ev_type:exonerate/ID=match.2566964.819/Target=lcl|KQ954483_1_prot_KWU44020_1_3635;exonerate}
17805	17649	internal-	4	4	{GeneMark_model.4699_t;GeneMark},{GlimmerHMM_glimmerT_4406-T1;GlimmerHMM},{Augustus_model.g3714.t1;Augustus}
17869	17806	INTRON			{GeneMark_model.4699_t;GeneMark},{Augustus_model.g3714.t1;Augustus}
17881	17870	internal-	4	6	{GeneMark_model.4699_t;GeneMark},{Augustus_model.g3714.t1;Augustus}
17955	17882	INTRON			{GeneMark_model.4699_t;GeneMark},{Augustus_model.g3714.t1;Augustus}
18017	17956	internal-	5	6	{GeneMark_model.4699_t;GeneMark},{GlimmerHMM_glimmerT_4406-T1;GlimmerHMM},{Augustus_model.g3714.t1;Augustus}
18085	18018	INTRON			{GeneMark_model.4699_t;GeneMark},{GlimmerHMM_glimmerT_4406-T1;GlimmerHMM},{Augustus_model.g3714.t1;Augustus},{ev_type:exonerate/ID=match.2566964.823/Target=lcl|PJQD01000013_1_prot_POY75655_1_739;exonerate},{ev_type:exonerate/ID=match.2566964.819/Target=lcl|KQ954483_1_prot_KWU44020_1_3635;exonerate}
18326	18086	initial-	4	4	{GeneMark_model.4699_t;GeneMark},{GlimmerHMM_glimmerT_4406-T1;GlimmerHMM},{Augustus_model.g3714.t1;Augustus}

# EVM prediction: Mode:STANDARD S-ratio: 150.75 19057-20877 orient(-) score(7236.00) noncoding_equivalent(48.00) raw_noncoding(48.00) offset(0.00) 
20877	19057	single-	4	6	{Augustus_model.g3715.t1;Augustus},{GlimmerHMM_glimmerT_4407-T1;GlimmerHMM},{GeneMark_model.4700_t;GeneMark}

# EVM prediction: Mode:STANDARD S-ratio: 3.54 22016-23067 orient(-) score(3696.00) noncoding_equivalent(1045.24) raw_noncoding(1326.42) offset(281.18) 
22547	22016	terminal-	6	6	{GlimmerHMM_glimmerT_4408-T1;GlimmerHMM},{snap_scaffold_10-snap.384-T1;snap},{GeneMark_model.4701_t;GeneMark},{Augustus_model.g3716.t1;Augustus}
22660	22548	INTRON			{GlimmerHMM_glimmerT_4408-T1;GlimmerHMM},{GeneMark_model.4701_t;GeneMark},{Augustus_model.g3716.t1;Augustus}
22722	22661	internal-	4	5	{GlimmerHMM_glimmerT_4408-T1;GlimmerHMM},{GeneMark_model.4701_t;GeneMark},{Augustus_model.g3716.t1;Augustus}
22881	22723	INTRON			{GlimmerHMM_glimmerT_4408-T1;GlimmerHMM},{GeneMark_model.4701_t;GeneMark},{Augustus_model.g3716.t1;Augustus}
23067	22882	initial-	4	6	{GlimmerHMM_glimmerT_4408-T1;GlimmerHMM},{GeneMark_model.4701_t;GeneMark},{Augustus_model.g3716.t1;Augustus}

# EVM prediction: Mode:STANDARD S-ratio: 5.46 23620-28663 orient(-) score(17599.00) noncoding_equivalent(3221.04) raw_noncoding(3457.39) offset(236.35) 
24118	23620	terminal-	6	6	{Augustus_model.g3717.t1;Augustus},{GeneMark_model.4702_t;GeneMark},{GlimmerHMM_glimmerT_4409-T1;GlimmerHMM}
24177	24119	INTRON			{Augustus_model.g3717.t1;Augustus},{GeneMark_model.4702_t;GeneMark},{GlimmerHMM_glimmerT_4409-T1;GlimmerHMM}
24747	24178	internal-	6	5	{Augustus_model.g3717.t1;Augustus},{GeneMark_model.4702_t;GeneMark},{GlimmerHMM_glimmerT_4409-T1;GlimmerHMM}
24812	24748	INTRON			{Augustus_model.g3717.t1;Augustus},{GeneMark_model.4702_t;GeneMark},{GlimmerHMM_glimmerT_4409-T1;GlimmerHMM}
25242	24813	internal-	5	5	{Augustus_model.g3717.t1;Augustus},{GeneMark_model.4702_t;GeneMark},{GlimmerHMM_glimmerT_4409-T1;GlimmerHMM}
25305	25243	INTRON			{Augustus_model.g3717.t1;Augustus},{GeneMark_model.4702_t;GeneMark},{GlimmerHMM_glimmerT_4409-T1;GlimmerHMM}
26652	25306	internal-	5	4	{Augustus_model.g3717.t1;Augustus},{GeneMark_model.4702_t;GeneMark},{GlimmerHMM_glimmerT_4409-T1;GlimmerHMM}
26712	26653	INTRON			{Augustus_model.g3717.t1;Augustus},{GeneMark_model.4702_t;GeneMark},{GlimmerHMM_glimmerT_4409-T1;GlimmerHMM}
28663	26713	initial-	4	4	{GeneMark_model.4702_t;GeneMark},{GlimmerHMM_glimmerT_4409-T1;GlimmerHMM}

# EVM prediction: Mode:STANDARD S-ratio: 3.07 30161-31347 orient(+) score(3971.00) noncoding_equivalent(1295.00) raw_noncoding(1484.00) offset(189.00) 
30161	30346	initial+	1	3	{GlimmerHMM_glimmerT_4410-T1;GlimmerHMM},{GeneMark_model.4703_t;GeneMark},{Augustus_model.g3718.t1;Augustus}
30347	30422	INTRON			{GlimmerHMM_glimmerT_4410-T1;GlimmerHMM},{Augustus_model.g3718.t1;Augustus}
30423	30506	internal+	1	3	{GlimmerHMM_glimmerT_4410-T1;GlimmerHMM},{Augustus_model.g3718.t1;Augustus}
30507	30578	INTRON			{GlimmerHMM_glimmerT_4410-T1;GlimmerHMM},{snap_scaffold_10-snap.387-T1;snap},{GeneMark_model.4703_t;GeneMark},{Augustus_model.g3718.t1;Augustus}
30579	30872	internal+	1	3	{GlimmerHMM_glimmerT_4410-T1;GlimmerHMM},{GeneMark_model.4703_t;GeneMark},{Augustus_model.g3718.t1;Augustus}
30873	30937	INTRON			{GlimmerHMM_glimmerT_4410-T1;GlimmerHMM},{GeneMark_model.4703_t;GeneMark},{Augustus_model.g3718.t1;Augustus}
30938	31101	internal+	1	2	{GlimmerHMM_glimmerT_4410-T1;GlimmerHMM},{GeneMark_model.4703_t;GeneMark},{Augustus_model.g3718.t1;Augustus}
31102	31162	INTRON			{GlimmerHMM_glimmerT_4410-T1;GlimmerHMM},{GeneMark_model.4703_t;GeneMark},{Augustus_model.g3718.t1;Augustus}
31163	31228	internal+	3	2	{GeneMark_model.4703_t;GeneMark},{Augustus_model.g3718.t1;Augustus}
31229	31289	INTRON			{GeneMark_model.4703_t;GeneMark},{Augustus_model.g3718.t1;Augustus}
31290	31347	terminal+	3	3	{GeneMark_model.4703_t;GeneMark},{Augustus_model.g3718.t1;Augustus}

# EVM prediction: Mode:STANDARD S-ratio: 59.00 32230-33174 orient(-) score(3717.00) noncoding_equivalent(63.00) raw_noncoding(63.00) offset(0.00) 
33174	32230	single-	4	6	{GeneMark_model.4704_t;GeneMark},{Augustus_model.g3719.t1;Augustus},{GlimmerHMM_glimmerT_4411-T1;GlimmerHMM}

# EVM prediction: Mode:STANDARD S-ratio: 13.95 33510-35447 orient(+) score(11804.00) noncoding_equivalent(846.40) raw_noncoding(957.00) offset(110.60) 
33510	33535	initial+	1	2	{Augustus_model.g3720.t1;Augustus},{GeneMark_model.4705_t;GeneMark},{GlimmerHMM_glimmerT_4412-T1;GlimmerHMM}
33536	33610	INTRON			{Augustus_model.g3720.t1;Augustus},{GeneMark_model.4705_t;GeneMark},{GlimmerHMM_glimmerT_4412-T1;GlimmerHMM},{ev_type:exonerate/ID=match.2566964.1663/Target=lcl|PJQD01000013_1_prot_POY75672_1_756;exonerate}
33611	33941	internal+	3	3	{Augustus_model.g3720.t1;Augustus},{GeneMark_model.4705_t;GeneMark},{GlimmerHMM_glimmerT_4412-T1;GlimmerHMM},{ev_type:exonerate/ID=match.2566964.1663/Target=lcl|PJQD01000013_1_prot_POY75672_1_756;exonerate}
33942	34022	INTRON			{Augustus_model.g3720.t1;Augustus},{GeneMark_model.4705_t;GeneMark},{GlimmerHMM_glimmerT_4412-T1;GlimmerHMM},{ev_type:exonerate/ID=match.2566964.1662/Target=lcl|KQ954483_1_prot_KWU44014_1_3629;exonerate},{ev_type:exonerate/ID=match.2566964.1663/Target=lcl|PJQD01000013_1_prot_POY75672_1_756;exonerate}
34023	35203	internal+	1	2	{Augustus_model.g3720.t1;Augustus},{GeneMark_model.4705_t;GeneMark},{GlimmerHMM_glimmerT_4412-T1;GlimmerHMM},{ev_type:exonerate/ID=match.2566964.1662/Target=lcl|KQ954483_1_prot_KWU44014_1_3629;exonerate},{ev_type:exonerate/ID=match.2566964.1663/Target=lcl|PJQD01000013_1_prot_POY75672_1_756;exonerate}
35204	35269	INTRON			{Augustus_model.g3720.t1;Augustus},{GeneMark_model.4705_t;GeneMark},{GlimmerHMM_glimmerT_4412-T1;GlimmerHMM},{ev_type:exonerate/ID=match.2566964.1662/Target=lcl|KQ954483_1_prot_KWU44014_1_3629;exonerate},{ev_type:exonerate/ID=match.2566964.1663/Target=lcl|PJQD01000013_1_prot_POY75672_1_756;exonerate}
35270	35447	terminal+	3	3	{Augustus_model.g3720.t1;Augustus},{GeneMark_model.4705_t;GeneMark},{GlimmerHMM_glimmerT_4412-T1;GlimmerHMM}

# EVM prediction: Mode:STANDARD S-ratio: 2.50 35658-36200 orient(-) score(1731.00) noncoding_equivalent(691.54) raw_noncoding(803.85) offset(112.30) 
35734	35658	terminal-	5	6	{GlimmerHMM_glimmerT_4413-T1;GlimmerHMM},{GeneMark_model.4706_t;GeneMark},{Augustus_model.g3721.t1;Augustus}
35864	35735	INTRON			{GlimmerHMM_glimmerT_4413-T1;GlimmerHMM},{GeneMark_model.4706_t;GeneMark},{Augustus_model.g3721.t1;Augustus}
36074	35865	internal-	5	4	{GlimmerHMM_glimmerT_4413-T1;GlimmerHMM},{GeneMark_model.4706_t;GeneMark},{Augustus_model.g3721.t1;Augustus}
36157	36075	INTRON			{GeneMark_model.4706_t;GeneMark},{Augustus_model.g3721.t1;Augustus}
36200	36158	initial-	4	4	{GeneMark_model.4706_t;GeneMark},{Augustus_model.g3721.t1;Augustus}

# EVM prediction: Mode:STANDARD S-ratio: 4.23 36585-39508 orient(-) score(9795.00) noncoding_equivalent(2316.29) raw_noncoding(2719.10) offset(402.81) 
37000	36585	terminal-	5	6	{Augustus_model.g3722.t1;Augustus},{GeneMark_model.4707_t;GeneMark}
37080	37001	INTRON			{Augustus_model.g3722.t1;Augustus},{GeneMark_model.4707_t;GeneMark}
37261	37081	internal-	4	4	{Augustus_model.g3722.t1;Augustus},{GeneMark_model.4707_t;GeneMark}
37317	37262	INTRON			{Augustus_model.g3722.t1;Augustus},{GeneMark_model.4707_t;GeneMark}
37682	37318	internal-	5	6	{GlimmerHMM_glimmerT_4413-T1;GlimmerHMM},{Augustus_model.g3722.t1;Augustus},{GeneMark_model.4707_t;GeneMark}
37757	37683	INTRON			{GlimmerHMM_glimmerT_4413-T1;GlimmerHMM},{Augustus_model.g3722.t1;Augustus},{GeneMark_model.4707_t;GeneMark}
38064	37758	internal-	4	4	{GlimmerHMM_glimmerT_4413-T1;GlimmerHMM},{Augustus_model.g3722.t1;Augustus},{GeneMark_model.4707_t;GeneMark}
38120	38065	INTRON			{GlimmerHMM_glimmerT_4413-T1;GlimmerHMM},{Augustus_model.g3722.t1;Augustus},{GeneMark_model.4707_t;GeneMark}
38316	38121	internal-	6	6	{GlimmerHMM_glimmerT_4413-T1;GlimmerHMM},{Augustus_model.g3722.t1;Augustus},{GeneMark_model.4707_t;GeneMark}
38399	38317	INTRON			{GlimmerHMM_glimmerT_4413-T1;GlimmerHMM},{Augustus_model.g3722.t1;Augustus},{GeneMark_model.4707_t;GeneMark}
39508	38400	initial-	4	5	{GlimmerHMM_glimmerT_4413-T1;GlimmerHMM},{Augustus_model.g3722.t1;Augustus},{GeneMark_model.4707_t;GeneMark}

# EVM prediction: Mode:STANDARD S-ratio: 4.62 39883-41071 orient(-) score(3113.00) noncoding_equivalent(674.28) raw_noncoding(2031.89) offset(1357.61) 
40580	39883	terminal-	5	6	{snap_scaffold_10-snap.393-T1;snap},{GeneMark_model.4708_t;GeneMark}
41064	40581	INTRON			{snap_scaffold_10-snap.393-T1;snap}
41071	41065	initial-	4	4	{snap_scaffold_10-snap.393-T1;snap}

# EVM prediction: Mode:STANDARD S-ratio: 2.53 41679-43473 orient(+) score(5592.00) noncoding_equivalent(2213.36) raw_noncoding(2455.00) offset(241.64) 
41679	42690	initial+	1	1	{GeneMark_model.4709_t;GeneMark},{GlimmerHMM_glimmerT_4415-T1;GlimmerHMM}
42691	42791	INTRON			{GeneMark_model.4709_t;GeneMark},{Augustus_model.g3724.t1;Augustus},{GlimmerHMM_glimmerT_4415-T1;GlimmerHMM}
42792	43096	internal+	2	3	{GeneMark_model.4709_t;GeneMark},{Augustus_model.g3724.t1;Augustus},{GlimmerHMM_glimmerT_4415-T1;GlimmerHMM}
43097	43232	INTRON			{GeneMark_model.4709_t;GeneMark},{Augustus_model.g3724.t1;Augustus},{GlimmerHMM_glimmerT_4415-T1;GlimmerHMM}
43233	43306	internal+	1	2	{GeneMark_model.4709_t;GeneMark},{Augustus_model.g3724.t1;Augustus},{GlimmerHMM_glimmerT_4415-T1;GlimmerHMM}
43307	43388	INTRON			{GeneMark_model.4709_t;GeneMark},{Augustus_model.g3724.t1;Augustus},{GlimmerHMM_glimmerT_4415-T1;GlimmerHMM}
43389	43473	terminal+	3	3	{GeneMark_model.4709_t;GeneMark},{Augustus_model.g3724.t1;Augustus},{GlimmerHMM_glimmerT_4415-T1;GlimmerHMM}

# EVM prediction: Mode:STANDARD S-ratio: 2.12 44013-46528 orient(+) score(7093.00) noncoding_equivalent(3339.17) raw_noncoding(4121.00) offset(781.83) 
44013	44694	initial+	1	1	{GlimmerHMM_glimmerT_4416-T1;GlimmerHMM},{Augustus_model.g3725.t1;Augustus},{GeneMark_model.4710_t;GeneMark}
44695	44752	INTRON			{Augustus_model.g3725.t1;Augustus},{GeneMark_model.4710_t;GeneMark}
44753	44851	internal+	2	1	{Augustus_model.g3725.t1;Augustus},{GeneMark_model.4710_t;GeneMark}
44852	44915	INTRON			{Augustus_model.g3725.t1;Augustus},{GeneMark_model.4710_t;GeneMark}
44916	45017	internal+	2	1	{GlimmerHMM_glimmerT_4416-T1;GlimmerHMM},{Augustus_model.g3725.t1;Augustus},{GeneMark_model.4710_t;GeneMark}
45018	45076	INTRON			{Augustus_model.g3725.t1;Augustus},{GeneMark_model.4710_t;GeneMark}
45077	45746	internal+	2	2	{Augustus_model.g3725.t1;Augustus},{GeneMark_model.4710_t;GeneMark}
45747	45809	INTRON			{GlimmerHMM_glimmerT_4416-T1;GlimmerHMM},{Augustus_model.g3725.t1;Augustus},{GeneMark_model.4710_t;GeneMark}
45810	45906	internal+	3	3	{GlimmerHMM_glimmerT_4416-T1;GlimmerHMM},{Augustus_model.g3725.t1;Augustus},{GeneMark_model.4710_t;GeneMark}
45907	45970	INTRON			{GlimmerHMM_glimmerT_4416-T1;GlimmerHMM},{Augustus_model.g3725.t1;Augustus},{GeneMark_model.4710_t;GeneMark}
45971	46150	internal+	1	3	{GlimmerHMM_glimmerT_4416-T1;GlimmerHMM},{Augustus_model.g3725.t1;Augustus},{GeneMark_model.4710_t;GeneMark}
46151	46215	INTRON			{GlimmerHMM_glimmerT_4416-T1;GlimmerHMM},{Augustus_model.g3725.t1;Augustus},{GeneMark_model.4710_t;GeneMark}
46216	46377	internal+	1	3	{Augustus_model.g3725.t1;Augustus},{GeneMark_model.4710_t;GeneMark}
46378	46483	INTRON			{Augustus_model.g3725.t1;Augustus},{GeneMark_model.4710_t;GeneMark}
46484	46528	terminal+	1	3	{GlimmerHMM_glimmerT_4416-T1;GlimmerHMM},{Augustus_model.g3725.t1;Augustus},{GeneMark_model.4710_t;GeneMark}

# EVM prediction: Mode:STANDARD S-ratio: 14.34 46819-48809 orient(-) score(7684.00) noncoding_equivalent(536.00) raw_noncoding(548.00) offset(12.00) 
47363	46819	terminal-	5	6	{Augustus_model.g3726.t1;Augustus},{GeneMark_model.4711_t;GeneMark},{GlimmerHMM_glimmerT_4417-T1;GlimmerHMM}
47420	47364	INTRON			{Augustus_model.g3726.t1;Augustus},{GeneMark_model.4711_t;GeneMark},{GlimmerHMM_glimmerT_4417-T1;GlimmerHMM}
47565	47421	internal-	4	4	{Augustus_model.g3726.t1;Augustus},{GeneMark_model.4711_t;GeneMark},{GlimmerHMM_glimmerT_4417-T1;GlimmerHMM}
47642	47566	INTRON			{Augustus_model.g3726.t1;Augustus},{GeneMark_model.4711_t;GeneMark},{GlimmerHMM_glimmerT_4417-T1;GlimmerHMM}
48809	47643	initial-	4	6	{Augustus_model.g3726.t1;Augustus},{GeneMark_model.4711_t;GeneMark},{GlimmerHMM_glimmerT_4417-T1;GlimmerHMM}

# EVM prediction: Mode:STANDARD S-ratio: 5.12 49606-51045 orient(-) score(11991.00) noncoding_equivalent(2340.19) raw_noncoding(3075.09) offset(734.90) 
49670	49606	terminal-	5	6	{GlimmerHMM_glimmerT_4418-T1;GlimmerHMM},{HiQ_model.g3727.t1;HiQ},{GeneMark_model.4712_t;GeneMark}
49745	49671	INTRON			{GlimmerHMM_glimmerT_4418-T1;GlimmerHMM},{HiQ_model.g3727.t1;HiQ},{GeneMark_model.4712_t;GeneMark},{ev_type:exonerate/ID=match.2566964.3738/Target=lcl|PJQD01000013_1_prot_POY75681_1_765;exonerate},{ev_type:exonerate/ID=match.2566964.3745/Target=lcl|BJWK01000004_1_prot_GEM07796_1_1813;exonerate},{ev_type:exonerate/ID=match.2566964.3746/Target=lcl|LCTV02000003_1_prot_PRQ76372_1_5026;exonerate},{ev_type:exonerate/ID=match.2566964.3736/Target=lcl|KQ954483_1_prot_KWU44008_1_3623;exonerate}
49962	49746	internal-	4	4	{GlimmerHMM_glimmerT_4418-T1;GlimmerHMM},{HiQ_model.g3727.t1;HiQ},{GeneMark_model.4712_t;GeneMark},{ev_type:exonerate/ID=match.2566964.3738/Target=lcl|PJQD01000013_1_prot_POY75681_1_765;exonerate},{ev_type:exonerate/ID=match.2566964.3745/Target=lcl|BJWK01000004_1_prot_GEM07796_1_1813;exonerate},{ev_type:exonerate/ID=match.2566964.3746/Target=lcl|LCTV02000003_1_prot_PRQ76372_1_5026;exonerate},{ev_type:exonerate/ID=match.2566964.3736/Target=lcl|KQ954483_1_prot_KWU44008_1_3623;exonerate}
50042	49963	INTRON			{GlimmerHMM_glimmerT_4418-T1;GlimmerHMM},{HiQ_model.g3727.t1;HiQ},{GeneMark_model.4712_t;GeneMark},{ev_type:exonerate/ID=match.2566964.3738/Target=lcl|PJQD01000013_1_prot_POY75681_1_765;exonerate},{ev_type:exonerate/ID=match.2566964.3745/Target=lcl|BJWK01000004_1_prot_GEM07796_1_1813;exonerate},{ev_type:exonerate/ID=match.2566964.3746/Target=lcl|LCTV02000003_1_prot_PRQ76372_1_5026;exonerate},{ev_type:exonerate/ID=match.2566964.3736/Target=lcl|KQ954483_1_prot_KWU44008_1_3623;exonerate}
50130	50043	internal-	6	6	{GlimmerHMM_glimmerT_4418-T1;GlimmerHMM},{HiQ_model.g3727.t1;HiQ},{GeneMark_model.4712_t;GeneMark},{ev_type:exonerate/ID=match.2566964.3738/Target=lcl|PJQD01000013_1_prot_POY75681_1_765;exonerate},{ev_type:exonerate/ID=match.2566964.3745/Target=lcl|BJWK01000004_1_prot_GEM07796_1_1813;exonerate},{ev_type:exonerate/ID=match.2566964.3746/Target=lcl|LCTV02000003_1_prot_PRQ76372_1_5026;exonerate},{ev_type:exonerate/ID=match.2566964.3736/Target=lcl|KQ954483_1_prot_KWU44008_1_3623;exonerate}
50230	50131	INTRON			{GlimmerHMM_glimmerT_4418-T1;GlimmerHMM},{HiQ_model.g3727.t1;HiQ},{GeneMark_model.4712_t;GeneMark},{ev_type:exonerate/ID=match.2566964.3738/Target=lcl|PJQD01000013_1_prot_POY75681_1_765;exonerate},{ev_type:exonerate/ID=match.2566964.3745/Target=lcl|BJWK01000004_1_prot_GEM07796_1_1813;exonerate},{ev_type:exonerate/ID=match.2566964.3746/Target=lcl|LCTV02000003_1_prot_PRQ76372_1_5026;exonerate},{ev_type:exonerate/ID=match.2566964.3736/Target=lcl|KQ954483_1_prot_KWU44008_1_3623;exonerate}
50760	50231	internal-	4	5	{GlimmerHMM_glimmerT_4418-T1;GlimmerHMM},{HiQ_model.g3727.t1;HiQ},{GeneMark_model.4712_t;GeneMark},{ev_type:exonerate/ID=match.2566964.3738/Target=lcl|PJQD01000013_1_prot_POY75681_1_765;exonerate},{ev_type:exonerate/ID=match.2566964.3745/Target=lcl|BJWK01000004_1_prot_GEM07796_1_1813;exonerate},{ev_type:exonerate/ID=match.2566964.3746/Target=lcl|LCTV02000003_1_prot_PRQ76372_1_5026;exonerate},{ev_type:exonerate/ID=match.2566964.3736/Target=lcl|KQ954483_1_prot_KWU44008_1_3623;exonerate}
50874	50761	INTRON			{GlimmerHMM_glimmerT_4418-T1;GlimmerHMM},{HiQ_model.g3727.t1;HiQ},{GeneMark_model.4712_t;GeneMark},{ev_type:exonerate/ID=match.2566964.3738/Target=lcl|PJQD01000013_1_prot_POY75681_1_765;exonerate},{ev_type:exonerate/ID=match.2566964.3745/Target=lcl|BJWK01000004_1_prot_GEM07796_1_1813;exonerate},{ev_type:exonerate/ID=match.2566964.3746/Target=lcl|LCTV02000003_1_prot_PRQ76372_1_5026;exonerate},{ev_type:exonerate/ID=match.2566964.3736/Target=lcl|KQ954483_1_prot_KWU44008_1_3623;exonerate}
51045	50875	initial-	4	6	{HiQ_model.g3727.t1;HiQ},{GeneMark_model.4712_t;GeneMark}

# EVM prediction: Mode:STANDARD S-ratio: 3.53 51478-54726 orient(-) score(19936.00) noncoding_equivalent(5648.96) raw_noncoding(7407.79) offset(1758.82) 
51497	51478	terminal-	5	6	{GeneMark_model.4713_t;GeneMark},{HiQ_model.g3728.t1;HiQ}
51571	51498	INTRON			{GeneMark_model.4713_t;GeneMark},{HiQ_model.g3728.t1;HiQ},{ev_type:exonerate/ID=match.2566964.3698/Target=lcl|PJQD01000013_1_prot_POY75682_1_766;exonerate}
51641	51572	internal-	4	4	{GlimmerHMM_glimmerT_4418-T1;GlimmerHMM},{GeneMark_model.4713_t;GeneMark},{HiQ_model.g3728.t1;HiQ},{ev_type:exonerate/ID=match.2566964.3698/Target=lcl|PJQD01000013_1_prot_POY75682_1_766;exonerate}
51711	51642	INTRON			{GlimmerHMM_glimmerT_4418-T1;GlimmerHMM},{GeneMark_model.4713_t;GeneMark},{HiQ_model.g3728.t1;HiQ},{ev_type:exonerate/ID=match.2566964.3698/Target=lcl|PJQD01000013_1_prot_POY75682_1_766;exonerate},{ev_type:exonerate/ID=match.2566964.3697/Target=lcl|KQ954483_1_prot_KWU44007_1_3622;exonerate}
51792	51712	internal-	4	6	{GlimmerHMM_glimmerT_4418-T1;GlimmerHMM},{GeneMark_model.4713_t;GeneMark},{HiQ_model.g3728.t1;HiQ},{ev_type:exonerate/ID=match.2566964.3698/Target=lcl|PJQD01000013_1_prot_POY75682_1_766;exonerate},{ev_type:exonerate/ID=match.2566964.3697/Target=lcl|KQ954483_1_prot_KWU44007_1_3622;exonerate}
51860	51793	INTRON			{GlimmerHMM_glimmerT_4418-T1;GlimmerHMM},{GeneMark_model.4713_t;GeneMark},{HiQ_model.g3728.t1;HiQ},{ev_type:exonerate/ID=match.2566964.3698/Target=lcl|PJQD01000013_1_prot_POY75682_1_766;exonerate},{ev_type:exonerate/ID=match.2566964.3697/Target=lcl|KQ954483_1_prot_KWU44007_1_3622;exonerate}
52151	51861	internal-	4	6	{GlimmerHMM_glimmerT_4418-T1;GlimmerHMM},{GeneMark_model.4713_t;GeneMark},{HiQ_model.g3728.t1;HiQ},{ev_type:exonerate/ID=match.2566964.3698/Target=lcl|PJQD01000013_1_prot_POY75682_1_766;exonerate},{ev_type:exonerate/ID=match.2566964.3697/Target=lcl|KQ954483_1_prot_KWU44007_1_3622;exonerate}
52227	52152	INTRON			{GlimmerHMM_glimmerT_4418-T1;GlimmerHMM},{GeneMark_model.4713_t;GeneMark},{HiQ_model.g3728.t1;HiQ},{ev_type:exonerate/ID=match.2566964.3698/Target=lcl|PJQD01000013_1_prot_POY75682_1_766;exonerate},{ev_type:exonerate/ID=match.2566964.3697/Target=lcl|KQ954483_1_prot_KWU44007_1_3622;exonerate}
53097	52228	internal-	4	6	{GlimmerHMM_glimmerT_4418-T1;GlimmerHMM},{GeneMark_model.4713_t;GeneMark},{HiQ_model.g3728.t1;HiQ},{ev_type:exonerate/ID=match.2566964.3698/Target=lcl|PJQD01000013_1_prot_POY75682_1_766;exonerate},{ev_type:exonerate/ID=match.2566964.3697/Target=lcl|KQ954483_1_prot_KWU44007_1_3622;exonerate}
53157	53098	INTRON			{GlimmerHMM_glimmerT_4418-T1;GlimmerHMM},{GeneMark_model.4713_t;GeneMark},{HiQ_model.g3728.t1;HiQ},{ev_type:exonerate/ID=match.2566964.3698/Target=lcl|PJQD01000013_1_prot_POY75682_1_766;exonerate},{ev_type:exonerate/ID=match.2566964.3697/Target=lcl|KQ954483_1_prot_KWU44007_1_3622;exonerate}
53375	53158	internal-	5	6	{GlimmerHMM_glimmerT_4418-T1;GlimmerHMM},{GeneMark_model.4713_t;GeneMark},{HiQ_model.g3728.t1;HiQ},{ev_type:exonerate/ID=match.2566964.3698/Target=lcl|PJQD01000013_1_prot_POY75682_1_766;exonerate},{ev_type:exonerate/ID=match.2566964.3697/Target=lcl|KQ954483_1_prot_KWU44007_1_3622;exonerate}
53449	53376	INTRON			{GlimmerHMM_glimmerT_4418-T1;GlimmerHMM},{GeneMark_model.4713_t;GeneMark},{HiQ_model.g3728.t1;HiQ},{ev_type:exonerate/ID=match.2566964.3698/Target=lcl|PJQD01000013_1_prot_POY75682_1_766;exonerate},{ev_type:exonerate/ID=match.2566964.3697/Target=lcl|KQ954483_1_prot_KWU44007_1_3622;exonerate}
53635	53450	internal-	5	4	{GlimmerHMM_glimmerT_4418-T1;GlimmerHMM},{GeneMark_model.4713_t;GeneMark},{HiQ_model.g3728.t1;HiQ},{ev_type:exonerate/ID=match.2566964.3698/Target=lcl|PJQD01000013_1_prot_POY75682_1_766;exonerate},{ev_type:exonerate/ID=match.2566964.3697/Target=lcl|KQ954483_1_prot_KWU44007_1_3622;exonerate}
53707	53636	INTRON			{GlimmerHMM_glimmerT_4418-T1;GlimmerHMM},{GeneMark_model.4713_t;GeneMark},{HiQ_model.g3728.t1;HiQ},{ev_type:exonerate/ID=match.2566964.3698/Target=lcl|PJQD01000013_1_prot_POY75682_1_766;exonerate},{ev_type:exonerate/ID=match.2566964.3697/Target=lcl|KQ954483_1_prot_KWU44007_1_3622;exonerate}
53883	53708	internal-	6	4	{GlimmerHMM_glimmerT_4418-T1;GlimmerHMM},{GeneMark_model.4713_t;GeneMark},{HiQ_model.g3728.t1;HiQ},{ev_type:exonerate/ID=match.2566964.3698/Target=lcl|PJQD01000013_1_prot_POY75682_1_766;exonerate},{ev_type:exonerate/ID=match.2566964.3697/Target=lcl|KQ954483_1_prot_KWU44007_1_3622;exonerate}
53960	53884	INTRON			{GlimmerHMM_glimmerT_4418-T1;GlimmerHMM},{GeneMark_model.4713_t;GeneMark},{HiQ_model.g3728.t1;HiQ},{ev_type:exonerate/ID=match.2566964.3698/Target=lcl|PJQD01000013_1_prot_POY75682_1_766;exonerate},{ev_type:exonerate/ID=match.2566964.3697/Target=lcl|KQ954483_1_prot_KWU44007_1_3622;exonerate}
54214	53961	internal-	4	5	{GlimmerHMM_glimmerT_4418-T1;GlimmerHMM},{GeneMark_model.4713_t;GeneMark},{HiQ_model.g3728.t1;HiQ},{ev_type:exonerate/ID=match.2566964.3698/Target=lcl|PJQD01000013_1_prot_POY75682_1_766;exonerate},{ev_type:exonerate/ID=match.2566964.3697/Target=lcl|KQ954483_1_prot_KWU44007_1_3622;exonerate}
54295	54215	INTRON			{GeneMark_model.4713_t;GeneMark},{HiQ_model.g3728.t1;HiQ},{ev_type:exonerate/ID=match.2566964.3698/Target=lcl|PJQD01000013_1_prot_POY75682_1_766;exonerate},{ev_type:exonerate/ID=match.2566964.3697/Target=lcl|KQ954483_1_prot_KWU44007_1_3622;exonerate}
54369	54296	internal-	5	6	{GeneMark_model.4713_t;GeneMark},{HiQ_model.g3728.t1;HiQ},{ev_type:exonerate/ID=match.2566964.3698/Target=lcl|PJQD01000013_1_prot_POY75682_1_766;exonerate},{ev_type:exonerate/ID=match.2566964.3697/Target=lcl|KQ954483_1_prot_KWU44007_1_3622;exonerate}
54644	54370	INTRON			{GlimmerHMM_glimmerT_4418-T1;GlimmerHMM},{GeneMark_model.4713_t;GeneMark},{HiQ_model.g3728.t1;HiQ},{ev_type:exonerate/ID=match.2566964.3698/Target=lcl|PJQD01000013_1_prot_POY75682_1_766;exonerate},{ev_type:exonerate/ID=match.2566964.3697/Target=lcl|KQ954483_1_prot_KWU44007_1_3622;exonerate}
54726	54645	initial-	4	4	{GlimmerHMM_glimmerT_4418-T1;GlimmerHMM},{GeneMark_model.4713_t;GeneMark},{HiQ_model.g3728.t1;HiQ}

# EVM prediction: Mode:STANDARD S-ratio: 2.01 55470-57317 orient(+) score(5136.00) noncoding_equivalent(2551.60) raw_noncoding(3424.89) offset(873.29) 
55470	55472	initial+	1	3	{Augustus_model.g3729.t1;Augustus}
55473	55537	INTRON			{Augustus_model.g3729.t1;Augustus},{GeneMark_model.4714_t;GeneMark}
55538	55748	internal+	1	1	{Augustus_model.g3729.t1;Augustus},{GeneMark_model.4714_t;GeneMark},{GlimmerHMM_glimmerT_4419-T1;GlimmerHMM}
55749	55850	INTRON			{Augustus_model.g3729.t1;Augustus},{GeneMark_model.4714_t;GeneMark},{GlimmerHMM_glimmerT_4419-T1;GlimmerHMM}
55851	55952	internal+	2	1	{Augustus_model.g3729.t1;Augustus},{GeneMark_model.4714_t;GeneMark},{GlimmerHMM_glimmerT_4419-T1;GlimmerHMM}
55953	56022	INTRON			{Augustus_model.g3729.t1;Augustus},{GeneMark_model.4714_t;GeneMark},{GlimmerHMM_glimmerT_4419-T1;GlimmerHMM}
56023	56378	internal+	2	3	{Augustus_model.g3729.t1;Augustus},{GeneMark_model.4714_t;GeneMark},{GlimmerHMM_glimmerT_4419-T1;GlimmerHMM}
56379	56452	INTRON			{Augustus_model.g3729.t1;Augustus},{GeneMark_model.4714_t;GeneMark},{GlimmerHMM_glimmerT_4419-T1;GlimmerHMM}
56453	56811	internal+	1	2	{GeneMark_model.4714_t;GeneMark}
56812	56903	INTRON			{GeneMark_model.4714_t;GeneMark}
56904	56972	internal+	3	2	{Augustus_model.g3729.t1;Augustus},{GeneMark_model.4714_t;GeneMark}
56973	57039	INTRON			{Augustus_model.g3729.t1;Augustus},{GeneMark_model.4714_t;GeneMark}
57040	57120	internal+	3	2	{Augustus_model.g3729.t1;Augustus},{GeneMark_model.4714_t;GeneMark}
57121	57193	INTRON			{Augustus_model.g3729.t1;Augustus},{GeneMark_model.4714_t;GeneMark}
57194	57317	terminal+	3	3	{Augustus_model.g3729.t1;Augustus},{GeneMark_model.4714_t;GeneMark}

# EVM prediction: Mode:STANDARD S-ratio: 1.90 59818-60958 orient(-) score(2987.00) noncoding_equivalent(1574.16) raw_noncoding(1963.00) offset(388.84) 
59930	59818	terminal-	5	6	{GeneMark_model.4715_t;GeneMark},{Augustus_model.g3730.t1;Augustus}
59984	59931	INTRON			{GeneMark_model.4715_t;GeneMark},{Augustus_model.g3730.t1;Augustus}
60270	59985	internal-	4	4	{GeneMark_model.4715_t;GeneMark},{Augustus_model.g3730.t1;Augustus}
60325	60271	INTRON			{GeneMark_model.4715_t;GeneMark},{Augustus_model.g3730.t1;Augustus}
60418	60326	internal-	4	6	{GeneMark_model.4715_t;GeneMark},{Augustus_model.g3730.t1;Augustus}
60475	60419	INTRON			{GeneMark_model.4715_t;GeneMark},{Augustus_model.g3730.t1;Augustus}
60598	60476	internal-	4	6	{GeneMark_model.4715_t;GeneMark},{Augustus_model.g3730.t1;Augustus}
60652	60599	INTRON			{GeneMark_model.4715_t;GeneMark},{Augustus_model.g3730.t1;Augustus}
60958	60653	initial-	4	6	{GlimmerHMM_glimmerT_4420-T1;GlimmerHMM},{GeneMark_model.4715_t;GeneMark},{Augustus_model.g3730.t1;Augustus}

# EVM prediction: Mode:STANDARD S-ratio: 2.74 62120-66012 orient(-) score(11858.00) noncoding_equivalent(4330.99) raw_noncoding(4955.00) offset(624.01) 
62216	62120	terminal-	6	6	{GeneMark_model.4716_t;GeneMark},{GlimmerHMM_glimmerT_4421-T1;GlimmerHMM},{Augustus_model.g3731.t1;Augustus}
62288	62217	INTRON			{GeneMark_model.4716_t;GeneMark},{GlimmerHMM_glimmerT_4421-T1;GlimmerHMM},{Augustus_model.g3731.t1;Augustus}
62446	62289	internal-	4	5	{GeneMark_model.4716_t;GeneMark},{GlimmerHMM_glimmerT_4421-T1;GlimmerHMM},{Augustus_model.g3731.t1;Augustus}
62509	62447	INTRON			{GeneMark_model.4716_t;GeneMark},{GlimmerHMM_glimmerT_4421-T1;GlimmerHMM},{Augustus_model.g3731.t1;Augustus}
62708	62510	internal-	6	6	{GeneMark_model.4716_t;GeneMark},{GlimmerHMM_glimmerT_4421-T1;GlimmerHMM},{Augustus_model.g3731.t1;Augustus}
62773	62709	INTRON			{GeneMark_model.4716_t;GeneMark},{GlimmerHMM_glimmerT_4421-T1;GlimmerHMM},{Augustus_model.g3731.t1;Augustus}
63204	62774	internal-	4	5	{GeneMark_model.4716_t;GeneMark},{GlimmerHMM_glimmerT_4421-T1;GlimmerHMM},{Augustus_model.g3731.t1;Augustus}
63277	63205	INTRON			{GeneMark_model.4716_t;GeneMark},{GlimmerHMM_glimmerT_4421-T1;GlimmerHMM},{Augustus_model.g3731.t1;Augustus}
64352	63278	internal-	6	6	{GeneMark_model.4716_t;GeneMark}
64428	64353	INTRON			{GeneMark_model.4716_t;GeneMark}
64594	64429	internal-	5	5	{GeneMark_model.4716_t;GeneMark},{GlimmerHMM_glimmerT_4421-T1;GlimmerHMM},{Augustus_model.g3731.t1;Augustus}
64660	64595	INTRON			{GeneMark_model.4716_t;GeneMark},{GlimmerHMM_glimmerT_4421-T1;GlimmerHMM},{Augustus_model.g3731.t1;Augustus}
64894	64661	internal-	5	4	{GlimmerHMM_glimmerT_4421-T1;GlimmerHMM},{Augustus_model.g3731.t1;Augustus}
64966	64895	INTRON			{GlimmerHMM_glimmerT_4421-T1;GlimmerHMM},{Augustus_model.g3731.t1;Augustus}
65035	64967	internal-	5	4	{GlimmerHMM_glimmerT_4421-T1;GlimmerHMM},{Augustus_model.g3731.t1;Augustus}
65093	65036	INTRON			{GeneMark_model.4716_t;GeneMark},{GlimmerHMM_glimmerT_4421-T1;GlimmerHMM},{Augustus_model.g3731.t1;Augustus}
66012	65094	initial-	4	4	{GeneMark_model.4716_t;GeneMark},{GlimmerHMM_glimmerT_4421-T1;GlimmerHMM},{Augustus_model.g3731.t1;Augustus}

# EVM prediction: Mode:STANDARD S-ratio: 1.73 66240-68615 orient(+) score(6205.00) noncoding_equivalent(3588.98) raw_noncoding(4086.44) offset(497.46) 
66240	67397	initial+	1	3	{GlimmerHMM_glimmerT_4422-T1;GlimmerHMM},{GeneMark_model.4717_t;GeneMark}
67398	67472	INTRON			{Augustus_model.g3732.t1;Augustus},{GeneMark_model.4717_t;GeneMark}
67473	67597	internal+	1	2	{Augustus_model.g3732.t1;Augustus},{GeneMark_model.4717_t;GeneMark}
67598	67668	INTRON			{Augustus_model.g3732.t1;Augustus},{GlimmerHMM_glimmerT_4422-T1;GlimmerHMM},{GeneMark_model.4717_t;GeneMark}
67669	67796	internal+	3	1	{Augustus_model.g3732.t1;Augustus},{GeneMark_model.4717_t;GeneMark}
67797	67862	INTRON			{Augustus_model.g3732.t1;Augustus},{GeneMark_model.4717_t;GeneMark}
67863	67942	internal+	2	3	{Augustus_model.g3732.t1;Augustus},{GeneMark_model.4717_t;GeneMark}
67943	68022	INTRON			{Augustus_model.g3732.t1;Augustus},{GlimmerHMM_glimmerT_4422-T1;GlimmerHMM},{GeneMark_model.4717_t;GeneMark}
68023	68342	internal+	1	2	{GlimmerHMM_glimmerT_4422-T1;GlimmerHMM},{GeneMark_model.4717_t;GeneMark}
68343	68413	INTRON			{GlimmerHMM_glimmerT_4422-T1;GlimmerHMM},{GeneMark_model.4717_t;GeneMark}
68414	68615	terminal+	3	3	{GlimmerHMM_glimmerT_4422-T1;GlimmerHMM}

# EVM prediction: Mode:STANDARD S-ratio: 1.58 69689-70269 orient(+) score(1421.00) noncoding_equivalent(902.03) raw_noncoding(1351.31) offset(449.27) 
69689	69694	initial+	1	3	{snap_scaffold_10-snap.402-T1;snap}
69695	69786	INTRON			{GeneMark_model.4718_t;GeneMark},{Augustus_model.g3733.t1;Augustus}
69787	69848	internal+	1	2	{GeneMark_model.4718_t;GeneMark},{Augustus_model.g3733.t1;Augustus}
69849	69911	INTRON			{GeneMark_model.4718_t;GeneMark},{Augustus_model.g3733.t1;Augustus}
69912	69969	internal+	3	3	{GeneMark_model.4718_t;GeneMark},{Augustus_model.g3733.t1;Augustus}
69970	70038	INTRON			{GeneMark_model.4718_t;GeneMark},{Augustus_model.g3733.t1;Augustus}
70039	70269	terminal+	1	3	{GeneMark_model.4718_t;GeneMark},{snap_scaffold_10-snap.402-T1;snap}

# EVM prediction: Mode:STANDARD S-ratio: 3.20 70702-71173 orient(+) score(1434.00) noncoding_equivalent(447.62) raw_noncoding(685.12) offset(237.50) 
70702	70818	initial+	1	3	{GeneMark_model.4719_t;GeneMark}
70819	70883	INTRON			{GeneMark_model.4719_t;GeneMark},{GlimmerHMM_glimmerT_4423-T1;GlimmerHMM}
70884	71083	internal+	1	2	{GeneMark_model.4719_t;GeneMark},{Augustus_model.g3733.t1;Augustus}
71084	71154	INTRON			{GeneMark_model.4719_t;GeneMark},{Augustus_model.g3733.t1;Augustus}
71155	71173	terminal+	3	3	{GeneMark_model.4719_t;GeneMark},{Augustus_model.g3733.t1;Augustus}

# EVM prediction: Mode:STANDARD S-ratio: 2.24 72074-72518 orient(+) score(1229.00) noncoding_equivalent(549.67) raw_noncoding(679.07) offset(129.39) 
72074	72094	initial+	1	3	{GlimmerHMM_glimmerT_4424-T1;GlimmerHMM}
72095	72158	INTRON			{Augustus_model.g3734.t1;Augustus},{GeneMark_model.4720_t;GeneMark}
72159	72518	terminal+	1	3	{Augustus_model.g3734.t1;Augustus},{GeneMark_model.4720_t;GeneMark}

# EVM prediction: Mode:STANDARD S-ratio: 1.87 72887-75764 orient(+) score(7916.00) noncoding_equivalent(4234.90) raw_noncoding(5795.27) offset(1560.37) 
72887	73298	initial+	1	1	{GeneMark_model.4721_t;GeneMark},{Augustus_model.g3735.t1;Augustus}
73299	73373	INTRON			{GeneMark_model.4721_t;GeneMark},{Augustus_model.g3735.t1;Augustus}
73374	73544	internal+	2	1	{Augustus_model.g3735.t1;Augustus}
73545	73591	INTRON			{Augustus_model.g3735.t1;Augustus}
73592	73750	internal+	2	1	{GeneMark_model.4721_t;GeneMark},{Augustus_model.g3735.t1;Augustus},{GlimmerHMM_glimmerT_4424-T1;GlimmerHMM}
73751	73820	INTRON			{GeneMark_model.4721_t;GeneMark},{Augustus_model.g3735.t1;Augustus},{GlimmerHMM_glimmerT_4424-T1;GlimmerHMM}
73821	74013	internal+	2	2	{GeneMark_model.4721_t;GeneMark},{Augustus_model.g3735.t1;Augustus},{GlimmerHMM_glimmerT_4424-T1;GlimmerHMM}
74014	74081	INTRON			{GeneMark_model.4721_t;GeneMark},{Augustus_model.g3735.t1;Augustus}
74082	74135	internal+	3	2	{GeneMark_model.4721_t;GeneMark},{Augustus_model.g3735.t1;Augustus}
74136	74199	INTRON			{GeneMark_model.4721_t;GeneMark},{Augustus_model.g3735.t1;Augustus}
74200	74273	internal+	3	1	{GeneMark_model.4721_t;GeneMark},{Augustus_model.g3735.t1;Augustus},{GlimmerHMM_glimmerT_4424-T1;GlimmerHMM}
74274	74348	INTRON			{GeneMark_model.4721_t;GeneMark},{Augustus_model.g3735.t1;Augustus},{GlimmerHMM_glimmerT_4424-T1;GlimmerHMM}
74349	74553	internal+	2	2	{GeneMark_model.4721_t;GeneMark},{Augustus_model.g3735.t1;Augustus}
74554	74658	INTRON			{GeneMark_model.4721_t;GeneMark},{Augustus_model.g3735.t1;Augustus}
74659	74717	internal+	3	1	{GeneMark_model.4721_t;GeneMark},{Augustus_model.g3735.t1;Augustus}
74718	74790	INTRON			{GeneMark_model.4721_t;GeneMark},{Augustus_model.g3735.t1;Augustus}
74791	74876	internal+	2	3	{GeneMark_model.4721_t;GeneMark},{Augustus_model.g3735.t1;Augustus},{GlimmerHMM_glimmerT_4424-T1;GlimmerHMM}
74877	74942	INTRON			{GeneMark_model.4721_t;GeneMark},{Augustus_model.g3735.t1;Augustus}
74943	75047	internal+	1	3	{GeneMark_model.4721_t;GeneMark},{Augustus_model.g3735.t1;Augustus}
75048	75114	INTRON			{GeneMark_model.4721_t;GeneMark},{Augustus_model.g3735.t1;Augustus}
75115	75163	internal+	1	1	{GeneMark_model.4721_t;GeneMark},{Augustus_model.g3735.t1;Augustus},{GlimmerHMM_glimmerT_4424-T1;GlimmerHMM}
75164	75253	INTRON			{GeneMark_model.4721_t;GeneMark},{Augustus_model.g3735.t1;Augustus},{GlimmerHMM_glimmerT_4424-T1;GlimmerHMM}
75254	75269	internal+	2	2	{GeneMark_model.4721_t;GeneMark},{Augustus_model.g3735.t1;Augustus},{GlimmerHMM_glimmerT_4424-T1;GlimmerHMM}
75270	75344	INTRON			{GeneMark_model.4721_t;GeneMark},{Augustus_model.g3735.t1;Augustus},{GlimmerHMM_glimmerT_4424-T1;GlimmerHMM}
75345	75474	internal+	3	3	{GeneMark_model.4721_t;GeneMark},{Augustus_model.g3735.t1;Augustus},{GlimmerHMM_glimmerT_4424-T1;GlimmerHMM}
75475	75570	INTRON			{GeneMark_model.4721_t;GeneMark},{Augustus_model.g3735.t1;Augustus}
75571	75654	internal+	1	3	{GeneMark_model.4721_t;GeneMark},{Augustus_model.g3735.t1;Augustus}
75655	75725	INTRON			{GeneMark_model.4721_t;GeneMark},{Augustus_model.g3735.t1;Augustus},{GlimmerHMM_glimmerT_4424-T1;GlimmerHMM}
75726	75764	terminal+	1	3	{GeneMark_model.4721_t;GeneMark},{Augustus_model.g3735.t1;Augustus},{GlimmerHMM_glimmerT_4424-T1;GlimmerHMM}

# EVM prediction: Mode:STANDARD S-ratio: 5.37 76231-80038 orient(+) score(13716.00) noncoding_equivalent(2555.26) raw_noncoding(3040.00) offset(484.74) 
76231	76527	initial+	1	3	{GeneMark_model.4722_t;GeneMark},{GlimmerHMM_glimmerT_4425-T1;GlimmerHMM},{Augustus_model.g3736.t1;Augustus}
76528	76617	INTRON			{GeneMark_model.4722_t;GeneMark},{GlimmerHMM_glimmerT_4425-T1;GlimmerHMM},{Augustus_model.g3736.t1;Augustus}
76618	76755	internal+	1	3	{GeneMark_model.4722_t;GeneMark},{GlimmerHMM_glimmerT_4425-T1;GlimmerHMM},{Augustus_model.g3736.t1;Augustus}
76756	76880	INTRON			{GeneMark_model.4722_t;GeneMark},{GlimmerHMM_glimmerT_4425-T1;GlimmerHMM},{Augustus_model.g3736.t1;Augustus}
76881	77103	internal+	1	1	{GeneMark_model.4722_t;GeneMark},{GlimmerHMM_glimmerT_4425-T1;GlimmerHMM},{Augustus_model.g3736.t1;Augustus}
77104	77168	INTRON			{GeneMark_model.4722_t;GeneMark},{GlimmerHMM_glimmerT_4425-T1;GlimmerHMM},{Augustus_model.g3736.t1;Augustus}
77169	77227	internal+	2	3	{GeneMark_model.4722_t;GeneMark},{GlimmerHMM_glimmerT_4425-T1;GlimmerHMM},{Augustus_model.g3736.t1;Augustus}
77228	77294	INTRON			{GeneMark_model.4722_t;GeneMark},{GlimmerHMM_glimmerT_4425-T1;GlimmerHMM},{Augustus_model.g3736.t1;Augustus}
77295	77434	internal+	1	2	{GeneMark_model.4722_t;GeneMark},{GlimmerHMM_glimmerT_4425-T1;GlimmerHMM},{Augustus_model.g3736.t1;Augustus}
77435	77498	INTRON			{GeneMark_model.4722_t;GeneMark},{GlimmerHMM_glimmerT_4425-T1;GlimmerHMM},{Augustus_model.g3736.t1;Augustus}
77499	79429	internal+	3	1	{GeneMark_model.4722_t;GeneMark},{GlimmerHMM_glimmerT_4425-T1;GlimmerHMM},{Augustus_model.g3736.t1;Augustus}
79430	79491	INTRON			{GeneMark_model.4722_t;GeneMark},{GlimmerHMM_glimmerT_4425-T1;GlimmerHMM},{Augustus_model.g3736.t1;Augustus}
79492	79625	internal+	2	3	{GeneMark_model.4722_t;GeneMark},{GlimmerHMM_glimmerT_4425-T1;GlimmerHMM},{Augustus_model.g3736.t1;Augustus}
79626	79687	INTRON			{GeneMark_model.4722_t;GeneMark},{GlimmerHMM_glimmerT_4425-T1;GlimmerHMM},{Augustus_model.g3736.t1;Augustus}
79688	80038	terminal+	1	3	{GeneMark_model.4722_t;GeneMark},{GlimmerHMM_glimmerT_4425-T1;GlimmerHMM},{Augustus_model.g3736.t1;Augustus}

# EVM prediction: Mode:STANDARD S-ratio: 5.33 80450-83528 orient(-) score(12281.00) noncoding_equivalent(2303.08) raw_noncoding(2608.08) offset(305.00) 
80919	80450	terminal-	5	6	{Augustus_model.g3737.t1;Augustus},{GlimmerHMM_glimmerT_4426-T1;GlimmerHMM},{GeneMark_model.4723_t;GeneMark}
80984	80920	INTRON			{Augustus_model.g3737.t1;Augustus},{GlimmerHMM_glimmerT_4426-T1;GlimmerHMM},{GeneMark_model.4723_t;GeneMark},{ev_type:exonerate/ID=match.2566964.3704/Target=lcl|KQ954483_1_prot_KWU43997_1_3612;exonerate}
81577	80985	internal-	6	4	{Augustus_model.g3737.t1;Augustus},{GlimmerHMM_glimmerT_4426-T1;GlimmerHMM},{GeneMark_model.4723_t;GeneMark},{ev_type:exonerate/ID=match.2566964.3704/Target=lcl|KQ954483_1_prot_KWU43997_1_3612;exonerate}
81648	81578	INTRON			{Augustus_model.g3737.t1;Augustus},{GlimmerHMM_glimmerT_4426-T1;GlimmerHMM},{GeneMark_model.4723_t;GeneMark},{snap_scaffold_10-snap.408-T1;snap},{ev_type:exonerate/ID=match.2566964.3704/Target=lcl|KQ954483_1_prot_KWU43997_1_3612;exonerate}
82414	81649	internal-	5	5	{Augustus_model.g3737.t1;Augustus},{GlimmerHMM_glimmerT_4426-T1;GlimmerHMM},{GeneMark_model.4723_t;GeneMark}
82591	82415	INTRON			{Augustus_model.g3737.t1;Augustus},{GlimmerHMM_glimmerT_4426-T1;GlimmerHMM}
83528	82592	initial-	4	4	{GlimmerHMM_glimmerT_4426-T1;GlimmerHMM},{GeneMark_model.4723_t;GeneMark}

# EVM prediction: Mode:STANDARD S-ratio: 2.03 83944-85187 orient(+) score(3474.00) noncoding_equivalent(1709.22) raw_noncoding(1965.30) offset(256.08) 
83944	84560	initial+	1	2	{GlimmerHMM_glimmerT_4427-T1;GlimmerHMM},{GeneMark_model.4724_t;GeneMark},{Augustus_model.g3738.t1;Augustus}
84561	84632	INTRON			{GeneMark_model.4724_t;GeneMark},{Augustus_model.g3738.t1;Augustus}
84633	84849	internal+	3	3	{GeneMark_model.4724_t;GeneMark},{Augustus_model.g3738.t1;Augustus}
84850	84956	INTRON			{GlimmerHMM_glimmerT_4427-T1;GlimmerHMM},{GeneMark_model.4724_t;GeneMark},{Augustus_model.g3738.t1;Augustus}
84957	85187	terminal+	1	3	{GlimmerHMM_glimmerT_4427-T1;GlimmerHMM},{GeneMark_model.4724_t;GeneMark}

# EVM prediction: Mode:STANDARD S-ratio: 3.71 85914-88561 orient(+) score(8442.00) noncoding_equivalent(2276.18) raw_noncoding(2345.18) offset(69.00) 
85914	87415	initial+	1	2	{GlimmerHMM_glimmerT_4428-T1;GlimmerHMM},{GeneMark_model.4725_t;GeneMark}
87416	87480	INTRON			{GlimmerHMM_glimmerT_4428-T1;GlimmerHMM},{GeneMark_model.4725_t;GeneMark},{Augustus_model.g3738.t1;Augustus}
87481	88561	terminal+	3	3	{GeneMark_model.4725_t;GeneMark}

# EVM prediction: Mode:STANDARD S-ratio: 1.76 89115-95472 orient(+) score(15749.00) noncoding_equivalent(8940.96) raw_noncoding(13034.65) offset(4093.70) 
89115	89348	initial+	1	3	{GeneMark_model.4726_t;GeneMark}
89349	89496	INTRON			{GeneMark_model.4726_t;GeneMark}
89497	89580	internal+	1	3	{GeneMark_model.4726_t;GeneMark}
89581	90371	INTRON			{GeneMark_model.4726_t;GeneMark}
90372	90519	internal+	1	1	{GlimmerHMM_glimmerT_4428-T1;GlimmerHMM},{GeneMark_model.4726_t;GeneMark}
90520	90664	INTRON			{GlimmerHMM_glimmerT_4428-T1;GlimmerHMM},{Augustus_model.g3738.t1;Augustus},{GeneMark_model.4726_t;GeneMark}
90665	91062	internal+	2	3	{GlimmerHMM_glimmerT_4428-T1;GlimmerHMM},{Augustus_model.g3738.t1;Augustus},{GeneMark_model.4726_t;GeneMark}
91063	91130	INTRON			{GlimmerHMM_glimmerT_4428-T1;GlimmerHMM},{Augustus_model.g3738.t1;Augustus},{GeneMark_model.4726_t;GeneMark}
91131	91561	internal+	1	2	{GlimmerHMM_glimmerT_4428-T1;GlimmerHMM},{Augustus_model.g3738.t1;Augustus},{GeneMark_model.4726_t;GeneMark}
91562	91626	INTRON			{GlimmerHMM_glimmerT_4428-T1;GlimmerHMM},{Augustus_model.g3738.t1;Augustus},{GeneMark_model.4726_t;GeneMark}
91627	91750	internal+	3	3	{GlimmerHMM_glimmerT_4428-T1;GlimmerHMM},{Augustus_model.g3738.t1;Augustus},{GeneMark_model.4726_t;GeneMark}
91751	91807	INTRON			{GlimmerHMM_glimmerT_4428-T1;GlimmerHMM},{Augustus_model.g3738.t1;Augustus},{GeneMark_model.4726_t;GeneMark}
91808	92681	internal+	1	1	{GlimmerHMM_glimmerT_4428-T1;GlimmerHMM},{Augustus_model.g3738.t1;Augustus},{GeneMark_model.4726_t;GeneMark}
92682	92755	INTRON			{GlimmerHMM_glimmerT_4428-T1;GlimmerHMM},{Augustus_model.g3738.t1;Augustus},{GeneMark_model.4726_t;GeneMark}
92756	92945	internal+	2	2	{GlimmerHMM_glimmerT_4428-T1;GlimmerHMM},{Augustus_model.g3738.t1;Augustus},{GeneMark_model.4726_t;GeneMark}
92946	93004	INTRON			{GlimmerHMM_glimmerT_4428-T1;GlimmerHMM},{Augustus_model.g3738.t1;Augustus},{GeneMark_model.4726_t;GeneMark}
93005	93238	internal+	3	2	{GlimmerHMM_glimmerT_4428-T1;GlimmerHMM},{Augustus_model.g3738.t1;Augustus},{GeneMark_model.4726_t;GeneMark}
93239	93296	INTRON			{Augustus_model.g3738.t1;Augustus},{GeneMark_model.4726_t;GeneMark}
93297	93394	internal+	3	1	{Augustus_model.g3738.t1;Augustus}
93395	93484	INTRON			{Augustus_model.g3738.t1;Augustus}
93485	93734	internal+	2	2	{Augustus_model.g3738.t1;Augustus}
93735	93794	INTRON			{Augustus_model.g3738.t1;Augustus},{GeneMark_model.4726_t;GeneMark}
93795	94049	internal+	3	2	{GlimmerHMM_glimmerT_4428-T1;GlimmerHMM},{Augustus_model.g3738.t1;Augustus},{GeneMark_model.4726_t;GeneMark}
94050	94112	INTRON			{GlimmerHMM_glimmerT_4428-T1;GlimmerHMM},{Augustus_model.g3738.t1;Augustus},{GeneMark_model.4726_t;GeneMark}
94113	94447	internal+	3	1	{Augustus_model.g3738.t1;Augustus},{GeneMark_model.4726_t;GeneMark}
94448	94510	INTRON			{Augustus_model.g3738.t1;Augustus},{GeneMark_model.4726_t;GeneMark}
94511	94562	internal+	2	2	{Augustus_model.g3738.t1;Augustus},{GeneMark_model.4726_t;GeneMark}
94563	94632	INTRON			{GlimmerHMM_glimmerT_4428-T1;GlimmerHMM},{Augustus_model.g3738.t1;Augustus},{GeneMark_model.4726_t;GeneMark}
94633	94789	internal+	3	3	{Augustus_model.g3738.t1;Augustus},{GeneMark_model.4726_t;GeneMark}
94790	94879	INTRON			{Augustus_model.g3738.t1;Augustus},{GeneMark_model.4726_t;GeneMark}
94880	95096	internal+	1	1	{Augustus_model.g3738.t1;Augustus},{GeneMark_model.4726_t;GeneMark}
95097	95170	INTRON			{GlimmerHMM_glimmerT_4428-T1;GlimmerHMM},{Augustus_model.g3738.t1;Augustus},{GeneMark_model.4726_t;GeneMark}
95171	95472	terminal+	2	3	{GlimmerHMM_glimmerT_4428-T1;GlimmerHMM},{Augustus_model.g3738.t1;Augustus},{GeneMark_model.4726_t;GeneMark}

# EVM prediction: Mode:STANDARD S-ratio: 2.89 95820-96888 orient(-) score(4887.00) noncoding_equivalent(1690.00) raw_noncoding(3088.00) offset(1398.00) 
95966	95820	terminal-	4	6	{GeneMark_model.4727_t;GeneMark},{GlimmerHMM_glimmerT_4429-T1;GlimmerHMM},{HiQ_model.g3739.t1;HiQ}
96192	95967	INTRON			{HiQ_model.g3739.t1;HiQ},{ev_type:exonerate/ID=match.2566964.3826/Target=lcl|KQ954493_1_prot_KWU43200_1_4391;exonerate}
96276	96193	internal-	4	6	{GeneMark_model.4727_t;GeneMark},{GlimmerHMM_glimmerT_4429-T1;GlimmerHMM},{HiQ_model.g3739.t1;HiQ},{ev_type:exonerate/ID=match.2566964.3826/Target=lcl|KQ954493_1_prot_KWU43200_1_4391;exonerate}
96362	96277	INTRON			{GeneMark_model.4727_t;GeneMark},{GlimmerHMM_glimmerT_4429-T1;GlimmerHMM},{HiQ_model.g3739.t1;HiQ},{ev_type:exonerate/ID=match.2566964.3826/Target=lcl|KQ954493_1_prot_KWU43200_1_4391;exonerate}
96514	96363	internal-	5	6	{GeneMark_model.4727_t;GeneMark},{GlimmerHMM_glimmerT_4429-T1;GlimmerHMM},{HiQ_model.g3739.t1;HiQ},{ev_type:exonerate/ID=match.2566964.3826/Target=lcl|KQ954493_1_prot_KWU43200_1_4391;exonerate}
96591	96515	INTRON			{GeneMark_model.4727_t;GeneMark},{GlimmerHMM_glimmerT_4429-T1;GlimmerHMM},{HiQ_model.g3739.t1;HiQ},{ev_type:exonerate/ID=match.2566964.3826/Target=lcl|KQ954493_1_prot_KWU43200_1_4391;exonerate}
96734	96592	internal-	6	4	{GeneMark_model.4727_t;GeneMark},{GlimmerHMM_glimmerT_4429-T1;GlimmerHMM},{HiQ_model.g3739.t1;HiQ},{ev_type:exonerate/ID=match.2566964.3826/Target=lcl|KQ954493_1_prot_KWU43200_1_4391;exonerate}
96829	96735	INTRON			{GeneMark_model.4727_t;GeneMark},{GlimmerHMM_glimmerT_4429-T1;GlimmerHMM},{HiQ_model.g3739.t1;HiQ},{ev_type:exonerate/ID=match.2566964.3826/Target=lcl|KQ954493_1_prot_KWU43200_1_4391;exonerate}
96888	96830	initial-	4	5	{GeneMark_model.4727_t;GeneMark},{GlimmerHMM_glimmerT_4429-T1;GlimmerHMM},{HiQ_model.g3739.t1;HiQ}

# EVM prediction: Mode:STANDARD S-ratio: 21.90 97266-99078 orient(+) score(7047.00) noncoding_equivalent(321.75) raw_noncoding(387.44) offset(65.68) 
97266	97416	initial+	1	1	{Augustus_model.g3740.t1;Augustus},{GeneMark_model.4728_t;GeneMark},{GlimmerHMM_glimmerT_4430-T1;GlimmerHMM}
97417	97477	INTRON			{Augustus_model.g3740.t1;Augustus},{GeneMark_model.4728_t;GeneMark},{GlimmerHMM_glimmerT_4430-T1;GlimmerHMM}
97478	99078	terminal+	2	3	{Augustus_model.g3740.t1;Augustus},{GeneMark_model.4728_t;GeneMark},{snap_scaffold_10-snap.411-T1;snap},{GlimmerHMM_glimmerT_4430-T1;GlimmerHMM}

# EVM prediction: Mode:STANDARD S-ratio: 2.11 99204-100659 orient(-) score(4046.00) noncoding_equivalent(1916.44) raw_noncoding(2429.57) offset(513.13) 
99234	99204	terminal-	6	6	{GeneMark_model.4729_t;GeneMark},{Augustus_model.g3741.t1;Augustus},{GlimmerHMM_glimmerT_4431-T1;GlimmerHMM}
99304	99235	INTRON			{GeneMark_model.4729_t;GeneMark},{Augustus_model.g3741.t1;Augustus},{GlimmerHMM_glimmerT_4431-T1;GlimmerHMM}
100185	99305	internal-	4	5	{GeneMark_model.4729_t;GeneMark},{Augustus_model.g3741.t1;Augustus},{GlimmerHMM_glimmerT_4431-T1;GlimmerHMM}
100269	100186	INTRON			{GeneMark_model.4729_t;GeneMark},{Augustus_model.g3741.t1;Augustus},{GlimmerHMM_glimmerT_4431-T1;GlimmerHMM}
100418	100270	internal-	5	6	{GeneMark_model.4729_t;GeneMark},{Augustus_model.g3741.t1;Augustus},{GlimmerHMM_glimmerT_4431-T1;GlimmerHMM}
100478	100419	INTRON			{GeneMark_model.4729_t;GeneMark},{Augustus_model.g3741.t1;Augustus}
100485	100479	internal-	4	4	{GeneMark_model.4729_t;GeneMark},{Augustus_model.g3741.t1;Augustus}
100566	100486	INTRON			{GeneMark_model.4729_t;GeneMark}
100659	100567	initial-	4	6	{GeneMark_model.4729_t;GeneMark}

# EVM prediction: Mode:STANDARD S-ratio: 2.30 100935-102475 orient(-) score(4383.00) noncoding_equivalent(1907.90) raw_noncoding(2597.52) offset(689.62) 
101468	100935	terminal-	4	6	{GlimmerHMM_glimmerT_4432-T1;GlimmerHMM},{GeneMark_model.4730_t;GeneMark}
101535	101469	INTRON			{GlimmerHMM_glimmerT_4432-T1;GlimmerHMM},{Augustus_model.g3741.t1;Augustus},{GeneMark_model.4730_t;GeneMark}
101947	101536	internal-	6	6	{GlimmerHMM_glimmerT_4432-T1;GlimmerHMM},{Augustus_model.g3741.t1;Augustus},{GeneMark_model.4730_t;GeneMark}
102174	101948	INTRON			{Augustus_model.g3741.t1;Augustus},{GeneMark_model.4730_t;GeneMark}
102305	102175	internal-	4	5	{Augustus_model.g3741.t1;Augustus},{GeneMark_model.4730_t;GeneMark}
102412	102306	INTRON			{Augustus_model.g3741.t1;Augustus},{GeneMark_model.4730_t;GeneMark}
102475	102413	initial-	4	6	{Augustus_model.g3741.t1;Augustus},{GeneMark_model.4730_t;GeneMark}

# EVM prediction: Mode:STANDARD S-ratio: 3.17 102616-103668 orient(+) score(4161.00) noncoding_equivalent(1310.89) raw_noncoding(1608.00) offset(297.11) 
102616	102980	initial+	1	2	{GeneMark_model.4731_t;GeneMark},{Augustus_model.g3742.t1;Augustus},{GlimmerHMM_glimmerT_4433-T1;GlimmerHMM}
102981	103053	INTRON			{GeneMark_model.4731_t;GeneMark},{Augustus_model.g3742.t1;Augustus},{GlimmerHMM_glimmerT_4433-T1;GlimmerHMM},{ev_type:exonerate/ID=match.2566964.3824/Target=lcl|KQ954493_1_prot_KWU43203_1_4394;exonerate}
103054	103093	internal+	3	3	{GeneMark_model.4731_t;GeneMark},{Augustus_model.g3742.t1;Augustus},{GlimmerHMM_glimmerT_4433-T1;GlimmerHMM},{ev_type:exonerate/ID=match.2566964.3824/Target=lcl|KQ954493_1_prot_KWU43203_1_4394;exonerate}
103094	103166	INTRON			{GeneMark_model.4731_t;GeneMark},{Augustus_model.g3742.t1;Augustus},{GlimmerHMM_glimmerT_4433-T1;GlimmerHMM},{ev_type:exonerate/ID=match.2566964.3824/Target=lcl|KQ954493_1_prot_KWU43203_1_4394;exonerate}
103167	103222	internal+	1	2	{GeneMark_model.4731_t;GeneMark},{Augustus_model.g3742.t1;Augustus},{GlimmerHMM_glimmerT_4433-T1;GlimmerHMM},{ev_type:exonerate/ID=match.2566964.3824/Target=lcl|KQ954493_1_prot_KWU43203_1_4394;exonerate}
103223	103290	INTRON			{GeneMark_model.4731_t;GeneMark},{Augustus_model.g3742.t1;Augustus},{GlimmerHMM_glimmerT_4433-T1;GlimmerHMM},{ev_type:exonerate/ID=match.2566964.3824/Target=lcl|KQ954493_1_prot_KWU43203_1_4394;exonerate}
103291	103358	internal+	3	1	{GeneMark_model.4731_t;GeneMark},{Augustus_model.g3742.t1;Augustus},{GlimmerHMM_glimmerT_4433-T1;GlimmerHMM},{ev_type:exonerate/ID=match.2566964.3824/Target=lcl|KQ954493_1_prot_KWU43203_1_4394;exonerate}
103359	103423	INTRON			{GeneMark_model.4731_t;GeneMark},{Augustus_model.g3742.t1;Augustus},{GlimmerHMM_glimmerT_4433-T1;GlimmerHMM},{ev_type:exonerate/ID=match.2566964.3824/Target=lcl|KQ954493_1_prot_KWU43203_1_4394;exonerate}
103424	103668	terminal+	2	3	{GeneMark_model.4731_t;GeneMark},{Augustus_model.g3742.t1;Augustus},{snap_scaffold_10-snap.413-T1;snap},{GlimmerHMM_glimmerT_4433-T1;GlimmerHMM}

# EVM prediction: Mode:STANDARD S-ratio: 1.66 105126-106387 orient(+) score(3234.00) noncoding_equivalent(1945.37) raw_noncoding(2864.53) offset(919.16) 
105126	105145	initial+	1	2	{Augustus_model.g3743.t1;Augustus},{GeneMark_model.4732_t;GeneMark}
105146	105426	INTRON			{Augustus_model.g3743.t1;Augustus},{GeneMark_model.4732_t;GeneMark}
105427	105498	internal+	3	2	{Augustus_model.g3743.t1;Augustus},{GeneMark_model.4732_t;GeneMark}
105499	105568	INTRON			{Augustus_model.g3743.t1;Augustus},{GeneMark_model.4732_t;GeneMark}
105569	105668	internal+	3	3	{Augustus_model.g3743.t1;Augustus},{GeneMark_model.4732_t;GeneMark},{GlimmerHMM_glimmerT_4434-T1;GlimmerHMM}
105669	105737	INTRON			{Augustus_model.g3743.t1;Augustus},{GeneMark_model.4732_t;GeneMark},{GlimmerHMM_glimmerT_4434-T1;GlimmerHMM}
105738	105884	internal+	1	3	{GeneMark_model.4732_t;GeneMark},{GlimmerHMM_glimmerT_4434-T1;GlimmerHMM}
105885	105955	INTRON			{GeneMark_model.4732_t;GeneMark},{GlimmerHMM_glimmerT_4434-T1;GlimmerHMM}
105956	106387	terminal+	1	3	{GeneMark_model.4732_t;GeneMark},{GlimmerHMM_glimmerT_4434-T1;GlimmerHMM},{snap_scaffold_10-snap.414-T1;snap}

# EVM prediction: Mode:STANDARD S-ratio: 1.65 106968-109063 orient(-) score(5217.00) noncoding_equivalent(3163.41) raw_noncoding(4532.00) offset(1368.59) 
106970	106968	terminal-	4	6	{GeneMark_model.4733_t;GeneMark},{GlimmerHMM_glimmerT_4435-T1;GlimmerHMM}
107048	106971	INTRON			{GeneMark_model.4733_t;GeneMark},{GlimmerHMM_glimmerT_4435-T1;GlimmerHMM}
107142	107049	internal-	6	6	{GeneMark_model.4733_t;GeneMark},{GlimmerHMM_glimmerT_4435-T1;GlimmerHMM}
107260	107143	INTRON			{GeneMark_model.4733_t;GeneMark},{GlimmerHMM_glimmerT_4435-T1;GlimmerHMM}
107555	107261	internal-	5	5	{GeneMark_model.4733_t;GeneMark},{GlimmerHMM_glimmerT_4435-T1;GlimmerHMM}
107633	107556	INTRON			{GeneMark_model.4733_t;GeneMark},{GlimmerHMM_glimmerT_4435-T1;GlimmerHMM}
108377	107634	internal-	5	4	{GeneMark_model.4733_t;GeneMark},{GlimmerHMM_glimmerT_4435-T1;GlimmerHMM}
108456	108378	INTRON			{GeneMark_model.4733_t;GeneMark},{GlimmerHMM_glimmerT_4435-T1;GlimmerHMM}
108569	108457	internal-	6	4	{GeneMark_model.4733_t;GeneMark},{GlimmerHMM_glimmerT_4435-T1;GlimmerHMM}
108811	108570	INTRON			{GeneMark_model.4733_t;GeneMark},{GlimmerHMM_glimmerT_4435-T1;GlimmerHMM}
108854	108812	internal-	5	5	{GeneMark_model.4733_t;GeneMark},{GlimmerHMM_glimmerT_4435-T1;GlimmerHMM}
108996	108855	INTRON			{GeneMark_model.4733_t;GeneMark},{GlimmerHMM_glimmerT_4435-T1;GlimmerHMM}
109063	108997	initial-	4	4	{GeneMark_model.4733_t;GeneMark},{GlimmerHMM_glimmerT_4435-T1;GlimmerHMM}

# EVM prediction: Mode:STANDARD S-ratio: 3.53 112407-114116 orient(-) score(6030.00) noncoding_equivalent(1710.00) raw_noncoding(1776.00) offset(66.00) 
113213	112407	terminal-	4	6	{GeneMark_model.4735_t;GeneMark}
113279	113214	INTRON			{GeneMark_model.4735_t;GeneMark},{ev_type:exonerate/ID=match.2566964.2205/Target=lcl|KQ954493_1_prot_KWU43207_1_4398;exonerate}
114116	113280	initial-	4	6	{GeneMark_model.4735_t;GeneMark}

# EVM prediction: Mode:STANDARD S-ratio: 2.98 114502-115773 orient(+) score(5665.00) noncoding_equivalent(1902.23) raw_noncoding(2320.23) offset(418.00) 
114502	114706	initial+	1	1	{GlimmerHMM_glimmerT_4438-T1;GlimmerHMM},{GeneMark_model.4736_t;GeneMark}
114707	114769	INTRON			{GlimmerHMM_glimmerT_4438-T1;GlimmerHMM},{GeneMark_model.4736_t;GeneMark},{ev_type:exonerate/ID=match.2566964.3747/Target=lcl|PJQD01000013_1_prot_POY75721_1_805;exonerate},{ev_type:exonerate/ID=match.2566964.3750/Target=lcl|KQ954493_1_prot_KWU43208_1_4399;exonerate}
114770	115062	internal+	2	3	{GlimmerHMM_glimmerT_4438-T1;GlimmerHMM},{GeneMark_model.4736_t;GeneMark},{ev_type:exonerate/ID=match.2566964.3747/Target=lcl|PJQD01000013_1_prot_POY75721_1_805;exonerate},{ev_type:exonerate/ID=match.2566964.3750/Target=lcl|KQ954493_1_prot_KWU43208_1_4399;exonerate}
115063	115125	INTRON			{GlimmerHMM_glimmerT_4438-T1;GlimmerHMM},{GeneMark_model.4736_t;GeneMark},{ev_type:exonerate/ID=match.2566964.3747/Target=lcl|PJQD01000013_1_prot_POY75721_1_805;exonerate},{ev_type:exonerate/ID=match.2566964.3750/Target=lcl|KQ954493_1_prot_KWU43208_1_4399;exonerate}
115126	115227	internal+	1	3	{GlimmerHMM_glimmerT_4438-T1;GlimmerHMM},{GeneMark_model.4736_t;GeneMark},{ev_type:exonerate/ID=match.2566964.3747/Target=lcl|PJQD01000013_1_prot_POY75721_1_805;exonerate},{ev_type:exonerate/ID=match.2566964.3750/Target=lcl|KQ954493_1_prot_KWU43208_1_4399;exonerate}
115228	115307	INTRON			{GlimmerHMM_glimmerT_4438-T1;GlimmerHMM},{GeneMark_model.4736_t;GeneMark},{ev_type:exonerate/ID=match.2566964.3747/Target=lcl|PJQD01000013_1_prot_POY75721_1_805;exonerate},{ev_type:exonerate/ID=match.2566964.3750/Target=lcl|KQ954493_1_prot_KWU43208_1_4399;exonerate}
115308	115509	internal+	1	1	{GlimmerHMM_glimmerT_4438-T1;GlimmerHMM},{GeneMark_model.4736_t;GeneMark},{ev_type:exonerate/ID=match.2566964.3747/Target=lcl|PJQD01000013_1_prot_POY75721_1_805;exonerate},{ev_type:exonerate/ID=match.2566964.3750/Target=lcl|KQ954493_1_prot_KWU43208_1_4399;exonerate}
115510	115612	INTRON			{GlimmerHMM_glimmerT_4438-T1;GlimmerHMM},{GeneMark_model.4736_t;GeneMark},{ev_type:exonerate/ID=match.2566964.3747/Target=lcl|PJQD01000013_1_prot_POY75721_1_805;exonerate},{ev_type:exonerate/ID=match.2566964.3750/Target=lcl|KQ954493_1_prot_KWU43208_1_4399;exonerate}
115613	115773	terminal+	2	3	{GlimmerHMM_glimmerT_4438-T1;GlimmerHMM},{GeneMark_model.4736_t;GeneMark}

# EVM prediction: Mode:STANDARD S-ratio: 1.22 116760-117484 orient(-) score(1591.00) noncoding_equivalent(1309.03) raw_noncoding(1935.02) offset(625.99) 
117023	116760	terminal-	4	6	{snap_scaffold_10-snap.418-T1;snap}
117090	117024	INTRON			{GeneMark_model.4737_t;GeneMark},{GlimmerHMM_glimmerT_4439-T1;GlimmerHMM}
117103	117091	internal-	6	6	{GeneMark_model.4737_t;GeneMark},{GlimmerHMM_glimmerT_4439-T1;GlimmerHMM}
117190	117104	INTRON			{GeneMark_model.4737_t;GeneMark},{GlimmerHMM_glimmerT_4439-T1;GlimmerHMM}
117281	117191	internal-	5	5	{GeneMark_model.4737_t;GeneMark},{GlimmerHMM_glimmerT_4439-T1;GlimmerHMM}
117441	117282	INTRON			{GeneMark_model.4737_t;GeneMark},{GlimmerHMM_glimmerT_4439-T1;GlimmerHMM}
117484	117442	initial-	4	4	{GeneMark_model.4737_t;GeneMark}

# EVM prediction: Mode:STANDARD S-ratio: 2.12 124648-126253 orient(-) score(4365.00) noncoding_equivalent(2058.30) raw_noncoding(2401.00) offset(342.70) 
125796	124648	terminal-	4	6	{GlimmerHMM_glimmerT_4441-T1;GlimmerHMM},{GeneMark_model.4739_t;GeneMark}
125860	125797	INTRON			{GlimmerHMM_glimmerT_4441-T1;GlimmerHMM},{GeneMark_model.4739_t;GeneMark}
126004	125861	internal-	4	6	{GlimmerHMM_glimmerT_4441-T1;GlimmerHMM},{GeneMark_model.4739_t;GeneMark}
126074	126005	INTRON			{GlimmerHMM_glimmerT_4441-T1;GlimmerHMM},{GeneMark_model.4739_t;GeneMark}
126187	126075	internal-	5	6	{GlimmerHMM_glimmerT_4441-T1;GlimmerHMM},{GeneMark_model.4739_t;GeneMark}
126249	126188	INTRON			{GlimmerHMM_glimmerT_4441-T1;GlimmerHMM},{GeneMark_model.4739_t;GeneMark}
126253	126250	initial-	4	4	{snap_scaffold_10-snap.419-T1;snap}

# EVM prediction: Mode:STANDARD S-ratio: 1.00 128086-128420 orient(-) score(670.00) noncoding_equivalent(670.00) raw_noncoding(794.00) offset(124.00) 
128135	128086	terminal-	5	6	{GeneMark_model.4741_t;GeneMark},{GlimmerHMM_glimmerT_4443-T1;GlimmerHMM}
128197	128136	INTRON			{GeneMark_model.4741_t;GeneMark},{GlimmerHMM_glimmerT_4443-T1;GlimmerHMM}
128420	128198	initial-	4	4	{GeneMark_model.4741_t;GeneMark},{GlimmerHMM_glimmerT_4443-T1;GlimmerHMM}

# EVM prediction: Mode:STANDARD S-ratio: 1.24 129142-129912 orient(+) score(1625.00) noncoding_equivalent(1310.83) raw_noncoding(1915.31) offset(604.48) 
129142	129348	initial+	1	3	{GlimmerHMM_glimmerT_4444-T1;GlimmerHMM}
129349	129422	INTRON			{GlimmerHMM_glimmerT_4444-T1;GlimmerHMM}
129423	129433	internal+	1	2	{GlimmerHMM_glimmerT_4444-T1;GlimmerHMM}
129434	129499	INTRON			{GlimmerHMM_glimmerT_4444-T1;GlimmerHMM},{GeneMark_model.4742_t;GeneMark}
129500	129562	internal+	3	2	{GlimmerHMM_glimmerT_4444-T1;GlimmerHMM},{GeneMark_model.4742_t;GeneMark}
129563	129630	INTRON			{GlimmerHMM_glimmerT_4444-T1;GlimmerHMM},{GeneMark_model.4742_t;GeneMark}
129631	129678	internal+	3	2	{GlimmerHMM_glimmerT_4444-T1;GlimmerHMM},{GeneMark_model.4742_t;GeneMark}
129679	129743	INTRON			{GlimmerHMM_glimmerT_4444-T1;GlimmerHMM},{GeneMark_model.4742_t;GeneMark}
129744	129912	terminal+	3	3	{snap_scaffold_10-snap.420-T1;snap}

# EVM prediction: Mode:STANDARD S-ratio: 2.15 130722-131273 orient(-) score(1507.00) noncoding_equivalent(699.32) raw_noncoding(849.64) offset(150.32) 
131124	130722	terminal-	6	6	{GlimmerHMM_glimmerT_4445-T1;GlimmerHMM},{GeneMark_model.4743_t;GeneMark},{snap_scaffold_10-snap.421-T1;snap}
131199	131125	INTRON			{GlimmerHMM_glimmerT_4445-T1;GlimmerHMM},{GeneMark_model.4743_t;GeneMark}
131273	131200	initial-	4	5	{GlimmerHMM_glimmerT_4445-T1;GlimmerHMM}

# EVM prediction: Mode:STANDARD S-ratio: 1.69 131810-135055 orient(+) score(7997.00) noncoding_equivalent(4734.71) raw_noncoding(5761.02) offset(1026.30) 
131810	131905	initial+	1	3	{GlimmerHMM_glimmerT_4446-T1;GlimmerHMM},{GeneMark_model.4744_t;GeneMark}
131906	131974	INTRON			{GeneMark_model.4744_t;GeneMark}
131975	132013	internal+	1	3	{GeneMark_model.4744_t;GeneMark}
132014	132073	INTRON			{GeneMark_model.4744_t;GeneMark}
132074	132632	internal+	1	1	{GlimmerHMM_glimmerT_4446-T1;GlimmerHMM},{GeneMark_model.4744_t;GeneMark}
132633	132697	INTRON			{GlimmerHMM_glimmerT_4446-T1;GlimmerHMM},{GeneMark_model.4744_t;GeneMark}
132698	134397	internal+	2	3	{GlimmerHMM_glimmerT_4446-T1;GlimmerHMM},{GeneMark_model.4744_t;GeneMark}
134398	134463	INTRON			{GlimmerHMM_glimmerT_4446-T1;GlimmerHMM},{GeneMark_model.4744_t;GeneMark}
134464	134613	internal+	1	3	{GlimmerHMM_glimmerT_4446-T1;GlimmerHMM},{GeneMark_model.4744_t;GeneMark}
134614	134677	INTRON			{GlimmerHMM_glimmerT_4446-T1;GlimmerHMM},{GeneMark_model.4744_t;GeneMark}
134678	134747	internal+	1	1	{GlimmerHMM_glimmerT_4446-T1;GlimmerHMM},{GeneMark_model.4744_t;GeneMark}
134748	134822	INTRON			{GlimmerHMM_glimmerT_4446-T1;GlimmerHMM},{GeneMark_model.4744_t;GeneMark}
134823	134907	internal+	2	2	{GlimmerHMM_glimmerT_4446-T1;GlimmerHMM},{GeneMark_model.4744_t;GeneMark}
134908	134973	INTRON			{GlimmerHMM_glimmerT_4446-T1;GlimmerHMM},{GeneMark_model.4744_t;GeneMark}
134974	135055	terminal+	3	3	{GeneMark_model.4744_t;GeneMark}

# EVM prediction: Mode:STANDARD S-ratio: 1.42 135669-136371 orient(+) score(1649.00) noncoding_equivalent(1161.00) raw_noncoding(1951.00) offset(790.00) 
135669	135674	initial+	1	3	{snap_scaffold_10-snap.423-T1;snap}
135675	136134	INTRON			{snap_scaffold_10-snap.423-T1;snap},{GlimmerHMM_glimmerT_4446-T1;GlimmerHMM}
136135	136371	terminal+	1	3	{snap_scaffold_10-snap.423-T1;snap},{GeneMark_model.4745_t;GeneMark},{GlimmerHMM_glimmerT_4446-T1;GlimmerHMM}

# EVM prediction: Mode:STANDARD S-ratio: 1.00 136536-137678 orient(-) score(2286.00) noncoding_equivalent(2286.00) raw_noncoding(3000.00) offset(714.00) 
136664	136536	terminal-	4	6	{GeneMark_model.4746_t;GeneMark},{GlimmerHMM_glimmerT_4447-T1;GlimmerHMM}
136741	136665	INTRON			{GeneMark_model.4746_t;GeneMark},{GlimmerHMM_glimmerT_4447-T1;GlimmerHMM}
136862	136742	internal-	6	6	{GeneMark_model.4746_t;GeneMark},{GlimmerHMM_glimmerT_4447-T1;GlimmerHMM}
136934	136863	INTRON			{GeneMark_model.4746_t;GeneMark},{GlimmerHMM_glimmerT_4447-T1;GlimmerHMM}
137268	136935	internal-	5	5	{GeneMark_model.4746_t;GeneMark},{GlimmerHMM_glimmerT_4447-T1;GlimmerHMM}
137340	137269	INTRON			{GeneMark_model.4746_t;GeneMark},{GlimmerHMM_glimmerT_4447-T1;GlimmerHMM}
137425	137341	internal-	4	4	{GeneMark_model.4746_t;GeneMark},{GlimmerHMM_glimmerT_4447-T1;GlimmerHMM}
137482	137426	INTRON			{GeneMark_model.4746_t;GeneMark},{GlimmerHMM_glimmerT_4447-T1;GlimmerHMM}
137536	137483	internal-	4	6	{GeneMark_model.4746_t;GeneMark},{GlimmerHMM_glimmerT_4447-T1;GlimmerHMM}
137615	137537	INTRON			{GeneMark_model.4746_t;GeneMark},{GlimmerHMM_glimmerT_4447-T1;GlimmerHMM}
137678	137616	initial-	4	6	{GeneMark_model.4746_t;GeneMark},{GlimmerHMM_glimmerT_4447-T1;GlimmerHMM}

# EVM prediction: Mode:STANDARD S-ratio: 2.15 138189-139530 orient(+) score(4480.00) noncoding_equivalent(2084.83) raw_noncoding(2755.00) offset(670.17) 
138189	138373	initial+	1	2	{GeneMark_model.4747_t;GeneMark},{GlimmerHMM_glimmerT_4448-T1;GlimmerHMM}
138374	138437	INTRON			{GeneMark_model.4747_t;GeneMark},{GlimmerHMM_glimmerT_4448-T1;GlimmerHMM},{ev_type:exonerate/ID=match.2566964.3752/Target=lcl|KQ954493_1_prot_KWU43191_1_4382;exonerate}
138438	138486	internal+	3	3	{GeneMark_model.4747_t;GeneMark},{ev_type:exonerate/ID=match.2566964.3752/Target=lcl|KQ954493_1_prot_KWU43191_1_4382;exonerate}
138487	138554	INTRON			{GeneMark_model.4747_t;GeneMark},{ev_type:exonerate/ID=match.2566964.3752/Target=lcl|KQ954493_1_prot_KWU43191_1_4382;exonerate}
138555	138636	internal+	1	1	{GeneMark_model.4747_t;GeneMark},{GlimmerHMM_glimmerT_4448-T1;GlimmerHMM},{ev_type:exonerate/ID=match.2566964.3752/Target=lcl|KQ954493_1_prot_KWU43191_1_4382;exonerate}
138637	138701	INTRON			{GeneMark_model.4747_t;GeneMark},{GlimmerHMM_glimmerT_4448-T1;GlimmerHMM},{ev_type:exonerate/ID=match.2566964.3752/Target=lcl|KQ954493_1_prot_KWU43191_1_4382;exonerate}
138702	138944	internal+	2	1	{GeneMark_model.4747_t;GeneMark},{GlimmerHMM_glimmerT_4448-T1;GlimmerHMM},{ev_type:exonerate/ID=match.2566964.3752/Target=lcl|KQ954493_1_prot_KWU43191_1_4382;exonerate}
138945	139010	INTRON			{GeneMark_model.4747_t;GeneMark},{GlimmerHMM_glimmerT_4448-T1;GlimmerHMM},{ev_type:exonerate/ID=match.2566964.3752/Target=lcl|KQ954493_1_prot_KWU43191_1_4382;exonerate}
139011	139069	internal+	2	3	{GeneMark_model.4747_t;GeneMark},{GlimmerHMM_glimmerT_4448-T1;GlimmerHMM},{ev_type:exonerate/ID=match.2566964.3752/Target=lcl|KQ954493_1_prot_KWU43191_1_4382;exonerate}
139070	139137	INTRON			{GeneMark_model.4747_t;GeneMark},{GlimmerHMM_glimmerT_4448-T1;GlimmerHMM},{ev_type:exonerate/ID=match.2566964.3752/Target=lcl|KQ954493_1_prot_KWU43191_1_4382;exonerate}
139138	139371	internal+	1	3	{GeneMark_model.4747_t;GeneMark},{GlimmerHMM_glimmerT_4448-T1;GlimmerHMM},{ev_type:exonerate/ID=match.2566964.3752/Target=lcl|KQ954493_1_prot_KWU43191_1_4382;exonerate}
139372	139437	INTRON			{GeneMark_model.4747_t;GeneMark},{GlimmerHMM_glimmerT_4448-T1;GlimmerHMM},{ev_type:exonerate/ID=match.2566964.3752/Target=lcl|KQ954493_1_prot_KWU43191_1_4382;exonerate}
139438	139530	terminal+	1	3	{GeneMark_model.4747_t;GeneMark},{GlimmerHMM_glimmerT_4448-T1;GlimmerHMM}

# EVM prediction: Mode:STANDARD S-ratio: 1.00 139721-140155 orient(+) score(870.00) noncoding_equivalent(870.00) raw_noncoding(870.00) offset(0.00) 
139721	140155	initial+	1	3	{GlimmerHMM_glimmerT_4449-T1;GlimmerHMM}

