!! Predictions spanning range 1782 - 122552 [R1]
# EVM prediction: Mode:STANDARD S-ratio: 2.40 1782-2769 orient(-) score(2964.00) noncoding_equivalent(1234.00) raw_noncoding(1369.00) offset(135.00) 
2086	1782	terminal-	5	6	{Augustus_model.g3036.t1;Augustus},{GlimmerHMM_glimmerT_3651-T1;GlimmerHMM},{GeneMark_model.3894_t;GeneMark}
2150	2087	INTRON			{Augustus_model.g3036.t1;Augustus},{GlimmerHMM_glimmerT_3651-T1;GlimmerHMM},{GeneMark_model.3894_t;GeneMark}
2477	2151	internal-	5	4	{Augustus_model.g3036.t1;Augustus},{GlimmerHMM_glimmerT_3651-T1;GlimmerHMM},{GeneMark_model.3894_t;GeneMark}
2540	2478	INTRON			{Augustus_model.g3036.t1;Augustus},{GlimmerHMM_glimmerT_3651-T1;GlimmerHMM},{GeneMark_model.3894_t;GeneMark}
2769	2541	initial-	4	4	{Augustus_model.g3036.t1;Augustus},{GlimmerHMM_glimmerT_3651-T1;GlimmerHMM},{GeneMark_model.3894_t;GeneMark}

# EVM prediction: Mode:STANDARD S-ratio: 5.69 3309-5067 orient(-) score(5977.00) noncoding_equivalent(1050.05) raw_noncoding(1350.60) offset(300.55) 
4105	3309	terminal-	5	6	{GeneMark_model.3895_t;GeneMark},{Augustus_model.g3037.t1;Augustus}
4198	4106	INTRON			{GeneMark_model.3895_t;GeneMark},{Augustus_model.g3037.t1;Augustus}
4559	4199	internal-	4	4	{GeneMark_model.3895_t;GeneMark},{Augustus_model.g3037.t1;Augustus}
4626	4560	INTRON			{GeneMark_model.3895_t;GeneMark},{Augustus_model.g3037.t1;Augustus}
4752	4627	internal-	4	6	{GeneMark_model.3895_t;GeneMark},{Augustus_model.g3037.t1;Augustus}
4818	4753	INTRON			{GeneMark_model.3895_t;GeneMark},{Augustus_model.g3037.t1;Augustus}
5067	4819	initial-	4	6	{GeneMark_model.3895_t;GeneMark}

# EVM prediction: Mode:STANDARD S-ratio: 2.54 5347-7593 orient(-) score(7155.00) noncoding_equivalent(2820.02) raw_noncoding(3278.09) offset(458.08) 
5528	5347	terminal-	5	6	{GeneMark_model.3896_t;GeneMark},{GlimmerHMM_glimmerT_3653-T1;GlimmerHMM}
5606	5529	INTRON			{GeneMark_model.3896_t;GeneMark},{GlimmerHMM_glimmerT_3653-T1;GlimmerHMM},{Augustus_model.g3037.t1;Augustus}
5759	5607	internal-	5	4	{GeneMark_model.3896_t;GeneMark},{GlimmerHMM_glimmerT_3653-T1;GlimmerHMM},{Augustus_model.g3037.t1;Augustus}
5828	5760	INTRON			{GeneMark_model.3896_t;GeneMark},{GlimmerHMM_glimmerT_3653-T1;GlimmerHMM},{Augustus_model.g3037.t1;Augustus}
6250	5829	internal-	6	4	{GeneMark_model.3896_t;GeneMark},{GlimmerHMM_glimmerT_3653-T1;GlimmerHMM}
6320	6251	INTRON			{GeneMark_model.3896_t;GeneMark},{GlimmerHMM_glimmerT_3653-T1;GlimmerHMM},{Augustus_model.g3037.t1;Augustus}
6460	6321	internal-	4	5	{GeneMark_model.3896_t;GeneMark},{GlimmerHMM_glimmerT_3653-T1;GlimmerHMM},{Augustus_model.g3037.t1;Augustus}
6526	6461	INTRON			{GeneMark_model.3896_t;GeneMark},{GlimmerHMM_glimmerT_3653-T1;GlimmerHMM},{Augustus_model.g3037.t1;Augustus}
6706	6527	internal-	4	6	{GeneMark_model.3896_t;GeneMark},{GlimmerHMM_glimmerT_3653-T1;GlimmerHMM},{Augustus_model.g3037.t1;Augustus}
6790	6707	INTRON			{GeneMark_model.3896_t;GeneMark},{GlimmerHMM_glimmerT_3653-T1;GlimmerHMM},{Augustus_model.g3037.t1;Augustus}
7232	6791	internal-	6	6	{GeneMark_model.3896_t;GeneMark},{GlimmerHMM_glimmerT_3653-T1;GlimmerHMM},{Augustus_model.g3037.t1;Augustus}
7307	7233	INTRON			{GeneMark_model.3896_t;GeneMark},{GlimmerHMM_glimmerT_3653-T1;GlimmerHMM},{Augustus_model.g3037.t1;Augustus}
7404	7308	internal-	5	5	{GeneMark_model.3896_t;GeneMark},{Augustus_model.g3037.t1;Augustus}
7464	7405	INTRON			{GeneMark_model.3896_t;GeneMark},{Augustus_model.g3037.t1;Augustus}
7518	7465	internal-	5	4	{GeneMark_model.3896_t;GeneMark},{Augustus_model.g3037.t1;Augustus}
7586	7519	INTRON			{GeneMark_model.3896_t;GeneMark},{GlimmerHMM_glimmerT_3653-T1;GlimmerHMM},{Augustus_model.g3037.t1;Augustus}
7593	7587	initial-	4	4	{GeneMark_model.3896_t;GeneMark},{snap_scaffold_8-snap.380-T1;snap},{GlimmerHMM_glimmerT_3653-T1;GlimmerHMM},{Augustus_model.g3037.t1;Augustus}

# EVM prediction: Mode:STANDARD S-ratio: 4.06 7833-8581 orient(+) score(2500.00) noncoding_equivalent(616.00) raw_noncoding(638.00) offset(22.00) 
7833	8241	initial+	1	1	{GeneMark_model.3897_t;GeneMark},{Augustus_model.g3038.t1;Augustus},{GlimmerHMM_glimmerT_3654-T1;GlimmerHMM}
8242	8303	INTRON			{GeneMark_model.3897_t;GeneMark},{Augustus_model.g3038.t1;Augustus},{GlimmerHMM_glimmerT_3654-T1;GlimmerHMM}
8304	8581	terminal+	2	3	{GeneMark_model.3897_t;GeneMark},{Augustus_model.g3038.t1;Augustus},{GlimmerHMM_glimmerT_3654-T1;GlimmerHMM}

# EVM prediction: Mode:STANDARD S-ratio: 2.98 8729-11356 orient(-) score(8214.00) noncoding_equivalent(2759.49) raw_noncoding(3018.00) offset(258.51) 
9673	8729	terminal-	4	6	{GlimmerHMM_glimmerT_3655-T1;GlimmerHMM},{GeneMark_model.3898_t;GeneMark}
9734	9674	INTRON			{GlimmerHMM_glimmerT_3655-T1;GlimmerHMM},{GeneMark_model.3898_t;GeneMark},{Augustus_model.g3039.t1;Augustus}
10307	9735	internal-	4	6	{GlimmerHMM_glimmerT_3655-T1;GlimmerHMM},{GeneMark_model.3898_t;GeneMark},{Augustus_model.g3039.t1;Augustus}
10368	10308	INTRON			{GlimmerHMM_glimmerT_3655-T1;GlimmerHMM},{GeneMark_model.3898_t;GeneMark},{Augustus_model.g3039.t1;Augustus}
10464	10369	internal-	4	6	{GlimmerHMM_glimmerT_3655-T1;GlimmerHMM},{GeneMark_model.3898_t;GeneMark},{Augustus_model.g3039.t1;Augustus}
10520	10465	INTRON			{GlimmerHMM_glimmerT_3655-T1;GlimmerHMM},{GeneMark_model.3898_t;GeneMark},{Augustus_model.g3039.t1;Augustus}
10586	10521	internal-	4	6	{GlimmerHMM_glimmerT_3655-T1;GlimmerHMM},{GeneMark_model.3898_t;GeneMark},{Augustus_model.g3039.t1;Augustus}
10648	10587	INTRON			{GlimmerHMM_glimmerT_3655-T1;GlimmerHMM},{GeneMark_model.3898_t;GeneMark},{Augustus_model.g3039.t1;Augustus}
11356	10649	initial-	4	6	{GeneMark_model.3898_t;GeneMark}

# EVM prediction: Mode:STANDARD S-ratio: 1.71 12456-15988 orient(-) score(8906.00) noncoding_equivalent(5207.67) raw_noncoding(7593.13) offset(2385.46) 
12743	12456	terminal-	4	6	{snap_scaffold_8-snap.383-T1;snap},{GeneMark_model.3899_t;GeneMark}
12817	12744	INTRON			{GlimmerHMM_glimmerT_3655-T1;GlimmerHMM},{Augustus_model.g3039.t1;Augustus},{GeneMark_model.3899_t;GeneMark}
13033	12818	internal-	4	6	{GlimmerHMM_glimmerT_3655-T1;GlimmerHMM},{Augustus_model.g3039.t1;Augustus},{GeneMark_model.3899_t;GeneMark}
13103	13034	INTRON			{GlimmerHMM_glimmerT_3655-T1;GlimmerHMM},{GeneMark_model.3899_t;GeneMark}
13442	13104	internal-	4	6	{GlimmerHMM_glimmerT_3655-T1;GlimmerHMM},{GeneMark_model.3899_t;GeneMark}
13513	13443	INTRON			{GeneMark_model.3899_t;GeneMark}
13579	13514	internal-	4	6	{GeneMark_model.3899_t;GeneMark}
13749	13580	INTRON			{GeneMark_model.3899_t;GeneMark}
13912	13750	internal-	6	6	{GlimmerHMM_glimmerT_3655-T1;GlimmerHMM},{GeneMark_model.3899_t;GeneMark}
13974	13913	INTRON			{GlimmerHMM_glimmerT_3655-T1;GlimmerHMM},{Augustus_model.g3039.t1;Augustus},{GeneMark_model.3899_t;GeneMark}
14068	13975	internal-	5	5	{GlimmerHMM_glimmerT_3655-T1;GlimmerHMM},{Augustus_model.g3039.t1;Augustus},{GeneMark_model.3899_t;GeneMark}
14131	14069	INTRON			{GlimmerHMM_glimmerT_3655-T1;GlimmerHMM},{Augustus_model.g3039.t1;Augustus},{GeneMark_model.3899_t;GeneMark}
14392	14132	internal-	5	4	{GlimmerHMM_glimmerT_3655-T1;GlimmerHMM},{Augustus_model.g3039.t1;Augustus},{GeneMark_model.3899_t;GeneMark}
14524	14393	INTRON			{GlimmerHMM_glimmerT_3655-T1;GlimmerHMM},{Augustus_model.g3039.t1;Augustus},{GeneMark_model.3899_t;GeneMark}
14735	14525	internal-	4	4	{GlimmerHMM_glimmerT_3655-T1;GlimmerHMM},{Augustus_model.g3039.t1;Augustus},{GeneMark_model.3899_t;GeneMark}
14800	14736	INTRON			{GlimmerHMM_glimmerT_3655-T1;GlimmerHMM},{Augustus_model.g3039.t1;Augustus},{GeneMark_model.3899_t;GeneMark}
14982	14801	internal-	5	6	{GlimmerHMM_glimmerT_3655-T1;GlimmerHMM},{Augustus_model.g3039.t1;Augustus},{GeneMark_model.3899_t;GeneMark}
15064	14983	INTRON			{Augustus_model.g3039.t1;Augustus},{GeneMark_model.3899_t;GeneMark}
15216	15065	internal-	6	4	{Augustus_model.g3039.t1;Augustus},{GeneMark_model.3899_t;GeneMark}
15316	15217	INTRON			{Augustus_model.g3039.t1;Augustus},{GeneMark_model.3899_t;GeneMark}
15392	15317	internal-	5	5	{Augustus_model.g3039.t1;Augustus}
15620	15393	INTRON			{Augustus_model.g3039.t1;Augustus}
15838	15621	internal-	6	4	{GlimmerHMM_glimmerT_3655-T1;GlimmerHMM},{Augustus_model.g3039.t1;Augustus}
15911	15839	INTRON			{GlimmerHMM_glimmerT_3655-T1;GlimmerHMM},{Augustus_model.g3039.t1;Augustus},{GeneMark_model.3899_t;GeneMark}
15988	15912	initial-	4	5	{GlimmerHMM_glimmerT_3655-T1;GlimmerHMM},{Augustus_model.g3039.t1;Augustus},{GeneMark_model.3899_t;GeneMark}

# EVM prediction: Mode:STANDARD S-ratio: 8.34 17000-19328 orient(+) score(17227.00) noncoding_equivalent(2066.46) raw_noncoding(2542.00) offset(475.54) 
17000	17073	initial+	1	2	{GeneMark_model.3900_t;GeneMark},{Augustus_model.g3040.t1;Augustus}
17074	17140	INTRON			{GeneMark_model.3900_t;GeneMark},{Augustus_model.g3040.t1;Augustus},{ev_type:exonerate/ID=match.2566964.1593/Target=lcl|LCTV02000001_1_prot_PRQ78176_1_876;exonerate},{ev_type:exonerate/ID=match.2566964.1591/Target=lcl|BJWK01000006_1_prot_GEM08608_1_2625;exonerate},{ev_type:exonerate/ID=match.2566964.1598/Target=lcl|NW_017264935_1_prot_XP_018270225_1_4161;exonerate},{ev_type:exonerate/ID=match.2566964.1584/Target=lcl|KQ954509_1_prot_KWU42386_1_5264;exonerate}
17141	17224	internal+	3	2	{GeneMark_model.3900_t;GeneMark},{Augustus_model.g3040.t1;Augustus},{GlimmerHMM_glimmerT_3656-T1;GlimmerHMM},{ev_type:exonerate/ID=match.2566964.1593/Target=lcl|LCTV02000001_1_prot_PRQ78176_1_876;exonerate},{ev_type:exonerate/ID=match.2566964.1591/Target=lcl|BJWK01000006_1_prot_GEM08608_1_2625;exonerate},{ev_type:exonerate/ID=match.2566964.1598/Target=lcl|NW_017264935_1_prot_XP_018270225_1_4161;exonerate},{ev_type:exonerate/ID=match.2566964.1584/Target=lcl|KQ954509_1_prot_KWU42386_1_5264;exonerate}
17225	17288	INTRON			{GeneMark_model.3900_t;GeneMark},{Augustus_model.g3040.t1;Augustus},{GlimmerHMM_glimmerT_3656-T1;GlimmerHMM},{ev_type:exonerate/ID=match.2566964.1593/Target=lcl|LCTV02000001_1_prot_PRQ78176_1_876;exonerate},{ev_type:exonerate/ID=match.2566964.1591/Target=lcl|BJWK01000006_1_prot_GEM08608_1_2625;exonerate},{ev_type:exonerate/ID=match.2566964.1598/Target=lcl|NW_017264935_1_prot_XP_018270225_1_4161;exonerate},{ev_type:exonerate/ID=match.2566964.1584/Target=lcl|KQ954509_1_prot_KWU42386_1_5264;exonerate}
17289	17424	internal+	3	3	{GeneMark_model.3900_t;GeneMark},{Augustus_model.g3040.t1;Augustus},{GlimmerHMM_glimmerT_3656-T1;GlimmerHMM},{ev_type:exonerate/ID=match.2566964.1593/Target=lcl|LCTV02000001_1_prot_PRQ78176_1_876;exonerate},{ev_type:exonerate/ID=match.2566964.1598/Target=lcl|NW_017264935_1_prot_XP_018270225_1_4161;exonerate},{ev_type:exonerate/ID=match.2566964.1584/Target=lcl|KQ954509_1_prot_KWU42386_1_5264;exonerate}
17425	17530	INTRON			{GeneMark_model.3900_t;GeneMark},{Augustus_model.g3040.t1;Augustus},{GlimmerHMM_glimmerT_3656-T1;GlimmerHMM},{ev_type:exonerate/ID=match.2566964.1593/Target=lcl|LCTV02000001_1_prot_PRQ78176_1_876;exonerate},{ev_type:exonerate/ID=match.2566964.1598/Target=lcl|NW_017264935_1_prot_XP_018270225_1_4161;exonerate},{ev_type:exonerate/ID=match.2566964.1584/Target=lcl|KQ954509_1_prot_KWU42386_1_5264;exonerate}
17531	17686	internal+	1	3	{GeneMark_model.3900_t;GeneMark},{Augustus_model.g3040.t1;Augustus},{GlimmerHMM_glimmerT_3656-T1;GlimmerHMM},{ev_type:exonerate/ID=match.2566964.1593/Target=lcl|LCTV02000001_1_prot_PRQ78176_1_876;exonerate},{ev_type:exonerate/ID=match.2566964.1591/Target=lcl|BJWK01000006_1_prot_GEM08608_1_2625;exonerate},{ev_type:exonerate/ID=match.2566964.1598/Target=lcl|NW_017264935_1_prot_XP_018270225_1_4161;exonerate},{ev_type:exonerate/ID=match.2566964.1584/Target=lcl|KQ954509_1_prot_KWU42386_1_5264;exonerate}
17687	17750	INTRON			{GeneMark_model.3900_t;GeneMark},{Augustus_model.g3040.t1;Augustus},{GlimmerHMM_glimmerT_3656-T1;GlimmerHMM},{ev_type:exonerate/ID=match.2566964.1593/Target=lcl|LCTV02000001_1_prot_PRQ78176_1_876;exonerate},{ev_type:exonerate/ID=match.2566964.1591/Target=lcl|BJWK01000006_1_prot_GEM08608_1_2625;exonerate},{ev_type:exonerate/ID=match.2566964.1598/Target=lcl|NW_017264935_1_prot_XP_018270225_1_4161;exonerate},{ev_type:exonerate/ID=match.2566964.1584/Target=lcl|KQ954509_1_prot_KWU42386_1_5264;exonerate}
17751	18587	internal+	1	3	{GeneMark_model.3900_t;GeneMark},{Augustus_model.g3040.t1;Augustus},{GlimmerHMM_glimmerT_3656-T1;GlimmerHMM},{ev_type:exonerate/ID=match.2566964.1593/Target=lcl|LCTV02000001_1_prot_PRQ78176_1_876;exonerate},{ev_type:exonerate/ID=match.2566964.1598/Target=lcl|NW_017264935_1_prot_XP_018270225_1_4161;exonerate},{ev_type:exonerate/ID=match.2566964.1584/Target=lcl|KQ954509_1_prot_KWU42386_1_5264;exonerate}
18588	18680	INTRON			{GeneMark_model.3900_t;GeneMark},{Augustus_model.g3040.t1;Augustus},{GlimmerHMM_glimmerT_3656-T1;GlimmerHMM},{ev_type:exonerate/ID=match.2566964.1593/Target=lcl|LCTV02000001_1_prot_PRQ78176_1_876;exonerate},{ev_type:exonerate/ID=match.2566964.1598/Target=lcl|NW_017264935_1_prot_XP_018270225_1_4161;exonerate},{ev_type:exonerate/ID=match.2566964.1584/Target=lcl|KQ954509_1_prot_KWU42386_1_5264;exonerate}
18681	18767	internal+	1	3	{GeneMark_model.3900_t;GeneMark},{Augustus_model.g3040.t1;Augustus},{GlimmerHMM_glimmerT_3656-T1;GlimmerHMM},{ev_type:exonerate/ID=match.2566964.1593/Target=lcl|LCTV02000001_1_prot_PRQ78176_1_876;exonerate},{ev_type:exonerate/ID=match.2566964.1591/Target=lcl|BJWK01000006_1_prot_GEM08608_1_2625;exonerate},{ev_type:exonerate/ID=match.2566964.1598/Target=lcl|NW_017264935_1_prot_XP_018270225_1_4161;exonerate},{ev_type:exonerate/ID=match.2566964.1584/Target=lcl|KQ954509_1_prot_KWU42386_1_5264;exonerate}
18768	18825	INTRON			{GeneMark_model.3900_t;GeneMark},{Augustus_model.g3040.t1;Augustus},{GlimmerHMM_glimmerT_3656-T1;GlimmerHMM},{ev_type:exonerate/ID=match.2566964.1593/Target=lcl|LCTV02000001_1_prot_PRQ78176_1_876;exonerate},{ev_type:exonerate/ID=match.2566964.1591/Target=lcl|BJWK01000006_1_prot_GEM08608_1_2625;exonerate},{ev_type:exonerate/ID=match.2566964.1598/Target=lcl|NW_017264935_1_prot_XP_018270225_1_4161;exonerate},{ev_type:exonerate/ID=match.2566964.1584/Target=lcl|KQ954509_1_prot_KWU42386_1_5264;exonerate}
18826	19144	internal+	1	1	{GeneMark_model.3900_t;GeneMark},{Augustus_model.g3040.t1;Augustus},{GlimmerHMM_glimmerT_3656-T1;GlimmerHMM},{ev_type:exonerate/ID=match.2566964.1593/Target=lcl|LCTV02000001_1_prot_PRQ78176_1_876;exonerate},{ev_type:exonerate/ID=match.2566964.1591/Target=lcl|BJWK01000006_1_prot_GEM08608_1_2625;exonerate},{ev_type:exonerate/ID=match.2566964.1598/Target=lcl|NW_017264935_1_prot_XP_018270225_1_4161;exonerate},{ev_type:exonerate/ID=match.2566964.1584/Target=lcl|KQ954509_1_prot_KWU42386_1_5264;exonerate}
19145	19221	INTRON			{GeneMark_model.3900_t;GeneMark},{Augustus_model.g3040.t1;Augustus},{GlimmerHMM_glimmerT_3656-T1;GlimmerHMM},{ev_type:exonerate/ID=match.2566964.1593/Target=lcl|LCTV02000001_1_prot_PRQ78176_1_876;exonerate},{ev_type:exonerate/ID=match.2566964.1591/Target=lcl|BJWK01000006_1_prot_GEM08608_1_2625;exonerate},{ev_type:exonerate/ID=match.2566964.1598/Target=lcl|NW_017264935_1_prot_XP_018270225_1_4161;exonerate},{ev_type:exonerate/ID=match.2566964.1584/Target=lcl|KQ954509_1_prot_KWU42386_1_5264;exonerate}
19222	19328	terminal+	2	3	{GeneMark_model.3900_t;GeneMark},{Augustus_model.g3040.t1;Augustus},{GlimmerHMM_glimmerT_3656-T1;GlimmerHMM}

# EVM prediction: Mode:STANDARD S-ratio: 8.99 20019-22507 orient(-) score(9377.00) noncoding_equivalent(1043.30) raw_noncoding(1237.00) offset(193.70) 
20218	20019	terminal-	5	6	{GeneMark_model.3901_t;GeneMark},{GlimmerHMM_glimmerT_3657-T1;GlimmerHMM},{Augustus_model.g3041.t1;Augustus}
20291	20219	INTRON			{GeneMark_model.3901_t;GeneMark},{GlimmerHMM_glimmerT_3657-T1;GlimmerHMM},{Augustus_model.g3041.t1;Augustus}
20401	20292	internal-	6	4	{GeneMark_model.3901_t;GeneMark},{GlimmerHMM_glimmerT_3657-T1;GlimmerHMM},{Augustus_model.g3041.t1;Augustus}
20496	20402	INTRON			{GeneMark_model.3901_t;GeneMark},{GlimmerHMM_glimmerT_3657-T1;GlimmerHMM},{Augustus_model.g3041.t1;Augustus}
22406	20497	internal-	4	5	{GeneMark_model.3901_t;GeneMark},{GlimmerHMM_glimmerT_3657-T1;GlimmerHMM},{Augustus_model.g3041.t1;Augustus}
22477	22407	INTRON			{GeneMark_model.3901_t;GeneMark},{GlimmerHMM_glimmerT_3657-T1;GlimmerHMM},{Augustus_model.g3041.t1;Augustus}
22507	22478	initial-	4	6	{GeneMark_model.3901_t;GeneMark},{GlimmerHMM_glimmerT_3657-T1;GlimmerHMM},{Augustus_model.g3041.t1;Augustus}

# EVM prediction: Mode:STANDARD S-ratio: 4.88 23795-24412 orient(-) score(6035.00) noncoding_equivalent(1236.00) raw_noncoding(1608.00) offset(372.00) 
23949	23795	terminal-	5	6	{GeneMark_model.3903_t;GeneMark},{GlimmerHMM_glimmerT_3658-T1;GlimmerHMM},{HiQ_model.g3042.t1;HiQ}
24032	23950	INTRON			{GeneMark_model.3903_t;GeneMark},{GlimmerHMM_glimmerT_3658-T1;GlimmerHMM},{HiQ_model.g3042.t1;HiQ},{ev_type:exonerate/ID=match.2566964.3205/Target=lcl|KQ954509_1_prot_KWU42394_1_5272;exonerate},{ev_type:exonerate/ID=match.2566964.3210/Target=lcl|BJWK01000006_1_prot_GEM08594_1_2611;exonerate},{ev_type:exonerate/ID=match.2566964.3218/Target=AP2S_NEUCR;exonerate},{ev_type:exonerate/ID=match.2566964.3212/Target=lcl|NW_017264935_1_prot_XP_018270222_1_4158;exonerate},{ev_type:exonerate/ID=match.2566964.3203/Target=lcl|PJQD01000038_1_prot_POY73391_1_3753;exonerate},{ev_type:exonerate/ID=match.2566964.3209/Target=lcl|LCTV02000001_1_prot_PRQ78192_1_892;exonerate}
24285	24033	internal-	4	4	{GeneMark_model.3903_t;GeneMark},{GlimmerHMM_glimmerT_3658-T1;GlimmerHMM},{HiQ_model.g3042.t1;HiQ},{ev_type:exonerate/ID=match.2566964.3205/Target=lcl|KQ954509_1_prot_KWU42394_1_5272;exonerate},{ev_type:exonerate/ID=match.2566964.3210/Target=lcl|BJWK01000006_1_prot_GEM08594_1_2611;exonerate},{ev_type:exonerate/ID=match.2566964.3212/Target=lcl|NW_017264935_1_prot_XP_018270222_1_4158;exonerate},{ev_type:exonerate/ID=match.2566964.3203/Target=lcl|PJQD01000038_1_prot_POY73391_1_3753;exonerate},{ev_type:exonerate/ID=match.2566964.3209/Target=lcl|LCTV02000001_1_prot_PRQ78192_1_892;exonerate}
24388	24286	INTRON			{GeneMark_model.3903_t;GeneMark},{GlimmerHMM_glimmerT_3658-T1;GlimmerHMM},{HiQ_model.g3042.t1;HiQ},{ev_type:exonerate/ID=match.2566964.3205/Target=lcl|KQ954509_1_prot_KWU42394_1_5272;exonerate},{ev_type:exonerate/ID=match.2566964.3210/Target=lcl|BJWK01000006_1_prot_GEM08594_1_2611;exonerate},{ev_type:exonerate/ID=match.2566964.3212/Target=lcl|NW_017264935_1_prot_XP_018270222_1_4158;exonerate},{ev_type:exonerate/ID=match.2566964.3203/Target=lcl|PJQD01000038_1_prot_POY73391_1_3753;exonerate},{ev_type:exonerate/ID=match.2566964.3209/Target=lcl|LCTV02000001_1_prot_PRQ78192_1_892;exonerate}
24412	24389	initial-	4	6	{GeneMark_model.3903_t;GeneMark},{GlimmerHMM_glimmerT_3658-T1;GlimmerHMM},{HiQ_model.g3042.t1;HiQ}

# EVM prediction: Mode:STANDARD S-ratio: 2.64 24941-27772 orient(+) score(8863.00) noncoding_equivalent(3355.30) raw_noncoding(4339.16) offset(983.86) 
24941	25411	initial+	1	3	{GeneMark_model.3904_t;GeneMark},{Augustus_model.g3043.t1;Augustus},{GlimmerHMM_glimmerT_3659-T1;GlimmerHMM}
25412	25474	INTRON			{GeneMark_model.3904_t;GeneMark},{Augustus_model.g3043.t1;Augustus},{GlimmerHMM_glimmerT_3659-T1;GlimmerHMM}
25475	25558	internal+	1	3	{GeneMark_model.3904_t;GeneMark},{Augustus_model.g3043.t1;Augustus},{GlimmerHMM_glimmerT_3659-T1;GlimmerHMM}
25559	25619	INTRON			{GeneMark_model.3904_t;GeneMark},{Augustus_model.g3043.t1;Augustus},{GlimmerHMM_glimmerT_3659-T1;GlimmerHMM}
25620	25694	internal+	1	3	{Augustus_model.g3043.t1;Augustus},{GlimmerHMM_glimmerT_3659-T1;GlimmerHMM}
25695	25731	INTRON			{GlimmerHMM_glimmerT_3659-T1;GlimmerHMM}
25732	26161	internal+	1	1	{GeneMark_model.3904_t;GeneMark},{GlimmerHMM_glimmerT_3659-T1;GlimmerHMM}
26162	26230	INTRON			{GeneMark_model.3904_t;GeneMark},{Augustus_model.g3043.t1;Augustus}
26231	26700	internal+	2	3	{GeneMark_model.3904_t;GeneMark},{Augustus_model.g3043.t1;Augustus}
26701	26822	INTRON			{GeneMark_model.3904_t;GeneMark},{Augustus_model.g3043.t1;Augustus},{GlimmerHMM_glimmerT_3659-T1;GlimmerHMM}
26823	27002	internal+	1	3	{GeneMark_model.3904_t;GeneMark},{Augustus_model.g3043.t1;Augustus},{GlimmerHMM_glimmerT_3659-T1;GlimmerHMM}
27003	27106	INTRON			{GeneMark_model.3904_t;GeneMark},{Augustus_model.g3043.t1;Augustus},{GlimmerHMM_glimmerT_3659-T1;GlimmerHMM}
27107	27251	internal+	1	1	{GeneMark_model.3904_t;GeneMark},{Augustus_model.g3043.t1;Augustus},{GlimmerHMM_glimmerT_3659-T1;GlimmerHMM}
27252	27323	INTRON			{GeneMark_model.3904_t;GeneMark},{Augustus_model.g3043.t1;Augustus},{GlimmerHMM_glimmerT_3659-T1;GlimmerHMM}
27324	27338	internal+	2	1	{GeneMark_model.3904_t;GeneMark},{Augustus_model.g3043.t1;Augustus},{GlimmerHMM_glimmerT_3659-T1;GlimmerHMM}
27339	27427	INTRON			{GeneMark_model.3904_t;GeneMark},{Augustus_model.g3043.t1;Augustus}
27428	27436	internal+	2	1	{GeneMark_model.3904_t;GeneMark},{Augustus_model.g3043.t1;Augustus}
27437	27498	INTRON			{GeneMark_model.3904_t;GeneMark},{Augustus_model.g3043.t1;Augustus}
27499	27619	internal+	2	2	{GeneMark_model.3904_t;GeneMark},{Augustus_model.g3043.t1;Augustus},{GlimmerHMM_glimmerT_3659-T1;GlimmerHMM}
27620	27693	INTRON			{GeneMark_model.3904_t;GeneMark},{Augustus_model.g3043.t1;Augustus},{GlimmerHMM_glimmerT_3659-T1;GlimmerHMM}
27694	27772	terminal+	3	3	{GeneMark_model.3904_t;GeneMark},{Augustus_model.g3043.t1;Augustus},{GlimmerHMM_glimmerT_3659-T1;GlimmerHMM}

# EVM prediction: Mode:STANDARD S-ratio: 3.10 28377-29378 orient(+) score(3117.00) noncoding_equivalent(1006.97) raw_noncoding(1215.00) offset(208.03) 
28377	28614	initial+	1	1	{GeneMark_model.3905_t;GeneMark}
28615	28697	INTRON			{Augustus_model.g3044.t1;Augustus},{GeneMark_model.3905_t;GeneMark}
28698	29024	internal+	2	1	{Augustus_model.g3044.t1;Augustus},{GeneMark_model.3905_t;GeneMark}
29025	29085	INTRON			{Augustus_model.g3044.t1;Augustus},{GlimmerHMM_glimmerT_3660-T1;GlimmerHMM},{GeneMark_model.3905_t;GeneMark}
29086	29378	terminal+	2	3	{Augustus_model.g3044.t1;Augustus},{GlimmerHMM_glimmerT_3660-T1;GlimmerHMM},{GeneMark_model.3905_t;GeneMark}

# EVM prediction: Mode:STANDARD S-ratio: 3.87 29693-30762 orient(-) score(3636.00) noncoding_equivalent(940.00) raw_noncoding(1100.00) offset(160.00) 
30232	29693	terminal-	4	6	{Augustus_model.g3045.t1;Augustus},{GlimmerHMM_glimmerT_3661-T1;GlimmerHMM},{GeneMark_model.3906_t;GeneMark}
30299	30233	INTRON			{Augustus_model.g3045.t1;Augustus},{GlimmerHMM_glimmerT_3661-T1;GlimmerHMM},{GeneMark_model.3906_t;GeneMark}
30562	30300	internal-	5	6	{Augustus_model.g3045.t1;Augustus},{GlimmerHMM_glimmerT_3661-T1;GlimmerHMM},{GeneMark_model.3906_t;GeneMark}
30647	30563	INTRON			{Augustus_model.g3045.t1;Augustus},{GlimmerHMM_glimmerT_3661-T1;GlimmerHMM},{GeneMark_model.3906_t;GeneMark}
30762	30648	initial-	4	4	{Augustus_model.g3045.t1;Augustus},{GlimmerHMM_glimmerT_3661-T1;GlimmerHMM},{GeneMark_model.3906_t;GeneMark}

# EVM prediction: Mode:STANDARD S-ratio: 4.71 31618-32612 orient(+) score(3278.00) noncoding_equivalent(696.57) raw_noncoding(1041.57) offset(345.00) 
31618	31689	initial+	1	3	{GlimmerHMM_glimmerT_3662-T1;GlimmerHMM}
31690	31867	INTRON			{snap_scaffold_8-snap.390-T1;snap},{GlimmerHMM_glimmerT_3662-T1;GlimmerHMM}
31868	32472	internal+	1	2	{Augustus_model.g3046.t1;Augustus},{GeneMark_model.3907_t;GeneMark}
32473	32545	INTRON			{Augustus_model.g3046.t1;Augustus},{GeneMark_model.3907_t;GeneMark}
32546	32612	terminal+	3	3	{Augustus_model.g3046.t1;Augustus},{GeneMark_model.3907_t;GeneMark}

# EVM prediction: Mode:STANDARD S-ratio: 2.03 33124-35814 orient(-) score(7921.00) noncoding_equivalent(3908.49) raw_noncoding(5346.00) offset(1437.51) 
33220	33124	terminal-	6	6	{GlimmerHMM_glimmerT_3663-T1;GlimmerHMM},{Augustus_model.g3047.t1;Augustus},{GeneMark_model.3908_t;GeneMark}
33294	33221	INTRON			{GlimmerHMM_glimmerT_3663-T1;GlimmerHMM},{Augustus_model.g3047.t1;Augustus},{GeneMark_model.3908_t;GeneMark}
33528	33295	internal-	6	5	{GlimmerHMM_glimmerT_3663-T1;GlimmerHMM},{Augustus_model.g3047.t1;Augustus},{GeneMark_model.3908_t;GeneMark}
33591	33529	INTRON			{Augustus_model.g3047.t1;Augustus},{GeneMark_model.3908_t;GeneMark}
33602	33592	internal-	4	5	{Augustus_model.g3047.t1;Augustus},{GeneMark_model.3908_t;GeneMark}
33671	33603	INTRON			{Augustus_model.g3047.t1;Augustus},{GeneMark_model.3908_t;GeneMark}
33765	33672	internal-	6	6	{Augustus_model.g3047.t1;Augustus},{GeneMark_model.3908_t;GeneMark}
33836	33766	INTRON			{Augustus_model.g3047.t1;Augustus},{GeneMark_model.3908_t;GeneMark}
33870	33837	internal-	5	5	{GlimmerHMM_glimmerT_3663-T1;GlimmerHMM},{Augustus_model.g3047.t1;Augustus},{GeneMark_model.3908_t;GeneMark}
33934	33871	INTRON			{GlimmerHMM_glimmerT_3663-T1;GlimmerHMM},{Augustus_model.g3047.t1;Augustus},{GeneMark_model.3908_t;GeneMark}
34207	33935	internal-	5	4	{GlimmerHMM_glimmerT_3663-T1;GlimmerHMM},{Augustus_model.g3047.t1;Augustus},{GeneMark_model.3908_t;GeneMark}
34277	34208	INTRON			{GlimmerHMM_glimmerT_3663-T1;GlimmerHMM},{Augustus_model.g3047.t1;Augustus},{GeneMark_model.3908_t;GeneMark}
34311	34278	internal-	4	4	{GlimmerHMM_glimmerT_3663-T1;GlimmerHMM},{Augustus_model.g3047.t1;Augustus},{GeneMark_model.3908_t;GeneMark}
34376	34312	INTRON			{Augustus_model.g3047.t1;Augustus},{GeneMark_model.3908_t;GeneMark}
34388	34377	internal-	4	6	{Augustus_model.g3047.t1;Augustus},{GeneMark_model.3908_t;GeneMark}
34457	34389	INTRON			{Augustus_model.g3047.t1;Augustus},{GeneMark_model.3908_t;GeneMark}
34807	34458	internal-	5	6	{GlimmerHMM_glimmerT_3663-T1;GlimmerHMM},{Augustus_model.g3047.t1;Augustus},{GeneMark_model.3908_t;GeneMark}
34876	34808	INTRON			{snap_scaffold_8-snap.391-T1;snap},{GlimmerHMM_glimmerT_3663-T1;GlimmerHMM},{Augustus_model.g3047.t1;Augustus},{GeneMark_model.3908_t;GeneMark}
34955	34877	internal-	4	4	{GlimmerHMM_glimmerT_3663-T1;GlimmerHMM},{Augustus_model.g3047.t1;Augustus},{GeneMark_model.3908_t;GeneMark}
35031	34956	INTRON			{GlimmerHMM_glimmerT_3663-T1;GlimmerHMM},{Augustus_model.g3047.t1;Augustus},{GeneMark_model.3908_t;GeneMark}
35231	35032	internal-	5	6	{GlimmerHMM_glimmerT_3663-T1;GlimmerHMM},{Augustus_model.g3047.t1;Augustus},{GeneMark_model.3908_t;GeneMark}
35294	35232	INTRON			{GlimmerHMM_glimmerT_3663-T1;GlimmerHMM},{Augustus_model.g3047.t1;Augustus},{GeneMark_model.3908_t;GeneMark}
35319	35295	internal-	4	4	{GlimmerHMM_glimmerT_3663-T1;GlimmerHMM},{Augustus_model.g3047.t1;Augustus},{GeneMark_model.3908_t;GeneMark}
35387	35320	INTRON			{GlimmerHMM_glimmerT_3663-T1;GlimmerHMM},{Augustus_model.g3047.t1;Augustus},{GeneMark_model.3908_t;GeneMark}
35457	35388	internal-	6	6	{Augustus_model.g3047.t1;Augustus},{GeneMark_model.3908_t;GeneMark}
35526	35458	INTRON			{Augustus_model.g3047.t1;Augustus},{GeneMark_model.3908_t;GeneMark}
35538	35527	internal-	6	5	{Augustus_model.g3047.t1;Augustus},{GeneMark_model.3908_t;GeneMark}
35655	35539	INTRON			{Augustus_model.g3047.t1;Augustus},{GeneMark_model.3908_t;GeneMark}
35692	35656	internal-	5	5	{Augustus_model.g3047.t1;Augustus},{GeneMark_model.3908_t;GeneMark}
35753	35693	INTRON			{Augustus_model.g3047.t1;Augustus},{GeneMark_model.3908_t;GeneMark}
35814	35754	initial-	4	4	{GeneMark_model.3908_t;GeneMark}

# EVM prediction: Mode:STANDARD S-ratio: 4.38 36914-38751 orient(-) score(6328.00) noncoding_equivalent(1444.66) raw_noncoding(1616.16) offset(171.51) 
37179	36914	terminal-	5	6	{GlimmerHMM_glimmerT_3664-T1;GlimmerHMM}
37253	37180	INTRON			{GeneMark_model.3909_t;GeneMark},{GlimmerHMM_glimmerT_3664-T1;GlimmerHMM},{Augustus_model.g3047.t1;Augustus}
38308	37254	internal-	6	4	{GeneMark_model.3909_t;GeneMark},{GlimmerHMM_glimmerT_3664-T1;GlimmerHMM},{Augustus_model.g3047.t1;Augustus}
38388	38309	INTRON			{GeneMark_model.3909_t;GeneMark},{GlimmerHMM_glimmerT_3664-T1;GlimmerHMM},{Augustus_model.g3047.t1;Augustus}
38591	38389	internal-	4	5	{GeneMark_model.3909_t;GeneMark},{GlimmerHMM_glimmerT_3664-T1;GlimmerHMM},{Augustus_model.g3047.t1;Augustus}
38652	38592	INTRON			{GeneMark_model.3909_t;GeneMark},{GlimmerHMM_glimmerT_3664-T1;GlimmerHMM},{Augustus_model.g3047.t1;Augustus}
38751	38653	initial-	4	6	{GeneMark_model.3909_t;GeneMark},{GlimmerHMM_glimmerT_3664-T1;GlimmerHMM},{Augustus_model.g3047.t1;Augustus}

# EVM prediction: Mode:STANDARD S-ratio: 2.37 39073-42487 orient(+) score(12393.00) noncoding_equivalent(5229.49) raw_noncoding(6868.00) offset(1638.51) 
39073	39358	initial+	1	1	{GeneMark_model.3910_t;GeneMark},{GlimmerHMM_glimmerT_3665-T1;GlimmerHMM},{Augustus_model.g3048.t1;Augustus}
39359	39417	INTRON			{GeneMark_model.3910_t;GeneMark},{Augustus_model.g3048.t1;Augustus}
39418	39477	internal+	2	1	{GeneMark_model.3910_t;GeneMark},{Augustus_model.g3048.t1;Augustus}
39478	39545	INTRON			{GeneMark_model.3910_t;GeneMark},{Augustus_model.g3048.t1;Augustus}
39546	39687	internal+	2	2	{GeneMark_model.3910_t;GeneMark},{GlimmerHMM_glimmerT_3665-T1;GlimmerHMM},{Augustus_model.g3048.t1;Augustus}
39688	39754	INTRON			{GeneMark_model.3910_t;GeneMark},{GlimmerHMM_glimmerT_3665-T1;GlimmerHMM},{Augustus_model.g3048.t1;Augustus},{ev_type:exonerate/ID=match.2566964.3086/Target=lcl|LCTV02000001_1_prot_PRQ78172_1_872;exonerate}
39755	39876	internal+	3	1	{GeneMark_model.3910_t;GeneMark},{Augustus_model.g3048.t1;Augustus},{ev_type:exonerate/ID=match.2566964.3086/Target=lcl|LCTV02000001_1_prot_PRQ78172_1_872;exonerate}
39877	39956	INTRON			{GeneMark_model.3910_t;GeneMark},{Augustus_model.g3048.t1;Augustus}
39957	39978	internal+	2	2	{GeneMark_model.3910_t;GeneMark},{Augustus_model.g3048.t1;Augustus}
39979	40056	INTRON			{GeneMark_model.3910_t;GeneMark},{Augustus_model.g3048.t1;Augustus}
40057	40267	internal+	3	3	{GeneMark_model.3910_t;GeneMark},{GlimmerHMM_glimmerT_3665-T1;GlimmerHMM},{Augustus_model.g3048.t1;Augustus}
40268	40347	INTRON			{GeneMark_model.3910_t;GeneMark},{GlimmerHMM_glimmerT_3665-T1;GlimmerHMM},{Augustus_model.g3048.t1;Augustus},{ev_type:exonerate/ID=match.2566964.3086/Target=lcl|LCTV02000001_1_prot_PRQ78172_1_872;exonerate}
40348	40598	internal+	1	2	{GeneMark_model.3910_t;GeneMark},{GlimmerHMM_glimmerT_3665-T1;GlimmerHMM},{Augustus_model.g3048.t1;Augustus},{ev_type:exonerate/ID=match.2566964.3086/Target=lcl|LCTV02000001_1_prot_PRQ78172_1_872;exonerate}
40599	40669	INTRON			{GeneMark_model.3910_t;GeneMark},{GlimmerHMM_glimmerT_3665-T1;GlimmerHMM},{Augustus_model.g3048.t1;Augustus},{ev_type:exonerate/ID=match.2566964.3086/Target=lcl|LCTV02000001_1_prot_PRQ78172_1_872;exonerate}
40670	40740	internal+	3	1	{GeneMark_model.3910_t;GeneMark},{GlimmerHMM_glimmerT_3665-T1;GlimmerHMM},{Augustus_model.g3048.t1;Augustus},{ev_type:exonerate/ID=match.2566964.3086/Target=lcl|LCTV02000001_1_prot_PRQ78172_1_872;exonerate}
40741	40837	INTRON			{GeneMark_model.3910_t;GeneMark},{GlimmerHMM_glimmerT_3665-T1;GlimmerHMM},{Augustus_model.g3048.t1;Augustus},{ev_type:exonerate/ID=match.2566964.3086/Target=lcl|LCTV02000001_1_prot_PRQ78172_1_872;exonerate}
40838	41144	internal+	2	2	{GeneMark_model.3910_t;GeneMark},{GlimmerHMM_glimmerT_3665-T1;GlimmerHMM},{Augustus_model.g3048.t1;Augustus},{ev_type:exonerate/ID=match.2566964.3086/Target=lcl|LCTV02000001_1_prot_PRQ78172_1_872;exonerate}
41145	41205	INTRON			{GeneMark_model.3910_t;GeneMark},{GlimmerHMM_glimmerT_3665-T1;GlimmerHMM},{Augustus_model.g3048.t1;Augustus},{ev_type:exonerate/ID=match.2566964.3086/Target=lcl|LCTV02000001_1_prot_PRQ78172_1_872;exonerate}
41206	41399	internal+	3	1	{GeneMark_model.3910_t;GeneMark},{GlimmerHMM_glimmerT_3665-T1;GlimmerHMM},{Augustus_model.g3048.t1;Augustus},{ev_type:exonerate/ID=match.2566964.3086/Target=lcl|LCTV02000001_1_prot_PRQ78172_1_872;exonerate}
41400	41538	INTRON			{GeneMark_model.3910_t;GeneMark},{GlimmerHMM_glimmerT_3665-T1;GlimmerHMM},{Augustus_model.g3048.t1;Augustus},{ev_type:exonerate/ID=match.2566964.3086/Target=lcl|LCTV02000001_1_prot_PRQ78172_1_872;exonerate}
41539	41678	internal+	2	3	{GeneMark_model.3910_t;GeneMark},{GlimmerHMM_glimmerT_3665-T1;GlimmerHMM},{Augustus_model.g3048.t1;Augustus},{ev_type:exonerate/ID=match.2566964.3086/Target=lcl|LCTV02000001_1_prot_PRQ78172_1_872;exonerate}
41679	41789	INTRON			{GeneMark_model.3910_t;GeneMark},{GlimmerHMM_glimmerT_3665-T1;GlimmerHMM},{Augustus_model.g3048.t1;Augustus},{ev_type:exonerate/ID=match.2566964.3086/Target=lcl|LCTV02000001_1_prot_PRQ78172_1_872;exonerate}
41790	41933	internal+	1	3	{GeneMark_model.3910_t;GeneMark},{Augustus_model.g3048.t1;Augustus},{ev_type:exonerate/ID=match.2566964.3086/Target=lcl|LCTV02000001_1_prot_PRQ78172_1_872;exonerate}
41934	42025	INTRON			{GeneMark_model.3910_t;GeneMark},{Augustus_model.g3048.t1;Augustus},{ev_type:exonerate/ID=match.2566964.3086/Target=lcl|LCTV02000001_1_prot_PRQ78172_1_872;exonerate}
42026	42086	internal+	1	1	{GeneMark_model.3910_t;GeneMark},{Augustus_model.g3048.t1;Augustus},{ev_type:exonerate/ID=match.2566964.3086/Target=lcl|LCTV02000001_1_prot_PRQ78172_1_872;exonerate}
42087	42172	INTRON			{GeneMark_model.3910_t;GeneMark},{Augustus_model.g3048.t1;Augustus},{ev_type:exonerate/ID=match.2566964.3086/Target=lcl|LCTV02000001_1_prot_PRQ78172_1_872;exonerate}
42173	42292	internal+	2	1	{GeneMark_model.3910_t;GeneMark},{GlimmerHMM_glimmerT_3665-T1;GlimmerHMM},{Augustus_model.g3048.t1;Augustus},{ev_type:exonerate/ID=match.2566964.3086/Target=lcl|LCTV02000001_1_prot_PRQ78172_1_872;exonerate}
42293	42383	INTRON			{GeneMark_model.3910_t;GeneMark},{GlimmerHMM_glimmerT_3665-T1;GlimmerHMM},{Augustus_model.g3048.t1;Augustus},{ev_type:exonerate/ID=match.2566964.3086/Target=lcl|LCTV02000001_1_prot_PRQ78172_1_872;exonerate}
42384	42487	terminal+	2	3	{GeneMark_model.3910_t;GeneMark},{GlimmerHMM_glimmerT_3665-T1;GlimmerHMM},{Augustus_model.g3048.t1;Augustus}

# EVM prediction: Mode:STANDARD S-ratio: 1.73 42778-44208 orient(+) score(4064.00) noncoding_equivalent(2344.94) raw_noncoding(3315.27) offset(970.33) 
42778	42835	initial+	1	1	{Augustus_model.g3049.t1;Augustus},{GeneMark_model.3911_t;GeneMark}
42836	42920	INTRON			{Augustus_model.g3049.t1;Augustus},{GeneMark_model.3911_t;GeneMark}
42921	42952	internal+	2	3	{Augustus_model.g3049.t1;Augustus},{GeneMark_model.3911_t;GeneMark}
42953	43025	INTRON			{Augustus_model.g3049.t1;Augustus},{GeneMark_model.3911_t;GeneMark}
43026	43146	internal+	1	1	{Augustus_model.g3049.t1;Augustus},{GeneMark_model.3911_t;GeneMark}
43147	43237	INTRON			{Augustus_model.g3049.t1;Augustus},{GlimmerHMM_glimmerT_3666-T1;GlimmerHMM},{GeneMark_model.3911_t;GeneMark}
43238	43442	internal+	2	2	{Augustus_model.g3049.t1;Augustus},{GlimmerHMM_glimmerT_3666-T1;GlimmerHMM},{GeneMark_model.3911_t;GeneMark}
43443	43521	INTRON			{Augustus_model.g3049.t1;Augustus},{GeneMark_model.3911_t;GeneMark}
43522	43548	internal+	3	2	{Augustus_model.g3049.t1;Augustus},{GeneMark_model.3911_t;GeneMark}
43549	43613	INTRON			{Augustus_model.g3049.t1;Augustus},{GeneMark_model.3911_t;GeneMark}
43614	43650	internal+	3	3	{Augustus_model.g3049.t1;Augustus},{GlimmerHMM_glimmerT_3666-T1;GlimmerHMM},{GeneMark_model.3911_t;GeneMark}
43651	43732	INTRON			{Augustus_model.g3049.t1;Augustus},{GlimmerHMM_glimmerT_3666-T1;GlimmerHMM},{GeneMark_model.3911_t;GeneMark}
43733	43833	internal+	1	2	{Augustus_model.g3049.t1;Augustus},{GlimmerHMM_glimmerT_3666-T1;GlimmerHMM},{GeneMark_model.3911_t;GeneMark}
43834	43911	INTRON			{Augustus_model.g3049.t1;Augustus},{GlimmerHMM_glimmerT_3666-T1;GlimmerHMM},{GeneMark_model.3911_t;GeneMark}
43912	44017	internal+	3	3	{Augustus_model.g3049.t1;Augustus},{GlimmerHMM_glimmerT_3666-T1;GlimmerHMM},{GeneMark_model.3911_t;GeneMark}
44018	44118	INTRON			{Augustus_model.g3049.t1;Augustus},{GlimmerHMM_glimmerT_3666-T1;GlimmerHMM},{GeneMark_model.3911_t;GeneMark}
44119	44208	terminal+	1	3	{Augustus_model.g3049.t1;Augustus},{GlimmerHMM_glimmerT_3666-T1;GlimmerHMM},{GeneMark_model.3911_t;GeneMark}

# EVM prediction: Mode:STANDARD S-ratio: 3.00 47650-48330 orient(-) score(4080.00) noncoding_equivalent(1362.00) raw_noncoding(1746.00) offset(384.00) 
47809	47650	terminal-	6	6	{GlimmerHMM_glimmerT_3668-T1;GlimmerHMM},{GeneMark_model.3913_t;GeneMark},{HiQ_model.g3050.t1;HiQ}
47881	47810	INTRON			{GlimmerHMM_glimmerT_3668-T1;GlimmerHMM},{GeneMark_model.3913_t;GeneMark},{HiQ_model.g3050.t1;HiQ},{ev_type:exonerate/ID=match.2566964.3201/Target=lcl|KQ954509_1_prot_KWU42380_1_5258;exonerate},{ev_type:exonerate/ID=match.2566964.3200/Target=lcl|PJQD01000038_1_prot_POY73399_1_3761;exonerate}
48057	47882	internal-	4	5	{GlimmerHMM_glimmerT_3668-T1;GlimmerHMM},{GeneMark_model.3913_t;GeneMark},{HiQ_model.g3050.t1;HiQ},{ev_type:exonerate/ID=match.2566964.3201/Target=lcl|KQ954509_1_prot_KWU42380_1_5258;exonerate},{ev_type:exonerate/ID=match.2566964.3200/Target=lcl|PJQD01000038_1_prot_POY73399_1_3761;exonerate}
48177	48058	INTRON			{GlimmerHMM_glimmerT_3668-T1;GlimmerHMM},{GeneMark_model.3913_t;GeneMark},{HiQ_model.g3050.t1;HiQ},{ev_type:exonerate/ID=match.2566964.3201/Target=lcl|KQ954509_1_prot_KWU42380_1_5258;exonerate},{ev_type:exonerate/ID=match.2566964.3200/Target=lcl|PJQD01000038_1_prot_POY73399_1_3761;exonerate}
48330	48178	initial-	4	6	{GlimmerHMM_glimmerT_3668-T1;GlimmerHMM},{GeneMark_model.3913_t;GeneMark},{HiQ_model.g3050.t1;HiQ}

# EVM prediction: Mode:STANDARD S-ratio: 3.36 48698-49522 orient(+) score(4119.00) noncoding_equivalent(1227.00) raw_noncoding(1446.00) offset(219.00) 
48698	48824	initial+	1	1	{GlimmerHMM_glimmerT_3669-T1;GlimmerHMM}
48825	48885	INTRON			{Augustus_model.g3051.t1;Augustus},{GeneMark_model.3914_t;GeneMark},{GlimmerHMM_glimmerT_3669-T1;GlimmerHMM},{ev_type:exonerate/ID=match.2566964.3181/Target=lcl|KQ954509_1_prot_KWU42379_1_5257;exonerate},{ev_type:exonerate/ID=match.2566964.3185/Target=lcl|PJQD01000038_1_prot_POY73400_1_3762;exonerate}
48886	48910	internal+	2	2	{Augustus_model.g3051.t1;Augustus},{GeneMark_model.3914_t;GeneMark},{GlimmerHMM_glimmerT_3669-T1;GlimmerHMM},{ev_type:exonerate/ID=match.2566964.3181/Target=lcl|KQ954509_1_prot_KWU42379_1_5257;exonerate},{ev_type:exonerate/ID=match.2566964.3185/Target=lcl|PJQD01000038_1_prot_POY73400_1_3762;exonerate}
48911	48980	INTRON			{Augustus_model.g3051.t1;Augustus},{GeneMark_model.3914_t;GeneMark},{GlimmerHMM_glimmerT_3669-T1;GlimmerHMM},{ev_type:exonerate/ID=match.2566964.3181/Target=lcl|KQ954509_1_prot_KWU42379_1_5257;exonerate},{ev_type:exonerate/ID=match.2566964.3185/Target=lcl|PJQD01000038_1_prot_POY73400_1_3762;exonerate}
48981	49347	internal+	3	3	{Augustus_model.g3051.t1;Augustus},{GeneMark_model.3914_t;GeneMark},{GlimmerHMM_glimmerT_3669-T1;GlimmerHMM},{ev_type:exonerate/ID=match.2566964.3181/Target=lcl|KQ954509_1_prot_KWU42379_1_5257;exonerate},{ev_type:exonerate/ID=match.2566964.3185/Target=lcl|PJQD01000038_1_prot_POY73400_1_3762;exonerate}
49348	49423	INTRON			{Augustus_model.g3051.t1;Augustus},{GeneMark_model.3914_t;GeneMark},{GlimmerHMM_glimmerT_3669-T1;GlimmerHMM},{ev_type:exonerate/ID=match.2566964.3181/Target=lcl|KQ954509_1_prot_KWU42379_1_5257;exonerate},{ev_type:exonerate/ID=match.2566964.3185/Target=lcl|PJQD01000038_1_prot_POY73400_1_3762;exonerate}
49424	49522	terminal+	1	3	{Augustus_model.g3051.t1;Augustus},{GeneMark_model.3914_t;GeneMark},{GlimmerHMM_glimmerT_3669-T1;GlimmerHMM}

# EVM prediction: Mode:STANDARD S-ratio: 5.01 49688-52474 orient(-) score(9284.00) noncoding_equivalent(1854.30) raw_noncoding(2570.34) offset(716.03) 
50568	49688	terminal-	5	6	{Augustus_model.g3052.t1;Augustus},{snap_scaffold_8-snap.396-T1;snap},{GeneMark_model.3915_t;GeneMark}
50637	50569	INTRON			{Augustus_model.g3052.t1;Augustus},{GeneMark_model.3915_t;GeneMark}
50681	50638	internal-	6	4	{Augustus_model.g3052.t1;Augustus},{GeneMark_model.3915_t;GeneMark}
50756	50682	INTRON			{Augustus_model.g3052.t1;Augustus},{GeneMark_model.3915_t;GeneMark}
50810	50757	internal-	6	5	{Augustus_model.g3052.t1;Augustus},{GeneMark_model.3915_t;GeneMark}
50867	50811	INTRON			{Augustus_model.g3052.t1;Augustus},{GeneMark_model.3915_t;GeneMark}
51002	50868	internal-	6	5	{Augustus_model.g3052.t1;Augustus},{GeneMark_model.3915_t;GeneMark}
51094	51003	INTRON			{Augustus_model.g3052.t1;Augustus},{GeneMark_model.3915_t;GeneMark}
51333	51095	internal-	4	5	{Augustus_model.g3052.t1;Augustus},{GeneMark_model.3915_t;GeneMark}
51395	51334	INTRON			{Augustus_model.g3052.t1;Augustus},{GeneMark_model.3915_t;GeneMark}
51504	51396	internal-	6	6	{Augustus_model.g3052.t1;Augustus},{GeneMark_model.3915_t;GeneMark}
51572	51505	INTRON			{Augustus_model.g3052.t1;Augustus},{GeneMark_model.3915_t;GeneMark}
52474	51573	initial-	4	5	{GlimmerHMM_glimmerT_3670-T1;GlimmerHMM},{GeneMark_model.3915_t;GeneMark}

# EVM prediction: Mode:STANDARD S-ratio: 4.87 53186-56025 orient(-) score(9704.00) noncoding_equivalent(1991.45) raw_noncoding(2132.00) offset(140.55) 
53226	53186	terminal-	5	6	{Augustus_model.g3053.t1;Augustus},{GeneMark_model.3916_t;GeneMark}
53286	53227	INTRON			{Augustus_model.g3053.t1;Augustus},{GeneMark_model.3916_t;GeneMark}
53523	53287	internal-	5	4	{GlimmerHMM_glimmerT_3671-T1;GlimmerHMM},{Augustus_model.g3053.t1;Augustus},{GeneMark_model.3916_t;GeneMark}
53625	53524	INTRON			{GlimmerHMM_glimmerT_3671-T1;GlimmerHMM},{Augustus_model.g3053.t1;Augustus},{GeneMark_model.3916_t;GeneMark}
54664	53626	internal-	4	4	{GlimmerHMM_glimmerT_3671-T1;GlimmerHMM},{Augustus_model.g3053.t1;Augustus},{GeneMark_model.3916_t;GeneMark}
54735	54665	INTRON			{GlimmerHMM_glimmerT_3671-T1;GlimmerHMM},{Augustus_model.g3053.t1;Augustus},{GeneMark_model.3916_t;GeneMark}
56025	54736	initial-	4	6	{GlimmerHMM_glimmerT_3671-T1;GlimmerHMM},{Augustus_model.g3053.t1;Augustus},{GeneMark_model.3916_t;GeneMark}

# EVM prediction: Mode:STANDARD S-ratio: 2.18 56855-57843 orient(+) score(2905.00) noncoding_equivalent(1333.00) raw_noncoding(1598.00) offset(265.00) 
56855	56904	initial+	1	2	{GlimmerHMM_glimmerT_3672-T1;GlimmerHMM},{GeneMark_model.3917_t;GeneMark}
56905	56974	INTRON			{GlimmerHMM_glimmerT_3672-T1;GlimmerHMM},{Augustus_model.g3054.t1;Augustus},{GeneMark_model.3917_t;GeneMark}
56975	57035	internal+	3	3	{Augustus_model.g3054.t1;Augustus},{GeneMark_model.3917_t;GeneMark}
57036	57101	INTRON			{Augustus_model.g3054.t1;Augustus},{GeneMark_model.3917_t;GeneMark}
57102	57221	internal+	1	3	{Augustus_model.g3054.t1;Augustus},{GeneMark_model.3917_t;GeneMark}
57222	57342	INTRON			{Augustus_model.g3054.t1;Augustus},{GeneMark_model.3917_t;GeneMark}
57343	57508	internal+	1	1	{GlimmerHMM_glimmerT_3672-T1;GlimmerHMM},{Augustus_model.g3054.t1;Augustus},{GeneMark_model.3917_t;GeneMark}
57509	57586	INTRON			{GlimmerHMM_glimmerT_3672-T1;GlimmerHMM},{Augustus_model.g3054.t1;Augustus},{GeneMark_model.3917_t;GeneMark}
57587	57843	terminal+	2	3	{GlimmerHMM_glimmerT_3672-T1;GlimmerHMM},{Augustus_model.g3054.t1;Augustus},{GeneMark_model.3917_t;GeneMark}

# EVM prediction: Mode:STANDARD S-ratio: 3.92 58179-60468 orient(-) score(14362.00) noncoding_equivalent(3661.49) raw_noncoding(4870.00) offset(1208.51) 
58250	58179	terminal-	4	6	{GlimmerHMM_glimmerT_3673-T1;GlimmerHMM},{HiQ_model.g3055.t1;HiQ},{GeneMark_model.3918_t;GeneMark}
58326	58251	INTRON			{GlimmerHMM_glimmerT_3673-T1;GlimmerHMM},{HiQ_model.g3055.t1;HiQ},{GeneMark_model.3918_t;GeneMark}
58700	58327	internal-	5	6	{GlimmerHMM_glimmerT_3673-T1;GlimmerHMM},{HiQ_model.g3055.t1;HiQ},{GeneMark_model.3918_t;GeneMark}
58776	58701	INTRON			{GlimmerHMM_glimmerT_3673-T1;GlimmerHMM},{HiQ_model.g3055.t1;HiQ},{GeneMark_model.3918_t;GeneMark},{ev_type:exonerate/ID=match.2566964.2920/Target=lcl|KQ954509_1_prot_KWU42375_1_5253;exonerate},{ev_type:exonerate/ID=match.2566964.2918/Target=lcl|PJQD01000038_1_prot_POY73404_1_3766;exonerate}
58954	58777	internal-	4	4	{GlimmerHMM_glimmerT_3673-T1;GlimmerHMM},{HiQ_model.g3055.t1;HiQ},{GeneMark_model.3918_t;GeneMark},{ev_type:exonerate/ID=match.2566964.2920/Target=lcl|KQ954509_1_prot_KWU42375_1_5253;exonerate},{ev_type:exonerate/ID=match.2566964.2918/Target=lcl|PJQD01000038_1_prot_POY73404_1_3766;exonerate}
59029	58955	INTRON			{GlimmerHMM_glimmerT_3673-T1;GlimmerHMM},{HiQ_model.g3055.t1;HiQ},{GeneMark_model.3918_t;GeneMark},{ev_type:exonerate/ID=match.2566964.2920/Target=lcl|KQ954509_1_prot_KWU42375_1_5253;exonerate},{ev_type:exonerate/ID=match.2566964.2918/Target=lcl|PJQD01000038_1_prot_POY73404_1_3766;exonerate}
59072	59030	internal-	6	6	{GlimmerHMM_glimmerT_3673-T1;GlimmerHMM},{HiQ_model.g3055.t1;HiQ},{GeneMark_model.3918_t;GeneMark},{ev_type:exonerate/ID=match.2566964.2920/Target=lcl|KQ954509_1_prot_KWU42375_1_5253;exonerate},{ev_type:exonerate/ID=match.2566964.2918/Target=lcl|PJQD01000038_1_prot_POY73404_1_3766;exonerate}
59143	59073	INTRON			{GlimmerHMM_glimmerT_3673-T1;GlimmerHMM},{HiQ_model.g3055.t1;HiQ},{GeneMark_model.3918_t;GeneMark},{ev_type:exonerate/ID=match.2566964.2920/Target=lcl|KQ954509_1_prot_KWU42375_1_5253;exonerate},{ev_type:exonerate/ID=match.2566964.2918/Target=lcl|PJQD01000038_1_prot_POY73404_1_3766;exonerate}
60022	59144	internal-	6	5	{GlimmerHMM_glimmerT_3673-T1;GlimmerHMM},{HiQ_model.g3055.t1;HiQ},{GeneMark_model.3918_t;GeneMark},{ev_type:exonerate/ID=match.2566964.2920/Target=lcl|KQ954509_1_prot_KWU42375_1_5253;exonerate},{ev_type:exonerate/ID=match.2566964.2918/Target=lcl|PJQD01000038_1_prot_POY73404_1_3766;exonerate}
60364	60023	INTRON			{GlimmerHMM_glimmerT_3673-T1;GlimmerHMM},{HiQ_model.g3055.t1;HiQ},{GeneMark_model.3918_t;GeneMark},{ev_type:exonerate/ID=match.2566964.2920/Target=lcl|KQ954509_1_prot_KWU42375_1_5253;exonerate},{ev_type:exonerate/ID=match.2566964.2918/Target=lcl|PJQD01000038_1_prot_POY73404_1_3766;exonerate}
60468	60365	initial-	4	5	{GlimmerHMM_glimmerT_3673-T1;GlimmerHMM},{HiQ_model.g3055.t1;HiQ},{GeneMark_model.3918_t;GeneMark}

# EVM prediction: Mode:STANDARD S-ratio: 5.82 61019-62845 orient(+) score(8176.00) noncoding_equivalent(1405.39) raw_noncoding(1611.00) offset(205.61) 
61019	61193	initial+	1	1	{GeneMark_model.3919_t;GeneMark},{GlimmerHMM_glimmerT_3674-T1;GlimmerHMM},{Augustus_model.g3056.t1;Augustus}
61194	61275	INTRON			{GeneMark_model.3919_t;GeneMark},{GlimmerHMM_glimmerT_3674-T1;GlimmerHMM},{Augustus_model.g3056.t1;Augustus},{ev_type:exonerate/ID=match.2566964.3091/Target=lcl|PJQD01000038_1_prot_POY73405_1_3767;exonerate}
61276	61663	internal+	2	2	{GeneMark_model.3919_t;GeneMark},{GlimmerHMM_glimmerT_3674-T1;GlimmerHMM},{Augustus_model.g3056.t1;Augustus},{ev_type:exonerate/ID=match.2566964.3091/Target=lcl|PJQD01000038_1_prot_POY73405_1_3767;exonerate}
61664	61745	INTRON			{GeneMark_model.3919_t;GeneMark},{GlimmerHMM_glimmerT_3674-T1;GlimmerHMM},{Augustus_model.g3056.t1;Augustus},{ev_type:exonerate/ID=match.2566964.3091/Target=lcl|PJQD01000038_1_prot_POY73405_1_3767;exonerate}
61746	61913	internal+	3	2	{GeneMark_model.3919_t;GeneMark},{GlimmerHMM_glimmerT_3674-T1;GlimmerHMM},{Augustus_model.g3056.t1;Augustus},{ev_type:exonerate/ID=match.2566964.3091/Target=lcl|PJQD01000038_1_prot_POY73405_1_3767;exonerate}
61914	61980	INTRON			{GeneMark_model.3919_t;GeneMark},{GlimmerHMM_glimmerT_3674-T1;GlimmerHMM},{Augustus_model.g3056.t1;Augustus},{ev_type:exonerate/ID=match.2566964.3091/Target=lcl|PJQD01000038_1_prot_POY73405_1_3767;exonerate}
61981	62845	terminal+	3	3	{GeneMark_model.3919_t;GeneMark},{GlimmerHMM_glimmerT_3674-T1;GlimmerHMM},{Augustus_model.g3056.t1;Augustus}

# EVM prediction: Mode:STANDARD S-ratio: 3.76 63310-66482 orient(+) score(10321.00) noncoding_equivalent(2742.90) raw_noncoding(3183.00) offset(440.10) 
63310	64272	initial+	1	3	{Augustus_model.g3057.t1;Augustus},{GlimmerHMM_glimmerT_3675-T1;GlimmerHMM},{GeneMark_model.3920_t;GeneMark}
64273	64336	INTRON			{Augustus_model.g3057.t1;Augustus},{GlimmerHMM_glimmerT_3675-T1;GlimmerHMM},{GeneMark_model.3920_t;GeneMark}
64337	64406	internal+	1	1	{Augustus_model.g3057.t1;Augustus},{GlimmerHMM_glimmerT_3675-T1;GlimmerHMM},{GeneMark_model.3920_t;GeneMark}
64407	64465	INTRON			{Augustus_model.g3057.t1;Augustus},{GeneMark_model.3920_t;GeneMark}
64466	64555	internal+	2	1	{Augustus_model.g3057.t1;Augustus},{GeneMark_model.3920_t;GeneMark}
64556	64613	INTRON			{Augustus_model.g3057.t1;Augustus},{GeneMark_model.3920_t;GeneMark}
64614	65318	internal+	2	1	{Augustus_model.g3057.t1;Augustus},{GlimmerHMM_glimmerT_3675-T1;GlimmerHMM},{GeneMark_model.3920_t;GeneMark}
65319	65384	INTRON			{Augustus_model.g3057.t1;Augustus},{GlimmerHMM_glimmerT_3675-T1;GlimmerHMM},{GeneMark_model.3920_t;GeneMark}
65385	65546	internal+	2	1	{Augustus_model.g3057.t1;Augustus},{GlimmerHMM_glimmerT_3675-T1;GlimmerHMM},{GeneMark_model.3920_t;GeneMark}
65547	65613	INTRON			{Augustus_model.g3057.t1;Augustus},{GlimmerHMM_glimmerT_3675-T1;GlimmerHMM},{GeneMark_model.3920_t;GeneMark}
65614	65657	internal+	2	3	{Augustus_model.g3057.t1;Augustus},{GeneMark_model.3920_t;GeneMark}
65658	65717	INTRON			{Augustus_model.g3057.t1;Augustus},{GeneMark_model.3920_t;GeneMark}
65718	66482	terminal+	1	3	{GeneMark_model.3920_t;GeneMark}

# EVM prediction: Mode:STANDARD S-ratio: 1.59 67559-68912 orient(-) score(3321.00) noncoding_equivalent(2088.19) raw_noncoding(2343.30) offset(255.11) 
68266	67559	terminal-	4	6	{snap_scaffold_8-snap.404-T1;snap}
68330	68267	INTRON			{GlimmerHMM_glimmerT_3676-T1;GlimmerHMM},{GeneMark_model.3921_t;GeneMark}
68399	68331	internal-	4	6	{GlimmerHMM_glimmerT_3676-T1;GlimmerHMM},{GeneMark_model.3921_t;GeneMark}
68462	68400	INTRON			{GlimmerHMM_glimmerT_3676-T1;GlimmerHMM},{GeneMark_model.3921_t;GeneMark}
68912	68463	initial-	4	6	{GeneMark_model.3921_t;GeneMark}

# EVM prediction: Mode:STANDARD S-ratio: 1.62 71482-73221 orient(+) score(4415.00) noncoding_equivalent(2731.00) raw_noncoding(3132.00) offset(401.00) 
71482	71691	initial+	1	3	{GlimmerHMM_glimmerT_3677-T1;GlimmerHMM},{GeneMark_model.3923_t;GeneMark}
71692	71754	INTRON			{GlimmerHMM_glimmerT_3677-T1;GlimmerHMM},{GeneMark_model.3923_t;GeneMark}
71755	71868	internal+	1	3	{GlimmerHMM_glimmerT_3677-T1;GlimmerHMM},{GeneMark_model.3923_t;GeneMark}
71869	71956	INTRON			{GlimmerHMM_glimmerT_3677-T1;GlimmerHMM},{GeneMark_model.3923_t;GeneMark}
71957	72302	internal+	1	1	{GlimmerHMM_glimmerT_3677-T1;GlimmerHMM},{GeneMark_model.3923_t;GeneMark}
72303	72397	INTRON			{GlimmerHMM_glimmerT_3677-T1;GlimmerHMM},{snap_scaffold_8-snap.405-T1;snap},{GeneMark_model.3923_t;GeneMark}
72398	73221	terminal+	2	3	{GlimmerHMM_glimmerT_3677-T1;GlimmerHMM},{snap_scaffold_8-snap.405-T1;snap},{GeneMark_model.3923_t;GeneMark}

# EVM prediction: Mode:STANDARD S-ratio: 1.46 73391-74063 orient(-) score(1598.00) noncoding_equivalent(1092.35) raw_noncoding(1792.00) offset(699.65) 
73636	73391	terminal-	4	6	{snap_scaffold_8-snap.406-T1;snap},{GeneMark_model.3924_t;GeneMark},{GlimmerHMM_glimmerT_3678-T1;GlimmerHMM}
73706	73637	INTRON			{GeneMark_model.3924_t;GeneMark},{GlimmerHMM_glimmerT_3678-T1;GlimmerHMM}
73771	73707	internal-	5	6	{GeneMark_model.3924_t;GeneMark},{GlimmerHMM_glimmerT_3678-T1;GlimmerHMM}
74050	73772	INTRON			{GeneMark_model.3924_t;GeneMark},{GlimmerHMM_glimmerT_3678-T1;GlimmerHMM}
74063	74051	initial-	4	4	{GeneMark_model.3924_t;GeneMark},{GlimmerHMM_glimmerT_3678-T1;GlimmerHMM}

# EVM prediction: Mode:STANDARD S-ratio: 1.00 74153-74693 orient(+) score(1082.00) noncoding_equivalent(1082.00) raw_noncoding(1342.00) offset(260.00) 
74153	74352	initial+	1	2	{GeneMark_model.3925_t;GeneMark},{GlimmerHMM_glimmerT_3679-T1;GlimmerHMM}
74353	74418	INTRON			{GeneMark_model.3925_t;GeneMark},{GlimmerHMM_glimmerT_3679-T1;GlimmerHMM}
74419	74588	internal+	3	1	{GeneMark_model.3925_t;GeneMark},{GlimmerHMM_glimmerT_3679-T1;GlimmerHMM}
74589	74652	INTRON			{GeneMark_model.3925_t;GeneMark},{GlimmerHMM_glimmerT_3679-T1;GlimmerHMM}
74653	74693	terminal+	2	3	{GeneMark_model.3925_t;GeneMark},{GlimmerHMM_glimmerT_3679-T1;GlimmerHMM}

# EVM prediction: Mode:STANDARD S-ratio: 1.66 78311-80400 orient(+) score(5218.00) noncoding_equivalent(3139.18) raw_noncoding(3992.00) offset(852.82) 
78311	78841	initial+	1	3	{GeneMark_model.3927_t;GeneMark},{GlimmerHMM_glimmerT_3680-T1;GlimmerHMM}
78842	78902	INTRON			{GeneMark_model.3927_t;GeneMark},{GlimmerHMM_glimmerT_3680-T1;GlimmerHMM}
78903	78985	internal+	1	2	{GeneMark_model.3927_t;GeneMark},{GlimmerHMM_glimmerT_3680-T1;GlimmerHMM}
78986	79052	INTRON			{GeneMark_model.3927_t;GeneMark},{GlimmerHMM_glimmerT_3680-T1;GlimmerHMM}
79053	79136	internal+	3	2	{GeneMark_model.3927_t;GeneMark},{GlimmerHMM_glimmerT_3680-T1;GlimmerHMM}
79137	79199	INTRON			{GeneMark_model.3927_t;GeneMark},{GlimmerHMM_glimmerT_3680-T1;GlimmerHMM}
79200	79286	internal+	3	2	{GeneMark_model.3927_t;GeneMark},{GlimmerHMM_glimmerT_3680-T1;GlimmerHMM}
79287	79350	INTRON			{GeneMark_model.3927_t;GeneMark},{GlimmerHMM_glimmerT_3680-T1;GlimmerHMM}
79351	79441	internal+	3	3	{GeneMark_model.3927_t;GeneMark},{GlimmerHMM_glimmerT_3680-T1;GlimmerHMM}
79442	79517	INTRON			{GeneMark_model.3927_t;GeneMark},{GlimmerHMM_glimmerT_3680-T1;GlimmerHMM}
79518	79700	internal+	1	3	{GeneMark_model.3927_t;GeneMark},{GlimmerHMM_glimmerT_3680-T1;GlimmerHMM}
79701	79772	INTRON			{GeneMark_model.3927_t;GeneMark},{GlimmerHMM_glimmerT_3680-T1;GlimmerHMM}
79773	80209	internal+	1	2	{GeneMark_model.3927_t;GeneMark},{GlimmerHMM_glimmerT_3680-T1;GlimmerHMM}
80210	80279	INTRON			{GeneMark_model.3927_t;GeneMark},{GlimmerHMM_glimmerT_3680-T1;GlimmerHMM}
80280	80400	terminal+	3	3	{GeneMark_model.3927_t;GeneMark},{GlimmerHMM_glimmerT_3680-T1;GlimmerHMM}

# EVM prediction: Mode:STANDARD S-ratio: 1.70 81189-81497 orient(+) score(711.00) noncoding_equivalent(418.42) raw_noncoding(569.23) offset(150.81) 
81189	81195	initial+	1	1	{snap_scaffold_8-snap.409-T1;snap}
81196	81249	INTRON			{snap_scaffold_8-snap.409-T1;snap}
81250	81497	terminal+	2	3	{snap_scaffold_8-snap.409-T1;snap}

# EVM prediction: Mode:STANDARD S-ratio: 2.60 84569-86254 orient(+) score(4868.00) noncoding_equivalent(1874.35) raw_noncoding(1874.35) offset(0.00) 
84569	86254	single+	1	3	{GlimmerHMM_glimmerT_3682-T1;GlimmerHMM}

# EVM prediction: Mode:STANDARD S-ratio: 1.78 89005-93173 orient(-) score(10768.00) noncoding_equivalent(6046.00) raw_noncoding(6335.00) offset(289.00) 
89996	89005	terminal-	5	6	{GlimmerHMM_glimmerT_3684-T1;GlimmerHMM},{GeneMark_model.3932_t;GeneMark}
90070	89997	INTRON			{GlimmerHMM_glimmerT_3684-T1;GlimmerHMM},{GeneMark_model.3932_t;GeneMark}
91531	90071	internal-	5	4	{GlimmerHMM_glimmerT_3684-T1;GlimmerHMM},{GeneMark_model.3932_t;GeneMark}
91602	91532	INTRON			{snap_scaffold_8-snap.412-T1;snap},{GlimmerHMM_glimmerT_3684-T1;GlimmerHMM},{GeneMark_model.3932_t;GeneMark}
92656	91603	internal-	4	4	{GlimmerHMM_glimmerT_3684-T1;GlimmerHMM},{GeneMark_model.3932_t;GeneMark}
92714	92657	INTRON			{GlimmerHMM_glimmerT_3684-T1;GlimmerHMM},{GeneMark_model.3932_t;GeneMark}
93173	92715	initial-	4	6	{GlimmerHMM_glimmerT_3684-T1;GlimmerHMM},{GeneMark_model.3932_t;GeneMark}

# EVM prediction: Mode:STANDARD S-ratio: 1.88 93849-95421 orient(+) score(3824.00) noncoding_equivalent(2036.56) raw_noncoding(2728.00) offset(691.44) 
93849	94136	initial+	1	3	{GlimmerHMM_glimmerT_3685-T1;GlimmerHMM}
94137	94352	INTRON			{GlimmerHMM_glimmerT_3685-T1;GlimmerHMM}
94353	94421	internal+	1	3	{GeneMark_model.3933_t;GeneMark},{GlimmerHMM_glimmerT_3685-T1;GlimmerHMM}
94422	94494	INTRON			{GeneMark_model.3933_t;GeneMark},{GlimmerHMM_glimmerT_3685-T1;GlimmerHMM}
94495	95421	terminal+	1	3	{GeneMark_model.3933_t;GeneMark},{GlimmerHMM_glimmerT_3685-T1;GlimmerHMM}

# EVM prediction: Mode:STANDARD S-ratio: 1.78 95686-98432 orient(-) score(9027.00) noncoding_equivalent(5072.36) raw_noncoding(6572.62) offset(1500.25) 
95843	95686	terminal-	5	6	{GlimmerHMM_glimmerT_3686-T1;GlimmerHMM},{GeneMark_model.3934_t;GeneMark}
95940	95844	INTRON			{GlimmerHMM_glimmerT_3686-T1;GlimmerHMM},{GeneMark_model.3934_t;GeneMark},{ev_type:exonerate/ID=match.2566964.3077/Target=lcl|PJQD01000038_1_prot_POY73428_1_3790;exonerate}
95993	95941	internal-	6	4	{GlimmerHMM_glimmerT_3686-T1;GlimmerHMM},{GeneMark_model.3934_t;GeneMark},{ev_type:exonerate/ID=match.2566964.3077/Target=lcl|PJQD01000038_1_prot_POY73428_1_3790;exonerate}
96057	95994	INTRON			{GlimmerHMM_glimmerT_3686-T1;GlimmerHMM},{GeneMark_model.3934_t;GeneMark},{ev_type:exonerate/ID=match.2566964.3077/Target=lcl|PJQD01000038_1_prot_POY73428_1_3790;exonerate}
96104	96058	internal-	4	5	{GlimmerHMM_glimmerT_3686-T1;GlimmerHMM},{GeneMark_model.3934_t;GeneMark},{ev_type:exonerate/ID=match.2566964.3077/Target=lcl|PJQD01000038_1_prot_POY73428_1_3790;exonerate}
96177	96105	INTRON			{GlimmerHMM_glimmerT_3686-T1;GlimmerHMM},{GeneMark_model.3934_t;GeneMark},{ev_type:exonerate/ID=match.2566964.3077/Target=lcl|PJQD01000038_1_prot_POY73428_1_3790;exonerate}
96373	96178	internal-	6	6	{GlimmerHMM_glimmerT_3686-T1;GlimmerHMM},{GeneMark_model.3934_t;GeneMark},{ev_type:exonerate/ID=match.2566964.3077/Target=lcl|PJQD01000038_1_prot_POY73428_1_3790;exonerate}
96437	96374	INTRON			{GlimmerHMM_glimmerT_3686-T1;GlimmerHMM},{GeneMark_model.3934_t;GeneMark},{ev_type:exonerate/ID=match.2566964.3077/Target=lcl|PJQD01000038_1_prot_POY73428_1_3790;exonerate}
96569	96438	internal-	6	5	{GlimmerHMM_glimmerT_3686-T1;GlimmerHMM},{GeneMark_model.3934_t;GeneMark},{ev_type:exonerate/ID=match.2566964.3077/Target=lcl|PJQD01000038_1_prot_POY73428_1_3790;exonerate}
96654	96570	INTRON			{GlimmerHMM_glimmerT_3686-T1;GlimmerHMM},{GeneMark_model.3934_t;GeneMark},{ev_type:exonerate/ID=match.2566964.3077/Target=lcl|PJQD01000038_1_prot_POY73428_1_3790;exonerate}
96897	96655	internal-	6	5	{GlimmerHMM_glimmerT_3686-T1;GlimmerHMM},{GeneMark_model.3934_t;GeneMark},{ev_type:exonerate/ID=match.2566964.3077/Target=lcl|PJQD01000038_1_prot_POY73428_1_3790;exonerate}
96974	96898	INTRON			{GlimmerHMM_glimmerT_3686-T1;GlimmerHMM},{GeneMark_model.3934_t;GeneMark},{ev_type:exonerate/ID=match.2566964.3077/Target=lcl|PJQD01000038_1_prot_POY73428_1_3790;exonerate}
97152	96975	internal-	5	5	{GlimmerHMM_glimmerT_3686-T1;GlimmerHMM},{GeneMark_model.3934_t;GeneMark},{ev_type:exonerate/ID=match.2566964.3077/Target=lcl|PJQD01000038_1_prot_POY73428_1_3790;exonerate}
97226	97153	INTRON			{GlimmerHMM_glimmerT_3686-T1;GlimmerHMM},{GeneMark_model.3934_t;GeneMark},{ev_type:exonerate/ID=match.2566964.3077/Target=lcl|PJQD01000038_1_prot_POY73428_1_3790;exonerate}
97378	97227	internal-	6	4	{GlimmerHMM_glimmerT_3686-T1;GlimmerHMM},{GeneMark_model.3934_t;GeneMark},{ev_type:exonerate/ID=match.2566964.3077/Target=lcl|PJQD01000038_1_prot_POY73428_1_3790;exonerate}
97452	97379	INTRON			{GlimmerHMM_glimmerT_3686-T1;GlimmerHMM},{GeneMark_model.3934_t;GeneMark},{ev_type:exonerate/ID=match.2566964.3077/Target=lcl|PJQD01000038_1_prot_POY73428_1_3790;exonerate}
97914	97453	internal-	6	5	{GlimmerHMM_glimmerT_3686-T1;GlimmerHMM},{GeneMark_model.3934_t;GeneMark},{ev_type:exonerate/ID=match.2566964.3077/Target=lcl|PJQD01000038_1_prot_POY73428_1_3790;exonerate}
97975	97915	INTRON			{GlimmerHMM_glimmerT_3686-T1;GlimmerHMM},{GeneMark_model.3934_t;GeneMark},{ev_type:exonerate/ID=match.2566964.3178/Target=lcl|BJWK01000006_1_prot_GEM08577_1_2594;exonerate},{ev_type:exonerate/ID=match.2566964.3077/Target=lcl|PJQD01000038_1_prot_POY73428_1_3790;exonerate}
98345	97976	internal-	5	5	{GlimmerHMM_glimmerT_3686-T1;GlimmerHMM},{GeneMark_model.3934_t;GeneMark},{ev_type:exonerate/ID=match.2566964.3178/Target=lcl|BJWK01000006_1_prot_GEM08577_1_2594;exonerate},{ev_type:exonerate/ID=match.2566964.3077/Target=lcl|PJQD01000038_1_prot_POY73428_1_3790;exonerate}
98401	98346	INTRON			{GlimmerHMM_glimmerT_3686-T1;GlimmerHMM}
98432	98402	initial-	4	4	{GlimmerHMM_glimmerT_3686-T1;GlimmerHMM}

# EVM prediction: Mode:STANDARD S-ratio: 1.70 102114-104930 orient(+) score(6930.00) noncoding_equivalent(4085.20) raw_noncoding(5415.00) offset(1329.80) 
102114	102921	initial+	1	1	{GlimmerHMM_glimmerT_3689-T1;GlimmerHMM},{GeneMark_model.3937_t;GeneMark}
102922	102984	INTRON			{GlimmerHMM_glimmerT_3689-T1;GlimmerHMM},{GeneMark_model.3937_t;GeneMark}
102985	103081	internal+	2	2	{GlimmerHMM_glimmerT_3689-T1;GlimmerHMM},{GeneMark_model.3937_t;GeneMark}
103082	103152	INTRON			{GlimmerHMM_glimmerT_3689-T1;GlimmerHMM},{GeneMark_model.3937_t;GeneMark}
103153	103175	internal+	3	1	{GlimmerHMM_glimmerT_3689-T1;GlimmerHMM},{GeneMark_model.3937_t;GeneMark}
103176	103240	INTRON			{GlimmerHMM_glimmerT_3689-T1;GlimmerHMM},{GeneMark_model.3937_t;GeneMark}
103241	103411	internal+	2	1	{GlimmerHMM_glimmerT_3689-T1;GlimmerHMM},{GeneMark_model.3937_t;GeneMark}
103412	103478	INTRON			{GlimmerHMM_glimmerT_3689-T1;GlimmerHMM},{GeneMark_model.3937_t;GeneMark}
103479	103616	internal+	2	1	{GlimmerHMM_glimmerT_3689-T1;GlimmerHMM},{GeneMark_model.3937_t;GeneMark}
103617	103677	INTRON			{GeneMark_model.3937_t;GeneMark}
103678	103683	internal+	2	1	{GeneMark_model.3937_t;GeneMark}
103684	103751	INTRON			{GeneMark_model.3937_t;GeneMark}
103752	104370	internal+	2	2	{GlimmerHMM_glimmerT_3689-T1;GlimmerHMM},{GeneMark_model.3937_t;GeneMark}
104371	104437	INTRON			{GlimmerHMM_glimmerT_3689-T1;GlimmerHMM},{GeneMark_model.3937_t;GeneMark}
104438	104483	internal+	3	3	{GlimmerHMM_glimmerT_3689-T1;GlimmerHMM},{GeneMark_model.3937_t;GeneMark}
104484	104563	INTRON			{GlimmerHMM_glimmerT_3689-T1;GlimmerHMM},{GeneMark_model.3937_t;GeneMark}
104564	104745	internal+	1	2	{GlimmerHMM_glimmerT_3689-T1;GlimmerHMM},{GeneMark_model.3937_t;GeneMark}
104746	104815	INTRON			{GlimmerHMM_glimmerT_3689-T1;GlimmerHMM},{GeneMark_model.3937_t;GeneMark}
104816	104930	terminal+	3	3	{GlimmerHMM_glimmerT_3689-T1;GlimmerHMM},{GeneMark_model.3937_t;GeneMark}

# EVM prediction: Mode:STANDARD S-ratio: 1.82 105383-106913 orient(-) score(4029.00) noncoding_equivalent(2214.22) raw_noncoding(2404.37) offset(190.15) 
106281	105383	terminal-	5	6	{GlimmerHMM_glimmerT_3690-T1;GlimmerHMM},{GeneMark_model.3938_t;GeneMark},{snap_scaffold_8-snap.417-T1;snap}
106343	106282	INTRON			{GlimmerHMM_glimmerT_3690-T1;GlimmerHMM},{GeneMark_model.3938_t;GeneMark},{snap_scaffold_8-snap.417-T1;snap}
106406	106344	internal-	5	4	{GlimmerHMM_glimmerT_3690-T1;GlimmerHMM},{GeneMark_model.3938_t;GeneMark}
106468	106407	INTRON			{GlimmerHMM_glimmerT_3690-T1;GlimmerHMM},{GeneMark_model.3938_t;GeneMark}
106913	106469	initial-	4	4	{GlimmerHMM_glimmerT_3690-T1;GlimmerHMM},{GeneMark_model.3938_t;GeneMark}

# EVM prediction: Mode:STANDARD S-ratio: 1.69 107258-110008 orient(+) score(6823.00) noncoding_equivalent(4034.92) raw_noncoding(4737.00) offset(702.08) 
107258	107302	initial+	1	3	{GeneMark_model.3939_t;GeneMark},{GlimmerHMM_glimmerT_3691-T1;GlimmerHMM}
107303	107367	INTRON			{GeneMark_model.3939_t;GeneMark},{GlimmerHMM_glimmerT_3691-T1;GlimmerHMM}
107368	107616	internal+	1	3	{GeneMark_model.3939_t;GeneMark},{GlimmerHMM_glimmerT_3691-T1;GlimmerHMM}
107617	107686	INTRON			{GeneMark_model.3939_t;GeneMark},{GlimmerHMM_glimmerT_3691-T1;GlimmerHMM}
107687	108436	internal+	1	3	{GeneMark_model.3939_t;GeneMark},{GlimmerHMM_glimmerT_3691-T1;GlimmerHMM}
108437	108508	INTRON			{GeneMark_model.3939_t;GeneMark},{GlimmerHMM_glimmerT_3691-T1;GlimmerHMM}
108509	108519	internal+	1	2	{GlimmerHMM_glimmerT_3691-T1;GlimmerHMM}
108520	108592	INTRON			{GlimmerHMM_glimmerT_3691-T1;GlimmerHMM}
108593	109721	internal+	3	3	{GeneMark_model.3939_t;GeneMark},{GlimmerHMM_glimmerT_3691-T1;GlimmerHMM}
109722	109822	INTRON			{GeneMark_model.3939_t;GeneMark},{GlimmerHMM_glimmerT_3691-T1;GlimmerHMM}
109823	110008	terminal+	1	3	{GeneMark_model.3939_t;GeneMark},{GlimmerHMM_glimmerT_3691-T1;GlimmerHMM}

# EVM prediction: Mode:STANDARD S-ratio: 1.37 110742-113121 orient(+) score(5428.00) noncoding_equivalent(3964.66) raw_noncoding(5092.00) offset(1127.34) 
110742	111054	initial+	1	1	{GlimmerHMM_glimmerT_3692-T1;GlimmerHMM},{GeneMark_model.3940_t;GeneMark}
111055	111115	INTRON			{GlimmerHMM_glimmerT_3692-T1;GlimmerHMM},{GeneMark_model.3940_t;GeneMark}
111116	111196	internal+	2	1	{GlimmerHMM_glimmerT_3692-T1;GlimmerHMM},{GeneMark_model.3940_t;GeneMark}
111197	111270	INTRON			{GlimmerHMM_glimmerT_3692-T1;GlimmerHMM},{GeneMark_model.3940_t;GeneMark}
111271	111431	internal+	2	3	{GlimmerHMM_glimmerT_3692-T1;GlimmerHMM},{GeneMark_model.3940_t;GeneMark}
111432	111509	INTRON			{GlimmerHMM_glimmerT_3692-T1;GlimmerHMM},{GeneMark_model.3940_t;GeneMark}
111510	111660	internal+	1	1	{GlimmerHMM_glimmerT_3692-T1;GlimmerHMM},{GeneMark_model.3940_t;GeneMark}
111661	111725	INTRON			{GlimmerHMM_glimmerT_3692-T1;GlimmerHMM},{GeneMark_model.3940_t;GeneMark}
111726	111831	internal+	2	2	{GlimmerHMM_glimmerT_3692-T1;GlimmerHMM},{GeneMark_model.3940_t;GeneMark}
111832	111894	INTRON			{GlimmerHMM_glimmerT_3692-T1;GlimmerHMM},{GeneMark_model.3940_t;GeneMark}
111895	112230	internal+	3	2	{GlimmerHMM_glimmerT_3692-T1;GlimmerHMM},{GeneMark_model.3940_t;GeneMark}
112231	112304	INTRON			{GlimmerHMM_glimmerT_3692-T1;GlimmerHMM},{GeneMark_model.3940_t;GeneMark}
112305	112460	internal+	3	2	{GeneMark_model.3940_t;GeneMark}
112461	112523	INTRON			{GeneMark_model.3940_t;GeneMark}
112524	112617	internal+	3	3	{GlimmerHMM_glimmerT_3692-T1;GlimmerHMM},{GeneMark_model.3940_t;GeneMark}
112618	112674	INTRON			{GlimmerHMM_glimmerT_3692-T1;GlimmerHMM},{GeneMark_model.3940_t;GeneMark}
112675	112838	internal+	1	2	{GlimmerHMM_glimmerT_3692-T1;GlimmerHMM},{GeneMark_model.3940_t;GeneMark}
112839	112904	INTRON			{GlimmerHMM_glimmerT_3692-T1;GlimmerHMM},{GeneMark_model.3940_t;GeneMark}
112905	113121	terminal+	3	3	{GlimmerHMM_glimmerT_3692-T1;GlimmerHMM},{GeneMark_model.3940_t;GeneMark}

# EVM prediction: Mode:STANDARD S-ratio: 2.02 113796-114366 orient(+) score(1503.00) noncoding_equivalent(743.77) raw_noncoding(762.77) offset(19.00) 
113796	113802	initial+	1	1	{snap_scaffold_8-snap.422-T1;snap}
113803	113821	INTRON			{snap_scaffold_8-snap.422-T1;snap}
113822	114366	terminal+	2	3	{snap_scaffold_8-snap.422-T1;snap}

# EVM prediction: Mode:STANDARD S-ratio: 1.98 115273-115960 orient(-) score(2727.00) noncoding_equivalent(1376.00) raw_noncoding(1918.00) offset(542.00) 
115333	115273	terminal-	6	6	{GeneMark_model.3942_t;GeneMark},{GlimmerHMM_glimmerT_3694-T1;GlimmerHMM}
115411	115334	INTRON			{GeneMark_model.3942_t;GeneMark},{GlimmerHMM_glimmerT_3694-T1;GlimmerHMM},{ev_type:exonerate/ID=match.2566964.3215/Target=lcl|BJWK01000006_1_prot_GEM08569_1_2586;exonerate},{ev_type:exonerate/ID=match.2566964.3214/Target=lcl|KQ954565_1_prot_KWU41062_1_6574;exonerate},{ev_type:exonerate/ID=match.2566964.3333/Target=lcl|LCTV02000001_1_prot_PRQ78225_1_925;exonerate}
115757	115412	internal-	5	5	{GeneMark_model.3942_t;GeneMark},{GlimmerHMM_glimmerT_3694-T1;GlimmerHMM}
115950	115758	INTRON			{GeneMark_model.3942_t;GeneMark},{GlimmerHMM_glimmerT_3694-T1;GlimmerHMM}
115960	115951	initial-	4	4	{GeneMark_model.3942_t;GeneMark},{GlimmerHMM_glimmerT_3694-T1;GlimmerHMM}

# EVM prediction: Mode:STANDARD S-ratio: 1.35 116287-119711 orient(+) score(7606.00) noncoding_equivalent(5623.06) raw_noncoding(6902.00) offset(1278.94) 
116287	117372	initial+	1	3	{GlimmerHMM_glimmerT_3695-T1;GlimmerHMM},{GeneMark_model.3943_t;GeneMark}
117373	117444	INTRON			{GeneMark_model.3943_t;GeneMark}
117445	117498	internal+	1	3	{GeneMark_model.3943_t;GeneMark}
117499	117569	INTRON			{GeneMark_model.3943_t;GeneMark}
117570	117685	internal+	1	2	{GlimmerHMM_glimmerT_3695-T1;GlimmerHMM},{GeneMark_model.3943_t;GeneMark}
117686	117764	INTRON			{GlimmerHMM_glimmerT_3695-T1;GlimmerHMM},{GeneMark_model.3943_t;GeneMark}
117765	117969	internal+	3	3	{GlimmerHMM_glimmerT_3695-T1;GlimmerHMM},{GeneMark_model.3943_t;GeneMark}
117970	118041	INTRON			{GlimmerHMM_glimmerT_3695-T1;GlimmerHMM},{GeneMark_model.3943_t;GeneMark}
118042	118353	internal+	1	3	{GlimmerHMM_glimmerT_3695-T1;GlimmerHMM},{GeneMark_model.3943_t;GeneMark}
118354	118418	INTRON			{GlimmerHMM_glimmerT_3695-T1;GlimmerHMM},{GeneMark_model.3943_t;GeneMark}
118419	118545	internal+	1	1	{GlimmerHMM_glimmerT_3695-T1;GlimmerHMM},{GeneMark_model.3943_t;GeneMark}
118546	118638	INTRON			{GlimmerHMM_glimmerT_3695-T1;GlimmerHMM}
118639	118745	internal+	2	3	{GlimmerHMM_glimmerT_3695-T1;GlimmerHMM}
118746	118810	INTRON			{GlimmerHMM_glimmerT_3695-T1;GlimmerHMM},{GeneMark_model.3943_t;GeneMark}
118811	119069	internal+	1	1	{GlimmerHMM_glimmerT_3695-T1;GlimmerHMM},{GeneMark_model.3943_t;GeneMark}
119070	119133	INTRON			{GlimmerHMM_glimmerT_3695-T1;GlimmerHMM},{GeneMark_model.3943_t;GeneMark}
119134	119274	internal+	2	1	{GlimmerHMM_glimmerT_3695-T1;GlimmerHMM},{GeneMark_model.3943_t;GeneMark}
119275	119340	INTRON			{GlimmerHMM_glimmerT_3695-T1;GlimmerHMM},{GeneMark_model.3943_t;GeneMark}
119341	119711	terminal+	2	3	{GlimmerHMM_glimmerT_3695-T1;GlimmerHMM},{GeneMark_model.3943_t;GeneMark}

# EVM prediction: Mode:STANDARD S-ratio: 1.17 120362-121112 orient(-) score(1534.00) noncoding_equivalent(1314.47) raw_noncoding(1691.42) offset(376.95) 
120623	120362	terminal-	6	6	{snap_scaffold_8-snap.425-T1;snap}
120699	120624	INTRON			{GeneMark_model.3944_t;GeneMark}
121000	120700	internal-	5	5	{GeneMark_model.3944_t;GeneMark}
121075	121001	INTRON			{GlimmerHMM_glimmerT_3696-T1;GlimmerHMM},{GeneMark_model.3944_t;GeneMark}
121112	121076	initial-	4	4	{GlimmerHMM_glimmerT_3696-T1;GlimmerHMM},{GeneMark_model.3944_t;GeneMark}

# EVM prediction: Mode:STANDARD S-ratio: 1.99 121482-122552 orient(+) score(2849.00) noncoding_equivalent(1433.06) raw_noncoding(1685.06) offset(252.00) 
121482	122202	initial+	1	1	{GeneMark_model.3945_t;GeneMark},{GlimmerHMM_glimmerT_3697-T1;GlimmerHMM}
122203	122341	INTRON			{GeneMark_model.3945_t;GeneMark},{GlimmerHMM_glimmerT_3697-T1;GlimmerHMM}
122342	122552	internal+	2	2	{GeneMark_model.3945_t;GeneMark}

