!! Predictions spanning range 2350 - 92924 [R1]
# EVM prediction: Mode:STANDARD S-ratio: 3.67 2350-5068 orient(+) score(9448.00) noncoding_equivalent(2572.38) raw_noncoding(2804.38) offset(232.00) 
2350	3087	initial+	1	3	{Augustus_model.g3774.t1;Augustus},{GeneMark_model.4786_t;GeneMark},{GlimmerHMM_glimmerT_4483-T1;GlimmerHMM}
3088	3144	INTRON			{Augustus_model.g3774.t1;Augustus},{GeneMark_model.4786_t;GeneMark},{GlimmerHMM_glimmerT_4483-T1;GlimmerHMM}
3145	3293	internal+	1	2	{Augustus_model.g3774.t1;Augustus},{GeneMark_model.4786_t;GeneMark},{GlimmerHMM_glimmerT_4483-T1;GlimmerHMM}
3294	3359	INTRON			{Augustus_model.g3774.t1;Augustus},{GeneMark_model.4786_t;GeneMark},{GlimmerHMM_glimmerT_4483-T1;GlimmerHMM}
3360	3561	internal+	3	3	{Augustus_model.g3774.t1;Augustus},{GeneMark_model.4786_t;GeneMark},{GlimmerHMM_glimmerT_4483-T1;GlimmerHMM}
3562	3631	INTRON			{Augustus_model.g3774.t1;Augustus},{GeneMark_model.4786_t;GeneMark},{GlimmerHMM_glimmerT_4483-T1;GlimmerHMM}
3632	3818	internal+	1	1	{Augustus_model.g3774.t1;Augustus},{GeneMark_model.4786_t;GeneMark},{GlimmerHMM_glimmerT_4483-T1;GlimmerHMM}
3819	3889	INTRON			{Augustus_model.g3774.t1;Augustus},{snap_scaffold_11-snap.54-T1;snap},{GeneMark_model.4786_t;GeneMark},{GlimmerHMM_glimmerT_4483-T1;GlimmerHMM}
3890	4069	internal+	2	1	{Augustus_model.g3774.t1;Augustus},{GeneMark_model.4786_t;GeneMark},{GlimmerHMM_glimmerT_4483-T1;GlimmerHMM}
4070	4170	INTRON			{Augustus_model.g3774.t1;Augustus},{GeneMark_model.4786_t;GeneMark},{GlimmerHMM_glimmerT_4483-T1;GlimmerHMM}
4171	4335	internal+	2	1	{Augustus_model.g3774.t1;Augustus},{GeneMark_model.4786_t;GeneMark},{GlimmerHMM_glimmerT_4483-T1;GlimmerHMM}
4336	4413	INTRON			{Augustus_model.g3774.t1;Augustus},{GeneMark_model.4786_t;GeneMark},{GlimmerHMM_glimmerT_4483-T1;GlimmerHMM}
4414	4579	internal+	2	2	{Augustus_model.g3774.t1;Augustus},{GeneMark_model.4786_t;GeneMark},{GlimmerHMM_glimmerT_4483-T1;GlimmerHMM}
4580	4656	INTRON			{Augustus_model.g3774.t1;Augustus},{GeneMark_model.4786_t;GeneMark},{GlimmerHMM_glimmerT_4483-T1;GlimmerHMM}
4657	5068	terminal+	3	3	{GeneMark_model.4786_t;GeneMark}

# EVM prediction: Mode:STANDARD S-ratio: 3.43 5161-7010 orient(+) score(8769.00) noncoding_equivalent(2558.43) raw_noncoding(3562.15) offset(1003.72) 
5161	5166	initial+	1	3	{snap_scaffold_11-snap.56-T1;snap}
5167	5319	INTRON			{Augustus_model.g3774.t1;Augustus}
5320	5455	internal+	1	1	{Augustus_model.g3774.t1;Augustus},{GlimmerHMM_glimmerT_4483-T1;GlimmerHMM}
5456	5607	INTRON			{Augustus_model.g3774.t1;Augustus},{GeneMark_model.4787_t;GeneMark},{GlimmerHMM_glimmerT_4483-T1;GlimmerHMM},{ev_type:exonerate/ID=match.2566964.3907/Target=lcl|KQ954484_1_prot_KWU43914_1_3722;exonerate},{ev_type:exonerate/ID=match.2566964.3674/Target=lcl|PJQD01000005_1_prot_POY76375_1_4810;exonerate}
5608	5670	internal+	2	1	{Augustus_model.g3774.t1;Augustus},{GeneMark_model.4787_t;GeneMark},{GlimmerHMM_glimmerT_4483-T1;GlimmerHMM},{ev_type:exonerate/ID=match.2566964.3907/Target=lcl|KQ954484_1_prot_KWU43914_1_3722;exonerate},{ev_type:exonerate/ID=match.2566964.3674/Target=lcl|PJQD01000005_1_prot_POY76375_1_4810;exonerate}
5671	5752	INTRON			{Augustus_model.g3774.t1;Augustus},{GeneMark_model.4787_t;GeneMark},{GlimmerHMM_glimmerT_4483-T1;GlimmerHMM},{ev_type:exonerate/ID=match.2566964.3907/Target=lcl|KQ954484_1_prot_KWU43914_1_3722;exonerate},{ev_type:exonerate/ID=match.2566964.3674/Target=lcl|PJQD01000005_1_prot_POY76375_1_4810;exonerate}
5753	6181	internal+	2	1	{Augustus_model.g3774.t1;Augustus},{GeneMark_model.4787_t;GeneMark},{GlimmerHMM_glimmerT_4483-T1;GlimmerHMM},{ev_type:exonerate/ID=match.2566964.3907/Target=lcl|KQ954484_1_prot_KWU43914_1_3722;exonerate},{ev_type:exonerate/ID=match.2566964.3674/Target=lcl|PJQD01000005_1_prot_POY76375_1_4810;exonerate}
6182	6263	INTRON			{Augustus_model.g3774.t1;Augustus},{GeneMark_model.4787_t;GeneMark},{GlimmerHMM_glimmerT_4483-T1;GlimmerHMM},{ev_type:exonerate/ID=match.2566964.3907/Target=lcl|KQ954484_1_prot_KWU43914_1_3722;exonerate},{ev_type:exonerate/ID=match.2566964.3674/Target=lcl|PJQD01000005_1_prot_POY76375_1_4810;exonerate}
6264	6353	internal+	2	1	{Augustus_model.g3774.t1;Augustus},{GeneMark_model.4787_t;GeneMark},{GlimmerHMM_glimmerT_4483-T1;GlimmerHMM},{ev_type:exonerate/ID=match.2566964.3907/Target=lcl|KQ954484_1_prot_KWU43914_1_3722;exonerate},{ev_type:exonerate/ID=match.2566964.3674/Target=lcl|PJQD01000005_1_prot_POY76375_1_4810;exonerate}
6354	6428	INTRON			{Augustus_model.g3774.t1;Augustus},{GeneMark_model.4787_t;GeneMark},{GlimmerHMM_glimmerT_4483-T1;GlimmerHMM},{ev_type:exonerate/ID=match.2566964.3907/Target=lcl|KQ954484_1_prot_KWU43914_1_3722;exonerate},{ev_type:exonerate/ID=match.2566964.3674/Target=lcl|PJQD01000005_1_prot_POY76375_1_4810;exonerate}
6429	6632	internal+	2	1	{Augustus_model.g3774.t1;Augustus},{GeneMark_model.4787_t;GeneMark},{GlimmerHMM_glimmerT_4483-T1;GlimmerHMM},{ev_type:exonerate/ID=match.2566964.3907/Target=lcl|KQ954484_1_prot_KWU43914_1_3722;exonerate}
6633	6733	INTRON			{Augustus_model.g3774.t1;Augustus},{GeneMark_model.4787_t;GeneMark},{GlimmerHMM_glimmerT_4483-T1;GlimmerHMM},{ev_type:exonerate/ID=match.2566964.3907/Target=lcl|KQ954484_1_prot_KWU43914_1_3722;exonerate}
6734	6885	internal+	2	3	{Augustus_model.g3774.t1;Augustus},{GeneMark_model.4787_t;GeneMark},{GlimmerHMM_glimmerT_4483-T1;GlimmerHMM}
6886	6965	INTRON			{Augustus_model.g3774.t1;Augustus},{GeneMark_model.4787_t;GeneMark},{GlimmerHMM_glimmerT_4483-T1;GlimmerHMM},{ev_type:exonerate/ID=match.2566964.3674/Target=lcl|PJQD01000005_1_prot_POY76375_1_4810;exonerate}
6966	7010	terminal+	1	3	{Augustus_model.g3774.t1;Augustus},{GeneMark_model.4787_t;GeneMark},{GlimmerHMM_glimmerT_4483-T1;GlimmerHMM}

# EVM prediction: Mode:STANDARD S-ratio: 4.00 7383-10620 orient(-) score(10674.00) noncoding_equivalent(2669.57) raw_noncoding(3257.00) offset(587.43) 
8165	7383	terminal-	4	6	{GeneMark_model.4788_t;GeneMark},{GlimmerHMM_glimmerT_4484-T1;GlimmerHMM}
8229	8166	INTRON			{Augustus_model.g3775.t1;Augustus},{GeneMark_model.4788_t;GeneMark},{GlimmerHMM_glimmerT_4484-T1;GlimmerHMM}
9612	8230	internal-	4	6	{Augustus_model.g3775.t1;Augustus},{GeneMark_model.4788_t;GeneMark},{GlimmerHMM_glimmerT_4484-T1;GlimmerHMM}
9683	9613	INTRON			{Augustus_model.g3775.t1;Augustus},{GeneMark_model.4788_t;GeneMark},{GlimmerHMM_glimmerT_4484-T1;GlimmerHMM}
10148	9684	internal-	4	6	{Augustus_model.g3775.t1;Augustus},{GeneMark_model.4788_t;GeneMark},{GlimmerHMM_glimmerT_4484-T1;GlimmerHMM}
10216	10149	INTRON			{Augustus_model.g3775.t1;Augustus},{GeneMark_model.4788_t;GeneMark},{GlimmerHMM_glimmerT_4484-T1;GlimmerHMM}
10380	10217	internal-	5	6	{Augustus_model.g3775.t1;Augustus},{GeneMark_model.4788_t;GeneMark},{GlimmerHMM_glimmerT_4484-T1;GlimmerHMM}
10604	10381	INTRON			{Augustus_model.g3775.t1;Augustus},{GeneMark_model.4788_t;GeneMark}
10620	10605	initial-	4	4	{Augustus_model.g3775.t1;Augustus},{GeneMark_model.4788_t;GeneMark}

# EVM prediction: Mode:STANDARD S-ratio: 1.73 10960-11608 orient(+) score(1733.00) noncoding_equivalent(1001.92) raw_noncoding(1402.00) offset(400.08) 
10960	11006	initial+	1	2	{Augustus_model.g3776.t1;Augustus},{GeneMark_model.4789_t;GeneMark}
11007	11084	INTRON			{Augustus_model.g3776.t1;Augustus},{GeneMark_model.4789_t;GeneMark}
11085	11187	internal+	3	3	{GeneMark_model.4789_t;GeneMark}
11188	11249	INTRON			{GeneMark_model.4789_t;GeneMark}
11250	11335	internal+	1	2	{GlimmerHMM_glimmerT_4485-T1;GlimmerHMM},{Augustus_model.g3776.t1;Augustus},{GeneMark_model.4789_t;GeneMark}
11336	11397	INTRON			{GlimmerHMM_glimmerT_4485-T1;GlimmerHMM},{Augustus_model.g3776.t1;Augustus},{GeneMark_model.4789_t;GeneMark}
11398	11518	internal+	3	3	{GlimmerHMM_glimmerT_4485-T1;GlimmerHMM},{Augustus_model.g3776.t1;Augustus},{GeneMark_model.4789_t;GeneMark}
11519	11593	INTRON			{GlimmerHMM_glimmerT_4485-T1;GlimmerHMM},{Augustus_model.g3776.t1;Augustus},{GeneMark_model.4789_t;GeneMark}
11594	11608	terminal+	1	3	{GlimmerHMM_glimmerT_4485-T1;GlimmerHMM},{Augustus_model.g3776.t1;Augustus},{GeneMark_model.4789_t;GeneMark}

# EVM prediction: Mode:STANDARD S-ratio: 2.01 12028-13818 orient(-) score(5433.00) noncoding_equivalent(2696.95) raw_noncoding(3615.00) offset(918.05) 
12124	12028	terminal-	6	6	{GlimmerHMM_glimmerT_4486-T1;GlimmerHMM},{GeneMark_model.4790_t;GeneMark},{Augustus_model.g3777.t1;Augustus}
12219	12125	INTRON			{GlimmerHMM_glimmerT_4486-T1;GlimmerHMM},{GeneMark_model.4790_t;GeneMark}
12242	12220	internal-	4	5	{GlimmerHMM_glimmerT_4486-T1;GlimmerHMM},{GeneMark_model.4790_t;GeneMark}
12330	12243	INTRON			{GlimmerHMM_glimmerT_4486-T1;GlimmerHMM},{GeneMark_model.4790_t;GeneMark},{Augustus_model.g3777.t1;Augustus}
12423	12331	internal-	4	6	{GlimmerHMM_glimmerT_4486-T1;GlimmerHMM},{GeneMark_model.4790_t;GeneMark},{Augustus_model.g3777.t1;Augustus}
12521	12424	INTRON			{GlimmerHMM_glimmerT_4486-T1;GlimmerHMM},{GeneMark_model.4790_t;GeneMark},{Augustus_model.g3777.t1;Augustus}
12640	12522	internal-	5	6	{GlimmerHMM_glimmerT_4486-T1;GlimmerHMM},{GeneMark_model.4790_t;GeneMark},{Augustus_model.g3777.t1;Augustus}
12710	12641	INTRON			{GlimmerHMM_glimmerT_4486-T1;GlimmerHMM},{GeneMark_model.4790_t;GeneMark},{Augustus_model.g3777.t1;Augustus}
12738	12711	internal-	4	4	{GlimmerHMM_glimmerT_4486-T1;GlimmerHMM},{GeneMark_model.4790_t;GeneMark},{Augustus_model.g3777.t1;Augustus}
12809	12739	INTRON			{GlimmerHMM_glimmerT_4486-T1;GlimmerHMM},{GeneMark_model.4790_t;GeneMark},{Augustus_model.g3777.t1;Augustus}
12932	12810	internal-	4	6	{GlimmerHMM_glimmerT_4486-T1;GlimmerHMM},{GeneMark_model.4790_t;GeneMark},{Augustus_model.g3777.t1;Augustus}
13015	12933	INTRON			{GlimmerHMM_glimmerT_4486-T1;GlimmerHMM},{GeneMark_model.4790_t;GeneMark},{Augustus_model.g3777.t1;Augustus}
13345	13016	internal-	4	6	{GlimmerHMM_glimmerT_4486-T1;GlimmerHMM},{GeneMark_model.4790_t;GeneMark},{Augustus_model.g3777.t1;Augustus}
13411	13346	INTRON			{GlimmerHMM_glimmerT_4486-T1;GlimmerHMM},{GeneMark_model.4790_t;GeneMark},{Augustus_model.g3777.t1;Augustus}
13509	13412	internal-	5	6	{GlimmerHMM_glimmerT_4486-T1;GlimmerHMM},{GeneMark_model.4790_t;GeneMark},{Augustus_model.g3777.t1;Augustus}
13552	13510	INTRON			{Augustus_model.g3777.t1;Augustus}
13584	13553	internal-	6	4	{Augustus_model.g3777.t1;Augustus}
13651	13585	INTRON			{GeneMark_model.4790_t;GeneMark},{Augustus_model.g3777.t1;Augustus}
13678	13652	internal-	6	5	{GeneMark_model.4790_t;GeneMark},{Augustus_model.g3777.t1;Augustus}
13744	13679	INTRON			{GlimmerHMM_glimmerT_4486-T1;GlimmerHMM},{GeneMark_model.4790_t;GeneMark},{Augustus_model.g3777.t1;Augustus}
13818	13745	initial-	4	5	{GlimmerHMM_glimmerT_4486-T1;GlimmerHMM},{GeneMark_model.4790_t;GeneMark},{Augustus_model.g3777.t1;Augustus}

# EVM prediction: Mode:STANDARD S-ratio: 3.33 14644-16672 orient(-) score(6773.00) noncoding_equivalent(2032.82) raw_noncoding(2559.29) offset(526.47) 
14825	14644	terminal-	5	6	{GeneMark_model.4791_t;GeneMark},{Augustus_model.g3778.t1;Augustus}
14908	14826	INTRON			{GeneMark_model.4791_t;GeneMark},{GlimmerHMM_glimmerT_4487-T1;GlimmerHMM},{Augustus_model.g3778.t1;Augustus}
15117	14909	internal-	6	4	{GeneMark_model.4791_t;GeneMark},{GlimmerHMM_glimmerT_4487-T1;GlimmerHMM},{Augustus_model.g3778.t1;Augustus}
15185	15118	INTRON			{GeneMark_model.4791_t;GeneMark},{GlimmerHMM_glimmerT_4487-T1;GlimmerHMM},{Augustus_model.g3778.t1;Augustus}
15232	15186	internal-	4	5	{GeneMark_model.4791_t;GeneMark},{GlimmerHMM_glimmerT_4487-T1;GlimmerHMM},{Augustus_model.g3778.t1;Augustus}
15307	15233	INTRON			{GeneMark_model.4791_t;GeneMark},{GlimmerHMM_glimmerT_4487-T1;GlimmerHMM},{Augustus_model.g3778.t1;Augustus}
15997	15308	internal-	4	6	{GeneMark_model.4791_t;GeneMark},{GlimmerHMM_glimmerT_4487-T1;GlimmerHMM},{Augustus_model.g3778.t1;Augustus}
16062	15998	INTRON			{GeneMark_model.4791_t;GeneMark},{GlimmerHMM_glimmerT_4487-T1;GlimmerHMM},{Augustus_model.g3778.t1;Augustus}
16275	16063	internal-	4	6	{GeneMark_model.4791_t;GeneMark},{GlimmerHMM_glimmerT_4487-T1;GlimmerHMM},{Augustus_model.g3778.t1;Augustus}
16411	16276	INTRON			{GlimmerHMM_glimmerT_4487-T1;GlimmerHMM},{Augustus_model.g3778.t1;Augustus}
16512	16412	internal-	5	6	{GlimmerHMM_glimmerT_4487-T1;GlimmerHMM},{Augustus_model.g3778.t1;Augustus}
16578	16513	INTRON			{GeneMark_model.4791_t;GeneMark},{GlimmerHMM_glimmerT_4487-T1;GlimmerHMM},{Augustus_model.g3778.t1;Augustus}
16672	16579	initial-	4	4	{GeneMark_model.4791_t;GeneMark},{GlimmerHMM_glimmerT_4487-T1;GlimmerHMM},{Augustus_model.g3778.t1;Augustus}

# EVM prediction: Mode:STANDARD S-ratio: 2.90 16855-18645 orient(+) score(6654.00) noncoding_equivalent(2297.05) raw_noncoding(2544.75) offset(247.70) 
16855	17185	initial+	1	1	{GeneMark_model.4792_t;GeneMark},{Augustus_model.g3779.t1;Augustus},{GlimmerHMM_glimmerT_4488-T1;GlimmerHMM}
17186	17275	INTRON			{GeneMark_model.4792_t;GeneMark},{Augustus_model.g3779.t1;Augustus},{GlimmerHMM_glimmerT_4488-T1;GlimmerHMM},{ev_type:exonerate/ID=match.2566964.3924/Target=lcl|KQ954474_1_prot_KWU45095_1_2557;exonerate}
17276	17379	internal+	2	3	{GeneMark_model.4792_t;GeneMark},{Augustus_model.g3779.t1;Augustus},{GlimmerHMM_glimmerT_4488-T1;GlimmerHMM},{ev_type:exonerate/ID=match.2566964.3924/Target=lcl|KQ954474_1_prot_KWU45095_1_2557;exonerate}
17380	17462	INTRON			{GeneMark_model.4792_t;GeneMark},{Augustus_model.g3779.t1;Augustus},{GlimmerHMM_glimmerT_4488-T1;GlimmerHMM},{ev_type:exonerate/ID=match.2566964.3924/Target=lcl|KQ954474_1_prot_KWU45095_1_2557;exonerate}
17463	17664	internal+	1	1	{GeneMark_model.4792_t;GeneMark},{Augustus_model.g3779.t1;Augustus},{GlimmerHMM_glimmerT_4488-T1;GlimmerHMM},{ev_type:exonerate/ID=match.2566964.3924/Target=lcl|KQ954474_1_prot_KWU45095_1_2557;exonerate}
17665	17738	INTRON			{GeneMark_model.4792_t;GeneMark},{Augustus_model.g3779.t1;Augustus},{GlimmerHMM_glimmerT_4488-T1;GlimmerHMM},{ev_type:exonerate/ID=match.2566964.3924/Target=lcl|KQ954474_1_prot_KWU45095_1_2557;exonerate}
17739	17827	internal+	2	3	{GeneMark_model.4792_t;GeneMark},{Augustus_model.g3779.t1;Augustus},{ev_type:exonerate/ID=match.2566964.3924/Target=lcl|KQ954474_1_prot_KWU45095_1_2557;exonerate}
17828	17914	INTRON			{GeneMark_model.4792_t;GeneMark},{Augustus_model.g3779.t1;Augustus}
17915	18183	internal+	1	2	{GeneMark_model.4792_t;GeneMark},{Augustus_model.g3779.t1;Augustus}
18184	18263	INTRON			{GeneMark_model.4792_t;GeneMark},{Augustus_model.g3779.t1;Augustus},{GlimmerHMM_glimmerT_4488-T1;GlimmerHMM},{ev_type:exonerate/ID=match.2566964.3924/Target=lcl|KQ954474_1_prot_KWU45095_1_2557;exonerate}
18264	18645	terminal+	3	3	{GeneMark_model.4792_t;GeneMark}

# EVM prediction: Mode:STANDARD S-ratio: 2.12 18913-21937 orient(+) score(9104.00) noncoding_equivalent(4292.80) raw_noncoding(5330.65) offset(1037.85) 
18913	19056	initial+	1	3	{GeneMark_model.4793_t;GeneMark}
19057	19119	INTRON			{GeneMark_model.4793_t;GeneMark},{GlimmerHMM_glimmerT_4488-T1;GlimmerHMM}
19120	19290	internal+	1	3	{GeneMark_model.4793_t;GeneMark},{Augustus_model.g3779.t1;Augustus},{GlimmerHMM_glimmerT_4488-T1;GlimmerHMM}
19291	19390	INTRON			{GeneMark_model.4793_t;GeneMark},{Augustus_model.g3779.t1;Augustus},{GlimmerHMM_glimmerT_4488-T1;GlimmerHMM}
19391	19505	internal+	1	1	{GeneMark_model.4793_t;GeneMark},{Augustus_model.g3779.t1;Augustus},{GlimmerHMM_glimmerT_4488-T1;GlimmerHMM}
19506	19587	INTRON			{GeneMark_model.4793_t;GeneMark},{Augustus_model.g3779.t1;Augustus},{GlimmerHMM_glimmerT_4488-T1;GlimmerHMM}
19588	19622	internal+	2	3	{GeneMark_model.4793_t;GeneMark},{Augustus_model.g3779.t1;Augustus},{GlimmerHMM_glimmerT_4488-T1;GlimmerHMM}
19623	19703	INTRON			{GeneMark_model.4793_t;GeneMark},{Augustus_model.g3779.t1;Augustus},{GlimmerHMM_glimmerT_4488-T1;GlimmerHMM}
19704	19930	internal+	1	2	{GeneMark_model.4793_t;GeneMark},{Augustus_model.g3779.t1;Augustus}
19931	19997	INTRON			{GeneMark_model.4793_t;GeneMark},{Augustus_model.g3779.t1;Augustus}
19998	20728	internal+	3	1	{GeneMark_model.4793_t;GeneMark},{Augustus_model.g3779.t1;Augustus},{GlimmerHMM_glimmerT_4488-T1;GlimmerHMM}
20729	20877	INTRON			{GeneMark_model.4793_t;GeneMark},{Augustus_model.g3779.t1;Augustus},{GlimmerHMM_glimmerT_4488-T1;GlimmerHMM}
20878	21219	internal+	2	1	{GeneMark_model.4793_t;GeneMark},{Augustus_model.g3779.t1;Augustus},{GlimmerHMM_glimmerT_4488-T1;GlimmerHMM}
21220	21293	INTRON			{GeneMark_model.4793_t;GeneMark},{Augustus_model.g3779.t1;Augustus},{GlimmerHMM_glimmerT_4488-T1;GlimmerHMM}
21294	21392	internal+	2	1	{GeneMark_model.4793_t;GeneMark},{Augustus_model.g3779.t1;Augustus},{GlimmerHMM_glimmerT_4488-T1;GlimmerHMM}
21393	21485	INTRON			{GeneMark_model.4793_t;GeneMark},{Augustus_model.g3779.t1;Augustus},{GlimmerHMM_glimmerT_4488-T1;GlimmerHMM}
21486	21569	internal+	2	1	{GeneMark_model.4793_t;GeneMark},{Augustus_model.g3779.t1;Augustus},{GlimmerHMM_glimmerT_4488-T1;GlimmerHMM}
21570	21656	INTRON			{GeneMark_model.4793_t;GeneMark},{Augustus_model.g3779.t1;Augustus},{GlimmerHMM_glimmerT_4488-T1;GlimmerHMM}
21657	21813	internal+	2	2	{GeneMark_model.4793_t;GeneMark},{Augustus_model.g3779.t1;Augustus}
21814	21903	INTRON			{GeneMark_model.4793_t;GeneMark},{Augustus_model.g3779.t1;Augustus}
21904	21937	terminal+	3	3	{GeneMark_model.4793_t;GeneMark},{Augustus_model.g3779.t1;Augustus}

# EVM prediction: Mode:STANDARD S-ratio: 29.10 22398-23929 orient(-) score(5921.00) noncoding_equivalent(203.45) raw_noncoding(281.00) offset(77.55) 
22679	22398	terminal-	4	6	{GeneMark_model.4794_t;GeneMark},{Augustus_model.g3780.t1;Augustus}
22753	22680	INTRON			{GeneMark_model.4794_t;GeneMark},{Augustus_model.g3780.t1;Augustus}
23929	22754	initial-	4	6	{GeneMark_model.4794_t;GeneMark},{Augustus_model.g3780.t1;Augustus},{GlimmerHMM_glimmerT_4489-T1;GlimmerHMM}

# EVM prediction: Mode:STANDARD S-ratio: 1.81 25830-26763 orient(+) score(2405.00) noncoding_equivalent(1328.00) raw_noncoding(1777.00) offset(449.00) 
25830	26108	initial+	1	3	{Augustus_model.g3781.t1;Augustus}
26109	26168	INTRON			{GeneMark_model.4795_t;GeneMark},{Augustus_model.g3781.t1;Augustus}
26169	26300	internal+	1	3	{GeneMark_model.4795_t;GeneMark},{Augustus_model.g3781.t1;Augustus}
26301	26378	INTRON			{GeneMark_model.4795_t;GeneMark},{Augustus_model.g3781.t1;Augustus}
26379	26542	internal+	1	2	{GeneMark_model.4795_t;GeneMark},{Augustus_model.g3781.t1;Augustus},{GlimmerHMM_glimmerT_4490-T1;GlimmerHMM}
26543	26669	INTRON			{GeneMark_model.4795_t;GeneMark},{Augustus_model.g3781.t1;Augustus}
26670	26763	terminal+	3	3	{GeneMark_model.4795_t;GeneMark},{Augustus_model.g3781.t1;Augustus}

# EVM prediction: Mode:STANDARD S-ratio: 2.96 26794-28944 orient(-) score(6981.00) noncoding_equivalent(2359.19) raw_noncoding(2769.00) offset(409.81) 
27299	26794	terminal-	5	6	{GlimmerHMM_glimmerT_4491-T1;GlimmerHMM},{Augustus_model.g3782.t1;Augustus},{GeneMark_model.4796_t;GeneMark},{snap_scaffold_11-snap.66-T1;snap}
27371	27300	INTRON			{GlimmerHMM_glimmerT_4491-T1;GlimmerHMM},{Augustus_model.g3782.t1;Augustus},{GeneMark_model.4796_t;GeneMark}
27581	27372	internal-	5	4	{GlimmerHMM_glimmerT_4491-T1;GlimmerHMM},{Augustus_model.g3782.t1;Augustus},{GeneMark_model.4796_t;GeneMark}
27642	27582	INTRON			{GlimmerHMM_glimmerT_4491-T1;GlimmerHMM},{Augustus_model.g3782.t1;Augustus},{GeneMark_model.4796_t;GeneMark}
27705	27643	internal-	5	4	{GlimmerHMM_glimmerT_4491-T1;GlimmerHMM},{Augustus_model.g3782.t1;Augustus},{GeneMark_model.4796_t;GeneMark}
27768	27706	INTRON			{GlimmerHMM_glimmerT_4491-T1;GlimmerHMM},{Augustus_model.g3782.t1;Augustus},{GeneMark_model.4796_t;GeneMark}
27951	27769	internal-	5	4	{GlimmerHMM_glimmerT_4491-T1;GlimmerHMM},{Augustus_model.g3782.t1;Augustus},{GeneMark_model.4796_t;GeneMark}
28011	27952	INTRON			{GlimmerHMM_glimmerT_4491-T1;GlimmerHMM},{Augustus_model.g3782.t1;Augustus},{GeneMark_model.4796_t;GeneMark}
28281	28012	internal-	5	4	{GlimmerHMM_glimmerT_4491-T1;GlimmerHMM},{Augustus_model.g3782.t1;Augustus},{GeneMark_model.4796_t;GeneMark}
28351	28282	INTRON			{GlimmerHMM_glimmerT_4491-T1;GlimmerHMM},{Augustus_model.g3782.t1;Augustus},{GeneMark_model.4796_t;GeneMark}
28681	28352	internal-	5	4	{GlimmerHMM_glimmerT_4491-T1;GlimmerHMM},{Augustus_model.g3782.t1;Augustus},{GeneMark_model.4796_t;GeneMark}
28739	28682	INTRON			{GlimmerHMM_glimmerT_4491-T1;GlimmerHMM},{Augustus_model.g3782.t1;Augustus},{GeneMark_model.4796_t;GeneMark}
28944	28740	initial-	4	4	{GlimmerHMM_glimmerT_4491-T1;GlimmerHMM},{Augustus_model.g3782.t1;Augustus},{GeneMark_model.4796_t;GeneMark}

# EVM prediction: Mode:STANDARD S-ratio: 9.15 29217-32684 orient(+) score(12621.00) noncoding_equivalent(1379.00) raw_noncoding(1449.00) offset(70.00) 
29217	29914	initial+	1	2	{GeneMark_model.4797_t;GeneMark},{GlimmerHMM_glimmerT_4492-T1;GlimmerHMM},{Augustus_model.g3783.t1;Augustus}
29915	29980	INTRON			{GeneMark_model.4797_t;GeneMark},{GlimmerHMM_glimmerT_4492-T1;GlimmerHMM},{Augustus_model.g3783.t1;Augustus}
29981	32684	terminal+	3	3	{GeneMark_model.4797_t;GeneMark},{GlimmerHMM_glimmerT_4492-T1;GlimmerHMM},{Augustus_model.g3783.t1;Augustus}

# EVM prediction: Mode:STANDARD S-ratio: 2.68 32941-34868 orient(-) score(7326.00) noncoding_equivalent(2730.12) raw_noncoding(3163.41) offset(433.29) 
33198	32941	terminal-	4	6	{snap_scaffold_11-snap.68-T1;snap},{GlimmerHMM_glimmerT_4493-T1;GlimmerHMM},{Augustus_model.g3784.t1;Augustus},{GeneMark_model.4798_t;GeneMark}
33355	33199	INTRON			{GlimmerHMM_glimmerT_4493-T1;GlimmerHMM},{Augustus_model.g3784.t1;Augustus},{GeneMark_model.4798_t;GeneMark},{ev_type:exonerate/ID=match.2566964.3904/Target=lcl|KQ954474_1_prot_KWU45151_1_2613;exonerate}
33470	33356	internal-	6	6	{GlimmerHMM_glimmerT_4493-T1;GlimmerHMM},{Augustus_model.g3784.t1;Augustus},{GeneMark_model.4798_t;GeneMark},{ev_type:exonerate/ID=match.2566964.3904/Target=lcl|KQ954474_1_prot_KWU45151_1_2613;exonerate}
33534	33471	INTRON			{GlimmerHMM_glimmerT_4493-T1;GlimmerHMM},{Augustus_model.g3784.t1;Augustus},{GeneMark_model.4798_t;GeneMark},{ev_type:exonerate/ID=match.2566964.3904/Target=lcl|KQ954474_1_prot_KWU45151_1_2613;exonerate}
33560	33535	internal-	4	5	{GlimmerHMM_glimmerT_4493-T1;GlimmerHMM},{Augustus_model.g3784.t1;Augustus},{GeneMark_model.4798_t;GeneMark},{ev_type:exonerate/ID=match.2566964.3904/Target=lcl|KQ954474_1_prot_KWU45151_1_2613;exonerate}
33623	33561	INTRON			{GlimmerHMM_glimmerT_4493-T1;GlimmerHMM},{Augustus_model.g3784.t1;Augustus},{GeneMark_model.4798_t;GeneMark},{ev_type:exonerate/ID=match.2566964.3904/Target=lcl|KQ954474_1_prot_KWU45151_1_2613;exonerate}
33766	33624	internal-	5	6	{GlimmerHMM_glimmerT_4493-T1;GlimmerHMM},{Augustus_model.g3784.t1;Augustus},{GeneMark_model.4798_t;GeneMark},{ev_type:exonerate/ID=match.2566964.3904/Target=lcl|KQ954474_1_prot_KWU45151_1_2613;exonerate}
33831	33767	INTRON			{GlimmerHMM_glimmerT_4493-T1;GlimmerHMM},{Augustus_model.g3784.t1;Augustus},{GeneMark_model.4798_t;GeneMark},{ev_type:exonerate/ID=match.2566964.3904/Target=lcl|KQ954474_1_prot_KWU45151_1_2613;exonerate}
34130	33832	internal-	6	4	{GlimmerHMM_glimmerT_4493-T1;GlimmerHMM},{Augustus_model.g3784.t1;Augustus},{GeneMark_model.4798_t;GeneMark},{ev_type:exonerate/ID=match.2566964.3904/Target=lcl|KQ954474_1_prot_KWU45151_1_2613;exonerate}
34197	34131	INTRON			{GlimmerHMM_glimmerT_4493-T1;GlimmerHMM},{Augustus_model.g3784.t1;Augustus},{GeneMark_model.4798_t;GeneMark},{ev_type:exonerate/ID=match.2566964.3904/Target=lcl|KQ954474_1_prot_KWU45151_1_2613;exonerate}
34868	34198	initial-	4	5	{GlimmerHMM_glimmerT_4493-T1;GlimmerHMM},{GeneMark_model.4798_t;GeneMark}

# EVM prediction: Mode:STANDARD S-ratio: 5.44 37538-40999 orient(+) score(14497.00) noncoding_equivalent(2664.00) raw_noncoding(3182.16) offset(518.16) 
37538	38550	initial+	1	2	{Augustus_model.g3785.t1;Augustus},{GeneMark_model.4800_t;GeneMark},{GlimmerHMM_glimmerT_4494-T1;GlimmerHMM}
38551	38616	INTRON			{Augustus_model.g3785.t1;Augustus},{GeneMark_model.4800_t;GeneMark},{GlimmerHMM_glimmerT_4494-T1;GlimmerHMM},{ev_type:exonerate/ID=match.2566964.3883/Target=lcl|KQ954474_1_prot_KWU45155_1_2617;exonerate}
38617	38891	internal+	3	1	{Augustus_model.g3785.t1;Augustus},{GeneMark_model.4800_t;GeneMark},{GlimmerHMM_glimmerT_4494-T1;GlimmerHMM},{ev_type:exonerate/ID=match.2566964.3883/Target=lcl|KQ954474_1_prot_KWU45155_1_2617;exonerate}
38892	38951	INTRON			{Augustus_model.g3785.t1;Augustus},{GeneMark_model.4800_t;GeneMark},{GlimmerHMM_glimmerT_4494-T1;GlimmerHMM},{ev_type:exonerate/ID=match.2566964.3883/Target=lcl|KQ954474_1_prot_KWU45155_1_2617;exonerate}
38952	39099	internal+	2	2	{Augustus_model.g3785.t1;Augustus},{GeneMark_model.4800_t;GeneMark},{GlimmerHMM_glimmerT_4494-T1;GlimmerHMM},{ev_type:exonerate/ID=match.2566964.3883/Target=lcl|KQ954474_1_prot_KWU45155_1_2617;exonerate}
39100	39157	INTRON			{Augustus_model.g3785.t1;Augustus},{GeneMark_model.4800_t;GeneMark},{GlimmerHMM_glimmerT_4494-T1;GlimmerHMM},{ev_type:exonerate/ID=match.2566964.3883/Target=lcl|KQ954474_1_prot_KWU45155_1_2617;exonerate}
39158	39244	internal+	3	2	{Augustus_model.g3785.t1;Augustus},{GeneMark_model.4800_t;GeneMark},{GlimmerHMM_glimmerT_4494-T1;GlimmerHMM},{ev_type:exonerate/ID=match.2566964.3883/Target=lcl|KQ954474_1_prot_KWU45155_1_2617;exonerate}
39245	39305	INTRON			{Augustus_model.g3785.t1;Augustus},{GeneMark_model.4800_t;GeneMark},{GlimmerHMM_glimmerT_4494-T1;GlimmerHMM},{ev_type:exonerate/ID=match.2566964.3883/Target=lcl|KQ954474_1_prot_KWU45155_1_2617;exonerate}
39306	39651	internal+	3	3	{Augustus_model.g3785.t1;Augustus},{GeneMark_model.4800_t;GeneMark},{ev_type:exonerate/ID=match.2566964.3883/Target=lcl|KQ954474_1_prot_KWU45155_1_2617;exonerate}
39652	39717	INTRON			{Augustus_model.g3785.t1;Augustus},{GeneMark_model.4800_t;GeneMark},{ev_type:exonerate/ID=match.2566964.3883/Target=lcl|KQ954474_1_prot_KWU45155_1_2617;exonerate}
39718	39944	internal+	1	2	{Augustus_model.g3785.t1;Augustus},{GeneMark_model.4800_t;GeneMark},{ev_type:exonerate/ID=match.2566964.3883/Target=lcl|KQ954474_1_prot_KWU45155_1_2617;exonerate}
39945	40003	INTRON			{Augustus_model.g3785.t1;Augustus},{GeneMark_model.4800_t;GeneMark},{GlimmerHMM_glimmerT_4494-T1;GlimmerHMM},{ev_type:exonerate/ID=match.2566964.3883/Target=lcl|KQ954474_1_prot_KWU45155_1_2617;exonerate}
40004	40240	internal+	3	2	{Augustus_model.g3785.t1;Augustus},{GeneMark_model.4800_t;GeneMark},{GlimmerHMM_glimmerT_4494-T1;GlimmerHMM},{ev_type:exonerate/ID=match.2566964.3883/Target=lcl|KQ954474_1_prot_KWU45155_1_2617;exonerate}
40241	40299	INTRON			{Augustus_model.g3785.t1;Augustus},{GeneMark_model.4800_t;GeneMark},{GlimmerHMM_glimmerT_4494-T1;GlimmerHMM},{ev_type:exonerate/ID=match.2566964.3883/Target=lcl|KQ954474_1_prot_KWU45155_1_2617;exonerate}
40300	40369	internal+	3	3	{Augustus_model.g3785.t1;Augustus},{GeneMark_model.4800_t;GeneMark},{GlimmerHMM_glimmerT_4494-T1;GlimmerHMM},{ev_type:exonerate/ID=match.2566964.3883/Target=lcl|KQ954474_1_prot_KWU45155_1_2617;exonerate}
40370	40434	INTRON			{Augustus_model.g3785.t1;Augustus},{GeneMark_model.4800_t;GeneMark},{GlimmerHMM_glimmerT_4494-T1;GlimmerHMM},{ev_type:exonerate/ID=match.2566964.3883/Target=lcl|KQ954474_1_prot_KWU45155_1_2617;exonerate}
40435	40687	internal+	1	1	{Augustus_model.g3785.t1;Augustus},{GeneMark_model.4800_t;GeneMark},{GlimmerHMM_glimmerT_4494-T1;GlimmerHMM},{ev_type:exonerate/ID=match.2566964.3883/Target=lcl|KQ954474_1_prot_KWU45155_1_2617;exonerate}
40688	40754	INTRON			{Augustus_model.g3785.t1;Augustus},{GeneMark_model.4800_t;GeneMark},{GlimmerHMM_glimmerT_4494-T1;GlimmerHMM},{ev_type:exonerate/ID=match.2566964.3883/Target=lcl|KQ954474_1_prot_KWU45155_1_2617;exonerate}
40755	40999	terminal+	2	3	{snap_scaffold_11-snap.71-T1;snap},{Augustus_model.g3785.t1;Augustus},{GeneMark_model.4800_t;GeneMark}

# EVM prediction: Mode:STANDARD S-ratio: 1.67 41537-43318 orient(+) score(4496.00) noncoding_equivalent(2697.55) raw_noncoding(3052.09) offset(354.54) 
41537	41588	initial+	1	1	{Augustus_model.g3786.t1;Augustus},{GeneMark_model.4801_t;GeneMark}
41589	41646	INTRON			{Augustus_model.g3786.t1;Augustus},{GeneMark_model.4801_t;GeneMark},{GlimmerHMM_glimmerT_4494-T1;GlimmerHMM}
41647	41738	internal+	2	3	{Augustus_model.g3786.t1;Augustus},{GeneMark_model.4801_t;GeneMark},{GlimmerHMM_glimmerT_4494-T1;GlimmerHMM}
41739	41793	INTRON			{Augustus_model.g3786.t1;Augustus},{GeneMark_model.4801_t;GeneMark},{GlimmerHMM_glimmerT_4494-T1;GlimmerHMM}
41794	43171	internal+	1	1	{GeneMark_model.4801_t;GeneMark},{GlimmerHMM_glimmerT_4494-T1;GlimmerHMM}
43172	43250	INTRON			{GeneMark_model.4801_t;GeneMark}
43251	43318	terminal+	2	3	{GeneMark_model.4801_t;GeneMark}

# EVM prediction: Mode:STANDARD S-ratio: 2.17 43576-45321 orient(+) score(4945.00) noncoding_equivalent(2278.29) raw_noncoding(2865.10) offset(586.81) 
43576	43714	initial+	1	1	{GeneMark_model.4802_t;GeneMark}
43715	43775	INTRON			{Augustus_model.g3786.t1;Augustus},{GeneMark_model.4802_t;GeneMark},{GlimmerHMM_glimmerT_4494-T1;GlimmerHMM}
43776	43954	internal+	2	3	{Augustus_model.g3786.t1;Augustus},{GeneMark_model.4802_t;GeneMark},{GlimmerHMM_glimmerT_4494-T1;GlimmerHMM}
43955	44033	INTRON			{Augustus_model.g3786.t1;Augustus},{GeneMark_model.4802_t;GeneMark},{GlimmerHMM_glimmerT_4494-T1;GlimmerHMM}
44034	44235	internal+	1	1	{GeneMark_model.4802_t;GeneMark}
44236	44302	INTRON			{GeneMark_model.4802_t;GeneMark}
44303	44476	internal+	2	1	{GeneMark_model.4802_t;GeneMark}
44477	44534	INTRON			{Augustus_model.g3786.t1;Augustus},{GeneMark_model.4802_t;GeneMark}
44535	44588	internal+	2	1	{Augustus_model.g3786.t1;Augustus},{GeneMark_model.4802_t;GeneMark}
44589	44645	INTRON			{Augustus_model.g3786.t1;Augustus},{GeneMark_model.4802_t;GeneMark}
44646	45007	internal+	2	3	{GeneMark_model.4802_t;GeneMark},{GlimmerHMM_glimmerT_4494-T1;GlimmerHMM}
45008	45063	INTRON			{Augustus_model.g3786.t1;Augustus},{GeneMark_model.4802_t;GeneMark},{GlimmerHMM_glimmerT_4494-T1;GlimmerHMM}
45064	45321	terminal+	1	3	{snap_scaffold_11-snap.72-T1;snap},{Augustus_model.g3786.t1;Augustus},{GeneMark_model.4802_t;GeneMark},{GlimmerHMM_glimmerT_4494-T1;GlimmerHMM}

# EVM prediction: Mode:STANDARD S-ratio: 1.80 45477-48938 orient(-) score(9952.00) noncoding_equivalent(5543.40) raw_noncoding(6687.91) offset(1144.51) 
45605	45477	terminal-	4	6	{GeneMark_model.4803_t;GeneMark},{Augustus_model.g3787.t1;Augustus},{GlimmerHMM_glimmerT_4495-T1;GlimmerHMM}
45660	45606	INTRON			{GeneMark_model.4803_t;GeneMark},{Augustus_model.g3787.t1;Augustus},{GlimmerHMM_glimmerT_4495-T1;GlimmerHMM}
45746	45661	internal-	5	6	{GeneMark_model.4803_t;GeneMark},{Augustus_model.g3787.t1;Augustus},{GlimmerHMM_glimmerT_4495-T1;GlimmerHMM}
45810	45747	INTRON			{GeneMark_model.4803_t;GeneMark},{Augustus_model.g3787.t1;Augustus},{GlimmerHMM_glimmerT_4495-T1;GlimmerHMM}
46435	45811	internal-	4	4	{GeneMark_model.4803_t;GeneMark},{Augustus_model.g3787.t1;Augustus},{GlimmerHMM_glimmerT_4495-T1;GlimmerHMM}
46496	46436	INTRON			{GeneMark_model.4803_t;GeneMark},{Augustus_model.g3787.t1;Augustus},{GlimmerHMM_glimmerT_4495-T1;GlimmerHMM}
46685	46497	internal-	4	6	{GeneMark_model.4803_t;GeneMark},{Augustus_model.g3787.t1;Augustus},{GlimmerHMM_glimmerT_4495-T1;GlimmerHMM}
46745	46686	INTRON			{GeneMark_model.4803_t;GeneMark},{Augustus_model.g3787.t1;Augustus},{GlimmerHMM_glimmerT_4495-T1;GlimmerHMM}
46848	46746	internal-	6	6	{GeneMark_model.4803_t;GeneMark},{Augustus_model.g3787.t1;Augustus},{GlimmerHMM_glimmerT_4495-T1;GlimmerHMM}
46874	46849	INTRON			{GlimmerHMM_glimmerT_4495-T1;GlimmerHMM}
47008	46875	internal-	4	5	{GlimmerHMM_glimmerT_4495-T1;GlimmerHMM}
47066	47009	INTRON			{GeneMark_model.4803_t;GeneMark},{Augustus_model.g3787.t1;Augustus},{GlimmerHMM_glimmerT_4495-T1;GlimmerHMM}
47120	47067	internal-	4	6	{GeneMark_model.4803_t;GeneMark},{Augustus_model.g3787.t1;Augustus},{GlimmerHMM_glimmerT_4495-T1;GlimmerHMM}
47183	47121	INTRON			{GeneMark_model.4803_t;GeneMark},{Augustus_model.g3787.t1;Augustus},{GlimmerHMM_glimmerT_4495-T1;GlimmerHMM}
47254	47184	internal-	5	6	{GeneMark_model.4803_t;GeneMark},{Augustus_model.g3787.t1;Augustus},{GlimmerHMM_glimmerT_4495-T1;GlimmerHMM}
47319	47255	INTRON			{GeneMark_model.4803_t;GeneMark},{Augustus_model.g3787.t1;Augustus},{GlimmerHMM_glimmerT_4495-T1;GlimmerHMM}
47520	47320	internal-	5	4	{GeneMark_model.4803_t;GeneMark},{Augustus_model.g3787.t1;Augustus},{GlimmerHMM_glimmerT_4495-T1;GlimmerHMM}
47593	47521	INTRON			{GeneMark_model.4803_t;GeneMark},{Augustus_model.g3787.t1;Augustus},{GlimmerHMM_glimmerT_4495-T1;GlimmerHMM}
47876	47594	internal-	4	4	{GeneMark_model.4803_t;GeneMark},{Augustus_model.g3787.t1;Augustus},{GlimmerHMM_glimmerT_4495-T1;GlimmerHMM}
47944	47877	INTRON			{GeneMark_model.4803_t;GeneMark},{Augustus_model.g3787.t1;Augustus},{GlimmerHMM_glimmerT_4495-T1;GlimmerHMM}
47957	47945	internal-	6	6	{GeneMark_model.4803_t;GeneMark},{Augustus_model.g3787.t1;Augustus},{GlimmerHMM_glimmerT_4495-T1;GlimmerHMM}
48023	47958	INTRON			{GeneMark_model.4803_t;GeneMark},{Augustus_model.g3787.t1;Augustus},{GlimmerHMM_glimmerT_4495-T1;GlimmerHMM}
48125	48024	internal-	6	5	{GeneMark_model.4803_t;GeneMark},{Augustus_model.g3787.t1;Augustus},{GlimmerHMM_glimmerT_4495-T1;GlimmerHMM}
48190	48126	INTRON			{GeneMark_model.4803_t;GeneMark},{Augustus_model.g3787.t1;Augustus},{GlimmerHMM_glimmerT_4495-T1;GlimmerHMM}
48306	48191	internal-	4	5	{GeneMark_model.4803_t;GeneMark},{Augustus_model.g3787.t1;Augustus},{GlimmerHMM_glimmerT_4495-T1;GlimmerHMM}
48370	48307	INTRON			{GeneMark_model.4803_t;GeneMark},{Augustus_model.g3787.t1;Augustus},{GlimmerHMM_glimmerT_4495-T1;GlimmerHMM}
48473	48371	internal-	6	6	{GeneMark_model.4803_t;GeneMark},{Augustus_model.g3787.t1;Augustus},{GlimmerHMM_glimmerT_4495-T1;GlimmerHMM}
48586	48474	INTRON			{GeneMark_model.4803_t;GeneMark},{Augustus_model.g3787.t1;Augustus},{GlimmerHMM_glimmerT_4495-T1;GlimmerHMM}
48725	48587	internal-	5	5	{GeneMark_model.4803_t;GeneMark},{Augustus_model.g3787.t1;Augustus}
48796	48726	INTRON			{GeneMark_model.4803_t;GeneMark},{Augustus_model.g3787.t1;Augustus}
48938	48797	initial-	4	4	{GeneMark_model.4803_t;GeneMark},{Augustus_model.g3787.t1;Augustus}

# EVM prediction: Mode:STANDARD S-ratio: 3.79 49161-51923 orient(-) score(9297.00) noncoding_equivalent(2454.11) raw_noncoding(2952.71) offset(498.60) 
49191	49161	terminal-	6	6	{Augustus_model.g3788.t1;Augustus},{GeneMark_model.4804_t;GeneMark}
49266	49192	INTRON			{Augustus_model.g3788.t1;Augustus},{GeneMark_model.4804_t;GeneMark}
49570	49267	internal-	5	5	{GlimmerHMM_glimmerT_4495-T1;GlimmerHMM},{Augustus_model.g3788.t1;Augustus},{GeneMark_model.4804_t;GeneMark}
49632	49571	INTRON			{GlimmerHMM_glimmerT_4495-T1;GlimmerHMM},{Augustus_model.g3788.t1;Augustus},{GeneMark_model.4804_t;GeneMark}
49944	49633	internal-	5	4	{GlimmerHMM_glimmerT_4495-T1;GlimmerHMM},{Augustus_model.g3788.t1;Augustus},{GeneMark_model.4804_t;GeneMark}
50034	49945	INTRON			{GlimmerHMM_glimmerT_4495-T1;GlimmerHMM},{Augustus_model.g3788.t1;Augustus},{GeneMark_model.4804_t;GeneMark}
51291	50035	internal-	5	4	{GlimmerHMM_glimmerT_4495-T1;GlimmerHMM},{Augustus_model.g3788.t1;Augustus},{GeneMark_model.4804_t;GeneMark}
51362	51292	INTRON			{GlimmerHMM_glimmerT_4495-T1;GlimmerHMM},{Augustus_model.g3788.t1;Augustus},{GeneMark_model.4804_t;GeneMark}
51528	51363	internal-	4	4	{GlimmerHMM_glimmerT_4495-T1;GlimmerHMM},{Augustus_model.g3788.t1;Augustus},{GeneMark_model.4804_t;GeneMark}
51593	51529	INTRON			{GlimmerHMM_glimmerT_4495-T1;GlimmerHMM},{Augustus_model.g3788.t1;Augustus},{GeneMark_model.4804_t;GeneMark}
51743	51594	internal-	4	6	{GlimmerHMM_glimmerT_4495-T1;GlimmerHMM},{Augustus_model.g3788.t1;Augustus},{GeneMark_model.4804_t;GeneMark}
51815	51744	INTRON			{GlimmerHMM_glimmerT_4495-T1;GlimmerHMM},{Augustus_model.g3788.t1;Augustus},{GeneMark_model.4804_t;GeneMark}
51923	51816	initial-	4	6	{GlimmerHMM_glimmerT_4495-T1;GlimmerHMM},{Augustus_model.g3788.t1;Augustus},{GeneMark_model.4804_t;GeneMark}

# EVM prediction: Mode:STANDARD S-ratio: 1.78 52203-53431 orient(+) score(3393.00) noncoding_equivalent(1907.21) raw_noncoding(2276.15) offset(368.94) 
52203	52220	initial+	1	3	{GeneMark_model.4805_t;GeneMark},{Augustus_model.g3789.t1;Augustus},{GlimmerHMM_glimmerT_4496-T1;GlimmerHMM}
52221	52305	INTRON			{GeneMark_model.4805_t;GeneMark},{Augustus_model.g3789.t1;Augustus},{GlimmerHMM_glimmerT_4496-T1;GlimmerHMM}
52306	52811	internal+	1	2	{GeneMark_model.4805_t;GeneMark},{Augustus_model.g3789.t1;Augustus},{GlimmerHMM_glimmerT_4496-T1;GlimmerHMM}
52812	52884	INTRON			{GeneMark_model.4805_t;GeneMark},{Augustus_model.g3789.t1;Augustus}
52885	52977	internal+	3	2	{GeneMark_model.4805_t;GeneMark},{Augustus_model.g3789.t1;Augustus}
52978	53045	INTRON			{GeneMark_model.4805_t;GeneMark},{Augustus_model.g3789.t1;Augustus}
53046	53217	internal+	3	3	{GeneMark_model.4805_t;GeneMark},{Augustus_model.g3789.t1;Augustus}
53218	53293	INTRON			{GeneMark_model.4805_t;GeneMark},{Augustus_model.g3789.t1;Augustus},{GlimmerHMM_glimmerT_4496-T1;GlimmerHMM}
53294	53431	terminal+	1	3	{GeneMark_model.4805_t;GeneMark},{Augustus_model.g3789.t1;Augustus},{GlimmerHMM_glimmerT_4496-T1;GlimmerHMM}

# EVM prediction: Mode:STANDARD S-ratio: 2.85 53762-55618 orient(-) score(6220.00) noncoding_equivalent(2182.00) raw_noncoding(2481.00) offset(299.00) 
54091	53762	terminal-	4	6	{Augustus_model.g3790.t1;Augustus},{GeneMark_model.4806_t;GeneMark},{GlimmerHMM_glimmerT_4497-T1;GlimmerHMM}
54172	54092	INTRON			{Augustus_model.g3790.t1;Augustus},{GeneMark_model.4806_t;GeneMark},{GlimmerHMM_glimmerT_4497-T1;GlimmerHMM}
54408	54173	internal-	5	6	{Augustus_model.g3790.t1;Augustus},{GeneMark_model.4806_t;GeneMark},{GlimmerHMM_glimmerT_4497-T1;GlimmerHMM}
54484	54409	INTRON			{Augustus_model.g3790.t1;Augustus},{GeneMark_model.4806_t;GeneMark},{GlimmerHMM_glimmerT_4497-T1;GlimmerHMM},{snap_scaffold_11-snap.74-T1;snap}
54657	54485	internal-	6	4	{Augustus_model.g3790.t1;Augustus},{GeneMark_model.4806_t;GeneMark},{GlimmerHMM_glimmerT_4497-T1;GlimmerHMM}
54723	54658	INTRON			{Augustus_model.g3790.t1;Augustus},{GeneMark_model.4806_t;GeneMark},{GlimmerHMM_glimmerT_4497-T1;GlimmerHMM}
54815	54724	internal-	4	5	{Augustus_model.g3790.t1;Augustus},{GeneMark_model.4806_t;GeneMark},{GlimmerHMM_glimmerT_4497-T1;GlimmerHMM}
54881	54816	INTRON			{Augustus_model.g3790.t1;Augustus},{GeneMark_model.4806_t;GeneMark},{GlimmerHMM_glimmerT_4497-T1;GlimmerHMM}
55161	54882	internal-	6	6	{Augustus_model.g3790.t1;Augustus},{GeneMark_model.4806_t;GeneMark},{GlimmerHMM_glimmerT_4497-T1;GlimmerHMM}
55235	55162	INTRON			{Augustus_model.g3790.t1;Augustus},{GeneMark_model.4806_t;GeneMark},{GlimmerHMM_glimmerT_4497-T1;GlimmerHMM}
55485	55236	internal-	5	5	{Augustus_model.g3790.t1;Augustus},{GeneMark_model.4806_t;GeneMark},{GlimmerHMM_glimmerT_4497-T1;GlimmerHMM}
55548	55486	INTRON			{Augustus_model.g3790.t1;Augustus},{GeneMark_model.4806_t;GeneMark},{GlimmerHMM_glimmerT_4497-T1;GlimmerHMM}
55618	55549	initial-	4	4	{Augustus_model.g3790.t1;Augustus},{GeneMark_model.4806_t;GeneMark},{GlimmerHMM_glimmerT_4497-T1;GlimmerHMM}

# EVM prediction: Mode:STANDARD S-ratio: 2.32 56848-57219 orient(+) score(1038.00) noncoding_equivalent(448.00) raw_noncoding(597.00) offset(149.00) 
56848	56885	initial+	1	2	{GeneMark_model.4807_t;GeneMark},{Augustus_model.g3791.t1;Augustus}
56886	56963	INTRON			{GeneMark_model.4807_t;GeneMark},{Augustus_model.g3791.t1;Augustus}
56964	57219	terminal+	3	3	{GeneMark_model.4807_t;GeneMark},{Augustus_model.g3791.t1;Augustus},{GlimmerHMM_glimmerT_4498-T1;GlimmerHMM}

# EVM prediction: Mode:STANDARD S-ratio: 4.27 57607-60487 orient(-) score(14598.00) noncoding_equivalent(3422.69) raw_noncoding(4105.00) offset(682.31) 
57870	57607	terminal-	4	6	{Augustus_model.g3792.t1;Augustus},{GeneMark_model.4808_t;GeneMark}
57939	57871	INTRON			{Augustus_model.g3792.t1;Augustus},{GeneMark_model.4808_t;GeneMark},{ev_type:exonerate/ID=match.2566964.3870/Target=lcl|PJQD01000005_1_prot_POY76460_1_4895;exonerate},{ev_type:exonerate/ID=match.2566964.3872/Target=lcl|KQ954484_1_prot_KWU43949_1_3757;exonerate}
58183	57940	internal-	6	6	{Augustus_model.g3792.t1;Augustus},{GeneMark_model.4808_t;GeneMark},{ev_type:exonerate/ID=match.2566964.3870/Target=lcl|PJQD01000005_1_prot_POY76460_1_4895;exonerate},{ev_type:exonerate/ID=match.2566964.3872/Target=lcl|KQ954484_1_prot_KWU43949_1_3757;exonerate}
58251	58184	INTRON			{Augustus_model.g3792.t1;Augustus},{GeneMark_model.4808_t;GeneMark},{GlimmerHMM_glimmerT_4499-T1;GlimmerHMM},{ev_type:exonerate/ID=match.2566964.3870/Target=lcl|PJQD01000005_1_prot_POY76460_1_4895;exonerate},{ev_type:exonerate/ID=match.2566964.3872/Target=lcl|KQ954484_1_prot_KWU43949_1_3757;exonerate}
58740	58252	internal-	6	5	{Augustus_model.g3792.t1;Augustus},{GeneMark_model.4808_t;GeneMark},{GlimmerHMM_glimmerT_4499-T1;GlimmerHMM},{ev_type:exonerate/ID=match.2566964.3870/Target=lcl|PJQD01000005_1_prot_POY76460_1_4895;exonerate},{ev_type:exonerate/ID=match.2566964.3872/Target=lcl|KQ954484_1_prot_KWU43949_1_3757;exonerate}
58812	58741	INTRON			{Augustus_model.g3792.t1;Augustus},{GeneMark_model.4808_t;GeneMark},{GlimmerHMM_glimmerT_4499-T1;GlimmerHMM},{ev_type:exonerate/ID=match.2566964.3870/Target=lcl|PJQD01000005_1_prot_POY76460_1_4895;exonerate},{ev_type:exonerate/ID=match.2566964.3872/Target=lcl|KQ954484_1_prot_KWU43949_1_3757;exonerate}
58909	58813	internal-	5	5	{Augustus_model.g3792.t1;Augustus},{GeneMark_model.4808_t;GeneMark},{GlimmerHMM_glimmerT_4499-T1;GlimmerHMM},{ev_type:exonerate/ID=match.2566964.3870/Target=lcl|PJQD01000005_1_prot_POY76460_1_4895;exonerate},{ev_type:exonerate/ID=match.2566964.3872/Target=lcl|KQ954484_1_prot_KWU43949_1_3757;exonerate}
58978	58910	INTRON			{Augustus_model.g3792.t1;Augustus},{GeneMark_model.4808_t;GeneMark},{GlimmerHMM_glimmerT_4499-T1;GlimmerHMM},{ev_type:exonerate/ID=match.2566964.3870/Target=lcl|PJQD01000005_1_prot_POY76460_1_4895;exonerate},{ev_type:exonerate/ID=match.2566964.3872/Target=lcl|KQ954484_1_prot_KWU43949_1_3757;exonerate}
59244	58979	internal-	6	4	{Augustus_model.g3792.t1;Augustus},{GeneMark_model.4808_t;GeneMark},{GlimmerHMM_glimmerT_4499-T1;GlimmerHMM}
59309	59245	INTRON			{Augustus_model.g3792.t1;Augustus},{GeneMark_model.4808_t;GeneMark},{GlimmerHMM_glimmerT_4499-T1;GlimmerHMM}
59329	59310	internal-	4	5	{Augustus_model.g3792.t1;Augustus},{GeneMark_model.4808_t;GeneMark},{GlimmerHMM_glimmerT_4499-T1;GlimmerHMM}
59395	59330	INTRON			{Augustus_model.g3792.t1;Augustus},{GeneMark_model.4808_t;GeneMark},{GlimmerHMM_glimmerT_4499-T1;GlimmerHMM}
59750	59396	internal-	6	6	{Augustus_model.g3792.t1;Augustus},{GeneMark_model.4808_t;GeneMark},{GlimmerHMM_glimmerT_4499-T1;GlimmerHMM},{ev_type:exonerate/ID=match.2566964.3870/Target=lcl|PJQD01000005_1_prot_POY76460_1_4895;exonerate},{ev_type:exonerate/ID=match.2566964.3872/Target=lcl|KQ954484_1_prot_KWU43949_1_3757;exonerate}
59816	59751	INTRON			{Augustus_model.g3792.t1;Augustus},{GeneMark_model.4808_t;GeneMark},{GlimmerHMM_glimmerT_4499-T1;GlimmerHMM},{ev_type:exonerate/ID=match.2566964.3870/Target=lcl|PJQD01000005_1_prot_POY76460_1_4895;exonerate},{ev_type:exonerate/ID=match.2566964.3872/Target=lcl|KQ954484_1_prot_KWU43949_1_3757;exonerate}
59915	59817	internal-	6	5	{Augustus_model.g3792.t1;Augustus},{GeneMark_model.4808_t;GeneMark},{GlimmerHMM_glimmerT_4499-T1;GlimmerHMM},{ev_type:exonerate/ID=match.2566964.3870/Target=lcl|PJQD01000005_1_prot_POY76460_1_4895;exonerate},{ev_type:exonerate/ID=match.2566964.3872/Target=lcl|KQ954484_1_prot_KWU43949_1_3757;exonerate}
59980	59916	INTRON			{Augustus_model.g3792.t1;Augustus},{GeneMark_model.4808_t;GeneMark},{GlimmerHMM_glimmerT_4499-T1;GlimmerHMM},{ev_type:exonerate/ID=match.2566964.3870/Target=lcl|PJQD01000005_1_prot_POY76460_1_4895;exonerate},{ev_type:exonerate/ID=match.2566964.3872/Target=lcl|KQ954484_1_prot_KWU43949_1_3757;exonerate}
60060	59981	internal-	4	5	{Augustus_model.g3792.t1;Augustus},{GeneMark_model.4808_t;GeneMark},{GlimmerHMM_glimmerT_4499-T1;GlimmerHMM},{ev_type:exonerate/ID=match.2566964.3870/Target=lcl|PJQD01000005_1_prot_POY76460_1_4895;exonerate},{ev_type:exonerate/ID=match.2566964.3872/Target=lcl|KQ954484_1_prot_KWU43949_1_3757;exonerate}
60140	60061	INTRON			{Augustus_model.g3792.t1;Augustus},{GeneMark_model.4808_t;GeneMark},{GlimmerHMM_glimmerT_4499-T1;GlimmerHMM},{ev_type:exonerate/ID=match.2566964.3870/Target=lcl|PJQD01000005_1_prot_POY76460_1_4895;exonerate},{ev_type:exonerate/ID=match.2566964.3872/Target=lcl|KQ954484_1_prot_KWU43949_1_3757;exonerate}
60165	60141	internal-	6	6	{Augustus_model.g3792.t1;Augustus},{GeneMark_model.4808_t;GeneMark},{GlimmerHMM_glimmerT_4499-T1;GlimmerHMM},{ev_type:exonerate/ID=match.2566964.3870/Target=lcl|PJQD01000005_1_prot_POY76460_1_4895;exonerate},{ev_type:exonerate/ID=match.2566964.3872/Target=lcl|KQ954484_1_prot_KWU43949_1_3757;exonerate}
60243	60166	INTRON			{Augustus_model.g3792.t1;Augustus},{GeneMark_model.4808_t;GeneMark},{GlimmerHMM_glimmerT_4499-T1;GlimmerHMM},{ev_type:exonerate/ID=match.2566964.3870/Target=lcl|PJQD01000005_1_prot_POY76460_1_4895;exonerate},{ev_type:exonerate/ID=match.2566964.3872/Target=lcl|KQ954484_1_prot_KWU43949_1_3757;exonerate}
60363	60244	internal-	6	5	{Augustus_model.g3792.t1;Augustus},{GeneMark_model.4808_t;GeneMark},{GlimmerHMM_glimmerT_4499-T1;GlimmerHMM}
60422	60364	INTRON			{Augustus_model.g3792.t1;Augustus},{GeneMark_model.4808_t;GeneMark},{GlimmerHMM_glimmerT_4499-T1;GlimmerHMM}
60487	60423	initial-	4	5	{Augustus_model.g3792.t1;Augustus},{GeneMark_model.4808_t;GeneMark},{GlimmerHMM_glimmerT_4499-T1;GlimmerHMM}

# EVM prediction: Mode:STANDARD S-ratio: 2.71 61036-64081 orient(+) score(9581.00) noncoding_equivalent(3539.37) raw_noncoding(4291.00) offset(751.63) 
61036	61198	initial+	1	1	{GeneMark_model.4809_t;GeneMark},{GlimmerHMM_glimmerT_4500-T1;GlimmerHMM},{Augustus_model.g3793.t1;Augustus}
61199	61272	INTRON			{GeneMark_model.4809_t;GeneMark},{GlimmerHMM_glimmerT_4500-T1;GlimmerHMM},{Augustus_model.g3793.t1;Augustus}
61273	61412	internal+	2	3	{GeneMark_model.4809_t;GeneMark},{GlimmerHMM_glimmerT_4500-T1;GlimmerHMM},{Augustus_model.g3793.t1;Augustus}
61413	61490	INTRON			{GeneMark_model.4809_t;GeneMark},{Augustus_model.g3793.t1;Augustus}
61491	61733	internal+	1	3	{GeneMark_model.4809_t;GeneMark},{Augustus_model.g3793.t1;Augustus}
61734	61800	INTRON			{GeneMark_model.4809_t;GeneMark},{Augustus_model.g3793.t1;Augustus}
61801	62331	internal+	1	3	{GeneMark_model.4809_t;GeneMark},{GlimmerHMM_glimmerT_4500-T1;GlimmerHMM},{Augustus_model.g3793.t1;Augustus}
62332	62406	INTRON			{GeneMark_model.4809_t;GeneMark},{GlimmerHMM_glimmerT_4500-T1;GlimmerHMM},{Augustus_model.g3793.t1;Augustus}
62407	62513	internal+	1	2	{GeneMark_model.4809_t;GeneMark},{GlimmerHMM_glimmerT_4500-T1;GlimmerHMM},{Augustus_model.g3793.t1;Augustus}
62514	62580	INTRON			{GeneMark_model.4809_t;GeneMark},{GlimmerHMM_glimmerT_4500-T1;GlimmerHMM},{Augustus_model.g3793.t1;Augustus}
62581	62631	internal+	3	2	{GeneMark_model.4809_t;GeneMark},{GlimmerHMM_glimmerT_4500-T1;GlimmerHMM},{Augustus_model.g3793.t1;Augustus}
62632	62697	INTRON			{GeneMark_model.4809_t;GeneMark},{GlimmerHMM_glimmerT_4500-T1;GlimmerHMM},{Augustus_model.g3793.t1;Augustus}
62698	62762	internal+	3	1	{GeneMark_model.4809_t;GeneMark},{GlimmerHMM_glimmerT_4500-T1;GlimmerHMM},{Augustus_model.g3793.t1;Augustus}
62763	62829	INTRON			{GeneMark_model.4809_t;GeneMark},{GlimmerHMM_glimmerT_4500-T1;GlimmerHMM},{Augustus_model.g3793.t1;Augustus}
62830	62991	internal+	2	1	{GeneMark_model.4809_t;GeneMark},{GlimmerHMM_glimmerT_4500-T1;GlimmerHMM},{Augustus_model.g3793.t1;Augustus}
62992	63057	INTRON			{GeneMark_model.4809_t;GeneMark},{GlimmerHMM_glimmerT_4500-T1;GlimmerHMM},{Augustus_model.g3793.t1;Augustus}
63058	63881	internal+	2	3	{GeneMark_model.4809_t;GeneMark},{GlimmerHMM_glimmerT_4500-T1;GlimmerHMM},{Augustus_model.g3793.t1;Augustus}
63882	63949	INTRON			{GeneMark_model.4809_t;GeneMark},{GlimmerHMM_glimmerT_4500-T1;GlimmerHMM},{Augustus_model.g3793.t1;Augustus}
63950	64081	terminal+	1	3	{GeneMark_model.4809_t;GeneMark},{GlimmerHMM_glimmerT_4500-T1;GlimmerHMM},{Augustus_model.g3793.t1;Augustus}

# EVM prediction: Mode:STANDARD S-ratio: 11.36 64582-67599 orient(-) score(11622.00) noncoding_equivalent(1023.00) raw_noncoding(1060.00) offset(37.00) 
65502	64582	terminal-	4	6	{GeneMark_model.4810_t;GeneMark},{Augustus_model.g3794.t1;Augustus},{GlimmerHMM_glimmerT_4501-T1;GlimmerHMM},{snap_scaffold_11-snap.78-T1;snap}
65577	65503	INTRON			{GeneMark_model.4810_t;GeneMark},{Augustus_model.g3794.t1;Augustus},{GlimmerHMM_glimmerT_4501-T1;GlimmerHMM}
67599	65578	initial-	4	6	{GeneMark_model.4810_t;GeneMark},{GlimmerHMM_glimmerT_4501-T1;GlimmerHMM}

# EVM prediction: Mode:STANDARD S-ratio: 3.35 70659-72794 orient(+) score(7225.00) noncoding_equivalent(2156.36) raw_noncoding(2532.00) offset(375.64) 
70659	70991	initial+	1	3	{Augustus_model.g3795.t1;Augustus},{GeneMark_model.4811_t;GeneMark},{GlimmerHMM_glimmerT_4502-T1;GlimmerHMM}
70992	71051	INTRON			{Augustus_model.g3795.t1;Augustus},{GeneMark_model.4811_t;GeneMark},{GlimmerHMM_glimmerT_4502-T1;GlimmerHMM}
71052	71345	internal+	1	3	{Augustus_model.g3795.t1;Augustus},{GeneMark_model.4811_t;GeneMark},{GlimmerHMM_glimmerT_4502-T1;GlimmerHMM}
71346	71430	INTRON			{Augustus_model.g3795.t1;Augustus},{GeneMark_model.4811_t;GeneMark},{GlimmerHMM_glimmerT_4502-T1;GlimmerHMM}
71431	71501	internal+	1	2	{Augustus_model.g3795.t1;Augustus},{GeneMark_model.4811_t;GeneMark},{GlimmerHMM_glimmerT_4502-T1;GlimmerHMM}
71502	71571	INTRON			{Augustus_model.g3795.t1;Augustus},{GeneMark_model.4811_t;GeneMark},{GlimmerHMM_glimmerT_4502-T1;GlimmerHMM}
71572	72392	internal+	3	1	{Augustus_model.g3795.t1;Augustus},{GeneMark_model.4811_t;GeneMark},{GlimmerHMM_glimmerT_4502-T1;GlimmerHMM}
72393	72463	INTRON			{Augustus_model.g3795.t1;Augustus},{GeneMark_model.4811_t;GeneMark},{GlimmerHMM_glimmerT_4502-T1;GlimmerHMM}
72464	72480	internal+	2	3	{Augustus_model.g3795.t1;Augustus},{GeneMark_model.4811_t;GeneMark},{GlimmerHMM_glimmerT_4502-T1;GlimmerHMM}
72481	72544	INTRON			{Augustus_model.g3795.t1;Augustus},{GeneMark_model.4811_t;GeneMark},{GlimmerHMM_glimmerT_4502-T1;GlimmerHMM}
72545	72630	internal+	1	2	{Augustus_model.g3795.t1;Augustus},{GeneMark_model.4811_t;GeneMark},{GlimmerHMM_glimmerT_4502-T1;GlimmerHMM}
72631	72712	INTRON			{Augustus_model.g3795.t1;Augustus},{GeneMark_model.4811_t;GeneMark},{GlimmerHMM_glimmerT_4502-T1;GlimmerHMM}
72713	72794	terminal+	3	3	{Augustus_model.g3795.t1;Augustus},{GeneMark_model.4811_t;GeneMark},{GlimmerHMM_glimmerT_4502-T1;GlimmerHMM}

# EVM prediction: Mode:STANDARD S-ratio: 6.58 73016-77045 orient(+) score(14298.00) noncoding_equivalent(2172.32) raw_noncoding(2428.00) offset(255.68) 
73016	74099	initial+	1	1	{GeneMark_model.4812_t;GeneMark},{GlimmerHMM_glimmerT_4503-T1;GlimmerHMM}
74100	74186	INTRON			{Augustus_model.g3796.t1;Augustus},{GeneMark_model.4812_t;GeneMark}
74187	74387	internal+	2	1	{Augustus_model.g3796.t1;Augustus},{GeneMark_model.4812_t;GeneMark}
74388	74451	INTRON			{Augustus_model.g3796.t1;Augustus},{GeneMark_model.4812_t;GeneMark},{GlimmerHMM_glimmerT_4503-T1;GlimmerHMM}
74452	74549	internal+	2	3	{Augustus_model.g3796.t1;Augustus},{GeneMark_model.4812_t;GeneMark},{GlimmerHMM_glimmerT_4503-T1;GlimmerHMM}
74550	74609	INTRON			{Augustus_model.g3796.t1;Augustus},{GeneMark_model.4812_t;GeneMark},{GlimmerHMM_glimmerT_4503-T1;GlimmerHMM}
74610	75879	internal+	1	1	{Augustus_model.g3796.t1;Augustus},{GeneMark_model.4812_t;GeneMark},{GlimmerHMM_glimmerT_4503-T1;GlimmerHMM}
75880	75939	INTRON			{Augustus_model.g3796.t1;Augustus},{GeneMark_model.4812_t;GeneMark},{GlimmerHMM_glimmerT_4503-T1;GlimmerHMM}
75940	77045	terminal+	2	3	{Augustus_model.g3796.t1;Augustus},{GeneMark_model.4812_t;GeneMark},{GlimmerHMM_glimmerT_4503-T1;GlimmerHMM}

# EVM prediction: Mode:STANDARD S-ratio: 4.38 77240-79244 orient(-) score(6846.00) noncoding_equivalent(1562.43) raw_noncoding(1870.00) offset(307.57) 
77457	77240	terminal-	5	6	{Augustus_model.g3797.t1;Augustus},{GlimmerHMM_glimmerT_4504-T1;GlimmerHMM},{GeneMark_model.4813_t;GeneMark}
77523	77458	INTRON			{Augustus_model.g3797.t1;Augustus},{GlimmerHMM_glimmerT_4504-T1;GlimmerHMM},{GeneMark_model.4813_t;GeneMark}
77893	77524	internal-	4	4	{Augustus_model.g3797.t1;Augustus},{GlimmerHMM_glimmerT_4504-T1;GlimmerHMM},{GeneMark_model.4813_t;GeneMark}
77959	77894	INTRON			{Augustus_model.g3797.t1;Augustus},{GlimmerHMM_glimmerT_4504-T1;GlimmerHMM},{GeneMark_model.4813_t;GeneMark}
78015	77960	internal-	5	6	{Augustus_model.g3797.t1;Augustus},{GlimmerHMM_glimmerT_4504-T1;GlimmerHMM},{GeneMark_model.4813_t;GeneMark}
78084	78016	INTRON			{Augustus_model.g3797.t1;Augustus},{GlimmerHMM_glimmerT_4504-T1;GlimmerHMM},{GeneMark_model.4813_t;GeneMark}
79113	78085	internal-	5	4	{Augustus_model.g3797.t1;Augustus},{GeneMark_model.4813_t;GeneMark}
79174	79114	INTRON			{Augustus_model.g3797.t1;Augustus},{GeneMark_model.4813_t;GeneMark}
79244	79175	initial-	4	4	{Augustus_model.g3797.t1;Augustus},{GeneMark_model.4813_t;GeneMark}

# EVM prediction: Mode:STANDARD S-ratio: 2.34 79946-82225 orient(+) score(6580.00) noncoding_equivalent(2809.09) raw_noncoding(3873.00) offset(1063.91) 
79946	80160	initial+	1	2	{GeneMark_model.4814_t;GeneMark},{Augustus_model.g3798.t1;Augustus}
80161	80215	INTRON			{GeneMark_model.4814_t;GeneMark},{Augustus_model.g3798.t1;Augustus}
80216	80335	internal+	3	2	{GeneMark_model.4814_t;GeneMark},{Augustus_model.g3798.t1;Augustus},{GlimmerHMM_glimmerT_4505-T1;GlimmerHMM}
80336	80428	INTRON			{GeneMark_model.4814_t;GeneMark},{GlimmerHMM_glimmerT_4505-T1;GlimmerHMM}
80429	80708	internal+	3	3	{GeneMark_model.4814_t;GeneMark}
80709	80800	INTRON			{GeneMark_model.4814_t;GeneMark},{Augustus_model.g3798.t1;Augustus}
80801	80976	internal+	1	2	{GeneMark_model.4814_t;GeneMark},{Augustus_model.g3798.t1;Augustus},{GlimmerHMM_glimmerT_4505-T1;GlimmerHMM}
80977	81041	INTRON			{GeneMark_model.4814_t;GeneMark},{Augustus_model.g3798.t1;Augustus},{GlimmerHMM_glimmerT_4505-T1;GlimmerHMM}
81042	81146	internal+	3	2	{GeneMark_model.4814_t;GeneMark},{Augustus_model.g3798.t1;Augustus},{GlimmerHMM_glimmerT_4505-T1;GlimmerHMM}
81147	81223	INTRON			{GeneMark_model.4814_t;GeneMark},{Augustus_model.g3798.t1;Augustus},{GlimmerHMM_glimmerT_4505-T1;GlimmerHMM}
81224	81382	internal+	3	2	{GeneMark_model.4814_t;GeneMark},{Augustus_model.g3798.t1;Augustus}
81383	81448	INTRON			{GeneMark_model.4814_t;GeneMark},{Augustus_model.g3798.t1;Augustus}
81449	81524	internal+	3	3	{GeneMark_model.4814_t;GeneMark},{Augustus_model.g3798.t1;Augustus}
81525	81613	INTRON			{GeneMark_model.4814_t;GeneMark},{Augustus_model.g3798.t1;Augustus}
81614	81708	internal+	1	2	{GeneMark_model.4814_t;GeneMark},{Augustus_model.g3798.t1;Augustus}
81709	81774	INTRON			{GeneMark_model.4814_t;GeneMark},{Augustus_model.g3798.t1;Augustus}
81775	82225	terminal+	3	3	{GeneMark_model.4814_t;GeneMark},{snap_scaffold_11-snap.83-T1;snap},{Augustus_model.g3798.t1;Augustus},{GlimmerHMM_glimmerT_4505-T1;GlimmerHMM}

# EVM prediction: Mode:STANDARD S-ratio: 1.58 82867-84594 orient(-) score(4535.00) noncoding_equivalent(2871.54) raw_noncoding(3770.25) offset(898.71) 
83163	82867	terminal-	4	6	{GlimmerHMM_glimmerT_4506-T1;GlimmerHMM},{snap_scaffold_11-snap.84-T1;snap}
83220	83164	INTRON			{Augustus_model.g3799.t1;Augustus},{GlimmerHMM_glimmerT_4506-T1;GlimmerHMM},{GeneMark_model.4815_t;GeneMark}
83304	83221	internal-	4	6	{Augustus_model.g3799.t1;Augustus},{GlimmerHMM_glimmerT_4506-T1;GlimmerHMM},{GeneMark_model.4815_t;GeneMark}
83359	83305	INTRON			{Augustus_model.g3799.t1;Augustus},{GlimmerHMM_glimmerT_4506-T1;GlimmerHMM},{GeneMark_model.4815_t;GeneMark}
83416	83360	internal-	4	6	{Augustus_model.g3799.t1;Augustus},{GlimmerHMM_glimmerT_4506-T1;GlimmerHMM},{GeneMark_model.4815_t;GeneMark}
83487	83417	INTRON			{Augustus_model.g3799.t1;Augustus},{GlimmerHMM_glimmerT_4506-T1;GlimmerHMM},{GeneMark_model.4815_t;GeneMark}
83599	83488	internal-	6	6	{Augustus_model.g3799.t1;Augustus},{GlimmerHMM_glimmerT_4506-T1;GlimmerHMM},{GeneMark_model.4815_t;GeneMark}
83671	83600	INTRON			{Augustus_model.g3799.t1;Augustus},{GlimmerHMM_glimmerT_4506-T1;GlimmerHMM},{GeneMark_model.4815_t;GeneMark}
83769	83672	internal-	4	5	{Augustus_model.g3799.t1;Augustus},{GeneMark_model.4815_t;GeneMark}
83836	83770	INTRON			{Augustus_model.g3799.t1;Augustus},{GeneMark_model.4815_t;GeneMark}
83930	83837	internal-	6	6	{Augustus_model.g3799.t1;Augustus},{GeneMark_model.4815_t;GeneMark}
83987	83931	INTRON			{Augustus_model.g3799.t1;Augustus},{GeneMark_model.4815_t;GeneMark}
84134	83988	internal-	6	5	{Augustus_model.g3799.t1;Augustus},{GeneMark_model.4815_t;GeneMark}
84211	84135	INTRON			{Augustus_model.g3799.t1;Augustus},{GeneMark_model.4815_t;GeneMark}
84340	84212	internal-	6	5	{Augustus_model.g3799.t1;Augustus},{GeneMark_model.4815_t;GeneMark}
84454	84341	INTRON			{Augustus_model.g3799.t1;Augustus},{GeneMark_model.4815_t;GeneMark}
84594	84455	initial-	4	5	{Augustus_model.g3799.t1;Augustus},{GeneMark_model.4815_t;GeneMark}

# EVM prediction: Mode:STANDARD S-ratio: 2.94 84924-85667 orient(-) score(2598.00) noncoding_equivalent(882.97) raw_noncoding(1026.00) offset(143.03) 
85036	84924	terminal-	5	6	{Augustus_model.g3800.t1;Augustus},{GlimmerHMM_glimmerT_4507-T1;GlimmerHMM},{GeneMark_model.4816_t;GeneMark}
85102	85037	INTRON			{Augustus_model.g3800.t1;Augustus},{GlimmerHMM_glimmerT_4507-T1;GlimmerHMM},{GeneMark_model.4816_t;GeneMark}
85165	85103	internal-	5	4	{Augustus_model.g3800.t1;Augustus},{GlimmerHMM_glimmerT_4507-T1;GlimmerHMM},{GeneMark_model.4816_t;GeneMark}
85234	85166	INTRON			{Augustus_model.g3800.t1;Augustus},{GlimmerHMM_glimmerT_4507-T1;GlimmerHMM},{GeneMark_model.4816_t;GeneMark}
85477	85235	internal-	5	4	{Augustus_model.g3800.t1;Augustus},{GlimmerHMM_glimmerT_4507-T1;GlimmerHMM},{GeneMark_model.4816_t;GeneMark}
85603	85478	INTRON			{Augustus_model.g3800.t1;Augustus},{GlimmerHMM_glimmerT_4507-T1;GlimmerHMM},{GeneMark_model.4816_t;GeneMark}
85667	85604	initial-	4	4	{Augustus_model.g3800.t1;Augustus},{GlimmerHMM_glimmerT_4507-T1;GlimmerHMM},{GeneMark_model.4816_t;GeneMark}

# EVM prediction: Mode:STANDARD S-ratio: 1.28 87603-88148 orient(+) score(1223.00) noncoding_equivalent(957.47) raw_noncoding(1476.00) offset(518.53) 
87603	87631	initial+	1	2	{GeneMark_model.4817_t;GeneMark},{Augustus_model.g3801.t1;Augustus}
87632	87676	INTRON			{GeneMark_model.4817_t;GeneMark},{Augustus_model.g3801.t1;Augustus}
87677	87750	internal+	3	1	{GeneMark_model.4817_t;GeneMark},{Augustus_model.g3801.t1;Augustus}
87751	87813	INTRON			{GeneMark_model.4817_t;GeneMark},{Augustus_model.g3801.t1;Augustus}
87814	87858	internal+	2	1	{GeneMark_model.4817_t;GeneMark},{Augustus_model.g3801.t1;Augustus}
87859	87934	INTRON			{GeneMark_model.4817_t;GeneMark},{Augustus_model.g3801.t1;Augustus}
87935	87962	internal+	2	2	{GeneMark_model.4817_t;GeneMark},{Augustus_model.g3801.t1;Augustus}
87963	88045	INTRON			{GeneMark_model.4817_t;GeneMark},{Augustus_model.g3801.t1;Augustus}
88046	88148	terminal+	3	3	{GeneMark_model.4817_t;GeneMark},{Augustus_model.g3801.t1;Augustus}

# EVM prediction: Mode:STANDARD S-ratio: 5.84 89961-92025 orient(+) score(7407.00) noncoding_equivalent(1268.07) raw_noncoding(1462.00) offset(193.93) 
89961	89999	initial+	1	3	{Augustus_model.g3802.t1;Augustus},{GlimmerHMM_glimmerT_4509-T1;GlimmerHMM},{GeneMark_model.4818_t;GeneMark}
90000	90085	INTRON			{Augustus_model.g3802.t1;Augustus},{GlimmerHMM_glimmerT_4509-T1;GlimmerHMM},{GeneMark_model.4818_t;GeneMark}
90086	91346	internal+	1	1	{Augustus_model.g3802.t1;Augustus},{GlimmerHMM_glimmerT_4509-T1;GlimmerHMM},{GeneMark_model.4818_t;GeneMark}
91347	91410	INTRON			{Augustus_model.g3802.t1;Augustus},{GlimmerHMM_glimmerT_4509-T1;GlimmerHMM},{GeneMark_model.4818_t;GeneMark}
91411	91772	internal+	2	3	{Augustus_model.g3802.t1;Augustus},{GlimmerHMM_glimmerT_4509-T1;GlimmerHMM},{GeneMark_model.4818_t;GeneMark}
91773	91836	INTRON			{Augustus_model.g3802.t1;Augustus},{GlimmerHMM_glimmerT_4509-T1;GlimmerHMM},{GeneMark_model.4818_t;GeneMark}
91837	92025	terminal+	1	3	{Augustus_model.g3802.t1;Augustus},{GlimmerHMM_glimmerT_4509-T1;GlimmerHMM},{GeneMark_model.4818_t;GeneMark}

# EVM prediction: Mode:STANDARD S-ratio: 1.72 92213-92924 orient(-) score(1895.00) noncoding_equivalent(1103.89) raw_noncoding(1478.19) offset(374.30) 
92299	92213	terminal-	4	6	{GeneMark_model.4819_t;GeneMark},{Augustus_model.g3803.t1;Augustus}
92371	92300	INTRON			{GeneMark_model.4819_t;GeneMark},{Augustus_model.g3803.t1;Augustus}
92544	92372	internal-	5	6	{GlimmerHMM_glimmerT_4510-T1;GlimmerHMM},{Augustus_model.g3803.t1;Augustus}
92617	92545	INTRON			{GlimmerHMM_glimmerT_4510-T1;GlimmerHMM},{Augustus_model.g3803.t1;Augustus}
92698	92618	internal-	5	4	{GlimmerHMM_glimmerT_4510-T1;GlimmerHMM},{GeneMark_model.4819_t;GeneMark},{Augustus_model.g3803.t1;Augustus}
92776	92699	INTRON			{GlimmerHMM_glimmerT_4510-T1;GlimmerHMM},{GeneMark_model.4819_t;GeneMark},{Augustus_model.g3803.t1;Augustus}
92924	92777	initial-	4	4	{GlimmerHMM_glimmerT_4510-T1;GlimmerHMM},{GeneMark_model.4819_t;GeneMark},{Augustus_model.g3803.t1;Augustus}

