!! Predictions spanning range 1640 - 131832 [R1]
# EVM prediction: Mode:STANDARD S-ratio: 2.31 1640-3997 orient(+) score(9414.00) noncoding_equivalent(4075.69) raw_noncoding(5215.21) offset(1139.52) 
1640	1687	initial+	1	3	{GeneMark_model.27_t;GeneMark},{Augustus_model.g24.t1;Augustus}
1688	1812	INTRON			{GeneMark_model.27_t;GeneMark},{Augustus_model.g24.t1;Augustus}
1813	1825	internal+	1	1	{GeneMark_model.27_t;GeneMark},{Augustus_model.g24.t1;Augustus}
1826	1899	INTRON			{GeneMark_model.27_t;GeneMark},{Augustus_model.g24.t1;Augustus}
1900	1969	internal+	2	2	{GlimmerHMM_glimmerT_22-T1;GlimmerHMM},{GeneMark_model.27_t;GeneMark},{Augustus_model.g24.t1;Augustus}
1970	2172	INTRON			{GlimmerHMM_glimmerT_22-T1;GlimmerHMM},{GeneMark_model.27_t;GeneMark},{Augustus_model.g24.t1;Augustus},{ev_type:exonerate/ID=match.2566964.286/Target=lcl|KQ954487_1_prot_KWU43676_1_4010;exonerate}
2173	2258	internal+	3	1	{GlimmerHMM_glimmerT_22-T1;GlimmerHMM},{GeneMark_model.27_t;GeneMark},{Augustus_model.g24.t1;Augustus},{ev_type:exonerate/ID=match.2566964.286/Target=lcl|KQ954487_1_prot_KWU43676_1_4010;exonerate}
2259	2389	INTRON			{GlimmerHMM_glimmerT_22-T1;GlimmerHMM},{GeneMark_model.27_t;GeneMark},{Augustus_model.g24.t1;Augustus},{ev_type:exonerate/ID=match.2566964.286/Target=lcl|KQ954487_1_prot_KWU43676_1_4010;exonerate}
2390	2511	internal+	2	3	{GlimmerHMM_glimmerT_22-T1;GlimmerHMM},{GeneMark_model.27_t;GeneMark},{Augustus_model.g24.t1;Augustus},{ev_type:exonerate/ID=match.2566964.286/Target=lcl|KQ954487_1_prot_KWU43676_1_4010;exonerate}
2512	2587	INTRON			{GlimmerHMM_glimmerT_22-T1;GlimmerHMM},{GeneMark_model.27_t;GeneMark},{Augustus_model.g24.t1;Augustus},{ev_type:exonerate/ID=match.2566964.286/Target=lcl|KQ954487_1_prot_KWU43676_1_4010;exonerate}
2588	2815	internal+	1	3	{GlimmerHMM_glimmerT_22-T1;GlimmerHMM},{GeneMark_model.27_t;GeneMark},{Augustus_model.g24.t1;Augustus},{ev_type:exonerate/ID=match.2566964.286/Target=lcl|KQ954487_1_prot_KWU43676_1_4010;exonerate}
2816	2884	INTRON			{GlimmerHMM_glimmerT_22-T1;GlimmerHMM},{GeneMark_model.27_t;GeneMark},{Augustus_model.g24.t1;Augustus},{ev_type:exonerate/ID=match.2566964.286/Target=lcl|KQ954487_1_prot_KWU43676_1_4010;exonerate}
2885	2980	internal+	1	3	{GlimmerHMM_glimmerT_22-T1;GlimmerHMM},{GeneMark_model.27_t;GeneMark},{Augustus_model.g24.t1;Augustus},{ev_type:exonerate/ID=match.2566964.286/Target=lcl|KQ954487_1_prot_KWU43676_1_4010;exonerate}
2981	3050	INTRON			{GlimmerHMM_glimmerT_22-T1;GlimmerHMM},{GeneMark_model.27_t;GeneMark},{Augustus_model.g24.t1;Augustus},{ev_type:exonerate/ID=match.2566964.286/Target=lcl|KQ954487_1_prot_KWU43676_1_4010;exonerate}
3051	3289	internal+	1	2	{GlimmerHMM_glimmerT_22-T1;GlimmerHMM},{GeneMark_model.27_t;GeneMark},{Augustus_model.g24.t1;Augustus},{ev_type:exonerate/ID=match.2566964.286/Target=lcl|KQ954487_1_prot_KWU43676_1_4010;exonerate}
3290	3402	INTRON			{GlimmerHMM_glimmerT_22-T1;GlimmerHMM},{GeneMark_model.27_t;GeneMark},{Augustus_model.g24.t1;Augustus},{ev_type:exonerate/ID=match.2566964.286/Target=lcl|KQ954487_1_prot_KWU43676_1_4010;exonerate}
3403	3457	internal+	3	3	{GlimmerHMM_glimmerT_22-T1;GlimmerHMM},{GeneMark_model.27_t;GeneMark},{Augustus_model.g24.t1;Augustus},{ev_type:exonerate/ID=match.2566964.286/Target=lcl|KQ954487_1_prot_KWU43676_1_4010;exonerate}
3458	3563	INTRON			{GlimmerHMM_glimmerT_22-T1;GlimmerHMM},{GeneMark_model.27_t;GeneMark},{Augustus_model.g24.t1;Augustus},{ev_type:exonerate/ID=match.2566964.286/Target=lcl|KQ954487_1_prot_KWU43676_1_4010;exonerate}
3564	3621	internal+	1	1	{GlimmerHMM_glimmerT_22-T1;GlimmerHMM},{GeneMark_model.27_t;GeneMark},{Augustus_model.g24.t1;Augustus},{ev_type:exonerate/ID=match.2566964.286/Target=lcl|KQ954487_1_prot_KWU43676_1_4010;exonerate}
3622	3717	INTRON			{GlimmerHMM_glimmerT_22-T1;GlimmerHMM},{GeneMark_model.27_t;GeneMark},{Augustus_model.g24.t1;Augustus},{ev_type:exonerate/ID=match.2566964.286/Target=lcl|KQ954487_1_prot_KWU43676_1_4010;exonerate}
3718	3775	internal+	2	2	{GlimmerHMM_glimmerT_22-T1;GlimmerHMM},{GeneMark_model.27_t;GeneMark},{Augustus_model.g24.t1;Augustus},{ev_type:exonerate/ID=match.2566964.286/Target=lcl|KQ954487_1_prot_KWU43676_1_4010;exonerate}
3776	3891	INTRON			{GlimmerHMM_glimmerT_22-T1;GlimmerHMM},{GeneMark_model.27_t;GeneMark},{Augustus_model.g24.t1;Augustus},{ev_type:exonerate/ID=match.2566964.286/Target=lcl|KQ954487_1_prot_KWU43676_1_4010;exonerate}
3892	3997	terminal+	3	3	{GlimmerHMM_glimmerT_22-T1;GlimmerHMM},{GeneMark_model.27_t;GeneMark}

# EVM prediction: Mode:STANDARD S-ratio: 2.74 4478-6074 orient(+) score(8786.00) noncoding_equivalent(3201.00) raw_noncoding(4039.00) offset(838.00) 
4478	4565	initial+	1	1	{GeneMark_model.28_t;GeneMark},{GlimmerHMM_glimmerT_23-T1;GlimmerHMM}
4566	4987	INTRON			{GeneMark_model.28_t;GeneMark},{GlimmerHMM_glimmerT_23-T1;GlimmerHMM},{Augustus_model.g24.t1;Augustus},{ev_type:exonerate/ID=match.2566964.426/Target=lcl|PJQD01000063_1_prot_POY71985_1_5356;exonerate},{ev_type:exonerate/ID=match.2566964.417/Target=lcl|KQ954487_1_prot_KWU43677_1_4011;exonerate}
4988	5065	internal+	2	1	{GeneMark_model.28_t;GeneMark},{GlimmerHMM_glimmerT_23-T1;GlimmerHMM},{Augustus_model.g24.t1;Augustus},{ev_type:exonerate/ID=match.2566964.426/Target=lcl|PJQD01000063_1_prot_POY71985_1_5356;exonerate},{ev_type:exonerate/ID=match.2566964.417/Target=lcl|KQ954487_1_prot_KWU43677_1_4011;exonerate}
5066	5147	INTRON			{GeneMark_model.28_t;GeneMark},{GlimmerHMM_glimmerT_23-T1;GlimmerHMM},{Augustus_model.g24.t1;Augustus},{ev_type:exonerate/ID=match.2566964.461/Target=lcl|NW_017264928_1_prot_XP_018274735_1_795;exonerate},{ev_type:exonerate/ID=match.2566964.426/Target=lcl|PJQD01000063_1_prot_POY71985_1_5356;exonerate},{ev_type:exonerate/ID=match.2566964.417/Target=lcl|KQ954487_1_prot_KWU43677_1_4011;exonerate}
5148	5218	internal+	2	3	{GeneMark_model.28_t;GeneMark},{GlimmerHMM_glimmerT_23-T1;GlimmerHMM},{Augustus_model.g24.t1;Augustus},{ev_type:exonerate/ID=match.2566964.461/Target=lcl|NW_017264928_1_prot_XP_018274735_1_795;exonerate},{ev_type:exonerate/ID=match.2566964.426/Target=lcl|PJQD01000063_1_prot_POY71985_1_5356;exonerate},{ev_type:exonerate/ID=match.2566964.417/Target=lcl|KQ954487_1_prot_KWU43677_1_4011;exonerate}
5219	5295	INTRON			{GeneMark_model.28_t;GeneMark},{GlimmerHMM_glimmerT_23-T1;GlimmerHMM},{Augustus_model.g24.t1;Augustus},{ev_type:exonerate/ID=match.2566964.461/Target=lcl|NW_017264928_1_prot_XP_018274735_1_795;exonerate},{ev_type:exonerate/ID=match.2566964.426/Target=lcl|PJQD01000063_1_prot_POY71985_1_5356;exonerate},{ev_type:exonerate/ID=match.2566964.417/Target=lcl|KQ954487_1_prot_KWU43677_1_4011;exonerate}
5296	5368	internal+	1	1	{GeneMark_model.28_t;GeneMark},{GlimmerHMM_glimmerT_23-T1;GlimmerHMM},{Augustus_model.g24.t1;Augustus},{ev_type:exonerate/ID=match.2566964.461/Target=lcl|NW_017264928_1_prot_XP_018274735_1_795;exonerate},{ev_type:exonerate/ID=match.2566964.426/Target=lcl|PJQD01000063_1_prot_POY71985_1_5356;exonerate},{ev_type:exonerate/ID=match.2566964.417/Target=lcl|KQ954487_1_prot_KWU43677_1_4011;exonerate}
5369	5451	INTRON			{GeneMark_model.28_t;GeneMark},{GlimmerHMM_glimmerT_23-T1;GlimmerHMM},{Augustus_model.g24.t1;Augustus},{ev_type:exonerate/ID=match.2566964.461/Target=lcl|NW_017264928_1_prot_XP_018274735_1_795;exonerate},{ev_type:exonerate/ID=match.2566964.426/Target=lcl|PJQD01000063_1_prot_POY71985_1_5356;exonerate},{ev_type:exonerate/ID=match.2566964.417/Target=lcl|KQ954487_1_prot_KWU43677_1_4011;exonerate}
5452	5582	internal+	2	3	{GeneMark_model.28_t;GeneMark},{GlimmerHMM_glimmerT_23-T1;GlimmerHMM},{Augustus_model.g24.t1;Augustus},{ev_type:exonerate/ID=match.2566964.461/Target=lcl|NW_017264928_1_prot_XP_018274735_1_795;exonerate},{ev_type:exonerate/ID=match.2566964.426/Target=lcl|PJQD01000063_1_prot_POY71985_1_5356;exonerate},{ev_type:exonerate/ID=match.2566964.417/Target=lcl|KQ954487_1_prot_KWU43677_1_4011;exonerate}
5583	5647	INTRON			{GeneMark_model.28_t;GeneMark},{GlimmerHMM_glimmerT_23-T1;GlimmerHMM},{Augustus_model.g24.t1;Augustus},{ev_type:exonerate/ID=match.2566964.461/Target=lcl|NW_017264928_1_prot_XP_018274735_1_795;exonerate},{ev_type:exonerate/ID=match.2566964.426/Target=lcl|PJQD01000063_1_prot_POY71985_1_5356;exonerate},{ev_type:exonerate/ID=match.2566964.417/Target=lcl|KQ954487_1_prot_KWU43677_1_4011;exonerate}
5648	5794	internal+	1	3	{GeneMark_model.28_t;GeneMark},{GlimmerHMM_glimmerT_23-T1;GlimmerHMM},{Augustus_model.g24.t1;Augustus},{ev_type:exonerate/ID=match.2566964.426/Target=lcl|PJQD01000063_1_prot_POY71985_1_5356;exonerate},{ev_type:exonerate/ID=match.2566964.417/Target=lcl|KQ954487_1_prot_KWU43677_1_4011;exonerate}
5795	5879	INTRON			{GeneMark_model.28_t;GeneMark},{GlimmerHMM_glimmerT_23-T1;GlimmerHMM},{Augustus_model.g24.t1;Augustus},{ev_type:exonerate/ID=match.2566964.426/Target=lcl|PJQD01000063_1_prot_POY71985_1_5356;exonerate},{ev_type:exonerate/ID=match.2566964.417/Target=lcl|KQ954487_1_prot_KWU43677_1_4011;exonerate}
5880	6074	terminal+	1	3	{GeneMark_model.28_t;GeneMark},{GlimmerHMM_glimmerT_23-T1;GlimmerHMM},{Augustus_model.g24.t1;Augustus}

# EVM prediction: Mode:STANDARD S-ratio: 4.65 6696-10324 orient(+) score(12390.00) noncoding_equivalent(2665.09) raw_noncoding(2960.00) offset(294.91) 
6696	7071	initial+	1	1	{Augustus_model.g25.t1;Augustus},{GeneMark_model.29_t;GeneMark},{GlimmerHMM_glimmerT_24-T1;GlimmerHMM}
7072	7148	INTRON			{Augustus_model.g25.t1;Augustus},{GeneMark_model.29_t;GeneMark},{GlimmerHMM_glimmerT_24-T1;GlimmerHMM}
7149	7541	internal+	2	1	{Augustus_model.g25.t1;Augustus},{GeneMark_model.29_t;GeneMark},{GlimmerHMM_glimmerT_24-T1;GlimmerHMM}
7542	7606	INTRON			{Augustus_model.g25.t1;Augustus},{GeneMark_model.29_t;GeneMark},{GlimmerHMM_glimmerT_24-T1;GlimmerHMM}
7607	8142	internal+	2	3	{Augustus_model.g25.t1;Augustus},{GeneMark_model.29_t;GeneMark},{GlimmerHMM_glimmerT_24-T1;GlimmerHMM}
8143	8212	INTRON			{Augustus_model.g25.t1;Augustus},{GeneMark_model.29_t;GeneMark},{GlimmerHMM_glimmerT_24-T1;GlimmerHMM}
8213	8768	internal+	1	1	{Augustus_model.g25.t1;Augustus},{GeneMark_model.29_t;GeneMark},{GlimmerHMM_glimmerT_24-T1;GlimmerHMM}
8769	8834	INTRON			{Augustus_model.g25.t1;Augustus},{GeneMark_model.29_t;GeneMark},{GlimmerHMM_glimmerT_24-T1;GlimmerHMM}
8835	10324	terminal+	2	3	{Augustus_model.g25.t1;Augustus},{snap_scaffold_1-snap.20-T1;snap},{GeneMark_model.29_t;GeneMark},{GlimmerHMM_glimmerT_24-T1;GlimmerHMM}

# EVM prediction: Mode:STANDARD S-ratio: 2.14 10686-10977 orient(-) score(876.00) noncoding_equivalent(410.00) raw_noncoding(475.00) offset(65.00) 
10778	10686	terminal-	4	6	{GlimmerHMM_glimmerT_25-T1;GlimmerHMM},{Augustus_model.g26.t1;Augustus},{GeneMark_model.30_t;GeneMark}
10839	10779	INTRON			{GlimmerHMM_glimmerT_25-T1;GlimmerHMM},{Augustus_model.g26.t1;Augustus},{GeneMark_model.30_t;GeneMark}
10977	10840	initial-	4	6	{Augustus_model.g26.t1;Augustus},{GeneMark_model.30_t;GeneMark}

# EVM prediction: Mode:STANDARD S-ratio: 26.55 11153-14389 orient(-) score(12712.00) noncoding_equivalent(478.81) raw_noncoding(486.81) offset(8.00) 
14107	11153	terminal-	4	6	{GeneMark_model.31_t;GeneMark},{Augustus_model.g27.t1;Augustus},{snap_scaffold_1-snap.21-T1;snap}
14170	14108	INTRON			{GlimmerHMM_glimmerT_25-T1;GlimmerHMM},{GeneMark_model.31_t;GeneMark},{Augustus_model.g27.t1;Augustus},{snap_scaffold_1-snap.21-T1;snap}
14389	14171	initial-	4	6	{GlimmerHMM_glimmerT_25-T1;GlimmerHMM},{GeneMark_model.31_t;GeneMark},{Augustus_model.g27.t1;Augustus}

# EVM prediction: Mode:STANDARD S-ratio: 2.87 15838-18894 orient(+) score(10073.00) noncoding_equivalent(3509.02) raw_noncoding(4098.00) offset(588.98) 
15838	16042	initial+	1	1	{GeneMark_model.32_t;GeneMark},{GlimmerHMM_glimmerT_26-T1;GlimmerHMM},{Augustus_model.g28.t1;Augustus}
16043	16101	INTRON			{GeneMark_model.32_t;GeneMark},{GlimmerHMM_glimmerT_26-T1;GlimmerHMM},{Augustus_model.g28.t1;Augustus}
16102	16212	internal+	2	1	{GeneMark_model.32_t;GeneMark},{GlimmerHMM_glimmerT_26-T1;GlimmerHMM},{Augustus_model.g28.t1;Augustus}
16213	16273	INTRON			{GeneMark_model.32_t;GeneMark},{GlimmerHMM_glimmerT_26-T1;GlimmerHMM},{Augustus_model.g28.t1;Augustus}
16274	16564	internal+	2	1	{GeneMark_model.32_t;GeneMark},{GlimmerHMM_glimmerT_26-T1;GlimmerHMM},{Augustus_model.g28.t1;Augustus}
16565	16695	INTRON			{GeneMark_model.32_t;GeneMark},{GlimmerHMM_glimmerT_26-T1;GlimmerHMM},{Augustus_model.g28.t1;Augustus}
16696	16925	internal+	2	3	{GeneMark_model.32_t;GeneMark},{GlimmerHMM_glimmerT_26-T1;GlimmerHMM},{Augustus_model.g28.t1;Augustus}
16926	16984	INTRON			{GeneMark_model.32_t;GeneMark},{GlimmerHMM_glimmerT_26-T1;GlimmerHMM},{Augustus_model.g28.t1;Augustus}
16985	17024	internal+	1	1	{GeneMark_model.32_t;GeneMark},{GlimmerHMM_glimmerT_26-T1;GlimmerHMM},{Augustus_model.g28.t1;Augustus}
17025	17101	INTRON			{GeneMark_model.32_t;GeneMark},{GlimmerHMM_glimmerT_26-T1;GlimmerHMM},{Augustus_model.g28.t1;Augustus}
17102	17422	internal+	2	1	{GeneMark_model.32_t;GeneMark},{GlimmerHMM_glimmerT_26-T1;GlimmerHMM},{Augustus_model.g28.t1;Augustus}
17423	17478	INTRON			{GeneMark_model.32_t;GeneMark},{GlimmerHMM_glimmerT_26-T1;GlimmerHMM},{Augustus_model.g28.t1;Augustus}
17479	17828	internal+	2	3	{GeneMark_model.32_t;GeneMark},{GlimmerHMM_glimmerT_26-T1;GlimmerHMM},{Augustus_model.g28.t1;Augustus}
17829	17886	INTRON			{GeneMark_model.32_t;GeneMark},{GlimmerHMM_glimmerT_26-T1;GlimmerHMM},{Augustus_model.g28.t1;Augustus}
17887	18210	internal+	1	3	{GeneMark_model.32_t;GeneMark},{GlimmerHMM_glimmerT_26-T1;GlimmerHMM},{Augustus_model.g28.t1;Augustus}
18211	18272	INTRON			{GeneMark_model.32_t;GeneMark},{GlimmerHMM_glimmerT_26-T1;GlimmerHMM},{Augustus_model.g28.t1;Augustus}
18273	18334	internal+	1	2	{GeneMark_model.32_t;GeneMark},{GlimmerHMM_glimmerT_26-T1;GlimmerHMM},{Augustus_model.g28.t1;Augustus}
18335	18398	INTRON			{GeneMark_model.32_t;GeneMark},{GlimmerHMM_glimmerT_26-T1;GlimmerHMM},{Augustus_model.g28.t1;Augustus}
18399	18582	internal+	3	3	{GeneMark_model.32_t;GeneMark},{GlimmerHMM_glimmerT_26-T1;GlimmerHMM},{Augustus_model.g28.t1;Augustus}
18583	18654	INTRON			{GeneMark_model.32_t;GeneMark},{GlimmerHMM_glimmerT_26-T1;GlimmerHMM},{Augustus_model.g28.t1;Augustus}
18655	18894	terminal+	1	3	{snap_scaffold_1-snap.24-T1;snap},{GeneMark_model.32_t;GeneMark},{GlimmerHMM_glimmerT_26-T1;GlimmerHMM},{Augustus_model.g28.t1;Augustus}

# EVM prediction: Mode:STANDARD S-ratio: 4.32 19136-20024 orient(+) score(3606.00) noncoding_equivalent(834.00) raw_noncoding(901.00) offset(67.00) 
19136	19475	initial+	1	1	{Augustus_model.g29.t1;Augustus},{GlimmerHMM_glimmerT_27-T1;GlimmerHMM},{GeneMark_model.33_t;GeneMark}
19476	19533	INTRON			{Augustus_model.g29.t1;Augustus},{GlimmerHMM_glimmerT_27-T1;GlimmerHMM},{GeneMark_model.33_t;GeneMark},{ev_type:exonerate/ID=match.2566964.411/Target=lcl|KQ954472_1_prot_KWU45401_1_2243;exonerate}
19534	19691	internal+	2	3	{Augustus_model.g29.t1;Augustus},{GeneMark_model.33_t;GeneMark},{ev_type:exonerate/ID=match.2566964.411/Target=lcl|KQ954472_1_prot_KWU45401_1_2243;exonerate}
19692	19748	INTRON			{Augustus_model.g29.t1;Augustus},{GeneMark_model.33_t;GeneMark},{ev_type:exonerate/ID=match.2566964.411/Target=lcl|KQ954472_1_prot_KWU45401_1_2243;exonerate}
19749	19827	internal+	1	1	{Augustus_model.g29.t1;Augustus},{GeneMark_model.33_t;GeneMark}
19828	19905	INTRON			{Augustus_model.g29.t1;Augustus},{GlimmerHMM_glimmerT_27-T1;GlimmerHMM},{GeneMark_model.33_t;GeneMark}
19906	20024	terminal+	2	3	{Augustus_model.g29.t1;Augustus},{GlimmerHMM_glimmerT_27-T1;GlimmerHMM},{GeneMark_model.33_t;GeneMark}

# EVM prediction: Mode:STANDARD S-ratio: 14.36 20605-21501 orient(-) score(3474.00) noncoding_equivalent(242.00) raw_noncoding(255.00) offset(13.00) 
20652	20605	terminal-	4	6	{Augustus_model.g30.t1;Augustus},{GlimmerHMM_glimmerT_28-T1;GlimmerHMM},{GeneMark_model.34_t;GeneMark}
20718	20653	INTRON			{Augustus_model.g30.t1;Augustus},{GlimmerHMM_glimmerT_28-T1;GlimmerHMM},{GeneMark_model.34_t;GeneMark}
21501	20719	initial-	4	6	{Augustus_model.g30.t1;Augustus},{GlimmerHMM_glimmerT_28-T1;GlimmerHMM},{GeneMark_model.34_t;GeneMark}

# EVM prediction: Mode:STANDARD S-ratio: 3.33 22336-25265 orient(+) score(9637.00) noncoding_equivalent(2893.33) raw_noncoding(3352.67) offset(459.34) 
22336	23027	initial+	1	2	{GlimmerHMM_glimmerT_29-T1;GlimmerHMM},{Augustus_model.g31.t1;Augustus},{GeneMark_model.35_t;GeneMark}
23028	23103	INTRON			{GlimmerHMM_glimmerT_29-T1;GlimmerHMM},{Augustus_model.g31.t1;Augustus},{GeneMark_model.35_t;GeneMark}
23104	23484	internal+	3	2	{GlimmerHMM_glimmerT_29-T1;GlimmerHMM},{Augustus_model.g31.t1;Augustus},{GeneMark_model.35_t;GeneMark}
23485	23551	INTRON			{GlimmerHMM_glimmerT_29-T1;GlimmerHMM},{Augustus_model.g31.t1;Augustus},{GeneMark_model.35_t;GeneMark}
23552	23636	internal+	3	3	{GlimmerHMM_glimmerT_29-T1;GlimmerHMM},{Augustus_model.g31.t1;Augustus},{GeneMark_model.35_t;GeneMark}
23637	23710	INTRON			{GlimmerHMM_glimmerT_29-T1;GlimmerHMM},{Augustus_model.g31.t1;Augustus},{GeneMark_model.35_t;GeneMark}
23711	23861	internal+	1	1	{Augustus_model.g31.t1;Augustus},{GeneMark_model.35_t;GeneMark}
23862	23921	INTRON			{Augustus_model.g31.t1;Augustus},{GeneMark_model.35_t;GeneMark}
23922	24031	internal+	2	3	{Augustus_model.g31.t1;Augustus},{GeneMark_model.35_t;GeneMark}
24032	24094	INTRON			{GlimmerHMM_glimmerT_29-T1;GlimmerHMM},{Augustus_model.g31.t1;Augustus},{GeneMark_model.35_t;GeneMark}
24095	24187	internal+	1	3	{GlimmerHMM_glimmerT_29-T1;GlimmerHMM},{Augustus_model.g31.t1;Augustus},{GeneMark_model.35_t;GeneMark}
24188	24256	INTRON			{GlimmerHMM_glimmerT_29-T1;GlimmerHMM},{Augustus_model.g31.t1;Augustus},{GeneMark_model.35_t;GeneMark}
24257	24916	internal+	1	3	{GlimmerHMM_glimmerT_29-T1;GlimmerHMM},{GeneMark_model.35_t;GeneMark}
24917	24986	INTRON			{GlimmerHMM_glimmerT_29-T1;GlimmerHMM},{Augustus_model.g31.t1;Augustus},{GeneMark_model.35_t;GeneMark}
24987	25265	terminal+	1	3	{snap_scaffold_1-snap.28-T1;snap},{GlimmerHMM_glimmerT_29-T1;GlimmerHMM},{Augustus_model.g31.t1;Augustus},{GeneMark_model.35_t;GeneMark}

# EVM prediction: Mode:STANDARD S-ratio: 3.30 25431-26546 orient(-) score(3215.00) noncoding_equivalent(973.31) raw_noncoding(1548.49) offset(575.18) 
25495	25431	terminal-	5	6	{Augustus_model.g32.t1;Augustus},{GeneMark_model.36_t;GeneMark}
25567	25496	INTRON			{Augustus_model.g32.t1;Augustus},{GeneMark_model.36_t;GeneMark}
26015	25568	internal-	4	4	{Augustus_model.g32.t1;Augustus},{GeneMark_model.36_t;GeneMark}
26081	26016	INTRON			{Augustus_model.g32.t1;Augustus},{GeneMark_model.36_t;GeneMark}
26144	26082	internal-	4	6	{Augustus_model.g32.t1;Augustus},{GeneMark_model.36_t;GeneMark}
26206	26145	INTRON			{GeneMark_model.36_t;GeneMark}
26287	26207	internal-	4	6	{GeneMark_model.36_t;GeneMark}
26361	26288	INTRON			{GeneMark_model.36_t;GeneMark}
26373	26362	internal-	4	6	{Augustus_model.g32.t1;Augustus},{GeneMark_model.36_t;GeneMark}
26453	26374	INTRON			{Augustus_model.g32.t1;Augustus},{GeneMark_model.36_t;GeneMark}
26546	26454	initial-	4	6	{GlimmerHMM_glimmerT_30-T1;GlimmerHMM},{GeneMark_model.36_t;GeneMark}

# EVM prediction: Mode:STANDARD S-ratio: 1.61 26698-28138 orient(+) score(3650.00) noncoding_equivalent(2274.00) raw_noncoding(2806.00) offset(532.00) 
26698	27191	initial+	1	2	{GlimmerHMM_glimmerT_31-T1;GlimmerHMM},{GeneMark_model.37_t;GeneMark},{Augustus_model.g33.t1;Augustus}
27192	27273	INTRON			{GlimmerHMM_glimmerT_31-T1;GlimmerHMM},{GeneMark_model.37_t;GeneMark},{Augustus_model.g33.t1;Augustus}
27274	27465	internal+	3	2	{GeneMark_model.37_t;GeneMark},{Augustus_model.g33.t1;Augustus}
27466	27532	INTRON			{GeneMark_model.37_t;GeneMark},{Augustus_model.g33.t1;Augustus}
27533	27601	internal+	3	2	{GeneMark_model.37_t;GeneMark},{Augustus_model.g33.t1;Augustus}
27602	27674	INTRON			{GeneMark_model.37_t;GeneMark},{Augustus_model.g33.t1;Augustus}
27675	27871	internal+	3	1	{GeneMark_model.37_t;GeneMark},{Augustus_model.g33.t1;Augustus}
27872	27956	INTRON			{GeneMark_model.37_t;GeneMark},{Augustus_model.g33.t1;Augustus}
27957	28138	terminal+	2	3	{GeneMark_model.37_t;GeneMark},{Augustus_model.g33.t1;Augustus}

# EVM prediction: Mode:STANDARD S-ratio: 1.10 28270-30133 orient(-) score(3915.00) noncoding_equivalent(3571.63) raw_noncoding(4141.00) offset(569.37) 
29078	28270	terminal-	5	6	{GeneMark_model.38_t;GeneMark}
29162	29079	INTRON			{GeneMark_model.38_t;GeneMark}
29541	29163	internal-	4	4	{GeneMark_model.38_t;GeneMark}
29595	29542	INTRON			{GeneMark_model.38_t;GeneMark}
29679	29596	internal-	4	6	{GlimmerHMM_glimmerT_32-T1;GlimmerHMM},{GeneMark_model.38_t;GeneMark},{Augustus_model.g34.t1;Augustus}
29752	29680	INTRON			{GlimmerHMM_glimmerT_32-T1;GlimmerHMM},{GeneMark_model.38_t;GeneMark},{Augustus_model.g34.t1;Augustus}
30033	29753	internal-	5	6	{GlimmerHMM_glimmerT_32-T1;GlimmerHMM},{GeneMark_model.38_t;GeneMark},{Augustus_model.g34.t1;Augustus}
30114	30034	INTRON			{GlimmerHMM_glimmerT_32-T1;GlimmerHMM},{GeneMark_model.38_t;GeneMark},{Augustus_model.g34.t1;Augustus}
30133	30115	initial-	4	4	{GeneMark_model.38_t;GeneMark},{Augustus_model.g34.t1;Augustus}

# EVM prediction: Mode:STANDARD S-ratio: 1.67 30736-31581 orient(-) score(2200.00) noncoding_equivalent(1317.12) raw_noncoding(2115.00) offset(797.88) 
30793	30736	terminal-	6	6	{Augustus_model.g35.t1;Augustus},{GeneMark_model.39_t;GeneMark}
30861	30794	INTRON			{Augustus_model.g35.t1;Augustus},{GeneMark_model.39_t;GeneMark}
31071	30862	internal-	6	5	{Augustus_model.g35.t1;Augustus},{GlimmerHMM_glimmerT_32-T1;GlimmerHMM},{GeneMark_model.39_t;GeneMark}
31127	31072	INTRON			{Augustus_model.g35.t1;Augustus},{GeneMark_model.39_t;GeneMark}
31137	31128	internal-	5	5	{Augustus_model.g35.t1;Augustus},{GeneMark_model.39_t;GeneMark}
31207	31138	INTRON			{Augustus_model.g35.t1;Augustus},{GeneMark_model.39_t;GeneMark}
31231	31208	internal-	5	4	{Augustus_model.g35.t1;Augustus},{GeneMark_model.39_t;GeneMark}
31332	31232	INTRON			{Augustus_model.g35.t1;Augustus},{GeneMark_model.39_t;GeneMark}
31396	31333	internal-	4	4	{Augustus_model.g35.t1;Augustus},{GeneMark_model.39_t;GeneMark}
31493	31397	INTRON			{Augustus_model.g35.t1;Augustus},{GeneMark_model.39_t;GeneMark}
31507	31494	internal-	5	6	{Augustus_model.g35.t1;Augustus},{GeneMark_model.39_t;GeneMark}
31577	31508	INTRON			{Augustus_model.g35.t1;Augustus},{GlimmerHMM_glimmerT_32-T1;GlimmerHMM},{GeneMark_model.39_t;GeneMark}
31581	31578	initial-	4	4	{Augustus_model.g35.t1;Augustus},{GlimmerHMM_glimmerT_32-T1;GlimmerHMM},{GeneMark_model.39_t;GeneMark}

# EVM prediction: Mode:STANDARD S-ratio: 21.33 31928-35999 orient(-) score(15443.00) noncoding_equivalent(724.17) raw_noncoding(904.92) offset(180.76) 
35715	31928	terminal-	5	6	{snap_scaffold_1-snap.31-T1;snap},{Augustus_model.g36.t1;Augustus},{GeneMark_model.40_t;GeneMark},{GlimmerHMM_glimmerT_33-T1;GlimmerHMM}
35776	35716	INTRON			{GlimmerHMM_glimmerT_33-T1;GlimmerHMM}
35999	35777	initial-	4	4	{GlimmerHMM_glimmerT_33-T1;GlimmerHMM}

# EVM prediction: Mode:STANDARD S-ratio: 2.04 37099-37849 orient(+) score(2253.00) noncoding_equivalent(1105.00) raw_noncoding(1294.00) offset(189.00) 
37099	37274	initial+	1	2	{GlimmerHMM_glimmerT_34-T1;GlimmerHMM},{Augustus_model.g37.t1;Augustus},{GeneMark_model.41_t;GeneMark}
37275	37353	INTRON			{GlimmerHMM_glimmerT_34-T1;GlimmerHMM},{Augustus_model.g37.t1;Augustus},{GeneMark_model.41_t;GeneMark}
37354	37598	internal+	3	1	{GlimmerHMM_glimmerT_34-T1;GlimmerHMM},{Augustus_model.g37.t1;Augustus},{GeneMark_model.41_t;GeneMark}
37599	37700	INTRON			{GlimmerHMM_glimmerT_34-T1;GlimmerHMM},{Augustus_model.g37.t1;Augustus},{GeneMark_model.41_t;GeneMark}
37701	37849	terminal+	2	3	{GlimmerHMM_glimmerT_34-T1;GlimmerHMM},{Augustus_model.g37.t1;Augustus},{GeneMark_model.41_t;GeneMark}

# EVM prediction: Mode:STANDARD S-ratio: 4.72 38882-40450 orient(+) score(11067.00) noncoding_equivalent(2346.38) raw_noncoding(2859.00) offset(512.62) 
38882	38977	initial+	1	3	{GeneMark_model.42_t;GeneMark},{GlimmerHMM_glimmerT_35-T1;GlimmerHMM},{Augustus_model.g38.t1;Augustus}
38978	39071	INTRON			{GeneMark_model.42_t;GeneMark},{GlimmerHMM_glimmerT_35-T1;GlimmerHMM},{Augustus_model.g38.t1;Augustus},{snap_scaffold_1-snap.32-T1;snap},{ev_type:exonerate/ID=match.2566964.320/Target=lcl|LCTV02000009_1_prot_PRQ72822_1_8378;exonerate},{ev_type:exonerate/ID=match.2566964.304/Target=lcl|KQ954472_1_prot_KWU45374_1_2216;exonerate},{ev_type:exonerate/ID=match.2566964.315/Target=lcl|NW_017264928_1_prot_XP_018274707_1_767;exonerate}
39072	39186	internal+	1	1	{GeneMark_model.42_t;GeneMark},{GlimmerHMM_glimmerT_35-T1;GlimmerHMM},{Augustus_model.g38.t1;Augustus},{ev_type:exonerate/ID=match.2566964.320/Target=lcl|LCTV02000009_1_prot_PRQ72822_1_8378;exonerate},{ev_type:exonerate/ID=match.2566964.304/Target=lcl|KQ954472_1_prot_KWU45374_1_2216;exonerate},{ev_type:exonerate/ID=match.2566964.315/Target=lcl|NW_017264928_1_prot_XP_018274707_1_767;exonerate}
39187	39273	INTRON			{GeneMark_model.42_t;GeneMark},{GlimmerHMM_glimmerT_35-T1;GlimmerHMM},{Augustus_model.g38.t1;Augustus},{ev_type:exonerate/ID=match.2566964.320/Target=lcl|LCTV02000009_1_prot_PRQ72822_1_8378;exonerate},{ev_type:exonerate/ID=match.2566964.304/Target=lcl|KQ954472_1_prot_KWU45374_1_2216;exonerate},{ev_type:exonerate/ID=match.2566964.315/Target=lcl|NW_017264928_1_prot_XP_018274707_1_767;exonerate},{ev_type:exonerate/ID=match.2566964.316/Target=lcl|PJQD01000063_1_prot_POY72002_1_5373;exonerate}
39274	39447	internal+	2	1	{GeneMark_model.42_t;GeneMark},{GlimmerHMM_glimmerT_35-T1;GlimmerHMM},{Augustus_model.g38.t1;Augustus},{ev_type:exonerate/ID=match.2566964.320/Target=lcl|LCTV02000009_1_prot_PRQ72822_1_8378;exonerate},{ev_type:exonerate/ID=match.2566964.304/Target=lcl|KQ954472_1_prot_KWU45374_1_2216;exonerate},{ev_type:exonerate/ID=match.2566964.315/Target=lcl|NW_017264928_1_prot_XP_018274707_1_767;exonerate},{ev_type:exonerate/ID=match.2566964.316/Target=lcl|PJQD01000063_1_prot_POY72002_1_5373;exonerate}
39448	39521	INTRON			{GeneMark_model.42_t;GeneMark},{GlimmerHMM_glimmerT_35-T1;GlimmerHMM},{Augustus_model.g38.t1;Augustus},{ev_type:exonerate/ID=match.2566964.320/Target=lcl|LCTV02000009_1_prot_PRQ72822_1_8378;exonerate},{ev_type:exonerate/ID=match.2566964.304/Target=lcl|KQ954472_1_prot_KWU45374_1_2216;exonerate},{ev_type:exonerate/ID=match.2566964.315/Target=lcl|NW_017264928_1_prot_XP_018274707_1_767;exonerate},{ev_type:exonerate/ID=match.2566964.316/Target=lcl|PJQD01000063_1_prot_POY72002_1_5373;exonerate}
39522	39597	internal+	2	2	{GeneMark_model.42_t;GeneMark},{GlimmerHMM_glimmerT_35-T1;GlimmerHMM},{Augustus_model.g38.t1;Augustus},{ev_type:exonerate/ID=match.2566964.320/Target=lcl|LCTV02000009_1_prot_PRQ72822_1_8378;exonerate},{ev_type:exonerate/ID=match.2566964.304/Target=lcl|KQ954472_1_prot_KWU45374_1_2216;exonerate},{ev_type:exonerate/ID=match.2566964.315/Target=lcl|NW_017264928_1_prot_XP_018274707_1_767;exonerate},{ev_type:exonerate/ID=match.2566964.316/Target=lcl|PJQD01000063_1_prot_POY72002_1_5373;exonerate}
39598	39673	INTRON			{GeneMark_model.42_t;GeneMark},{GlimmerHMM_glimmerT_35-T1;GlimmerHMM},{Augustus_model.g38.t1;Augustus},{ev_type:exonerate/ID=match.2566964.320/Target=lcl|LCTV02000009_1_prot_PRQ72822_1_8378;exonerate},{ev_type:exonerate/ID=match.2566964.304/Target=lcl|KQ954472_1_prot_KWU45374_1_2216;exonerate},{ev_type:exonerate/ID=match.2566964.315/Target=lcl|NW_017264928_1_prot_XP_018274707_1_767;exonerate},{ev_type:exonerate/ID=match.2566964.316/Target=lcl|PJQD01000063_1_prot_POY72002_1_5373;exonerate}
39674	39775	internal+	3	2	{GeneMark_model.42_t;GeneMark},{GlimmerHMM_glimmerT_35-T1;GlimmerHMM},{Augustus_model.g38.t1;Augustus},{ev_type:exonerate/ID=match.2566964.320/Target=lcl|LCTV02000009_1_prot_PRQ72822_1_8378;exonerate},{ev_type:exonerate/ID=match.2566964.304/Target=lcl|KQ954472_1_prot_KWU45374_1_2216;exonerate},{ev_type:exonerate/ID=match.2566964.315/Target=lcl|NW_017264928_1_prot_XP_018274707_1_767;exonerate},{ev_type:exonerate/ID=match.2566964.316/Target=lcl|PJQD01000063_1_prot_POY72002_1_5373;exonerate}
39776	39848	INTRON			{GeneMark_model.42_t;GeneMark},{GlimmerHMM_glimmerT_35-T1;GlimmerHMM},{Augustus_model.g38.t1;Augustus},{ev_type:exonerate/ID=match.2566964.320/Target=lcl|LCTV02000009_1_prot_PRQ72822_1_8378;exonerate},{ev_type:exonerate/ID=match.2566964.304/Target=lcl|KQ954472_1_prot_KWU45374_1_2216;exonerate},{ev_type:exonerate/ID=match.2566964.315/Target=lcl|NW_017264928_1_prot_XP_018274707_1_767;exonerate},{ev_type:exonerate/ID=match.2566964.316/Target=lcl|PJQD01000063_1_prot_POY72002_1_5373;exonerate}
39849	40002	internal+	3	3	{GeneMark_model.42_t;GeneMark},{GlimmerHMM_glimmerT_35-T1;GlimmerHMM},{Augustus_model.g38.t1;Augustus},{ev_type:exonerate/ID=match.2566964.320/Target=lcl|LCTV02000009_1_prot_PRQ72822_1_8378;exonerate},{ev_type:exonerate/ID=match.2566964.304/Target=lcl|KQ954472_1_prot_KWU45374_1_2216;exonerate},{ev_type:exonerate/ID=match.2566964.315/Target=lcl|NW_017264928_1_prot_XP_018274707_1_767;exonerate},{ev_type:exonerate/ID=match.2566964.316/Target=lcl|PJQD01000063_1_prot_POY72002_1_5373;exonerate}
40003	40095	INTRON			{GeneMark_model.42_t;GeneMark},{GlimmerHMM_glimmerT_35-T1;GlimmerHMM},{Augustus_model.g38.t1;Augustus},{ev_type:exonerate/ID=match.2566964.320/Target=lcl|LCTV02000009_1_prot_PRQ72822_1_8378;exonerate},{ev_type:exonerate/ID=match.2566964.304/Target=lcl|KQ954472_1_prot_KWU45374_1_2216;exonerate},{ev_type:exonerate/ID=match.2566964.315/Target=lcl|NW_017264928_1_prot_XP_018274707_1_767;exonerate},{ev_type:exonerate/ID=match.2566964.316/Target=lcl|PJQD01000063_1_prot_POY72002_1_5373;exonerate}
40096	40248	internal+	1	3	{GeneMark_model.42_t;GeneMark},{GlimmerHMM_glimmerT_35-T1;GlimmerHMM},{Augustus_model.g38.t1;Augustus},{ev_type:exonerate/ID=match.2566964.320/Target=lcl|LCTV02000009_1_prot_PRQ72822_1_8378;exonerate},{ev_type:exonerate/ID=match.2566964.304/Target=lcl|KQ954472_1_prot_KWU45374_1_2216;exonerate},{ev_type:exonerate/ID=match.2566964.315/Target=lcl|NW_017264928_1_prot_XP_018274707_1_767;exonerate},{ev_type:exonerate/ID=match.2566964.316/Target=lcl|PJQD01000063_1_prot_POY72002_1_5373;exonerate}
40249	40324	INTRON			{GeneMark_model.42_t;GeneMark},{Augustus_model.g38.t1;Augustus},{ev_type:exonerate/ID=match.2566964.320/Target=lcl|LCTV02000009_1_prot_PRQ72822_1_8378;exonerate},{ev_type:exonerate/ID=match.2566964.304/Target=lcl|KQ954472_1_prot_KWU45374_1_2216;exonerate},{ev_type:exonerate/ID=match.2566964.315/Target=lcl|NW_017264928_1_prot_XP_018274707_1_767;exonerate},{ev_type:exonerate/ID=match.2566964.316/Target=lcl|PJQD01000063_1_prot_POY72002_1_5373;exonerate}
40325	40351	internal+	1	3	{GeneMark_model.42_t;GeneMark},{Augustus_model.g38.t1;Augustus},{ev_type:exonerate/ID=match.2566964.304/Target=lcl|KQ954472_1_prot_KWU45374_1_2216;exonerate},{ev_type:exonerate/ID=match.2566964.315/Target=lcl|NW_017264928_1_prot_XP_018274707_1_767;exonerate},{ev_type:exonerate/ID=match.2566964.316/Target=lcl|PJQD01000063_1_prot_POY72002_1_5373;exonerate}
40352	40420	INTRON			{GeneMark_model.42_t;GeneMark},{Augustus_model.g38.t1;Augustus},{ev_type:exonerate/ID=match.2566964.304/Target=lcl|KQ954472_1_prot_KWU45374_1_2216;exonerate},{ev_type:exonerate/ID=match.2566964.315/Target=lcl|NW_017264928_1_prot_XP_018274707_1_767;exonerate},{ev_type:exonerate/ID=match.2566964.316/Target=lcl|PJQD01000063_1_prot_POY72002_1_5373;exonerate}
40421	40450	terminal+	1	3	{GeneMark_model.42_t;GeneMark},{GlimmerHMM_glimmerT_35-T1;GlimmerHMM},{Augustus_model.g38.t1;Augustus}

# EVM prediction: Mode:STANDARD S-ratio: 3.16 41939-44920 orient(+) score(8860.00) noncoding_equivalent(2800.56) raw_noncoding(3806.95) offset(1006.39) 
41939	41948	initial+	1	1	{Augustus_model.g39.t1;Augustus}
41949	42013	INTRON			{GeneMark_model.43_t;GeneMark},{Augustus_model.g39.t1;Augustus}
42014	42028	internal+	2	1	{Augustus_model.g39.t1;Augustus}
42029	42102	INTRON			{Augustus_model.g39.t1;Augustus}
42103	42409	internal+	2	2	{Augustus_model.g39.t1;Augustus}
42410	42466	INTRON			{Augustus_model.g39.t1;Augustus}
42467	42707	internal+	3	3	{Augustus_model.g39.t1;Augustus}
42708	42775	INTRON			{GeneMark_model.43_t;GeneMark},{Augustus_model.g39.t1;Augustus}
42776	42802	internal+	1	3	{GeneMark_model.43_t;GeneMark},{Augustus_model.g39.t1;Augustus}
42803	42876	INTRON			{GeneMark_model.43_t;GeneMark},{Augustus_model.g39.t1;Augustus}
42877	43572	internal+	1	3	{GeneMark_model.43_t;GeneMark},{Augustus_model.g39.t1;Augustus}
43573	43629	INTRON			{GeneMark_model.43_t;GeneMark},{Augustus_model.g39.t1;Augustus}
43630	43703	internal+	1	2	{GeneMark_model.43_t;GeneMark},{Augustus_model.g39.t1;Augustus}
43704	43759	INTRON			{GeneMark_model.43_t;GeneMark},{Augustus_model.g39.t1;Augustus}
43760	44161	internal+	3	2	{GlimmerHMM_glimmerT_36-T1;GlimmerHMM},{GeneMark_model.43_t;GeneMark}
44162	44310	INTRON			{GlimmerHMM_glimmerT_36-T1;GlimmerHMM},{GeneMark_model.43_t;GeneMark}
44311	44920	terminal+	3	3	{GlimmerHMM_glimmerT_36-T1;GlimmerHMM},{GeneMark_model.43_t;GeneMark},{Augustus_model.g39.t1;Augustus}

# EVM prediction: Mode:STANDARD S-ratio: 2.42 44968-47669 orient(-) score(8877.00) noncoding_equivalent(3674.78) raw_noncoding(4463.00) offset(788.22) 
45134	44968	terminal-	5	6	{Augustus_model.g40.t1;Augustus},{GeneMark_model.44_t;GeneMark},{GlimmerHMM_glimmerT_37-T1;GlimmerHMM}
45206	45135	INTRON			{Augustus_model.g40.t1;Augustus},{GeneMark_model.44_t;GeneMark},{GlimmerHMM_glimmerT_37-T1;GlimmerHMM}
45645	45207	internal-	4	4	{Augustus_model.g40.t1;Augustus},{GeneMark_model.44_t;GeneMark},{GlimmerHMM_glimmerT_37-T1;GlimmerHMM}
46055	45646	INTRON			{Augustus_model.g40.t1;Augustus},{GeneMark_model.44_t;GeneMark},{GlimmerHMM_glimmerT_37-T1;GlimmerHMM}
46132	46056	internal-	5	6	{Augustus_model.g40.t1;Augustus},{GeneMark_model.44_t;GeneMark},{GlimmerHMM_glimmerT_37-T1;GlimmerHMM}
46233	46133	INTRON			{Augustus_model.g40.t1;Augustus},{GeneMark_model.44_t;GeneMark},{GlimmerHMM_glimmerT_37-T1;GlimmerHMM}
46312	46234	internal-	4	4	{Augustus_model.g40.t1;Augustus},{GeneMark_model.44_t;GeneMark},{GlimmerHMM_glimmerT_37-T1;GlimmerHMM}
46385	46313	INTRON			{Augustus_model.g40.t1;Augustus},{GeneMark_model.44_t;GeneMark},{GlimmerHMM_glimmerT_37-T1;GlimmerHMM}
46915	46386	internal-	5	6	{Augustus_model.g40.t1;Augustus},{GeneMark_model.44_t;GeneMark},{GlimmerHMM_glimmerT_37-T1;GlimmerHMM}
47017	46916	INTRON			{Augustus_model.g40.t1;Augustus},{GeneMark_model.44_t;GeneMark},{GlimmerHMM_glimmerT_37-T1;GlimmerHMM}
47120	47018	internal-	4	4	{Augustus_model.g40.t1;Augustus},{GeneMark_model.44_t;GeneMark},{GlimmerHMM_glimmerT_37-T1;GlimmerHMM}
47181	47121	INTRON			{Augustus_model.g40.t1;Augustus},{GeneMark_model.44_t;GeneMark},{GlimmerHMM_glimmerT_37-T1;GlimmerHMM}
47500	47182	internal-	6	6	{Augustus_model.g40.t1;Augustus},{GeneMark_model.44_t;GeneMark},{GlimmerHMM_glimmerT_37-T1;GlimmerHMM}
47568	47501	INTRON			{Augustus_model.g40.t1;Augustus},{GeneMark_model.44_t;GeneMark},{GlimmerHMM_glimmerT_37-T1;GlimmerHMM}
47669	47569	initial-	4	5	{Augustus_model.g40.t1;Augustus},{GeneMark_model.44_t;GeneMark},{GlimmerHMM_glimmerT_37-T1;GlimmerHMM}

# EVM prediction: Mode:STANDARD S-ratio: 3.38 48213-49915 orient(+) score(5762.00) noncoding_equivalent(1702.64) raw_noncoding(1946.00) offset(243.36) 
48213	48375	initial+	1	1	{GlimmerHMM_glimmerT_38-T1;GlimmerHMM},{GeneMark_model.45_t;GeneMark},{Augustus_model.g41.t1;Augustus}
48376	48449	INTRON			{GlimmerHMM_glimmerT_38-T1;GlimmerHMM},{GeneMark_model.45_t;GeneMark},{Augustus_model.g41.t1;Augustus}
48450	48714	internal+	2	2	{GlimmerHMM_glimmerT_38-T1;GlimmerHMM},{GeneMark_model.45_t;GeneMark},{Augustus_model.g41.t1;Augustus}
48715	48779	INTRON			{GlimmerHMM_glimmerT_38-T1;GlimmerHMM},{GeneMark_model.45_t;GeneMark},{Augustus_model.g41.t1;Augustus}
48780	49178	internal+	3	2	{GlimmerHMM_glimmerT_38-T1;GlimmerHMM},{GeneMark_model.45_t;GeneMark},{Augustus_model.g41.t1;Augustus}
49179	49241	INTRON			{GlimmerHMM_glimmerT_38-T1;GlimmerHMM},{GeneMark_model.45_t;GeneMark},{Augustus_model.g41.t1;Augustus}
49242	49521	internal+	3	3	{GlimmerHMM_glimmerT_38-T1;GlimmerHMM},{GeneMark_model.45_t;GeneMark},{Augustus_model.g41.t1;Augustus}
49522	49588	INTRON			{GlimmerHMM_glimmerT_38-T1;GlimmerHMM},{GeneMark_model.45_t;GeneMark},{Augustus_model.g41.t1;Augustus}
49589	49710	internal+	1	2	{GlimmerHMM_glimmerT_38-T1;GlimmerHMM},{GeneMark_model.45_t;GeneMark},{Augustus_model.g41.t1;Augustus}
49711	49779	INTRON			{GlimmerHMM_glimmerT_38-T1;GlimmerHMM},{GeneMark_model.45_t;GeneMark},{Augustus_model.g41.t1;Augustus}
49780	49915	terminal+	3	3	{GlimmerHMM_glimmerT_38-T1;GlimmerHMM},{GeneMark_model.45_t;GeneMark},{Augustus_model.g41.t1;Augustus}

# EVM prediction: Mode:STANDARD S-ratio: 3.02 50391-53762 orient(+) score(10346.00) noncoding_equivalent(3422.42) raw_noncoding(3908.00) offset(485.58) 
50391	51008	initial+	1	3	{Augustus_model.g42.t1;Augustus}
51009	51076	INTRON			{GeneMark_model.46_t;GeneMark},{Augustus_model.g42.t1;Augustus},{GlimmerHMM_glimmerT_39-T1;GlimmerHMM}
51077	51178	internal+	1	3	{GeneMark_model.46_t;GeneMark},{Augustus_model.g42.t1;Augustus},{GlimmerHMM_glimmerT_39-T1;GlimmerHMM}
51179	51250	INTRON			{GeneMark_model.46_t;GeneMark},{Augustus_model.g42.t1;Augustus},{GlimmerHMM_glimmerT_39-T1;GlimmerHMM}
51251	52640	internal+	1	1	{GeneMark_model.46_t;GeneMark},{GlimmerHMM_glimmerT_39-T1;GlimmerHMM}
52641	52707	INTRON			{GeneMark_model.46_t;GeneMark},{Augustus_model.g42.t1;Augustus},{GlimmerHMM_glimmerT_39-T1;GlimmerHMM}
52708	53490	internal+	2	1	{GeneMark_model.46_t;GeneMark},{Augustus_model.g42.t1;Augustus},{GlimmerHMM_glimmerT_39-T1;GlimmerHMM}
53491	53564	INTRON			{GeneMark_model.46_t;GeneMark},{Augustus_model.g42.t1;Augustus}
53565	53643	internal+	2	2	{Augustus_model.g42.t1;Augustus}
53644	53704	INTRON			{Augustus_model.g42.t1;Augustus}
53705	53762	terminal+	3	3	{Augustus_model.g42.t1;Augustus}

# EVM prediction: Mode:STANDARD S-ratio: 9.67 54003-57679 orient(-) score(13560.00) noncoding_equivalent(1401.60) raw_noncoding(1541.00) offset(139.40) 
56542	54003	terminal-	5	6	{GeneMark_model.47_t;GeneMark},{GlimmerHMM_glimmerT_40-T1;GlimmerHMM},{Augustus_model.g43.t1;Augustus}
56603	56543	INTRON			{GeneMark_model.47_t;GeneMark},{GlimmerHMM_glimmerT_40-T1;GlimmerHMM},{Augustus_model.g43.t1;Augustus}
56918	56604	internal-	5	4	{GeneMark_model.47_t;GeneMark},{GlimmerHMM_glimmerT_40-T1;GlimmerHMM},{Augustus_model.g43.t1;Augustus}
56988	56919	INTRON			{GeneMark_model.47_t;GeneMark},{GlimmerHMM_glimmerT_40-T1;GlimmerHMM},{Augustus_model.g43.t1;Augustus}
57679	56989	initial-	4	4	{GeneMark_model.47_t;GeneMark},{GlimmerHMM_glimmerT_40-T1;GlimmerHMM},{Augustus_model.g43.t1;Augustus}

# EVM prediction: Mode:STANDARD S-ratio: 1.78 57730-59298 orient(+) score(4109.00) noncoding_equivalent(2311.00) raw_noncoding(2973.00) offset(662.00) 
57730	57745	initial+	1	1	{GeneMark_model.48_t;GeneMark},{Augustus_model.g44.t1;Augustus}
57746	58037	INTRON			{GeneMark_model.48_t;GeneMark},{Augustus_model.g44.t1;Augustus}
58038	58735	internal+	2	3	{GeneMark_model.48_t;GeneMark},{Augustus_model.g44.t1;Augustus}
58736	58809	INTRON			{GlimmerHMM_glimmerT_41-T1;GlimmerHMM},{GeneMark_model.48_t;GeneMark},{Augustus_model.g44.t1;Augustus}
58810	59298	terminal+	1	3	{GlimmerHMM_glimmerT_41-T1;GlimmerHMM},{GeneMark_model.48_t;GeneMark},{Augustus_model.g44.t1;Augustus}

# EVM prediction: Mode:STANDARD S-ratio: 8.98 59396-61522 orient(-) score(7882.00) noncoding_equivalent(878.00) raw_noncoding(918.00) offset(40.00) 
59564	59396	terminal-	6	6	{Augustus_model.g45.t1;Augustus},{GeneMark_model.49_t;GeneMark},{GlimmerHMM_glimmerT_42-T1;GlimmerHMM}
59634	59565	INTRON			{Augustus_model.g45.t1;Augustus},{GeneMark_model.49_t;GeneMark},{GlimmerHMM_glimmerT_42-T1;GlimmerHMM}
61128	59635	internal-	6	5	{Augustus_model.g45.t1;Augustus},{GeneMark_model.49_t;GeneMark},{GlimmerHMM_glimmerT_42-T1;GlimmerHMM}
61190	61129	INTRON			{Augustus_model.g45.t1;Augustus},{GeneMark_model.49_t;GeneMark},{GlimmerHMM_glimmerT_42-T1;GlimmerHMM}
61522	61191	initial-	4	5	{Augustus_model.g45.t1;Augustus},{GeneMark_model.49_t;GeneMark},{GlimmerHMM_glimmerT_42-T1;GlimmerHMM}

# EVM prediction: Mode:STANDARD S-ratio: 2.06 62642-63969 orient(-) score(3984.00) noncoding_equivalent(1930.00) raw_noncoding(2261.00) offset(331.00) 
62741	62642	terminal-	6	6	{Augustus_model.g46.t1;Augustus},{GlimmerHMM_glimmerT_43-T1;GlimmerHMM},{GeneMark_model.50_t;GeneMark}
62802	62742	INTRON			{Augustus_model.g46.t1;Augustus},{GlimmerHMM_glimmerT_43-T1;GlimmerHMM},{GeneMark_model.50_t;GeneMark}
63041	62803	internal-	4	5	{Augustus_model.g46.t1;Augustus},{GlimmerHMM_glimmerT_43-T1;GlimmerHMM},{GeneMark_model.50_t;GeneMark}
63103	63042	INTRON			{Augustus_model.g46.t1;Augustus},{GlimmerHMM_glimmerT_43-T1;GlimmerHMM},{GeneMark_model.50_t;GeneMark}
63159	63104	internal-	5	6	{Augustus_model.g46.t1;Augustus},{GlimmerHMM_glimmerT_43-T1;GlimmerHMM},{GeneMark_model.50_t;GeneMark}
63220	63160	INTRON			{Augustus_model.g46.t1;Augustus},{GlimmerHMM_glimmerT_43-T1;GlimmerHMM},{GeneMark_model.50_t;GeneMark}
63358	63221	internal-	5	4	{Augustus_model.g46.t1;Augustus},{GlimmerHMM_glimmerT_43-T1;GlimmerHMM},{GeneMark_model.50_t;GeneMark}
63422	63359	INTRON			{Augustus_model.g46.t1;Augustus},{GlimmerHMM_glimmerT_43-T1;GlimmerHMM},{GeneMark_model.50_t;GeneMark}
63765	63423	internal-	4	4	{Augustus_model.g46.t1;Augustus},{GlimmerHMM_glimmerT_43-T1;GlimmerHMM},{GeneMark_model.50_t;GeneMark}
63828	63766	INTRON			{Augustus_model.g46.t1;Augustus},{GlimmerHMM_glimmerT_43-T1;GlimmerHMM},{GeneMark_model.50_t;GeneMark}
63969	63829	initial-	4	6	{Augustus_model.g46.t1;Augustus},{GlimmerHMM_glimmerT_43-T1;GlimmerHMM},{GeneMark_model.50_t;GeneMark}

# EVM prediction: Mode:STANDARD S-ratio: 53.45 64443-65729 orient(+) score(5052.00) noncoding_equivalent(94.52) raw_noncoding(94.52) offset(0.00) 
64443	65729	single+	1	3	{GeneMark_model.51_t;GeneMark},{GlimmerHMM_glimmerT_44-T1;GlimmerHMM}

# EVM prediction: Mode:STANDARD S-ratio: 5.90 66049-67493 orient(+) score(5265.00) noncoding_equivalent(893.00) raw_noncoding(1088.00) offset(195.00) 
66049	66184	initial+	1	1	{GlimmerHMM_glimmerT_45-T1;GlimmerHMM},{GeneMark_model.52_t;GeneMark},{Augustus_model.g48.t1;Augustus}
66185	66317	INTRON			{GlimmerHMM_glimmerT_45-T1;GlimmerHMM},{GeneMark_model.52_t;GeneMark},{Augustus_model.g48.t1;Augustus}
66318	66502	internal+	2	3	{GlimmerHMM_glimmerT_45-T1;GlimmerHMM},{GeneMark_model.52_t;GeneMark},{Augustus_model.g48.t1;Augustus}
66503	66563	INTRON			{GlimmerHMM_glimmerT_45-T1;GlimmerHMM},{GeneMark_model.52_t;GeneMark},{Augustus_model.g48.t1;Augustus}
66564	67493	terminal+	1	3	{GlimmerHMM_glimmerT_45-T1;GlimmerHMM},{snap_scaffold_1-snap.43-T1;snap},{GeneMark_model.52_t;GeneMark},{Augustus_model.g48.t1;Augustus}

# EVM prediction: Mode:STANDARD S-ratio: 4.06 67773-69258 orient(-) score(6225.00) noncoding_equivalent(1533.46) raw_noncoding(1988.44) offset(454.97) 
67948	67773	terminal-	5	6	{Augustus_model.g49.t1;Augustus},{GeneMark_model.53_t;GeneMark},{GlimmerHMM_glimmerT_46-T1;GlimmerHMM}
68014	67949	INTRON			{Augustus_model.g49.t1;Augustus},{GeneMark_model.53_t;GeneMark},{GlimmerHMM_glimmerT_46-T1;GlimmerHMM},{ev_type:exonerate/ID=match.2566964.250/Target=lcl|KQ954472_1_prot_KWU45383_1_2225;exonerate}
68344	68015	internal-	5	4	{Augustus_model.g49.t1;Augustus},{GeneMark_model.53_t;GeneMark},{GlimmerHMM_glimmerT_46-T1;GlimmerHMM},{ev_type:exonerate/ID=match.2566964.250/Target=lcl|KQ954472_1_prot_KWU45383_1_2225;exonerate}
68411	68345	INTRON			{Augustus_model.g49.t1;Augustus},{GeneMark_model.53_t;GeneMark},{GlimmerHMM_glimmerT_46-T1;GlimmerHMM},{ev_type:exonerate/ID=match.2566964.250/Target=lcl|KQ954472_1_prot_KWU45383_1_2225;exonerate}
68571	68412	internal-	4	4	{Augustus_model.g49.t1;Augustus},{GeneMark_model.53_t;GeneMark},{GlimmerHMM_glimmerT_46-T1;GlimmerHMM},{ev_type:exonerate/ID=match.2566964.250/Target=lcl|KQ954472_1_prot_KWU45383_1_2225;exonerate}
68641	68572	INTRON			{Augustus_model.g49.t1;Augustus},{GeneMark_model.53_t;GeneMark},{GlimmerHMM_glimmerT_46-T1;GlimmerHMM},{ev_type:exonerate/ID=match.2566964.250/Target=lcl|KQ954472_1_prot_KWU45383_1_2225;exonerate}
68867	68642	internal-	6	6	{Augustus_model.g49.t1;Augustus},{GeneMark_model.53_t;GeneMark},{GlimmerHMM_glimmerT_46-T1;GlimmerHMM},{ev_type:exonerate/ID=match.2566964.250/Target=lcl|KQ954472_1_prot_KWU45383_1_2225;exonerate}
68939	68868	INTRON			{Augustus_model.g49.t1;Augustus},{GeneMark_model.53_t;GeneMark},{GlimmerHMM_glimmerT_46-T1;GlimmerHMM},{ev_type:exonerate/ID=match.2566964.250/Target=lcl|KQ954472_1_prot_KWU45383_1_2225;exonerate}
69061	68940	internal-	4	5	{Augustus_model.g49.t1;Augustus},{GeneMark_model.53_t;GeneMark},{GlimmerHMM_glimmerT_46-T1;GlimmerHMM}
69125	69062	INTRON			{Augustus_model.g49.t1;Augustus},{GeneMark_model.53_t;GeneMark}
69169	69126	internal-	5	6	{Augustus_model.g49.t1;Augustus},{GeneMark_model.53_t;GeneMark}
69242	69170	INTRON			{Augustus_model.g49.t1;Augustus},{GeneMark_model.53_t;GeneMark}
69258	69243	initial-	4	4	{Augustus_model.g49.t1;Augustus},{GeneMark_model.53_t;GeneMark}

# EVM prediction: Mode:STANDARD S-ratio: 7.46 69696-70629 orient(-) score(5229.00) noncoding_equivalent(701.14) raw_noncoding(1363.59) offset(662.45) 
69742	69696	terminal-	5	6	{Augustus_model.g50.t1;Augustus},{GeneMark_model.54_t;GeneMark}
69802	69743	INTRON			{Augustus_model.g50.t1;Augustus},{GeneMark_model.54_t;GeneMark},{ev_type:exonerate/ID=match.2566964.364/Target=lcl|PJQD01000063_1_prot_POY72013_1_5384;exonerate},{ev_type:exonerate/ID=match.2566964.385/Target=lcl|LCTV02000009_1_prot_PRQ72807_1_8363;exonerate},{ev_type:exonerate/ID=match.2566964.360/Target=lcl|KQ954472_1_prot_KWU45384_1_2226;exonerate}
69896	69803	internal-	4	4	{Augustus_model.g50.t1;Augustus},{GeneMark_model.54_t;GeneMark},{ev_type:exonerate/ID=match.2566964.364/Target=lcl|PJQD01000063_1_prot_POY72013_1_5384;exonerate},{ev_type:exonerate/ID=match.2566964.385/Target=lcl|LCTV02000009_1_prot_PRQ72807_1_8363;exonerate},{ev_type:exonerate/ID=match.2566964.360/Target=lcl|KQ954472_1_prot_KWU45384_1_2226;exonerate}
69959	69897	INTRON			{Augustus_model.g50.t1;Augustus},{GeneMark_model.54_t;GeneMark},{ev_type:exonerate/ID=match.2566964.364/Target=lcl|PJQD01000063_1_prot_POY72013_1_5384;exonerate},{ev_type:exonerate/ID=match.2566964.385/Target=lcl|LCTV02000009_1_prot_PRQ72807_1_8363;exonerate},{ev_type:exonerate/ID=match.2566964.360/Target=lcl|KQ954472_1_prot_KWU45384_1_2226;exonerate}
70301	69960	internal-	4	6	{Augustus_model.g50.t1;Augustus},{GeneMark_model.54_t;GeneMark},{GlimmerHMM_glimmerT_46-T1;GlimmerHMM},{ev_type:exonerate/ID=match.2566964.364/Target=lcl|PJQD01000063_1_prot_POY72013_1_5384;exonerate},{ev_type:exonerate/ID=match.2566964.385/Target=lcl|LCTV02000009_1_prot_PRQ72807_1_8363;exonerate},{ev_type:exonerate/ID=match.2566964.360/Target=lcl|KQ954472_1_prot_KWU45384_1_2226;exonerate}
70491	70302	INTRON			{GlimmerHMM_glimmerT_46-T1;GlimmerHMM},{ev_type:exonerate/ID=match.2566964.385/Target=lcl|LCTV02000009_1_prot_PRQ72807_1_8363;exonerate},{ev_type:exonerate/ID=match.2566964.360/Target=lcl|KQ954472_1_prot_KWU45384_1_2226;exonerate}
70629	70492	initial-	4	6	{Augustus_model.g50.t1;Augustus},{GeneMark_model.54_t;GeneMark},{GlimmerHMM_glimmerT_46-T1;GlimmerHMM}

# EVM prediction: Mode:STANDARD S-ratio: 3.14 71282-80546 orient(+) score(29637.00) noncoding_equivalent(9449.48) raw_noncoding(11140.83) offset(1691.34) 
71282	71513	initial+	1	1	{GlimmerHMM_glimmerT_47-T1;GlimmerHMM},{GeneMark_model.55_t;GeneMark},{Augustus_model.g51.t1;Augustus}
71514	71572	INTRON			{GlimmerHMM_glimmerT_47-T1;GlimmerHMM},{GeneMark_model.55_t;GeneMark},{Augustus_model.g51.t1;Augustus}
71573	72058	internal+	2	1	{GlimmerHMM_glimmerT_47-T1;GlimmerHMM},{GeneMark_model.55_t;GeneMark},{Augustus_model.g51.t1;Augustus}
72059	72125	INTRON			{GlimmerHMM_glimmerT_47-T1;GlimmerHMM},{GeneMark_model.55_t;GeneMark},{Augustus_model.g51.t1;Augustus}
72126	73770	internal+	2	2	{GeneMark_model.55_t;GeneMark}
73771	73834	INTRON			{GeneMark_model.55_t;GeneMark}
73835	73993	internal+	3	2	{GeneMark_model.55_t;GeneMark},{Augustus_model.g51.t1;Augustus}
73994	74057	INTRON			{GlimmerHMM_glimmerT_47-T1;GlimmerHMM},{GeneMark_model.55_t;GeneMark},{Augustus_model.g51.t1;Augustus}
74058	74160	internal+	3	3	{GlimmerHMM_glimmerT_47-T1;GlimmerHMM},{GeneMark_model.55_t;GeneMark},{Augustus_model.g51.t1;Augustus}
74161	74230	INTRON			{GlimmerHMM_glimmerT_47-T1;GlimmerHMM},{GeneMark_model.55_t;GeneMark},{Augustus_model.g51.t1;Augustus}
74231	74680	internal+	1	3	{GlimmerHMM_glimmerT_47-T1;GlimmerHMM},{GeneMark_model.55_t;GeneMark},{Augustus_model.g51.t1;Augustus}
74681	74737	INTRON			{GlimmerHMM_glimmerT_47-T1;GlimmerHMM},{GeneMark_model.55_t;GeneMark},{Augustus_model.g51.t1;Augustus}
74738	74971	internal+	1	3	{GlimmerHMM_glimmerT_47-T1;GlimmerHMM},{GeneMark_model.55_t;GeneMark}
74972	75023	INTRON			{GlimmerHMM_glimmerT_47-T1;GlimmerHMM}
75024	76268	internal+	1	3	{GlimmerHMM_glimmerT_47-T1;GlimmerHMM}
76269	76330	INTRON			{GlimmerHMM_glimmerT_47-T1;GlimmerHMM},{GeneMark_model.55_t;GeneMark},{Augustus_model.g51.t1;Augustus}
76331	76856	internal+	1	1	{GlimmerHMM_glimmerT_47-T1;GlimmerHMM},{GeneMark_model.55_t;GeneMark},{Augustus_model.g51.t1;Augustus}
76857	76924	INTRON			{GlimmerHMM_glimmerT_47-T1;GlimmerHMM},{GeneMark_model.55_t;GeneMark},{Augustus_model.g51.t1;Augustus}
76925	77697	internal+	2	3	{GlimmerHMM_glimmerT_47-T1;GlimmerHMM},{GeneMark_model.55_t;GeneMark},{Augustus_model.g51.t1;Augustus}
77698	77761	INTRON			{GlimmerHMM_glimmerT_47-T1;GlimmerHMM},{GeneMark_model.55_t;GeneMark},{Augustus_model.g51.t1;Augustus}
77762	77958	internal+	1	2	{GlimmerHMM_glimmerT_47-T1;GlimmerHMM},{GeneMark_model.55_t;GeneMark},{Augustus_model.g51.t1;Augustus}
77959	78020	INTRON			{GlimmerHMM_glimmerT_47-T1;GlimmerHMM},{GeneMark_model.55_t;GeneMark},{Augustus_model.g51.t1;Augustus}
78021	78182	internal+	3	2	{GlimmerHMM_glimmerT_47-T1;GlimmerHMM},{GeneMark_model.55_t;GeneMark},{Augustus_model.g51.t1;Augustus}
78183	78244	INTRON			{GlimmerHMM_glimmerT_47-T1;GlimmerHMM},{GeneMark_model.55_t;GeneMark},{Augustus_model.g51.t1;Augustus}
78245	78344	internal+	3	3	{GlimmerHMM_glimmerT_47-T1;GlimmerHMM},{GeneMark_model.55_t;GeneMark},{Augustus_model.g51.t1;Augustus}
78345	78406	INTRON			{GlimmerHMM_glimmerT_47-T1;GlimmerHMM},{GeneMark_model.55_t;GeneMark},{Augustus_model.g51.t1;Augustus}
78407	78601	internal+	1	3	{GlimmerHMM_glimmerT_47-T1;GlimmerHMM},{GeneMark_model.55_t;GeneMark},{Augustus_model.g51.t1;Augustus}
78602	78659	INTRON			{GlimmerHMM_glimmerT_47-T1;GlimmerHMM},{GeneMark_model.55_t;GeneMark},{Augustus_model.g51.t1;Augustus}
78660	78933	internal+	1	1	{GlimmerHMM_glimmerT_47-T1;GlimmerHMM},{GeneMark_model.55_t;GeneMark},{Augustus_model.g51.t1;Augustus}
78934	78996	INTRON			{GlimmerHMM_glimmerT_47-T1;GlimmerHMM},{GeneMark_model.55_t;GeneMark},{Augustus_model.g51.t1;Augustus}
78997	79194	internal+	2	1	{GlimmerHMM_glimmerT_47-T1;GlimmerHMM},{GeneMark_model.55_t;GeneMark},{Augustus_model.g51.t1;Augustus}
79195	79263	INTRON			{GlimmerHMM_glimmerT_47-T1;GlimmerHMM},{GeneMark_model.55_t;GeneMark},{Augustus_model.g51.t1;Augustus}
79264	79388	internal+	2	3	{GlimmerHMM_glimmerT_47-T1;GlimmerHMM},{GeneMark_model.55_t;GeneMark},{Augustus_model.g51.t1;Augustus}
79389	79453	INTRON			{GlimmerHMM_glimmerT_47-T1;GlimmerHMM},{GeneMark_model.55_t;GeneMark},{Augustus_model.g51.t1;Augustus}
79454	79539	internal+	1	2	{GlimmerHMM_glimmerT_47-T1;GlimmerHMM},{GeneMark_model.55_t;GeneMark},{Augustus_model.g51.t1;Augustus}
79540	79594	INTRON			{GlimmerHMM_glimmerT_47-T1;GlimmerHMM},{GeneMark_model.55_t;GeneMark},{Augustus_model.g51.t1;Augustus}
79595	79717	internal+	3	2	{GlimmerHMM_glimmerT_47-T1;GlimmerHMM},{GeneMark_model.55_t;GeneMark},{Augustus_model.g51.t1;Augustus}
79718	79780	INTRON			{GlimmerHMM_glimmerT_47-T1;GlimmerHMM},{GeneMark_model.55_t;GeneMark},{Augustus_model.g51.t1;Augustus}
79781	79868	internal+	3	3	{GlimmerHMM_glimmerT_47-T1;GlimmerHMM},{GeneMark_model.55_t;GeneMark},{Augustus_model.g51.t1;Augustus}
79869	79926	INTRON			{GlimmerHMM_glimmerT_47-T1;GlimmerHMM},{GeneMark_model.55_t;GeneMark},{Augustus_model.g51.t1;Augustus}
79927	80011	internal+	1	1	{GlimmerHMM_glimmerT_47-T1;GlimmerHMM},{GeneMark_model.55_t;GeneMark},{Augustus_model.g51.t1;Augustus}
80012	80064	INTRON			{GlimmerHMM_glimmerT_47-T1;GlimmerHMM},{GeneMark_model.55_t;GeneMark},{Augustus_model.g51.t1;Augustus}
80065	80189	internal+	2	3	{GlimmerHMM_glimmerT_47-T1;GlimmerHMM},{GeneMark_model.55_t;GeneMark},{Augustus_model.g51.t1;Augustus}
80190	80251	INTRON			{GlimmerHMM_glimmerT_47-T1;GlimmerHMM},{GeneMark_model.55_t;GeneMark},{Augustus_model.g51.t1;Augustus}
80252	80452	internal+	1	3	{GeneMark_model.55_t;GeneMark},{Augustus_model.g51.t1;Augustus}
80453	80528	INTRON			{GeneMark_model.55_t;GeneMark}
80529	80546	terminal+	1	3	{GeneMark_model.55_t;GeneMark}

# EVM prediction: Mode:STANDARD S-ratio: 4.11 80812-82455 orient(+) score(5512.00) noncoding_equivalent(1341.30) raw_noncoding(1537.92) offset(196.62) 
80812	80968	initial+	1	1	{GeneMark_model.56_t;GeneMark}
80969	81032	INTRON			{Augustus_model.g51.t1;Augustus},{GeneMark_model.56_t;GeneMark}
81033	81326	internal+	2	1	{GlimmerHMM_glimmerT_47-T1;GlimmerHMM},{Augustus_model.g51.t1;Augustus},{GeneMark_model.56_t;GeneMark}
81327	81406	INTRON			{GlimmerHMM_glimmerT_47-T1;GlimmerHMM},{Augustus_model.g51.t1;Augustus},{GeneMark_model.56_t;GeneMark}
81407	81860	internal+	2	2	{GlimmerHMM_glimmerT_47-T1;GlimmerHMM},{Augustus_model.g51.t1;Augustus},{GeneMark_model.56_t;GeneMark}
81861	81926	INTRON			{GlimmerHMM_glimmerT_47-T1;GlimmerHMM},{Augustus_model.g51.t1;Augustus},{GeneMark_model.56_t;GeneMark}
81927	82455	terminal+	3	3	{GlimmerHMM_glimmerT_47-T1;GlimmerHMM},{snap_scaffold_1-snap.50-T1;snap},{Augustus_model.g51.t1;Augustus},{GeneMark_model.56_t;GeneMark}

# EVM prediction: Mode:STANDARD S-ratio: 3.37 82637-84229 orient(-) score(5233.00) noncoding_equivalent(1553.05) raw_noncoding(2141.91) offset(588.86) 
82750	82637	terminal-	4	6	{GlimmerHMM_glimmerT_48-T1;GlimmerHMM},{Augustus_model.g52.t1;Augustus},{GeneMark_model.57_t;GeneMark}
82809	82751	INTRON			{GlimmerHMM_glimmerT_48-T1;GlimmerHMM},{Augustus_model.g52.t1;Augustus},{GeneMark_model.57_t;GeneMark}
83139	82810	internal-	4	6	{GlimmerHMM_glimmerT_48-T1;GlimmerHMM},{Augustus_model.g52.t1;Augustus},{GeneMark_model.57_t;GeneMark}
83202	83140	INTRON			{Augustus_model.g52.t1;Augustus},{GeneMark_model.57_t;GeneMark}
83226	83203	internal-	4	6	{Augustus_model.g52.t1;Augustus},{GeneMark_model.57_t;GeneMark}
83304	83227	INTRON			{Augustus_model.g52.t1;Augustus},{GeneMark_model.57_t;GeneMark}
83672	83305	internal-	5	6	{GlimmerHMM_glimmerT_48-T1;GlimmerHMM},{Augustus_model.g52.t1;Augustus},{GeneMark_model.57_t;GeneMark}
83772	83673	INTRON			{GlimmerHMM_glimmerT_48-T1;GlimmerHMM},{Augustus_model.g52.t1;Augustus},{GeneMark_model.57_t;GeneMark}
84040	83773	internal-	4	4	{GlimmerHMM_glimmerT_48-T1;GlimmerHMM},{Augustus_model.g52.t1;Augustus},{GeneMark_model.57_t;GeneMark}
84098	84041	INTRON			{GlimmerHMM_glimmerT_48-T1;GlimmerHMM},{Augustus_model.g52.t1;Augustus},{GeneMark_model.57_t;GeneMark}
84142	84099	internal-	5	6	{GlimmerHMM_glimmerT_48-T1;GlimmerHMM},{Augustus_model.g52.t1;Augustus},{GeneMark_model.57_t;GeneMark}
84225	84143	INTRON			{Augustus_model.g52.t1;Augustus},{GeneMark_model.57_t;GeneMark}
84229	84226	initial-	4	4	{Augustus_model.g52.t1;Augustus},{snap_scaffold_1-snap.52-T1;snap}

# EVM prediction: Mode:STANDARD S-ratio: 2.18 85034-86629 orient(-) score(6425.00) noncoding_equivalent(2941.33) raw_noncoding(3426.07) offset(484.74) 
85055	85034	terminal-	6	6	{GeneMark_model.58_t;GeneMark},{Augustus_model.g53.t1;Augustus}
85120	85056	INTRON			{GeneMark_model.58_t;GeneMark},{Augustus_model.g53.t1;Augustus},{ev_type:exonerate/ID=match.2566964.307/Target=lcl|KQ954472_1_prot_KWU45388_1_2230;exonerate}
85325	85121	internal-	5	5	{GeneMark_model.58_t;GeneMark},{Augustus_model.g53.t1;Augustus},{ev_type:exonerate/ID=match.2566964.307/Target=lcl|KQ954472_1_prot_KWU45388_1_2230;exonerate}
85405	85326	INTRON			{GeneMark_model.58_t;GeneMark},{Augustus_model.g53.t1;Augustus},{GlimmerHMM_glimmerT_49-T1;GlimmerHMM},{snap_scaffold_1-snap.53-T1;snap},{ev_type:exonerate/ID=match.2566964.307/Target=lcl|KQ954472_1_prot_KWU45388_1_2230;exonerate}
85479	85406	internal-	6	4	{GeneMark_model.58_t;GeneMark},{Augustus_model.g53.t1;Augustus},{GlimmerHMM_glimmerT_49-T1;GlimmerHMM},{ev_type:exonerate/ID=match.2566964.307/Target=lcl|KQ954472_1_prot_KWU45388_1_2230;exonerate}
85547	85480	INTRON			{GeneMark_model.58_t;GeneMark},{Augustus_model.g53.t1;Augustus},{GlimmerHMM_glimmerT_49-T1;GlimmerHMM},{ev_type:exonerate/ID=match.2566964.307/Target=lcl|KQ954472_1_prot_KWU45388_1_2230;exonerate}
85634	85548	internal-	6	5	{GeneMark_model.58_t;GeneMark},{Augustus_model.g53.t1;Augustus},{GlimmerHMM_glimmerT_49-T1;GlimmerHMM},{ev_type:exonerate/ID=match.2566964.307/Target=lcl|KQ954472_1_prot_KWU45388_1_2230;exonerate}
85707	85635	INTRON			{GeneMark_model.58_t;GeneMark},{Augustus_model.g53.t1;Augustus},{GlimmerHMM_glimmerT_49-T1;GlimmerHMM},{ev_type:exonerate/ID=match.2566964.307/Target=lcl|KQ954472_1_prot_KWU45388_1_2230;exonerate}
85871	85708	internal-	4	5	{GeneMark_model.58_t;GeneMark},{Augustus_model.g53.t1;Augustus},{GlimmerHMM_glimmerT_49-T1;GlimmerHMM}
85936	85872	INTRON			{GeneMark_model.58_t;GeneMark},{Augustus_model.g53.t1;Augustus},{GlimmerHMM_glimmerT_49-T1;GlimmerHMM}
85968	85937	internal-	5	6	{GeneMark_model.58_t;GeneMark},{Augustus_model.g53.t1;Augustus},{GlimmerHMM_glimmerT_49-T1;GlimmerHMM}
86051	85969	INTRON			{GeneMark_model.58_t;GeneMark},{Augustus_model.g53.t1;Augustus},{GlimmerHMM_glimmerT_49-T1;GlimmerHMM}
86231	86052	internal-	5	4	{GeneMark_model.58_t;GeneMark},{Augustus_model.g53.t1;Augustus},{GlimmerHMM_glimmerT_49-T1;GlimmerHMM},{ev_type:exonerate/ID=match.2566964.307/Target=lcl|KQ954472_1_prot_KWU45388_1_2230;exonerate}
86310	86232	INTRON			{GeneMark_model.58_t;GeneMark},{Augustus_model.g53.t1;Augustus},{GlimmerHMM_glimmerT_49-T1;GlimmerHMM},{ev_type:exonerate/ID=match.2566964.307/Target=lcl|KQ954472_1_prot_KWU45388_1_2230;exonerate}
86495	86311	internal-	6	4	{GeneMark_model.58_t;GeneMark},{Augustus_model.g53.t1;Augustus},{GlimmerHMM_glimmerT_49-T1;GlimmerHMM}
86615	86496	INTRON			{GeneMark_model.58_t;GeneMark},{Augustus_model.g53.t1;Augustus},{GlimmerHMM_glimmerT_49-T1;GlimmerHMM}
86629	86616	initial-	4	5	{GeneMark_model.58_t;GeneMark},{Augustus_model.g53.t1;Augustus},{GlimmerHMM_glimmerT_49-T1;GlimmerHMM}

# EVM prediction: Mode:STANDARD S-ratio: 5.93 87077-88000 orient(+) score(5478.00) noncoding_equivalent(924.00) raw_noncoding(924.00) offset(0.00) 
87077	88000	single+	1	3	{GlimmerHMM_glimmerT_50-T1;GlimmerHMM},{Augustus_model.g54.t1;Augustus},{GeneMark_model.59_t;GeneMark}

# EVM prediction: Mode:STANDARD S-ratio: 5.76 88440-90421 orient(-) score(6754.00) noncoding_equivalent(1173.16) raw_noncoding(1672.47) offset(499.31) 
88444	88440	terminal-	5	6	{GeneMark_model.60_t;GeneMark},{Augustus_model.g55.t1;Augustus}
88545	88445	INTRON			{GeneMark_model.60_t;GeneMark},{Augustus_model.g55.t1;Augustus}
88802	88546	internal-	6	4	{GeneMark_model.60_t;GeneMark},{Augustus_model.g55.t1;Augustus},{GlimmerHMM_glimmerT_51-T1;GlimmerHMM}
88952	88803	INTRON			{GeneMark_model.60_t;GeneMark},{GlimmerHMM_glimmerT_51-T1;GlimmerHMM}
90421	88953	initial-	4	5	{GlimmerHMM_glimmerT_51-T1;GlimmerHMM}

# EVM prediction: Mode:STANDARD S-ratio: 1.85 90649-92144 orient(-) score(4160.00) noncoding_equivalent(2254.42) raw_noncoding(3026.00) offset(771.58) 
90798	90649	terminal-	4	6	{GeneMark_model.61_t;GeneMark},{Augustus_model.g56.t1;Augustus},{GlimmerHMM_glimmerT_52-T1;GlimmerHMM}
90872	90799	INTRON			{GeneMark_model.61_t;GeneMark},{Augustus_model.g56.t1;Augustus},{GlimmerHMM_glimmerT_52-T1;GlimmerHMM}
90901	90873	internal-	5	6	{GeneMark_model.61_t;GeneMark},{Augustus_model.g56.t1;Augustus},{GlimmerHMM_glimmerT_52-T1;GlimmerHMM}
90980	90902	INTRON			{GeneMark_model.61_t;GeneMark},{Augustus_model.g56.t1;Augustus}
91016	90981	internal-	5	4	{GeneMark_model.61_t;GeneMark},{Augustus_model.g56.t1;Augustus}
91084	91017	INTRON			{GeneMark_model.61_t;GeneMark},{Augustus_model.g56.t1;Augustus}
91199	91085	internal-	4	4	{GeneMark_model.61_t;GeneMark},{Augustus_model.g56.t1;Augustus},{GlimmerHMM_glimmerT_52-T1;GlimmerHMM}
91272	91200	INTRON			{GeneMark_model.61_t;GeneMark},{Augustus_model.g56.t1;Augustus},{GlimmerHMM_glimmerT_52-T1;GlimmerHMM}
91341	91273	internal-	4	6	{GeneMark_model.61_t;GeneMark},{Augustus_model.g56.t1;Augustus},{GlimmerHMM_glimmerT_52-T1;GlimmerHMM}
91417	91342	INTRON			{GeneMark_model.61_t;GeneMark},{Augustus_model.g56.t1;Augustus},{GlimmerHMM_glimmerT_52-T1;GlimmerHMM}
91532	91418	internal-	6	6	{GeneMark_model.61_t;GeneMark},{Augustus_model.g56.t1;Augustus},{GlimmerHMM_glimmerT_52-T1;GlimmerHMM}
91677	91533	INTRON			{GeneMark_model.61_t;GeneMark},{GlimmerHMM_glimmerT_52-T1;GlimmerHMM}
92144	91678	initial-	4	5	{GeneMark_model.61_t;GeneMark},{GlimmerHMM_glimmerT_52-T1;GlimmerHMM}

# EVM prediction: Mode:STANDARD S-ratio: 5.18 92533-94607 orient(-) score(7257.00) noncoding_equivalent(1399.87) raw_noncoding(1592.00) offset(192.13) 
93593	92533	terminal-	5	6	{Augustus_model.g57.t1;Augustus},{GlimmerHMM_glimmerT_53-T1;GlimmerHMM},{GeneMark_model.62_t;GeneMark}
93654	93594	INTRON			{Augustus_model.g57.t1;Augustus},{GlimmerHMM_glimmerT_53-T1;GlimmerHMM},{GeneMark_model.62_t;GeneMark}
94074	93655	internal-	5	4	{Augustus_model.g57.t1;Augustus},{GlimmerHMM_glimmerT_53-T1;GlimmerHMM},{GeneMark_model.62_t;GeneMark}
94134	94075	INTRON			{Augustus_model.g57.t1;Augustus},{GlimmerHMM_glimmerT_53-T1;GlimmerHMM},{GeneMark_model.62_t;GeneMark}
94175	94135	internal-	6	4	{Augustus_model.g57.t1;Augustus},{GlimmerHMM_glimmerT_53-T1;GlimmerHMM},{GeneMark_model.62_t;GeneMark}
94239	94176	INTRON			{Augustus_model.g57.t1;Augustus},{GlimmerHMM_glimmerT_53-T1;GlimmerHMM},{GeneMark_model.62_t;GeneMark}
94607	94240	initial-	4	5	{GlimmerHMM_glimmerT_53-T1;GlimmerHMM},{GeneMark_model.62_t;GeneMark}

# EVM prediction: Mode:STANDARD S-ratio: 1.98 97612-99018 orient(+) score(4107.00) noncoding_equivalent(2071.00) raw_noncoding(2490.00) offset(419.00) 
97612	97638	initial+	1	3	{GeneMark_model.64_t;GeneMark},{Augustus_model.g58.t1;Augustus}
97639	97698	INTRON			{GeneMark_model.64_t;GeneMark},{Augustus_model.g58.t1;Augustus}
97699	97878	internal+	1	3	{GeneMark_model.64_t;GeneMark},{Augustus_model.g58.t1;Augustus}
97879	97932	INTRON			{GeneMark_model.64_t;GeneMark},{Augustus_model.g58.t1;Augustus}
97933	98057	internal+	1	2	{GeneMark_model.64_t;GeneMark},{Augustus_model.g58.t1;Augustus}
98058	98127	INTRON			{GeneMark_model.64_t;GeneMark},{Augustus_model.g58.t1;Augustus},{GlimmerHMM_glimmerT_54-T1;GlimmerHMM}
98128	98223	internal+	3	2	{GeneMark_model.64_t;GeneMark},{Augustus_model.g58.t1;Augustus},{GlimmerHMM_glimmerT_54-T1;GlimmerHMM}
98224	98295	INTRON			{GeneMark_model.64_t;GeneMark},{Augustus_model.g58.t1;Augustus},{GlimmerHMM_glimmerT_54-T1;GlimmerHMM}
98296	98494	internal+	3	3	{GeneMark_model.64_t;GeneMark},{Augustus_model.g58.t1;Augustus},{GlimmerHMM_glimmerT_54-T1;GlimmerHMM}
98495	98561	INTRON			{GeneMark_model.64_t;GeneMark},{Augustus_model.g58.t1;Augustus},{GlimmerHMM_glimmerT_54-T1;GlimmerHMM}
98562	98662	internal+	1	2	{GeneMark_model.64_t;GeneMark},{Augustus_model.g58.t1;Augustus},{GlimmerHMM_glimmerT_54-T1;GlimmerHMM}
98663	98738	INTRON			{GeneMark_model.64_t;GeneMark},{Augustus_model.g58.t1;Augustus},{GlimmerHMM_glimmerT_54-T1;GlimmerHMM}
98739	99018	terminal+	3	3	{GeneMark_model.64_t;GeneMark},{Augustus_model.g58.t1;Augustus},{GlimmerHMM_glimmerT_54-T1;GlimmerHMM}

# EVM prediction: Mode:STANDARD S-ratio: 3.54 99251-102781 orient(-) score(12231.00) noncoding_equivalent(3452.14) raw_noncoding(4152.00) offset(699.86) 
99793	99251	terminal-	4	6	{Augustus_model.g59.t1;Augustus},{GlimmerHMM_glimmerT_55-T1;GlimmerHMM},{GeneMark_model.65_t;GeneMark},{snap_scaffold_1-snap.58-T1;snap}
99858	99794	INTRON			{Augustus_model.g59.t1;Augustus},{GlimmerHMM_glimmerT_55-T1;GlimmerHMM},{GeneMark_model.65_t;GeneMark}
100563	99859	internal-	4	6	{Augustus_model.g59.t1;Augustus},{GlimmerHMM_glimmerT_55-T1;GlimmerHMM},{GeneMark_model.65_t;GeneMark}
100628	100564	INTRON			{Augustus_model.g59.t1;Augustus},{GlimmerHMM_glimmerT_55-T1;GlimmerHMM},{GeneMark_model.65_t;GeneMark}
100681	100629	internal-	5	6	{Augustus_model.g59.t1;Augustus},{GlimmerHMM_glimmerT_55-T1;GlimmerHMM},{GeneMark_model.65_t;GeneMark}
100755	100682	INTRON			{Augustus_model.g59.t1;Augustus},{GlimmerHMM_glimmerT_55-T1;GlimmerHMM},{GeneMark_model.65_t;GeneMark}
101451	100756	internal-	5	4	{Augustus_model.g59.t1;Augustus},{GlimmerHMM_glimmerT_55-T1;GlimmerHMM},{GeneMark_model.65_t;GeneMark}
101516	101452	INTRON			{Augustus_model.g59.t1;Augustus},{GlimmerHMM_glimmerT_55-T1;GlimmerHMM},{GeneMark_model.65_t;GeneMark}
101635	101517	internal-	6	4	{Augustus_model.g59.t1;Augustus},{GlimmerHMM_glimmerT_55-T1;GlimmerHMM},{GeneMark_model.65_t;GeneMark}
101710	101636	INTRON			{Augustus_model.g59.t1;Augustus},{GlimmerHMM_glimmerT_55-T1;GlimmerHMM},{GeneMark_model.65_t;GeneMark}
101842	101711	internal-	6	5	{Augustus_model.g59.t1;Augustus},{GlimmerHMM_glimmerT_55-T1;GlimmerHMM},{GeneMark_model.65_t;GeneMark}
101926	101843	INTRON			{Augustus_model.g59.t1;Augustus},{GlimmerHMM_glimmerT_55-T1;GlimmerHMM},{GeneMark_model.65_t;GeneMark}
102260	101927	internal-	5	5	{Augustus_model.g59.t1;Augustus},{GlimmerHMM_glimmerT_55-T1;GlimmerHMM},{GeneMark_model.65_t;GeneMark}
102362	102261	INTRON			{Augustus_model.g59.t1;Augustus},{GlimmerHMM_glimmerT_55-T1;GlimmerHMM},{GeneMark_model.65_t;GeneMark}
102398	102363	internal-	5	4	{Augustus_model.g59.t1;Augustus},{GlimmerHMM_glimmerT_55-T1;GlimmerHMM},{GeneMark_model.65_t;GeneMark}
102592	102399	INTRON			{Augustus_model.g59.t1;Augustus},{GlimmerHMM_glimmerT_55-T1;GlimmerHMM},{GeneMark_model.65_t;GeneMark}
102608	102593	internal-	4	4	{Augustus_model.g59.t1;Augustus},{GlimmerHMM_glimmerT_55-T1;GlimmerHMM},{GeneMark_model.65_t;GeneMark}
102685	102609	INTRON			{Augustus_model.g59.t1;Augustus},{GlimmerHMM_glimmerT_55-T1;GlimmerHMM},{GeneMark_model.65_t;GeneMark}
102781	102686	initial-	4	6	{Augustus_model.g59.t1;Augustus},{GlimmerHMM_glimmerT_55-T1;GlimmerHMM},{GeneMark_model.65_t;GeneMark}

# EVM prediction: Mode:STANDARD S-ratio: 11.04 103315-110005 orient(+) score(25232.00) noncoding_equivalent(2284.94) raw_noncoding(2557.00) offset(272.06) 
103315	105873	initial+	1	3	{GlimmerHMM_glimmerT_56-T1;GlimmerHMM},{Augustus_model.g60.t1;Augustus},{GeneMark_model.66_t;GeneMark}
105874	105941	INTRON			{GlimmerHMM_glimmerT_56-T1;GlimmerHMM},{Augustus_model.g60.t1;Augustus},{GeneMark_model.66_t;GeneMark}
105942	106039	internal+	1	2	{GlimmerHMM_glimmerT_56-T1;GlimmerHMM},{Augustus_model.g60.t1;Augustus},{GeneMark_model.66_t;GeneMark}
106040	106100	INTRON			{GlimmerHMM_glimmerT_56-T1;GlimmerHMM},{Augustus_model.g60.t1;Augustus},{GeneMark_model.66_t;GeneMark}
106101	108541	internal+	3	1	{GlimmerHMM_glimmerT_56-T1;GlimmerHMM},{Augustus_model.g60.t1;Augustus},{GeneMark_model.66_t;GeneMark}
108542	108612	INTRON			{GlimmerHMM_glimmerT_56-T1;GlimmerHMM},{Augustus_model.g60.t1;Augustus},{GeneMark_model.66_t;GeneMark}
108613	108774	internal+	2	1	{GlimmerHMM_glimmerT_56-T1;GlimmerHMM},{Augustus_model.g60.t1;Augustus},{GeneMark_model.66_t;GeneMark}
108775	108836	INTRON			{GlimmerHMM_glimmerT_56-T1;GlimmerHMM},{Augustus_model.g60.t1;Augustus},{GeneMark_model.66_t;GeneMark}
108837	109066	internal+	2	3	{GlimmerHMM_glimmerT_56-T1;GlimmerHMM},{Augustus_model.g60.t1;Augustus},{GeneMark_model.66_t;GeneMark}
109067	109132	INTRON			{GlimmerHMM_glimmerT_56-T1;GlimmerHMM},{Augustus_model.g60.t1;Augustus},{GeneMark_model.66_t;GeneMark}
109133	109360	internal+	1	3	{Augustus_model.g60.t1;Augustus},{GeneMark_model.66_t;GeneMark}
109361	109426	INTRON			{Augustus_model.g60.t1;Augustus},{GeneMark_model.66_t;GeneMark}
109427	109786	internal+	1	3	{Augustus_model.g60.t1;Augustus},{GeneMark_model.66_t;GeneMark}
109787	109849	INTRON			{GlimmerHMM_glimmerT_56-T1;GlimmerHMM},{Augustus_model.g60.t1;Augustus},{GeneMark_model.66_t;GeneMark}
109850	110005	terminal+	1	3	{GlimmerHMM_glimmerT_56-T1;GlimmerHMM},{Augustus_model.g60.t1;Augustus},{GeneMark_model.66_t;GeneMark}

# EVM prediction: Mode:STANDARD S-ratio: 2.04 110119-111473 orient(-) score(3646.00) noncoding_equivalent(1789.34) raw_noncoding(2183.00) offset(393.66) 
110425	110119	terminal-	6	6	{GeneMark_model.67_t;GeneMark},{Augustus_model.g61.t1;Augustus},{GlimmerHMM_glimmerT_57-T1;GlimmerHMM}
110497	110426	INTRON			{GeneMark_model.67_t;GeneMark},{Augustus_model.g61.t1;Augustus},{GlimmerHMM_glimmerT_57-T1;GlimmerHMM}
110814	110498	internal-	4	5	{GeneMark_model.67_t;GeneMark},{GlimmerHMM_glimmerT_57-T1;GlimmerHMM}
110877	110815	INTRON			{GeneMark_model.67_t;GeneMark}
111036	110878	internal-	4	6	{GeneMark_model.67_t;GeneMark}
111101	111037	INTRON			{GeneMark_model.67_t;GeneMark},{Augustus_model.g61.t1;Augustus}
111473	111102	initial-	4	6	{Augustus_model.g61.t1;Augustus}

# EVM prediction: Mode:STANDARD S-ratio: 50.81 112340-114046 orient(+) score(6695.00) noncoding_equivalent(131.77) raw_noncoding(131.77) offset(0.00) 
112340	114046	single+	1	3	{Augustus_model.g62.t1;Augustus},{GlimmerHMM_glimmerT_58-T1;GlimmerHMM}

# EVM prediction: Mode:STANDARD S-ratio: 3.31 114206-115823 orient(-) score(10919.00) noncoding_equivalent(3300.48) raw_noncoding(4115.48) offset(815.00) 
114514	114206	terminal-	4	6	{HiQ_model.g63.t1;HiQ},{GeneMark_model.69_t;GeneMark},{GlimmerHMM_glimmerT_59-T1;GlimmerHMM}
114611	114515	INTRON			{HiQ_model.g63.t1;HiQ},{GeneMark_model.69_t;GeneMark},{GlimmerHMM_glimmerT_59-T1;GlimmerHMM},{ev_type:exonerate/ID=match.2566964.246/Target=lcl|PJQD01000033_1_prot_POY73875_1_3085;exonerate},{ev_type:exonerate/ID=match.2566964.261/Target=lcl|BJWK01000001_1_prot_GEM06528_1_545;exonerate},{ev_type:exonerate/ID=match.2566964.258/Target=lcl|LCTV02000009_1_prot_PRQ72850_1_8406;exonerate}
114734	114612	internal-	4	6	{HiQ_model.g63.t1;HiQ},{GeneMark_model.69_t;GeneMark},{GlimmerHMM_glimmerT_59-T1;GlimmerHMM},{ev_type:exonerate/ID=match.2566964.246/Target=lcl|PJQD01000033_1_prot_POY73875_1_3085;exonerate},{ev_type:exonerate/ID=match.2566964.261/Target=lcl|BJWK01000001_1_prot_GEM06528_1_545;exonerate},{ev_type:exonerate/ID=match.2566964.258/Target=lcl|LCTV02000009_1_prot_PRQ72850_1_8406;exonerate}
114840	114735	INTRON			{HiQ_model.g63.t1;HiQ},{GeneMark_model.69_t;GeneMark},{GlimmerHMM_glimmerT_59-T1;GlimmerHMM},{ev_type:exonerate/ID=match.2566964.246/Target=lcl|PJQD01000033_1_prot_POY73875_1_3085;exonerate},{ev_type:exonerate/ID=match.2566964.261/Target=lcl|BJWK01000001_1_prot_GEM06528_1_545;exonerate},{ev_type:exonerate/ID=match.2566964.258/Target=lcl|LCTV02000009_1_prot_PRQ72850_1_8406;exonerate}
115060	114841	internal-	6	6	{HiQ_model.g63.t1;HiQ},{GeneMark_model.69_t;GeneMark},{GlimmerHMM_glimmerT_59-T1;GlimmerHMM},{ev_type:exonerate/ID=match.2566964.246/Target=lcl|PJQD01000033_1_prot_POY73875_1_3085;exonerate},{ev_type:exonerate/ID=match.2566964.261/Target=lcl|BJWK01000001_1_prot_GEM06528_1_545;exonerate},{ev_type:exonerate/ID=match.2566964.258/Target=lcl|LCTV02000009_1_prot_PRQ72850_1_8406;exonerate}
115145	115061	INTRON			{HiQ_model.g63.t1;HiQ},{GeneMark_model.69_t;GeneMark},{GlimmerHMM_glimmerT_59-T1;GlimmerHMM},{ev_type:exonerate/ID=match.2566964.246/Target=lcl|PJQD01000033_1_prot_POY73875_1_3085;exonerate},{ev_type:exonerate/ID=match.2566964.261/Target=lcl|BJWK01000001_1_prot_GEM06528_1_545;exonerate},{ev_type:exonerate/ID=match.2566964.258/Target=lcl|LCTV02000009_1_prot_PRQ72850_1_8406;exonerate}
115319	115146	internal-	6	5	{HiQ_model.g63.t1;HiQ},{GeneMark_model.69_t;GeneMark},{GlimmerHMM_glimmerT_59-T1;GlimmerHMM},{ev_type:exonerate/ID=match.2566964.246/Target=lcl|PJQD01000033_1_prot_POY73875_1_3085;exonerate},{ev_type:exonerate/ID=match.2566964.261/Target=lcl|BJWK01000001_1_prot_GEM06528_1_545;exonerate},{ev_type:exonerate/ID=match.2566964.258/Target=lcl|LCTV02000009_1_prot_PRQ72850_1_8406;exonerate}
115384	115320	INTRON			{HiQ_model.g63.t1;HiQ},{GeneMark_model.69_t;GeneMark},{GlimmerHMM_glimmerT_59-T1;GlimmerHMM},{ev_type:exonerate/ID=match.2566964.246/Target=lcl|PJQD01000033_1_prot_POY73875_1_3085;exonerate},{ev_type:exonerate/ID=match.2566964.258/Target=lcl|LCTV02000009_1_prot_PRQ72850_1_8406;exonerate}
115637	115385	internal-	5	5	{HiQ_model.g63.t1;HiQ},{GeneMark_model.69_t;GeneMark},{GlimmerHMM_glimmerT_59-T1;GlimmerHMM},{ev_type:exonerate/ID=match.2566964.246/Target=lcl|PJQD01000033_1_prot_POY73875_1_3085;exonerate},{ev_type:exonerate/ID=match.2566964.258/Target=lcl|LCTV02000009_1_prot_PRQ72850_1_8406;exonerate}
115705	115638	INTRON			{HiQ_model.g63.t1;HiQ},{GeneMark_model.69_t;GeneMark},{GlimmerHMM_glimmerT_59-T1;GlimmerHMM},{ev_type:exonerate/ID=match.2566964.246/Target=lcl|PJQD01000033_1_prot_POY73875_1_3085;exonerate},{ev_type:exonerate/ID=match.2566964.261/Target=lcl|BJWK01000001_1_prot_GEM06528_1_545;exonerate},{ev_type:exonerate/ID=match.2566964.258/Target=lcl|LCTV02000009_1_prot_PRQ72850_1_8406;exonerate}
115823	115706	initial-	4	4	{HiQ_model.g63.t1;HiQ},{GeneMark_model.69_t;GeneMark}

# EVM prediction: Mode:STANDARD S-ratio: 11.49 116079-117012 orient(+) score(3544.00) noncoding_equivalent(308.45) raw_noncoding(373.65) offset(65.20) 
116079	116209	initial+	1	2	{GlimmerHMM_glimmerT_60-T1;GlimmerHMM},{GeneMark_model.70_t;GeneMark},{Augustus_model.g64.t1;Augustus}
116210	116270	INTRON			{GlimmerHMM_glimmerT_60-T1;GlimmerHMM},{GeneMark_model.70_t;GeneMark},{Augustus_model.g64.t1;Augustus}
116271	117012	terminal+	3	3	{GlimmerHMM_glimmerT_60-T1;GlimmerHMM},{GeneMark_model.70_t;GeneMark},{Augustus_model.g64.t1;Augustus},{snap_scaffold_1-snap.65-T1;snap}

# EVM prediction: Mode:STANDARD S-ratio: 6.03 119648-122929 orient(-) score(11273.00) noncoding_equivalent(1868.94) raw_noncoding(2388.00) offset(519.06) 
119998	119648	terminal-	4	6	{GlimmerHMM_glimmerT_62-T1;GlimmerHMM},{Augustus_model.g65.t1;Augustus},{GeneMark_model.71_t;GeneMark}
120071	119999	INTRON			{GlimmerHMM_glimmerT_62-T1;GlimmerHMM},{Augustus_model.g65.t1;Augustus},{GeneMark_model.71_t;GeneMark}
122278	120072	internal-	5	6	{Augustus_model.g65.t1;Augustus},{GeneMark_model.71_t;GeneMark}
122342	122279	INTRON			{GeneMark_model.71_t;GeneMark}
122606	122343	internal-	5	4	{GeneMark_model.71_t;GeneMark}
122679	122607	INTRON			{Augustus_model.g65.t1;Augustus},{GeneMark_model.71_t;GeneMark}
122715	122680	internal-	5	4	{Augustus_model.g65.t1;Augustus},{GeneMark_model.71_t;GeneMark}
122808	122716	INTRON			{Augustus_model.g65.t1;Augustus},{GeneMark_model.71_t;GeneMark}
122929	122809	initial-	4	4	{GlimmerHMM_glimmerT_62-T1;GlimmerHMM},{GeneMark_model.71_t;GeneMark}

# EVM prediction: Mode:STANDARD S-ratio: 4.61 123334-124764 orient(-) score(10805.00) noncoding_equivalent(2345.16) raw_noncoding(4692.00) offset(2346.84) 
123384	123334	terminal-	4	6	{GeneMark_model.72_t;GeneMark},{HiQ_model.g66.t1;HiQ},{GlimmerHMM_glimmerT_63-T1;GlimmerHMM}
123449	123385	INTRON			{GeneMark_model.72_t;GeneMark},{HiQ_model.g66.t1;HiQ},{GlimmerHMM_glimmerT_63-T1;GlimmerHMM},{ev_type:exonerate/ID=match.2566964.627/Target=lcl|BJWK01000001_1_prot_GEM06511_1_528;exonerate},{ev_type:exonerate/ID=match.2566964.629/Target=lcl|NW_017264928_1_prot_XP_018274724_1_784;exonerate},{ev_type:exonerate/ID=match.2566964.513/Target=lcl|KQ954472_1_prot_KWU45413_1_2255;exonerate},{ev_type:exonerate/ID=match.2566964.626/Target=lcl|LCTV02000009_1_prot_PRQ72830_1_8386;exonerate}
123547	123450	internal-	5	6	{GeneMark_model.72_t;GeneMark},{HiQ_model.g66.t1;HiQ},{GlimmerHMM_glimmerT_63-T1;GlimmerHMM},{ev_type:exonerate/ID=match.2566964.627/Target=lcl|BJWK01000001_1_prot_GEM06511_1_528;exonerate},{ev_type:exonerate/ID=match.2566964.629/Target=lcl|NW_017264928_1_prot_XP_018274724_1_784;exonerate},{ev_type:exonerate/ID=match.2566964.513/Target=lcl|KQ954472_1_prot_KWU45413_1_2255;exonerate},{ev_type:exonerate/ID=match.2566964.626/Target=lcl|LCTV02000009_1_prot_PRQ72830_1_8386;exonerate}
123802	123548	INTRON			{GeneMark_model.72_t;GeneMark},{HiQ_model.g66.t1;HiQ},{GlimmerHMM_glimmerT_63-T1;GlimmerHMM},{ev_type:exonerate/ID=match.2566964.627/Target=lcl|BJWK01000001_1_prot_GEM06511_1_528;exonerate},{ev_type:exonerate/ID=match.2566964.629/Target=lcl|NW_017264928_1_prot_XP_018274724_1_784;exonerate},{ev_type:exonerate/ID=match.2566964.513/Target=lcl|KQ954472_1_prot_KWU45413_1_2255;exonerate},{ev_type:exonerate/ID=match.2566964.626/Target=lcl|LCTV02000009_1_prot_PRQ72830_1_8386;exonerate}
124078	123803	internal-	5	4	{GeneMark_model.72_t;GeneMark},{HiQ_model.g66.t1;HiQ},{GlimmerHMM_glimmerT_63-T1;GlimmerHMM},{ev_type:exonerate/ID=match.2566964.627/Target=lcl|BJWK01000001_1_prot_GEM06511_1_528;exonerate},{ev_type:exonerate/ID=match.2566964.629/Target=lcl|NW_017264928_1_prot_XP_018274724_1_784;exonerate},{ev_type:exonerate/ID=match.2566964.513/Target=lcl|KQ954472_1_prot_KWU45413_1_2255;exonerate},{ev_type:exonerate/ID=match.2566964.626/Target=lcl|LCTV02000009_1_prot_PRQ72830_1_8386;exonerate}
124522	124079	INTRON			{GeneMark_model.72_t;GeneMark},{HiQ_model.g66.t1;HiQ},{ev_type:exonerate/ID=match.2566964.627/Target=lcl|BJWK01000001_1_prot_GEM06511_1_528;exonerate},{ev_type:exonerate/ID=match.2566964.629/Target=lcl|NW_017264928_1_prot_XP_018274724_1_784;exonerate},{ev_type:exonerate/ID=match.2566964.513/Target=lcl|KQ954472_1_prot_KWU45413_1_2255;exonerate},{ev_type:exonerate/ID=match.2566964.626/Target=lcl|LCTV02000009_1_prot_PRQ72830_1_8386;exonerate}
124570	124523	internal-	5	4	{GeneMark_model.72_t;GeneMark},{HiQ_model.g66.t1;HiQ},{ev_type:exonerate/ID=match.2566964.627/Target=lcl|BJWK01000001_1_prot_GEM06511_1_528;exonerate},{ev_type:exonerate/ID=match.2566964.629/Target=lcl|NW_017264928_1_prot_XP_018274724_1_784;exonerate},{ev_type:exonerate/ID=match.2566964.513/Target=lcl|KQ954472_1_prot_KWU45413_1_2255;exonerate},{ev_type:exonerate/ID=match.2566964.626/Target=lcl|LCTV02000009_1_prot_PRQ72830_1_8386;exonerate}
124697	124571	INTRON			{GeneMark_model.72_t;GeneMark},{HiQ_model.g66.t1;HiQ},{ev_type:exonerate/ID=match.2566964.627/Target=lcl|BJWK01000001_1_prot_GEM06511_1_528;exonerate},{ev_type:exonerate/ID=match.2566964.629/Target=lcl|NW_017264928_1_prot_XP_018274724_1_784;exonerate},{ev_type:exonerate/ID=match.2566964.513/Target=lcl|KQ954472_1_prot_KWU45413_1_2255;exonerate},{ev_type:exonerate/ID=match.2566964.626/Target=lcl|LCTV02000009_1_prot_PRQ72830_1_8386;exonerate}
124764	124698	initial-	4	4	{GeneMark_model.72_t;GeneMark},{HiQ_model.g66.t1;HiQ},{GlimmerHMM_glimmerT_63-T1;GlimmerHMM}

# EVM prediction: Mode:STANDARD S-ratio: 3.66 125848-128342 orient(-) score(7948.00) noncoding_equivalent(2168.83) raw_noncoding(2591.18) offset(422.35) 
127035	125848	terminal-	4	6	{GeneMark_model.73_t;GeneMark}
127091	127036	INTRON			{GeneMark_model.73_t;GeneMark},{Augustus_model.g67.t1;Augustus}
127763	127092	internal-	4	6	{GeneMark_model.73_t;GeneMark},{GlimmerHMM_glimmerT_64-T1;GlimmerHMM}
127835	127764	INTRON			{GeneMark_model.73_t;GeneMark},{Augustus_model.g67.t1;Augustus},{GlimmerHMM_glimmerT_64-T1;GlimmerHMM}
128086	127836	internal-	5	6	{GeneMark_model.73_t;GeneMark},{Augustus_model.g67.t1;Augustus},{GlimmerHMM_glimmerT_64-T1;GlimmerHMM}
128153	128087	INTRON			{GeneMark_model.73_t;GeneMark},{Augustus_model.g67.t1;Augustus}
128179	128154	internal-	6	4	{GeneMark_model.73_t;GeneMark},{Augustus_model.g67.t1;Augustus}
128241	128180	INTRON			{GeneMark_model.73_t;GeneMark},{Augustus_model.g67.t1;Augustus}
128342	128242	initial-	4	5	{Augustus_model.g67.t1;Augustus}

# EVM prediction: Mode:STANDARD S-ratio: 2.09 129417-130352 orient(+) score(2808.00) noncoding_equivalent(1344.00) raw_noncoding(1566.00) offset(222.00) 
129417	129451	initial+	1	2	{Augustus_model.g68.t1;Augustus}
129452	129521	INTRON			{GeneMark_model.74_t;GeneMark},{GlimmerHMM_glimmerT_65-T1;GlimmerHMM},{Augustus_model.g68.t1;Augustus}
129522	129846	internal+	3	3	{GeneMark_model.74_t;GeneMark},{GlimmerHMM_glimmerT_65-T1;GlimmerHMM},{Augustus_model.g68.t1;Augustus}
129847	129915	INTRON			{GeneMark_model.74_t;GeneMark},{GlimmerHMM_glimmerT_65-T1;GlimmerHMM},{Augustus_model.g68.t1;Augustus}
129916	130112	internal+	1	2	{GeneMark_model.74_t;GeneMark},{GlimmerHMM_glimmerT_65-T1;GlimmerHMM},{Augustus_model.g68.t1;Augustus}
130113	130183	INTRON			{GeneMark_model.74_t;GeneMark},{GlimmerHMM_glimmerT_65-T1;GlimmerHMM},{Augustus_model.g68.t1;Augustus}
130184	130352	terminal+	3	3	{GeneMark_model.74_t;GeneMark},{GlimmerHMM_glimmerT_65-T1;GlimmerHMM},{Augustus_model.g68.t1;Augustus}

# EVM prediction: Mode:STANDARD S-ratio: 5.60 130409-131832 orient(-) score(5134.00) noncoding_equivalent(916.00) raw_noncoding(995.00) offset(79.00) 
131204	130409	terminal-	6	6	{GlimmerHMM_glimmerT_66-T1;GlimmerHMM},{GeneMark_model.75_t;GeneMark},{Augustus_model.g69.t1;Augustus},{snap_scaffold_1-snap.69-T1;snap}
131262	131205	INTRON			{GlimmerHMM_glimmerT_66-T1;GlimmerHMM},{GeneMark_model.75_t;GeneMark},{Augustus_model.g69.t1;Augustus},{snap_scaffold_1-snap.69-T1;snap}
131410	131263	internal-	5	5	{GlimmerHMM_glimmerT_66-T1;GlimmerHMM},{GeneMark_model.75_t;GeneMark},{Augustus_model.g69.t1;Augustus}
131477	131411	INTRON			{GlimmerHMM_glimmerT_66-T1;GlimmerHMM},{GeneMark_model.75_t;GeneMark},{Augustus_model.g69.t1;Augustus}
131832	131478	initial-	4	4	{GlimmerHMM_glimmerT_66-T1;GlimmerHMM},{GeneMark_model.75_t;GeneMark},{Augustus_model.g69.t1;Augustus}

