!! Predictions spanning range 25 - 32983 [R1]
# EVM prediction: Mode:STANDARD S-ratio: 1.26 25-790 orient(-) score(1829.00) noncoding_equivalent(1449.00) raw_noncoding(1921.00) offset(472.00) 
33	25	internal-	4	6	{GeneMark_model.6438_t;GeneMark},{Augustus_model.g5014.t1;Augustus}
113	34	INTRON			{GeneMark_model.6438_t;GeneMark},{Augustus_model.g5014.t1;Augustus}
164	114	internal-	4	6	{GeneMark_model.6438_t;GeneMark},{Augustus_model.g5014.t1;Augustus}
224	165	INTRON			{GeneMark_model.6438_t;GeneMark},{Augustus_model.g5014.t1;Augustus}
420	225	internal-	6	6	{GeneMark_model.6438_t;GeneMark},{Augustus_model.g5014.t1;Augustus}
487	421	INTRON			{GeneMark_model.6438_t;GeneMark},{Augustus_model.g5014.t1;Augustus}
655	488	internal-	6	5	{GeneMark_model.6438_t;GeneMark},{Augustus_model.g5014.t1;Augustus}
764	656	INTRON			{GeneMark_model.6438_t;GeneMark},{GlimmerHMM_glimmerT_6004-T1;GlimmerHMM},{Augustus_model.g5014.t1;Augustus}
790	765	initial-	4	5	{GeneMark_model.6438_t;GeneMark}

# EVM prediction: Mode:STANDARD S-ratio: 2.41 1362-2924 orient(+) score(4669.00) noncoding_equivalent(1937.80) raw_noncoding(2595.00) offset(657.20) 
1362	1406	initial+	1	3	{GlimmerHMM_glimmerT_6005-T1;GlimmerHMM},{GeneMark_model.6439_t;GeneMark},{Augustus_model.g5015.t1;Augustus}
1407	1492	INTRON			{GeneMark_model.6439_t;GeneMark},{Augustus_model.g5015.t1;Augustus}
1493	1545	internal+	1	2	{GeneMark_model.6439_t;GeneMark},{Augustus_model.g5015.t1;Augustus}
1546	1615	INTRON			{GeneMark_model.6439_t;GeneMark},{Augustus_model.g5015.t1;Augustus}
1616	2075	internal+	3	3	{GeneMark_model.6439_t;GeneMark},{Augustus_model.g5015.t1;Augustus}
2076	2165	INTRON			{GlimmerHMM_glimmerT_6005-T1;GlimmerHMM},{GeneMark_model.6439_t;GeneMark},{Augustus_model.g5015.t1;Augustus}
2166	2229	internal+	1	1	{GlimmerHMM_glimmerT_6005-T1;GlimmerHMM},{GeneMark_model.6439_t;GeneMark},{Augustus_model.g5015.t1;Augustus}
2230	2323	INTRON			{GlimmerHMM_glimmerT_6005-T1;GlimmerHMM},{GeneMark_model.6439_t;GeneMark},{Augustus_model.g5015.t1;Augustus}
2324	2630	internal+	2	2	{GlimmerHMM_glimmerT_6005-T1;GlimmerHMM},{Augustus_model.g5015.t1;Augustus}
2631	2679	INTRON			{GlimmerHMM_glimmerT_6005-T1;GlimmerHMM},{Augustus_model.g5015.t1;Augustus}
2680	2684	internal+	3	1	{GlimmerHMM_glimmerT_6005-T1;GlimmerHMM},{Augustus_model.g5015.t1;Augustus}
2685	2757	INTRON			{GlimmerHMM_glimmerT_6005-T1;GlimmerHMM},{Augustus_model.g5015.t1;Augustus}
2758	2924	terminal+	2	3	{GlimmerHMM_glimmerT_6005-T1;GlimmerHMM},{GeneMark_model.6439_t;GeneMark},{Augustus_model.g5015.t1;Augustus}

# EVM prediction: Mode:STANDARD S-ratio: 2.66 3196-5117 orient(-) score(5877.00) noncoding_equivalent(2207.00) raw_noncoding(2750.00) offset(543.00) 
3586	3196	terminal-	6	6	{GeneMark_model.6440_t;GeneMark},{Augustus_model.g5016.t1;Augustus},{GlimmerHMM_glimmerT_6006-T1;GlimmerHMM},{snap_scaffold_23-snap.2-T1;snap}
3682	3587	INTRON			{GeneMark_model.6440_t;GeneMark},{Augustus_model.g5016.t1;Augustus},{GlimmerHMM_glimmerT_6006-T1;GlimmerHMM}
4215	3683	internal-	4	5	{GlimmerHMM_glimmerT_6006-T1;GlimmerHMM}
4308	4216	INTRON			{GlimmerHMM_glimmerT_6006-T1;GlimmerHMM}
4461	4309	internal-	4	6	{GlimmerHMM_glimmerT_6006-T1;GlimmerHMM}
4529	4462	INTRON			{GeneMark_model.6440_t;GeneMark},{Augustus_model.g5016.t1;Augustus},{GlimmerHMM_glimmerT_6006-T1;GlimmerHMM}
4721	4530	internal-	4	6	{GeneMark_model.6440_t;GeneMark},{Augustus_model.g5016.t1;Augustus},{GlimmerHMM_glimmerT_6006-T1;GlimmerHMM}
4780	4722	INTRON			{GeneMark_model.6440_t;GeneMark},{Augustus_model.g5016.t1;Augustus},{GlimmerHMM_glimmerT_6006-T1;GlimmerHMM}
4992	4781	internal-	5	6	{GeneMark_model.6440_t;GeneMark},{Augustus_model.g5016.t1;Augustus},{GlimmerHMM_glimmerT_6006-T1;GlimmerHMM}
5068	4993	INTRON			{GeneMark_model.6440_t;GeneMark},{Augustus_model.g5016.t1;Augustus},{GlimmerHMM_glimmerT_6006-T1;GlimmerHMM}
5117	5069	initial-	4	4	{GlimmerHMM_glimmerT_6006-T1;GlimmerHMM}

# EVM prediction: Mode:STANDARD S-ratio: 2.35 6281-8594 orient(+) score(8070.00) noncoding_equivalent(3438.80) raw_noncoding(6064.50) offset(2625.70) 
6281	6475	initial+	1	3	{GlimmerHMM_glimmerT_6007-T1;GlimmerHMM},{GeneMark_model.6441_t;GeneMark}
6476	7387	INTRON			{GeneMark_model.6441_t;GeneMark},{Augustus_model.g5017.t1;Augustus}
7388	7419	internal+	1	2	{GeneMark_model.6441_t;GeneMark},{Augustus_model.g5017.t1;Augustus}
7420	7503	INTRON			{GeneMark_model.6441_t;GeneMark},{Augustus_model.g5017.t1;Augustus},{ev_type:exonerate/ID=match.2566964.1317/Target=lcl|KQ954503_1_prot_KWU42646_1_4979;exonerate},{ev_type:exonerate/ID=match.2566964.1321/Target=lcl|PJQD01000047_1_prot_POY72720_1_4202;exonerate}
7504	7777	internal+	3	3	{GeneMark_model.6441_t;GeneMark},{Augustus_model.g5017.t1;Augustus},{ev_type:exonerate/ID=match.2566964.1317/Target=lcl|KQ954503_1_prot_KWU42646_1_4979;exonerate},{ev_type:exonerate/ID=match.2566964.1321/Target=lcl|PJQD01000047_1_prot_POY72720_1_4202;exonerate}
7778	7919	INTRON			{GlimmerHMM_glimmerT_6008-T1;GlimmerHMM},{ev_type:exonerate/ID=match.2566964.1321/Target=lcl|PJQD01000047_1_prot_POY72720_1_4202;exonerate}
7920	8203	internal+	1	2	{GlimmerHMM_glimmerT_6008-T1;GlimmerHMM},{GeneMark_model.6441_t;GeneMark},{Augustus_model.g5017.t1;Augustus},{ev_type:exonerate/ID=match.2566964.1321/Target=lcl|PJQD01000047_1_prot_POY72720_1_4202;exonerate}
8204	8265	INTRON			{GlimmerHMM_glimmerT_6008-T1;GlimmerHMM},{GeneMark_model.6441_t;GeneMark},{Augustus_model.g5017.t1;Augustus},{ev_type:exonerate/ID=match.2566964.1317/Target=lcl|KQ954503_1_prot_KWU42646_1_4979;exonerate},{ev_type:exonerate/ID=match.2566964.1321/Target=lcl|PJQD01000047_1_prot_POY72720_1_4202;exonerate}
8266	8377	internal+	3	3	{GlimmerHMM_glimmerT_6008-T1;GlimmerHMM},{GeneMark_model.6441_t;GeneMark},{Augustus_model.g5017.t1;Augustus},{ev_type:exonerate/ID=match.2566964.1317/Target=lcl|KQ954503_1_prot_KWU42646_1_4979;exonerate},{ev_type:exonerate/ID=match.2566964.1321/Target=lcl|PJQD01000047_1_prot_POY72720_1_4202;exonerate}
8378	8456	INTRON			{GlimmerHMM_glimmerT_6008-T1;GlimmerHMM},{GeneMark_model.6441_t;GeneMark},{Augustus_model.g5017.t1;Augustus},{ev_type:exonerate/ID=match.2566964.1317/Target=lcl|KQ954503_1_prot_KWU42646_1_4979;exonerate},{ev_type:exonerate/ID=match.2566964.1321/Target=lcl|PJQD01000047_1_prot_POY72720_1_4202;exonerate}
8457	8509	internal+	1	2	{GeneMark_model.6441_t;GeneMark},{Augustus_model.g5017.t1;Augustus},{ev_type:exonerate/ID=match.2566964.1317/Target=lcl|KQ954503_1_prot_KWU42646_1_4979;exonerate},{ev_type:exonerate/ID=match.2566964.1321/Target=lcl|PJQD01000047_1_prot_POY72720_1_4202;exonerate}
8510	8572	INTRON			{GeneMark_model.6441_t;GeneMark},{Augustus_model.g5017.t1;Augustus},{ev_type:exonerate/ID=match.2566964.1317/Target=lcl|KQ954503_1_prot_KWU42646_1_4979;exonerate},{ev_type:exonerate/ID=match.2566964.1321/Target=lcl|PJQD01000047_1_prot_POY72720_1_4202;exonerate}
8573	8594	terminal+	3	3	{GeneMark_model.6441_t;GeneMark},{Augustus_model.g5017.t1;Augustus}

# EVM prediction: Mode:STANDARD S-ratio: 3.28 8996-11862 orient(-) score(9730.00) noncoding_equivalent(2967.47) raw_noncoding(3374.00) offset(406.53) 
9474	8996	terminal-	5	6	{Augustus_model.g5018.t1;Augustus},{GeneMark_model.6442_t;GeneMark},{GlimmerHMM_glimmerT_6009-T1;GlimmerHMM},{snap_scaffold_23-snap.4-T1;snap}
9545	9475	INTRON			{Augustus_model.g5018.t1;Augustus},{GeneMark_model.6442_t;GeneMark},{GlimmerHMM_glimmerT_6009-T1;GlimmerHMM},{snap_scaffold_23-snap.4-T1;snap}
9752	9546	internal-	5	4	{Augustus_model.g5018.t1;Augustus},{GeneMark_model.6442_t;GeneMark},{GlimmerHMM_glimmerT_6009-T1;GlimmerHMM}
9818	9753	INTRON			{Augustus_model.g5018.t1;Augustus},{GeneMark_model.6442_t;GeneMark},{GlimmerHMM_glimmerT_6009-T1;GlimmerHMM}
10028	9819	internal-	5	4	{Augustus_model.g5018.t1;Augustus},{GeneMark_model.6442_t;GeneMark},{GlimmerHMM_glimmerT_6009-T1;GlimmerHMM}
10112	10029	INTRON			{Augustus_model.g5018.t1;Augustus},{GeneMark_model.6442_t;GeneMark},{GlimmerHMM_glimmerT_6009-T1;GlimmerHMM}
10237	10113	internal-	6	4	{Augustus_model.g5018.t1;Augustus},{GeneMark_model.6442_t;GeneMark},{GlimmerHMM_glimmerT_6009-T1;GlimmerHMM}
10305	10238	INTRON			{Augustus_model.g5018.t1;Augustus},{GeneMark_model.6442_t;GeneMark},{GlimmerHMM_glimmerT_6009-T1;GlimmerHMM}
10372	10306	internal-	5	5	{Augustus_model.g5018.t1;Augustus},{GeneMark_model.6442_t;GeneMark},{GlimmerHMM_glimmerT_6009-T1;GlimmerHMM}
10443	10373	INTRON			{Augustus_model.g5018.t1;Augustus},{GeneMark_model.6442_t;GeneMark},{GlimmerHMM_glimmerT_6009-T1;GlimmerHMM}
10941	10444	internal-	5	4	{Augustus_model.g5018.t1;Augustus},{GeneMark_model.6442_t;GeneMark},{GlimmerHMM_glimmerT_6009-T1;GlimmerHMM}
11006	10942	INTRON			{Augustus_model.g5018.t1;Augustus},{GeneMark_model.6442_t;GeneMark},{GlimmerHMM_glimmerT_6009-T1;GlimmerHMM}
11420	11007	internal-	5	4	{Augustus_model.g5018.t1;Augustus},{GeneMark_model.6442_t;GeneMark},{GlimmerHMM_glimmerT_6009-T1;GlimmerHMM}
11487	11421	INTRON			{Augustus_model.g5018.t1;Augustus},{GeneMark_model.6442_t;GeneMark},{GlimmerHMM_glimmerT_6009-T1;GlimmerHMM}
11778	11488	internal-	5	4	{Augustus_model.g5018.t1;Augustus},{GeneMark_model.6442_t;GeneMark},{GlimmerHMM_glimmerT_6009-T1;GlimmerHMM}
11849	11779	INTRON			{Augustus_model.g5018.t1;Augustus},{GeneMark_model.6442_t;GeneMark},{GlimmerHMM_glimmerT_6009-T1;GlimmerHMM}
11862	11850	initial-	4	4	{Augustus_model.g5018.t1;Augustus},{GlimmerHMM_glimmerT_6009-T1;GlimmerHMM}

# EVM prediction: Mode:STANDARD S-ratio: 3.06 12557-17533 orient(+) score(15907.00) noncoding_equivalent(5204.21) raw_noncoding(6573.00) offset(1368.79) 
12557	12749	initial+	1	1	{GeneMark_model.6443_t;GeneMark},{GlimmerHMM_glimmerT_6010-T1;GlimmerHMM},{Augustus_model.g5019.t1;Augustus}
12750	12854	INTRON			{GeneMark_model.6443_t;GeneMark},{GlimmerHMM_glimmerT_6010-T1;GlimmerHMM},{Augustus_model.g5019.t1;Augustus}
12855	12990	internal+	2	2	{GeneMark_model.6443_t;GeneMark},{GlimmerHMM_glimmerT_6010-T1;GlimmerHMM},{Augustus_model.g5019.t1;Augustus}
12991	13064	INTRON			{GeneMark_model.6443_t;GeneMark},{GlimmerHMM_glimmerT_6010-T1;GlimmerHMM},{Augustus_model.g5019.t1;Augustus}
13065	13190	internal+	3	2	{GeneMark_model.6443_t;GeneMark},{GlimmerHMM_glimmerT_6010-T1;GlimmerHMM},{Augustus_model.g5019.t1;Augustus}
13191	13259	INTRON			{GeneMark_model.6443_t;GeneMark},{Augustus_model.g5019.t1;Augustus}
13260	13274	internal+	3	2	{GeneMark_model.6443_t;GeneMark},{Augustus_model.g5019.t1;Augustus}
13275	13336	INTRON			{GeneMark_model.6443_t;GeneMark},{Augustus_model.g5019.t1;Augustus}
13337	13443	internal+	3	1	{GeneMark_model.6443_t;GeneMark},{GlimmerHMM_glimmerT_6010-T1;GlimmerHMM},{Augustus_model.g5019.t1;Augustus}
13444	13503	INTRON			{GeneMark_model.6443_t;GeneMark},{GlimmerHMM_glimmerT_6010-T1;GlimmerHMM},{snap_scaffold_23-snap.6-T1;snap},{Augustus_model.g5019.t1;Augustus}
13504	14900	internal+	2	3	{GeneMark_model.6443_t;GeneMark},{GlimmerHMM_glimmerT_6010-T1;GlimmerHMM},{Augustus_model.g5019.t1;Augustus}
14901	14962	INTRON			{GeneMark_model.6443_t;GeneMark},{GlimmerHMM_glimmerT_6010-T1;GlimmerHMM},{Augustus_model.g5019.t1;Augustus}
14963	15215	internal+	1	1	{GeneMark_model.6443_t;GeneMark},{GlimmerHMM_glimmerT_6010-T1;GlimmerHMM},{Augustus_model.g5019.t1;Augustus}
15216	15286	INTRON			{GeneMark_model.6443_t;GeneMark},{GlimmerHMM_glimmerT_6010-T1;GlimmerHMM},{Augustus_model.g5019.t1;Augustus}
15287	15555	internal+	2	3	{GeneMark_model.6443_t;GeneMark},{GlimmerHMM_glimmerT_6010-T1;GlimmerHMM},{Augustus_model.g5019.t1;Augustus}
15556	15622	INTRON			{GeneMark_model.6443_t;GeneMark},{GlimmerHMM_glimmerT_6010-T1;GlimmerHMM},{Augustus_model.g5019.t1;Augustus}
15623	15778	internal+	1	3	{GeneMark_model.6443_t;GeneMark},{GlimmerHMM_glimmerT_6010-T1;GlimmerHMM},{Augustus_model.g5019.t1;Augustus}
15779	15841	INTRON			{GeneMark_model.6443_t;GeneMark},{Augustus_model.g5019.t1;Augustus}
15842	15897	internal+	1	2	{GeneMark_model.6443_t;GeneMark},{Augustus_model.g5019.t1;Augustus}
15898	15958	INTRON			{GeneMark_model.6443_t;GeneMark},{Augustus_model.g5019.t1;Augustus}
15959	16042	internal+	3	2	{GeneMark_model.6443_t;GeneMark},{Augustus_model.g5019.t1;Augustus}
16043	16108	INTRON			{GeneMark_model.6443_t;GeneMark},{Augustus_model.g5019.t1;Augustus}
16109	16196	internal+	3	3	{GeneMark_model.6443_t;GeneMark},{Augustus_model.g5019.t1;Augustus}
16197	16261	INTRON			{GeneMark_model.6443_t;GeneMark},{Augustus_model.g5019.t1;Augustus}
16262	16348	internal+	1	3	{GeneMark_model.6443_t;GeneMark},{GlimmerHMM_glimmerT_6010-T1;GlimmerHMM},{Augustus_model.g5019.t1;Augustus}
16349	16409	INTRON			{GeneMark_model.6443_t;GeneMark},{GlimmerHMM_glimmerT_6010-T1;GlimmerHMM},{snap_scaffold_23-snap.7-T1;snap},{Augustus_model.g5019.t1;Augustus}
16410	17005	internal+	1	2	{GeneMark_model.6443_t;GeneMark},{Augustus_model.g5019.t1;Augustus}
17006	17061	INTRON			{GeneMark_model.6443_t;GeneMark},{Augustus_model.g5019.t1;Augustus}
17062	17292	internal+	3	2	{GeneMark_model.6443_t;GeneMark},{Augustus_model.g5019.t1;Augustus}
17293	17352	INTRON			{GeneMark_model.6443_t;GeneMark},{Augustus_model.g5019.t1;Augustus}
17353	17533	terminal+	3	3	{GeneMark_model.6443_t;GeneMark},{Augustus_model.g5019.t1;Augustus}

# EVM prediction: Mode:STANDARD S-ratio: 2.70 17609-25233 orient(-) score(22429.00) noncoding_equivalent(8315.27) raw_noncoding(11519.00) offset(3203.73) 
18151	17609	terminal-	4	6	{Augustus_model.g5020.t1;Augustus},{GeneMark_model.6444_t;GeneMark},{GlimmerHMM_glimmerT_6011-T1;GlimmerHMM}
18206	18152	INTRON			{Augustus_model.g5020.t1;Augustus},{GeneMark_model.6444_t;GeneMark},{GlimmerHMM_glimmerT_6011-T1;GlimmerHMM}
18388	18207	internal-	5	6	{Augustus_model.g5020.t1;Augustus},{GeneMark_model.6444_t;GeneMark},{GlimmerHMM_glimmerT_6011-T1;GlimmerHMM}
18462	18389	INTRON			{Augustus_model.g5020.t1;Augustus},{GeneMark_model.6444_t;GeneMark},{GlimmerHMM_glimmerT_6011-T1;GlimmerHMM}
18602	18463	internal-	6	4	{Augustus_model.g5020.t1;Augustus},{GeneMark_model.6444_t;GeneMark}
18659	18603	INTRON			{Augustus_model.g5020.t1;Augustus},{GeneMark_model.6444_t;GeneMark}
18836	18660	internal-	6	5	{Augustus_model.g5020.t1;Augustus},{GeneMark_model.6444_t;GeneMark}
18898	18837	INTRON			{Augustus_model.g5020.t1;Augustus},{GeneMark_model.6444_t;GeneMark},{GlimmerHMM_glimmerT_6011-T1;GlimmerHMM}
18975	18899	internal-	4	5	{Augustus_model.g5020.t1;Augustus},{GeneMark_model.6444_t;GeneMark}
19039	18976	INTRON			{Augustus_model.g5020.t1;Augustus},{GeneMark_model.6444_t;GeneMark}
19164	19040	internal-	5	6	{Augustus_model.g5020.t1;Augustus},{GeneMark_model.6444_t;GeneMark}
19227	19165	INTRON			{Augustus_model.g5020.t1;Augustus},{GeneMark_model.6444_t;GeneMark},{GlimmerHMM_glimmerT_6011-T1;GlimmerHMM}
19359	19228	internal-	5	4	{Augustus_model.g5020.t1;Augustus},{GeneMark_model.6444_t;GeneMark},{GlimmerHMM_glimmerT_6011-T1;GlimmerHMM}
19423	19360	INTRON			{Augustus_model.g5020.t1;Augustus},{GeneMark_model.6444_t;GeneMark},{GlimmerHMM_glimmerT_6011-T1;GlimmerHMM}
19575	19424	internal-	6	4	{Augustus_model.g5020.t1;Augustus},{GeneMark_model.6444_t;GeneMark},{GlimmerHMM_glimmerT_6011-T1;GlimmerHMM}
19696	19576	INTRON			{Augustus_model.g5020.t1;Augustus},{GeneMark_model.6444_t;GeneMark},{GlimmerHMM_glimmerT_6011-T1;GlimmerHMM}
19769	19697	internal-	5	5	{Augustus_model.g5020.t1;Augustus},{GeneMark_model.6444_t;GeneMark},{GlimmerHMM_glimmerT_6011-T1;GlimmerHMM}
19827	19770	INTRON			{Augustus_model.g5020.t1;Augustus},{GeneMark_model.6444_t;GeneMark},{GlimmerHMM_glimmerT_6011-T1;GlimmerHMM}
20176	19828	internal-	4	4	{Augustus_model.g5020.t1;Augustus},{GlimmerHMM_glimmerT_6011-T1;GlimmerHMM}
20236	20177	INTRON			{GeneMark_model.6444_t;GeneMark}
20258	20237	internal-	6	6	{GeneMark_model.6444_t;GeneMark}
20340	20259	INTRON			{GeneMark_model.6444_t;GeneMark}
20378	20341	internal-	4	5	{GeneMark_model.6444_t;GeneMark}
20435	20379	INTRON			{Augustus_model.g5020.t1;Augustus},{GeneMark_model.6444_t;GeneMark}
20730	20436	internal-	6	6	{GeneMark_model.6444_t;GeneMark},{GlimmerHMM_glimmerT_6011-T1;GlimmerHMM}
20793	20731	INTRON			{GeneMark_model.6444_t;GeneMark},{GlimmerHMM_glimmerT_6011-T1;GlimmerHMM}
21290	20794	internal-	4	5	{GeneMark_model.6444_t;GeneMark},{GlimmerHMM_glimmerT_6011-T1;GlimmerHMM}
21351	21291	INTRON			{Augustus_model.g5020.t1;Augustus},{GeneMark_model.6444_t;GeneMark},{GlimmerHMM_glimmerT_6011-T1;GlimmerHMM}
21388	21352	internal-	6	6	{Augustus_model.g5020.t1;Augustus},{GeneMark_model.6444_t;GeneMark},{GlimmerHMM_glimmerT_6011-T1;GlimmerHMM}
21450	21389	INTRON			{Augustus_model.g5020.t1;Augustus},{GeneMark_model.6444_t;GeneMark},{GlimmerHMM_glimmerT_6011-T1;GlimmerHMM}
21569	21451	internal-	4	5	{Augustus_model.g5020.t1;Augustus},{GeneMark_model.6444_t;GeneMark},{GlimmerHMM_glimmerT_6011-T1;GlimmerHMM}
21629	21570	INTRON			{Augustus_model.g5020.t1;Augustus},{GeneMark_model.6444_t;GeneMark},{GlimmerHMM_glimmerT_6011-T1;GlimmerHMM}
21809	21630	internal-	4	6	{Augustus_model.g5020.t1;Augustus},{GeneMark_model.6444_t;GeneMark},{GlimmerHMM_glimmerT_6011-T1;GlimmerHMM}
22079	21810	INTRON			{Augustus_model.g5020.t1;Augustus},{GlimmerHMM_glimmerT_6011-T1;GlimmerHMM}
22302	22080	internal-	6	6	{Augustus_model.g5020.t1;Augustus},{GlimmerHMM_glimmerT_6011-T1;GlimmerHMM}
22363	22303	INTRON			{Augustus_model.g5020.t1;Augustus},{GeneMark_model.6445_t;GeneMark}
22417	22364	internal-	6	5	{Augustus_model.g5020.t1;Augustus},{GeneMark_model.6445_t;GeneMark}
22478	22418	INTRON			{Augustus_model.g5020.t1;Augustus},{GeneMark_model.6445_t;GeneMark}
22511	22479	internal-	6	5	{Augustus_model.g5020.t1;Augustus},{GeneMark_model.6445_t;GeneMark}
22571	22512	INTRON			{Augustus_model.g5020.t1;Augustus},{GeneMark_model.6445_t;GeneMark}
22650	22572	internal-	5	5	{Augustus_model.g5020.t1;Augustus},{GeneMark_model.6445_t;GeneMark}
22926	22651	INTRON			{GlimmerHMM_glimmerT_6011-T1;GlimmerHMM}
23144	22927	internal-	6	4	{GlimmerHMM_glimmerT_6011-T1;GlimmerHMM}
23203	23145	INTRON			{Augustus_model.g5020.t1;Augustus},{GeneMark_model.6445_t;GeneMark},{GlimmerHMM_glimmerT_6011-T1;GlimmerHMM}
24256	23204	internal-	6	5	{GlimmerHMM_glimmerT_6011-T1;GlimmerHMM}
24374	24257	INTRON			{GlimmerHMM_glimmerT_6011-T1;GlimmerHMM}
24908	24375	internal-	6	5	{GlimmerHMM_glimmerT_6011-T1;GlimmerHMM}
24964	24909	INTRON			{GlimmerHMM_glimmerT_6011-T1;GlimmerHMM}
25233	24965	initial-	4	5	{GlimmerHMM_glimmerT_6011-T1;GlimmerHMM}

# EVM prediction: Mode:STANDARD S-ratio: 2.73 25958-27619 orient(+) score(6146.00) noncoding_equivalent(2247.75) raw_noncoding(2658.00) offset(410.25) 
25958	26330	initial+	1	1	{GlimmerHMM_glimmerT_6012-T1;GlimmerHMM}
26331	26359	INTRON			{GlimmerHMM_glimmerT_6012-T1;GlimmerHMM}
26360	26537	internal+	2	2	{GlimmerHMM_glimmerT_6012-T1;GlimmerHMM}
26538	26619	INTRON			{GeneMark_model.6446_t;GeneMark},{GlimmerHMM_glimmerT_6012-T1;GlimmerHMM},{Augustus_model.g5021.t1;Augustus}
26620	26825	internal+	3	1	{Augustus_model.g5021.t1;Augustus}
26826	26869	INTRON			{Augustus_model.g5021.t1;Augustus}
26870	27019	internal+	2	1	{GeneMark_model.6446_t;GeneMark},{GlimmerHMM_glimmerT_6012-T1;GlimmerHMM},{Augustus_model.g5021.t1;Augustus}
27020	27083	INTRON			{GeneMark_model.6446_t;GeneMark},{GlimmerHMM_glimmerT_6012-T1;GlimmerHMM},{Augustus_model.g5021.t1;Augustus},{ev_type:exonerate/ID=match.2566964.3518/Target=lcl|PJQD01000097_1_prot_POY70842_1_6974;exonerate}
27084	27226	internal+	2	3	{GeneMark_model.6446_t;GeneMark},{GlimmerHMM_glimmerT_6012-T1;GlimmerHMM},{Augustus_model.g5021.t1;Augustus},{ev_type:exonerate/ID=match.2566964.3518/Target=lcl|PJQD01000097_1_prot_POY70842_1_6974;exonerate}
27227	27298	INTRON			{GeneMark_model.6446_t;GeneMark},{GlimmerHMM_glimmerT_6012-T1;GlimmerHMM},{Augustus_model.g5021.t1;Augustus},{ev_type:exonerate/ID=match.2566964.3518/Target=lcl|PJQD01000097_1_prot_POY70842_1_6974;exonerate}
27299	27619	terminal+	1	3	{GeneMark_model.6446_t;GeneMark},{GlimmerHMM_glimmerT_6012-T1;GlimmerHMM},{Augustus_model.g5021.t1;Augustus}

# EVM prediction: Mode:STANDARD S-ratio: 1.34 28004-29562 orient(-) score(3507.00) noncoding_equivalent(2613.04) raw_noncoding(3308.61) offset(695.57) 
28060	28004	terminal-	4	6	{GeneMark_model.6447_t;GeneMark},{Augustus_model.g5022.t1;Augustus},{GlimmerHMM_glimmerT_6013-T1;GlimmerHMM}
28131	28061	INTRON			{GeneMark_model.6447_t;GeneMark},{Augustus_model.g5022.t1;Augustus},{GlimmerHMM_glimmerT_6013-T1;GlimmerHMM}
28203	28132	internal-	4	6	{GeneMark_model.6447_t;GeneMark},{Augustus_model.g5022.t1;Augustus},{GlimmerHMM_glimmerT_6013-T1;GlimmerHMM}
28287	28204	INTRON			{GeneMark_model.6447_t;GeneMark},{Augustus_model.g5022.t1;Augustus}
28355	28288	internal-	5	6	{GeneMark_model.6447_t;GeneMark},{Augustus_model.g5022.t1;Augustus}
28434	28356	INTRON			{GeneMark_model.6447_t;GeneMark},{Augustus_model.g5022.t1;Augustus}
29033	28435	internal-	6	4	{GeneMark_model.6447_t;GeneMark}
29094	29034	INTRON			{GeneMark_model.6447_t;GeneMark}
29160	29095	internal-	6	5	{GeneMark_model.6447_t;GeneMark}
29228	29161	INTRON			{GeneMark_model.6447_t;GeneMark}
29482	29229	internal-	4	5	{GlimmerHMM_glimmerT_6013-T1;GlimmerHMM}
29496	29483	INTRON			{GlimmerHMM_glimmerT_6013-T1;GlimmerHMM}
29562	29497	initial-	4	6	{GlimmerHMM_glimmerT_6013-T1;GlimmerHMM}

# EVM prediction: Mode:STANDARD S-ratio: 2.86 29862-31042 orient(+) score(5906.00) noncoding_equivalent(2067.30) raw_noncoding(2918.61) offset(851.32) 
29862	29868	initial+	1	1	{GeneMark_model.6448_t;GeneMark}
29869	29926	INTRON			{GeneMark_model.6448_t;GeneMark}
29927	29982	internal+	2	3	{GeneMark_model.6448_t;GeneMark},{Augustus_model.g5023.t1;Augustus},{ev_type:exonerate/ID=match.2566964.3604/Target=lcl|BJWK01000011_1_prot_GEM10476_1_4493;exonerate},{ev_type:exonerate/ID=match.2566964.3600/Target=lcl|NW_017264937_1_prot_XP_018269637_1_5040;exonerate},{ev_type:exonerate/ID=match.2566964.3602/Target=lcl|LCTV02000006_1_prot_PRQ74293_1_6278;exonerate}
29983	30092	INTRON			{GeneMark_model.6448_t;GeneMark},{Augustus_model.g5023.t1;Augustus},{ev_type:exonerate/ID=match.2566964.3604/Target=lcl|BJWK01000011_1_prot_GEM10476_1_4493;exonerate},{ev_type:exonerate/ID=match.2566964.3600/Target=lcl|NW_017264937_1_prot_XP_018269637_1_5040;exonerate},{ev_type:exonerate/ID=match.2566964.3602/Target=lcl|LCTV02000006_1_prot_PRQ74293_1_6278;exonerate}
30093	30170	internal+	1	3	{GeneMark_model.6448_t;GeneMark},{Augustus_model.g5023.t1;Augustus},{ev_type:exonerate/ID=match.2566964.3604/Target=lcl|BJWK01000011_1_prot_GEM10476_1_4493;exonerate},{ev_type:exonerate/ID=match.2566964.3600/Target=lcl|NW_017264937_1_prot_XP_018269637_1_5040;exonerate},{ev_type:exonerate/ID=match.2566964.3602/Target=lcl|LCTV02000006_1_prot_PRQ74293_1_6278;exonerate}
30171	30273	INTRON			{GeneMark_model.6448_t;GeneMark},{Augustus_model.g5023.t1;Augustus}
30274	30525	internal+	1	3	{GeneMark_model.6448_t;GeneMark},{Augustus_model.g5023.t1;Augustus}
30526	30595	INTRON			{GlimmerHMM_glimmerT_6014-T1;GlimmerHMM},{GeneMark_model.6448_t;GeneMark},{Augustus_model.g5023.t1;Augustus},{ev_type:exonerate/ID=match.2566964.3604/Target=lcl|BJWK01000011_1_prot_GEM10476_1_4493;exonerate},{ev_type:exonerate/ID=match.2566964.3600/Target=lcl|NW_017264937_1_prot_XP_018269637_1_5040;exonerate},{ev_type:exonerate/ID=match.2566964.3602/Target=lcl|LCTV02000006_1_prot_PRQ74293_1_6278;exonerate}
30596	30659	internal+	1	1	{GlimmerHMM_glimmerT_6014-T1;GlimmerHMM},{GeneMark_model.6448_t;GeneMark},{Augustus_model.g5023.t1;Augustus},{ev_type:exonerate/ID=match.2566964.3604/Target=lcl|BJWK01000011_1_prot_GEM10476_1_4493;exonerate},{ev_type:exonerate/ID=match.2566964.3600/Target=lcl|NW_017264937_1_prot_XP_018269637_1_5040;exonerate},{ev_type:exonerate/ID=match.2566964.3602/Target=lcl|LCTV02000006_1_prot_PRQ74293_1_6278;exonerate}
30660	30720	INTRON			{GlimmerHMM_glimmerT_6014-T1;GlimmerHMM},{GeneMark_model.6448_t;GeneMark},{Augustus_model.g5023.t1;Augustus},{ev_type:exonerate/ID=match.2566964.3604/Target=lcl|BJWK01000011_1_prot_GEM10476_1_4493;exonerate},{ev_type:exonerate/ID=match.2566964.3600/Target=lcl|NW_017264937_1_prot_XP_018269637_1_5040;exonerate},{ev_type:exonerate/ID=match.2566964.3602/Target=lcl|LCTV02000006_1_prot_PRQ74293_1_6278;exonerate}
30721	30752	internal+	2	3	{GlimmerHMM_glimmerT_6014-T1;GlimmerHMM},{GeneMark_model.6448_t;GeneMark},{Augustus_model.g5023.t1;Augustus},{ev_type:exonerate/ID=match.2566964.3604/Target=lcl|BJWK01000011_1_prot_GEM10476_1_4493;exonerate},{ev_type:exonerate/ID=match.2566964.3600/Target=lcl|NW_017264937_1_prot_XP_018269637_1_5040;exonerate},{ev_type:exonerate/ID=match.2566964.3602/Target=lcl|LCTV02000006_1_prot_PRQ74293_1_6278;exonerate}
30753	30824	INTRON			{GlimmerHMM_glimmerT_6014-T1;GlimmerHMM},{GeneMark_model.6448_t;GeneMark},{Augustus_model.g5023.t1;Augustus},{ev_type:exonerate/ID=match.2566964.3604/Target=lcl|BJWK01000011_1_prot_GEM10476_1_4493;exonerate},{ev_type:exonerate/ID=match.2566964.3600/Target=lcl|NW_017264937_1_prot_XP_018269637_1_5040;exonerate},{ev_type:exonerate/ID=match.2566964.3602/Target=lcl|LCTV02000006_1_prot_PRQ74293_1_6278;exonerate}
30825	30990	internal+	1	1	{GlimmerHMM_glimmerT_6014-T1;GlimmerHMM},{Augustus_model.g5023.t1;Augustus}
30991	31004	INTRON			{GlimmerHMM_glimmerT_6014-T1;GlimmerHMM}
31005	31042	terminal+	2	3	{GlimmerHMM_glimmerT_6014-T1;GlimmerHMM}

# EVM prediction: Mode:STANDARD S-ratio: 2.06 31702-32983 orient(-) score(3723.00) noncoding_equivalent(1803.00) raw_noncoding(2155.00) offset(352.00) 
31888	31702	terminal-	6	6	{GeneMark_model.6449_t;GeneMark},{GlimmerHMM_glimmerT_6015-T1;GlimmerHMM}
31951	31889	INTRON			{GeneMark_model.6449_t;GeneMark},{GlimmerHMM_glimmerT_6015-T1;GlimmerHMM}
32193	31952	internal-	4	5	{GeneMark_model.6449_t;GeneMark},{GlimmerHMM_glimmerT_6015-T1;GlimmerHMM}
32261	32194	INTRON			{GeneMark_model.6449_t;GeneMark},{GlimmerHMM_glimmerT_6015-T1;GlimmerHMM},{Augustus_model.g5024.t1;Augustus}
32421	32262	internal-	6	6	{GeneMark_model.6449_t;GeneMark},{GlimmerHMM_glimmerT_6015-T1;GlimmerHMM},{Augustus_model.g5024.t1;Augustus}
32493	32422	INTRON			{GeneMark_model.6449_t;GeneMark},{GlimmerHMM_glimmerT_6015-T1;GlimmerHMM},{Augustus_model.g5024.t1;Augustus}
32617	32494	internal-	5	5	{GeneMark_model.6449_t;GeneMark},{GlimmerHMM_glimmerT_6015-T1;GlimmerHMM},{Augustus_model.g5024.t1;Augustus}
32683	32618	INTRON			{GeneMark_model.6449_t;GeneMark},{GlimmerHMM_glimmerT_6015-T1;GlimmerHMM},{Augustus_model.g5024.t1;Augustus}
32826	32684	internal-	6	4	{GeneMark_model.6449_t;GeneMark},{GlimmerHMM_glimmerT_6015-T1;GlimmerHMM},{Augustus_model.g5024.t1;Augustus}
32891	32827	INTRON			{GeneMark_model.6449_t;GeneMark},{Augustus_model.g5024.t1;Augustus}
32983	32892	internal-	4	5	{GeneMark_model.6449_t;GeneMark}

