!! Predictions spanning range 1938 - 133452 [R1]
# EVM prediction: Mode:STANDARD S-ratio: 21.59 1938-2990 orient(+) score(4146.00) noncoding_equivalent(192.00) raw_noncoding(198.00) offset(6.00) 
1938	2225	initial+	1	3	{GlimmerHMM_glimmerT_3756-T1;GlimmerHMM},{Augustus_model.g3114.t1;Augustus},{GeneMark_model.4010_t;GeneMark}
2226	2291	INTRON			{GlimmerHMM_glimmerT_3756-T1;GlimmerHMM},{Augustus_model.g3114.t1;Augustus},{GeneMark_model.4010_t;GeneMark}
2292	2990	terminal+	1	3	{GlimmerHMM_glimmerT_3756-T1;GlimmerHMM},{Augustus_model.g3114.t1;Augustus},{GeneMark_model.4010_t;GeneMark}

# EVM prediction: Mode:STANDARD S-ratio: 2.60 3713-5475 orient(+) score(6296.00) noncoding_equivalent(2417.89) raw_noncoding(3392.00) offset(974.11) 
3713	3983	initial+	1	1	{Augustus_model.g3115.t1;Augustus},{GeneMark_model.4011_t;GeneMark}
3984	4079	INTRON			{Augustus_model.g3115.t1;Augustus},{GeneMark_model.4011_t;GeneMark},{ev_type:exonerate/ID=match.2566964.3576/Target=lcl|KQ954530_1_prot_KWU41658_1_5999;exonerate}
4080	4199	internal+	2	1	{Augustus_model.g3115.t1;Augustus},{GeneMark_model.4011_t;GeneMark},{ev_type:exonerate/ID=match.2566964.3576/Target=lcl|KQ954530_1_prot_KWU41658_1_5999;exonerate}
4200	4276	INTRON			{Augustus_model.g3115.t1;Augustus},{GeneMark_model.4011_t;GeneMark},{ev_type:exonerate/ID=match.2566964.3576/Target=lcl|KQ954530_1_prot_KWU41658_1_5999;exonerate}
4277	4326	internal+	2	3	{Augustus_model.g3115.t1;Augustus},{GeneMark_model.4011_t;GeneMark}
4327	4385	INTRON			{Augustus_model.g3115.t1;Augustus},{GeneMark_model.4011_t;GeneMark}
4386	4400	internal+	1	3	{Augustus_model.g3115.t1;Augustus},{GeneMark_model.4011_t;GeneMark}
4401	4468	INTRON			{Augustus_model.g3115.t1;Augustus},{GeneMark_model.4011_t;GeneMark}
4469	4588	internal+	1	3	{Augustus_model.g3115.t1;Augustus},{GeneMark_model.4011_t;GeneMark}
4589	4645	INTRON			{Augustus_model.g3115.t1;Augustus},{GeneMark_model.4011_t;GeneMark},{ev_type:exonerate/ID=match.2566964.3576/Target=lcl|KQ954530_1_prot_KWU41658_1_5999;exonerate}
4646	4854	internal+	1	2	{Augustus_model.g3115.t1;Augustus},{GeneMark_model.4011_t;GeneMark},{ev_type:exonerate/ID=match.2566964.3576/Target=lcl|KQ954530_1_prot_KWU41658_1_5999;exonerate}
4855	4919	INTRON			{Augustus_model.g3115.t1;Augustus},{GlimmerHMM_glimmerT_3757-T1;GlimmerHMM},{GeneMark_model.4011_t;GeneMark},{ev_type:exonerate/ID=match.2566964.3576/Target=lcl|KQ954530_1_prot_KWU41658_1_5999;exonerate}
4920	5060	internal+	3	2	{Augustus_model.g3115.t1;Augustus},{GlimmerHMM_glimmerT_3757-T1;GlimmerHMM},{GeneMark_model.4011_t;GeneMark},{ev_type:exonerate/ID=match.2566964.3576/Target=lcl|KQ954530_1_prot_KWU41658_1_5999;exonerate}
5061	5133	INTRON			{Augustus_model.g3115.t1;Augustus},{GlimmerHMM_glimmerT_3757-T1;GlimmerHMM},{GeneMark_model.4011_t;GeneMark},{ev_type:exonerate/ID=match.2566964.3576/Target=lcl|KQ954530_1_prot_KWU41658_1_5999;exonerate}
5134	5221	internal+	3	3	{Augustus_model.g3115.t1;Augustus},{GlimmerHMM_glimmerT_3757-T1;GlimmerHMM},{GeneMark_model.4011_t;GeneMark},{ev_type:exonerate/ID=match.2566964.3576/Target=lcl|KQ954530_1_prot_KWU41658_1_5999;exonerate}
5222	5284	INTRON			{Augustus_model.g3115.t1;Augustus},{GeneMark_model.4011_t;GeneMark},{ev_type:exonerate/ID=match.2566964.3576/Target=lcl|KQ954530_1_prot_KWU41658_1_5999;exonerate}
5285	5332	internal+	1	3	{Augustus_model.g3115.t1;Augustus},{GeneMark_model.4011_t;GeneMark},{ev_type:exonerate/ID=match.2566964.3576/Target=lcl|KQ954530_1_prot_KWU41658_1_5999;exonerate}
5333	5412	INTRON			{Augustus_model.g3115.t1;Augustus},{GeneMark_model.4011_t;GeneMark},{ev_type:exonerate/ID=match.2566964.3576/Target=lcl|KQ954530_1_prot_KWU41658_1_5999;exonerate}
5413	5475	terminal+	1	3	{Augustus_model.g3115.t1;Augustus},{GlimmerHMM_glimmerT_3757-T1;GlimmerHMM},{GeneMark_model.4011_t;GeneMark}

# EVM prediction: Mode:STANDARD S-ratio: 11.27 5912-8991 orient(-) score(12102.00) noncoding_equivalent(1073.61) raw_noncoding(1238.00) offset(164.39) 
8540	5912	terminal-	6	6	{GlimmerHMM_glimmerT_3758-T1;GlimmerHMM},{snap_scaffold_9-snap.75-T1;snap},{GeneMark_model.4012_t;GeneMark}
8602	8541	INTRON			{GlimmerHMM_glimmerT_3758-T1;GlimmerHMM},{GeneMark_model.4012_t;GeneMark},{Augustus_model.g3116.t1;Augustus}
8667	8603	internal-	4	5	{GlimmerHMM_glimmerT_3758-T1;GlimmerHMM},{GeneMark_model.4012_t;GeneMark},{Augustus_model.g3116.t1;Augustus}
8760	8668	INTRON			{GlimmerHMM_glimmerT_3758-T1;GlimmerHMM},{GeneMark_model.4012_t;GeneMark},{Augustus_model.g3116.t1;Augustus},{ev_type:exonerate/ID=match.2566964.1047/Target=lcl|NW_017264937_1_prot_XP_018269539_1_4942;exonerate}
8991	8761	initial-	4	6	{GlimmerHMM_glimmerT_3758-T1;GlimmerHMM},{Augustus_model.g3116.t1;Augustus}

# EVM prediction: Mode:STANDARD S-ratio: 2.01 9472-11366 orient(+) score(6397.00) noncoding_equivalent(3179.85) raw_noncoding(4014.00) offset(834.15) 
9472	9519	initial+	1	3	{GeneMark_model.4013_t;GeneMark},{GlimmerHMM_glimmerT_3759-T1;GlimmerHMM},{Augustus_model.g3117.t1;Augustus}
9520	9646	INTRON			{GeneMark_model.4013_t;GeneMark},{GlimmerHMM_glimmerT_3759-T1;GlimmerHMM},{Augustus_model.g3117.t1;Augustus}
9647	10132	internal+	1	3	{GeneMark_model.4013_t;GeneMark},{GlimmerHMM_glimmerT_3759-T1;GlimmerHMM},{Augustus_model.g3117.t1;Augustus}
10133	10205	INTRON			{GeneMark_model.4013_t;GeneMark},{GlimmerHMM_glimmerT_3759-T1;GlimmerHMM},{Augustus_model.g3117.t1;Augustus}
10206	10290	internal+	1	1	{GeneMark_model.4013_t;GeneMark},{GlimmerHMM_glimmerT_3759-T1;GlimmerHMM},{Augustus_model.g3117.t1;Augustus}
10291	10371	INTRON			{GeneMark_model.4013_t;GeneMark},{GlimmerHMM_glimmerT_3759-T1;GlimmerHMM},{Augustus_model.g3117.t1;Augustus}
10372	10390	internal+	2	2	{GeneMark_model.4013_t;GeneMark},{GlimmerHMM_glimmerT_3759-T1;GlimmerHMM},{Augustus_model.g3117.t1;Augustus}
10391	10469	INTRON			{GeneMark_model.4013_t;GeneMark},{GlimmerHMM_glimmerT_3759-T1;GlimmerHMM},{Augustus_model.g3117.t1;Augustus}
10470	10532	internal+	3	2	{GeneMark_model.4013_t;GeneMark},{GlimmerHMM_glimmerT_3759-T1;GlimmerHMM},{Augustus_model.g3117.t1;Augustus}
10533	10612	INTRON			{GeneMark_model.4013_t;GeneMark},{Augustus_model.g3117.t1;Augustus}
10613	10636	internal+	3	2	{GeneMark_model.4013_t;GeneMark},{Augustus_model.g3117.t1;Augustus}
10637	10723	INTRON			{GeneMark_model.4013_t;GeneMark},{Augustus_model.g3117.t1;Augustus}
10724	10809	internal+	3	1	{GeneMark_model.4013_t;GeneMark},{GlimmerHMM_glimmerT_3759-T1;GlimmerHMM},{Augustus_model.g3117.t1;Augustus}
10810	10921	INTRON			{GeneMark_model.4013_t;GeneMark},{snap_scaffold_9-snap.76-T1;snap},{GlimmerHMM_glimmerT_3759-T1;GlimmerHMM},{Augustus_model.g3117.t1;Augustus},{ev_type:exonerate/ID=match.2566964.3651/Target=lcl|PJQD01000058_1_prot_POY72114_1_5209;exonerate}
10922	11133	internal+	2	3	{GeneMark_model.4013_t;GeneMark},{GlimmerHMM_glimmerT_3759-T1;GlimmerHMM},{Augustus_model.g3117.t1;Augustus},{ev_type:exonerate/ID=match.2566964.3651/Target=lcl|PJQD01000058_1_prot_POY72114_1_5209;exonerate}
11134	11210	INTRON			{GeneMark_model.4013_t;GeneMark},{GlimmerHMM_glimmerT_3759-T1;GlimmerHMM},{Augustus_model.g3117.t1;Augustus},{ev_type:exonerate/ID=match.2566964.3651/Target=lcl|PJQD01000058_1_prot_POY72114_1_5209;exonerate}
11211	11281	internal+	1	2	{GeneMark_model.4013_t;GeneMark},{GlimmerHMM_glimmerT_3759-T1;GlimmerHMM},{Augustus_model.g3117.t1;Augustus}
11282	11359	INTRON			{GeneMark_model.4013_t;GeneMark},{GlimmerHMM_glimmerT_3759-T1;GlimmerHMM},{Augustus_model.g3117.t1;Augustus}
11360	11366	terminal+	3	3	{GeneMark_model.4013_t;GeneMark},{GlimmerHMM_glimmerT_3759-T1;GlimmerHMM},{Augustus_model.g3117.t1;Augustus}

# EVM prediction: Mode:STANDARD S-ratio: 2.59 11660-13120 orient(-) score(4659.00) noncoding_equivalent(1801.60) raw_noncoding(2130.00) offset(328.40) 
11931	11660	terminal-	5	6	{Augustus_model.g3118.t1;Augustus},{snap_scaffold_9-snap.77-T1;snap},{GlimmerHMM_glimmerT_3760-T1;GlimmerHMM},{GeneMark_model.4014_t;GeneMark}
12076	11932	INTRON			{Augustus_model.g3118.t1;Augustus},{GlimmerHMM_glimmerT_3760-T1;GlimmerHMM},{GeneMark_model.4014_t;GeneMark}
12158	12077	internal-	4	4	{Augustus_model.g3118.t1;Augustus},{GlimmerHMM_glimmerT_3760-T1;GlimmerHMM},{GeneMark_model.4014_t;GeneMark}
12239	12159	INTRON			{Augustus_model.g3118.t1;Augustus},{GlimmerHMM_glimmerT_3760-T1;GlimmerHMM},{GeneMark_model.4014_t;GeneMark}
12367	12240	internal-	5	6	{Augustus_model.g3118.t1;Augustus},{GlimmerHMM_glimmerT_3760-T1;GlimmerHMM},{GeneMark_model.4014_t;GeneMark}
12456	12368	INTRON			{Augustus_model.g3118.t1;Augustus},{GlimmerHMM_glimmerT_3760-T1;GlimmerHMM},{GeneMark_model.4014_t;GeneMark}
13120	12457	initial-	4	4	{Augustus_model.g3118.t1;Augustus},{GlimmerHMM_glimmerT_3760-T1;GlimmerHMM},{GeneMark_model.4014_t;GeneMark}

# EVM prediction: Mode:STANDARD S-ratio: 3.28 13290-15618 orient(+) score(7271.00) noncoding_equivalent(2214.99) raw_noncoding(3055.00) offset(840.01) 
13290	13418	initial+	1	3	{GlimmerHMM_glimmerT_3761-T1;GlimmerHMM},{GeneMark_model.4015_t;GeneMark},{Augustus_model.g3119.t1;Augustus}
13419	13542	INTRON			{GeneMark_model.4015_t;GeneMark},{Augustus_model.g3119.t1;Augustus}
13543	13667	internal+	1	2	{GeneMark_model.4015_t;GeneMark},{Augustus_model.g3119.t1;Augustus}
13668	13743	INTRON			{GeneMark_model.4015_t;GeneMark},{Augustus_model.g3119.t1;Augustus}
13744	13872	internal+	3	2	{GeneMark_model.4015_t;GeneMark},{Augustus_model.g3119.t1;Augustus}
13873	13934	INTRON			{GeneMark_model.4015_t;GeneMark},{Augustus_model.g3119.t1;Augustus}
13935	14123	internal+	3	2	{Augustus_model.g3119.t1;Augustus}
14124	14178	INTRON			{Augustus_model.g3119.t1;Augustus}
14179	14275	internal+	3	3	{Augustus_model.g3119.t1;Augustus}
14276	14318	INTRON			{Augustus_model.g3119.t1;Augustus}
14319	15255	internal+	1	1	{GeneMark_model.4015_t;GeneMark},{Augustus_model.g3119.t1;Augustus}
15256	15344	INTRON			{GlimmerHMM_glimmerT_3762-T1;GlimmerHMM},{GeneMark_model.4015_t;GeneMark},{Augustus_model.g3119.t1;Augustus}
15345	15505	internal+	2	3	{GlimmerHMM_glimmerT_3762-T1;GlimmerHMM},{GeneMark_model.4015_t;GeneMark},{Augustus_model.g3119.t1;Augustus}
15506	15603	INTRON			{GlimmerHMM_glimmerT_3762-T1;GlimmerHMM},{GeneMark_model.4015_t;GeneMark},{Augustus_model.g3119.t1;Augustus}
15604	15618	terminal+	1	3	{GlimmerHMM_glimmerT_3762-T1;GlimmerHMM},{GeneMark_model.4015_t;GeneMark},{Augustus_model.g3119.t1;Augustus}

# EVM prediction: Mode:STANDARD S-ratio: 5.14 15954-18008 orient(-) score(15264.00) noncoding_equivalent(2968.55) raw_noncoding(3673.16) offset(704.62) 
16257	15954	terminal-	6	6	{GlimmerHMM_glimmerT_3763-T1;GlimmerHMM},{HiQ_model.g3120.t1;HiQ},{GeneMark_model.4016_t;GeneMark}
16324	16258	INTRON			{GlimmerHMM_glimmerT_3763-T1;GlimmerHMM},{HiQ_model.g3120.t1;HiQ},{GeneMark_model.4016_t;GeneMark},{ev_type:exonerate/ID=match.2566964.3512/Target=lcl|PJQD01000058_1_prot_POY72111_1_5206;exonerate},{ev_type:exonerate/ID=match.2566964.3524/Target=lcl|NW_017264937_1_prot_XP_018269537_1_4940;exonerate},{ev_type:exonerate/ID=match.2566964.3513/Target=lcl|KQ954530_1_prot_KWU41662_1_6003;exonerate}
16460	16325	internal-	5	5	{GlimmerHMM_glimmerT_3763-T1;GlimmerHMM},{HiQ_model.g3120.t1;HiQ},{GeneMark_model.4016_t;GeneMark},{ev_type:exonerate/ID=match.2566964.3512/Target=lcl|PJQD01000058_1_prot_POY72111_1_5206;exonerate},{ev_type:exonerate/ID=match.2566964.3524/Target=lcl|NW_017264937_1_prot_XP_018269537_1_4940;exonerate},{ev_type:exonerate/ID=match.2566964.3513/Target=lcl|KQ954530_1_prot_KWU41662_1_6003;exonerate}
16528	16461	INTRON			{GlimmerHMM_glimmerT_3763-T1;GlimmerHMM},{HiQ_model.g3120.t1;HiQ},{GeneMark_model.4016_t;GeneMark},{ev_type:exonerate/ID=match.2566964.3512/Target=lcl|PJQD01000058_1_prot_POY72111_1_5206;exonerate},{ev_type:exonerate/ID=match.2566964.3524/Target=lcl|NW_017264937_1_prot_XP_018269537_1_4940;exonerate},{ev_type:exonerate/ID=match.2566964.3513/Target=lcl|KQ954530_1_prot_KWU41662_1_6003;exonerate}
16655	16529	internal-	4	4	{GlimmerHMM_glimmerT_3763-T1;GlimmerHMM},{HiQ_model.g3120.t1;HiQ},{GeneMark_model.4016_t;GeneMark},{ev_type:exonerate/ID=match.2566964.3512/Target=lcl|PJQD01000058_1_prot_POY72111_1_5206;exonerate},{ev_type:exonerate/ID=match.2566964.3524/Target=lcl|NW_017264937_1_prot_XP_018269537_1_4940;exonerate},{ev_type:exonerate/ID=match.2566964.3513/Target=lcl|KQ954530_1_prot_KWU41662_1_6003;exonerate}
16714	16656	INTRON			{HiQ_model.g3120.t1;HiQ},{GeneMark_model.4016_t;GeneMark},{ev_type:exonerate/ID=match.2566964.3512/Target=lcl|PJQD01000058_1_prot_POY72111_1_5206;exonerate},{ev_type:exonerate/ID=match.2566964.3524/Target=lcl|NW_017264937_1_prot_XP_018269537_1_4940;exonerate},{ev_type:exonerate/ID=match.2566964.3513/Target=lcl|KQ954530_1_prot_KWU41662_1_6003;exonerate}
16762	16715	internal-	4	6	{HiQ_model.g3120.t1;HiQ},{GeneMark_model.4016_t;GeneMark},{ev_type:exonerate/ID=match.2566964.3512/Target=lcl|PJQD01000058_1_prot_POY72111_1_5206;exonerate},{ev_type:exonerate/ID=match.2566964.3524/Target=lcl|NW_017264937_1_prot_XP_018269537_1_4940;exonerate},{ev_type:exonerate/ID=match.2566964.3513/Target=lcl|KQ954530_1_prot_KWU41662_1_6003;exonerate}
16830	16763	INTRON			{HiQ_model.g3120.t1;HiQ},{GeneMark_model.4016_t;GeneMark},{ev_type:exonerate/ID=match.2566964.3512/Target=lcl|PJQD01000058_1_prot_POY72111_1_5206;exonerate},{ev_type:exonerate/ID=match.2566964.3524/Target=lcl|NW_017264937_1_prot_XP_018269537_1_4940;exonerate},{ev_type:exonerate/ID=match.2566964.3513/Target=lcl|KQ954530_1_prot_KWU41662_1_6003;exonerate}
17632	16831	internal-	6	6	{GlimmerHMM_glimmerT_3763-T1;GlimmerHMM},{HiQ_model.g3120.t1;HiQ},{GeneMark_model.4016_t;GeneMark},{ev_type:exonerate/ID=match.2566964.3512/Target=lcl|PJQD01000058_1_prot_POY72111_1_5206;exonerate},{ev_type:exonerate/ID=match.2566964.3524/Target=lcl|NW_017264937_1_prot_XP_018269537_1_4940;exonerate},{ev_type:exonerate/ID=match.2566964.3513/Target=lcl|KQ954530_1_prot_KWU41662_1_6003;exonerate}
17697	17633	INTRON			{GlimmerHMM_glimmerT_3763-T1;GlimmerHMM},{HiQ_model.g3120.t1;HiQ},{GeneMark_model.4016_t;GeneMark},{ev_type:exonerate/ID=match.2566964.3512/Target=lcl|PJQD01000058_1_prot_POY72111_1_5206;exonerate},{ev_type:exonerate/ID=match.2566964.3524/Target=lcl|NW_017264937_1_prot_XP_018269537_1_4940;exonerate},{ev_type:exonerate/ID=match.2566964.3513/Target=lcl|KQ954530_1_prot_KWU41662_1_6003;exonerate}
18008	17698	initial-	4	5	{GlimmerHMM_glimmerT_3763-T1;GlimmerHMM},{HiQ_model.g3120.t1;HiQ},{GeneMark_model.4016_t;GeneMark}

# EVM prediction: Mode:STANDARD S-ratio: 2.21 18958-20062 orient(-) score(3028.00) noncoding_equivalent(1367.52) raw_noncoding(1807.00) offset(439.48) 
19198	18958	terminal-	6	6	{GeneMark_model.4017_t;GeneMark},{Augustus_model.g3121.t1;Augustus}
19277	19199	INTRON			{GeneMark_model.4017_t;GeneMark},{Augustus_model.g3121.t1;Augustus}
19388	19278	internal-	6	5	{GeneMark_model.4017_t;GeneMark},{Augustus_model.g3121.t1;Augustus}
19446	19389	INTRON			{GeneMark_model.4017_t;GeneMark},{Augustus_model.g3121.t1;Augustus}
19505	19447	internal-	4	5	{GeneMark_model.4017_t;GeneMark},{Augustus_model.g3121.t1;Augustus}
19580	19506	INTRON			{GeneMark_model.4017_t;GeneMark}
19771	19581	internal-	5	6	{GeneMark_model.4017_t;GeneMark}
19836	19772	INTRON			{GlimmerHMM_glimmerT_3764-T1;GlimmerHMM},{GeneMark_model.4017_t;GeneMark},{Augustus_model.g3121.t1;Augustus}
20062	19837	initial-	4	4	{GlimmerHMM_glimmerT_3764-T1;GlimmerHMM},{GeneMark_model.4017_t;GeneMark},{Augustus_model.g3121.t1;Augustus}

# EVM prediction: Mode:STANDARD S-ratio: 16.87 20602-22619 orient(-) score(7722.00) noncoding_equivalent(457.69) raw_noncoding(518.00) offset(60.31) 
22322	20602	terminal-	5	6	{GeneMark_model.4018_t;GeneMark},{Augustus_model.g3122.t1;Augustus},{GlimmerHMM_glimmerT_3765-T1;GlimmerHMM}
22378	22323	INTRON			{GeneMark_model.4018_t;GeneMark},{Augustus_model.g3122.t1;Augustus},{GlimmerHMM_glimmerT_3765-T1;GlimmerHMM}
22619	22379	initial-	4	4	{GeneMark_model.4018_t;GeneMark},{Augustus_model.g3122.t1;Augustus},{GlimmerHMM_glimmerT_3765-T1;GlimmerHMM}

# EVM prediction: Mode:STANDARD S-ratio: 16.55 23273-24235 orient(+) score(3774.00) noncoding_equivalent(228.00) raw_noncoding(234.00) offset(6.00) 
23273	23963	initial+	1	1	{Augustus_model.g3123.t1;Augustus},{GeneMark_model.4019_t;GeneMark},{GlimmerHMM_glimmerT_3766-T1;GlimmerHMM}
23964	24041	INTRON			{Augustus_model.g3123.t1;Augustus},{GeneMark_model.4019_t;GeneMark},{GlimmerHMM_glimmerT_3766-T1;GlimmerHMM}
24042	24235	terminal+	2	3	{Augustus_model.g3123.t1;Augustus},{GeneMark_model.4019_t;GeneMark},{GlimmerHMM_glimmerT_3766-T1;GlimmerHMM}

# EVM prediction: Mode:STANDARD S-ratio: 2.58 24721-25409 orient(+) score(2202.00) noncoding_equivalent(852.23) raw_noncoding(1124.64) offset(272.41) 
24721	24729	initial+	1	3	{Augustus_model.g3124.t1;Augustus}
24730	24800	INTRON			{Augustus_model.g3124.t1;Augustus}
24801	24867	internal+	1	1	{Augustus_model.g3124.t1;Augustus},{GlimmerHMM_glimmerT_3767-T1;GlimmerHMM}
24868	24941	INTRON			{GeneMark_model.4020_t;GeneMark},{Augustus_model.g3124.t1;Augustus},{GlimmerHMM_glimmerT_3767-T1;GlimmerHMM}
24942	25123	internal+	2	3	{GeneMark_model.4020_t;GeneMark},{Augustus_model.g3124.t1;Augustus},{GlimmerHMM_glimmerT_3767-T1;GlimmerHMM}
25124	25199	INTRON			{GeneMark_model.4020_t;GeneMark},{Augustus_model.g3124.t1;Augustus},{GlimmerHMM_glimmerT_3767-T1;GlimmerHMM},{snap_scaffold_9-snap.84-T1;snap}
25200	25409	terminal+	1	3	{GeneMark_model.4020_t;GeneMark},{Augustus_model.g3124.t1;Augustus},{GlimmerHMM_glimmerT_3767-T1;GlimmerHMM},{snap_scaffold_9-snap.84-T1;snap}

# EVM prediction: Mode:STANDARD S-ratio: 4.10 25705-27043 orient(-) score(4300.00) noncoding_equivalent(1049.97) raw_noncoding(1330.00) offset(280.03) 
25947	25705	terminal-	4	6	{GeneMark_model.4021_t;GeneMark},{Augustus_model.g3125.t1;Augustus}
26019	25948	INTRON			{GeneMark_model.4021_t;GeneMark},{Augustus_model.g3125.t1;Augustus}
26419	26020	internal-	6	6	{GeneMark_model.4021_t;GeneMark},{Augustus_model.g3125.t1;Augustus}
26480	26420	INTRON			{GeneMark_model.4021_t;GeneMark},{Augustus_model.g3125.t1;Augustus}
26571	26481	internal-	5	5	{GeneMark_model.4021_t;GeneMark},{Augustus_model.g3125.t1;Augustus}
26649	26572	INTRON			{GeneMark_model.4021_t;GeneMark},{Augustus_model.g3125.t1;Augustus}
27043	26650	initial-	4	4	{GeneMark_model.4021_t;GeneMark},{Augustus_model.g3125.t1;Augustus}

# EVM prediction: Mode:STANDARD S-ratio: 4.19 27383-33627 orient(-) score(21352.00) noncoding_equivalent(5096.47) raw_noncoding(5993.00) offset(896.53) 
27573	27383	terminal-	5	6	{Augustus_model.g3126.t1;Augustus},{GeneMark_model.4022_t;GeneMark},{GlimmerHMM_glimmerT_3769-T1;GlimmerHMM}
27640	27574	INTRON			{Augustus_model.g3126.t1;Augustus},{GeneMark_model.4022_t;GeneMark},{GlimmerHMM_glimmerT_3769-T1;GlimmerHMM}
27805	27641	internal-	5	4	{Augustus_model.g3126.t1;Augustus},{GeneMark_model.4022_t;GeneMark},{GlimmerHMM_glimmerT_3769-T1;GlimmerHMM}
27868	27806	INTRON			{Augustus_model.g3126.t1;Augustus},{GeneMark_model.4022_t;GeneMark},{GlimmerHMM_glimmerT_3769-T1;GlimmerHMM}
28108	27869	internal-	5	4	{Augustus_model.g3126.t1;Augustus},{GeneMark_model.4022_t;GeneMark},{GlimmerHMM_glimmerT_3769-T1;GlimmerHMM}
28169	28109	INTRON			{Augustus_model.g3126.t1;Augustus},{GeneMark_model.4022_t;GeneMark},{GlimmerHMM_glimmerT_3769-T1;GlimmerHMM}
28529	28170	internal-	5	4	{Augustus_model.g3126.t1;Augustus},{GeneMark_model.4022_t;GeneMark},{GlimmerHMM_glimmerT_3769-T1;GlimmerHMM}
28592	28530	INTRON			{Augustus_model.g3126.t1;Augustus},{GeneMark_model.4022_t;GeneMark},{GlimmerHMM_glimmerT_3769-T1;GlimmerHMM}
28811	28593	internal-	5	4	{Augustus_model.g3126.t1;Augustus},{GeneMark_model.4022_t;GeneMark},{GlimmerHMM_glimmerT_3769-T1;GlimmerHMM}
28874	28812	INTRON			{Augustus_model.g3126.t1;Augustus},{GeneMark_model.4022_t;GeneMark},{GlimmerHMM_glimmerT_3769-T1;GlimmerHMM}
29021	28875	internal-	5	4	{Augustus_model.g3126.t1;Augustus},{GeneMark_model.4022_t;GeneMark},{GlimmerHMM_glimmerT_3769-T1;GlimmerHMM}
29079	29022	INTRON			{Augustus_model.g3126.t1;Augustus},{GeneMark_model.4022_t;GeneMark},{GlimmerHMM_glimmerT_3769-T1;GlimmerHMM}
29328	29080	internal-	5	4	{Augustus_model.g3126.t1;Augustus},{GeneMark_model.4022_t;GeneMark}
29382	29329	INTRON			{Augustus_model.g3126.t1;Augustus},{GeneMark_model.4022_t;GeneMark}
29454	29383	internal-	5	4	{Augustus_model.g3126.t1;Augustus},{GeneMark_model.4022_t;GeneMark}
29511	29455	INTRON			{Augustus_model.g3126.t1;Augustus},{GeneMark_model.4022_t;GeneMark},{GlimmerHMM_glimmerT_3769-T1;GlimmerHMM}
29760	29512	internal-	5	4	{Augustus_model.g3126.t1;Augustus},{GeneMark_model.4022_t;GeneMark},{GlimmerHMM_glimmerT_3769-T1;GlimmerHMM}
29821	29761	INTRON			{Augustus_model.g3126.t1;Augustus},{GeneMark_model.4022_t;GeneMark},{GlimmerHMM_glimmerT_3769-T1;GlimmerHMM}
30676	29822	internal-	5	4	{Augustus_model.g3126.t1;Augustus},{GeneMark_model.4022_t;GeneMark},{GlimmerHMM_glimmerT_3769-T1;GlimmerHMM}
30737	30677	INTRON			{Augustus_model.g3126.t1;Augustus},{GeneMark_model.4022_t;GeneMark},{GlimmerHMM_glimmerT_3769-T1;GlimmerHMM}
31076	30738	internal-	5	4	{Augustus_model.g3126.t1;Augustus},{GeneMark_model.4022_t;GeneMark},{GlimmerHMM_glimmerT_3769-T1;GlimmerHMM}
31153	31077	INTRON			{Augustus_model.g3126.t1;Augustus},{GeneMark_model.4022_t;GeneMark},{GlimmerHMM_glimmerT_3769-T1;GlimmerHMM}
31556	31154	internal-	4	4	{Augustus_model.g3126.t1;Augustus},{GeneMark_model.4022_t;GeneMark},{GlimmerHMM_glimmerT_3769-T1;GlimmerHMM}
31642	31557	INTRON			{Augustus_model.g3126.t1;Augustus},{GeneMark_model.4022_t;GeneMark}
31653	31643	internal-	5	6	{Augustus_model.g3126.t1;Augustus},{GeneMark_model.4022_t;GeneMark}
31723	31654	INTRON			{Augustus_model.g3126.t1;Augustus},{GeneMark_model.4022_t;GeneMark}
32879	31724	internal-	4	4	{Augustus_model.g3126.t1;Augustus},{GeneMark_model.4022_t;GeneMark}
32954	32880	INTRON			{Augustus_model.g3126.t1;Augustus},{GeneMark_model.4022_t;GeneMark},{GlimmerHMM_glimmerT_3769-T1;GlimmerHMM}
33438	32955	internal-	6	6	{Augustus_model.g3126.t1;Augustus},{GeneMark_model.4022_t;GeneMark},{GlimmerHMM_glimmerT_3769-T1;GlimmerHMM}
33496	33439	INTRON			{Augustus_model.g3126.t1;Augustus},{GeneMark_model.4022_t;GeneMark},{GlimmerHMM_glimmerT_3769-T1;GlimmerHMM}
33627	33497	initial-	4	5	{Augustus_model.g3126.t1;Augustus},{GeneMark_model.4022_t;GeneMark},{GlimmerHMM_glimmerT_3769-T1;GlimmerHMM}

# EVM prediction: Mode:STANDARD S-ratio: 1.74 34538-35925 orient(+) score(3684.00) noncoding_equivalent(2120.93) raw_noncoding(2783.00) offset(662.07) 
34538	34674	initial+	1	2	{GlimmerHMM_glimmerT_3770-T1;GlimmerHMM},{Augustus_model.g3127.t1;Augustus},{GeneMark_model.4023_t;GeneMark}
34675	34742	INTRON			{GlimmerHMM_glimmerT_3770-T1;GlimmerHMM},{Augustus_model.g3127.t1;Augustus},{GeneMark_model.4023_t;GeneMark}
34743	34986	internal+	3	3	{GlimmerHMM_glimmerT_3770-T1;GlimmerHMM},{Augustus_model.g3127.t1;Augustus},{GeneMark_model.4023_t;GeneMark}
34987	35099	INTRON			{Augustus_model.g3127.t1;Augustus},{GeneMark_model.4023_t;GeneMark}
35100	35253	internal+	1	1	{Augustus_model.g3127.t1;Augustus},{GeneMark_model.4023_t;GeneMark}
35254	35321	INTRON			{Augustus_model.g3127.t1;Augustus},{GeneMark_model.4023_t;GeneMark}
35322	35386	internal+	2	3	{Augustus_model.g3127.t1;Augustus},{GeneMark_model.4023_t;GeneMark}
35387	35466	INTRON			{Augustus_model.g3127.t1;Augustus},{GeneMark_model.4023_t;GeneMark}
35467	35673	internal+	1	3	{GlimmerHMM_glimmerT_3770-T1;GlimmerHMM},{Augustus_model.g3127.t1;Augustus},{GeneMark_model.4023_t;GeneMark}
35674	35736	INTRON			{GlimmerHMM_glimmerT_3770-T1;GlimmerHMM},{Augustus_model.g3127.t1;Augustus},{GeneMark_model.4023_t;GeneMark}
35737	35925	terminal+	1	3	{GlimmerHMM_glimmerT_3770-T1;GlimmerHMM},{Augustus_model.g3127.t1;Augustus},{GeneMark_model.4023_t;GeneMark}

# EVM prediction: Mode:STANDARD S-ratio: 6.52 36054-38547 orient(-) score(9177.00) noncoding_equivalent(1407.37) raw_noncoding(1758.46) offset(351.09) 
36524	36054	terminal-	4	6	{GeneMark_model.4024_t;GeneMark},{GlimmerHMM_glimmerT_3771-T1;GlimmerHMM},{Augustus_model.g3128.t1;Augustus}
36590	36525	INTRON			{GeneMark_model.4024_t;GeneMark},{Augustus_model.g3128.t1;Augustus}
37171	36591	internal-	5	6	{GeneMark_model.4024_t;GeneMark},{Augustus_model.g3128.t1;Augustus}
37230	37172	INTRON			{GeneMark_model.4024_t;GeneMark},{GlimmerHMM_glimmerT_3771-T1;GlimmerHMM},{Augustus_model.g3128.t1;Augustus}
37680	37231	internal-	5	4	{GeneMark_model.4024_t;GeneMark},{GlimmerHMM_glimmerT_3771-T1;GlimmerHMM},{Augustus_model.g3128.t1;Augustus}
37752	37681	INTRON			{GeneMark_model.4024_t;GeneMark},{GlimmerHMM_glimmerT_3771-T1;GlimmerHMM},{Augustus_model.g3128.t1;Augustus},{ev_type:exonerate/ID=match.2566964.3643/Target=lcl|KQ954469_1_prot_KWU45978_1_1695;exonerate}
38407	37753	internal-	4	4	{GeneMark_model.4024_t;GeneMark},{GlimmerHMM_glimmerT_3771-T1;GlimmerHMM},{Augustus_model.g3128.t1;Augustus}
38511	38408	INTRON			{GeneMark_model.4024_t;GeneMark},{Augustus_model.g3128.t1;Augustus}
38547	38512	initial-	4	6	{GeneMark_model.4024_t;GeneMark},{Augustus_model.g3128.t1;Augustus}

# EVM prediction: Mode:STANDARD S-ratio: 4.91 38911-41377 orient(-) score(9801.00) noncoding_equivalent(1995.13) raw_noncoding(2425.13) offset(430.00) 
39155	38911	terminal-	5	6	{Augustus_model.g3129.t1;Augustus},{GeneMark_model.4025_t;GeneMark}
39229	39156	INTRON			{Augustus_model.g3129.t1;Augustus},{GeneMark_model.4025_t;GeneMark},{GlimmerHMM_glimmerT_3771-T1;GlimmerHMM}
39536	39230	internal-	4	4	{Augustus_model.g3129.t1;Augustus},{GeneMark_model.4025_t;GeneMark}
39602	39537	INTRON			{Augustus_model.g3129.t1;Augustus},{GeneMark_model.4025_t;GeneMark},{ev_type:exonerate/ID=match.2566964.3617/Target=lcl|KQ954469_1_prot_KWU45977_1_1694;exonerate}
40325	39603	internal-	4	6	{Augustus_model.g3129.t1;Augustus},{GeneMark_model.4025_t;GeneMark}
40390	40326	INTRON			{Augustus_model.g3129.t1;Augustus},{GeneMark_model.4025_t;GeneMark},{GlimmerHMM_glimmerT_3771-T1;GlimmerHMM}
40590	40391	internal-	5	6	{Augustus_model.g3129.t1;Augustus},{GeneMark_model.4025_t;GeneMark},{GlimmerHMM_glimmerT_3771-T1;GlimmerHMM},{ev_type:exonerate/ID=match.2566964.3617/Target=lcl|KQ954469_1_prot_KWU45977_1_1694;exonerate}
40665	40591	INTRON			{Augustus_model.g3129.t1;Augustus},{GeneMark_model.4025_t;GeneMark},{GlimmerHMM_glimmerT_3771-T1;GlimmerHMM},{ev_type:exonerate/ID=match.2566964.3617/Target=lcl|KQ954469_1_prot_KWU45977_1_1694;exonerate}
40827	40666	internal-	5	4	{Augustus_model.g3129.t1;Augustus},{GeneMark_model.4025_t;GeneMark},{GlimmerHMM_glimmerT_3771-T1;GlimmerHMM},{ev_type:exonerate/ID=match.2566964.3617/Target=lcl|KQ954469_1_prot_KWU45977_1_1694;exonerate}
40919	40828	INTRON			{Augustus_model.g3129.t1;Augustus},{GeneMark_model.4025_t;GeneMark},{GlimmerHMM_glimmerT_3771-T1;GlimmerHMM},{ev_type:exonerate/ID=match.2566964.3617/Target=lcl|KQ954469_1_prot_KWU45977_1_1694;exonerate}
40981	40920	internal-	6	4	{Augustus_model.g3129.t1;Augustus},{GeneMark_model.4025_t;GeneMark},{GlimmerHMM_glimmerT_3771-T1;GlimmerHMM},{ev_type:exonerate/ID=match.2566964.3617/Target=lcl|KQ954469_1_prot_KWU45977_1_1694;exonerate}
41078	40982	INTRON			{Augustus_model.g3129.t1;Augustus},{GeneMark_model.4025_t;GeneMark},{ev_type:exonerate/ID=match.2566964.3617/Target=lcl|KQ954469_1_prot_KWU45977_1_1694;exonerate}
41377	41079	initial-	4	5	{Augustus_model.g3129.t1;Augustus},{GeneMark_model.4025_t;GeneMark}

# EVM prediction: Mode:STANDARD S-ratio: 27.61 41830-43403 orient(-) score(6296.00) noncoding_equivalent(228.00) raw_noncoding(236.00) offset(8.00) 
43337	41830	terminal-	5	6	{Augustus_model.g3130.t1;Augustus},{GlimmerHMM_glimmerT_3772-T1;GlimmerHMM},{GeneMark_model.4026_t;GeneMark},{snap_scaffold_9-snap.94-T1;snap}
43396	43338	INTRON			{Augustus_model.g3130.t1;Augustus},{GlimmerHMM_glimmerT_3772-T1;GlimmerHMM},{GeneMark_model.4026_t;GeneMark},{snap_scaffold_9-snap.94-T1;snap}
43403	43397	initial-	4	4	{Augustus_model.g3130.t1;Augustus},{GlimmerHMM_glimmerT_3772-T1;GlimmerHMM},{GeneMark_model.4026_t;GeneMark},{snap_scaffold_9-snap.94-T1;snap}

# EVM prediction: Mode:STANDARD S-ratio: 2.39 44054-48401 orient(-) score(12751.00) noncoding_equivalent(5342.56) raw_noncoding(5815.00) offset(472.44) 
44833	44054	terminal-	4	6	{GeneMark_model.4027_t;GeneMark},{GlimmerHMM_glimmerT_3773-T1;GlimmerHMM},{Augustus_model.g3131.t1;Augustus}
44897	44834	INTRON			{GeneMark_model.4027_t;GeneMark},{GlimmerHMM_glimmerT_3773-T1;GlimmerHMM},{Augustus_model.g3131.t1;Augustus}
45309	44898	internal-	6	6	{GeneMark_model.4027_t;GeneMark},{Augustus_model.g3131.t1;Augustus}
45377	45310	INTRON			{GeneMark_model.4027_t;GeneMark},{Augustus_model.g3131.t1;Augustus}
45507	45378	internal-	5	5	{GeneMark_model.4027_t;GeneMark},{GlimmerHMM_glimmerT_3773-T1;GlimmerHMM},{Augustus_model.g3131.t1;Augustus}
45588	45508	INTRON			{GeneMark_model.4027_t;GeneMark},{GlimmerHMM_glimmerT_3773-T1;GlimmerHMM},{Augustus_model.g3131.t1;Augustus}
45670	45589	internal-	4	4	{GeneMark_model.4027_t;GeneMark},{GlimmerHMM_glimmerT_3773-T1;GlimmerHMM},{Augustus_model.g3131.t1;Augustus}
45749	45671	INTRON			{GeneMark_model.4027_t;GeneMark},{GlimmerHMM_glimmerT_3773-T1;GlimmerHMM},{Augustus_model.g3131.t1;Augustus}
46574	45750	internal-	4	6	{GeneMark_model.4027_t;GeneMark},{GlimmerHMM_glimmerT_3773-T1;GlimmerHMM}
46642	46575	INTRON			{GeneMark_model.4027_t;GeneMark},{GlimmerHMM_glimmerT_3773-T1;GlimmerHMM},{Augustus_model.g3131.t1;Augustus}
48187	46643	internal-	4	6	{GeneMark_model.4027_t;GeneMark},{GlimmerHMM_glimmerT_3773-T1;GlimmerHMM}
48257	48188	INTRON			{GeneMark_model.4027_t;GeneMark},{GlimmerHMM_glimmerT_3773-T1;GlimmerHMM},{Augustus_model.g3131.t1;Augustus}
48401	48258	initial-	4	6	{GeneMark_model.4027_t;GeneMark},{GlimmerHMM_glimmerT_3773-T1;GlimmerHMM},{Augustus_model.g3131.t1;Augustus}

# EVM prediction: Mode:STANDARD S-ratio: 5.48 48517-50105 orient(+) score(5580.00) noncoding_equivalent(1018.00) raw_noncoding(1151.00) offset(133.00) 
48517	48567	initial+	1	3	{GlimmerHMM_glimmerT_3774-T1;GlimmerHMM},{GeneMark_model.4028_t;GeneMark},{Augustus_model.g3132.t1;Augustus}
48568	48624	INTRON			{GlimmerHMM_glimmerT_3774-T1;GlimmerHMM},{GeneMark_model.4028_t;GeneMark},{Augustus_model.g3132.t1;Augustus}
48625	48786	internal+	1	3	{GlimmerHMM_glimmerT_3774-T1;GlimmerHMM},{GeneMark_model.4028_t;GeneMark},{Augustus_model.g3132.t1;Augustus}
48787	48854	INTRON			{GlimmerHMM_glimmerT_3774-T1;GlimmerHMM},{GeneMark_model.4028_t;GeneMark},{Augustus_model.g3132.t1;Augustus}
48855	50105	terminal+	1	3	{GlimmerHMM_glimmerT_3774-T1;GlimmerHMM},{GeneMark_model.4028_t;GeneMark},{Augustus_model.g3132.t1;Augustus}

# EVM prediction: Mode:STANDARD S-ratio: 2.60 50590-52182 orient(+) score(4745.00) noncoding_equivalent(1822.45) raw_noncoding(2259.00) offset(436.55) 
50590	50655	initial+	1	3	{Augustus_model.g3133.t1;Augustus},{GeneMark_model.4029_t;GeneMark},{GlimmerHMM_glimmerT_3775-T1;GlimmerHMM}
50656	50724	INTRON			{Augustus_model.g3133.t1;Augustus},{GeneMark_model.4029_t;GeneMark},{GlimmerHMM_glimmerT_3775-T1;GlimmerHMM}
50725	50893	internal+	1	1	{Augustus_model.g3133.t1;Augustus},{GlimmerHMM_glimmerT_3775-T1;GlimmerHMM}
50894	50982	INTRON			{GlimmerHMM_glimmerT_3775-T1;GlimmerHMM}
50983	51465	internal+	2	1	{GlimmerHMM_glimmerT_3775-T1;GlimmerHMM}
51466	51527	INTRON			{Augustus_model.g3133.t1;Augustus},{GeneMark_model.4029_t;GeneMark},{GlimmerHMM_glimmerT_3775-T1;GlimmerHMM}
51528	51745	internal+	2	3	{Augustus_model.g3133.t1;Augustus},{GeneMark_model.4029_t;GeneMark},{GlimmerHMM_glimmerT_3775-T1;GlimmerHMM}
51746	51807	INTRON			{Augustus_model.g3133.t1;Augustus},{GeneMark_model.4029_t;GeneMark},{GlimmerHMM_glimmerT_3775-T1;GlimmerHMM}
51808	52182	terminal+	1	3	{Augustus_model.g3133.t1;Augustus},{GeneMark_model.4029_t;GeneMark},{snap_scaffold_9-snap.97-T1;snap},{GlimmerHMM_glimmerT_3775-T1;GlimmerHMM}

# EVM prediction: Mode:STANDARD S-ratio: 4.37 52374-55232 orient(-) score(9514.00) noncoding_equivalent(2177.22) raw_noncoding(2314.48) offset(137.27) 
54347	52374	terminal-	4	6	{snap_scaffold_9-snap.98-T1;snap}
54416	54348	INTRON			{GeneMark_model.4030_t;GeneMark},{Augustus_model.g3134.t1;Augustus},{GlimmerHMM_glimmerT_3776-T1;GlimmerHMM}
55117	54417	internal-	5	6	{GeneMark_model.4030_t;GeneMark},{Augustus_model.g3134.t1;Augustus},{GlimmerHMM_glimmerT_3776-T1;GlimmerHMM}
55177	55118	INTRON			{GeneMark_model.4030_t;GeneMark},{Augustus_model.g3134.t1;Augustus},{GlimmerHMM_glimmerT_3776-T1;GlimmerHMM}
55232	55178	initial-	4	4	{GeneMark_model.4030_t;GeneMark},{Augustus_model.g3134.t1;Augustus},{GlimmerHMM_glimmerT_3776-T1;GlimmerHMM}

# EVM prediction: Mode:STANDARD S-ratio: 11.52 55494-56269 orient(+) score(3077.00) noncoding_equivalent(267.00) raw_noncoding(275.00) offset(8.00) 
55494	55524	initial+	1	1	{Augustus_model.g3135.t1;Augustus}
55525	55586	INTRON			{GlimmerHMM_glimmerT_3777-T1;GlimmerHMM},{snap_scaffold_9-snap.99-T1;snap},{GeneMark_model.4031_t;GeneMark},{Augustus_model.g3135.t1;Augustus}
55587	56269	terminal+	2	3	{GlimmerHMM_glimmerT_3777-T1;GlimmerHMM},{snap_scaffold_9-snap.99-T1;snap},{GeneMark_model.4031_t;GeneMark},{Augustus_model.g3135.t1;Augustus}

# EVM prediction: Mode:STANDARD S-ratio: 2.08 56601-57513 orient(-) score(2657.00) noncoding_equivalent(1279.79) raw_noncoding(1516.00) offset(236.21) 
56895	56601	terminal-	6	6	{Augustus_model.g3136.t1;Augustus},{GlimmerHMM_glimmerT_3778-T1;GlimmerHMM},{GeneMark_model.4032_t;GeneMark}
56959	56896	INTRON			{Augustus_model.g3136.t1;Augustus},{GlimmerHMM_glimmerT_3778-T1;GlimmerHMM},{GeneMark_model.4032_t;GeneMark}
57030	56960	internal-	4	5	{Augustus_model.g3136.t1;Augustus},{GlimmerHMM_glimmerT_3778-T1;GlimmerHMM},{GeneMark_model.4032_t;GeneMark}
57113	57031	INTRON			{Augustus_model.g3136.t1;Augustus},{GlimmerHMM_glimmerT_3778-T1;GlimmerHMM},{GeneMark_model.4032_t;GeneMark}
57334	57114	internal-	5	6	{Augustus_model.g3136.t1;Augustus},{GeneMark_model.4032_t;GeneMark}
57401	57335	INTRON			{Augustus_model.g3136.t1;Augustus},{GeneMark_model.4032_t;GeneMark}
57513	57402	initial-	4	4	{Augustus_model.g3136.t1;Augustus},{GeneMark_model.4032_t;GeneMark}

# EVM prediction: Mode:STANDARD S-ratio: 8.86 58232-59210 orient(+) score(5944.00) noncoding_equivalent(671.00) raw_noncoding(679.00) offset(8.00) 
58232	58669	initial+	1	3	{Augustus_model.g3137.t1;Augustus},{GlimmerHMM_glimmerT_3779-T1;GlimmerHMM},{GeneMark_model.4033_t;GeneMark}
58670	58733	INTRON			{Augustus_model.g3137.t1;Augustus},{snap_scaffold_9-snap.101-T1;snap},{GlimmerHMM_glimmerT_3779-T1;GlimmerHMM},{GeneMark_model.4033_t;GeneMark},{ev_type:exonerate/ID=match.2566964.3629/Target=lcl|NW_017264937_1_prot_XP_018269572_1_4975;exonerate},{ev_type:exonerate/ID=match.2566964.3556/Target=lcl|PJQD01000050_1_prot_POY72389_1_5059;exonerate},{ev_type:exonerate/ID=match.2566964.3559/Target=lcl|KQ954469_1_prot_KWU45915_1_1632;exonerate}
58734	59210	terminal+	1	3	{Augustus_model.g3137.t1;Augustus},{snap_scaffold_9-snap.101-T1;snap},{GlimmerHMM_glimmerT_3779-T1;GlimmerHMM},{GeneMark_model.4033_t;GeneMark}

# EVM prediction: Mode:STANDARD S-ratio: 1.90 60011-62629 orient(+) score(7107.00) noncoding_equivalent(3743.99) raw_noncoding(4698.00) offset(954.01) 
60011	60507	initial+	1	2	{GlimmerHMM_glimmerT_3780-T1;GlimmerHMM},{GeneMark_model.4034_t;GeneMark},{Augustus_model.g3138.t1;Augustus}
60508	60571	INTRON			{GlimmerHMM_glimmerT_3780-T1;GlimmerHMM},{GeneMark_model.4034_t;GeneMark},{Augustus_model.g3138.t1;Augustus}
60572	60644	internal+	3	3	{GlimmerHMM_glimmerT_3780-T1;GlimmerHMM},{GeneMark_model.4034_t;GeneMark},{Augustus_model.g3138.t1;Augustus}
60645	60699	INTRON			{GeneMark_model.4034_t;GeneMark},{Augustus_model.g3138.t1;Augustus}
60700	60862	internal+	1	1	{GeneMark_model.4034_t;GeneMark},{Augustus_model.g3138.t1;Augustus}
60863	60921	INTRON			{GeneMark_model.4034_t;GeneMark},{Augustus_model.g3138.t1;Augustus}
60922	61069	internal+	2	2	{GeneMark_model.4034_t;GeneMark},{Augustus_model.g3138.t1;Augustus}
61070	61131	INTRON			{GlimmerHMM_glimmerT_3780-T1;GlimmerHMM},{GeneMark_model.4034_t;GeneMark},{Augustus_model.g3138.t1;Augustus}
61132	61332	internal+	3	2	{GlimmerHMM_glimmerT_3780-T1;GlimmerHMM},{GeneMark_model.4034_t;GeneMark},{Augustus_model.g3138.t1;Augustus}
61333	61389	INTRON			{GeneMark_model.4034_t;GeneMark},{Augustus_model.g3138.t1;Augustus}
61390	61453	internal+	3	3	{GeneMark_model.4034_t;GeneMark},{Augustus_model.g3138.t1;Augustus}
61454	61512	INTRON			{GeneMark_model.4034_t;GeneMark},{Augustus_model.g3138.t1;Augustus}
61513	61827	internal+	1	3	{GeneMark_model.4034_t;GeneMark},{Augustus_model.g3138.t1;Augustus}
61828	61896	INTRON			{GlimmerHMM_glimmerT_3780-T1;GlimmerHMM},{GeneMark_model.4034_t;GeneMark},{Augustus_model.g3138.t1;Augustus}
61897	62258	internal+	1	2	{GlimmerHMM_glimmerT_3780-T1;GlimmerHMM},{GeneMark_model.4034_t;GeneMark},{Augustus_model.g3138.t1;Augustus}
62259	62343	INTRON			{GeneMark_model.4034_t;GeneMark},{Augustus_model.g3138.t1;Augustus}
62344	62430	internal+	3	2	{GeneMark_model.4034_t;GeneMark},{Augustus_model.g3138.t1;Augustus}
62431	62487	INTRON			{GeneMark_model.4034_t;GeneMark},{Augustus_model.g3138.t1;Augustus}
62488	62629	terminal+	3	3	{GlimmerHMM_glimmerT_3780-T1;GlimmerHMM},{GeneMark_model.4034_t;GeneMark},{Augustus_model.g3138.t1;Augustus}

# EVM prediction: Mode:STANDARD S-ratio: 2.26 62676-66003 orient(-) score(10090.00) noncoding_equivalent(4467.81) raw_noncoding(5619.09) offset(1151.27) 
62991	62676	terminal-	6	6	{GlimmerHMM_glimmerT_3781-T1;GlimmerHMM},{GeneMark_model.4035_t;GeneMark},{snap_scaffold_9-snap.102-T1;snap},{Augustus_model.g3139.t1;Augustus}
63061	62992	INTRON			{GlimmerHMM_glimmerT_3781-T1;GlimmerHMM},{GeneMark_model.4035_t;GeneMark},{snap_scaffold_9-snap.102-T1;snap},{Augustus_model.g3139.t1;Augustus}
63126	63062	internal-	4	5	{GlimmerHMM_glimmerT_3781-T1;GlimmerHMM},{GeneMark_model.4035_t;GeneMark},{Augustus_model.g3139.t1;Augustus}
63187	63127	INTRON			{GlimmerHMM_glimmerT_3781-T1;GlimmerHMM},{GeneMark_model.4035_t;GeneMark},{Augustus_model.g3139.t1;Augustus}
63369	63188	internal-	5	6	{GlimmerHMM_glimmerT_3781-T1;GlimmerHMM},{GeneMark_model.4035_t;GeneMark},{Augustus_model.g3139.t1;Augustus}
63425	63370	INTRON			{GlimmerHMM_glimmerT_3781-T1;GlimmerHMM},{GeneMark_model.4035_t;GeneMark},{Augustus_model.g3139.t1;Augustus}
63533	63426	internal-	5	4	{GlimmerHMM_glimmerT_3781-T1;GlimmerHMM},{GeneMark_model.4035_t;GeneMark},{Augustus_model.g3139.t1;Augustus}
63593	63534	INTRON			{GeneMark_model.4035_t;GeneMark},{Augustus_model.g3139.t1;Augustus}
63659	63594	internal-	5	4	{GeneMark_model.4035_t;GeneMark},{Augustus_model.g3139.t1;Augustus}
63719	63660	INTRON			{GeneMark_model.4035_t;GeneMark},{Augustus_model.g3139.t1;Augustus}
63843	63720	internal-	4	4	{GlimmerHMM_glimmerT_3781-T1;GlimmerHMM},{GeneMark_model.4035_t;GeneMark},{Augustus_model.g3139.t1;Augustus}
63913	63844	INTRON			{GlimmerHMM_glimmerT_3781-T1;GlimmerHMM},{GeneMark_model.4035_t;GeneMark},{Augustus_model.g3139.t1;Augustus}
63995	63914	internal-	6	6	{GlimmerHMM_glimmerT_3781-T1;GlimmerHMM},{GeneMark_model.4035_t;GeneMark},{Augustus_model.g3139.t1;Augustus}
64054	63996	INTRON			{GeneMark_model.4035_t;GeneMark},{Augustus_model.g3139.t1;Augustus}
64153	64055	internal-	6	5	{GeneMark_model.4035_t;GeneMark}
64212	64154	INTRON			{GeneMark_model.4035_t;GeneMark}
64386	64213	internal-	6	5	{GlimmerHMM_glimmerT_3781-T1;GlimmerHMM},{GeneMark_model.4035_t;GeneMark},{Augustus_model.g3139.t1;Augustus}
64447	64387	INTRON			{GlimmerHMM_glimmerT_3781-T1;GlimmerHMM},{GeneMark_model.4035_t;GeneMark},{Augustus_model.g3139.t1;Augustus}
64773	64448	internal-	4	5	{GlimmerHMM_glimmerT_3781-T1;GlimmerHMM},{GeneMark_model.4035_t;GeneMark},{Augustus_model.g3139.t1;Augustus}
64832	64774	INTRON			{GlimmerHMM_glimmerT_3781-T1;GlimmerHMM},{GeneMark_model.4035_t;GeneMark},{Augustus_model.g3139.t1;Augustus}
64910	64833	internal-	4	6	{GeneMark_model.4035_t;GeneMark},{Augustus_model.g3139.t1;Augustus}
64976	64911	INTRON			{GeneMark_model.4035_t;GeneMark},{Augustus_model.g3139.t1;Augustus}
65068	64977	internal-	5	6	{GeneMark_model.4035_t;GeneMark},{Augustus_model.g3139.t1;Augustus}
65127	65069	INTRON			{GlimmerHMM_glimmerT_3781-T1;GlimmerHMM},{GeneMark_model.4035_t;GeneMark},{Augustus_model.g3139.t1;Augustus}
65242	65128	internal-	4	4	{GlimmerHMM_glimmerT_3781-T1;GlimmerHMM},{GeneMark_model.4035_t;GeneMark},{Augustus_model.g3139.t1;Augustus}
65306	65243	INTRON			{GlimmerHMM_glimmerT_3781-T1;GlimmerHMM},{GeneMark_model.4035_t;GeneMark},{Augustus_model.g3139.t1;Augustus}
65459	65307	internal-	4	6	{GlimmerHMM_glimmerT_3781-T1;GlimmerHMM},{GeneMark_model.4035_t;GeneMark},{Augustus_model.g3139.t1;Augustus}
65521	65460	INTRON			{GlimmerHMM_glimmerT_3781-T1;GlimmerHMM},{GeneMark_model.4035_t;GeneMark},{Augustus_model.g3139.t1;Augustus}
65721	65522	internal-	5	6	{GlimmerHMM_glimmerT_3781-T1;GlimmerHMM},{GeneMark_model.4035_t;GeneMark},{Augustus_model.g3139.t1;Augustus}
65795	65722	INTRON			{GlimmerHMM_glimmerT_3781-T1;GlimmerHMM},{GeneMark_model.4035_t;GeneMark},{Augustus_model.g3139.t1;Augustus}
66003	65796	initial-	4	4	{GlimmerHMM_glimmerT_3781-T1;GlimmerHMM},{GeneMark_model.4035_t;GeneMark}

# EVM prediction: Mode:STANDARD S-ratio: 4.70 66919-70199 orient(-) score(11639.00) noncoding_equivalent(2475.73) raw_noncoding(2884.02) offset(408.29) 
67169	66919	terminal-	5	6	{GeneMark_model.4036_t;GeneMark},{GlimmerHMM_glimmerT_3782-T1;GlimmerHMM}
67231	67170	INTRON			{GeneMark_model.4036_t;GeneMark},{GlimmerHMM_glimmerT_3782-T1;GlimmerHMM},{Augustus_model.g3139.t1;Augustus}
67448	67232	internal-	4	4	{GeneMark_model.4036_t;GeneMark},{GlimmerHMM_glimmerT_3782-T1;GlimmerHMM},{Augustus_model.g3139.t1;Augustus}
67524	67449	INTRON			{GeneMark_model.4036_t;GeneMark},{GlimmerHMM_glimmerT_3782-T1;GlimmerHMM},{Augustus_model.g3139.t1;Augustus},{snap_scaffold_9-snap.104-T1;snap}
67623	67525	internal-	4	6	{GeneMark_model.4036_t;GeneMark},{GlimmerHMM_glimmerT_3782-T1;GlimmerHMM},{Augustus_model.g3139.t1;Augustus}
67699	67624	INTRON			{GeneMark_model.4036_t;GeneMark},{GlimmerHMM_glimmerT_3782-T1;GlimmerHMM},{Augustus_model.g3139.t1;Augustus}
67877	67700	internal-	6	6	{GeneMark_model.4036_t;GeneMark},{GlimmerHMM_glimmerT_3782-T1;GlimmerHMM},{Augustus_model.g3139.t1;Augustus}
67963	67878	INTRON			{GeneMark_model.4036_t;GeneMark},{GlimmerHMM_glimmerT_3782-T1;GlimmerHMM},{Augustus_model.g3139.t1;Augustus}
68178	67964	internal-	4	5	{GeneMark_model.4036_t;GeneMark},{GlimmerHMM_glimmerT_3782-T1;GlimmerHMM},{Augustus_model.g3139.t1;Augustus}
68253	68179	INTRON			{GeneMark_model.4036_t;GeneMark},{GlimmerHMM_glimmerT_3782-T1;GlimmerHMM},{Augustus_model.g3139.t1;Augustus}
68344	68254	internal-	6	6	{GeneMark_model.4036_t;GeneMark},{GlimmerHMM_glimmerT_3782-T1;GlimmerHMM},{Augustus_model.g3139.t1;Augustus}
68403	68345	INTRON			{GeneMark_model.4036_t;GeneMark},{GlimmerHMM_glimmerT_3782-T1;GlimmerHMM},{Augustus_model.g3139.t1;Augustus}
68553	68404	internal-	6	5	{GeneMark_model.4036_t;GeneMark},{GlimmerHMM_glimmerT_3782-T1;GlimmerHMM},{Augustus_model.g3139.t1;Augustus}
68616	68554	INTRON			{GeneMark_model.4036_t;GeneMark},{Augustus_model.g3139.t1;Augustus}
70199	68617	initial-	4	5	{Augustus_model.g3139.t1;Augustus}

# EVM prediction: Mode:STANDARD S-ratio: 10000.00 70819-72339 orient(+) score(6084.00) noncoding_equivalent(0.61) raw_noncoding(0.00) offset(0.00) 
70819	72339	single+	1	3	{GeneMark_model.4037_t;GeneMark},{GlimmerHMM_glimmerT_3783-T1;GlimmerHMM},{Augustus_model.g3140.t1;Augustus}

# EVM prediction: Mode:STANDARD S-ratio: 12.85 72592-78871 orient(-) score(23791.00) noncoding_equivalent(1851.00) raw_noncoding(2011.00) offset(160.00) 
72736	72592	terminal-	6	6	{Augustus_model.g3141.t1;Augustus},{GeneMark_model.4038_t;GeneMark},{GlimmerHMM_glimmerT_3784-T1;GlimmerHMM}
72812	72737	INTRON			{Augustus_model.g3141.t1;Augustus},{GeneMark_model.4038_t;GeneMark},{GlimmerHMM_glimmerT_3784-T1;GlimmerHMM}
72941	72813	internal-	6	5	{Augustus_model.g3141.t1;Augustus},{GeneMark_model.4038_t;GeneMark},{GlimmerHMM_glimmerT_3784-T1;GlimmerHMM}
73009	72942	INTRON			{Augustus_model.g3141.t1;Augustus},{GeneMark_model.4038_t;GeneMark},{GlimmerHMM_glimmerT_3784-T1;GlimmerHMM}
76247	73010	internal-	5	5	{Augustus_model.g3141.t1;Augustus},{GeneMark_model.4038_t;GeneMark},{GlimmerHMM_glimmerT_3784-T1;GlimmerHMM}
76312	76248	INTRON			{Augustus_model.g3141.t1;Augustus},{GeneMark_model.4038_t;GeneMark},{GlimmerHMM_glimmerT_3784-T1;GlimmerHMM}
77197	76313	internal-	5	4	{Augustus_model.g3141.t1;Augustus},{GeneMark_model.4038_t;GeneMark},{GlimmerHMM_glimmerT_3784-T1;GlimmerHMM}
77259	77198	INTRON			{Augustus_model.g3141.t1;Augustus},{GeneMark_model.4038_t;GeneMark},{GlimmerHMM_glimmerT_3784-T1;GlimmerHMM}
78871	77260	initial-	4	4	{Augustus_model.g3141.t1;Augustus},{GeneMark_model.4038_t;GeneMark},{GlimmerHMM_glimmerT_3784-T1;GlimmerHMM}

# EVM prediction: Mode:STANDARD S-ratio: 3.10 79185-82892 orient(+) score(12268.00) noncoding_equivalent(3960.78) raw_noncoding(4530.00) offset(569.22) 
79185	79661	initial+	1	3	{Augustus_model.g3142.t1;Augustus},{GeneMark_model.4039_t;GeneMark},{GlimmerHMM_glimmerT_3785-T1;GlimmerHMM}
79662	79748	INTRON			{Augustus_model.g3142.t1;Augustus},{GeneMark_model.4039_t;GeneMark},{snap_scaffold_9-snap.111-T1;snap},{GlimmerHMM_glimmerT_3785-T1;GlimmerHMM}
79749	80081	internal+	1	3	{Augustus_model.g3142.t1;Augustus},{GeneMark_model.4039_t;GeneMark},{GlimmerHMM_glimmerT_3785-T1;GlimmerHMM}
80082	80162	INTRON			{Augustus_model.g3142.t1;Augustus},{GeneMark_model.4039_t;GeneMark},{GlimmerHMM_glimmerT_3785-T1;GlimmerHMM}
80163	80594	internal+	1	3	{Augustus_model.g3142.t1;Augustus},{GeneMark_model.4039_t;GeneMark},{GlimmerHMM_glimmerT_3785-T1;GlimmerHMM}
80595	80655	INTRON			{Augustus_model.g3142.t1;Augustus},{GeneMark_model.4039_t;GeneMark},{GlimmerHMM_glimmerT_3785-T1;GlimmerHMM}
80656	80811	internal+	1	3	{Augustus_model.g3142.t1;Augustus},{GeneMark_model.4039_t;GeneMark},{GlimmerHMM_glimmerT_3785-T1;GlimmerHMM}
80812	80882	INTRON			{Augustus_model.g3142.t1;Augustus},{GeneMark_model.4039_t;GeneMark},{GlimmerHMM_glimmerT_3785-T1;GlimmerHMM}
80883	80974	internal+	1	2	{Augustus_model.g3142.t1;Augustus},{GeneMark_model.4039_t;GeneMark},{GlimmerHMM_glimmerT_3785-T1;GlimmerHMM}
80975	81050	INTRON			{Augustus_model.g3142.t1;Augustus},{GeneMark_model.4039_t;GeneMark},{GlimmerHMM_glimmerT_3785-T1;GlimmerHMM}
81051	81330	internal+	3	3	{Augustus_model.g3142.t1;Augustus},{GeneMark_model.4039_t;GeneMark},{GlimmerHMM_glimmerT_3785-T1;GlimmerHMM}
81331	81398	INTRON			{Augustus_model.g3142.t1;Augustus},{GeneMark_model.4039_t;GeneMark},{GlimmerHMM_glimmerT_3785-T1;GlimmerHMM}
81399	81557	internal+	1	3	{Augustus_model.g3142.t1;Augustus},{GeneMark_model.4039_t;GeneMark}
81558	81631	INTRON			{Augustus_model.g3142.t1;Augustus},{GeneMark_model.4039_t;GeneMark}
81632	81856	internal+	1	3	{Augustus_model.g3142.t1;Augustus},{GeneMark_model.4039_t;GeneMark}
81857	81924	INTRON			{Augustus_model.g3142.t1;Augustus},{GeneMark_model.4039_t;GeneMark}
81925	82061	internal+	1	2	{Augustus_model.g3142.t1;Augustus},{GeneMark_model.4039_t;GeneMark}
82062	82122	INTRON			{Augustus_model.g3142.t1;Augustus},{GeneMark_model.4039_t;GeneMark},{GlimmerHMM_glimmerT_3785-T1;GlimmerHMM}
82123	82312	internal+	3	3	{Augustus_model.g3142.t1;Augustus},{GeneMark_model.4039_t;GeneMark},{GlimmerHMM_glimmerT_3785-T1;GlimmerHMM}
82313	82372	INTRON			{Augustus_model.g3142.t1;Augustus},{GeneMark_model.4039_t;GeneMark},{GlimmerHMM_glimmerT_3785-T1;GlimmerHMM}
82373	82558	internal+	1	3	{Augustus_model.g3142.t1;Augustus},{GeneMark_model.4039_t;GeneMark},{GlimmerHMM_glimmerT_3785-T1;GlimmerHMM}
82559	82628	INTRON			{Augustus_model.g3142.t1;Augustus},{GeneMark_model.4039_t;GeneMark},{GlimmerHMM_glimmerT_3785-T1;GlimmerHMM}
82629	82892	terminal+	1	3	{Augustus_model.g3142.t1;Augustus},{GeneMark_model.4039_t;GeneMark},{GlimmerHMM_glimmerT_3785-T1;GlimmerHMM}

# EVM prediction: Mode:STANDARD S-ratio: 4.18 83103-86099 orient(-) score(10263.00) noncoding_equivalent(2455.92) raw_noncoding(3099.00) offset(643.08) 
83175	83103	terminal-	6	6	{Augustus_model.g3143.t1;Augustus},{GeneMark_model.4040_t;GeneMark}
83243	83176	INTRON			{Augustus_model.g3143.t1;Augustus},{GeneMark_model.4040_t;GeneMark}
83308	83244	internal-	4	5	{Augustus_model.g3143.t1;Augustus},{GeneMark_model.4040_t;GeneMark}
83378	83309	INTRON			{GlimmerHMM_glimmerT_3786-T1;GlimmerHMM},{Augustus_model.g3143.t1;Augustus},{GeneMark_model.4040_t;GeneMark}
83663	83379	internal-	4	6	{GlimmerHMM_glimmerT_3786-T1;GlimmerHMM},{Augustus_model.g3143.t1;Augustus},{GeneMark_model.4040_t;GeneMark}
83732	83664	INTRON			{GlimmerHMM_glimmerT_3786-T1;GlimmerHMM},{Augustus_model.g3143.t1;Augustus},{GeneMark_model.4040_t;GeneMark}
84114	83733	internal-	6	6	{GlimmerHMM_glimmerT_3786-T1;GlimmerHMM},{Augustus_model.g3143.t1;Augustus},{GeneMark_model.4040_t;GeneMark}
84174	84115	INTRON			{snap_scaffold_9-snap.114-T1;snap},{Augustus_model.g3143.t1;Augustus},{GeneMark_model.4040_t;GeneMark}
84235	84175	internal-	5	5	{Augustus_model.g3143.t1;Augustus},{GeneMark_model.4040_t;GeneMark}
84304	84236	INTRON			{GlimmerHMM_glimmerT_3786-T1;GlimmerHMM},{Augustus_model.g3143.t1;Augustus},{GeneMark_model.4040_t;GeneMark}
84390	84305	internal-	6	4	{GlimmerHMM_glimmerT_3786-T1;GlimmerHMM},{Augustus_model.g3143.t1;Augustus},{GeneMark_model.4040_t;GeneMark}
84451	84391	INTRON			{GlimmerHMM_glimmerT_3786-T1;GlimmerHMM},{Augustus_model.g3143.t1;Augustus},{GeneMark_model.4040_t;GeneMark}
85728	84452	internal-	4	5	{GlimmerHMM_glimmerT_3786-T1;GlimmerHMM},{Augustus_model.g3143.t1;Augustus},{GeneMark_model.4040_t;GeneMark}
85824	85729	INTRON			{GlimmerHMM_glimmerT_3786-T1;GlimmerHMM},{Augustus_model.g3143.t1;Augustus},{GeneMark_model.4040_t;GeneMark}
85912	85825	internal-	6	6	{Augustus_model.g3143.t1;Augustus}
85959	85913	INTRON			{Augustus_model.g3143.t1;Augustus}
86099	85960	initial-	4	5	{Augustus_model.g3143.t1;Augustus},{GeneMark_model.4040_t;GeneMark}

# EVM prediction: Mode:STANDARD S-ratio: 4.17 86529-87932 orient(+) score(4721.00) noncoding_equivalent(1133.45) raw_noncoding(1418.00) offset(284.55) 
86529	86723	initial+	1	3	{Augustus_model.g3144.t1;Augustus},{GeneMark_model.4041_t;GeneMark},{GlimmerHMM_glimmerT_3787-T1;GlimmerHMM}
86724	86785	INTRON			{Augustus_model.g3144.t1;Augustus},{GeneMark_model.4041_t;GeneMark},{GlimmerHMM_glimmerT_3787-T1;GlimmerHMM}
86786	87212	internal+	1	1	{Augustus_model.g3144.t1;Augustus},{GeneMark_model.4041_t;GeneMark},{GlimmerHMM_glimmerT_3787-T1;GlimmerHMM}
87213	87278	INTRON			{Augustus_model.g3144.t1;Augustus},{GeneMark_model.4041_t;GeneMark},{GlimmerHMM_glimmerT_3787-T1;GlimmerHMM}
87279	87469	internal+	2	3	{Augustus_model.g3144.t1;Augustus},{GeneMark_model.4041_t;GeneMark},{GlimmerHMM_glimmerT_3787-T1;GlimmerHMM}
87470	87531	INTRON			{Augustus_model.g3144.t1;Augustus},{GeneMark_model.4041_t;GeneMark}
87532	87648	internal+	1	3	{Augustus_model.g3144.t1;Augustus},{GeneMark_model.4041_t;GeneMark}
87649	87724	INTRON			{Augustus_model.g3144.t1;Augustus},{GeneMark_model.4041_t;GeneMark}
87725	87778	internal+	1	3	{Augustus_model.g3144.t1;Augustus},{GeneMark_model.4041_t;GeneMark}
87779	87845	INTRON			{Augustus_model.g3144.t1;Augustus},{GeneMark_model.4041_t;GeneMark}
87846	87932	terminal+	1	3	{Augustus_model.g3144.t1;Augustus},{GeneMark_model.4041_t;GeneMark},{GlimmerHMM_glimmerT_3787-T1;GlimmerHMM}

# EVM prediction: Mode:STANDARD S-ratio: 5.13 88089-90650 orient(-) score(8968.00) noncoding_equivalent(1749.67) raw_noncoding(2213.65) offset(463.98) 
88251	88089	terminal-	6	6	{GeneMark_model.4042_t;GeneMark},{Augustus_model.g3145.t1;Augustus},{GlimmerHMM_glimmerT_3788-T1;GlimmerHMM}
88351	88252	INTRON			{GeneMark_model.4042_t;GeneMark},{Augustus_model.g3145.t1;Augustus},{GlimmerHMM_glimmerT_3788-T1;GlimmerHMM}
89910	88352	internal-	4	5	{GeneMark_model.4042_t;GeneMark},{GlimmerHMM_glimmerT_3788-T1;GlimmerHMM}
89990	89911	INTRON			{GeneMark_model.4042_t;GeneMark},{Augustus_model.g3145.t1;Augustus},{GlimmerHMM_glimmerT_3788-T1;GlimmerHMM}
90144	89991	internal-	6	6	{GeneMark_model.4042_t;GeneMark},{Augustus_model.g3145.t1;Augustus},{GlimmerHMM_glimmerT_3788-T1;GlimmerHMM}
90206	90145	INTRON			{GeneMark_model.4042_t;GeneMark},{Augustus_model.g3145.t1;Augustus},{GlimmerHMM_glimmerT_3788-T1;GlimmerHMM}
90285	90207	internal-	5	5	{GeneMark_model.4042_t;GeneMark},{Augustus_model.g3145.t1;Augustus},{GlimmerHMM_glimmerT_3788-T1;GlimmerHMM}
90347	90286	INTRON			{GeneMark_model.4042_t;GeneMark},{Augustus_model.g3145.t1;Augustus}
90407	90348	internal-	5	4	{GeneMark_model.4042_t;GeneMark},{Augustus_model.g3145.t1;Augustus}
90484	90408	INTRON			{GeneMark_model.4042_t;GeneMark},{Augustus_model.g3145.t1;Augustus}
90650	90485	initial-	4	4	{GeneMark_model.4042_t;GeneMark},{GlimmerHMM_glimmerT_3788-T1;GlimmerHMM}

# EVM prediction: Mode:STANDARD S-ratio: 3.56 90960-92232 orient(-) score(5195.00) noncoding_equivalent(1458.88) raw_noncoding(1883.03) offset(424.15) 
91271	90960	terminal-	4	6	{GeneMark_model.4043_t;GeneMark},{GlimmerHMM_glimmerT_3789-T1;GlimmerHMM}
91356	91272	INTRON			{GeneMark_model.4043_t;GeneMark},{Augustus_model.g3145.t1;Augustus},{GlimmerHMM_glimmerT_3789-T1;GlimmerHMM},{ev_type:exonerate/ID=match.2566964.3581/Target=lcl|PJQD01000050_1_prot_POY72381_1_5051;exonerate}
91567	91357	internal-	6	6	{GeneMark_model.4043_t;GeneMark},{Augustus_model.g3145.t1;Augustus},{GlimmerHMM_glimmerT_3789-T1;GlimmerHMM},{ev_type:exonerate/ID=match.2566964.3581/Target=lcl|PJQD01000050_1_prot_POY72381_1_5051;exonerate}
91634	91568	INTRON			{GeneMark_model.4043_t;GeneMark},{Augustus_model.g3145.t1;Augustus},{GlimmerHMM_glimmerT_3789-T1;GlimmerHMM},{ev_type:exonerate/ID=match.2566964.3581/Target=lcl|PJQD01000050_1_prot_POY72381_1_5051;exonerate}
91714	91635	internal-	4	5	{GeneMark_model.4043_t;GeneMark},{Augustus_model.g3145.t1;Augustus},{ev_type:exonerate/ID=match.2566964.3581/Target=lcl|PJQD01000050_1_prot_POY72381_1_5051;exonerate}
91787	91715	INTRON			{GeneMark_model.4043_t;GeneMark},{Augustus_model.g3145.t1;Augustus},{ev_type:exonerate/ID=match.2566964.3581/Target=lcl|PJQD01000050_1_prot_POY72381_1_5051;exonerate}
91948	91788	internal-	5	6	{GeneMark_model.4043_t;GeneMark},{Augustus_model.g3145.t1;Augustus},{ev_type:exonerate/ID=match.2566964.3581/Target=lcl|PJQD01000050_1_prot_POY72381_1_5051;exonerate}
92054	91949	INTRON			{GeneMark_model.4043_t;GeneMark},{Augustus_model.g3145.t1;Augustus},{ev_type:exonerate/ID=match.2566964.3581/Target=lcl|PJQD01000050_1_prot_POY72381_1_5051;exonerate}
92232	92055	initial-	4	4	{GeneMark_model.4043_t;GeneMark},{Augustus_model.g3145.t1;Augustus}

# EVM prediction: Mode:STANDARD S-ratio: 4.03 93379-94699 orient(+) score(7770.00) noncoding_equivalent(1927.51) raw_noncoding(2305.00) offset(377.49) 
93379	93565	initial+	1	1	{Augustus_model.g3146.t1;Augustus},{GlimmerHMM_glimmerT_3790-T1;GlimmerHMM},{GeneMark_model.4044_t;GeneMark}
93566	93653	INTRON			{Augustus_model.g3146.t1;Augustus},{GlimmerHMM_glimmerT_3790-T1;GlimmerHMM},{GeneMark_model.4044_t;GeneMark},{ev_type:exonerate/ID=match.2566964.1982/Target=lcl|KQ954469_1_prot_KWU46054_1_1771;exonerate},{ev_type:exonerate/ID=match.2566964.3582/Target=lcl|PJQD01000050_1_prot_POY72380_1_5050;exonerate}
93654	93889	internal+	2	3	{Augustus_model.g3146.t1;Augustus},{GeneMark_model.4044_t;GeneMark},{ev_type:exonerate/ID=match.2566964.1982/Target=lcl|KQ954469_1_prot_KWU46054_1_1771;exonerate},{ev_type:exonerate/ID=match.2566964.3582/Target=lcl|PJQD01000050_1_prot_POY72380_1_5050;exonerate}
93890	93966	INTRON			{Augustus_model.g3146.t1;Augustus},{snap_scaffold_9-snap.119-T1;snap},{GeneMark_model.4044_t;GeneMark},{ev_type:exonerate/ID=match.2566964.1982/Target=lcl|KQ954469_1_prot_KWU46054_1_1771;exonerate},{ev_type:exonerate/ID=match.2566964.3613/Target=lcl|BJWK01000011_1_prot_GEM10418_1_4435;exonerate},{ev_type:exonerate/ID=match.2566964.3582/Target=lcl|PJQD01000050_1_prot_POY72380_1_5050;exonerate}
93967	93995	internal+	1	2	{Augustus_model.g3146.t1;Augustus},{GeneMark_model.4044_t;GeneMark},{ev_type:exonerate/ID=match.2566964.1982/Target=lcl|KQ954469_1_prot_KWU46054_1_1771;exonerate},{ev_type:exonerate/ID=match.2566964.3613/Target=lcl|BJWK01000011_1_prot_GEM10418_1_4435;exonerate},{ev_type:exonerate/ID=match.2566964.3582/Target=lcl|PJQD01000050_1_prot_POY72380_1_5050;exonerate}
93996	94059	INTRON			{Augustus_model.g3146.t1;Augustus},{GeneMark_model.4044_t;GeneMark},{ev_type:exonerate/ID=match.2566964.1982/Target=lcl|KQ954469_1_prot_KWU46054_1_1771;exonerate},{ev_type:exonerate/ID=match.2566964.3613/Target=lcl|BJWK01000011_1_prot_GEM10418_1_4435;exonerate},{ev_type:exonerate/ID=match.2566964.3582/Target=lcl|PJQD01000050_1_prot_POY72380_1_5050;exonerate}
94060	94114	internal+	3	3	{Augustus_model.g3146.t1;Augustus},{GlimmerHMM_glimmerT_3790-T1;GlimmerHMM},{GeneMark_model.4044_t;GeneMark},{ev_type:exonerate/ID=match.2566964.3613/Target=lcl|BJWK01000011_1_prot_GEM10418_1_4435;exonerate},{ev_type:exonerate/ID=match.2566964.3582/Target=lcl|PJQD01000050_1_prot_POY72380_1_5050;exonerate}
94115	94177	INTRON			{Augustus_model.g3146.t1;Augustus},{snap_scaffold_9-snap.119-T1;snap},{GlimmerHMM_glimmerT_3790-T1;GlimmerHMM},{GeneMark_model.4044_t;GeneMark},{ev_type:exonerate/ID=match.2566964.3613/Target=lcl|BJWK01000011_1_prot_GEM10418_1_4435;exonerate},{ev_type:exonerate/ID=match.2566964.3582/Target=lcl|PJQD01000050_1_prot_POY72380_1_5050;exonerate}
94178	94418	internal+	1	1	{Augustus_model.g3146.t1;Augustus},{GlimmerHMM_glimmerT_3790-T1;GlimmerHMM},{GeneMark_model.4044_t;GeneMark},{ev_type:exonerate/ID=match.2566964.1982/Target=lcl|KQ954469_1_prot_KWU46054_1_1771;exonerate},{ev_type:exonerate/ID=match.2566964.3613/Target=lcl|BJWK01000011_1_prot_GEM10418_1_4435;exonerate},{ev_type:exonerate/ID=match.2566964.3582/Target=lcl|PJQD01000050_1_prot_POY72380_1_5050;exonerate}
94419	94480	INTRON			{Augustus_model.g3146.t1;Augustus},{GlimmerHMM_glimmerT_3790-T1;GlimmerHMM},{GeneMark_model.4044_t;GeneMark},{ev_type:exonerate/ID=match.2566964.1982/Target=lcl|KQ954469_1_prot_KWU46054_1_1771;exonerate},{ev_type:exonerate/ID=match.2566964.3613/Target=lcl|BJWK01000011_1_prot_GEM10418_1_4435;exonerate},{ev_type:exonerate/ID=match.2566964.3582/Target=lcl|PJQD01000050_1_prot_POY72380_1_5050;exonerate}
94481	94548	internal+	2	3	{Augustus_model.g3146.t1;Augustus},{GlimmerHMM_glimmerT_3790-T1;GlimmerHMM},{GeneMark_model.4044_t;GeneMark},{ev_type:exonerate/ID=match.2566964.1982/Target=lcl|KQ954469_1_prot_KWU46054_1_1771;exonerate},{ev_type:exonerate/ID=match.2566964.3613/Target=lcl|BJWK01000011_1_prot_GEM10418_1_4435;exonerate},{ev_type:exonerate/ID=match.2566964.3582/Target=lcl|PJQD01000050_1_prot_POY72380_1_5050;exonerate}
94549	94633	INTRON			{Augustus_model.g3146.t1;Augustus},{GlimmerHMM_glimmerT_3790-T1;GlimmerHMM},{GeneMark_model.4044_t;GeneMark},{ev_type:exonerate/ID=match.2566964.1982/Target=lcl|KQ954469_1_prot_KWU46054_1_1771;exonerate},{ev_type:exonerate/ID=match.2566964.3613/Target=lcl|BJWK01000011_1_prot_GEM10418_1_4435;exonerate},{ev_type:exonerate/ID=match.2566964.3582/Target=lcl|PJQD01000050_1_prot_POY72380_1_5050;exonerate}
94634	94699	terminal+	1	3	{Augustus_model.g3146.t1;Augustus},{GlimmerHMM_glimmerT_3790-T1;GlimmerHMM},{GeneMark_model.4044_t;GeneMark}

# EVM prediction: Mode:STANDARD S-ratio: 1.86 94933-96174 orient(-) score(3597.00) noncoding_equivalent(1929.30) raw_noncoding(2421.00) offset(491.70) 
94959	94933	terminal-	4	6	{Augustus_model.g3147.t1;Augustus},{GeneMark_model.4045_t;GeneMark},{GlimmerHMM_glimmerT_3791-T1;GlimmerHMM}
95034	94960	INTRON			{Augustus_model.g3147.t1;Augustus},{GeneMark_model.4045_t;GeneMark},{GlimmerHMM_glimmerT_3791-T1;GlimmerHMM}
95286	95035	internal-	4	6	{Augustus_model.g3147.t1;Augustus},{GeneMark_model.4045_t;GeneMark},{GlimmerHMM_glimmerT_3791-T1;GlimmerHMM}
95362	95287	INTRON			{Augustus_model.g3147.t1;Augustus},{GeneMark_model.4045_t;GeneMark},{GlimmerHMM_glimmerT_3791-T1;GlimmerHMM}
95584	95363	internal-	4	6	{Augustus_model.g3147.t1;Augustus},{GeneMark_model.4045_t;GeneMark},{GlimmerHMM_glimmerT_3791-T1;GlimmerHMM}
95719	95585	INTRON			{Augustus_model.g3147.t1;Augustus},{GeneMark_model.4045_t;GeneMark},{GlimmerHMM_glimmerT_3791-T1;GlimmerHMM}
95794	95720	internal-	4	6	{Augustus_model.g3147.t1;Augustus},{GeneMark_model.4045_t;GeneMark}
95855	95795	INTRON			{Augustus_model.g3147.t1;Augustus},{GeneMark_model.4045_t;GeneMark}
95865	95856	internal-	6	6	{Augustus_model.g3147.t1;Augustus},{GeneMark_model.4045_t;GeneMark}
95923	95866	INTRON			{Augustus_model.g3147.t1;Augustus},{GeneMark_model.4045_t;GeneMark}
96174	95924	initial-	4	5	{Augustus_model.g3147.t1;Augustus},{GeneMark_model.4045_t;GeneMark},{GlimmerHMM_glimmerT_3791-T1;GlimmerHMM}

# EVM prediction: Mode:STANDARD S-ratio: 3.49 96729-98354 orient(+) score(6878.00) noncoding_equivalent(1970.99) raw_noncoding(2384.88) offset(413.89) 
96729	96962	initial+	1	3	{Augustus_model.g3148.t1;Augustus},{GlimmerHMM_glimmerT_3792-T1;GlimmerHMM},{GeneMark_model.4046_t;GeneMark}
96963	97027	INTRON			{Augustus_model.g3148.t1;Augustus},{GlimmerHMM_glimmerT_3792-T1;GlimmerHMM},{GeneMark_model.4046_t;GeneMark},{ev_type:exonerate/ID=match.2566964.3561/Target=lcl|KQ954500_1_prot_KWU42828_1_4852;exonerate}
97028	97340	internal+	1	1	{Augustus_model.g3148.t1;Augustus},{GlimmerHMM_glimmerT_3792-T1;GlimmerHMM},{GeneMark_model.4046_t;GeneMark},{ev_type:exonerate/ID=match.2566964.3561/Target=lcl|KQ954500_1_prot_KWU42828_1_4852;exonerate}
97341	97417	INTRON			{Augustus_model.g3148.t1;Augustus},{GlimmerHMM_glimmerT_3792-T1;GlimmerHMM},{GeneMark_model.4046_t;GeneMark},{ev_type:exonerate/ID=match.2566964.3561/Target=lcl|KQ954500_1_prot_KWU42828_1_4852;exonerate}
97418	97495	internal+	2	1	{Augustus_model.g3148.t1;Augustus},{GlimmerHMM_glimmerT_3792-T1;GlimmerHMM},{GeneMark_model.4046_t;GeneMark},{ev_type:exonerate/ID=match.2566964.3561/Target=lcl|KQ954500_1_prot_KWU42828_1_4852;exonerate}
97496	97558	INTRON			{Augustus_model.g3148.t1;Augustus},{GlimmerHMM_glimmerT_3792-T1;GlimmerHMM},{GeneMark_model.4046_t;GeneMark},{ev_type:exonerate/ID=match.2566964.3561/Target=lcl|KQ954500_1_prot_KWU42828_1_4852;exonerate}
97559	97598	internal+	2	2	{Augustus_model.g3148.t1;Augustus},{GlimmerHMM_glimmerT_3792-T1;GlimmerHMM},{GeneMark_model.4046_t;GeneMark},{ev_type:exonerate/ID=match.2566964.3561/Target=lcl|KQ954500_1_prot_KWU42828_1_4852;exonerate}
97599	97658	INTRON			{Augustus_model.g3148.t1;Augustus},{GlimmerHMM_glimmerT_3792-T1;GlimmerHMM},{GeneMark_model.4046_t;GeneMark},{ev_type:exonerate/ID=match.2566964.3561/Target=lcl|KQ954500_1_prot_KWU42828_1_4852;exonerate}
97659	97885	internal+	3	1	{Augustus_model.g3148.t1;Augustus},{GlimmerHMM_glimmerT_3792-T1;GlimmerHMM},{GeneMark_model.4046_t;GeneMark}
97886	97947	INTRON			{Augustus_model.g3148.t1;Augustus},{GlimmerHMM_glimmerT_3792-T1;GlimmerHMM},{GeneMark_model.4046_t;GeneMark}
97948	97961	internal+	2	3	{Augustus_model.g3148.t1;Augustus},{GlimmerHMM_glimmerT_3792-T1;GlimmerHMM},{GeneMark_model.4046_t;GeneMark}
97962	98035	INTRON			{Augustus_model.g3148.t1;Augustus},{GlimmerHMM_glimmerT_3792-T1;GlimmerHMM},{GeneMark_model.4046_t;GeneMark}
98036	98077	internal+	1	3	{Augustus_model.g3148.t1;Augustus},{GlimmerHMM_glimmerT_3792-T1;GlimmerHMM},{GeneMark_model.4046_t;GeneMark},{ev_type:exonerate/ID=match.2566964.3561/Target=lcl|KQ954500_1_prot_KWU42828_1_4852;exonerate}
98078	98135	INTRON			{Augustus_model.g3148.t1;Augustus},{GlimmerHMM_glimmerT_3792-T1;GlimmerHMM},{GeneMark_model.4046_t;GeneMark},{ev_type:exonerate/ID=match.2566964.3561/Target=lcl|KQ954500_1_prot_KWU42828_1_4852;exonerate}
98136	98354	terminal+	1	3	{Augustus_model.g3148.t1;Augustus},{snap_scaffold_9-snap.121-T1;snap},{GlimmerHMM_glimmerT_3792-T1;GlimmerHMM},{GeneMark_model.4046_t;GeneMark}

# EVM prediction: Mode:STANDARD S-ratio: 1.85 99716-100806 orient(+) score(2979.00) noncoding_equivalent(1607.53) raw_noncoding(2003.00) offset(395.47) 
99716	99814	initial+	1	3	{GeneMark_model.4047_t;GeneMark},{Augustus_model.g3149.t1;Augustus},{GlimmerHMM_glimmerT_3793-T1;GlimmerHMM}
99815	99883	INTRON			{GeneMark_model.4047_t;GeneMark},{Augustus_model.g3149.t1;Augustus}
99884	99928	internal+	1	3	{GeneMark_model.4047_t;GeneMark},{Augustus_model.g3149.t1;Augustus}
99929	99994	INTRON			{GeneMark_model.4047_t;GeneMark},{Augustus_model.g3149.t1;Augustus}
99995	100444	internal+	1	3	{GeneMark_model.4047_t;GeneMark},{GlimmerHMM_glimmerT_3793-T1;GlimmerHMM}
100445	100499	INTRON			{GeneMark_model.4047_t;GeneMark},{Augustus_model.g3149.t1;Augustus},{GlimmerHMM_glimmerT_3793-T1;GlimmerHMM}
100500	100598	internal+	1	3	{GeneMark_model.4047_t;GeneMark},{Augustus_model.g3149.t1;Augustus},{GlimmerHMM_glimmerT_3793-T1;GlimmerHMM}
100599	100659	INTRON			{GeneMark_model.4047_t;GeneMark},{Augustus_model.g3149.t1;Augustus},{GlimmerHMM_glimmerT_3793-T1;GlimmerHMM}
100660	100806	terminal+	1	3	{GeneMark_model.4047_t;GeneMark},{Augustus_model.g3149.t1;Augustus},{GlimmerHMM_glimmerT_3793-T1;GlimmerHMM}

# EVM prediction: Mode:STANDARD S-ratio: 1.16 101854-102380 orient(-) score(999.00) noncoding_equivalent(862.94) raw_noncoding(1478.27) offset(615.32) 
101879	101854	terminal-	5	6	{Augustus_model.g3150.t1;Augustus}
101941	101880	INTRON			{Augustus_model.g3150.t1;Augustus}
101969	101942	internal-	4	4	{Augustus_model.g3150.t1;Augustus}
102035	101970	INTRON			{GeneMark_model.4048_t;GeneMark},{Augustus_model.g3150.t1;Augustus}
102134	102036	internal-	4	6	{Augustus_model.g3150.t1;Augustus}
102196	102135	INTRON			{Augustus_model.g3150.t1;Augustus}
102288	102197	internal-	5	6	{GeneMark_model.4048_t;GeneMark},{Augustus_model.g3150.t1;Augustus}
102355	102289	INTRON			{GeneMark_model.4048_t;GeneMark},{Augustus_model.g3150.t1;Augustus}
102380	102356	initial-	4	4	{GeneMark_model.4048_t;GeneMark}

# EVM prediction: Mode:STANDARD S-ratio: 1.48 102808-104049 orient(-) score(3172.00) noncoding_equivalent(2149.64) raw_noncoding(2725.26) offset(575.62) 
103202	102808	terminal-	5	6	{GeneMark_model.4049_t;GeneMark}
103260	103203	INTRON			{GlimmerHMM_glimmerT_3794-T1;GlimmerHMM},{GeneMark_model.4049_t;GeneMark},{Augustus_model.g3150.t1;Augustus}
103375	103261	internal-	4	4	{GlimmerHMM_glimmerT_3794-T1;GlimmerHMM},{GeneMark_model.4049_t;GeneMark},{Augustus_model.g3150.t1;Augustus}
103439	103376	INTRON			{GlimmerHMM_glimmerT_3794-T1;GlimmerHMM},{GeneMark_model.4049_t;GeneMark},{Augustus_model.g3150.t1;Augustus}
103590	103440	internal-	6	6	{GlimmerHMM_glimmerT_3794-T1;GlimmerHMM},{GeneMark_model.4049_t;GeneMark},{Augustus_model.g3150.t1;Augustus}
103652	103591	INTRON			{GlimmerHMM_glimmerT_3794-T1;GlimmerHMM},{GeneMark_model.4049_t;GeneMark},{Augustus_model.g3150.t1;Augustus}
103688	103653	internal-	6	5	{GlimmerHMM_glimmerT_3794-T1;GlimmerHMM},{GeneMark_model.4049_t;GeneMark}
103752	103689	INTRON			{GlimmerHMM_glimmerT_3794-T1;GlimmerHMM},{GeneMark_model.4049_t;GeneMark}
103838	103753	internal-	4	5	{GlimmerHMM_glimmerT_3794-T1;GlimmerHMM},{GeneMark_model.4049_t;GeneMark},{Augustus_model.g3150.t1;Augustus}
103896	103839	INTRON			{GeneMark_model.4049_t;GeneMark},{Augustus_model.g3150.t1;Augustus}
103923	103897	internal-	4	6	{GeneMark_model.4049_t;GeneMark},{Augustus_model.g3150.t1;Augustus}
103992	103924	INTRON			{GeneMark_model.4049_t;GeneMark},{Augustus_model.g3150.t1;Augustus}
104049	103993	initial-	4	6	{GlimmerHMM_glimmerT_3794-T1;GlimmerHMM},{GeneMark_model.4049_t;GeneMark},{Augustus_model.g3150.t1;Augustus}

# EVM prediction: Mode:STANDARD S-ratio: 4.30 104662-106251 orient(-) score(7452.00) noncoding_equivalent(1732.85) raw_noncoding(2307.00) offset(574.15) 
105144	104662	terminal-	4	6	{Augustus_model.g3151.t1;Augustus},{GeneMark_model.4050_t;GeneMark},{GlimmerHMM_glimmerT_3795-T1;GlimmerHMM}
105212	105145	INTRON			{Augustus_model.g3151.t1;Augustus},{GeneMark_model.4050_t;GeneMark},{GlimmerHMM_glimmerT_3795-T1;GlimmerHMM},{ev_type:exonerate/ID=match.2566964.3545/Target=lcl|PJQD01000085_1_prot_POY71499_1_6366;exonerate},{ev_type:exonerate/ID=match.2566964.3547/Target=lcl|KQ954472_1_prot_KWU45369_1_2211;exonerate}
105304	105213	internal-	5	6	{Augustus_model.g3151.t1;Augustus},{GeneMark_model.4050_t;GeneMark},{GlimmerHMM_glimmerT_3795-T1;GlimmerHMM},{ev_type:exonerate/ID=match.2566964.3545/Target=lcl|PJQD01000085_1_prot_POY71499_1_6366;exonerate},{ev_type:exonerate/ID=match.2566964.3547/Target=lcl|KQ954472_1_prot_KWU45369_1_2211;exonerate}
105373	105305	INTRON			{Augustus_model.g3151.t1;Augustus},{GeneMark_model.4050_t;GeneMark},{GlimmerHMM_glimmerT_3795-T1;GlimmerHMM},{ev_type:exonerate/ID=match.2566964.3545/Target=lcl|PJQD01000085_1_prot_POY71499_1_6366;exonerate},{ev_type:exonerate/ID=match.2566964.3547/Target=lcl|KQ954472_1_prot_KWU45369_1_2211;exonerate}
105782	105374	internal-	4	4	{Augustus_model.g3151.t1;Augustus},{GeneMark_model.4050_t;GeneMark},{GlimmerHMM_glimmerT_3795-T1;GlimmerHMM},{ev_type:exonerate/ID=match.2566964.3545/Target=lcl|PJQD01000085_1_prot_POY71499_1_6366;exonerate},{ev_type:exonerate/ID=match.2566964.3547/Target=lcl|KQ954472_1_prot_KWU45369_1_2211;exonerate}
105853	105783	INTRON			{Augustus_model.g3151.t1;Augustus},{GeneMark_model.4050_t;GeneMark},{GlimmerHMM_glimmerT_3795-T1;GlimmerHMM},{ev_type:exonerate/ID=match.2566964.3545/Target=lcl|PJQD01000085_1_prot_POY71499_1_6366;exonerate}
105984	105854	internal-	5	6	{Augustus_model.g3151.t1;Augustus},{GeneMark_model.4050_t;GeneMark},{GlimmerHMM_glimmerT_3795-T1;GlimmerHMM}
106089	105985	INTRON			{Augustus_model.g3151.t1;Augustus},{GeneMark_model.4050_t;GeneMark}
106144	106090	internal-	4	4	{GeneMark_model.4050_t;GeneMark}
106203	106145	INTRON			{GeneMark_model.4050_t;GeneMark}
106251	106204	initial-	4	6	{GeneMark_model.4050_t;GeneMark}

# EVM prediction: Mode:STANDARD S-ratio: 2.93 106295-111269 orient(+) score(15448.00) noncoding_equivalent(5267.68) raw_noncoding(6910.00) offset(1642.32) 
106295	106311	initial+	1	2	{GeneMark_model.4051_t;GeneMark}
106312	106648	INTRON			{GeneMark_model.4051_t;GeneMark},{GlimmerHMM_glimmerT_3796-T1;GlimmerHMM}
106649	106886	internal+	3	3	{GeneMark_model.4051_t;GeneMark},{Augustus_model.g3152.t1;Augustus},{GlimmerHMM_glimmerT_3796-T1;GlimmerHMM}
106887	106957	INTRON			{GeneMark_model.4051_t;GeneMark},{Augustus_model.g3152.t1;Augustus}
106958	107682	internal+	1	2	{GeneMark_model.4051_t;GeneMark},{Augustus_model.g3152.t1;Augustus}
107683	107748	INTRON			{GeneMark_model.4051_t;GeneMark},{Augustus_model.g3152.t1;Augustus},{GlimmerHMM_glimmerT_3796-T1;GlimmerHMM}
107749	107866	internal+	3	3	{GeneMark_model.4051_t;GeneMark},{Augustus_model.g3152.t1;Augustus}
107867	107932	INTRON			{GeneMark_model.4051_t;GeneMark},{Augustus_model.g3152.t1;Augustus}
107933	108427	internal+	1	3	{GeneMark_model.4051_t;GeneMark},{Augustus_model.g3152.t1;Augustus},{GlimmerHMM_glimmerT_3796-T1;GlimmerHMM}
108428	108470	INTRON			{GeneMark_model.4051_t;GeneMark},{Augustus_model.g3152.t1;Augustus},{GlimmerHMM_glimmerT_3796-T1;GlimmerHMM}
108471	108589	internal+	1	2	{GeneMark_model.4051_t;GeneMark},{Augustus_model.g3152.t1;Augustus},{GlimmerHMM_glimmerT_3796-T1;GlimmerHMM}
108590	108650	INTRON			{GeneMark_model.4051_t;GeneMark},{Augustus_model.g3152.t1;Augustus},{GlimmerHMM_glimmerT_3796-T1;GlimmerHMM}
108651	108796	internal+	3	1	{GeneMark_model.4051_t;GeneMark},{Augustus_model.g3152.t1;Augustus},{GlimmerHMM_glimmerT_3796-T1;GlimmerHMM}
108797	108856	INTRON			{GeneMark_model.4051_t;GeneMark},{Augustus_model.g3152.t1;Augustus}
108857	108918	internal+	2	3	{GeneMark_model.4051_t;GeneMark},{Augustus_model.g3152.t1;Augustus}
108919	108977	INTRON			{GeneMark_model.4051_t;GeneMark},{Augustus_model.g3152.t1;Augustus}
108978	109041	internal+	1	1	{GeneMark_model.4051_t;GeneMark},{Augustus_model.g3152.t1;Augustus}
109042	109099	INTRON			{GeneMark_model.4051_t;GeneMark},{Augustus_model.g3152.t1;Augustus}
109100	109419	internal+	2	3	{GeneMark_model.4051_t;GeneMark},{Augustus_model.g3152.t1;Augustus}
109420	109479	INTRON			{GeneMark_model.4051_t;GeneMark},{Augustus_model.g3152.t1;Augustus}
109480	109628	internal+	1	2	{GeneMark_model.4051_t;GeneMark},{Augustus_model.g3152.t1;Augustus}
109629	109693	INTRON			{GeneMark_model.4051_t;GeneMark},{Augustus_model.g3152.t1;Augustus},{GlimmerHMM_glimmerT_3796-T1;GlimmerHMM}
109694	109854	internal+	3	1	{GeneMark_model.4051_t;GeneMark},{Augustus_model.g3152.t1;Augustus},{GlimmerHMM_glimmerT_3796-T1;GlimmerHMM}
109855	109914	INTRON			{GeneMark_model.4051_t;GeneMark},{Augustus_model.g3152.t1;Augustus},{GlimmerHMM_glimmerT_3796-T1;GlimmerHMM}
109915	110321	internal+	2	3	{GeneMark_model.4051_t;GeneMark},{Augustus_model.g3152.t1;Augustus},{GlimmerHMM_glimmerT_3796-T1;GlimmerHMM}
110322	110386	INTRON			{GeneMark_model.4051_t;GeneMark},{Augustus_model.g3152.t1;Augustus},{GlimmerHMM_glimmerT_3796-T1;GlimmerHMM}
110387	110462	internal+	1	1	{GeneMark_model.4051_t;GeneMark},{Augustus_model.g3152.t1;Augustus}
110463	110522	INTRON			{GeneMark_model.4051_t;GeneMark},{Augustus_model.g3152.t1;Augustus}
110523	110631	internal+	2	2	{GeneMark_model.4051_t;GeneMark},{Augustus_model.g3152.t1;Augustus}
110632	110701	INTRON			{GeneMark_model.4051_t;GeneMark},{Augustus_model.g3152.t1;Augustus},{GlimmerHMM_glimmerT_3796-T1;GlimmerHMM}
110702	111269	terminal+	3	3	{GeneMark_model.4051_t;GeneMark},{Augustus_model.g3152.t1;Augustus},{GlimmerHMM_glimmerT_3796-T1;GlimmerHMM}

# EVM prediction: Mode:STANDARD S-ratio: 2.95 113096-115670 orient(+) score(8552.00) noncoding_equivalent(2897.52) raw_noncoding(3691.00) offset(793.48) 
113096	113346	initial+	1	2	{GlimmerHMM_glimmerT_3797-T1;GlimmerHMM},{GeneMark_model.4052_t;GeneMark},{Augustus_model.g3153.t1;Augustus}
113347	113424	INTRON			{GlimmerHMM_glimmerT_3797-T1;GlimmerHMM},{GeneMark_model.4052_t;GeneMark},{Augustus_model.g3153.t1;Augustus}
113425	113468	internal+	3	1	{GlimmerHMM_glimmerT_3797-T1;GlimmerHMM},{GeneMark_model.4052_t;GeneMark},{Augustus_model.g3153.t1;Augustus}
113469	113541	INTRON			{GlimmerHMM_glimmerT_3797-T1;GlimmerHMM},{GeneMark_model.4052_t;GeneMark},{Augustus_model.g3153.t1;Augustus}
113542	113880	internal+	2	1	{GlimmerHMM_glimmerT_3797-T1;GlimmerHMM},{GeneMark_model.4052_t;GeneMark},{Augustus_model.g3153.t1;Augustus}
113881	114012	INTRON			{GlimmerHMM_glimmerT_3797-T1;GlimmerHMM},{GeneMark_model.4052_t;GeneMark},{Augustus_model.g3153.t1;Augustus}
114013	114412	internal+	2	2	{GlimmerHMM_glimmerT_3797-T1;GlimmerHMM},{GeneMark_model.4052_t;GeneMark},{Augustus_model.g3153.t1;Augustus}
114413	114474	INTRON			{GeneMark_model.4052_t;GeneMark},{Augustus_model.g3153.t1;Augustus}
114475	114492	internal+	3	2	{GeneMark_model.4052_t;GeneMark},{Augustus_model.g3153.t1;Augustus}
114493	114579	INTRON			{GeneMark_model.4052_t;GeneMark},{Augustus_model.g3153.t1;Augustus}
114580	114592	internal+	3	3	{GlimmerHMM_glimmerT_3797-T1;GlimmerHMM},{GeneMark_model.4052_t;GeneMark},{Augustus_model.g3153.t1;Augustus}
114593	114656	INTRON			{GlimmerHMM_glimmerT_3797-T1;GlimmerHMM},{GeneMark_model.4052_t;GeneMark},{Augustus_model.g3153.t1;Augustus}
114657	114840	internal+	1	1	{GlimmerHMM_glimmerT_3797-T1;GlimmerHMM},{GeneMark_model.4052_t;GeneMark},{Augustus_model.g3153.t1;Augustus}
114841	114902	INTRON			{GlimmerHMM_glimmerT_3797-T1;GlimmerHMM},{GeneMark_model.4052_t;GeneMark},{Augustus_model.g3153.t1;Augustus}
114903	114972	internal+	2	2	{GlimmerHMM_glimmerT_3797-T1;GlimmerHMM},{GeneMark_model.4052_t;GeneMark},{Augustus_model.g3153.t1;Augustus}
114973	115034	INTRON			{GlimmerHMM_glimmerT_3797-T1;GlimmerHMM},{GeneMark_model.4052_t;GeneMark},{Augustus_model.g3153.t1;Augustus}
115035	115128	internal+	3	3	{GlimmerHMM_glimmerT_3797-T1;GlimmerHMM},{GeneMark_model.4052_t;GeneMark},{Augustus_model.g3153.t1;Augustus}
115129	115193	INTRON			{GlimmerHMM_glimmerT_3797-T1;GlimmerHMM},{GeneMark_model.4052_t;GeneMark},{Augustus_model.g3153.t1;Augustus}
115194	115212	internal+	1	1	{GlimmerHMM_glimmerT_3797-T1;GlimmerHMM},{GeneMark_model.4052_t;GeneMark},{Augustus_model.g3153.t1;Augustus}
115213	115272	INTRON			{GlimmerHMM_glimmerT_3797-T1;GlimmerHMM},{GeneMark_model.4052_t;GeneMark},{Augustus_model.g3153.t1;Augustus}
115273	115435	internal+	2	2	{GeneMark_model.4052_t;GeneMark},{Augustus_model.g3153.t1;Augustus}
115436	115507	INTRON			{GeneMark_model.4052_t;GeneMark},{Augustus_model.g3153.t1;Augustus}
115508	115670	terminal+	3	3	{GeneMark_model.4052_t;GeneMark},{Augustus_model.g3153.t1;Augustus}

# EVM prediction: Mode:STANDARD S-ratio: 1.88 116249-119150 orient(+) score(8415.00) noncoding_equivalent(4475.57) raw_noncoding(5995.00) offset(1519.43) 
116249	116423	initial+	1	1	{Augustus_model.g3154.t1;Augustus},{GlimmerHMM_glimmerT_3798-T1;GlimmerHMM},{GeneMark_model.4053_t;GeneMark}
116424	116485	INTRON			{Augustus_model.g3154.t1;Augustus},{GlimmerHMM_glimmerT_3798-T1;GlimmerHMM},{GeneMark_model.4053_t;GeneMark}
116486	116556	internal+	2	3	{Augustus_model.g3154.t1;Augustus},{GlimmerHMM_glimmerT_3798-T1;GlimmerHMM},{GeneMark_model.4053_t;GeneMark}
116557	116616	INTRON			{Augustus_model.g3154.t1;Augustus},{GlimmerHMM_glimmerT_3798-T1;GlimmerHMM},{GeneMark_model.4053_t;GeneMark}
116617	116667	internal+	1	3	{Augustus_model.g3154.t1;Augustus},{GlimmerHMM_glimmerT_3798-T1;GlimmerHMM},{GeneMark_model.4053_t;GeneMark}
116668	116732	INTRON			{Augustus_model.g3154.t1;Augustus},{GlimmerHMM_glimmerT_3798-T1;GlimmerHMM},{GeneMark_model.4053_t;GeneMark}
116733	116749	internal+	1	2	{Augustus_model.g3154.t1;Augustus},{GlimmerHMM_glimmerT_3798-T1;GlimmerHMM},{GeneMark_model.4053_t;GeneMark}
116750	116829	INTRON			{Augustus_model.g3154.t1;Augustus},{GlimmerHMM_glimmerT_3798-T1;GlimmerHMM},{GeneMark_model.4053_t;GeneMark}
116830	116958	internal+	3	2	{Augustus_model.g3154.t1;Augustus},{GlimmerHMM_glimmerT_3798-T1;GlimmerHMM},{GeneMark_model.4053_t;GeneMark}
116959	117024	INTRON			{Augustus_model.g3154.t1;Augustus},{GlimmerHMM_glimmerT_3798-T1;GlimmerHMM},{GeneMark_model.4053_t;GeneMark}
117025	117104	internal+	3	1	{Augustus_model.g3154.t1;Augustus},{GlimmerHMM_glimmerT_3798-T1;GlimmerHMM},{GeneMark_model.4053_t;GeneMark}
117105	117179	INTRON			{Augustus_model.g3154.t1;Augustus},{GlimmerHMM_glimmerT_3798-T1;GlimmerHMM},{GeneMark_model.4053_t;GeneMark}
117180	117256	internal+	2	3	{Augustus_model.g3154.t1;Augustus},{GlimmerHMM_glimmerT_3798-T1;GlimmerHMM},{GeneMark_model.4053_t;GeneMark}
117257	117322	INTRON			{Augustus_model.g3154.t1;Augustus},{GeneMark_model.4053_t;GeneMark}
117323	117390	internal+	1	2	{Augustus_model.g3154.t1;Augustus},{GeneMark_model.4053_t;GeneMark}
117391	117448	INTRON			{Augustus_model.g3154.t1;Augustus},{GeneMark_model.4053_t;GeneMark}
117449	117488	internal+	3	3	{Augustus_model.g3154.t1;Augustus},{GeneMark_model.4053_t;GeneMark}
117489	117543	INTRON			{Augustus_model.g3154.t1;Augustus},{GeneMark_model.4053_t;GeneMark}
117544	117885	internal+	1	3	{Augustus_model.g3154.t1;Augustus},{GlimmerHMM_glimmerT_3798-T1;GlimmerHMM},{GeneMark_model.4053_t;GeneMark}
117886	117943	INTRON			{Augustus_model.g3154.t1;Augustus},{GeneMark_model.4053_t;GeneMark}
117944	118017	internal+	1	2	{Augustus_model.g3154.t1;Augustus},{GeneMark_model.4053_t;GeneMark}
118018	118079	INTRON			{Augustus_model.g3154.t1;Augustus},{GeneMark_model.4053_t;GeneMark}
118080	118106	internal+	3	2	{Augustus_model.g3154.t1;Augustus},{GeneMark_model.4053_t;GeneMark}
118107	118171	INTRON			{Augustus_model.g3154.t1;Augustus},{GeneMark_model.4053_t;GeneMark}
118172	118193	internal+	3	3	{Augustus_model.g3154.t1;Augustus},{GeneMark_model.4053_t;GeneMark}
118194	118250	INTRON			{Augustus_model.g3154.t1;Augustus},{GeneMark_model.4053_t;GeneMark}
118251	118424	internal+	1	3	{Augustus_model.g3154.t1;Augustus},{GlimmerHMM_glimmerT_3798-T1;GlimmerHMM},{GeneMark_model.4053_t;GeneMark}
118425	118480	INTRON			{Augustus_model.g3154.t1;Augustus},{GlimmerHMM_glimmerT_3798-T1;GlimmerHMM},{GeneMark_model.4053_t;GeneMark}
118481	118579	internal+	1	3	{Augustus_model.g3154.t1;Augustus},{GeneMark_model.4053_t;GeneMark}
118580	118639	INTRON			{Augustus_model.g3154.t1;Augustus},{GeneMark_model.4053_t;GeneMark}
118640	118658	internal+	1	1	{Augustus_model.g3154.t1;Augustus},{GeneMark_model.4053_t;GeneMark}
118659	118719	INTRON			{Augustus_model.g3154.t1;Augustus},{GlimmerHMM_glimmerT_3798-T1;GlimmerHMM},{GeneMark_model.4053_t;GeneMark}
118720	118835	internal+	2	3	{Augustus_model.g3154.t1;Augustus},{GlimmerHMM_glimmerT_3798-T1;GlimmerHMM},{GeneMark_model.4053_t;GeneMark}
118836	118908	INTRON			{Augustus_model.g3154.t1;Augustus},{GlimmerHMM_glimmerT_3798-T1;GlimmerHMM},{GeneMark_model.4053_t;GeneMark}
118909	119002	internal+	1	1	{Augustus_model.g3154.t1;Augustus},{GlimmerHMM_glimmerT_3798-T1;GlimmerHMM},{GeneMark_model.4053_t;GeneMark}
119003	119070	INTRON			{Augustus_model.g3154.t1;Augustus},{GlimmerHMM_glimmerT_3798-T1;GlimmerHMM},{GeneMark_model.4053_t;GeneMark}
119071	119150	terminal+	2	3	{Augustus_model.g3154.t1;Augustus},{GlimmerHMM_glimmerT_3798-T1;GlimmerHMM},{GeneMark_model.4053_t;GeneMark}

# EVM prediction: Mode:STANDARD S-ratio: 2.97 119403-121384 orient(+) score(8956.00) noncoding_equivalent(3017.38) raw_noncoding(3936.41) offset(919.04) 
119403	119440	initial+	1	2	{GeneMark_model.4054_t;GeneMark},{Augustus_model.g3155.t1;Augustus},{GlimmerHMM_glimmerT_3799-T1;GlimmerHMM}
119441	119543	INTRON			{GeneMark_model.4054_t;GeneMark},{Augustus_model.g3155.t1;Augustus},{GlimmerHMM_glimmerT_3799-T1;GlimmerHMM},{ev_type:exonerate/ID=match.2566964.3543/Target=lcl|PJQD01000050_1_prot_POY72297_1_4967;exonerate}
119544	119642	internal+	3	2	{GeneMark_model.4054_t;GeneMark},{Augustus_model.g3155.t1;Augustus},{GlimmerHMM_glimmerT_3799-T1;GlimmerHMM},{ev_type:exonerate/ID=match.2566964.3543/Target=lcl|PJQD01000050_1_prot_POY72297_1_4967;exonerate}
119643	119717	INTRON			{GeneMark_model.4054_t;GeneMark},{Augustus_model.g3155.t1;Augustus},{GlimmerHMM_glimmerT_3799-T1;GlimmerHMM},{ev_type:exonerate/ID=match.2566964.3572/Target=lcl|KQ954469_1_prot_KWU46002_1_1719;exonerate},{ev_type:exonerate/ID=match.2566964.3543/Target=lcl|PJQD01000050_1_prot_POY72297_1_4967;exonerate}
119718	120002	internal+	3	2	{GeneMark_model.4054_t;GeneMark},{Augustus_model.g3155.t1;Augustus},{GlimmerHMM_glimmerT_3799-T1;GlimmerHMM},{ev_type:exonerate/ID=match.2566964.3572/Target=lcl|KQ954469_1_prot_KWU46002_1_1719;exonerate},{ev_type:exonerate/ID=match.2566964.3543/Target=lcl|PJQD01000050_1_prot_POY72297_1_4967;exonerate}
120003	120073	INTRON			{GeneMark_model.4054_t;GeneMark},{Augustus_model.g3155.t1;Augustus},{GlimmerHMM_glimmerT_3799-T1;GlimmerHMM},{ev_type:exonerate/ID=match.2566964.3572/Target=lcl|KQ954469_1_prot_KWU46002_1_1719;exonerate},{ev_type:exonerate/ID=match.2566964.3543/Target=lcl|PJQD01000050_1_prot_POY72297_1_4967;exonerate}
120074	120181	internal+	3	2	{GeneMark_model.4054_t;GeneMark},{Augustus_model.g3155.t1;Augustus},{ev_type:exonerate/ID=match.2566964.3572/Target=lcl|KQ954469_1_prot_KWU46002_1_1719;exonerate},{ev_type:exonerate/ID=match.2566964.3543/Target=lcl|PJQD01000050_1_prot_POY72297_1_4967;exonerate}
120182	120250	INTRON			{GeneMark_model.4054_t;GeneMark},{Augustus_model.g3155.t1;Augustus},{ev_type:exonerate/ID=match.2566964.3572/Target=lcl|KQ954469_1_prot_KWU46002_1_1719;exonerate},{ev_type:exonerate/ID=match.2566964.3543/Target=lcl|PJQD01000050_1_prot_POY72297_1_4967;exonerate}
120251	120464	internal+	3	3	{GeneMark_model.4054_t;GeneMark},{Augustus_model.g3155.t1;Augustus},{ev_type:exonerate/ID=match.2566964.3543/Target=lcl|PJQD01000050_1_prot_POY72297_1_4967;exonerate}
120465	120520	INTRON			{GeneMark_model.4054_t;GeneMark},{Augustus_model.g3155.t1;Augustus},{GlimmerHMM_glimmerT_3799-T1;GlimmerHMM}
120521	120702	internal+	1	2	{GeneMark_model.4054_t;GeneMark},{Augustus_model.g3155.t1;Augustus},{GlimmerHMM_glimmerT_3799-T1;GlimmerHMM}
120703	120871	INTRON			{GeneMark_model.4054_t;GeneMark},{Augustus_model.g3155.t1;Augustus},{ev_type:exonerate/ID=match.2566964.3543/Target=lcl|PJQD01000050_1_prot_POY72297_1_4967;exonerate}
120872	121058	internal+	3	3	{GeneMark_model.4054_t;GeneMark},{Augustus_model.g3155.t1;Augustus},{ev_type:exonerate/ID=match.2566964.3543/Target=lcl|PJQD01000050_1_prot_POY72297_1_4967;exonerate}
121059	121225	INTRON			{GeneMark_model.4054_t;GeneMark},{Augustus_model.g3155.t1;Augustus},{GlimmerHMM_glimmerT_3799-T1;GlimmerHMM},{ev_type:exonerate/ID=match.2566964.3572/Target=lcl|KQ954469_1_prot_KWU46002_1_1719;exonerate},{ev_type:exonerate/ID=match.2566964.3543/Target=lcl|PJQD01000050_1_prot_POY72297_1_4967;exonerate}
121226	121384	terminal+	1	3	{GeneMark_model.4054_t;GeneMark},{Augustus_model.g3155.t1;Augustus},{GlimmerHMM_glimmerT_3799-T1;GlimmerHMM}

# EVM prediction: Mode:STANDARD S-ratio: 1091.83 121541-122650 orient(-) score(4434.00) noncoding_equivalent(4.06) raw_noncoding(4.06) offset(0.00) 
122650	121541	single-	4	6	{GeneMark_model.4055_t;GeneMark},{GlimmerHMM_glimmerT_3800-T1;GlimmerHMM},{Augustus_model.g3156.t1;Augustus}

# EVM prediction: Mode:STANDARD S-ratio: 2.13 123648-126176 orient(+) score(7707.00) noncoding_equivalent(3612.07) raw_noncoding(4548.00) offset(935.93) 
123648	123735	initial+	1	1	{Augustus_model.g3157.t1;Augustus}
123736	123786	INTRON			{Augustus_model.g3157.t1;Augustus}
123787	123938	internal+	2	3	{Augustus_model.g3157.t1;Augustus},{GlimmerHMM_glimmerT_3801-T1;GlimmerHMM}
123939	124014	INTRON			{GeneMark_model.4056_t;GeneMark},{Augustus_model.g3157.t1;Augustus},{GlimmerHMM_glimmerT_3801-T1;GlimmerHMM}
124015	124087	internal+	1	1	{GeneMark_model.4056_t;GeneMark},{Augustus_model.g3157.t1;Augustus},{GlimmerHMM_glimmerT_3801-T1;GlimmerHMM}
124088	124154	INTRON			{GeneMark_model.4056_t;GeneMark},{Augustus_model.g3157.t1;Augustus},{GlimmerHMM_glimmerT_3801-T1;GlimmerHMM}
124155	124240	internal+	2	3	{GeneMark_model.4056_t;GeneMark},{Augustus_model.g3157.t1;Augustus},{GlimmerHMM_glimmerT_3801-T1;GlimmerHMM}
124241	124342	INTRON			{GeneMark_model.4056_t;GeneMark},{Augustus_model.g3157.t1;Augustus},{GlimmerHMM_glimmerT_3801-T1;GlimmerHMM}
124343	124513	internal+	1	3	{GeneMark_model.4056_t;GeneMark},{Augustus_model.g3157.t1;Augustus},{GlimmerHMM_glimmerT_3801-T1;GlimmerHMM}
124514	124580	INTRON			{GeneMark_model.4056_t;GeneMark},{Augustus_model.g3157.t1;Augustus},{GlimmerHMM_glimmerT_3801-T1;GlimmerHMM}
124581	124751	internal+	1	3	{GeneMark_model.4056_t;GeneMark},{Augustus_model.g3157.t1;Augustus},{GlimmerHMM_glimmerT_3801-T1;GlimmerHMM}
124752	124834	INTRON			{GeneMark_model.4056_t;GeneMark},{Augustus_model.g3157.t1;Augustus},{GlimmerHMM_glimmerT_3801-T1;GlimmerHMM}
124835	124984	internal+	1	3	{GeneMark_model.4056_t;GeneMark},{Augustus_model.g3157.t1;Augustus},{GlimmerHMM_glimmerT_3801-T1;GlimmerHMM}
124985	125105	INTRON			{GeneMark_model.4056_t;GeneMark},{Augustus_model.g3157.t1;Augustus},{GlimmerHMM_glimmerT_3801-T1;GlimmerHMM}
125106	125522	internal+	1	3	{GeneMark_model.4056_t;GeneMark},{Augustus_model.g3157.t1;Augustus},{GlimmerHMM_glimmerT_3801-T1;GlimmerHMM}
125523	125586	INTRON			{GeneMark_model.4056_t;GeneMark},{Augustus_model.g3157.t1;Augustus},{GlimmerHMM_glimmerT_3801-T1;GlimmerHMM}
125587	125704	internal+	1	1	{GeneMark_model.4056_t;GeneMark},{Augustus_model.g3157.t1;Augustus},{GlimmerHMM_glimmerT_3801-T1;GlimmerHMM}
125705	125782	INTRON			{GeneMark_model.4056_t;GeneMark},{Augustus_model.g3157.t1;Augustus}
125783	125985	internal+	2	3	{GeneMark_model.4056_t;GeneMark},{Augustus_model.g3157.t1;Augustus}
125986	126074	INTRON			{GeneMark_model.4056_t;GeneMark},{Augustus_model.g3157.t1;Augustus},{GlimmerHMM_glimmerT_3801-T1;GlimmerHMM}
126075	126176	terminal+	1	3	{GeneMark_model.4056_t;GeneMark},{Augustus_model.g3157.t1;Augustus},{GlimmerHMM_glimmerT_3801-T1;GlimmerHMM}

# EVM prediction: Mode:STANDARD S-ratio: 5.13 126324-129273 orient(-) score(10095.00) noncoding_equivalent(1967.00) raw_noncoding(2821.00) offset(854.00) 
127481	126324	terminal-	4	6	{GeneMark_model.4057_t;GeneMark},{Augustus_model.g3158.t1;Augustus},{GlimmerHMM_glimmerT_3802-T1;GlimmerHMM}
127547	127482	INTRON			{GeneMark_model.4057_t;GeneMark},{Augustus_model.g3158.t1;Augustus},{GlimmerHMM_glimmerT_3802-T1;GlimmerHMM}
127931	127548	internal-	4	6	{Augustus_model.g3158.t1;Augustus},{GlimmerHMM_glimmerT_3802-T1;GlimmerHMM}
128356	127932	INTRON			{Augustus_model.g3158.t1;Augustus},{GlimmerHMM_glimmerT_3802-T1;GlimmerHMM}
128591	128357	internal-	6	6	{Augustus_model.g3158.t1;Augustus},{GlimmerHMM_glimmerT_3802-T1;GlimmerHMM}
128662	128592	INTRON			{Augustus_model.g3158.t1;Augustus},{GeneMark_model.4058_t;GeneMark},{GlimmerHMM_glimmerT_3802-T1;GlimmerHMM}
129273	128663	initial-	4	5	{Augustus_model.g3158.t1;Augustus}

# EVM prediction: Mode:STANDARD S-ratio: 3.58 129512-130432 orient(-) score(5617.00) noncoding_equivalent(1567.66) raw_noncoding(2802.00) offset(1234.34) 
129615	129512	terminal-	5	6	{GeneMark_model.4059_t;GeneMark},{HiQ_model.g3159.t1;HiQ},{GlimmerHMM_glimmerT_3803-T1;GlimmerHMM}
129701	129616	INTRON			{GeneMark_model.4059_t;GeneMark},{HiQ_model.g3159.t1;HiQ},{GlimmerHMM_glimmerT_3803-T1;GlimmerHMM},{ev_type:exonerate/ID=match.2566964.3639/Target=lcl|BJWK01000011_1_prot_GEM10620_1_4637;exonerate},{ev_type:exonerate/ID=match.2566964.3636/Target=lcl|PJQD01000050_1_prot_POY72302_1_4972;exonerate},{ev_type:exonerate/ID=match.2566964.3637/Target=lcl|LCTV02000006_1_prot_PRQ74206_1_6191;exonerate}
129728	129702	internal-	5	4	{GeneMark_model.4059_t;GeneMark},{HiQ_model.g3159.t1;HiQ},{GlimmerHMM_glimmerT_3803-T1;GlimmerHMM},{ev_type:exonerate/ID=match.2566964.3639/Target=lcl|BJWK01000011_1_prot_GEM10620_1_4637;exonerate},{ev_type:exonerate/ID=match.2566964.3636/Target=lcl|PJQD01000050_1_prot_POY72302_1_4972;exonerate},{ev_type:exonerate/ID=match.2566964.3637/Target=lcl|LCTV02000006_1_prot_PRQ74206_1_6191;exonerate}
129835	129729	INTRON			{GeneMark_model.4059_t;GeneMark},{HiQ_model.g3159.t1;HiQ},{GlimmerHMM_glimmerT_3803-T1;GlimmerHMM},{ev_type:exonerate/ID=match.2566964.3639/Target=lcl|BJWK01000011_1_prot_GEM10620_1_4637;exonerate},{ev_type:exonerate/ID=match.2566964.3636/Target=lcl|PJQD01000050_1_prot_POY72302_1_4972;exonerate},{ev_type:exonerate/ID=match.2566964.3637/Target=lcl|LCTV02000006_1_prot_PRQ74206_1_6191;exonerate}
129924	129836	internal-	6	4	{GeneMark_model.4059_t;GeneMark},{HiQ_model.g3159.t1;HiQ},{ev_type:exonerate/ID=match.2566964.3637/Target=lcl|LCTV02000006_1_prot_PRQ74206_1_6191;exonerate}
130082	129925	INTRON			{HiQ_model.g3159.t1;HiQ},{ev_type:exonerate/ID=match.2566964.3637/Target=lcl|LCTV02000006_1_prot_PRQ74206_1_6191;exonerate}
130138	130083	internal-	4	5	{GeneMark_model.4059_t;GeneMark},{HiQ_model.g3159.t1;HiQ},{ev_type:exonerate/ID=match.2566964.3639/Target=lcl|BJWK01000011_1_prot_GEM10620_1_4637;exonerate},{ev_type:exonerate/ID=match.2566964.3636/Target=lcl|PJQD01000050_1_prot_POY72302_1_4972;exonerate},{ev_type:exonerate/ID=match.2566964.3637/Target=lcl|LCTV02000006_1_prot_PRQ74206_1_6191;exonerate}
130216	130139	INTRON			{GeneMark_model.4059_t;GeneMark},{HiQ_model.g3159.t1;HiQ},{ev_type:exonerate/ID=match.2566964.3639/Target=lcl|BJWK01000011_1_prot_GEM10620_1_4637;exonerate},{ev_type:exonerate/ID=match.2566964.3636/Target=lcl|PJQD01000050_1_prot_POY72302_1_4972;exonerate},{ev_type:exonerate/ID=match.2566964.3637/Target=lcl|LCTV02000006_1_prot_PRQ74206_1_6191;exonerate}
130432	130217	initial-	4	6	{GeneMark_model.4059_t;GeneMark},{HiQ_model.g3159.t1;HiQ},{GlimmerHMM_glimmerT_3803-T1;GlimmerHMM}

# EVM prediction: Mode:STANDARD S-ratio: 3.59 131282-133452 orient(+) score(9332.00) noncoding_equivalent(2600.22) raw_noncoding(2981.00) offset(380.78) 
131282	131508	initial+	1	2	{GlimmerHMM_glimmerT_3804-T1;GlimmerHMM},{GeneMark_model.4060_t;GeneMark},{Augustus_model.g3160.t1;Augustus}
131509	131570	INTRON			{GlimmerHMM_glimmerT_3804-T1;GlimmerHMM},{GeneMark_model.4060_t;GeneMark},{Augustus_model.g3160.t1;Augustus},{ev_type:exonerate/ID=match.2566964.2701/Target=lcl|PJQD01000050_1_prot_POY72303_1_4973;exonerate}
131571	131701	internal+	3	1	{GlimmerHMM_glimmerT_3804-T1;GlimmerHMM},{GeneMark_model.4060_t;GeneMark},{Augustus_model.g3160.t1;Augustus},{ev_type:exonerate/ID=match.2566964.2701/Target=lcl|PJQD01000050_1_prot_POY72303_1_4973;exonerate}
131702	131781	INTRON			{GlimmerHMM_glimmerT_3804-T1;GlimmerHMM},{GeneMark_model.4060_t;GeneMark},{Augustus_model.g3160.t1;Augustus},{ev_type:exonerate/ID=match.2566964.2701/Target=lcl|PJQD01000050_1_prot_POY72303_1_4973;exonerate}
131782	131927	internal+	2	3	{GlimmerHMM_glimmerT_3804-T1;GlimmerHMM},{GeneMark_model.4060_t;GeneMark},{Augustus_model.g3160.t1;Augustus},{ev_type:exonerate/ID=match.2566964.2701/Target=lcl|PJQD01000050_1_prot_POY72303_1_4973;exonerate}
131928	132042	INTRON			{GlimmerHMM_glimmerT_3804-T1;GlimmerHMM},{GeneMark_model.4060_t;GeneMark},{Augustus_model.g3160.t1;Augustus},{ev_type:exonerate/ID=match.2566964.2701/Target=lcl|PJQD01000050_1_prot_POY72303_1_4973;exonerate}
132043	132612	internal+	1	3	{GlimmerHMM_glimmerT_3804-T1;GlimmerHMM},{GeneMark_model.4060_t;GeneMark},{Augustus_model.g3160.t1;Augustus},{ev_type:exonerate/ID=match.2566964.2701/Target=lcl|PJQD01000050_1_prot_POY72303_1_4973;exonerate}
132613	132740	INTRON			{GlimmerHMM_glimmerT_3804-T1;GlimmerHMM},{GeneMark_model.4060_t;GeneMark},{Augustus_model.g3160.t1;Augustus},{ev_type:exonerate/ID=match.2566964.2701/Target=lcl|PJQD01000050_1_prot_POY72303_1_4973;exonerate}
132741	132843	internal+	1	1	{GlimmerHMM_glimmerT_3804-T1;GlimmerHMM},{GeneMark_model.4060_t;GeneMark},{Augustus_model.g3160.t1;Augustus},{ev_type:exonerate/ID=match.2566964.2701/Target=lcl|PJQD01000050_1_prot_POY72303_1_4973;exonerate}
132844	132922	INTRON			{GlimmerHMM_glimmerT_3804-T1;GlimmerHMM},{GeneMark_model.4060_t;GeneMark},{Augustus_model.g3160.t1;Augustus},{ev_type:exonerate/ID=match.2566964.2701/Target=lcl|PJQD01000050_1_prot_POY72303_1_4973;exonerate}
132923	132994	internal+	2	1	{GlimmerHMM_glimmerT_3804-T1;GlimmerHMM},{GeneMark_model.4060_t;GeneMark},{Augustus_model.g3160.t1;Augustus},{ev_type:exonerate/ID=match.2566964.2701/Target=lcl|PJQD01000050_1_prot_POY72303_1_4973;exonerate}
132995	133066	INTRON			{GlimmerHMM_glimmerT_3804-T1;GlimmerHMM},{GeneMark_model.4060_t;GeneMark},{Augustus_model.g3160.t1;Augustus},{ev_type:exonerate/ID=match.2566964.2701/Target=lcl|PJQD01000050_1_prot_POY72303_1_4973;exonerate}
133067	133247	internal+	2	2	{GlimmerHMM_glimmerT_3804-T1;GlimmerHMM},{GeneMark_model.4060_t;GeneMark},{Augustus_model.g3160.t1;Augustus}
133248	133319	INTRON			{GlimmerHMM_glimmerT_3804-T1;GlimmerHMM},{GeneMark_model.4060_t;GeneMark},{Augustus_model.g3160.t1;Augustus}
133320	133452	terminal+	3	3	{GlimmerHMM_glimmerT_3804-T1;GlimmerHMM},{GeneMark_model.4060_t;GeneMark},{Augustus_model.g3160.t1;Augustus}

