!! Predictions spanning range 707 - 104571 [R1]
# EVM prediction: Mode:STANDARD S-ratio: 14.19 707-2404 orient(-) score(6345.00) noncoding_equivalent(447.00) raw_noncoding(447.00) offset(0.00) 
2404	707	single-	4	6	{GlimmerHMM_glimmerT_1122-T1;GlimmerHMM}

# EVM prediction: Mode:STANDARD S-ratio: 1.62 3864-5094 orient(+) score(3290.00) noncoding_equivalent(2027.25) raw_noncoding(2775.00) offset(747.75) 
3864	3870	initial+	1	1	{snap_scaffold_3-snap.2-T1;snap},{GeneMark_model.1219_t;GeneMark},{Augustus_model.g918.t1;Augustus}
3871	3994	INTRON			{GeneMark_model.1219_t;GeneMark},{Augustus_model.g918.t1;Augustus}
3995	4060	internal+	2	1	{GeneMark_model.1219_t;GeneMark},{Augustus_model.g918.t1;Augustus}
4061	4120	INTRON			{GeneMark_model.1219_t;GeneMark},{Augustus_model.g918.t1;Augustus}
4121	4183	internal+	2	1	{GeneMark_model.1219_t;GeneMark},{Augustus_model.g918.t1;Augustus}
4184	4265	INTRON			{GeneMark_model.1219_t;GeneMark},{Augustus_model.g918.t1;Augustus}
4266	4417	internal+	2	3	{GeneMark_model.1219_t;GeneMark},{Augustus_model.g918.t1;Augustus}
4418	4484	INTRON			{GlimmerHMM_glimmerT_1123-T1;GlimmerHMM},{GeneMark_model.1219_t;GeneMark},{Augustus_model.g918.t1;Augustus}
4485	4598	internal+	1	3	{GlimmerHMM_glimmerT_1123-T1;GlimmerHMM},{GeneMark_model.1219_t;GeneMark},{Augustus_model.g918.t1;Augustus}
4599	4666	INTRON			{GlimmerHMM_glimmerT_1123-T1;GlimmerHMM},{GeneMark_model.1219_t;GeneMark},{Augustus_model.g918.t1;Augustus}
4667	4841	internal+	1	1	{GlimmerHMM_glimmerT_1123-T1;GlimmerHMM},{GeneMark_model.1219_t;GeneMark},{Augustus_model.g918.t1;Augustus}
4842	4909	INTRON			{GlimmerHMM_glimmerT_1123-T1;GlimmerHMM},{GeneMark_model.1219_t;GeneMark},{Augustus_model.g918.t1;Augustus}
4910	5094	terminal+	2	3	{GlimmerHMM_glimmerT_1123-T1;GlimmerHMM},{GeneMark_model.1219_t;GeneMark},{Augustus_model.g918.t1;Augustus}

# EVM prediction: Mode:STANDARD S-ratio: 4.55 5310-7051 orient(+) score(6081.00) noncoding_equivalent(1335.77) raw_noncoding(1538.51) offset(202.74) 
5310	5330	initial+	1	3	{Augustus_model.g919.t1;Augustus},{GeneMark_model.1220_t;GeneMark},{GlimmerHMM_glimmerT_1124-T1;GlimmerHMM}
5331	5467	INTRON			{Augustus_model.g919.t1;Augustus},{GeneMark_model.1220_t;GeneMark},{GlimmerHMM_glimmerT_1124-T1;GlimmerHMM}
5468	5670	internal+	1	2	{Augustus_model.g919.t1;Augustus},{GeneMark_model.1220_t;GeneMark},{GlimmerHMM_glimmerT_1124-T1;GlimmerHMM}
5671	5733	INTRON			{Augustus_model.g919.t1;Augustus},{GeneMark_model.1220_t;GeneMark},{GlimmerHMM_glimmerT_1124-T1;GlimmerHMM}
5734	6394	internal+	3	3	{Augustus_model.g919.t1;Augustus},{GeneMark_model.1220_t;GeneMark},{GlimmerHMM_glimmerT_1124-T1;GlimmerHMM}
6395	6464	INTRON			{Augustus_model.g919.t1;Augustus},{GeneMark_model.1220_t;GeneMark},{GlimmerHMM_glimmerT_1124-T1;GlimmerHMM}
6465	6530	internal+	1	3	{Augustus_model.g919.t1;Augustus},{GeneMark_model.1220_t;GeneMark},{GlimmerHMM_glimmerT_1124-T1;GlimmerHMM}
6531	6601	INTRON			{Augustus_model.g919.t1;Augustus},{GeneMark_model.1220_t;GeneMark},{GlimmerHMM_glimmerT_1124-T1;GlimmerHMM}
6602	6700	internal+	1	3	{Augustus_model.g919.t1;Augustus},{GeneMark_model.1220_t;GeneMark}
6701	6775	INTRON			{Augustus_model.g919.t1;Augustus},{GeneMark_model.1220_t;GeneMark}
6776	7051	terminal+	1	3	{Augustus_model.g919.t1;Augustus},{GeneMark_model.1220_t;GeneMark}

# EVM prediction: Mode:STANDARD S-ratio: 3.70 7768-8577 orient(+) score(4368.00) noncoding_equivalent(1179.16) raw_noncoding(1353.00) offset(173.84) 
7768	7793	initial+	1	2	{GlimmerHMM_glimmerT_1125-T1;GlimmerHMM},{Augustus_model.g920.t1;Augustus},{GeneMark_model.1221_t;GeneMark}
7794	7855	INTRON			{GlimmerHMM_glimmerT_1125-T1;GlimmerHMM},{Augustus_model.g920.t1;Augustus},{GeneMark_model.1221_t;GeneMark},{ev_type:exonerate/ID=match.2566964.1646/Target=lcl|KQ954526_1_prot_KWU41763_1_5900;exonerate},{ev_type:exonerate/ID=match.2566964.1648/Target=lcl|PJQD01000002_1_prot_POY76749_1_1906;exonerate}
7856	7875	internal+	3	1	{GlimmerHMM_glimmerT_1125-T1;GlimmerHMM},{Augustus_model.g920.t1;Augustus},{GeneMark_model.1221_t;GeneMark},{ev_type:exonerate/ID=match.2566964.1646/Target=lcl|KQ954526_1_prot_KWU41763_1_5900;exonerate},{ev_type:exonerate/ID=match.2566964.1648/Target=lcl|PJQD01000002_1_prot_POY76749_1_1906;exonerate}
7876	7945	INTRON			{GlimmerHMM_glimmerT_1125-T1;GlimmerHMM},{Augustus_model.g920.t1;Augustus},{GeneMark_model.1221_t;GeneMark},{ev_type:exonerate/ID=match.2566964.1646/Target=lcl|KQ954526_1_prot_KWU41763_1_5900;exonerate},{ev_type:exonerate/ID=match.2566964.1648/Target=lcl|PJQD01000002_1_prot_POY76749_1_1906;exonerate}
7946	8101	internal+	2	1	{GlimmerHMM_glimmerT_1125-T1;GlimmerHMM},{Augustus_model.g920.t1;Augustus},{GeneMark_model.1221_t;GeneMark},{ev_type:exonerate/ID=match.2566964.1646/Target=lcl|KQ954526_1_prot_KWU41763_1_5900;exonerate},{ev_type:exonerate/ID=match.2566964.1648/Target=lcl|PJQD01000002_1_prot_POY76749_1_1906;exonerate}
8102	8190	INTRON			{GlimmerHMM_glimmerT_1125-T1;GlimmerHMM},{Augustus_model.g920.t1;Augustus},{GeneMark_model.1221_t;GeneMark},{ev_type:exonerate/ID=match.2566964.1646/Target=lcl|KQ954526_1_prot_KWU41763_1_5900;exonerate},{ev_type:exonerate/ID=match.2566964.1648/Target=lcl|PJQD01000002_1_prot_POY76749_1_1906;exonerate}
8191	8289	internal+	2	1	{GlimmerHMM_glimmerT_1125-T1;GlimmerHMM},{Augustus_model.g920.t1;Augustus},{GeneMark_model.1221_t;GeneMark},{ev_type:exonerate/ID=match.2566964.1646/Target=lcl|KQ954526_1_prot_KWU41763_1_5900;exonerate},{ev_type:exonerate/ID=match.2566964.1648/Target=lcl|PJQD01000002_1_prot_POY76749_1_1906;exonerate}
8290	8353	INTRON			{GlimmerHMM_glimmerT_1125-T1;GlimmerHMM},{Augustus_model.g920.t1;Augustus},{GeneMark_model.1221_t;GeneMark},{ev_type:exonerate/ID=match.2566964.1646/Target=lcl|KQ954526_1_prot_KWU41763_1_5900;exonerate},{ev_type:exonerate/ID=match.2566964.1648/Target=lcl|PJQD01000002_1_prot_POY76749_1_1906;exonerate}
8354	8404	internal+	2	1	{GlimmerHMM_glimmerT_1125-T1;GlimmerHMM},{Augustus_model.g920.t1;Augustus},{GeneMark_model.1221_t;GeneMark},{ev_type:exonerate/ID=match.2566964.1646/Target=lcl|KQ954526_1_prot_KWU41763_1_5900;exonerate},{ev_type:exonerate/ID=match.2566964.1648/Target=lcl|PJQD01000002_1_prot_POY76749_1_1906;exonerate}
8405	8479	INTRON			{GlimmerHMM_glimmerT_1125-T1;GlimmerHMM},{Augustus_model.g920.t1;Augustus},{GeneMark_model.1221_t;GeneMark},{ev_type:exonerate/ID=match.2566964.1646/Target=lcl|KQ954526_1_prot_KWU41763_1_5900;exonerate},{ev_type:exonerate/ID=match.2566964.1648/Target=lcl|PJQD01000002_1_prot_POY76749_1_1906;exonerate}
8480	8577	terminal+	2	3	{GlimmerHMM_glimmerT_1125-T1;GlimmerHMM},{Augustus_model.g920.t1;Augustus},{GeneMark_model.1221_t;GeneMark}

# EVM prediction: Mode:STANDARD S-ratio: 2.00 8965-10741 orient(-) score(5535.00) noncoding_equivalent(2768.20) raw_noncoding(3328.00) offset(559.80) 
9042	8965	terminal-	4	6	{GlimmerHMM_glimmerT_1126-T1;GlimmerHMM},{Augustus_model.g921.t1;Augustus},{GeneMark_model.1222_t;GeneMark}
9126	9043	INTRON			{GlimmerHMM_glimmerT_1126-T1;GlimmerHMM},{Augustus_model.g921.t1;Augustus},{GeneMark_model.1222_t;GeneMark}
9265	9127	internal-	6	6	{GlimmerHMM_glimmerT_1126-T1;GlimmerHMM},{Augustus_model.g921.t1;Augustus},{GeneMark_model.1222_t;GeneMark}
9344	9266	INTRON			{GlimmerHMM_glimmerT_1126-T1;GlimmerHMM},{Augustus_model.g921.t1;Augustus},{GeneMark_model.1222_t;GeneMark}
9499	9345	internal-	4	5	{GlimmerHMM_glimmerT_1126-T1;GlimmerHMM},{Augustus_model.g921.t1;Augustus},{GeneMark_model.1222_t;GeneMark}
9587	9500	INTRON			{GlimmerHMM_glimmerT_1126-T1;GlimmerHMM},{Augustus_model.g921.t1;Augustus},{GeneMark_model.1222_t;GeneMark}
9779	9588	internal-	4	6	{GlimmerHMM_glimmerT_1126-T1;GlimmerHMM},{Augustus_model.g921.t1;Augustus},{GeneMark_model.1222_t;GeneMark}
9853	9780	INTRON			{GlimmerHMM_glimmerT_1126-T1;GlimmerHMM},{Augustus_model.g921.t1;Augustus},{GeneMark_model.1222_t;GeneMark}
9972	9854	internal-	5	6	{GlimmerHMM_glimmerT_1126-T1;GlimmerHMM},{Augustus_model.g921.t1;Augustus},{GeneMark_model.1222_t;GeneMark}
10068	9973	INTRON			{GlimmerHMM_glimmerT_1126-T1;GlimmerHMM},{Augustus_model.g921.t1;Augustus},{GeneMark_model.1222_t;GeneMark}
10207	10069	internal-	4	4	{GlimmerHMM_glimmerT_1126-T1;GlimmerHMM},{Augustus_model.g921.t1;Augustus},{GeneMark_model.1222_t;GeneMark}
10275	10208	INTRON			{GlimmerHMM_glimmerT_1126-T1;GlimmerHMM},{Augustus_model.g921.t1;Augustus},{GeneMark_model.1222_t;GeneMark}
10382	10276	internal-	5	6	{GlimmerHMM_glimmerT_1126-T1;GlimmerHMM},{Augustus_model.g921.t1;Augustus},{GeneMark_model.1222_t;GeneMark}
10506	10383	INTRON			{GlimmerHMM_glimmerT_1126-T1;GlimmerHMM},{Augustus_model.g921.t1;Augustus},{GeneMark_model.1222_t;GeneMark}
10741	10507	initial-	4	4	{GlimmerHMM_glimmerT_1126-T1;GlimmerHMM},{Augustus_model.g921.t1;Augustus},{GeneMark_model.1222_t;GeneMark}

# EVM prediction: Mode:STANDARD S-ratio: 2.25 11171-12138 orient(-) score(4834.00) noncoding_equivalent(2152.00) raw_noncoding(2756.00) offset(604.00) 
11257	11171	terminal-	4	6	{GeneMark_model.1223_t;GeneMark},{GlimmerHMM_glimmerT_1127-T1;GlimmerHMM},{Augustus_model.g922.t1;Augustus}
11558	11258	INTRON			{GeneMark_model.1223_t;GeneMark},{GlimmerHMM_glimmerT_1127-T1;GlimmerHMM},{Augustus_model.g922.t1;Augustus},{ev_type:exonerate/ID=match.2566964.1701/Target=lcl|PJQD01000002_1_prot_POY76747_1_1904;exonerate},{ev_type:exonerate/ID=match.2566964.1699/Target=lcl|KQ954526_1_prot_KWU41761_1_5898;exonerate}
11678	11559	internal-	4	6	{GeneMark_model.1223_t;GeneMark},{GlimmerHMM_glimmerT_1127-T1;GlimmerHMM},{Augustus_model.g922.t1;Augustus},{ev_type:exonerate/ID=match.2566964.1701/Target=lcl|PJQD01000002_1_prot_POY76747_1_1904;exonerate},{ev_type:exonerate/ID=match.2566964.1699/Target=lcl|KQ954526_1_prot_KWU41761_1_5898;exonerate}
11973	11679	INTRON			{GeneMark_model.1223_t;GeneMark},{GlimmerHMM_glimmerT_1127-T1;GlimmerHMM},{Augustus_model.g922.t1;Augustus},{ev_type:exonerate/ID=match.2566964.1701/Target=lcl|PJQD01000002_1_prot_POY76747_1_1904;exonerate},{ev_type:exonerate/ID=match.2566964.1699/Target=lcl|KQ954526_1_prot_KWU41761_1_5898;exonerate}
12138	11974	initial-	4	6	{GeneMark_model.1223_t;GeneMark},{GlimmerHMM_glimmerT_1127-T1;GlimmerHMM}

# EVM prediction: Mode:STANDARD S-ratio: 5.87 12417-14555 orient(-) score(7501.00) noncoding_equivalent(1278.91) raw_noncoding(1525.54) offset(246.64) 
13768	12417	terminal-	5	6	{GlimmerHMM_glimmerT_1128-T1;GlimmerHMM},{GeneMark_model.1224_t;GeneMark}
13826	13769	INTRON			{GlimmerHMM_glimmerT_1128-T1;GlimmerHMM},{GeneMark_model.1224_t;GeneMark},{Augustus_model.g922.t1;Augustus}
13996	13827	internal-	6	4	{GlimmerHMM_glimmerT_1128-T1;GlimmerHMM},{GeneMark_model.1224_t;GeneMark},{Augustus_model.g922.t1;Augustus}
14054	13997	INTRON			{GlimmerHMM_glimmerT_1128-T1;GlimmerHMM},{GeneMark_model.1224_t;GeneMark},{Augustus_model.g922.t1;Augustus}
14403	14055	internal-	5	5	{GeneMark_model.1224_t;GeneMark},{Augustus_model.g922.t1;Augustus}
14464	14404	INTRON			{GeneMark_model.1224_t;GeneMark},{Augustus_model.g922.t1;Augustus}
14555	14465	initial-	4	4	{GeneMark_model.1224_t;GeneMark},{Augustus_model.g922.t1;Augustus}

# EVM prediction: Mode:STANDARD S-ratio: 1.55 15588-17362 orient(+) score(4344.00) noncoding_equivalent(2795.52) raw_noncoding(3606.20) offset(810.68) 
15588	16090	initial+	1	2	{GeneMark_model.1225_t;GeneMark},{GlimmerHMM_glimmerT_1129-T1;GlimmerHMM}
16091	16343	INTRON			{GeneMark_model.1225_t;GeneMark},{GlimmerHMM_glimmerT_1129-T1;GlimmerHMM}
16344	16535	internal+	3	2	{GeneMark_model.1225_t;GeneMark},{Augustus_model.g923.t1;Augustus},{GlimmerHMM_glimmerT_1129-T1;GlimmerHMM}
16536	16598	INTRON			{GeneMark_model.1225_t;GeneMark},{Augustus_model.g923.t1;Augustus}
16599	16636	internal+	3	1	{GeneMark_model.1225_t;GeneMark}
16637	16687	INTRON			{GeneMark_model.1225_t;GeneMark}
16688	17023	internal+	2	1	{GeneMark_model.1225_t;GeneMark}
17024	17096	INTRON			{GeneMark_model.1225_t;GeneMark},{Augustus_model.g923.t1;Augustus},{GlimmerHMM_glimmerT_1129-T1;GlimmerHMM}
17097	17362	terminal+	2	3	{GeneMark_model.1225_t;GeneMark},{Augustus_model.g923.t1;Augustus},{GlimmerHMM_glimmerT_1129-T1;GlimmerHMM}

# EVM prediction: Mode:STANDARD S-ratio: 9.39 18836-21510 orient(-) score(21511.00) noncoding_equivalent(2289.73) raw_noncoding(2674.14) offset(384.42) 
18865	18836	terminal-	4	6	{Augustus_model.g924.t1;Augustus},{GeneMark_model.1226_t;GeneMark},{GlimmerHMM_glimmerT_1130-T1;GlimmerHMM}
18950	18866	INTRON			{Augustus_model.g924.t1;Augustus},{GeneMark_model.1226_t;GeneMark}
19019	18951	internal-	4	6	{Augustus_model.g924.t1;Augustus},{GeneMark_model.1226_t;GeneMark}
19111	19020	INTRON			{Augustus_model.g924.t1;Augustus},{GeneMark_model.1226_t;GeneMark},{ev_type:exonerate/ID=match.2566964.1455/Target=lcl|LCTV02000007_1_prot_PRQ74118_1_7317;exonerate},{ev_type:exonerate/ID=match.2566964.1524/Target=lcl|NW_017264932_1_prot_XP_018272192_1_3100;exonerate},{ev_type:exonerate/ID=match.2566964.1450/Target=lcl|PJQD01000002_1_prot_POY76743_1_1900;exonerate},{ev_type:exonerate/ID=match.2566964.1451/Target=lcl|KQ954526_1_prot_KWU41757_1_5894;exonerate},{ev_type:exonerate/ID=match.2566964.1454/Target=lcl|BJWK01000016_1_prot_GEM11763_1_5780;exonerate}
19296	19112	internal-	5	6	{Augustus_model.g924.t1;Augustus},{GeneMark_model.1226_t;GeneMark},{GlimmerHMM_glimmerT_1130-T1;GlimmerHMM},{ev_type:exonerate/ID=match.2566964.1455/Target=lcl|LCTV02000007_1_prot_PRQ74118_1_7317;exonerate},{ev_type:exonerate/ID=match.2566964.1524/Target=lcl|NW_017264932_1_prot_XP_018272192_1_3100;exonerate},{ev_type:exonerate/ID=match.2566964.1450/Target=lcl|PJQD01000002_1_prot_POY76743_1_1900;exonerate},{ev_type:exonerate/ID=match.2566964.1451/Target=lcl|KQ954526_1_prot_KWU41757_1_5894;exonerate},{ev_type:exonerate/ID=match.2566964.1454/Target=lcl|BJWK01000016_1_prot_GEM11763_1_5780;exonerate}
19360	19297	INTRON			{Augustus_model.g924.t1;Augustus},{GeneMark_model.1226_t;GeneMark},{GlimmerHMM_glimmerT_1130-T1;GlimmerHMM},{ev_type:exonerate/ID=match.2566964.1455/Target=lcl|LCTV02000007_1_prot_PRQ74118_1_7317;exonerate},{ev_type:exonerate/ID=match.2566964.1450/Target=lcl|PJQD01000002_1_prot_POY76743_1_1900;exonerate},{ev_type:exonerate/ID=match.2566964.1451/Target=lcl|KQ954526_1_prot_KWU41757_1_5894;exonerate},{ev_type:exonerate/ID=match.2566964.1454/Target=lcl|BJWK01000016_1_prot_GEM11763_1_5780;exonerate}
21018	19361	internal-	6	4	{Augustus_model.g924.t1;Augustus},{GeneMark_model.1226_t;GeneMark},{GlimmerHMM_glimmerT_1130-T1;GlimmerHMM},{ev_type:exonerate/ID=match.2566964.1455/Target=lcl|LCTV02000007_1_prot_PRQ74118_1_7317;exonerate},{ev_type:exonerate/ID=match.2566964.1450/Target=lcl|PJQD01000002_1_prot_POY76743_1_1900;exonerate},{ev_type:exonerate/ID=match.2566964.1451/Target=lcl|KQ954526_1_prot_KWU41757_1_5894;exonerate},{ev_type:exonerate/ID=match.2566964.1454/Target=lcl|BJWK01000016_1_prot_GEM11763_1_5780;exonerate}
21325	21019	INTRON			{snap_scaffold_3-snap.8-T1;snap},{Augustus_model.g924.t1;Augustus},{GeneMark_model.1226_t;GeneMark},{GlimmerHMM_glimmerT_1130-T1;GlimmerHMM},{ev_type:exonerate/ID=match.2566964.1455/Target=lcl|LCTV02000007_1_prot_PRQ74118_1_7317;exonerate},{ev_type:exonerate/ID=match.2566964.1450/Target=lcl|PJQD01000002_1_prot_POY76743_1_1900;exonerate},{ev_type:exonerate/ID=match.2566964.1451/Target=lcl|KQ954526_1_prot_KWU41757_1_5894;exonerate},{ev_type:exonerate/ID=match.2566964.1454/Target=lcl|BJWK01000016_1_prot_GEM11763_1_5780;exonerate}
21510	21326	initial-	4	5	{Augustus_model.g924.t1;Augustus},{GeneMark_model.1226_t;GeneMark},{GlimmerHMM_glimmerT_1130-T1;GlimmerHMM}

# EVM prediction: Mode:STANDARD S-ratio: 3.61 21761-32437 orient(-) score(34871.00) noncoding_equivalent(9663.11) raw_noncoding(11796.00) offset(2132.89) 
21988	21761	terminal-	4	6	{Augustus_model.g925.t1;Augustus},{GeneMark_model.1227_t;GeneMark},{GlimmerHMM_glimmerT_1131-T1;GlimmerHMM}
22061	21989	INTRON			{Augustus_model.g925.t1;Augustus},{GeneMark_model.1227_t;GeneMark},{GlimmerHMM_glimmerT_1131-T1;GlimmerHMM},{ev_type:exonerate/ID=match.2566964.1590/Target=lcl|KQ954526_1_prot_KWU41756_1_5893;exonerate}
22661	22062	internal-	4	6	{Augustus_model.g925.t1;Augustus},{GeneMark_model.1227_t;GeneMark},{GlimmerHMM_glimmerT_1131-T1;GlimmerHMM}
22721	22662	INTRON			{Augustus_model.g925.t1;Augustus},{GeneMark_model.1227_t;GeneMark}
22775	22722	internal-	4	6	{Augustus_model.g925.t1;Augustus},{GeneMark_model.1227_t;GeneMark}
22841	22776	INTRON			{Augustus_model.g925.t1;Augustus},{GeneMark_model.1227_t;GeneMark}
23039	22842	internal-	4	6	{Augustus_model.g925.t1;Augustus},{GeneMark_model.1227_t;GeneMark},{GlimmerHMM_glimmerT_1131-T1;GlimmerHMM}
23103	23040	INTRON			{Augustus_model.g925.t1;Augustus},{GeneMark_model.1227_t;GeneMark},{GlimmerHMM_glimmerT_1131-T1;GlimmerHMM}
23210	23104	internal-	5	6	{Augustus_model.g925.t1;Augustus},{GeneMark_model.1227_t;GeneMark},{GlimmerHMM_glimmerT_1131-T1;GlimmerHMM}
23275	23211	INTRON			{Augustus_model.g925.t1;Augustus},{GeneMark_model.1227_t;GeneMark},{GlimmerHMM_glimmerT_1131-T1;GlimmerHMM}
23824	23276	internal-	5	4	{Augustus_model.g925.t1;Augustus},{GeneMark_model.1227_t;GeneMark},{GlimmerHMM_glimmerT_1131-T1;GlimmerHMM}
23891	23825	INTRON			{Augustus_model.g925.t1;Augustus},{GeneMark_model.1227_t;GeneMark},{GlimmerHMM_glimmerT_1131-T1;GlimmerHMM}
25347	23892	internal-	4	4	{Augustus_model.g925.t1;Augustus},{GeneMark_model.1227_t;GeneMark},{GlimmerHMM_glimmerT_1131-T1;GlimmerHMM}
25403	25348	INTRON			{Augustus_model.g925.t1;Augustus},{GeneMark_model.1227_t;GeneMark},{GlimmerHMM_glimmerT_1131-T1;GlimmerHMM}
26221	25404	internal-	5	6	{Augustus_model.g925.t1;Augustus},{GeneMark_model.1227_t;GeneMark},{GlimmerHMM_glimmerT_1131-T1;GlimmerHMM}
26282	26222	INTRON			{Augustus_model.g925.t1;Augustus},{GeneMark_model.1227_t;GeneMark},{GlimmerHMM_glimmerT_1131-T1;GlimmerHMM}
27093	26283	internal-	4	4	{Augustus_model.g925.t1;Augustus},{GeneMark_model.1227_t;GeneMark}
27173	27094	INTRON			{Augustus_model.g925.t1;Augustus},{GeneMark_model.1227_t;GeneMark}
27667	27174	internal-	5	6	{Augustus_model.g925.t1;Augustus},{GeneMark_model.1227_t;GeneMark},{GlimmerHMM_glimmerT_1131-T1;GlimmerHMM}
27872	27668	INTRON			{GeneMark_model.1227_t;GeneMark},{GlimmerHMM_glimmerT_1131-T1;GlimmerHMM}
27954	27873	internal-	4	4	{GeneMark_model.1227_t;GeneMark}
28020	27955	INTRON			{GeneMark_model.1227_t;GeneMark}
28208	28021	internal-	5	6	{GeneMark_model.1227_t;GeneMark}
28271	28209	INTRON			{Augustus_model.g925.t1;Augustus},{GeneMark_model.1227_t;GeneMark}
28610	28272	internal-	5	4	{Augustus_model.g925.t1;Augustus},{GeneMark_model.1227_t;GeneMark}
28672	28611	INTRON			{Augustus_model.g925.t1;Augustus},{GeneMark_model.1227_t;GeneMark}
28803	28673	internal-	6	4	{Augustus_model.g925.t1;Augustus},{GeneMark_model.1227_t;GeneMark}
28872	28804	INTRON			{Augustus_model.g925.t1;Augustus},{GeneMark_model.1227_t;GeneMark}
28996	28873	internal-	5	5	{Augustus_model.g925.t1;Augustus},{GeneMark_model.1227_t;GeneMark},{GlimmerHMM_glimmerT_1131-T1;GlimmerHMM}
29059	28997	INTRON			{Augustus_model.g925.t1;Augustus},{GeneMark_model.1227_t;GeneMark},{GlimmerHMM_glimmerT_1131-T1;GlimmerHMM}
29287	29060	internal-	5	4	{Augustus_model.g925.t1;Augustus},{GeneMark_model.1227_t;GeneMark},{GlimmerHMM_glimmerT_1131-T1;GlimmerHMM}
29375	29288	INTRON			{Augustus_model.g925.t1;Augustus},{GlimmerHMM_glimmerT_1131-T1;GlimmerHMM}
29410	29376	internal-	6	4	{Augustus_model.g925.t1;Augustus},{GlimmerHMM_glimmerT_1131-T1;GlimmerHMM}
29476	29411	INTRON			{Augustus_model.g925.t1;Augustus},{GeneMark_model.1227_t;GeneMark},{GlimmerHMM_glimmerT_1131-T1;GlimmerHMM}
30101	29477	internal-	5	5	{Augustus_model.g925.t1;Augustus},{GeneMark_model.1227_t;GeneMark},{GlimmerHMM_glimmerT_1131-T1;GlimmerHMM}
30167	30102	INTRON			{Augustus_model.g925.t1;Augustus},{GeneMark_model.1227_t;GeneMark},{GlimmerHMM_glimmerT_1131-T1;GlimmerHMM}
31461	30168	internal-	4	4	{Augustus_model.g925.t1;Augustus},{GeneMark_model.1227_t;GeneMark},{GlimmerHMM_glimmerT_1131-T1;GlimmerHMM}
31523	31462	INTRON			{Augustus_model.g925.t1;Augustus},{GeneMark_model.1227_t;GeneMark},{GlimmerHMM_glimmerT_1131-T1;GlimmerHMM}
31649	31524	internal-	4	6	{Augustus_model.g925.t1;Augustus},{GeneMark_model.1227_t;GeneMark}
31712	31650	INTRON			{Augustus_model.g925.t1;Augustus},{GeneMark_model.1227_t;GeneMark}
32259	31713	internal-	6	6	{Augustus_model.g925.t1;Augustus},{GeneMark_model.1227_t;GeneMark}
32318	32260	INTRON			{Augustus_model.g925.t1;Augustus},{GeneMark_model.1227_t;GeneMark},{GlimmerHMM_glimmerT_1131-T1;GlimmerHMM}
32437	32319	initial-	4	5	{Augustus_model.g925.t1;Augustus},{GeneMark_model.1227_t;GeneMark},{GlimmerHMM_glimmerT_1131-T1;GlimmerHMM}

# EVM prediction: Mode:STANDARD S-ratio: 2.40 32934-36769 orient(+) score(11279.00) noncoding_equivalent(4691.47) raw_noncoding(5450.00) offset(758.53) 
32934	33766	initial+	1	2	{Augustus_model.g926.t1;Augustus},{GeneMark_model.1228_t;GeneMark}
33767	33825	INTRON			{Augustus_model.g926.t1;Augustus},{GeneMark_model.1228_t;GeneMark}
33826	33917	internal+	3	1	{Augustus_model.g926.t1;Augustus},{GeneMark_model.1228_t;GeneMark}
33918	33983	INTRON			{Augustus_model.g926.t1;Augustus},{GeneMark_model.1228_t;GeneMark}
33984	34043	internal+	2	1	{Augustus_model.g926.t1;Augustus},{GeneMark_model.1228_t;GeneMark}
34044	34106	INTRON			{Augustus_model.g926.t1;Augustus},{GeneMark_model.1228_t;GeneMark}
34107	34727	internal+	2	1	{Augustus_model.g926.t1;Augustus},{GeneMark_model.1228_t;GeneMark}
34728	34785	INTRON			{Augustus_model.g926.t1;Augustus},{GeneMark_model.1228_t;GeneMark},{GlimmerHMM_glimmerT_1132-T1;GlimmerHMM}
34786	35178	internal+	2	1	{Augustus_model.g926.t1;Augustus},{GeneMark_model.1228_t;GeneMark},{GlimmerHMM_glimmerT_1132-T1;GlimmerHMM}
35179	35235	INTRON			{Augustus_model.g926.t1;Augustus},{GeneMark_model.1228_t;GeneMark},{GlimmerHMM_glimmerT_1132-T1;GlimmerHMM}
35236	35664	internal+	2	1	{Augustus_model.g926.t1;Augustus},{GeneMark_model.1228_t;GeneMark}
35665	35731	INTRON			{Augustus_model.g926.t1;Augustus},{GeneMark_model.1228_t;GeneMark}
35732	36116	internal+	2	2	{Augustus_model.g926.t1;Augustus},{GeneMark_model.1228_t;GeneMark}
36117	36186	INTRON			{Augustus_model.g926.t1;Augustus},{GeneMark_model.1228_t;GeneMark},{GlimmerHMM_glimmerT_1132-T1;GlimmerHMM}
36187	36199	internal+	3	3	{Augustus_model.g926.t1;Augustus},{GeneMark_model.1228_t;GeneMark},{GlimmerHMM_glimmerT_1132-T1;GlimmerHMM}
36200	36269	INTRON			{Augustus_model.g926.t1;Augustus},{GeneMark_model.1228_t;GeneMark},{GlimmerHMM_glimmerT_1132-T1;GlimmerHMM}
36270	36576	internal+	1	1	{Augustus_model.g926.t1;Augustus},{GeneMark_model.1228_t;GeneMark},{GlimmerHMM_glimmerT_1132-T1;GlimmerHMM}
36577	36647	INTRON			{Augustus_model.g926.t1;Augustus},{GeneMark_model.1228_t;GeneMark},{GlimmerHMM_glimmerT_1132-T1;GlimmerHMM}
36648	36769	terminal+	2	3	{Augustus_model.g926.t1;Augustus},{GeneMark_model.1228_t;GeneMark},{GlimmerHMM_glimmerT_1132-T1;GlimmerHMM}

# EVM prediction: Mode:STANDARD S-ratio: 3.09 37037-38673 orient(-) score(5396.00) noncoding_equivalent(1744.00) raw_noncoding(1928.00) offset(184.00) 
37567	37037	terminal-	4	6	{snap_scaffold_3-snap.14-T1;snap},{GeneMark_model.1229_t;GeneMark},{GlimmerHMM_glimmerT_1133-T1;GlimmerHMM}
37635	37568	INTRON			{snap_scaffold_3-snap.14-T1;snap},{Augustus_model.g927.t1;Augustus},{GeneMark_model.1229_t;GeneMark},{GlimmerHMM_glimmerT_1133-T1;GlimmerHMM}
38046	37636	internal-	4	6	{Augustus_model.g927.t1;Augustus},{GeneMark_model.1229_t;GeneMark},{GlimmerHMM_glimmerT_1133-T1;GlimmerHMM}
38154	38047	INTRON			{Augustus_model.g927.t1;Augustus},{GeneMark_model.1229_t;GeneMark},{GlimmerHMM_glimmerT_1133-T1;GlimmerHMM}
38366	38155	internal-	5	6	{Augustus_model.g927.t1;Augustus},{GeneMark_model.1229_t;GeneMark},{GlimmerHMM_glimmerT_1133-T1;GlimmerHMM}
38426	38367	INTRON			{Augustus_model.g927.t1;Augustus},{GeneMark_model.1229_t;GeneMark},{GlimmerHMM_glimmerT_1133-T1;GlimmerHMM}
38673	38427	initial-	4	4	{GeneMark_model.1229_t;GeneMark},{GlimmerHMM_glimmerT_1133-T1;GlimmerHMM}

# EVM prediction: Mode:STANDARD S-ratio: 1.73 38725-39383 orient(-) score(1758.00) noncoding_equivalent(1014.82) raw_noncoding(1355.00) offset(340.18) 
38789	38725	terminal-	5	6	{GlimmerHMM_glimmerT_1134-T1;GlimmerHMM},{Augustus_model.g928.t1;Augustus},{GeneMark_model.1230_t;GeneMark}
38860	38790	INTRON			{GlimmerHMM_glimmerT_1134-T1;GlimmerHMM},{Augustus_model.g928.t1;Augustus},{GeneMark_model.1230_t;GeneMark}
39005	38861	internal-	4	4	{GlimmerHMM_glimmerT_1134-T1;GlimmerHMM},{Augustus_model.g928.t1;Augustus},{GeneMark_model.1230_t;GeneMark}
39072	39006	INTRON			{Augustus_model.g928.t1;Augustus},{GeneMark_model.1230_t;GeneMark}
39159	39073	internal-	4	6	{Augustus_model.g928.t1;Augustus},{GeneMark_model.1230_t;GeneMark}
39224	39160	INTRON			{Augustus_model.g928.t1;Augustus},{GeneMark_model.1230_t;GeneMark}
39383	39225	initial-	4	6	{GlimmerHMM_glimmerT_1134-T1;GlimmerHMM},{Augustus_model.g928.t1;Augustus},{GeneMark_model.1230_t;GeneMark}

# EVM prediction: Mode:STANDARD S-ratio: 4.08 39844-42154 orient(-) score(7739.00) noncoding_equivalent(1899.07) raw_noncoding(2233.00) offset(333.93) 
40371	39844	terminal-	4	6	{GeneMark_model.1231_t;GeneMark},{GlimmerHMM_glimmerT_1135-T1;GlimmerHMM},{Augustus_model.g929.t1;Augustus}
40442	40372	INTRON			{GeneMark_model.1231_t;GeneMark},{GlimmerHMM_glimmerT_1135-T1;GlimmerHMM},{Augustus_model.g929.t1;Augustus}
40841	40443	internal-	4	6	{GeneMark_model.1231_t;GeneMark},{GlimmerHMM_glimmerT_1135-T1;GlimmerHMM},{Augustus_model.g929.t1;Augustus}
40904	40842	INTRON			{GeneMark_model.1231_t;GeneMark},{GlimmerHMM_glimmerT_1135-T1;GlimmerHMM},{Augustus_model.g929.t1;Augustus}
41551	40905	internal-	5	6	{GlimmerHMM_glimmerT_1135-T1;GlimmerHMM},{Augustus_model.g929.t1;Augustus}
41623	41552	INTRON			{GeneMark_model.1231_t;GeneMark},{GlimmerHMM_glimmerT_1135-T1;GlimmerHMM},{Augustus_model.g929.t1;Augustus}
41798	41624	internal-	4	4	{GeneMark_model.1231_t;GeneMark},{GlimmerHMM_glimmerT_1135-T1;GlimmerHMM},{Augustus_model.g929.t1;Augustus}
41856	41799	INTRON			{GeneMark_model.1231_t;GeneMark},{Augustus_model.g929.t1;Augustus}
41928	41857	internal-	4	6	{GeneMark_model.1231_t;GeneMark},{Augustus_model.g929.t1;Augustus}
41992	41929	INTRON			{GeneMark_model.1231_t;GeneMark},{Augustus_model.g929.t1;Augustus}
42154	41993	initial-	4	6	{GeneMark_model.1231_t;GeneMark},{GlimmerHMM_glimmerT_1135-T1;GlimmerHMM},{Augustus_model.g929.t1;Augustus}

# EVM prediction: Mode:STANDARD S-ratio: 1.95 42587-44513 orient(-) score(5091.00) noncoding_equivalent(2614.89) raw_noncoding(2962.00) offset(347.11) 
43078	42587	terminal-	4	6	{GlimmerHMM_glimmerT_1136-T1;GlimmerHMM},{GeneMark_model.1232_t;GeneMark}
43140	43079	INTRON			{GlimmerHMM_glimmerT_1136-T1;GlimmerHMM},{GeneMark_model.1232_t;GeneMark}
43596	43141	internal-	4	6	{GeneMark_model.1232_t;GeneMark}
43654	43597	INTRON			{GeneMark_model.1232_t;GeneMark}
44386	43655	internal-	4	6	{GlimmerHMM_glimmerT_1136-T1;GlimmerHMM},{GeneMark_model.1232_t;GeneMark}
44444	44387	INTRON			{GlimmerHMM_glimmerT_1136-T1;GlimmerHMM},{GeneMark_model.1232_t;GeneMark},{Augustus_model.g930.t1;Augustus}
44513	44445	initial-	4	6	{GlimmerHMM_glimmerT_1136-T1;GlimmerHMM},{GeneMark_model.1232_t;GeneMark},{Augustus_model.g930.t1;Augustus}

# EVM prediction: Mode:STANDARD S-ratio: 1.48 44873-46024 orient(-) score(2707.00) noncoding_equivalent(1826.18) raw_noncoding(2745.00) offset(918.82) 
45145	44873	terminal-	4	6	{GlimmerHMM_glimmerT_1137-T1;GlimmerHMM},{Augustus_model.g931.t1;Augustus},{GeneMark_model.1233_t;GeneMark}
45213	45146	INTRON			{GlimmerHMM_glimmerT_1137-T1;GlimmerHMM},{Augustus_model.g931.t1;Augustus},{GeneMark_model.1233_t;GeneMark}
45307	45214	internal-	6	6	{GlimmerHMM_glimmerT_1137-T1;GlimmerHMM},{Augustus_model.g931.t1;Augustus},{GeneMark_model.1233_t;GeneMark}
45375	45308	INTRON			{GlimmerHMM_glimmerT_1137-T1;GlimmerHMM},{Augustus_model.g931.t1;Augustus},{GeneMark_model.1233_t;GeneMark}
45652	45376	internal-	5	5	{GeneMark_model.1233_t;GeneMark}
45887	45653	INTRON			{GeneMark_model.1233_t;GeneMark}
45925	45888	internal-	6	4	{GlimmerHMM_glimmerT_1137-T1;GlimmerHMM},{Augustus_model.g931.t1;Augustus},{GeneMark_model.1233_t;GeneMark}
45992	45926	INTRON			{GlimmerHMM_glimmerT_1137-T1;GlimmerHMM},{Augustus_model.g931.t1;Augustus},{GeneMark_model.1233_t;GeneMark}
46024	45993	initial-	4	5	{GlimmerHMM_glimmerT_1137-T1;GlimmerHMM},{GeneMark_model.1233_t;GeneMark}

# EVM prediction: Mode:STANDARD S-ratio: 2.52 46846-48439 orient(-) score(5049.00) noncoding_equivalent(2004.72) raw_noncoding(2460.23) offset(455.51) 
47009	46846	terminal-	5	6	{GlimmerHMM_glimmerT_1138-T1;GlimmerHMM}
47089	47010	INTRON			{Augustus_model.g931.t1;Augustus},{GeneMark_model.1234_t;GeneMark},{GlimmerHMM_glimmerT_1138-T1;GlimmerHMM}
47199	47090	internal-	6	4	{Augustus_model.g931.t1;Augustus},{GeneMark_model.1234_t;GeneMark},{GlimmerHMM_glimmerT_1138-T1;GlimmerHMM}
47258	47200	INTRON			{Augustus_model.g931.t1;Augustus},{GeneMark_model.1234_t;GeneMark},{GlimmerHMM_glimmerT_1138-T1;GlimmerHMM}
47355	47259	internal-	5	5	{Augustus_model.g931.t1;Augustus},{GeneMark_model.1234_t;GeneMark},{GlimmerHMM_glimmerT_1138-T1;GlimmerHMM}
47435	47356	INTRON			{Augustus_model.g931.t1;Augustus},{GeneMark_model.1234_t;GeneMark},{GlimmerHMM_glimmerT_1138-T1;GlimmerHMM}
47652	47436	internal-	4	4	{Augustus_model.g931.t1;Augustus},{GeneMark_model.1234_t;GeneMark},{GlimmerHMM_glimmerT_1138-T1;GlimmerHMM}
47720	47653	INTRON			{Augustus_model.g931.t1;Augustus},{GeneMark_model.1234_t;GeneMark},{GlimmerHMM_glimmerT_1138-T1;GlimmerHMM}
47953	47721	internal-	5	6	{Augustus_model.g931.t1;Augustus},{GeneMark_model.1234_t;GeneMark},{GlimmerHMM_glimmerT_1138-T1;GlimmerHMM}
48018	47954	INTRON			{Augustus_model.g931.t1;Augustus},{GeneMark_model.1234_t;GeneMark},{GlimmerHMM_glimmerT_1138-T1;GlimmerHMM}
48065	48019	internal-	6	4	{Augustus_model.g931.t1;Augustus},{GeneMark_model.1234_t;GeneMark}
48140	48066	INTRON			{Augustus_model.g931.t1;Augustus},{GeneMark_model.1234_t;GeneMark}
48439	48141	initial-	4	5	{Augustus_model.g931.t1;Augustus},{GeneMark_model.1234_t;GeneMark},{GlimmerHMM_glimmerT_1138-T1;GlimmerHMM}

# EVM prediction: Mode:STANDARD S-ratio: 12.29 49182-50365 orient(+) score(4523.00) noncoding_equivalent(367.94) raw_noncoding(449.00) offset(81.06) 
49182	49320	initial+	1	1	{Augustus_model.g932.t1;Augustus}
49321	49400	INTRON			{Augustus_model.g932.t1;Augustus},{GlimmerHMM_glimmerT_1139-T1;GlimmerHMM},{GeneMark_model.1235_t;GeneMark}
49401	50365	terminal+	2	3	{Augustus_model.g932.t1;Augustus},{GlimmerHMM_glimmerT_1139-T1;GlimmerHMM},{GeneMark_model.1235_t;GeneMark}

# EVM prediction: Mode:STANDARD S-ratio: 5.17 50738-58083 orient(+) score(25755.00) noncoding_equivalent(4976.82) raw_noncoding(5831.00) offset(854.18) 
50738	50803	initial+	1	3	{GlimmerHMM_glimmerT_1140-T1;GlimmerHMM},{Augustus_model.g933.t1;Augustus},{GeneMark_model.1236_t;GeneMark}
50804	50869	INTRON			{GlimmerHMM_glimmerT_1140-T1;GlimmerHMM},{Augustus_model.g933.t1;Augustus},{GeneMark_model.1236_t;GeneMark}
50870	51078	internal+	1	2	{GeneMark_model.1236_t;GeneMark}
51079	51142	INTRON			{GeneMark_model.1236_t;GeneMark}
51143	51197	internal+	3	3	{Augustus_model.g933.t1;Augustus},{GeneMark_model.1236_t;GeneMark}
51198	51264	INTRON			{Augustus_model.g933.t1;Augustus},{GeneMark_model.1236_t;GeneMark}
51265	51342	internal+	1	3	{Augustus_model.g933.t1;Augustus},{GeneMark_model.1236_t;GeneMark}
51343	51406	INTRON			{Augustus_model.g933.t1;Augustus},{GeneMark_model.1236_t;GeneMark}
51407	51486	internal+	1	2	{GlimmerHMM_glimmerT_1140-T1;GlimmerHMM},{Augustus_model.g933.t1;Augustus},{GeneMark_model.1236_t;GeneMark}
51487	51549	INTRON			{GlimmerHMM_glimmerT_1140-T1;GlimmerHMM},{Augustus_model.g933.t1;Augustus},{GeneMark_model.1236_t;GeneMark}
51550	51899	internal+	3	1	{GlimmerHMM_glimmerT_1140-T1;GlimmerHMM},{Augustus_model.g933.t1;Augustus},{GeneMark_model.1236_t;GeneMark}
51900	51956	INTRON			{GlimmerHMM_glimmerT_1140-T1;GlimmerHMM},{Augustus_model.g933.t1;Augustus},{GeneMark_model.1236_t;GeneMark}
51957	52366	internal+	2	3	{GlimmerHMM_glimmerT_1140-T1;GlimmerHMM},{Augustus_model.g933.t1;Augustus},{GeneMark_model.1236_t;GeneMark}
52367	52437	INTRON			{GlimmerHMM_glimmerT_1140-T1;GlimmerHMM},{Augustus_model.g933.t1;Augustus},{GeneMark_model.1236_t;GeneMark}
52438	53337	internal+	1	3	{GlimmerHMM_glimmerT_1140-T1;GlimmerHMM},{Augustus_model.g933.t1;Augustus},{GeneMark_model.1236_t;GeneMark}
53338	53398	INTRON			{GlimmerHMM_glimmerT_1140-T1;GlimmerHMM},{Augustus_model.g933.t1;Augustus},{GeneMark_model.1236_t;GeneMark}
53399	55576	internal+	1	3	{GlimmerHMM_glimmerT_1140-T1;GlimmerHMM},{Augustus_model.g933.t1;Augustus},{GeneMark_model.1236_t;GeneMark}
55577	55637	INTRON			{GlimmerHMM_glimmerT_1140-T1;GlimmerHMM},{Augustus_model.g933.t1;Augustus},{GeneMark_model.1236_t;GeneMark}
55638	56794	internal+	1	2	{GlimmerHMM_glimmerT_1140-T1;GlimmerHMM},{GeneMark_model.1236_t;GeneMark}
56795	56859	INTRON			{GlimmerHMM_glimmerT_1140-T1;GlimmerHMM},{Augustus_model.g933.t1;Augustus},{GeneMark_model.1236_t;GeneMark}
56860	56959	internal+	3	3	{GlimmerHMM_glimmerT_1140-T1;GlimmerHMM},{Augustus_model.g933.t1;Augustus},{GeneMark_model.1236_t;GeneMark}
56960	57022	INTRON			{GlimmerHMM_glimmerT_1140-T1;GlimmerHMM},{Augustus_model.g933.t1;Augustus},{snap_scaffold_3-snap.22-T1;snap},{GeneMark_model.1236_t;GeneMark}
57023	57556	internal+	1	3	{GlimmerHMM_glimmerT_1140-T1;GlimmerHMM},{Augustus_model.g933.t1;Augustus},{GeneMark_model.1236_t;GeneMark}
57557	57619	INTRON			{GlimmerHMM_glimmerT_1140-T1;GlimmerHMM},{Augustus_model.g933.t1;Augustus},{GeneMark_model.1236_t;GeneMark}
57620	57684	internal+	1	2	{GlimmerHMM_glimmerT_1140-T1;GlimmerHMM},{Augustus_model.g933.t1;Augustus},{GeneMark_model.1236_t;GeneMark}
57685	57750	INTRON			{GlimmerHMM_glimmerT_1140-T1;GlimmerHMM},{Augustus_model.g933.t1;Augustus},{GeneMark_model.1236_t;GeneMark}
57751	57863	internal+	3	1	{GlimmerHMM_glimmerT_1140-T1;GlimmerHMM},{Augustus_model.g933.t1;Augustus},{GeneMark_model.1236_t;GeneMark}
57864	57928	INTRON			{GlimmerHMM_glimmerT_1140-T1;GlimmerHMM},{Augustus_model.g933.t1;Augustus},{GeneMark_model.1236_t;GeneMark}
57929	58083	terminal+	2	3	{GlimmerHMM_glimmerT_1140-T1;GlimmerHMM},{Augustus_model.g933.t1;Augustus},{GeneMark_model.1236_t;GeneMark}

# EVM prediction: Mode:STANDARD S-ratio: 2.27 59788-60870 orient(-) score(4867.00) noncoding_equivalent(2147.87) raw_noncoding(3022.04) offset(874.17) 
59796	59788	terminal-	4	6	{Augustus_model.g934.t1;Augustus},{GeneMark_model.1237_t;GeneMark}
59894	59797	INTRON			{Augustus_model.g934.t1;Augustus},{GeneMark_model.1237_t;GeneMark}
59939	59895	internal-	4	6	{Augustus_model.g934.t1;Augustus},{GeneMark_model.1237_t;GeneMark}
60148	59940	INTRON			{GlimmerHMM_glimmerT_1141-T1;GlimmerHMM},{Augustus_model.g934.t1;Augustus},{GeneMark_model.1237_t;GeneMark},{ev_type:exonerate/ID=match.2566964.1706/Target=lcl|PJQD01000002_1_prot_POY76730_1_1887;exonerate},{ev_type:exonerate/ID=match.2566964.1705/Target=lcl|KQ954467_1_prot_KWU46320_1_1035;exonerate}
60238	60149	internal-	4	6	{GlimmerHMM_glimmerT_1141-T1;GlimmerHMM},{Augustus_model.g934.t1;Augustus},{GeneMark_model.1237_t;GeneMark},{ev_type:exonerate/ID=match.2566964.1706/Target=lcl|PJQD01000002_1_prot_POY76730_1_1887;exonerate},{ev_type:exonerate/ID=match.2566964.1705/Target=lcl|KQ954467_1_prot_KWU46320_1_1035;exonerate}
60318	60239	INTRON			{Augustus_model.g934.t1;Augustus},{GeneMark_model.1237_t;GeneMark},{ev_type:exonerate/ID=match.2566964.1706/Target=lcl|PJQD01000002_1_prot_POY76730_1_1887;exonerate},{ev_type:exonerate/ID=match.2566964.1705/Target=lcl|KQ954467_1_prot_KWU46320_1_1035;exonerate}
60406	60319	internal-	6	6	{Augustus_model.g934.t1;Augustus},{GeneMark_model.1237_t;GeneMark},{ev_type:exonerate/ID=match.2566964.1706/Target=lcl|PJQD01000002_1_prot_POY76730_1_1887;exonerate},{ev_type:exonerate/ID=match.2566964.1705/Target=lcl|KQ954467_1_prot_KWU46320_1_1035;exonerate}
60494	60407	INTRON			{GlimmerHMM_glimmerT_1141-T1;GlimmerHMM},{Augustus_model.g934.t1;Augustus},{GeneMark_model.1237_t;GeneMark},{ev_type:exonerate/ID=match.2566964.1706/Target=lcl|PJQD01000002_1_prot_POY76730_1_1887;exonerate},{ev_type:exonerate/ID=match.2566964.1705/Target=lcl|KQ954467_1_prot_KWU46320_1_1035;exonerate}
60558	60495	internal-	5	5	{Augustus_model.g934.t1;Augustus},{GeneMark_model.1237_t;GeneMark},{ev_type:exonerate/ID=match.2566964.1706/Target=lcl|PJQD01000002_1_prot_POY76730_1_1887;exonerate},{ev_type:exonerate/ID=match.2566964.1705/Target=lcl|KQ954467_1_prot_KWU46320_1_1035;exonerate}
60648	60559	INTRON			{Augustus_model.g934.t1;Augustus},{GeneMark_model.1237_t;GeneMark},{ev_type:exonerate/ID=match.2566964.1706/Target=lcl|PJQD01000002_1_prot_POY76730_1_1887;exonerate},{ev_type:exonerate/ID=match.2566964.1705/Target=lcl|KQ954467_1_prot_KWU46320_1_1035;exonerate}
60680	60649	internal-	6	4	{GlimmerHMM_glimmerT_1141-T1;GlimmerHMM},{Augustus_model.g934.t1;Augustus},{GeneMark_model.1237_t;GeneMark},{ev_type:exonerate/ID=match.2566964.1706/Target=lcl|PJQD01000002_1_prot_POY76730_1_1887;exonerate},{ev_type:exonerate/ID=match.2566964.1705/Target=lcl|KQ954467_1_prot_KWU46320_1_1035;exonerate}
60757	60681	INTRON			{GlimmerHMM_glimmerT_1141-T1;GlimmerHMM},{Augustus_model.g934.t1;Augustus},{GeneMark_model.1237_t;GeneMark},{ev_type:exonerate/ID=match.2566964.1706/Target=lcl|PJQD01000002_1_prot_POY76730_1_1887;exonerate},{ev_type:exonerate/ID=match.2566964.1705/Target=lcl|KQ954467_1_prot_KWU46320_1_1035;exonerate}
60870	60758	initial-	4	5	{GlimmerHMM_glimmerT_1141-T1;GlimmerHMM},{GeneMark_model.1237_t;GeneMark}

# EVM prediction: Mode:STANDARD S-ratio: 2.42 61364-63224 orient(-) score(5777.00) noncoding_equivalent(2385.75) raw_noncoding(2893.16) offset(507.41) 
61670	61364	terminal-	6	6	{snap_scaffold_3-snap.23-T1;snap},{GlimmerHMM_glimmerT_1142-T1;GlimmerHMM},{GeneMark_model.1238_t;GeneMark}
61756	61671	INTRON			{GlimmerHMM_glimmerT_1142-T1;GlimmerHMM},{Augustus_model.g934.t1;Augustus},{GeneMark_model.1238_t;GeneMark}
62110	61757	internal-	6	5	{GlimmerHMM_glimmerT_1142-T1;GlimmerHMM},{Augustus_model.g934.t1;Augustus},{GeneMark_model.1238_t;GeneMark}
62232	62111	INTRON			{GlimmerHMM_glimmerT_1142-T1;GlimmerHMM},{Augustus_model.g934.t1;Augustus},{GeneMark_model.1238_t;GeneMark}
62293	62233	internal-	5	5	{GlimmerHMM_glimmerT_1142-T1;GlimmerHMM},{Augustus_model.g934.t1;Augustus},{GeneMark_model.1238_t;GeneMark}
62391	62294	INTRON			{GlimmerHMM_glimmerT_1142-T1;GlimmerHMM},{Augustus_model.g934.t1;Augustus},{GeneMark_model.1238_t;GeneMark}
62536	62392	internal-	4	4	{Augustus_model.g934.t1;Augustus},{GeneMark_model.1238_t;GeneMark}
62612	62537	INTRON			{Augustus_model.g934.t1;Augustus},{GeneMark_model.1238_t;GeneMark}
62665	62613	internal-	5	6	{GlimmerHMM_glimmerT_1142-T1;GlimmerHMM},{Augustus_model.g934.t1;Augustus},{GeneMark_model.1238_t;GeneMark}
62728	62666	INTRON			{GlimmerHMM_glimmerT_1142-T1;GlimmerHMM},{Augustus_model.g934.t1;Augustus},{GeneMark_model.1238_t;GeneMark}
63224	62729	initial-	4	4	{GlimmerHMM_glimmerT_1142-T1;GlimmerHMM},{Augustus_model.g934.t1;Augustus},{GeneMark_model.1238_t;GeneMark}

# EVM prediction: Mode:STANDARD S-ratio: 2.35 63567-66065 orient(+) score(7677.00) noncoding_equivalent(3260.20) raw_noncoding(3798.00) offset(537.80) 
63567	63577	initial+	1	2	{GlimmerHMM_glimmerT_1143-T1;GlimmerHMM},{GeneMark_model.1239_t;GeneMark},{Augustus_model.g935.t1;Augustus}
63578	63647	INTRON			{GlimmerHMM_glimmerT_1143-T1;GlimmerHMM},{GeneMark_model.1239_t;GeneMark},{Augustus_model.g935.t1;Augustus}
63648	64014	internal+	3	3	{GeneMark_model.1239_t;GeneMark}
64015	64072	INTRON			{GeneMark_model.1239_t;GeneMark}
64073	64160	internal+	1	1	{GlimmerHMM_glimmerT_1143-T1;GlimmerHMM},{GeneMark_model.1239_t;GeneMark},{Augustus_model.g935.t1;Augustus}
64161	64223	INTRON			{GlimmerHMM_glimmerT_1143-T1;GlimmerHMM},{GeneMark_model.1239_t;GeneMark},{Augustus_model.g935.t1;Augustus}
64224	64395	internal+	2	2	{GlimmerHMM_glimmerT_1143-T1;GlimmerHMM},{GeneMark_model.1239_t;GeneMark},{Augustus_model.g935.t1;Augustus}
64396	64463	INTRON			{GlimmerHMM_glimmerT_1143-T1;GlimmerHMM},{GeneMark_model.1239_t;GeneMark},{snap_scaffold_3-snap.24-T1;snap},{Augustus_model.g935.t1;Augustus}
64464	64770	internal+	3	3	{GlimmerHMM_glimmerT_1143-T1;GlimmerHMM},{GeneMark_model.1239_t;GeneMark},{Augustus_model.g935.t1;Augustus}
64771	64842	INTRON			{GlimmerHMM_glimmerT_1143-T1;GlimmerHMM},{GeneMark_model.1239_t;GeneMark},{Augustus_model.g935.t1;Augustus}
64843	65095	internal+	1	1	{GlimmerHMM_glimmerT_1143-T1;GlimmerHMM},{GeneMark_model.1239_t;GeneMark},{Augustus_model.g935.t1;Augustus}
65096	65165	INTRON			{GlimmerHMM_glimmerT_1143-T1;GlimmerHMM},{GeneMark_model.1239_t;GeneMark},{Augustus_model.g935.t1;Augustus}
65166	65249	internal+	2	1	{GlimmerHMM_glimmerT_1143-T1;GlimmerHMM},{GeneMark_model.1239_t;GeneMark},{Augustus_model.g935.t1;Augustus}
65250	65311	INTRON			{GlimmerHMM_glimmerT_1143-T1;GlimmerHMM},{GeneMark_model.1239_t;GeneMark},{Augustus_model.g935.t1;Augustus}
65312	65418	internal+	2	3	{GlimmerHMM_glimmerT_1143-T1;GlimmerHMM},{GeneMark_model.1239_t;GeneMark},{Augustus_model.g935.t1;Augustus}
65419	65489	INTRON			{GlimmerHMM_glimmerT_1143-T1;GlimmerHMM},{GeneMark_model.1239_t;GeneMark},{Augustus_model.g935.t1;Augustus}
65490	66065	terminal+	1	3	{GlimmerHMM_glimmerT_1143-T1;GlimmerHMM},{GeneMark_model.1239_t;GeneMark},{Augustus_model.g935.t1;Augustus}

# EVM prediction: Mode:STANDARD S-ratio: 4.27 66621-67843 orient(+) score(4058.00) noncoding_equivalent(949.24) raw_noncoding(1256.00) offset(306.76) 
66621	66752	initial+	1	3	{GlimmerHMM_glimmerT_1144-T1;GlimmerHMM},{GeneMark_model.1240_t;GeneMark},{Augustus_model.g936.t1;Augustus}
66753	66812	INTRON			{GlimmerHMM_glimmerT_1144-T1;GlimmerHMM},{GeneMark_model.1240_t;GeneMark},{Augustus_model.g936.t1;Augustus}
66813	67054	internal+	1	2	{GlimmerHMM_glimmerT_1144-T1;GlimmerHMM},{GeneMark_model.1240_t;GeneMark},{Augustus_model.g936.t1;Augustus}
67055	67115	INTRON			{GeneMark_model.1240_t;GeneMark},{Augustus_model.g936.t1;Augustus}
67116	67193	internal+	3	2	{GeneMark_model.1240_t;GeneMark},{Augustus_model.g936.t1;Augustus}
67194	67257	INTRON			{GeneMark_model.1240_t;GeneMark},{Augustus_model.g936.t1;Augustus}
67258	67843	terminal+	3	3	{GlimmerHMM_glimmerT_1144-T1;GlimmerHMM},{snap_scaffold_3-snap.25-T1;snap},{GeneMark_model.1240_t;GeneMark},{Augustus_model.g936.t1;Augustus}

# EVM prediction: Mode:STANDARD S-ratio: 2.34 68144-69910 orient(-) score(5425.00) noncoding_equivalent(2314.78) raw_noncoding(3165.00) offset(850.22) 
68176	68144	terminal-	4	6	{GeneMark_model.1241_t;GeneMark},{GlimmerHMM_glimmerT_1145-T1;GlimmerHMM},{Augustus_model.g937.t1;Augustus}
68257	68177	INTRON			{GeneMark_model.1241_t;GeneMark},{GlimmerHMM_glimmerT_1145-T1;GlimmerHMM},{Augustus_model.g937.t1;Augustus}
68529	68258	internal-	5	6	{GeneMark_model.1241_t;GeneMark},{Augustus_model.g937.t1;Augustus}
68601	68530	INTRON			{GeneMark_model.1241_t;GeneMark},{Augustus_model.g937.t1;Augustus}
68630	68602	internal-	6	4	{GeneMark_model.1241_t;GeneMark},{Augustus_model.g937.t1;Augustus}
68692	68631	INTRON			{GeneMark_model.1241_t;GeneMark},{Augustus_model.g937.t1;Augustus}
68825	68693	internal-	5	5	{GeneMark_model.1241_t;GeneMark},{GlimmerHMM_glimmerT_1145-T1;GlimmerHMM},{Augustus_model.g937.t1;Augustus}
68905	68826	INTRON			{GeneMark_model.1241_t;GeneMark},{Augustus_model.g937.t1;Augustus}
68926	68906	internal-	5	4	{GeneMark_model.1241_t;GeneMark},{Augustus_model.g937.t1;Augustus}
68994	68927	INTRON			{GeneMark_model.1241_t;GeneMark},{Augustus_model.g937.t1;Augustus}
69266	68995	internal-	6	4	{GeneMark_model.1241_t;GeneMark},{GlimmerHMM_glimmerT_1145-T1;GlimmerHMM},{Augustus_model.g937.t1;Augustus}
69339	69267	INTRON			{GeneMark_model.1241_t;GeneMark},{GlimmerHMM_glimmerT_1145-T1;GlimmerHMM},{Augustus_model.g937.t1;Augustus}
69443	69340	internal-	4	5	{GeneMark_model.1241_t;GeneMark},{GlimmerHMM_glimmerT_1145-T1;GlimmerHMM},{Augustus_model.g937.t1;Augustus}
69508	69444	INTRON			{GeneMark_model.1241_t;GeneMark},{GlimmerHMM_glimmerT_1145-T1;GlimmerHMM},{Augustus_model.g937.t1;Augustus}
69537	69509	internal-	5	6	{GeneMark_model.1241_t;GeneMark},{GlimmerHMM_glimmerT_1145-T1;GlimmerHMM},{Augustus_model.g937.t1;Augustus}
69602	69538	INTRON			{GeneMark_model.1241_t;GeneMark},{GlimmerHMM_glimmerT_1145-T1;GlimmerHMM},{Augustus_model.g937.t1;Augustus}
69759	69603	internal-	4	4	{GeneMark_model.1241_t;GeneMark},{GlimmerHMM_glimmerT_1145-T1;GlimmerHMM},{Augustus_model.g937.t1;Augustus}
69823	69760	INTRON			{GeneMark_model.1241_t;GeneMark},{GlimmerHMM_glimmerT_1145-T1;GlimmerHMM},{Augustus_model.g937.t1;Augustus}
69910	69824	initial-	4	6	{GeneMark_model.1241_t;GeneMark},{GlimmerHMM_glimmerT_1145-T1;GlimmerHMM},{Augustus_model.g937.t1;Augustus}

# EVM prediction: Mode:STANDARD S-ratio: 4.28 70110-75748 orient(+) score(18897.00) noncoding_equivalent(4420.07) raw_noncoding(5234.00) offset(813.93) 
70110	70225	initial+	1	2	{GeneMark_model.1242_t;GeneMark},{Augustus_model.g938.t1;Augustus},{GlimmerHMM_glimmerT_1146-T1;GlimmerHMM}
70226	70280	INTRON			{GeneMark_model.1242_t;GeneMark},{Augustus_model.g938.t1;Augustus},{GlimmerHMM_glimmerT_1146-T1;GlimmerHMM}
70281	72656	internal+	3	2	{GeneMark_model.1242_t;GeneMark},{Augustus_model.g938.t1;Augustus},{GlimmerHMM_glimmerT_1146-T1;GlimmerHMM}
72657	72730	INTRON			{GeneMark_model.1242_t;GeneMark},{Augustus_model.g938.t1;Augustus},{GlimmerHMM_glimmerT_1146-T1;GlimmerHMM}
72731	72971	internal+	3	3	{GeneMark_model.1242_t;GeneMark},{Augustus_model.g938.t1;Augustus},{GlimmerHMM_glimmerT_1146-T1;GlimmerHMM}
72972	73032	INTRON			{GeneMark_model.1242_t;GeneMark},{Augustus_model.g938.t1;Augustus},{GlimmerHMM_glimmerT_1146-T1;GlimmerHMM}
73033	73334	internal+	1	2	{GeneMark_model.1242_t;GeneMark},{Augustus_model.g938.t1;Augustus},{GlimmerHMM_glimmerT_1146-T1;GlimmerHMM}
73335	73390	INTRON			{GeneMark_model.1242_t;GeneMark},{Augustus_model.g938.t1;Augustus},{GlimmerHMM_glimmerT_1146-T1;GlimmerHMM}
73391	73598	internal+	3	3	{GeneMark_model.1242_t;GeneMark},{Augustus_model.g938.t1;Augustus},{GlimmerHMM_glimmerT_1146-T1;GlimmerHMM}
73599	73657	INTRON			{GeneMark_model.1242_t;GeneMark},{Augustus_model.g938.t1;Augustus}
73658	73810	internal+	1	3	{GeneMark_model.1242_t;GeneMark},{Augustus_model.g938.t1;Augustus}
73811	73870	INTRON			{GeneMark_model.1242_t;GeneMark},{Augustus_model.g938.t1;Augustus}
73871	73990	internal+	1	3	{GeneMark_model.1242_t;GeneMark},{Augustus_model.g938.t1;Augustus}
73991	74054	INTRON			{GeneMark_model.1242_t;GeneMark},{Augustus_model.g938.t1;Augustus}
74055	74130	internal+	1	1	{GeneMark_model.1242_t;GeneMark},{Augustus_model.g938.t1;Augustus},{GlimmerHMM_glimmerT_1146-T1;GlimmerHMM}
74131	74193	INTRON			{GeneMark_model.1242_t;GeneMark},{Augustus_model.g938.t1;Augustus}
74194	74885	internal+	2	3	{GeneMark_model.1242_t;GeneMark},{Augustus_model.g938.t1;Augustus}
74886	74954	INTRON			{GeneMark_model.1242_t;GeneMark},{Augustus_model.g938.t1;Augustus},{GlimmerHMM_glimmerT_1146-T1;GlimmerHMM}
74955	75219	internal+	1	1	{GeneMark_model.1242_t;GeneMark},{Augustus_model.g938.t1;Augustus},{GlimmerHMM_glimmerT_1146-T1;GlimmerHMM}
75220	75299	INTRON			{GeneMark_model.1242_t;GeneMark},{Augustus_model.g938.t1;Augustus},{GlimmerHMM_glimmerT_1146-T1;GlimmerHMM}
75300	75748	terminal+	2	3	{GeneMark_model.1242_t;GeneMark},{Augustus_model.g938.t1;Augustus},{snap_scaffold_3-snap.29-T1;snap},{GlimmerHMM_glimmerT_1146-T1;GlimmerHMM}

# EVM prediction: Mode:STANDARD S-ratio: 1.70 76128-77107 orient(-) score(2737.00) noncoding_equivalent(1607.53) raw_noncoding(2144.00) offset(536.47) 
76181	76128	terminal-	4	6	{GlimmerHMM_glimmerT_1147-T1;GlimmerHMM},{Augustus_model.g939.t1;Augustus},{GeneMark_model.1243_t;GeneMark}
76261	76182	INTRON			{GlimmerHMM_glimmerT_1147-T1;GlimmerHMM},{Augustus_model.g939.t1;Augustus},{GeneMark_model.1243_t;GeneMark}
76277	76262	internal-	6	6	{GlimmerHMM_glimmerT_1147-T1;GlimmerHMM},{Augustus_model.g939.t1;Augustus},{GeneMark_model.1243_t;GeneMark}
76354	76278	INTRON			{GlimmerHMM_glimmerT_1147-T1;GlimmerHMM},{Augustus_model.g939.t1;Augustus},{GeneMark_model.1243_t;GeneMark}
76415	76355	internal-	5	5	{GlimmerHMM_glimmerT_1147-T1;GlimmerHMM},{Augustus_model.g939.t1;Augustus},{GeneMark_model.1243_t;GeneMark}
76484	76416	INTRON			{Augustus_model.g939.t1;Augustus},{GeneMark_model.1243_t;GeneMark}
76535	76485	internal-	5	4	{Augustus_model.g939.t1;Augustus},{GeneMark_model.1243_t;GeneMark}
76618	76536	INTRON			{Augustus_model.g939.t1;Augustus},{GeneMark_model.1243_t;GeneMark}
76796	76619	internal-	4	4	{GlimmerHMM_glimmerT_1147-T1;GlimmerHMM},{Augustus_model.g939.t1;Augustus},{GeneMark_model.1243_t;GeneMark}
76858	76797	INTRON			{GlimmerHMM_glimmerT_1147-T1;GlimmerHMM},{Augustus_model.g939.t1;Augustus},{GeneMark_model.1243_t;GeneMark}
77107	76859	initial-	4	6	{GlimmerHMM_glimmerT_1147-T1;GlimmerHMM},{Augustus_model.g939.t1;Augustus},{GeneMark_model.1243_t;GeneMark}

# EVM prediction: Mode:STANDARD S-ratio: 2.45 77294-77766 orient(+) score(1795.00) noncoding_equivalent(731.49) raw_noncoding(876.61) offset(145.12) 
77294	77333	initial+	1	1	{Augustus_model.g940.t1;Augustus},{GeneMark_model.1244_t;GeneMark},{GlimmerHMM_glimmerT_1148-T1;GlimmerHMM}
77334	77399	INTRON			{Augustus_model.g940.t1;Augustus},{GeneMark_model.1244_t;GeneMark},{GlimmerHMM_glimmerT_1148-T1;GlimmerHMM},{ev_type:exonerate/ID=match.2566964.1695/Target=lcl|KQ954526_1_prot_KWU41738_1_5875;exonerate}
77400	77506	internal+	2	3	{Augustus_model.g940.t1;Augustus},{GeneMark_model.1244_t;GeneMark},{GlimmerHMM_glimmerT_1148-T1;GlimmerHMM},{ev_type:exonerate/ID=match.2566964.1695/Target=lcl|KQ954526_1_prot_KWU41738_1_5875;exonerate}
77507	77577	INTRON			{Augustus_model.g940.t1;Augustus},{GeneMark_model.1244_t;GeneMark},{GlimmerHMM_glimmerT_1148-T1;GlimmerHMM},{ev_type:exonerate/ID=match.2566964.1695/Target=lcl|KQ954526_1_prot_KWU41738_1_5875;exonerate}
77578	77766	terminal+	1	3	{Augustus_model.g940.t1;Augustus},{GeneMark_model.1244_t;GeneMark},{GlimmerHMM_glimmerT_1148-T1;GlimmerHMM}

# EVM prediction: Mode:STANDARD S-ratio: 3.31 78073-79745 orient(-) score(4999.00) noncoding_equivalent(1509.99) raw_noncoding(1714.43) offset(204.44) 
78139	78073	terminal-	6	6	{Augustus_model.g941.t1;Augustus},{GlimmerHMM_glimmerT_1149-T1;GlimmerHMM},{GeneMark_model.1245_t;GeneMark}
78209	78140	INTRON			{Augustus_model.g941.t1;Augustus},{GlimmerHMM_glimmerT_1149-T1;GlimmerHMM},{GeneMark_model.1245_t;GeneMark}
78304	78210	internal-	4	5	{Augustus_model.g941.t1;Augustus},{GlimmerHMM_glimmerT_1149-T1;GlimmerHMM},{GeneMark_model.1245_t;GeneMark}
78390	78305	INTRON			{Augustus_model.g941.t1;Augustus},{GlimmerHMM_glimmerT_1149-T1;GlimmerHMM},{GeneMark_model.1245_t;GeneMark}
79366	78391	internal-	6	6	{GlimmerHMM_glimmerT_1149-T1;GlimmerHMM},{GeneMark_model.1245_t;GeneMark}
79453	79367	INTRON			{Augustus_model.g941.t1;Augustus},{GlimmerHMM_glimmerT_1149-T1;GlimmerHMM},{GeneMark_model.1245_t;GeneMark}
79661	79454	internal-	5	5	{Augustus_model.g941.t1;Augustus},{GlimmerHMM_glimmerT_1149-T1;GlimmerHMM},{GeneMark_model.1245_t;GeneMark}
79726	79662	INTRON			{Augustus_model.g941.t1;Augustus},{GeneMark_model.1245_t;GeneMark}
79745	79727	initial-	4	4	{Augustus_model.g941.t1;Augustus},{GeneMark_model.1245_t;GeneMark}

# EVM prediction: Mode:STANDARD S-ratio: 3.83 80228-83525 orient(-) score(12137.00) noncoding_equivalent(3167.88) raw_noncoding(3720.24) offset(552.36) 
80238	80228	terminal-	5	6	{Augustus_model.g942.t1;Augustus},{GeneMark_model.1246_t;GeneMark}
80305	80239	INTRON			{Augustus_model.g942.t1;Augustus},{GeneMark_model.1246_t;GeneMark}
80681	80306	internal-	4	4	{Augustus_model.g942.t1;Augustus},{GlimmerHMM_glimmerT_1149-T1;GlimmerHMM},{GeneMark_model.1246_t;GeneMark}
80752	80682	INTRON			{Augustus_model.g942.t1;Augustus},{GlimmerHMM_glimmerT_1149-T1;GlimmerHMM},{snap_scaffold_3-snap.32-T1;snap},{GeneMark_model.1246_t;GeneMark}
80811	80753	internal-	5	6	{Augustus_model.g942.t1;Augustus},{GlimmerHMM_glimmerT_1149-T1;GlimmerHMM},{GeneMark_model.1246_t;GeneMark}
80876	80812	INTRON			{Augustus_model.g942.t1;Augustus},{GlimmerHMM_glimmerT_1149-T1;GlimmerHMM},{GeneMark_model.1246_t;GeneMark}
80981	80877	internal-	5	4	{Augustus_model.g942.t1;Augustus},{GlimmerHMM_glimmerT_1149-T1;GlimmerHMM},{GeneMark_model.1246_t;GeneMark}
81060	80982	INTRON			{Augustus_model.g942.t1;Augustus},{GlimmerHMM_glimmerT_1149-T1;GlimmerHMM},{GeneMark_model.1246_t;GeneMark},{ev_type:exonerate/ID=match.2566964.1677/Target=lcl|NW_017264932_1_prot_XP_018272161_1_3069;exonerate}
81085	81061	internal-	4	4	{Augustus_model.g942.t1;Augustus},{GlimmerHMM_glimmerT_1149-T1;GlimmerHMM},{GeneMark_model.1246_t;GeneMark},{ev_type:exonerate/ID=match.2566964.1677/Target=lcl|NW_017264932_1_prot_XP_018272161_1_3069;exonerate}
81156	81086	INTRON			{Augustus_model.g942.t1;Augustus},{GlimmerHMM_glimmerT_1149-T1;GlimmerHMM},{GeneMark_model.1246_t;GeneMark},{ev_type:exonerate/ID=match.2566964.1677/Target=lcl|NW_017264932_1_prot_XP_018272161_1_3069;exonerate}
81914	81157	internal-	5	6	{Augustus_model.g942.t1;Augustus},{GlimmerHMM_glimmerT_1149-T1;GlimmerHMM},{GeneMark_model.1246_t;GeneMark}
82007	81915	INTRON			{Augustus_model.g942.t1;Augustus},{GlimmerHMM_glimmerT_1149-T1;GlimmerHMM},{GeneMark_model.1246_t;GeneMark}
82371	82008	internal-	4	4	{Augustus_model.g942.t1;Augustus},{GlimmerHMM_glimmerT_1149-T1;GlimmerHMM},{GeneMark_model.1246_t;GeneMark}
82435	82372	INTRON			{Augustus_model.g942.t1;Augustus},{GlimmerHMM_glimmerT_1149-T1;GlimmerHMM},{GeneMark_model.1246_t;GeneMark}
82498	82436	internal-	4	6	{Augustus_model.g942.t1;Augustus},{GlimmerHMM_glimmerT_1149-T1;GlimmerHMM},{GeneMark_model.1246_t;GeneMark}
82571	82499	INTRON			{Augustus_model.g942.t1;Augustus},{GlimmerHMM_glimmerT_1149-T1;GlimmerHMM},{GeneMark_model.1246_t;GeneMark}
82712	82572	internal-	4	6	{Augustus_model.g942.t1;Augustus},{GlimmerHMM_glimmerT_1149-T1;GlimmerHMM},{GeneMark_model.1246_t;GeneMark}
82787	82713	INTRON			{Augustus_model.g942.t1;Augustus},{GlimmerHMM_glimmerT_1149-T1;GlimmerHMM},{GeneMark_model.1246_t;GeneMark},{ev_type:exonerate/ID=match.2566964.1716/Target=lcl|NW_017264932_1_prot_XP_018272162_1_3070;exonerate}
82857	82788	internal-	6	6	{Augustus_model.g942.t1;Augustus},{GlimmerHMM_glimmerT_1149-T1;GlimmerHMM},{GeneMark_model.1246_t;GeneMark}
82920	82858	INTRON			{Augustus_model.g942.t1;Augustus},{GlimmerHMM_glimmerT_1149-T1;GlimmerHMM},{GeneMark_model.1246_t;GeneMark}
83525	82921	initial-	4	5	{Augustus_model.g942.t1;Augustus},{GlimmerHMM_glimmerT_1149-T1;GlimmerHMM},{GeneMark_model.1246_t;GeneMark}

# EVM prediction: Mode:STANDARD S-ratio: 7.23 84120-88979 orient(-) score(19434.00) noncoding_equivalent(2686.62) raw_noncoding(2966.62) offset(280.00) 
86251	84120	terminal-	5	6	{GlimmerHMM_glimmerT_1150-T1;GlimmerHMM},{GeneMark_model.1247_t;GeneMark}
86322	86252	INTRON			{GlimmerHMM_glimmerT_1150-T1;GlimmerHMM},{Augustus_model.g943.t1;Augustus},{GeneMark_model.1247_t;GeneMark}
86478	86323	internal-	5	4	{GlimmerHMM_glimmerT_1150-T1;GlimmerHMM},{Augustus_model.g943.t1;Augustus},{GeneMark_model.1247_t;GeneMark}
86562	86479	INTRON			{GlimmerHMM_glimmerT_1150-T1;GlimmerHMM},{Augustus_model.g943.t1;Augustus},{GeneMark_model.1247_t;GeneMark},{ev_type:exonerate/ID=match.2566964.1580/Target=lcl|NW_017264932_1_prot_XP_018272168_1_3076;exonerate},{ev_type:exonerate/ID=match.2566964.1572/Target=lcl|KQ954526_1_prot_KWU41741_1_5878;exonerate}
86794	86563	internal-	4	4	{GlimmerHMM_glimmerT_1150-T1;GlimmerHMM},{Augustus_model.g943.t1;Augustus},{GeneMark_model.1247_t;GeneMark},{ev_type:exonerate/ID=match.2566964.1580/Target=lcl|NW_017264932_1_prot_XP_018272168_1_3076;exonerate},{ev_type:exonerate/ID=match.2566964.1572/Target=lcl|KQ954526_1_prot_KWU41741_1_5878;exonerate}
86862	86795	INTRON			{GlimmerHMM_glimmerT_1150-T1;GlimmerHMM},{Augustus_model.g943.t1;Augustus},{GeneMark_model.1247_t;GeneMark},{ev_type:exonerate/ID=match.2566964.1580/Target=lcl|NW_017264932_1_prot_XP_018272168_1_3076;exonerate},{ev_type:exonerate/ID=match.2566964.1572/Target=lcl|KQ954526_1_prot_KWU41741_1_5878;exonerate}
86952	86863	internal-	4	6	{GlimmerHMM_glimmerT_1150-T1;GlimmerHMM},{Augustus_model.g943.t1;Augustus},{GeneMark_model.1247_t;GeneMark},{ev_type:exonerate/ID=match.2566964.1580/Target=lcl|NW_017264932_1_prot_XP_018272168_1_3076;exonerate},{ev_type:exonerate/ID=match.2566964.1572/Target=lcl|KQ954526_1_prot_KWU41741_1_5878;exonerate}
87038	86953	INTRON			{GlimmerHMM_glimmerT_1150-T1;GlimmerHMM},{Augustus_model.g943.t1;Augustus},{GeneMark_model.1247_t;GeneMark},{ev_type:exonerate/ID=match.2566964.1580/Target=lcl|NW_017264932_1_prot_XP_018272168_1_3076;exonerate},{ev_type:exonerate/ID=match.2566964.1572/Target=lcl|KQ954526_1_prot_KWU41741_1_5878;exonerate}
88979	87039	initial-	4	6	{Augustus_model.g943.t1;Augustus},{GeneMark_model.1247_t;GeneMark}

# EVM prediction: Mode:STANDARD S-ratio: 6.48 89315-92373 orient(+) score(10950.00) noncoding_equivalent(1690.00) raw_noncoding(1799.00) offset(109.00) 
89315	90542	initial+	1	1	{Augustus_model.g944.t1;Augustus},{GeneMark_model.1248_t;GeneMark},{GlimmerHMM_glimmerT_1151-T1;GlimmerHMM}
90543	90605	INTRON			{Augustus_model.g944.t1;Augustus},{GeneMark_model.1248_t;GeneMark},{GlimmerHMM_glimmerT_1151-T1;GlimmerHMM}
90606	91150	internal+	2	3	{Augustus_model.g944.t1;Augustus},{GeneMark_model.1248_t;GeneMark},{GlimmerHMM_glimmerT_1151-T1;GlimmerHMM}
91151	91231	INTRON			{Augustus_model.g944.t1;Augustus},{GeneMark_model.1248_t;GeneMark},{GlimmerHMM_glimmerT_1151-T1;GlimmerHMM}
91232	91999	internal+	1	3	{Augustus_model.g944.t1;Augustus},{GeneMark_model.1248_t;GeneMark},{GlimmerHMM_glimmerT_1151-T1;GlimmerHMM}
92000	92064	INTRON			{Augustus_model.g944.t1;Augustus},{GeneMark_model.1248_t;GeneMark},{GlimmerHMM_glimmerT_1151-T1;GlimmerHMM}
92065	92373	terminal+	1	3	{Augustus_model.g944.t1;Augustus},{GeneMark_model.1248_t;GeneMark},{GlimmerHMM_glimmerT_1151-T1;GlimmerHMM}

# EVM prediction: Mode:STANDARD S-ratio: 2.64 92622-94008 orient(-) score(4427.00) noncoding_equivalent(1676.12) raw_noncoding(1975.00) offset(298.88) 
92896	92622	terminal-	5	6	{Augustus_model.g945.t1;Augustus},{GlimmerHMM_glimmerT_1152-T1;GlimmerHMM}
92972	92897	INTRON			{GeneMark_model.1249_t;GeneMark},{Augustus_model.g945.t1;Augustus},{GlimmerHMM_glimmerT_1152-T1;GlimmerHMM}
93208	92973	internal-	6	4	{GeneMark_model.1249_t;GeneMark},{Augustus_model.g945.t1;Augustus},{GlimmerHMM_glimmerT_1152-T1;GlimmerHMM}
93292	93209	INTRON			{GeneMark_model.1249_t;GeneMark},{Augustus_model.g945.t1;Augustus},{GlimmerHMM_glimmerT_1152-T1;GlimmerHMM}
93627	93293	internal-	4	5	{GeneMark_model.1249_t;GeneMark},{Augustus_model.g945.t1;Augustus},{GlimmerHMM_glimmerT_1152-T1;GlimmerHMM}
93694	93628	INTRON			{GeneMark_model.1249_t;GeneMark},{Augustus_model.g945.t1;Augustus},{GlimmerHMM_glimmerT_1152-T1;GlimmerHMM}
93776	93695	internal-	6	6	{GeneMark_model.1249_t;GeneMark},{Augustus_model.g945.t1;Augustus},{GlimmerHMM_glimmerT_1152-T1;GlimmerHMM}
93835	93777	INTRON			{GeneMark_model.1249_t;GeneMark},{Augustus_model.g945.t1;Augustus},{GlimmerHMM_glimmerT_1152-T1;GlimmerHMM}
94008	93836	initial-	4	5	{GeneMark_model.1249_t;GeneMark},{Augustus_model.g945.t1;Augustus},{GlimmerHMM_glimmerT_1152-T1;GlimmerHMM}

# EVM prediction: Mode:STANDARD S-ratio: 7.47 94245-96541 orient(-) score(8101.00) noncoding_equivalent(1084.25) raw_noncoding(1619.00) offset(534.75) 
95922	94245	terminal-	6	6	{snap_scaffold_3-snap.38-T1;snap},{GlimmerHMM_glimmerT_1153-T1;GlimmerHMM},{GeneMark_model.1250_t;GeneMark},{Augustus_model.g946.t1;Augustus}
95988	95923	INTRON			{GeneMark_model.1250_t;GeneMark},{Augustus_model.g946.t1;Augustus}
96041	95989	internal-	4	5	{GeneMark_model.1250_t;GeneMark},{Augustus_model.g946.t1;Augustus}
96104	96042	INTRON			{GeneMark_model.1250_t;GeneMark},{Augustus_model.g946.t1;Augustus}
96189	96105	internal-	6	6	{GeneMark_model.1250_t;GeneMark},{Augustus_model.g946.t1;Augustus}
96248	96190	INTRON			{GeneMark_model.1250_t;GeneMark},{Augustus_model.g946.t1;Augustus}
96326	96249	internal-	6	5	{GeneMark_model.1250_t;GeneMark},{Augustus_model.g946.t1;Augustus}
96404	96327	INTRON			{GeneMark_model.1250_t;GeneMark},{Augustus_model.g946.t1;Augustus}
96541	96405	initial-	4	5	{GlimmerHMM_glimmerT_1153-T1;GlimmerHMM},{GeneMark_model.1250_t;GeneMark},{Augustus_model.g946.t1;Augustus}

# EVM prediction: Mode:STANDARD S-ratio: 3.42 97653-99201 orient(-) score(5109.00) noncoding_equivalent(1494.78) raw_noncoding(2086.00) offset(591.22) 
98331	97653	terminal-	6	6	{GeneMark_model.1251_t;GeneMark},{GlimmerHMM_glimmerT_1154-T1;GlimmerHMM},{Augustus_model.g947.t1;Augustus}
98394	98332	INTRON			{GeneMark_model.1251_t;GeneMark},{GlimmerHMM_glimmerT_1154-T1;GlimmerHMM},{Augustus_model.g947.t1;Augustus}
98473	98395	internal-	5	5	{GeneMark_model.1251_t;GeneMark},{GlimmerHMM_glimmerT_1154-T1;GlimmerHMM},{Augustus_model.g947.t1;Augustus}
98549	98474	INTRON			{GeneMark_model.1251_t;GeneMark},{GlimmerHMM_glimmerT_1154-T1;GlimmerHMM},{Augustus_model.g947.t1;Augustus}
98616	98550	internal-	4	4	{GeneMark_model.1251_t;GeneMark},{GlimmerHMM_glimmerT_1154-T1;GlimmerHMM},{Augustus_model.g947.t1;Augustus}
98684	98617	INTRON			{GeneMark_model.1251_t;GeneMark},{GlimmerHMM_glimmerT_1154-T1;GlimmerHMM},{Augustus_model.g947.t1;Augustus}
98755	98685	internal-	5	6	{GeneMark_model.1251_t;GeneMark},{GlimmerHMM_glimmerT_1154-T1;GlimmerHMM},{Augustus_model.g947.t1;Augustus}
98829	98756	INTRON			{Augustus_model.g947.t1;Augustus}
98834	98830	internal-	6	4	{Augustus_model.g947.t1;Augustus}
98891	98835	INTRON			{GeneMark_model.1251_t;GeneMark},{Augustus_model.g947.t1;Augustus}
99089	98892	internal-	6	5	{GeneMark_model.1251_t;GeneMark},{Augustus_model.g947.t1;Augustus}
99169	99090	INTRON			{GeneMark_model.1251_t;GeneMark},{GlimmerHMM_glimmerT_1154-T1;GlimmerHMM},{Augustus_model.g947.t1;Augustus}
99201	99170	initial-	4	5	{GeneMark_model.1251_t;GeneMark},{GlimmerHMM_glimmerT_1154-T1;GlimmerHMM},{Augustus_model.g947.t1;Augustus}

# EVM prediction: Mode:STANDARD S-ratio: 5.92 101703-104571 orient(+) score(19437.00) noncoding_equivalent(3285.52) raw_noncoding(4195.00) offset(909.48) 
101703	101767	initial+	1	2	{GeneMark_model.1252_t;GeneMark},{GlimmerHMM_glimmerT_1155-T1;GlimmerHMM},{Augustus_model.g948.t1;Augustus}
101768	101894	INTRON			{GeneMark_model.1252_t;GeneMark},{GlimmerHMM_glimmerT_1155-T1;GlimmerHMM},{Augustus_model.g948.t1;Augustus}
101895	101907	internal+	3	3	{GeneMark_model.1252_t;GeneMark},{GlimmerHMM_glimmerT_1155-T1;GlimmerHMM},{Augustus_model.g948.t1;Augustus}
101908	102110	INTRON			{GeneMark_model.1252_t;GeneMark},{GlimmerHMM_glimmerT_1155-T1;GlimmerHMM},{Augustus_model.g948.t1;Augustus}
102111	102171	internal+	1	1	{GeneMark_model.1252_t;GeneMark},{GlimmerHMM_glimmerT_1155-T1;GlimmerHMM},{Augustus_model.g948.t1;Augustus}
102172	102239	INTRON			{GeneMark_model.1252_t;GeneMark},{GlimmerHMM_glimmerT_1155-T1;GlimmerHMM},{Augustus_model.g948.t1;Augustus},{ev_type:exonerate/ID=match.2566964.1457/Target=lcl|KQ954526_1_prot_KWU41747_1_5884;exonerate},{ev_type:exonerate/ID=match.2566964.1471/Target=lcl|LCTV02000007_1_prot_PRQ74064_1_7263;exonerate},{ev_type:exonerate/ID=match.2566964.1469/Target=lcl|NW_017264932_1_prot_XP_018272164_1_3072;exonerate},{ev_type:exonerate/ID=match.2566964.1456/Target=lcl|PJQD01000002_1_prot_POY76717_1_1874;exonerate}
102240	102382	internal+	2	3	{GeneMark_model.1252_t;GeneMark},{GlimmerHMM_glimmerT_1155-T1;GlimmerHMM},{Augustus_model.g948.t1;Augustus},{ev_type:exonerate/ID=match.2566964.1457/Target=lcl|KQ954526_1_prot_KWU41747_1_5884;exonerate},{ev_type:exonerate/ID=match.2566964.1471/Target=lcl|LCTV02000007_1_prot_PRQ74064_1_7263;exonerate},{ev_type:exonerate/ID=match.2566964.1469/Target=lcl|NW_017264932_1_prot_XP_018272164_1_3072;exonerate},{ev_type:exonerate/ID=match.2566964.1456/Target=lcl|PJQD01000002_1_prot_POY76717_1_1874;exonerate}
102383	102452	INTRON			{GeneMark_model.1252_t;GeneMark},{GlimmerHMM_glimmerT_1155-T1;GlimmerHMM},{Augustus_model.g948.t1;Augustus},{ev_type:exonerate/ID=match.2566964.1457/Target=lcl|KQ954526_1_prot_KWU41747_1_5884;exonerate},{ev_type:exonerate/ID=match.2566964.1471/Target=lcl|LCTV02000007_1_prot_PRQ74064_1_7263;exonerate},{ev_type:exonerate/ID=match.2566964.1469/Target=lcl|NW_017264932_1_prot_XP_018272164_1_3072;exonerate},{ev_type:exonerate/ID=match.2566964.1456/Target=lcl|PJQD01000002_1_prot_POY76717_1_1874;exonerate}
102453	103412	internal+	1	3	{GeneMark_model.1252_t;GeneMark},{GlimmerHMM_glimmerT_1155-T1;GlimmerHMM},{Augustus_model.g948.t1;Augustus},{ev_type:exonerate/ID=match.2566964.1457/Target=lcl|KQ954526_1_prot_KWU41747_1_5884;exonerate},{ev_type:exonerate/ID=match.2566964.1471/Target=lcl|LCTV02000007_1_prot_PRQ74064_1_7263;exonerate},{ev_type:exonerate/ID=match.2566964.1469/Target=lcl|NW_017264932_1_prot_XP_018272164_1_3072;exonerate},{ev_type:exonerate/ID=match.2566964.1456/Target=lcl|PJQD01000002_1_prot_POY76717_1_1874;exonerate}
103413	103480	INTRON			{GeneMark_model.1252_t;GeneMark},{GlimmerHMM_glimmerT_1155-T1;GlimmerHMM},{Augustus_model.g948.t1;Augustus},{ev_type:exonerate/ID=match.2566964.1457/Target=lcl|KQ954526_1_prot_KWU41747_1_5884;exonerate},{ev_type:exonerate/ID=match.2566964.1471/Target=lcl|LCTV02000007_1_prot_PRQ74064_1_7263;exonerate},{ev_type:exonerate/ID=match.2566964.1469/Target=lcl|NW_017264932_1_prot_XP_018272164_1_3072;exonerate},{ev_type:exonerate/ID=match.2566964.1456/Target=lcl|PJQD01000002_1_prot_POY76717_1_1874;exonerate}
103481	103693	internal+	1	3	{GeneMark_model.1252_t;GeneMark},{GlimmerHMM_glimmerT_1155-T1;GlimmerHMM},{Augustus_model.g948.t1;Augustus},{ev_type:exonerate/ID=match.2566964.1457/Target=lcl|KQ954526_1_prot_KWU41747_1_5884;exonerate},{ev_type:exonerate/ID=match.2566964.1471/Target=lcl|LCTV02000007_1_prot_PRQ74064_1_7263;exonerate},{ev_type:exonerate/ID=match.2566964.1469/Target=lcl|NW_017264932_1_prot_XP_018272164_1_3072;exonerate},{ev_type:exonerate/ID=match.2566964.1456/Target=lcl|PJQD01000002_1_prot_POY76717_1_1874;exonerate}
103694	103760	INTRON			{GeneMark_model.1252_t;GeneMark},{GlimmerHMM_glimmerT_1155-T1;GlimmerHMM},{Augustus_model.g948.t1;Augustus},{ev_type:exonerate/ID=match.2566964.1457/Target=lcl|KQ954526_1_prot_KWU41747_1_5884;exonerate},{ev_type:exonerate/ID=match.2566964.1471/Target=lcl|LCTV02000007_1_prot_PRQ74064_1_7263;exonerate},{ev_type:exonerate/ID=match.2566964.1469/Target=lcl|NW_017264932_1_prot_XP_018272164_1_3072;exonerate},{ev_type:exonerate/ID=match.2566964.1456/Target=lcl|PJQD01000002_1_prot_POY76717_1_1874;exonerate}
103761	103888	internal+	1	2	{GeneMark_model.1252_t;GeneMark},{Augustus_model.g948.t1;Augustus},{ev_type:exonerate/ID=match.2566964.1457/Target=lcl|KQ954526_1_prot_KWU41747_1_5884;exonerate},{ev_type:exonerate/ID=match.2566964.1471/Target=lcl|LCTV02000007_1_prot_PRQ74064_1_7263;exonerate},{ev_type:exonerate/ID=match.2566964.1469/Target=lcl|NW_017264932_1_prot_XP_018272164_1_3072;exonerate},{ev_type:exonerate/ID=match.2566964.1456/Target=lcl|PJQD01000002_1_prot_POY76717_1_1874;exonerate}
103889	103956	INTRON			{GeneMark_model.1252_t;GeneMark},{Augustus_model.g948.t1;Augustus},{ev_type:exonerate/ID=match.2566964.1457/Target=lcl|KQ954526_1_prot_KWU41747_1_5884;exonerate},{ev_type:exonerate/ID=match.2566964.1471/Target=lcl|LCTV02000007_1_prot_PRQ74064_1_7263;exonerate},{ev_type:exonerate/ID=match.2566964.1469/Target=lcl|NW_017264932_1_prot_XP_018272164_1_3072;exonerate},{ev_type:exonerate/ID=match.2566964.1456/Target=lcl|PJQD01000002_1_prot_POY76717_1_1874;exonerate}
103957	104239	internal+	3	3	{GeneMark_model.1252_t;GeneMark},{GlimmerHMM_glimmerT_1155-T1;GlimmerHMM},{Augustus_model.g948.t1;Augustus},{ev_type:exonerate/ID=match.2566964.1457/Target=lcl|KQ954526_1_prot_KWU41747_1_5884;exonerate},{ev_type:exonerate/ID=match.2566964.1471/Target=lcl|LCTV02000007_1_prot_PRQ74064_1_7263;exonerate},{ev_type:exonerate/ID=match.2566964.1469/Target=lcl|NW_017264932_1_prot_XP_018272164_1_3072;exonerate},{ev_type:exonerate/ID=match.2566964.1456/Target=lcl|PJQD01000002_1_prot_POY76717_1_1874;exonerate}
104240	104312	INTRON			{GeneMark_model.1252_t;GeneMark},{Augustus_model.g948.t1;Augustus},{ev_type:exonerate/ID=match.2566964.1457/Target=lcl|KQ954526_1_prot_KWU41747_1_5884;exonerate},{ev_type:exonerate/ID=match.2566964.1471/Target=lcl|LCTV02000007_1_prot_PRQ74064_1_7263;exonerate},{ev_type:exonerate/ID=match.2566964.1469/Target=lcl|NW_017264932_1_prot_XP_018272164_1_3072;exonerate},{ev_type:exonerate/ID=match.2566964.1456/Target=lcl|PJQD01000002_1_prot_POY76717_1_1874;exonerate}
104313	104365	internal+	1	2	{GeneMark_model.1252_t;GeneMark},{Augustus_model.g948.t1;Augustus},{ev_type:exonerate/ID=match.2566964.1457/Target=lcl|KQ954526_1_prot_KWU41747_1_5884;exonerate},{ev_type:exonerate/ID=match.2566964.1471/Target=lcl|LCTV02000007_1_prot_PRQ74064_1_7263;exonerate},{ev_type:exonerate/ID=match.2566964.1469/Target=lcl|NW_017264932_1_prot_XP_018272164_1_3072;exonerate},{ev_type:exonerate/ID=match.2566964.1456/Target=lcl|PJQD01000002_1_prot_POY76717_1_1874;exonerate}
104366	104426	INTRON			{GeneMark_model.1252_t;GeneMark},{Augustus_model.g948.t1;Augustus},{ev_type:exonerate/ID=match.2566964.1457/Target=lcl|KQ954526_1_prot_KWU41747_1_5884;exonerate},{ev_type:exonerate/ID=match.2566964.1471/Target=lcl|LCTV02000007_1_prot_PRQ74064_1_7263;exonerate},{ev_type:exonerate/ID=match.2566964.1469/Target=lcl|NW_017264932_1_prot_XP_018272164_1_3072;exonerate},{ev_type:exonerate/ID=match.2566964.1456/Target=lcl|PJQD01000002_1_prot_POY76717_1_1874;exonerate}
104427	104571	terminal+	3	3	{GeneMark_model.1252_t;GeneMark},{Augustus_model.g948.t1;Augustus}

