!! Predictions spanning range 323 - 84878 [R1]
# EVM prediction: Mode:STANDARD S-ratio: 2.26 323-619 orient(-) score(821.00) noncoding_equivalent(364.08) raw_noncoding(364.08) offset(0.00) 
619	323	single-	4	6	{Augustus_model.g3389.t1;Augustus}

# EVM prediction: Mode:STANDARD S-ratio: 1.79 2013-5308 orient(-) score(10011.00) noncoding_equivalent(5600.97) raw_noncoding(7229.05) offset(1628.07) 
2253	2013	terminal-	6	6	{Augustus_model.g3390.t1;Augustus},{snap_scaffold_10-snap.1-T1;snap}
2316	2254	INTRON			{GlimmerHMM_glimmerT_4069-T1;GlimmerHMM},{GeneMark_model.4339_t;GeneMark},{Augustus_model.g3390.t1;Augustus},{snap_scaffold_10-snap.1-T1;snap}
2384	2317	internal-	4	5	{GlimmerHMM_glimmerT_4069-T1;GlimmerHMM},{GeneMark_model.4339_t;GeneMark},{Augustus_model.g3390.t1;Augustus}
2454	2385	INTRON			{GeneMark_model.4339_t;GeneMark},{Augustus_model.g3390.t1;Augustus}
2463	2455	internal-	4	6	{GeneMark_model.4339_t;GeneMark},{Augustus_model.g3390.t1;Augustus}
2533	2464	INTRON			{GeneMark_model.4339_t;GeneMark},{Augustus_model.g3390.t1;Augustus}
2625	2534	internal-	5	6	{GlimmerHMM_glimmerT_4069-T1;GlimmerHMM},{GeneMark_model.4339_t;GeneMark},{Augustus_model.g3390.t1;Augustus}
2692	2626	INTRON			{GlimmerHMM_glimmerT_4069-T1;GlimmerHMM},{GeneMark_model.4339_t;GeneMark},{Augustus_model.g3390.t1;Augustus}
2868	2693	internal-	6	4	{GlimmerHMM_glimmerT_4069-T1;GlimmerHMM},{GeneMark_model.4339_t;GeneMark},{Augustus_model.g3390.t1;Augustus}
2930	2869	INTRON			{GlimmerHMM_glimmerT_4069-T1;GlimmerHMM},{GeneMark_model.4339_t;GeneMark},{Augustus_model.g3390.t1;Augustus}
2967	2931	internal-	5	5	{GlimmerHMM_glimmerT_4069-T1;GlimmerHMM},{GeneMark_model.4339_t;GeneMark},{Augustus_model.g3390.t1;Augustus}
3039	2968	INTRON			{GlimmerHMM_glimmerT_4069-T1;GlimmerHMM},{GeneMark_model.4339_t;GeneMark},{Augustus_model.g3390.t1;Augustus}
3108	3040	internal-	5	4	{GlimmerHMM_glimmerT_4069-T1;GlimmerHMM},{GeneMark_model.4339_t;GeneMark},{Augustus_model.g3390.t1;Augustus}
3168	3109	INTRON			{GlimmerHMM_glimmerT_4069-T1;GlimmerHMM},{GeneMark_model.4339_t;GeneMark},{Augustus_model.g3390.t1;Augustus}
3196	3169	internal-	4	4	{GlimmerHMM_glimmerT_4069-T1;GlimmerHMM},{GeneMark_model.4339_t;GeneMark},{Augustus_model.g3390.t1;Augustus}
3262	3197	INTRON			{GlimmerHMM_glimmerT_4069-T1;GlimmerHMM},{GeneMark_model.4339_t;GeneMark},{Augustus_model.g3390.t1;Augustus}
3396	3263	internal-	5	6	{GlimmerHMM_glimmerT_4069-T1;GlimmerHMM},{GeneMark_model.4339_t;GeneMark},{Augustus_model.g3390.t1;Augustus}
3458	3397	INTRON			{GlimmerHMM_glimmerT_4069-T1;GlimmerHMM},{GeneMark_model.4339_t;GeneMark},{Augustus_model.g3390.t1;Augustus}
3572	3459	internal-	5	4	{GlimmerHMM_glimmerT_4069-T1;GlimmerHMM},{GeneMark_model.4339_t;GeneMark},{Augustus_model.g3390.t1;Augustus}
3636	3573	INTRON			{GeneMark_model.4339_t;GeneMark},{Augustus_model.g3390.t1;Augustus}
3645	3637	internal-	5	4	{GeneMark_model.4339_t;GeneMark},{Augustus_model.g3390.t1;Augustus},{snap_scaffold_10-snap.1-T1;snap}
3713	3646	INTRON			{GeneMark_model.4339_t;GeneMark},{Augustus_model.g3390.t1;Augustus}
3742	3714	internal-	6	4	{GlimmerHMM_glimmerT_4069-T1;GlimmerHMM},{GeneMark_model.4339_t;GeneMark},{Augustus_model.g3390.t1;Augustus}
3808	3743	INTRON			{GlimmerHMM_glimmerT_4069-T1;GlimmerHMM},{GeneMark_model.4339_t;GeneMark},{Augustus_model.g3390.t1;Augustus}
3902	3809	internal-	5	5	{GlimmerHMM_glimmerT_4069-T1;GlimmerHMM},{GeneMark_model.4339_t;GeneMark},{Augustus_model.g3390.t1;Augustus}
3981	3903	INTRON			{GlimmerHMM_glimmerT_4069-T1;GlimmerHMM},{GeneMark_model.4339_t;GeneMark},{Augustus_model.g3390.t1;Augustus}
4244	3982	internal-	6	4	{GlimmerHMM_glimmerT_4069-T1;GlimmerHMM},{GeneMark_model.4339_t;GeneMark},{Augustus_model.g3390.t1;Augustus}
4308	4245	INTRON			{GlimmerHMM_glimmerT_4069-T1;GlimmerHMM},{GeneMark_model.4339_t;GeneMark},{Augustus_model.g3390.t1;Augustus}
4322	4309	internal-	4	5	{GlimmerHMM_glimmerT_4069-T1;GlimmerHMM},{GeneMark_model.4339_t;GeneMark},{Augustus_model.g3390.t1;Augustus}
4392	4323	INTRON			{GlimmerHMM_glimmerT_4069-T1;GlimmerHMM},{GeneMark_model.4339_t;GeneMark},{Augustus_model.g3390.t1;Augustus}
4455	4393	internal-	4	6	{GlimmerHMM_glimmerT_4069-T1;GlimmerHMM},{GeneMark_model.4339_t;GeneMark},{Augustus_model.g3390.t1;Augustus}
4522	4456	INTRON			{GlimmerHMM_glimmerT_4069-T1;GlimmerHMM},{GeneMark_model.4339_t;GeneMark},{Augustus_model.g3390.t1;Augustus}
4554	4523	internal-	5	6	{GlimmerHMM_glimmerT_4069-T1;GlimmerHMM},{GeneMark_model.4339_t;GeneMark},{Augustus_model.g3390.t1;Augustus}
4616	4555	INTRON			{GlimmerHMM_glimmerT_4069-T1;GlimmerHMM},{GeneMark_model.4339_t;GeneMark},{Augustus_model.g3390.t1;Augustus}
4629	4617	internal-	4	4	{GlimmerHMM_glimmerT_4069-T1;GlimmerHMM},{GeneMark_model.4339_t;GeneMark},{Augustus_model.g3390.t1;Augustus}
4694	4630	INTRON			{GlimmerHMM_glimmerT_4069-T1;GlimmerHMM},{GeneMark_model.4339_t;GeneMark},{Augustus_model.g3390.t1;Augustus},{snap_scaffold_10-snap.1-T1;snap}
4733	4695	internal-	4	6	{GlimmerHMM_glimmerT_4069-T1;GlimmerHMM},{GeneMark_model.4339_t;GeneMark},{Augustus_model.g3390.t1;Augustus}
4799	4734	INTRON			{GlimmerHMM_glimmerT_4069-T1;GlimmerHMM},{GeneMark_model.4339_t;GeneMark},{Augustus_model.g3390.t1;Augustus}
4838	4800	internal-	4	6	{GlimmerHMM_glimmerT_4069-T1;GlimmerHMM},{GeneMark_model.4339_t;GeneMark},{Augustus_model.g3390.t1;Augustus}
4903	4839	INTRON			{GlimmerHMM_glimmerT_4069-T1;GlimmerHMM},{GeneMark_model.4339_t;GeneMark},{Augustus_model.g3390.t1;Augustus}
5078	4904	internal-	6	6	{GlimmerHMM_glimmerT_4069-T1;GlimmerHMM},{GeneMark_model.4339_t;GeneMark},{Augustus_model.g3390.t1;Augustus}
5150	5079	INTRON			{GlimmerHMM_glimmerT_4069-T1;GlimmerHMM},{GeneMark_model.4339_t;GeneMark},{Augustus_model.g3390.t1;Augustus}
5308	5151	initial-	4	5	{GlimmerHMM_glimmerT_4069-T1;GlimmerHMM},{GeneMark_model.4339_t;GeneMark},{Augustus_model.g3390.t1;Augustus}

# EVM prediction: Mode:STANDARD S-ratio: 2.93 7401-9752 orient(+) score(7677.00) noncoding_equivalent(2616.13) raw_noncoding(2850.55) offset(234.42) 
7401	7641	initial+	1	1	{GeneMark_model.4340_t;GeneMark},{GlimmerHMM_glimmerT_4070-T1;GlimmerHMM}
7642	7733	INTRON			{GeneMark_model.4340_t;GeneMark},{GlimmerHMM_glimmerT_4070-T1;GlimmerHMM},{Augustus_model.g3391.t1;Augustus}
7734	7985	internal+	2	1	{GeneMark_model.4340_t;GeneMark},{GlimmerHMM_glimmerT_4070-T1;GlimmerHMM},{Augustus_model.g3391.t1;Augustus}
7986	8050	INTRON			{GeneMark_model.4340_t;GeneMark},{GlimmerHMM_glimmerT_4070-T1;GlimmerHMM},{Augustus_model.g3391.t1;Augustus}
8051	8635	internal+	2	1	{GeneMark_model.4340_t;GeneMark},{GlimmerHMM_glimmerT_4070-T1;GlimmerHMM},{Augustus_model.g3391.t1;Augustus}
8636	8703	INTRON			{GeneMark_model.4340_t;GeneMark},{GlimmerHMM_glimmerT_4070-T1;GlimmerHMM},{Augustus_model.g3391.t1;Augustus}
8704	8923	internal+	2	2	{GeneMark_model.4340_t;GeneMark},{GlimmerHMM_glimmerT_4070-T1;GlimmerHMM},{Augustus_model.g3391.t1;Augustus}
8924	8991	INTRON			{snap_scaffold_10-snap.3-T1;snap},{GeneMark_model.4340_t;GeneMark},{GlimmerHMM_glimmerT_4070-T1;GlimmerHMM},{Augustus_model.g3391.t1;Augustus}
8992	9497	internal+	3	1	{GeneMark_model.4340_t;GeneMark},{GlimmerHMM_glimmerT_4070-T1;GlimmerHMM},{Augustus_model.g3391.t1;Augustus}
9498	9591	INTRON			{GeneMark_model.4340_t;GeneMark},{GlimmerHMM_glimmerT_4070-T1;GlimmerHMM},{Augustus_model.g3391.t1;Augustus}
9592	9752	terminal+	2	3	{GeneMark_model.4340_t;GeneMark},{GlimmerHMM_glimmerT_4070-T1;GlimmerHMM},{Augustus_model.g3391.t1;Augustus}

# EVM prediction: Mode:STANDARD S-ratio: 1.52 10467-11794 orient(+) score(3560.00) noncoding_equivalent(2348.74) raw_noncoding(3215.00) offset(866.26) 
10467	10584	initial+	1	1	{GeneMark_model.4341_t;GeneMark},{GlimmerHMM_glimmerT_4071-T1;GlimmerHMM},{Augustus_model.g3392.t1;Augustus}
10585	10662	INTRON			{GeneMark_model.4341_t;GeneMark},{GlimmerHMM_glimmerT_4071-T1;GlimmerHMM},{Augustus_model.g3392.t1;Augustus}
10663	10725	internal+	2	1	{GeneMark_model.4341_t;GeneMark},{GlimmerHMM_glimmerT_4071-T1;GlimmerHMM},{Augustus_model.g3392.t1;Augustus}
10726	10793	INTRON			{GeneMark_model.4341_t;GeneMark},{GlimmerHMM_glimmerT_4071-T1;GlimmerHMM},{Augustus_model.g3392.t1;Augustus}
10794	10885	internal+	2	3	{GeneMark_model.4341_t;GeneMark},{GlimmerHMM_glimmerT_4071-T1;GlimmerHMM},{Augustus_model.g3392.t1;Augustus}
10886	10985	INTRON			{GeneMark_model.4341_t;GeneMark},{Augustus_model.g3392.t1;Augustus}
10986	11045	internal+	1	3	{GeneMark_model.4341_t;GeneMark},{Augustus_model.g3392.t1;Augustus}
11046	11140	INTRON			{GeneMark_model.4341_t;GeneMark},{Augustus_model.g3392.t1;Augustus}
11141	11233	internal+	1	3	{GeneMark_model.4341_t;GeneMark},{Augustus_model.g3392.t1;Augustus}
11234	11309	INTRON			{GeneMark_model.4341_t;GeneMark},{Augustus_model.g3392.t1;Augustus}
11310	11467	internal+	1	2	{GeneMark_model.4341_t;GeneMark},{GlimmerHMM_glimmerT_4071-T1;GlimmerHMM},{Augustus_model.g3392.t1;Augustus}
11468	11545	INTRON			{GeneMark_model.4341_t;GeneMark},{GlimmerHMM_glimmerT_4071-T1;GlimmerHMM},{Augustus_model.g3392.t1;Augustus}
11546	11681	internal+	3	3	{GeneMark_model.4341_t;GeneMark},{GlimmerHMM_glimmerT_4071-T1;GlimmerHMM},{Augustus_model.g3392.t1;Augustus}
11682	11764	INTRON			{GeneMark_model.4341_t;GeneMark},{GlimmerHMM_glimmerT_4071-T1;GlimmerHMM},{Augustus_model.g3392.t1;Augustus}
11765	11794	terminal+	1	3	{GeneMark_model.4341_t;GeneMark},{GlimmerHMM_glimmerT_4071-T1;GlimmerHMM},{Augustus_model.g3392.t1;Augustus}

# EVM prediction: Mode:STANDARD S-ratio: 5.97 12359-13803 orient(-) score(5206.00) noncoding_equivalent(871.62) raw_noncoding(1135.60) offset(263.99) 
13315	12359	terminal-	4	6	{Augustus_model.g3393.t1;Augustus},{GlimmerHMM_glimmerT_4072-T1;GlimmerHMM},{GeneMark_model.4342_t;GeneMark},{snap_scaffold_10-snap.4-T1;snap}
13392	13316	INTRON			{Augustus_model.g3393.t1;Augustus},{GlimmerHMM_glimmerT_4072-T1;GlimmerHMM},{GeneMark_model.4342_t;GeneMark},{snap_scaffold_10-snap.4-T1;snap}
13614	13393	internal-	4	6	{Augustus_model.g3393.t1;Augustus},{GeneMark_model.4342_t;GeneMark}
13689	13615	INTRON			{Augustus_model.g3393.t1;Augustus},{GeneMark_model.4342_t;GeneMark}
13704	13690	internal-	4	6	{Augustus_model.g3393.t1;Augustus},{GeneMark_model.4342_t;GeneMark}
13761	13705	INTRON			{Augustus_model.g3393.t1;Augustus},{GeneMark_model.4342_t;GeneMark}
13803	13762	initial-	4	6	{Augustus_model.g3393.t1;Augustus},{GeneMark_model.4342_t;GeneMark}

# EVM prediction: Mode:STANDARD S-ratio: 2.62 14073-15921 orient(+) score(5755.00) noncoding_equivalent(2197.48) raw_noncoding(2668.00) offset(470.52) 
14073	14087	initial+	1	3	{GeneMark_model.4343_t;GeneMark},{Augustus_model.g3394.t1;Augustus},{GlimmerHMM_glimmerT_4073-T1;GlimmerHMM}
14088	14147	INTRON			{GeneMark_model.4343_t;GeneMark},{Augustus_model.g3394.t1;Augustus},{GlimmerHMM_glimmerT_4073-T1;GlimmerHMM}
14148	14423	internal+	1	3	{GeneMark_model.4343_t;GeneMark},{Augustus_model.g3394.t1;Augustus},{GlimmerHMM_glimmerT_4073-T1;GlimmerHMM}
14424	14486	INTRON			{GeneMark_model.4343_t;GeneMark},{Augustus_model.g3394.t1;Augustus},{GlimmerHMM_glimmerT_4073-T1;GlimmerHMM}
14487	14580	internal+	1	1	{GeneMark_model.4343_t;GeneMark},{Augustus_model.g3394.t1;Augustus},{GlimmerHMM_glimmerT_4073-T1;GlimmerHMM}
14581	14648	INTRON			{GeneMark_model.4343_t;GeneMark},{Augustus_model.g3394.t1;Augustus},{GlimmerHMM_glimmerT_4073-T1;GlimmerHMM}
14649	14771	internal+	2	1	{Augustus_model.g3394.t1;Augustus},{GlimmerHMM_glimmerT_4073-T1;GlimmerHMM}
14772	14880	INTRON			{Augustus_model.g3394.t1;Augustus},{GlimmerHMM_glimmerT_4073-T1;GlimmerHMM}
14881	15219	internal+	2	1	{GeneMark_model.4343_t;GeneMark},{Augustus_model.g3394.t1;Augustus},{GlimmerHMM_glimmerT_4073-T1;GlimmerHMM}
15220	15316	INTRON			{GeneMark_model.4343_t;GeneMark},{Augustus_model.g3394.t1;Augustus},{GlimmerHMM_glimmerT_4073-T1;GlimmerHMM}
15317	15921	terminal+	2	3	{GeneMark_model.4343_t;GeneMark},{Augustus_model.g3394.t1;Augustus},{GlimmerHMM_glimmerT_4073-T1;GlimmerHMM}

# EVM prediction: Mode:STANDARD S-ratio: 3.73 18015-20624 orient(+) score(11597.00) noncoding_equivalent(3111.41) raw_noncoding(3675.00) offset(563.59) 
18015	18061	initial+	1	2	{Augustus_model.g3395.t1;Augustus}
18062	18132	INTRON			{Augustus_model.g3395.t1;Augustus},{GeneMark_model.4344_t;GeneMark},{GlimmerHMM_glimmerT_4074-T1;GlimmerHMM}
18133	18253	internal+	3	3	{Augustus_model.g3395.t1;Augustus},{GeneMark_model.4344_t;GeneMark},{GlimmerHMM_glimmerT_4074-T1;GlimmerHMM}
18254	18334	INTRON			{Augustus_model.g3395.t1;Augustus},{GeneMark_model.4344_t;GeneMark},{snap_scaffold_10-snap.6-T1;snap},{GlimmerHMM_glimmerT_4074-T1;GlimmerHMM},{ev_type:exonerate/ID=match.2566964.1041/Target=lcl|KQ954479_1_prot_KWU44389_1_3146;exonerate}
18335	18542	internal+	1	1	{Augustus_model.g3395.t1;Augustus},{GeneMark_model.4344_t;GeneMark},{GlimmerHMM_glimmerT_4074-T1;GlimmerHMM},{ev_type:exonerate/ID=match.2566964.1041/Target=lcl|KQ954479_1_prot_KWU44389_1_3146;exonerate}
18543	18615	INTRON			{Augustus_model.g3395.t1;Augustus},{GeneMark_model.4344_t;GeneMark},{GlimmerHMM_glimmerT_4074-T1;GlimmerHMM},{ev_type:exonerate/ID=match.2566964.1041/Target=lcl|KQ954479_1_prot_KWU44389_1_3146;exonerate}
18616	19326	internal+	2	1	{Augustus_model.g3395.t1;Augustus},{GeneMark_model.4344_t;GeneMark},{GlimmerHMM_glimmerT_4074-T1;GlimmerHMM}
19327	19404	INTRON			{Augustus_model.g3395.t1;Augustus},{GeneMark_model.4344_t;GeneMark},{GlimmerHMM_glimmerT_4074-T1;GlimmerHMM},{ev_type:exonerate/ID=match.2566964.1041/Target=lcl|KQ954479_1_prot_KWU44389_1_3146;exonerate}
19405	19597	internal+	2	2	{Augustus_model.g3395.t1;Augustus},{GeneMark_model.4344_t;GeneMark},{GlimmerHMM_glimmerT_4074-T1;GlimmerHMM},{ev_type:exonerate/ID=match.2566964.1041/Target=lcl|KQ954479_1_prot_KWU44389_1_3146;exonerate}
19598	19667	INTRON			{Augustus_model.g3395.t1;Augustus},{GeneMark_model.4344_t;GeneMark},{ev_type:exonerate/ID=match.2566964.1041/Target=lcl|KQ954479_1_prot_KWU44389_1_3146;exonerate},{ev_type:exonerate/ID=match.2566964.3757/Target=lcl|PJQD01000129_1_prot_POY70292_1_648;exonerate}
19668	19709	internal+	3	2	{Augustus_model.g3395.t1;Augustus},{GeneMark_model.4344_t;GeneMark},{ev_type:exonerate/ID=match.2566964.1041/Target=lcl|KQ954479_1_prot_KWU44389_1_3146;exonerate},{ev_type:exonerate/ID=match.2566964.3757/Target=lcl|PJQD01000129_1_prot_POY70292_1_648;exonerate}
19710	19776	INTRON			{Augustus_model.g3395.t1;Augustus},{GeneMark_model.4344_t;GeneMark},{ev_type:exonerate/ID=match.2566964.1041/Target=lcl|KQ954479_1_prot_KWU44389_1_3146;exonerate},{ev_type:exonerate/ID=match.2566964.3757/Target=lcl|PJQD01000129_1_prot_POY70292_1_648;exonerate}
19777	20030	internal+	3	1	{Augustus_model.g3395.t1;Augustus},{GeneMark_model.4344_t;GeneMark},{GlimmerHMM_glimmerT_4074-T1;GlimmerHMM},{ev_type:exonerate/ID=match.2566964.1041/Target=lcl|KQ954479_1_prot_KWU44389_1_3146;exonerate},{ev_type:exonerate/ID=match.2566964.3757/Target=lcl|PJQD01000129_1_prot_POY70292_1_648;exonerate}
20031	20094	INTRON			{Augustus_model.g3395.t1;Augustus},{GeneMark_model.4344_t;GeneMark},{GlimmerHMM_glimmerT_4074-T1;GlimmerHMM},{ev_type:exonerate/ID=match.2566964.1041/Target=lcl|KQ954479_1_prot_KWU44389_1_3146;exonerate},{ev_type:exonerate/ID=match.2566964.3757/Target=lcl|PJQD01000129_1_prot_POY70292_1_648;exonerate}
20095	20469	internal+	2	1	{Augustus_model.g3395.t1;Augustus},{GeneMark_model.4344_t;GeneMark},{GlimmerHMM_glimmerT_4074-T1;GlimmerHMM},{ev_type:exonerate/ID=match.2566964.3757/Target=lcl|PJQD01000129_1_prot_POY70292_1_648;exonerate}
20470	20538	INTRON			{Augustus_model.g3395.t1;Augustus},{GeneMark_model.4344_t;GeneMark},{GlimmerHMM_glimmerT_4074-T1;GlimmerHMM},{ev_type:exonerate/ID=match.2566964.3757/Target=lcl|PJQD01000129_1_prot_POY70292_1_648;exonerate}
20539	20624	terminal+	2	3	{Augustus_model.g3395.t1;Augustus},{GeneMark_model.4344_t;GeneMark},{GlimmerHMM_glimmerT_4074-T1;GlimmerHMM}

# EVM prediction: Mode:STANDARD S-ratio: 6.61 21005-23421 orient(-) score(13987.00) noncoding_equivalent(2117.00) raw_noncoding(3192.00) offset(1075.00) 
21035	21005	terminal-	6	6	{GeneMark_model.4345_t;GeneMark},{Augustus_model.g3396.t1;Augustus}
21115	21036	INTRON			{GeneMark_model.4345_t;GeneMark},{Augustus_model.g3396.t1;Augustus}
21133	21116	internal-	6	5	{GeneMark_model.4345_t;GeneMark},{Augustus_model.g3396.t1;Augustus}
21206	21134	INTRON			{GeneMark_model.4345_t;GeneMark},{Augustus_model.g3396.t1;Augustus}
21235	21207	internal-	4	5	{GeneMark_model.4345_t;GeneMark},{Augustus_model.g3396.t1;Augustus},{ev_type:exonerate/ID=match.2566964.3716/Target=lcl|NW_017264946_1_prot_XP_018267817_1_6920;exonerate}
21324	21236	INTRON			{GeneMark_model.4345_t;GeneMark},{Augustus_model.g3396.t1;Augustus},{ev_type:exonerate/ID=match.2566964.3716/Target=lcl|NW_017264946_1_prot_XP_018267817_1_6920;exonerate}
21342	21325	internal-	4	6	{GeneMark_model.4345_t;GeneMark},{Augustus_model.g3396.t1;Augustus},{ev_type:exonerate/ID=match.2566964.3716/Target=lcl|NW_017264946_1_prot_XP_018267817_1_6920;exonerate}
21413	21343	INTRON			{GeneMark_model.4345_t;GeneMark},{Augustus_model.g3396.t1;Augustus},{ev_type:exonerate/ID=match.2566964.3716/Target=lcl|NW_017264946_1_prot_XP_018267817_1_6920;exonerate}
21459	21414	internal-	6	6	{GeneMark_model.4345_t;GeneMark},{GlimmerHMM_glimmerT_4075-T1;GlimmerHMM},{Augustus_model.g3396.t1;Augustus},{ev_type:exonerate/ID=match.2566964.3716/Target=lcl|NW_017264946_1_prot_XP_018267817_1_6920;exonerate}
21537	21460	INTRON			{GeneMark_model.4345_t;GeneMark},{Augustus_model.g3396.t1;Augustus},{ev_type:exonerate/ID=match.2566964.3716/Target=lcl|NW_017264946_1_prot_XP_018267817_1_6920;exonerate},{ev_type:exonerate/ID=match.2566964.3713/Target=lcl|BJWK01000004_1_prot_GEM08116_1_2133;exonerate},{ev_type:exonerate/ID=match.2566964.3779/Target=lcl|PJQD01000129_1_prot_POY70291_1_647;exonerate}
21561	21538	internal-	6	5	{GeneMark_model.4345_t;GeneMark},{Augustus_model.g3396.t1;Augustus},{ev_type:exonerate/ID=match.2566964.3716/Target=lcl|NW_017264946_1_prot_XP_018267817_1_6920;exonerate},{ev_type:exonerate/ID=match.2566964.3713/Target=lcl|BJWK01000004_1_prot_GEM08116_1_2133;exonerate},{ev_type:exonerate/ID=match.2566964.3779/Target=lcl|PJQD01000129_1_prot_POY70291_1_647;exonerate}
21656	21562	INTRON			{GeneMark_model.4345_t;GeneMark},{Augustus_model.g3396.t1;Augustus},{ev_type:exonerate/ID=match.2566964.3716/Target=lcl|NW_017264946_1_prot_XP_018267817_1_6920;exonerate},{ev_type:exonerate/ID=match.2566964.3713/Target=lcl|BJWK01000004_1_prot_GEM08116_1_2133;exonerate},{ev_type:exonerate/ID=match.2566964.3779/Target=lcl|PJQD01000129_1_prot_POY70291_1_647;exonerate}
22586	21657	internal-	6	5	{GeneMark_model.4345_t;GeneMark},{GlimmerHMM_glimmerT_4075-T1;GlimmerHMM},{Augustus_model.g3396.t1;Augustus},{ev_type:exonerate/ID=match.2566964.3716/Target=lcl|NW_017264946_1_prot_XP_018267817_1_6920;exonerate},{ev_type:exonerate/ID=match.2566964.3713/Target=lcl|BJWK01000004_1_prot_GEM08116_1_2133;exonerate}
22654	22587	INTRON			{GlimmerHMM_glimmerT_4075-T1;GlimmerHMM},{Augustus_model.g3396.t1;Augustus},{ev_type:exonerate/ID=match.2566964.3716/Target=lcl|NW_017264946_1_prot_XP_018267817_1_6920;exonerate},{ev_type:exonerate/ID=match.2566964.3743/Target=lcl|PJQD01000133_1_prot_POY70283_1_822;exonerate},{ev_type:exonerate/ID=match.2566964.3713/Target=lcl|BJWK01000004_1_prot_GEM08116_1_2133;exonerate}
23179	22655	internal-	6	5	{GlimmerHMM_glimmerT_4075-T1;GlimmerHMM},{Augustus_model.g3396.t1;Augustus},{ev_type:exonerate/ID=match.2566964.3716/Target=lcl|NW_017264946_1_prot_XP_018267817_1_6920;exonerate},{ev_type:exonerate/ID=match.2566964.3743/Target=lcl|PJQD01000133_1_prot_POY70283_1_822;exonerate},{ev_type:exonerate/ID=match.2566964.3713/Target=lcl|BJWK01000004_1_prot_GEM08116_1_2133;exonerate}
23258	23180	INTRON			{GeneMark_model.4345_t;GeneMark},{GlimmerHMM_glimmerT_4075-T1;GlimmerHMM},{Augustus_model.g3396.t1;Augustus},{ev_type:exonerate/ID=match.2566964.3716/Target=lcl|NW_017264946_1_prot_XP_018267817_1_6920;exonerate},{ev_type:exonerate/ID=match.2566964.3743/Target=lcl|PJQD01000133_1_prot_POY70283_1_822;exonerate},{ev_type:exonerate/ID=match.2566964.3713/Target=lcl|BJWK01000004_1_prot_GEM08116_1_2133;exonerate}
23346	23259	internal-	5	5	{GeneMark_model.4345_t;GeneMark},{Augustus_model.g3396.t1;Augustus},{ev_type:exonerate/ID=match.2566964.3716/Target=lcl|NW_017264946_1_prot_XP_018267817_1_6920;exonerate},{ev_type:exonerate/ID=match.2566964.3743/Target=lcl|PJQD01000133_1_prot_POY70283_1_822;exonerate},{ev_type:exonerate/ID=match.2566964.3713/Target=lcl|BJWK01000004_1_prot_GEM08116_1_2133;exonerate}
23417	23347	INTRON			{GeneMark_model.4345_t;GeneMark},{snap_scaffold_10-snap.9-T1;snap},{Augustus_model.g3396.t1;Augustus},{ev_type:exonerate/ID=match.2566964.3716/Target=lcl|NW_017264946_1_prot_XP_018267817_1_6920;exonerate},{ev_type:exonerate/ID=match.2566964.3743/Target=lcl|PJQD01000133_1_prot_POY70283_1_822;exonerate},{ev_type:exonerate/ID=match.2566964.3713/Target=lcl|BJWK01000004_1_prot_GEM08116_1_2133;exonerate}
23421	23418	initial-	4	4	{GeneMark_model.4345_t;GeneMark},{snap_scaffold_10-snap.9-T1;snap}

# EVM prediction: Mode:STANDARD S-ratio: 1.95 24575-27489 orient(+) score(7924.00) noncoding_equivalent(4070.53) raw_noncoding(4834.53) offset(764.00) 
24575	25763	initial+	1	1	{GlimmerHMM_glimmerT_4076-T1;GlimmerHMM},{Augustus_model.g3397.t1;Augustus},{GeneMark_model.4346_t;GeneMark}
25764	25841	INTRON			{GlimmerHMM_glimmerT_4076-T1;GlimmerHMM},{Augustus_model.g3397.t1;Augustus},{GeneMark_model.4346_t;GeneMark}
25842	25950	internal+	2	2	{Augustus_model.g3397.t1;Augustus},{GeneMark_model.4346_t;GeneMark}
25951	26034	INTRON			{Augustus_model.g3397.t1;Augustus},{GeneMark_model.4346_t;GeneMark}
26035	26155	internal+	3	3	{Augustus_model.g3397.t1;Augustus},{GeneMark_model.4346_t;GeneMark}
26156	26218	INTRON			{Augustus_model.g3397.t1;Augustus},{GeneMark_model.4346_t;GeneMark}
26219	26296	internal+	1	3	{Augustus_model.g3397.t1;Augustus},{GeneMark_model.4346_t;GeneMark}
26297	26370	INTRON			{Augustus_model.g3397.t1;Augustus},{GeneMark_model.4346_t;GeneMark}
26371	26432	internal+	1	2	{Augustus_model.g3397.t1;Augustus},{GeneMark_model.4346_t;GeneMark}
26433	26501	INTRON			{Augustus_model.g3397.t1;Augustus},{GeneMark_model.4346_t;GeneMark}
26502	26637	internal+	3	3	{Augustus_model.g3397.t1;Augustus},{GeneMark_model.4346_t;GeneMark}
26638	26712	INTRON			{Augustus_model.g3397.t1;Augustus},{GeneMark_model.4346_t;GeneMark}
26713	26761	internal+	1	1	{Augustus_model.g3397.t1;Augustus},{GeneMark_model.4346_t;GeneMark}
26762	26854	INTRON			{Augustus_model.g3397.t1;Augustus},{GlimmerHMM_glimmerT_4077-T1;GlimmerHMM},{GeneMark_model.4346_t;GeneMark}
26855	27489	terminal+	2	3	{GeneMark_model.4346_t;GeneMark}

# EVM prediction: Mode:STANDARD S-ratio: 1.81 27799-29301 orient(-) score(3752.00) noncoding_equivalent(2068.63) raw_noncoding(3384.00) offset(1315.37) 
28021	27799	terminal-	6	6	{GlimmerHMM_glimmerT_4078-T1;GlimmerHMM},{Augustus_model.g3398.t1;Augustus},{GeneMark_model.4347_t;GeneMark}
28086	28022	INTRON			{GlimmerHMM_glimmerT_4078-T1;GlimmerHMM},{Augustus_model.g3398.t1;Augustus},{GeneMark_model.4347_t;GeneMark}
28241	28087	internal-	4	5	{GlimmerHMM_glimmerT_4078-T1;GlimmerHMM},{Augustus_model.g3398.t1;Augustus},{GeneMark_model.4347_t;GeneMark}
28329	28242	INTRON			{GlimmerHMM_glimmerT_4078-T1;GlimmerHMM},{Augustus_model.g3398.t1;Augustus},{GeneMark_model.4347_t;GeneMark}
28425	28330	internal-	4	6	{GlimmerHMM_glimmerT_4078-T1;GlimmerHMM},{Augustus_model.g3398.t1;Augustus},{GeneMark_model.4347_t;GeneMark}
28501	28426	INTRON			{Augustus_model.g3398.t1;Augustus},{GeneMark_model.4347_t;GeneMark}
28599	28502	internal-	5	6	{Augustus_model.g3398.t1;Augustus},{GeneMark_model.4347_t;GeneMark}
28687	28600	INTRON			{GeneMark_model.4347_t;GeneMark}
28703	28688	internal-	4	4	{GeneMark_model.4347_t;GeneMark}
28791	28704	INTRON			{GeneMark_model.4347_t;GeneMark}
28803	28792	internal-	4	6	{GeneMark_model.4347_t;GeneMark}
28874	28804	INTRON			{GeneMark_model.4347_t;GeneMark}
28894	28875	internal-	5	6	{GeneMark_model.4347_t;GeneMark}
28957	28895	INTRON			{Augustus_model.g3398.t1;Augustus},{GeneMark_model.4347_t;GeneMark}
28985	28958	internal-	4	4	{Augustus_model.g3398.t1;Augustus},{GeneMark_model.4347_t;GeneMark}
29082	28986	INTRON			{Augustus_model.g3398.t1;Augustus},{GeneMark_model.4347_t;GeneMark}
29301	29083	initial-	4	6	{GlimmerHMM_glimmerT_4078-T1;GlimmerHMM},{Augustus_model.g3398.t1;Augustus},{GeneMark_model.4347_t;GeneMark}

# EVM prediction: Mode:STANDARD S-ratio: 2.36 29704-31906 orient(+) score(8977.00) noncoding_equivalent(3806.15) raw_noncoding(4723.00) offset(916.85) 
29704	29809	initial+	1	1	{Augustus_model.g3399.t1;Augustus},{GlimmerHMM_glimmerT_4079-T1;GlimmerHMM},{GeneMark_model.4348_t;GeneMark}
29810	29902	INTRON			{Augustus_model.g3399.t1;Augustus},{GlimmerHMM_glimmerT_4079-T1;GlimmerHMM},{GeneMark_model.4348_t;GeneMark},{ev_type:exonerate/ID=match.2566964.3737/Target=lcl|PJQD01000133_1_prot_POY70286_1_825;exonerate}
29903	29984	internal+	2	2	{Augustus_model.g3399.t1;Augustus},{GlimmerHMM_glimmerT_4079-T1;GlimmerHMM},{GeneMark_model.4348_t;GeneMark},{ev_type:exonerate/ID=match.2566964.3737/Target=lcl|PJQD01000133_1_prot_POY70286_1_825;exonerate}
29985	30082	INTRON			{Augustus_model.g3399.t1;Augustus},{GlimmerHMM_glimmerT_4079-T1;GlimmerHMM},{GeneMark_model.4348_t;GeneMark},{ev_type:exonerate/ID=match.2566964.3737/Target=lcl|PJQD01000133_1_prot_POY70286_1_825;exonerate}
30083	30150	internal+	3	1	{Augustus_model.g3399.t1;Augustus},{GlimmerHMM_glimmerT_4079-T1;GlimmerHMM},{GeneMark_model.4348_t;GeneMark},{ev_type:exonerate/ID=match.2566964.3737/Target=lcl|PJQD01000133_1_prot_POY70286_1_825;exonerate}
30151	30217	INTRON			{Augustus_model.g3399.t1;Augustus},{GlimmerHMM_glimmerT_4079-T1;GlimmerHMM},{GeneMark_model.4348_t;GeneMark},{ev_type:exonerate/ID=match.2566964.3737/Target=lcl|PJQD01000133_1_prot_POY70286_1_825;exonerate}
30218	30403	internal+	2	1	{Augustus_model.g3399.t1;Augustus},{GlimmerHMM_glimmerT_4079-T1;GlimmerHMM},{GeneMark_model.4348_t;GeneMark},{ev_type:exonerate/ID=match.2566964.3737/Target=lcl|PJQD01000133_1_prot_POY70286_1_825;exonerate}
30404	30467	INTRON			{Augustus_model.g3399.t1;Augustus},{GlimmerHMM_glimmerT_4079-T1;GlimmerHMM},{GeneMark_model.4348_t;GeneMark},{ev_type:exonerate/ID=match.2566964.3737/Target=lcl|PJQD01000133_1_prot_POY70286_1_825;exonerate}
30468	30569	internal+	2	1	{Augustus_model.g3399.t1;Augustus},{GlimmerHMM_glimmerT_4079-T1;GlimmerHMM},{GeneMark_model.4348_t;GeneMark},{ev_type:exonerate/ID=match.2566964.3737/Target=lcl|PJQD01000133_1_prot_POY70286_1_825;exonerate}
30570	30643	INTRON			{Augustus_model.g3399.t1;Augustus},{GlimmerHMM_glimmerT_4079-T1;GlimmerHMM},{GeneMark_model.4348_t;GeneMark},{ev_type:exonerate/ID=match.2566964.3737/Target=lcl|PJQD01000133_1_prot_POY70286_1_825;exonerate}
30644	30807	internal+	2	3	{Augustus_model.g3399.t1;Augustus},{GlimmerHMM_glimmerT_4079-T1;GlimmerHMM},{GeneMark_model.4348_t;GeneMark},{ev_type:exonerate/ID=match.2566964.3737/Target=lcl|PJQD01000133_1_prot_POY70286_1_825;exonerate}
30808	30873	INTRON			{Augustus_model.g3399.t1;Augustus},{GlimmerHMM_glimmerT_4079-T1;GlimmerHMM},{GeneMark_model.4348_t;GeneMark},{ev_type:exonerate/ID=match.2566964.3737/Target=lcl|PJQD01000133_1_prot_POY70286_1_825;exonerate}
30874	30934	internal+	1	1	{Augustus_model.g3399.t1;Augustus},{GlimmerHMM_glimmerT_4079-T1;GlimmerHMM},{GeneMark_model.4348_t;GeneMark},{ev_type:exonerate/ID=match.2566964.3737/Target=lcl|PJQD01000133_1_prot_POY70286_1_825;exonerate}
30935	31003	INTRON			{Augustus_model.g3399.t1;Augustus},{GlimmerHMM_glimmerT_4079-T1;GlimmerHMM},{GeneMark_model.4348_t;GeneMark},{ev_type:exonerate/ID=match.2566964.3737/Target=lcl|PJQD01000133_1_prot_POY70286_1_825;exonerate}
31004	31091	internal+	2	2	{Augustus_model.g3399.t1;Augustus},{GlimmerHMM_glimmerT_4079-T1;GlimmerHMM},{GeneMark_model.4348_t;GeneMark},{ev_type:exonerate/ID=match.2566964.3737/Target=lcl|PJQD01000133_1_prot_POY70286_1_825;exonerate}
31092	31172	INTRON			{Augustus_model.g3399.t1;Augustus},{GlimmerHMM_glimmerT_4079-T1;GlimmerHMM},{GeneMark_model.4348_t;GeneMark},{ev_type:exonerate/ID=match.2566964.3737/Target=lcl|PJQD01000133_1_prot_POY70286_1_825;exonerate}
31173	31256	internal+	3	2	{Augustus_model.g3399.t1;Augustus},{GlimmerHMM_glimmerT_4079-T1;GlimmerHMM},{GeneMark_model.4348_t;GeneMark},{ev_type:exonerate/ID=match.2566964.3737/Target=lcl|PJQD01000133_1_prot_POY70286_1_825;exonerate}
31257	31352	INTRON			{Augustus_model.g3399.t1;Augustus},{GlimmerHMM_glimmerT_4079-T1;GlimmerHMM},{GeneMark_model.4348_t;GeneMark},{ev_type:exonerate/ID=match.2566964.3737/Target=lcl|PJQD01000133_1_prot_POY70286_1_825;exonerate}
31353	31429	internal+	3	1	{Augustus_model.g3399.t1;Augustus},{GlimmerHMM_glimmerT_4079-T1;GlimmerHMM},{GeneMark_model.4348_t;GeneMark},{ev_type:exonerate/ID=match.2566964.3737/Target=lcl|PJQD01000133_1_prot_POY70286_1_825;exonerate}
31430	31489	INTRON			{Augustus_model.g3399.t1;Augustus},{GlimmerHMM_glimmerT_4079-T1;GlimmerHMM},{GeneMark_model.4348_t;GeneMark},{ev_type:exonerate/ID=match.2566964.3737/Target=lcl|PJQD01000133_1_prot_POY70286_1_825;exonerate}
31490	31546	internal+	2	1	{Augustus_model.g3399.t1;Augustus},{GlimmerHMM_glimmerT_4079-T1;GlimmerHMM},{GeneMark_model.4348_t;GeneMark},{ev_type:exonerate/ID=match.2566964.3737/Target=lcl|PJQD01000133_1_prot_POY70286_1_825;exonerate}
31547	31616	INTRON			{Augustus_model.g3399.t1;Augustus},{GlimmerHMM_glimmerT_4079-T1;GlimmerHMM},{GeneMark_model.4348_t;GeneMark},{ev_type:exonerate/ID=match.2566964.3737/Target=lcl|PJQD01000133_1_prot_POY70286_1_825;exonerate}
31617	31786	internal+	2	3	{Augustus_model.g3399.t1;Augustus},{GlimmerHMM_glimmerT_4079-T1;GlimmerHMM},{GeneMark_model.4348_t;GeneMark},{ev_type:exonerate/ID=match.2566964.3737/Target=lcl|PJQD01000133_1_prot_POY70286_1_825;exonerate}
31787	31858	INTRON			{Augustus_model.g3399.t1;Augustus},{GlimmerHMM_glimmerT_4079-T1;GlimmerHMM},{GeneMark_model.4348_t;GeneMark},{ev_type:exonerate/ID=match.2566964.3737/Target=lcl|PJQD01000133_1_prot_POY70286_1_825;exonerate}
31859	31906	terminal+	1	3	{Augustus_model.g3399.t1;Augustus},{GlimmerHMM_glimmerT_4079-T1;GlimmerHMM},{GeneMark_model.4348_t;GeneMark}

# EVM prediction: Mode:STANDARD S-ratio: 4.13 32141-33975 orient(-) score(6484.00) noncoding_equivalent(1568.16) raw_noncoding(1931.00) offset(362.84) 
32734	32141	terminal-	4	6	{Augustus_model.g3400.t1;Augustus},{GeneMark_model.4349_t;GeneMark},{GlimmerHMM_glimmerT_4080-T1;GlimmerHMM}
32839	32735	INTRON			{Augustus_model.g3400.t1;Augustus},{GeneMark_model.4349_t;GeneMark},{GlimmerHMM_glimmerT_4080-T1;GlimmerHMM}
32906	32840	internal-	6	6	{Augustus_model.g3400.t1;Augustus},{GeneMark_model.4349_t;GeneMark},{GlimmerHMM_glimmerT_4080-T1;GlimmerHMM}
32984	32907	INTRON			{Augustus_model.g3400.t1;Augustus},{GeneMark_model.4349_t;GeneMark},{GlimmerHMM_glimmerT_4080-T1;GlimmerHMM}
33165	32985	internal-	5	5	{Augustus_model.g3400.t1;Augustus},{GeneMark_model.4349_t;GeneMark},{GlimmerHMM_glimmerT_4080-T1;GlimmerHMM}
33252	33166	INTRON			{Augustus_model.g3400.t1;Augustus},{GeneMark_model.4349_t;GeneMark},{GlimmerHMM_glimmerT_4080-T1;GlimmerHMM}
33764	33253	internal-	6	4	{Augustus_model.g3400.t1;Augustus},{GeneMark_model.4349_t;GeneMark},{GlimmerHMM_glimmerT_4080-T1;GlimmerHMM}
33859	33765	INTRON			{Augustus_model.g3400.t1;Augustus},{GeneMark_model.4349_t;GeneMark},{GlimmerHMM_glimmerT_4080-T1;GlimmerHMM}
33975	33860	initial-	4	5	{Augustus_model.g3400.t1;Augustus},{GeneMark_model.4349_t;GeneMark},{GlimmerHMM_glimmerT_4080-T1;GlimmerHMM}

# EVM prediction: Mode:STANDARD S-ratio: 1.95 34679-37532 orient(+) score(8974.00) noncoding_equivalent(4611.07) raw_noncoding(5767.00) offset(1155.93) 
34679	34741	initial+	1	3	{GeneMark_model.4350_t;GeneMark},{GlimmerHMM_glimmerT_4081-T1;GlimmerHMM},{Augustus_model.g3401.t1;Augustus}
34742	34823	INTRON			{GeneMark_model.4350_t;GeneMark},{GlimmerHMM_glimmerT_4081-T1;GlimmerHMM},{Augustus_model.g3401.t1;Augustus}
34824	34834	internal+	1	2	{GeneMark_model.4350_t;GeneMark},{GlimmerHMM_glimmerT_4081-T1;GlimmerHMM},{Augustus_model.g3401.t1;Augustus}
34835	34902	INTRON			{GeneMark_model.4350_t;GeneMark},{GlimmerHMM_glimmerT_4081-T1;GlimmerHMM},{Augustus_model.g3401.t1;Augustus}
34903	35092	internal+	3	3	{GeneMark_model.4350_t;GeneMark},{GlimmerHMM_glimmerT_4081-T1;GlimmerHMM},{Augustus_model.g3401.t1;Augustus}
35093	35171	INTRON			{GeneMark_model.4350_t;GeneMark},{GlimmerHMM_glimmerT_4081-T1;GlimmerHMM},{Augustus_model.g3401.t1;Augustus}
35172	35406	internal+	1	1	{GeneMark_model.4350_t;GeneMark},{GlimmerHMM_glimmerT_4081-T1;GlimmerHMM},{Augustus_model.g3401.t1;Augustus}
35407	35486	INTRON			{GeneMark_model.4350_t;GeneMark},{GlimmerHMM_glimmerT_4081-T1;GlimmerHMM},{Augustus_model.g3401.t1;Augustus}
35487	35679	internal+	2	2	{GeneMark_model.4350_t;GeneMark},{GlimmerHMM_glimmerT_4081-T1;GlimmerHMM},{Augustus_model.g3401.t1;Augustus}
35680	35750	INTRON			{GeneMark_model.4350_t;GeneMark},{GlimmerHMM_glimmerT_4081-T1;GlimmerHMM},{Augustus_model.g3401.t1;Augustus}
35751	35938	internal+	3	1	{GeneMark_model.4350_t;GeneMark},{GlimmerHMM_glimmerT_4081-T1;GlimmerHMM},{Augustus_model.g3401.t1;Augustus}
35939	36062	INTRON			{GeneMark_model.4350_t;GeneMark},{GlimmerHMM_glimmerT_4081-T1;GlimmerHMM},{Augustus_model.g3401.t1;Augustus}
36063	36207	internal+	2	2	{GeneMark_model.4350_t;GeneMark},{GlimmerHMM_glimmerT_4081-T1;GlimmerHMM},{Augustus_model.g3401.t1;Augustus}
36208	36306	INTRON			{GeneMark_model.4350_t;GeneMark},{GlimmerHMM_glimmerT_4081-T1;GlimmerHMM},{Augustus_model.g3401.t1;Augustus}
36307	36376	internal+	3	3	{GeneMark_model.4350_t;GeneMark},{GlimmerHMM_glimmerT_4081-T1;GlimmerHMM},{Augustus_model.g3401.t1;Augustus}
36377	36444	INTRON			{GeneMark_model.4350_t;GeneMark},{Augustus_model.g3401.t1;Augustus}
36445	36524	internal+	1	2	{GeneMark_model.4350_t;GeneMark},{Augustus_model.g3401.t1;Augustus}
36525	36603	INTRON			{GeneMark_model.4350_t;GeneMark},{GlimmerHMM_glimmerT_4081-T1;GlimmerHMM},{Augustus_model.g3401.t1;Augustus}
36604	36866	internal+	3	1	{GeneMark_model.4350_t;GeneMark},{GlimmerHMM_glimmerT_4081-T1;GlimmerHMM},{Augustus_model.g3401.t1;Augustus}
36867	37017	INTRON			{GeneMark_model.4350_t;GeneMark},{GlimmerHMM_glimmerT_4081-T1;GlimmerHMM},{Augustus_model.g3401.t1;Augustus}
37018	37167	internal+	2	1	{GeneMark_model.4350_t;GeneMark},{GlimmerHMM_glimmerT_4081-T1;GlimmerHMM},{Augustus_model.g3401.t1;Augustus}
37168	37257	INTRON			{GeneMark_model.4350_t;GeneMark},{GlimmerHMM_glimmerT_4081-T1;GlimmerHMM},{Augustus_model.g3401.t1;Augustus}
37258	37317	internal+	2	1	{GeneMark_model.4350_t;GeneMark},{GlimmerHMM_glimmerT_4081-T1;GlimmerHMM},{Augustus_model.g3401.t1;Augustus}
37318	37412	INTRON			{GeneMark_model.4350_t;GeneMark},{GlimmerHMM_glimmerT_4081-T1;GlimmerHMM},{Augustus_model.g3401.t1;Augustus}
37413	37423	internal+	2	3	{GeneMark_model.4350_t;GeneMark},{GlimmerHMM_glimmerT_4081-T1;GlimmerHMM},{Augustus_model.g3401.t1;Augustus}
37424	37520	INTRON			{GeneMark_model.4350_t;GeneMark},{GlimmerHMM_glimmerT_4081-T1;GlimmerHMM},{Augustus_model.g3401.t1;Augustus}
37521	37532	terminal+	1	3	{GeneMark_model.4350_t;GeneMark},{GlimmerHMM_glimmerT_4081-T1;GlimmerHMM},{Augustus_model.g3401.t1;Augustus}

# EVM prediction: Mode:STANDARD S-ratio: 7.45 37804-41266 orient(+) score(13716.00) noncoding_equivalent(1842.20) raw_noncoding(1927.00) offset(84.80) 
37804	38579	initial+	1	2	{GlimmerHMM_glimmerT_4082-T1;GlimmerHMM},{Augustus_model.g3402.t1;Augustus},{GeneMark_model.4351_t;GeneMark}
38580	38647	INTRON			{GlimmerHMM_glimmerT_4082-T1;GlimmerHMM},{Augustus_model.g3402.t1;Augustus},{GeneMark_model.4351_t;GeneMark},{ev_type:exonerate/ID=match.2566964.972/Target=lcl|PJQD01000106_1_prot_POY70677_1_165;exonerate}
38648	40382	internal+	3	3	{GlimmerHMM_glimmerT_4082-T1;GlimmerHMM},{Augustus_model.g3402.t1;Augustus},{GeneMark_model.4351_t;GeneMark}
40383	40453	INTRON			{GlimmerHMM_glimmerT_4082-T1;GlimmerHMM},{Augustus_model.g3402.t1;Augustus},{GeneMark_model.4351_t;GeneMark}
40454	40569	internal+	1	2	{GlimmerHMM_glimmerT_4082-T1;GlimmerHMM},{Augustus_model.g3402.t1;Augustus},{GeneMark_model.4351_t;GeneMark}
40570	40632	INTRON			{GlimmerHMM_glimmerT_4082-T1;GlimmerHMM},{Augustus_model.g3402.t1;Augustus},{GeneMark_model.4351_t;GeneMark}
40633	41266	terminal+	3	3	{GlimmerHMM_glimmerT_4082-T1;GlimmerHMM},{Augustus_model.g3402.t1;Augustus},{GeneMark_model.4351_t;GeneMark}

# EVM prediction: Mode:STANDARD S-ratio: 2.54 42957-45265 orient(-) score(8087.00) noncoding_equivalent(3182.46) raw_noncoding(3881.00) offset(698.54) 
43113	42957	terminal-	6	6	{GlimmerHMM_glimmerT_4083-T1;GlimmerHMM},{Augustus_model.g3403.t1;Augustus},{GeneMark_model.4352_t;GeneMark}
43175	43114	INTRON			{GlimmerHMM_glimmerT_4083-T1;GlimmerHMM},{Augustus_model.g3403.t1;Augustus},{GeneMark_model.4352_t;GeneMark}
43386	43176	internal-	5	5	{GlimmerHMM_glimmerT_4083-T1;GlimmerHMM},{Augustus_model.g3403.t1;Augustus},{GeneMark_model.4352_t;GeneMark}
43455	43387	INTRON			{GlimmerHMM_glimmerT_4083-T1;GlimmerHMM},{Augustus_model.g3403.t1;Augustus},{GeneMark_model.4352_t;GeneMark}
43482	43456	internal-	5	4	{GlimmerHMM_glimmerT_4083-T1;GlimmerHMM},{Augustus_model.g3403.t1;Augustus},{GeneMark_model.4352_t;GeneMark}
43554	43483	INTRON			{GlimmerHMM_glimmerT_4083-T1;GlimmerHMM},{Augustus_model.g3403.t1;Augustus},{GeneMark_model.4352_t;GeneMark}
43677	43555	internal-	5	4	{GlimmerHMM_glimmerT_4083-T1;GlimmerHMM},{Augustus_model.g3403.t1;Augustus},{GeneMark_model.4352_t;GeneMark}
43771	43678	INTRON			{GlimmerHMM_glimmerT_4083-T1;GlimmerHMM},{Augustus_model.g3403.t1;Augustus},{GeneMark_model.4352_t;GeneMark}
43904	43772	internal-	4	4	{Augustus_model.g3403.t1;Augustus},{GeneMark_model.4352_t;GeneMark}
43982	43905	INTRON			{Augustus_model.g3403.t1;Augustus},{GeneMark_model.4352_t;GeneMark}
44046	43983	internal-	6	6	{Augustus_model.g3403.t1;Augustus},{GeneMark_model.4352_t;GeneMark}
44120	44047	INTRON			{GlimmerHMM_glimmerT_4083-T1;GlimmerHMM},{Augustus_model.g3403.t1;Augustus},{GeneMark_model.4352_t;GeneMark}
44461	44121	internal-	4	5	{GlimmerHMM_glimmerT_4083-T1;GlimmerHMM},{Augustus_model.g3403.t1;Augustus},{GeneMark_model.4352_t;GeneMark}
44525	44462	INTRON			{GlimmerHMM_glimmerT_4083-T1;GlimmerHMM},{Augustus_model.g3403.t1;Augustus},{GeneMark_model.4352_t;GeneMark},{ev_type:exonerate/ID=match.2566964.2683/Target=lcl|PJQD01000105_1_prot_POY70678_1_161;exonerate}
44675	44526	internal-	4	6	{GlimmerHMM_glimmerT_4083-T1;GlimmerHMM},{Augustus_model.g3403.t1;Augustus},{GeneMark_model.4352_t;GeneMark},{ev_type:exonerate/ID=match.2566964.2683/Target=lcl|PJQD01000105_1_prot_POY70678_1_161;exonerate}
44752	44676	INTRON			{GlimmerHMM_glimmerT_4083-T1;GlimmerHMM},{Augustus_model.g3403.t1;Augustus},{GeneMark_model.4352_t;GeneMark},{ev_type:exonerate/ID=match.2566964.2683/Target=lcl|PJQD01000105_1_prot_POY70678_1_161;exonerate}
45116	44753	internal-	6	6	{GlimmerHMM_glimmerT_4083-T1;GlimmerHMM},{Augustus_model.g3403.t1;Augustus},{GeneMark_model.4352_t;GeneMark},{ev_type:exonerate/ID=match.2566964.2683/Target=lcl|PJQD01000105_1_prot_POY70678_1_161;exonerate}
45194	45117	INTRON			{GlimmerHMM_glimmerT_4083-T1;GlimmerHMM},{Augustus_model.g3403.t1;Augustus},{GeneMark_model.4352_t;GeneMark},{ev_type:exonerate/ID=match.2566964.2683/Target=lcl|PJQD01000105_1_prot_POY70678_1_161;exonerate}
45265	45195	initial-	4	5	{GlimmerHMM_glimmerT_4083-T1;GlimmerHMM},{Augustus_model.g3403.t1;Augustus},{GeneMark_model.4352_t;GeneMark}

# EVM prediction: Mode:STANDARD S-ratio: 2.42 47058-49094 orient(-) score(6111.00) noncoding_equivalent(2523.00) raw_noncoding(2784.00) offset(261.00) 
47974	47058	terminal-	5	6	{Augustus_model.g3404.t1;Augustus},{GlimmerHMM_glimmerT_4084-T1;GlimmerHMM},{GeneMark_model.4353_t;GeneMark}
48054	47975	INTRON			{Augustus_model.g3404.t1;Augustus},{GlimmerHMM_glimmerT_4084-T1;GlimmerHMM},{GeneMark_model.4353_t;GeneMark}
48594	48055	internal-	5	4	{Augustus_model.g3404.t1;Augustus},{GlimmerHMM_glimmerT_4084-T1;GlimmerHMM},{GeneMark_model.4353_t;GeneMark}
48662	48595	INTRON			{Augustus_model.g3404.t1;Augustus},{GlimmerHMM_glimmerT_4084-T1;GlimmerHMM},{GeneMark_model.4353_t;GeneMark}
48953	48663	internal-	5	4	{Augustus_model.g3404.t1;Augustus},{GlimmerHMM_glimmerT_4084-T1;GlimmerHMM},{GeneMark_model.4353_t;GeneMark}
49054	48954	INTRON			{Augustus_model.g3404.t1;Augustus},{GlimmerHMM_glimmerT_4084-T1;GlimmerHMM},{GeneMark_model.4353_t;GeneMark}
49094	49055	initial-	4	4	{Augustus_model.g3404.t1;Augustus},{GlimmerHMM_glimmerT_4084-T1;GlimmerHMM},{GeneMark_model.4353_t;GeneMark}

# EVM prediction: Mode:STANDARD S-ratio: 2.07 49194-50610 orient(+) score(5355.00) noncoding_equivalent(2587.00) raw_noncoding(4228.00) offset(1641.00) 
49194	49245	initial+	1	1	{Augustus_model.g3405.t1;Augustus},{GlimmerHMM_glimmerT_4085-T1;GlimmerHMM}
49246	49975	INTRON			{Augustus_model.g3405.t1;Augustus},{GlimmerHMM_glimmerT_4085-T1;GlimmerHMM}
49976	50272	internal+	2	1	{GeneMark_model.4354_t;GeneMark},{Augustus_model.g3405.t1;Augustus},{GlimmerHMM_glimmerT_4085-T1;GlimmerHMM}
50273	50336	INTRON			{GeneMark_model.4354_t;GeneMark},{Augustus_model.g3405.t1;Augustus},{GlimmerHMM_glimmerT_4085-T1;GlimmerHMM},{ev_type:exonerate/ID=match.2566964.3821/Target=RS23_NEUCR;exonerate},{ev_type:exonerate/ID=match.2566964.3817/Target=lcl|LCTV02000002_1_prot_PRQ76497_1_3547;exonerate},{ev_type:exonerate/ID=match.2566964.3818/Target=lcl|KQ954510_1_prot_KWU42344_1_5316;exonerate}
50337	50379	internal+	2	2	{GeneMark_model.4354_t;GeneMark},{Augustus_model.g3405.t1;Augustus},{GlimmerHMM_glimmerT_4085-T1;GlimmerHMM},{ev_type:exonerate/ID=match.2566964.3821/Target=RS23_NEUCR;exonerate},{ev_type:exonerate/ID=match.2566964.3817/Target=lcl|LCTV02000002_1_prot_PRQ76497_1_3547;exonerate},{ev_type:exonerate/ID=match.2566964.3818/Target=lcl|KQ954510_1_prot_KWU42344_1_5316;exonerate}
50380	50444	INTRON			{GeneMark_model.4354_t;GeneMark},{Augustus_model.g3405.t1;Augustus},{GlimmerHMM_glimmerT_4085-T1;GlimmerHMM},{ev_type:exonerate/ID=match.2566964.3821/Target=RS23_NEUCR;exonerate},{ev_type:exonerate/ID=match.2566964.3817/Target=lcl|LCTV02000002_1_prot_PRQ76497_1_3547;exonerate},{ev_type:exonerate/ID=match.2566964.3818/Target=lcl|KQ954510_1_prot_KWU42344_1_5316;exonerate}
50445	50503	internal+	3	1	{GeneMark_model.4354_t;GeneMark},{Augustus_model.g3405.t1;Augustus},{GlimmerHMM_glimmerT_4085-T1;GlimmerHMM},{ev_type:exonerate/ID=match.2566964.3821/Target=RS23_NEUCR;exonerate},{ev_type:exonerate/ID=match.2566964.3817/Target=lcl|LCTV02000002_1_prot_PRQ76497_1_3547;exonerate},{ev_type:exonerate/ID=match.2566964.3818/Target=lcl|KQ954510_1_prot_KWU42344_1_5316;exonerate}
50504	50575	INTRON			{GeneMark_model.4354_t;GeneMark},{Augustus_model.g3405.t1;Augustus},{GlimmerHMM_glimmerT_4085-T1;GlimmerHMM},{ev_type:exonerate/ID=match.2566964.3821/Target=RS23_NEUCR;exonerate},{ev_type:exonerate/ID=match.2566964.3817/Target=lcl|LCTV02000002_1_prot_PRQ76497_1_3547;exonerate},{ev_type:exonerate/ID=match.2566964.3818/Target=lcl|KQ954510_1_prot_KWU42344_1_5316;exonerate}
50576	50610	terminal+	2	3	{GeneMark_model.4354_t;GeneMark},{Augustus_model.g3405.t1;Augustus},{GlimmerHMM_glimmerT_4085-T1;GlimmerHMM}

# EVM prediction: Mode:STANDARD S-ratio: 2.03 51041-55936 orient(-) score(13433.00) noncoding_equivalent(6618.63) raw_noncoding(8418.00) offset(1799.37) 
51393	51041	terminal-	5	6	{Augustus_model.g3406.t1;Augustus},{GeneMark_model.4355_t;GeneMark}
51466	51394	INTRON			{Augustus_model.g3406.t1;Augustus},{GeneMark_model.4355_t;GeneMark}
51619	51467	internal-	5	4	{Augustus_model.g3406.t1;Augustus},{GeneMark_model.4355_t;GeneMark}
51686	51620	INTRON			{Augustus_model.g3406.t1;Augustus},{GeneMark_model.4355_t;GeneMark}
51796	51687	internal-	6	4	{Augustus_model.g3406.t1;Augustus},{GeneMark_model.4355_t;GeneMark}
51866	51797	INTRON			{Augustus_model.g3406.t1;Augustus},{GeneMark_model.4355_t;GeneMark}
51890	51867	internal-	6	5	{Augustus_model.g3406.t1;Augustus},{GeneMark_model.4355_t;GeneMark}
51956	51891	INTRON			{Augustus_model.g3406.t1;Augustus},{GeneMark_model.4355_t;GeneMark}
52114	51957	internal-	4	5	{Augustus_model.g3406.t1;Augustus},{GeneMark_model.4355_t;GeneMark}
52190	52115	INTRON			{Augustus_model.g3406.t1;Augustus},{GeneMark_model.4355_t;GeneMark}
52519	52191	internal-	5	6	{Augustus_model.g3406.t1;Augustus},{GeneMark_model.4355_t;GeneMark}
52614	52520	INTRON			{Augustus_model.g3406.t1;Augustus},{GlimmerHMM_glimmerT_4086-T1;GlimmerHMM},{GeneMark_model.4355_t;GeneMark}
52783	52615	internal-	4	4	{Augustus_model.g3406.t1;Augustus},{GlimmerHMM_glimmerT_4086-T1;GlimmerHMM},{GeneMark_model.4355_t;GeneMark}
52909	52784	INTRON			{Augustus_model.g3406.t1;Augustus},{GeneMark_model.4355_t;GeneMark}
53008	52910	internal-	4	6	{Augustus_model.g3406.t1;Augustus},{GeneMark_model.4355_t;GeneMark}
53086	53009	INTRON			{Augustus_model.g3406.t1;Augustus},{GeneMark_model.4355_t;GeneMark}
53158	53087	internal-	4	6	{Augustus_model.g3406.t1;Augustus},{GeneMark_model.4355_t;GeneMark}
53225	53159	INTRON			{Augustus_model.g3406.t1;Augustus},{GeneMark_model.4355_t;GeneMark}
53699	53226	internal-	4	6	{Augustus_model.g3406.t1;Augustus},{GlimmerHMM_glimmerT_4086-T1;GlimmerHMM},{GeneMark_model.4355_t;GeneMark}
53775	53700	INTRON			{Augustus_model.g3406.t1;Augustus},{GlimmerHMM_glimmerT_4086-T1;GlimmerHMM},{GeneMark_model.4355_t;GeneMark}
54199	53776	internal-	6	6	{Augustus_model.g3406.t1;Augustus},{GlimmerHMM_glimmerT_4086-T1;GlimmerHMM},{GeneMark_model.4355_t;GeneMark}
54271	54200	INTRON			{Augustus_model.g3406.t1;Augustus},{GlimmerHMM_glimmerT_4086-T1;GlimmerHMM},{GeneMark_model.4355_t;GeneMark}
54972	54272	internal-	4	5	{Augustus_model.g3406.t1;Augustus},{GeneMark_model.4355_t;GeneMark}
55049	54973	INTRON			{Augustus_model.g3406.t1;Augustus},{GeneMark_model.4355_t;GeneMark}
55445	55050	internal-	4	6	{Augustus_model.g3406.t1;Augustus},{GeneMark_model.4355_t;GeneMark}
55512	55446	INTRON			{Augustus_model.g3406.t1;Augustus},{GeneMark_model.4355_t;GeneMark}
55579	55513	internal-	6	6	{Augustus_model.g3406.t1;Augustus},{GeneMark_model.4355_t;GeneMark}
55637	55580	INTRON			{Augustus_model.g3406.t1;Augustus},{GeneMark_model.4355_t;GeneMark}
55936	55638	initial-	4	5	{Augustus_model.g3406.t1;Augustus},{GeneMark_model.4355_t;GeneMark}

# EVM prediction: Mode:STANDARD S-ratio: 4.51 56221-57148 orient(+) score(3273.00) noncoding_equivalent(725.84) raw_noncoding(883.00) offset(157.16) 
56221	56328	initial+	1	3	{Augustus_model.g3407.t1;Augustus},{GeneMark_model.4356_t;GeneMark},{GlimmerHMM_glimmerT_4087-T1;GlimmerHMM}
56329	56392	INTRON			{Augustus_model.g3407.t1;Augustus},{GeneMark_model.4356_t;GeneMark},{GlimmerHMM_glimmerT_4087-T1;GlimmerHMM}
56393	56483	internal+	1	1	{Augustus_model.g3407.t1;Augustus},{GeneMark_model.4356_t;GeneMark},{GlimmerHMM_glimmerT_4087-T1;GlimmerHMM}
56484	56567	INTRON			{Augustus_model.g3407.t1;Augustus},{GeneMark_model.4356_t;GeneMark},{GlimmerHMM_glimmerT_4087-T1;GlimmerHMM}
56568	57148	terminal+	2	3	{snap_scaffold_10-snap.21-T1;snap},{GeneMark_model.4356_t;GeneMark},{GlimmerHMM_glimmerT_4087-T1;GlimmerHMM}

# EVM prediction: Mode:STANDARD S-ratio: 3.23 57441-58832 orient(-) score(4857.00) noncoding_equivalent(1501.73) raw_noncoding(1846.23) offset(344.50) 
57521	57441	terminal-	4	6	{Augustus_model.g3408.t1;Augustus},{GlimmerHMM_glimmerT_4088-T1;GlimmerHMM},{GeneMark_model.4357_t;GeneMark}
57648	57522	INTRON			{Augustus_model.g3408.t1;Augustus},{GlimmerHMM_glimmerT_4088-T1;GlimmerHMM},{GeneMark_model.4357_t;GeneMark}
57730	57649	internal-	6	6	{Augustus_model.g3408.t1;Augustus},{GlimmerHMM_glimmerT_4088-T1;GlimmerHMM},{GeneMark_model.4357_t;GeneMark}
57858	57731	INTRON			{Augustus_model.g3408.t1;Augustus},{GlimmerHMM_glimmerT_4088-T1;GlimmerHMM},{GeneMark_model.4357_t;GeneMark}
58067	57859	internal-	4	5	{Augustus_model.g3408.t1;Augustus},{GlimmerHMM_glimmerT_4088-T1;GlimmerHMM},{GeneMark_model.4357_t;GeneMark}
58146	58068	INTRON			{Augustus_model.g3408.t1;Augustus},{GlimmerHMM_glimmerT_4088-T1;GlimmerHMM},{GeneMark_model.4357_t;GeneMark}
58704	58147	internal-	4	6	{Augustus_model.g3408.t1;Augustus},{GlimmerHMM_glimmerT_4088-T1;GlimmerHMM},{GeneMark_model.4357_t;GeneMark}
58775	58705	INTRON			{Augustus_model.g3408.t1;Augustus},{GlimmerHMM_glimmerT_4088-T1;GlimmerHMM},{GeneMark_model.4357_t;GeneMark}
58832	58776	initial-	4	6	{Augustus_model.g3408.t1;Augustus},{GlimmerHMM_glimmerT_4088-T1;GlimmerHMM},{GeneMark_model.4357_t;GeneMark}

# EVM prediction: Mode:STANDARD S-ratio: 4.01 59115-60941 orient(+) score(6077.00) noncoding_equivalent(1514.05) raw_noncoding(1770.00) offset(255.95) 
59115	59867	initial+	1	3	{GlimmerHMM_glimmerT_4089-T1;GlimmerHMM},{GeneMark_model.4358_t;GeneMark},{Augustus_model.g3409.t1;Augustus}
59868	59937	INTRON			{GlimmerHMM_glimmerT_4089-T1;GlimmerHMM},{GeneMark_model.4358_t;GeneMark},{Augustus_model.g3409.t1;Augustus}
59938	60057	internal+	1	3	{GlimmerHMM_glimmerT_4089-T1;GlimmerHMM},{GeneMark_model.4358_t;GeneMark},{Augustus_model.g3409.t1;Augustus}
60058	60133	INTRON			{GlimmerHMM_glimmerT_4089-T1;GlimmerHMM},{GeneMark_model.4358_t;GeneMark},{Augustus_model.g3409.t1;Augustus}
60134	60717	internal+	1	2	{GlimmerHMM_glimmerT_4089-T1;GlimmerHMM},{GeneMark_model.4358_t;GeneMark}
60718	60793	INTRON			{GlimmerHMM_glimmerT_4089-T1;GlimmerHMM},{GeneMark_model.4358_t;GeneMark}
60794	60941	terminal+	3	3	{GlimmerHMM_glimmerT_4089-T1;GlimmerHMM},{GeneMark_model.4358_t;GeneMark},{Augustus_model.g3409.t1;Augustus}

# EVM prediction: Mode:STANDARD S-ratio: 1.28 61797-63059 orient(-) score(2932.00) noncoding_equivalent(2299.27) raw_noncoding(2804.03) offset(504.76) 
62057	61797	terminal-	4	6	{GlimmerHMM_glimmerT_4090-T1;GlimmerHMM},{GeneMark_model.4359_t;GeneMark},{Augustus_model.g3410.t1;Augustus}
62212	62058	INTRON			{GlimmerHMM_glimmerT_4090-T1;GlimmerHMM},{GeneMark_model.4359_t;GeneMark},{Augustus_model.g3410.t1;Augustus}
62410	62213	internal-	4	6	{GeneMark_model.4359_t;GeneMark}
62473	62411	INTRON			{GeneMark_model.4359_t;GeneMark}
62585	62474	internal-	6	6	{GeneMark_model.4359_t;GeneMark}
62673	62586	INTRON			{GeneMark_model.4359_t;GeneMark},{Augustus_model.g3410.t1;Augustus}
63059	62674	initial-	4	5	{GeneMark_model.4359_t;GeneMark}

# EVM prediction: Mode:STANDARD S-ratio: 2.30 63729-64437 orient(-) score(2152.00) noncoding_equivalent(934.18) raw_noncoding(942.18) offset(8.00) 
64364	63729	terminal-	4	6	{snap_scaffold_10-snap.24-T1;snap}
64428	64365	INTRON			{GeneMark_model.4360_t;GeneMark},{GlimmerHMM_glimmerT_4090-T1;GlimmerHMM},{Augustus_model.g3410.t1;Augustus},{snap_scaffold_10-snap.24-T1;snap}
64437	64429	initial-	4	6	{GeneMark_model.4360_t;GeneMark},{GlimmerHMM_glimmerT_4090-T1;GlimmerHMM},{Augustus_model.g3410.t1;Augustus},{snap_scaffold_10-snap.24-T1;snap}

# EVM prediction: Mode:STANDARD S-ratio: 3.45 64591-65609 orient(+) score(3537.00) noncoding_equivalent(1025.62) raw_noncoding(1283.00) offset(257.38) 
64591	64821	initial+	1	3	{Augustus_model.g3411.t1;Augustus},{GlimmerHMM_glimmerT_4091-T1;GlimmerHMM},{GeneMark_model.4361_t;GeneMark}
64822	64987	INTRON			{Augustus_model.g3411.t1;Augustus},{GlimmerHMM_glimmerT_4091-T1;GlimmerHMM},{GeneMark_model.4361_t;GeneMark}
64988	65056	internal+	1	3	{Augustus_model.g3411.t1;Augustus},{GlimmerHMM_glimmerT_4091-T1;GlimmerHMM},{GeneMark_model.4361_t;GeneMark}
65057	65138	INTRON			{Augustus_model.g3411.t1;Augustus},{GlimmerHMM_glimmerT_4091-T1;GlimmerHMM},{GeneMark_model.4361_t;GeneMark}
65139	65609	terminal+	1	3	{Augustus_model.g3411.t1;Augustus},{GlimmerHMM_glimmerT_4091-T1;GlimmerHMM},{GeneMark_model.4361_t;GeneMark},{snap_scaffold_10-snap.25-T1;snap}

# EVM prediction: Mode:STANDARD S-ratio: 1.90 66724-70649 orient(-) score(9545.00) noncoding_equivalent(5020.32) raw_noncoding(8601.19) offset(3580.87) 
66851	66724	terminal-	5	6	{Augustus_model.g3412.t1;Augustus}
67172	66852	INTRON			{GlimmerHMM_glimmerT_4092-T1;GlimmerHMM},{Augustus_model.g3412.t1;Augustus}
67661	67173	internal-	5	4	{GlimmerHMM_glimmerT_4092-T1;GlimmerHMM}
68320	67662	INTRON			{GlimmerHMM_glimmerT_4092-T1;GlimmerHMM}
68985	68321	internal-	6	4	{GlimmerHMM_glimmerT_4092-T1;GlimmerHMM}
69054	68986	INTRON			{GeneMark_model.4363_t;GeneMark},{GlimmerHMM_glimmerT_4092-T1;GlimmerHMM},{Augustus_model.g3412.t1;Augustus}
69171	69055	internal-	6	5	{GeneMark_model.4363_t;GeneMark},{GlimmerHMM_glimmerT_4092-T1;GlimmerHMM},{Augustus_model.g3412.t1;Augustus}
69240	69172	INTRON			{GeneMark_model.4363_t;GeneMark},{Augustus_model.g3412.t1;Augustus}
69408	69241	internal-	6	5	{GeneMark_model.4363_t;GeneMark},{Augustus_model.g3412.t1;Augustus}
69491	69409	INTRON			{GeneMark_model.4363_t;GeneMark},{Augustus_model.g3412.t1;Augustus}
69661	69492	internal-	4	5	{GeneMark_model.4363_t;GeneMark},{Augustus_model.g3412.t1;Augustus}
69726	69662	INTRON			{GeneMark_model.4363_t;GeneMark},{Augustus_model.g3412.t1;Augustus}
69813	69727	internal-	4	6	{GeneMark_model.4363_t;GeneMark},{Augustus_model.g3412.t1;Augustus}
69889	69814	INTRON			{Augustus_model.g3412.t1;Augustus}
69977	69890	internal-	6	6	{Augustus_model.g3412.t1;Augustus}
70052	69978	INTRON			{GeneMark_model.4363_t;GeneMark},{Augustus_model.g3412.t1;Augustus}
70074	70053	internal-	5	5	{GeneMark_model.4363_t;GeneMark},{Augustus_model.g3412.t1;Augustus}
70163	70075	INTRON			{GeneMark_model.4363_t;GeneMark},{Augustus_model.g3412.t1;Augustus}
70459	70164	internal-	6	4	{GeneMark_model.4363_t;GeneMark},{GlimmerHMM_glimmerT_4092-T1;GlimmerHMM},{Augustus_model.g3412.t1;Augustus}
70560	70460	INTRON			{GeneMark_model.4363_t;GeneMark},{GlimmerHMM_glimmerT_4092-T1;GlimmerHMM},{Augustus_model.g3412.t1;Augustus}
70649	70561	initial-	4	5	{GeneMark_model.4363_t;GeneMark},{GlimmerHMM_glimmerT_4092-T1;GlimmerHMM},{Augustus_model.g3412.t1;Augustus}

# EVM prediction: Mode:STANDARD S-ratio: 2.46 70878-71862 orient(-) score(3586.00) noncoding_equivalent(1455.00) raw_noncoding(1708.00) offset(253.00) 
71052	70878	terminal-	6	6	{GeneMark_model.4364_t;GeneMark},{GlimmerHMM_glimmerT_4093-T1;GlimmerHMM},{Augustus_model.g3413.t1;Augustus}
71146	71053	INTRON			{GeneMark_model.4364_t;GeneMark},{GlimmerHMM_glimmerT_4093-T1;GlimmerHMM},{Augustus_model.g3413.t1;Augustus},{ev_type:exonerate/ID=match.2566964.3806/Target=lcl|KQ954479_1_prot_KWU44427_1_3184;exonerate}
71301	71147	internal-	4	5	{GeneMark_model.4364_t;GeneMark},{GlimmerHMM_glimmerT_4093-T1;GlimmerHMM},{Augustus_model.g3413.t1;Augustus},{ev_type:exonerate/ID=match.2566964.3806/Target=lcl|KQ954479_1_prot_KWU44427_1_3184;exonerate}
71367	71302	INTRON			{GeneMark_model.4364_t;GeneMark},{GlimmerHMM_glimmerT_4093-T1;GlimmerHMM},{Augustus_model.g3413.t1;Augustus},{ev_type:exonerate/ID=match.2566964.3806/Target=lcl|KQ954479_1_prot_KWU44427_1_3184;exonerate}
71517	71368	internal-	4	6	{GeneMark_model.4364_t;GeneMark},{GlimmerHMM_glimmerT_4093-T1;GlimmerHMM},{Augustus_model.g3413.t1;Augustus}
71598	71518	INTRON			{GeneMark_model.4364_t;GeneMark},{GlimmerHMM_glimmerT_4093-T1;GlimmerHMM},{Augustus_model.g3413.t1;Augustus}
71862	71599	initial-	4	6	{GeneMark_model.4364_t;GeneMark},{GlimmerHMM_glimmerT_4093-T1;GlimmerHMM},{Augustus_model.g3413.t1;Augustus}

# EVM prediction: Mode:STANDARD S-ratio: 4.42 72240-74365 orient(+) score(7387.00) noncoding_equivalent(1672.54) raw_noncoding(1898.00) offset(225.46) 
72240	72440	initial+	1	3	{Augustus_model.g3414.t1;Augustus},{GlimmerHMM_glimmerT_4094-T1;GlimmerHMM},{GeneMark_model.4365_t;GeneMark}
72441	72508	INTRON			{Augustus_model.g3414.t1;Augustus},{GlimmerHMM_glimmerT_4094-T1;GlimmerHMM},{GeneMark_model.4365_t;GeneMark}
72509	72760	internal+	1	3	{Augustus_model.g3414.t1;Augustus},{GlimmerHMM_glimmerT_4094-T1;GlimmerHMM},{GeneMark_model.4365_t;GeneMark}
72761	72831	INTRON			{Augustus_model.g3414.t1;Augustus},{GlimmerHMM_glimmerT_4094-T1;GlimmerHMM},{GeneMark_model.4365_t;GeneMark}
72832	73323	internal+	1	3	{Augustus_model.g3414.t1;Augustus},{GlimmerHMM_glimmerT_4094-T1;GlimmerHMM},{GeneMark_model.4365_t;GeneMark}
73324	73403	INTRON			{Augustus_model.g3414.t1;Augustus},{GlimmerHMM_glimmerT_4094-T1;GlimmerHMM},{GeneMark_model.4365_t;GeneMark}
73404	73521	internal+	1	1	{Augustus_model.g3414.t1;Augustus},{GlimmerHMM_glimmerT_4094-T1;GlimmerHMM},{GeneMark_model.4365_t;GeneMark}
73522	73589	INTRON			{Augustus_model.g3414.t1;Augustus},{GlimmerHMM_glimmerT_4094-T1;GlimmerHMM},{GeneMark_model.4365_t;GeneMark}
73590	74365	terminal+	2	3	{Augustus_model.g3414.t1;Augustus},{GlimmerHMM_glimmerT_4094-T1;GlimmerHMM},{GeneMark_model.4365_t;GeneMark}

# EVM prediction: Mode:STANDARD S-ratio: 6.74 75305-77748 orient(+) score(17240.00) noncoding_equivalent(2557.57) raw_noncoding(3312.93) offset(755.36) 
75305	75402	initial+	1	2	{GeneMark_model.4366_t;GeneMark},{GlimmerHMM_glimmerT_4095-T1;GlimmerHMM},{Augustus_model.g3415.t1;Augustus}
75403	75479	INTRON			{GeneMark_model.4366_t;GeneMark},{GlimmerHMM_glimmerT_4095-T1;GlimmerHMM},{Augustus_model.g3415.t1;Augustus},{ev_type:exonerate/ID=match.2566964.3717/Target=lcl|BJWK01000004_1_prot_GEM08105_1_2122;exonerate},{ev_type:exonerate/ID=match.2566964.3719/Target=lcl|NW_017264946_1_prot_XP_018267785_1_6888;exonerate},{ev_type:exonerate/ID=match.2566964.3708/Target=lcl|PJQD01000032_1_prot_POY73927_1_3049;exonerate},{ev_type:exonerate/ID=match.2566964.3707/Target=lcl|KQ954479_1_prot_KWU44425_1_3182;exonerate}
75480	75534	internal+	3	3	{GeneMark_model.4366_t;GeneMark},{GlimmerHMM_glimmerT_4095-T1;GlimmerHMM},{Augustus_model.g3415.t1;Augustus},{ev_type:exonerate/ID=match.2566964.3717/Target=lcl|BJWK01000004_1_prot_GEM08105_1_2122;exonerate},{ev_type:exonerate/ID=match.2566964.3719/Target=lcl|NW_017264946_1_prot_XP_018267785_1_6888;exonerate},{ev_type:exonerate/ID=match.2566964.3708/Target=lcl|PJQD01000032_1_prot_POY73927_1_3049;exonerate},{ev_type:exonerate/ID=match.2566964.3707/Target=lcl|KQ954479_1_prot_KWU44425_1_3182;exonerate}
75535	75622	INTRON			{GeneMark_model.4366_t;GeneMark},{GlimmerHMM_glimmerT_4095-T1;GlimmerHMM},{Augustus_model.g3415.t1;Augustus},{ev_type:exonerate/ID=match.2566964.3717/Target=lcl|BJWK01000004_1_prot_GEM08105_1_2122;exonerate},{ev_type:exonerate/ID=match.2566964.3719/Target=lcl|NW_017264946_1_prot_XP_018267785_1_6888;exonerate},{ev_type:exonerate/ID=match.2566964.3707/Target=lcl|KQ954479_1_prot_KWU44425_1_3182;exonerate}
75623	75694	internal+	1	3	{GeneMark_model.4366_t;GeneMark},{GlimmerHMM_glimmerT_4095-T1;GlimmerHMM},{Augustus_model.g3415.t1;Augustus},{ev_type:exonerate/ID=match.2566964.3717/Target=lcl|BJWK01000004_1_prot_GEM08105_1_2122;exonerate},{ev_type:exonerate/ID=match.2566964.3719/Target=lcl|NW_017264946_1_prot_XP_018267785_1_6888;exonerate},{ev_type:exonerate/ID=match.2566964.3707/Target=lcl|KQ954479_1_prot_KWU44425_1_3182;exonerate}
75695	75932	INTRON			{GeneMark_model.4366_t;GeneMark},{Augustus_model.g3415.t1;Augustus},{ev_type:exonerate/ID=match.2566964.3717/Target=lcl|BJWK01000004_1_prot_GEM08105_1_2122;exonerate},{ev_type:exonerate/ID=match.2566964.3719/Target=lcl|NW_017264946_1_prot_XP_018267785_1_6888;exonerate},{ev_type:exonerate/ID=match.2566964.3707/Target=lcl|KQ954479_1_prot_KWU44425_1_3182;exonerate}
75933	76219	internal+	1	2	{GeneMark_model.4366_t;GeneMark},{Augustus_model.g3415.t1;Augustus},{ev_type:exonerate/ID=match.2566964.3717/Target=lcl|BJWK01000004_1_prot_GEM08105_1_2122;exonerate},{ev_type:exonerate/ID=match.2566964.3719/Target=lcl|NW_017264946_1_prot_XP_018267785_1_6888;exonerate},{ev_type:exonerate/ID=match.2566964.3707/Target=lcl|KQ954479_1_prot_KWU44425_1_3182;exonerate}
76220	76286	INTRON			{GeneMark_model.4366_t;GeneMark},{GlimmerHMM_glimmerT_4095-T1;GlimmerHMM},{Augustus_model.g3415.t1;Augustus},{ev_type:exonerate/ID=match.2566964.3717/Target=lcl|BJWK01000004_1_prot_GEM08105_1_2122;exonerate},{ev_type:exonerate/ID=match.2566964.3719/Target=lcl|NW_017264946_1_prot_XP_018267785_1_6888;exonerate},{ev_type:exonerate/ID=match.2566964.3708/Target=lcl|PJQD01000032_1_prot_POY73927_1_3049;exonerate},{ev_type:exonerate/ID=match.2566964.3707/Target=lcl|KQ954479_1_prot_KWU44425_1_3182;exonerate}
76287	77142	internal+	3	3	{GeneMark_model.4366_t;GeneMark},{GlimmerHMM_glimmerT_4095-T1;GlimmerHMM},{Augustus_model.g3415.t1;Augustus},{ev_type:exonerate/ID=match.2566964.3717/Target=lcl|BJWK01000004_1_prot_GEM08105_1_2122;exonerate},{ev_type:exonerate/ID=match.2566964.3719/Target=lcl|NW_017264946_1_prot_XP_018267785_1_6888;exonerate},{ev_type:exonerate/ID=match.2566964.3708/Target=lcl|PJQD01000032_1_prot_POY73927_1_3049;exonerate},{ev_type:exonerate/ID=match.2566964.3707/Target=lcl|KQ954479_1_prot_KWU44425_1_3182;exonerate}
77143	77203	INTRON			{GeneMark_model.4366_t;GeneMark},{GlimmerHMM_glimmerT_4095-T1;GlimmerHMM},{Augustus_model.g3415.t1;Augustus},{ev_type:exonerate/ID=match.2566964.3717/Target=lcl|BJWK01000004_1_prot_GEM08105_1_2122;exonerate},{ev_type:exonerate/ID=match.2566964.3719/Target=lcl|NW_017264946_1_prot_XP_018267785_1_6888;exonerate},{ev_type:exonerate/ID=match.2566964.3708/Target=lcl|PJQD01000032_1_prot_POY73927_1_3049;exonerate},{ev_type:exonerate/ID=match.2566964.3707/Target=lcl|KQ954479_1_prot_KWU44425_1_3182;exonerate}
77204	77523	internal+	1	2	{GeneMark_model.4366_t;GeneMark},{GlimmerHMM_glimmerT_4095-T1;GlimmerHMM},{Augustus_model.g3415.t1;Augustus},{ev_type:exonerate/ID=match.2566964.3717/Target=lcl|BJWK01000004_1_prot_GEM08105_1_2122;exonerate},{ev_type:exonerate/ID=match.2566964.3719/Target=lcl|NW_017264946_1_prot_XP_018267785_1_6888;exonerate},{ev_type:exonerate/ID=match.2566964.3708/Target=lcl|PJQD01000032_1_prot_POY73927_1_3049;exonerate},{ev_type:exonerate/ID=match.2566964.3707/Target=lcl|KQ954479_1_prot_KWU44425_1_3182;exonerate}
77524	77600	INTRON			{GeneMark_model.4366_t;GeneMark},{GlimmerHMM_glimmerT_4095-T1;GlimmerHMM},{Augustus_model.g3415.t1;Augustus},{ev_type:exonerate/ID=match.2566964.3717/Target=lcl|BJWK01000004_1_prot_GEM08105_1_2122;exonerate},{ev_type:exonerate/ID=match.2566964.3719/Target=lcl|NW_017264946_1_prot_XP_018267785_1_6888;exonerate},{ev_type:exonerate/ID=match.2566964.3708/Target=lcl|PJQD01000032_1_prot_POY73927_1_3049;exonerate},{ev_type:exonerate/ID=match.2566964.3707/Target=lcl|KQ954479_1_prot_KWU44425_1_3182;exonerate}
77601	77748	terminal+	3	3	{GeneMark_model.4366_t;GeneMark},{GlimmerHMM_glimmerT_4095-T1;GlimmerHMM},{Augustus_model.g3415.t1;Augustus}

# EVM prediction: Mode:STANDARD S-ratio: 2.04 78043-80216 orient(-) score(6082.00) noncoding_equivalent(2988.21) raw_noncoding(4289.00) offset(1300.79) 
78388	78043	terminal-	6	6	{Augustus_model.g3416.t1;Augustus},{GeneMark_model.4367_t;GeneMark},{GlimmerHMM_glimmerT_4096-T1;GlimmerHMM},{snap_scaffold_10-snap.31-T1;snap}
78452	78389	INTRON			{Augustus_model.g3416.t1;Augustus},{GeneMark_model.4367_t;GeneMark},{GlimmerHMM_glimmerT_4096-T1;GlimmerHMM}
78545	78453	internal-	6	5	{Augustus_model.g3416.t1;Augustus},{GeneMark_model.4367_t;GeneMark},{GlimmerHMM_glimmerT_4096-T1;GlimmerHMM}
78613	78546	INTRON			{Augustus_model.g3416.t1;Augustus},{GeneMark_model.4367_t;GeneMark},{GlimmerHMM_glimmerT_4096-T1;GlimmerHMM}
78751	78614	internal-	6	5	{Augustus_model.g3416.t1;Augustus},{GeneMark_model.4367_t;GeneMark},{GlimmerHMM_glimmerT_4096-T1;GlimmerHMM}
78815	78752	INTRON			{Augustus_model.g3416.t1;Augustus},{GeneMark_model.4367_t;GeneMark},{GlimmerHMM_glimmerT_4096-T1;GlimmerHMM}
78981	78816	internal-	5	5	{Augustus_model.g3416.t1;Augustus},{GeneMark_model.4367_t;GeneMark},{GlimmerHMM_glimmerT_4096-T1;GlimmerHMM}
79038	78982	INTRON			{Augustus_model.g3416.t1;Augustus},{GeneMark_model.4367_t;GeneMark}
79066	79039	internal-	4	4	{Augustus_model.g3416.t1;Augustus},{GeneMark_model.4367_t;GeneMark}
79130	79067	INTRON			{Augustus_model.g3416.t1;Augustus},{GeneMark_model.4367_t;GeneMark}
79195	79131	internal-	5	6	{Augustus_model.g3416.t1;Augustus},{GeneMark_model.4367_t;GeneMark}
79260	79196	INTRON			{Augustus_model.g3416.t1;Augustus},{GeneMark_model.4367_t;GeneMark}
79312	79261	internal-	4	4	{Augustus_model.g3416.t1;Augustus},{GeneMark_model.4367_t;GeneMark}
79400	79313	INTRON			{Augustus_model.g3416.t1;Augustus},{GeneMark_model.4367_t;GeneMark}
79417	79401	internal-	5	6	{Augustus_model.g3416.t1;Augustus},{GeneMark_model.4367_t;GeneMark}
79493	79418	INTRON			{Augustus_model.g3416.t1;Augustus},{GeneMark_model.4367_t;GeneMark}
79726	79494	internal-	6	4	{Augustus_model.g3416.t1;Augustus},{GeneMark_model.4367_t;GeneMark}
79811	79727	INTRON			{Augustus_model.g3416.t1;Augustus},{GeneMark_model.4367_t;GeneMark}
79858	79812	internal-	4	5	{Augustus_model.g3416.t1;Augustus},{GeneMark_model.4367_t;GeneMark}
80009	79859	INTRON			{Augustus_model.g3416.t1;Augustus},{GeneMark_model.4367_t;GeneMark}
80216	80010	initial-	4	6	{Augustus_model.g3416.t1;Augustus},{GeneMark_model.4367_t;GeneMark},{GlimmerHMM_glimmerT_4096-T1;GlimmerHMM}

# EVM prediction: Mode:STANDARD S-ratio: 1.00 80777-81377 orient(+) score(1202.00) noncoding_equivalent(1202.00) raw_noncoding(1876.00) offset(674.00) 
80777	80786	initial+	1	1	{GeneMark_model.4368_t;GeneMark},{GlimmerHMM_glimmerT_4097-T1;GlimmerHMM}
80787	81123	INTRON			{GeneMark_model.4368_t;GeneMark},{GlimmerHMM_glimmerT_4097-T1;GlimmerHMM}
81124	81377	terminal+	2	3	{GeneMark_model.4368_t;GeneMark},{GlimmerHMM_glimmerT_4097-T1;GlimmerHMM}

# EVM prediction: Mode:STANDARD S-ratio: 3.48 82126-84878 orient(+) score(9073.00) noncoding_equivalent(2610.53) raw_noncoding(3095.00) offset(484.47) 
82126	82846	initial+	1	1	{GlimmerHMM_glimmerT_4098-T1;GlimmerHMM},{GeneMark_model.4369_t;GeneMark}
82847	82939	INTRON			{GlimmerHMM_glimmerT_4098-T1;GlimmerHMM},{Augustus_model.g3417.t1;Augustus},{GeneMark_model.4369_t;GeneMark}
82940	83286	internal+	2	3	{Augustus_model.g3417.t1;Augustus},{GeneMark_model.4369_t;GeneMark}
83287	83352	INTRON			{Augustus_model.g3417.t1;Augustus},{GeneMark_model.4369_t;GeneMark}
83353	83443	internal+	1	1	{Augustus_model.g3417.t1;Augustus},{GeneMark_model.4369_t;GeneMark}
83444	83507	INTRON			{GlimmerHMM_glimmerT_4098-T1;GlimmerHMM},{Augustus_model.g3417.t1;Augustus},{GeneMark_model.4369_t;GeneMark}
83508	83691	internal+	2	2	{GlimmerHMM_glimmerT_4098-T1;GlimmerHMM},{Augustus_model.g3417.t1;Augustus},{GeneMark_model.4369_t;GeneMark}
83692	83752	INTRON			{GlimmerHMM_glimmerT_4098-T1;GlimmerHMM},{Augustus_model.g3417.t1;Augustus},{GeneMark_model.4369_t;GeneMark}
83753	84096	internal+	3	1	{GlimmerHMM_glimmerT_4098-T1;GlimmerHMM},{Augustus_model.g3417.t1;Augustus},{GeneMark_model.4369_t;GeneMark}
84097	84163	INTRON			{GlimmerHMM_glimmerT_4098-T1;GlimmerHMM},{Augustus_model.g3417.t1;Augustus},{GeneMark_model.4369_t;GeneMark}
84164	84465	internal+	2	3	{GlimmerHMM_glimmerT_4098-T1;GlimmerHMM},{Augustus_model.g3417.t1;Augustus},{GeneMark_model.4369_t;GeneMark}
84466	84529	INTRON			{GlimmerHMM_glimmerT_4098-T1;GlimmerHMM},{Augustus_model.g3417.t1;Augustus},{GeneMark_model.4369_t;GeneMark}
84530	84595	internal+	1	3	{GlimmerHMM_glimmerT_4098-T1;GlimmerHMM},{Augustus_model.g3417.t1;Augustus},{GeneMark_model.4369_t;GeneMark}
84596	84659	INTRON			{GlimmerHMM_glimmerT_4098-T1;GlimmerHMM},{GeneMark_model.4369_t;GeneMark}
84660	84878	terminal+	1	3	{GlimmerHMM_glimmerT_4098-T1;GlimmerHMM},{GeneMark_model.4369_t;GeneMark}

