!! Predictions spanning range 2933 - 52663 [R1]
# EVM prediction: Mode:STANDARD S-ratio: 2.45 2933-3772 orient(-) score(2520.00) noncoding_equivalent(1028.00) raw_noncoding(1128.00) offset(100.00) 
3031	2933	terminal-	4	6	{Augustus_model.g3876.t1;Augustus},{GeneMark_model.4906_t;GeneMark},{GlimmerHMM_glimmerT_4590-T1;GlimmerHMM}
3127	3032	INTRON			{Augustus_model.g3876.t1;Augustus},{GeneMark_model.4906_t;GeneMark},{GlimmerHMM_glimmerT_4590-T1;GlimmerHMM}
3772	3128	initial-	4	6	{Augustus_model.g3876.t1;Augustus},{GeneMark_model.4906_t;GeneMark},{GlimmerHMM_glimmerT_4590-T1;GlimmerHMM}

# EVM prediction: Mode:STANDARD S-ratio: 1.53 4231-5335 orient(-) score(2608.00) noncoding_equivalent(1702.68) raw_noncoding(2751.54) offset(1048.86) 
4324	4231	terminal-	6	6	{GeneMark_model.4907_t;GeneMark},{GlimmerHMM_glimmerT_4591-T1;GlimmerHMM},{Augustus_model.g3877.t1;Augustus}
4386	4325	INTRON			{GeneMark_model.4907_t;GeneMark},{Augustus_model.g3877.t1;Augustus}
4445	4387	internal-	4	5	{GeneMark_model.4907_t;GeneMark},{Augustus_model.g3877.t1;Augustus}
4561	4446	INTRON			{GeneMark_model.4907_t;GeneMark},{Augustus_model.g3877.t1;Augustus}
4625	4562	internal-	6	6	{GeneMark_model.4907_t;GeneMark},{Augustus_model.g3877.t1;Augustus}
4766	4626	INTRON			{GeneMark_model.4907_t;GeneMark},{Augustus_model.g3877.t1;Augustus}
5025	4767	internal-	5	5	{GeneMark_model.4907_t;GeneMark},{GlimmerHMM_glimmerT_4591-T1;GlimmerHMM},{Augustus_model.g3877.t1;Augustus}
5092	5026	INTRON			{GeneMark_model.4907_t;GeneMark},{GlimmerHMM_glimmerT_4591-T1;GlimmerHMM},{Augustus_model.g3877.t1;Augustus}
5189	5093	internal-	4	4	{GeneMark_model.4907_t;GeneMark},{GlimmerHMM_glimmerT_4591-T1;GlimmerHMM},{Augustus_model.g3877.t1;Augustus}
5308	5190	INTRON			{GlimmerHMM_glimmerT_4591-T1;GlimmerHMM}
5335	5309	initial-	4	6	{GlimmerHMM_glimmerT_4591-T1;GlimmerHMM}

# EVM prediction: Mode:STANDARD S-ratio: 3.09 5637-9021 orient(-) score(10796.00) noncoding_equivalent(3495.81) raw_noncoding(3991.33) offset(495.52) 
5975	5637	terminal-	4	6	{GeneMark_model.4908_t;GeneMark},{GlimmerHMM_glimmerT_4592-T1;GlimmerHMM}
6036	5976	INTRON			{GeneMark_model.4908_t;GeneMark},{GlimmerHMM_glimmerT_4592-T1;GlimmerHMM},{Augustus_model.g3877.t1;Augustus}
6130	6037	internal-	6	6	{GeneMark_model.4908_t;GeneMark},{GlimmerHMM_glimmerT_4592-T1;GlimmerHMM},{Augustus_model.g3877.t1;Augustus}
6202	6131	INTRON			{GeneMark_model.4908_t;GeneMark},{GlimmerHMM_glimmerT_4592-T1;GlimmerHMM},{Augustus_model.g3877.t1;Augustus}
6458	6203	internal-	5	5	{GlimmerHMM_glimmerT_4592-T1;GlimmerHMM}
6521	6459	INTRON			{GeneMark_model.4908_t;GeneMark},{GlimmerHMM_glimmerT_4592-T1;GlimmerHMM},{Augustus_model.g3877.t1;Augustus}
6789	6522	internal-	4	4	{GeneMark_model.4908_t;GeneMark},{GlimmerHMM_glimmerT_4592-T1;GlimmerHMM},{Augustus_model.g3877.t1;Augustus}
6848	6790	INTRON			{GeneMark_model.4908_t;GeneMark},{GlimmerHMM_glimmerT_4592-T1;GlimmerHMM},{Augustus_model.g3877.t1;Augustus}
7057	6849	internal-	5	6	{GeneMark_model.4908_t;GeneMark},{GlimmerHMM_glimmerT_4592-T1;GlimmerHMM},{Augustus_model.g3877.t1;Augustus}
7121	7058	INTRON			{GeneMark_model.4908_t;GeneMark},{GlimmerHMM_glimmerT_4592-T1;GlimmerHMM},{Augustus_model.g3877.t1;Augustus}
7140	7122	internal-	4	4	{GeneMark_model.4908_t;GeneMark},{GlimmerHMM_glimmerT_4592-T1;GlimmerHMM},{Augustus_model.g3877.t1;Augustus}
7205	7141	INTRON			{GeneMark_model.4908_t;GeneMark},{Augustus_model.g3877.t1;Augustus}
7450	7206	internal-	5	6	{GeneMark_model.4908_t;GeneMark},{Augustus_model.g3877.t1;Augustus}
7522	7451	INTRON			{GeneMark_model.4908_t;GeneMark},{GlimmerHMM_glimmerT_4592-T1;GlimmerHMM},{Augustus_model.g3877.t1;Augustus}
8517	7523	internal-	6	4	{GeneMark_model.4908_t;GeneMark},{GlimmerHMM_glimmerT_4592-T1;GlimmerHMM}
8584	8518	INTRON			{GeneMark_model.4908_t;GeneMark},{GlimmerHMM_glimmerT_4592-T1;GlimmerHMM}
9021	8585	initial-	4	5	{GeneMark_model.4908_t;GeneMark},{GlimmerHMM_glimmerT_4592-T1;GlimmerHMM}

# EVM prediction: Mode:STANDARD S-ratio: 10.47 9232-12425 orient(+) score(11878.00) noncoding_equivalent(1134.18) raw_noncoding(1388.00) offset(253.82) 
9232	9364	initial+	1	1	{Augustus_model.g3878.t1;Augustus},{GlimmerHMM_glimmerT_4593-T1;GlimmerHMM},{GeneMark_model.4909_t;GeneMark}
9365	9425	INTRON			{Augustus_model.g3878.t1;Augustus},{GeneMark_model.4909_t;GeneMark}
9426	9665	internal+	2	1	{Augustus_model.g3878.t1;Augustus},{GeneMark_model.4909_t;GeneMark}
9666	9727	INTRON			{Augustus_model.g3878.t1;Augustus},{GlimmerHMM_glimmerT_4593-T1;GlimmerHMM},{GeneMark_model.4909_t;GeneMark}
9728	10002	internal+	2	3	{Augustus_model.g3878.t1;Augustus},{GlimmerHMM_glimmerT_4593-T1;GlimmerHMM},{GeneMark_model.4909_t;GeneMark}
10003	10064	INTRON			{Augustus_model.g3878.t1;Augustus},{GlimmerHMM_glimmerT_4593-T1;GlimmerHMM},{GeneMark_model.4909_t;GeneMark}
10065	12425	terminal+	1	3	{Augustus_model.g3878.t1;Augustus},{GlimmerHMM_glimmerT_4593-T1;GlimmerHMM},{snap_scaffold_11-snap.174-T1;snap},{GeneMark_model.4909_t;GeneMark}

# EVM prediction: Mode:STANDARD S-ratio: 2.22 12574-13608 orient(-) score(2978.00) noncoding_equivalent(1338.74) raw_noncoding(1620.00) offset(281.26) 
12673	12574	terminal-	6	6	{GlimmerHMM_glimmerT_4594-T1;GlimmerHMM},{Augustus_model.g3879.t1;Augustus}
12726	12674	INTRON			{Augustus_model.g3879.t1;Augustus}
13162	12727	internal-	5	5	{Augustus_model.g3879.t1;Augustus}
13228	13163	INTRON			{GeneMark_model.4910_t;GeneMark},{GlimmerHMM_glimmerT_4594-T1;GlimmerHMM},{Augustus_model.g3879.t1;Augustus}
13375	13229	internal-	5	4	{GeneMark_model.4910_t;GeneMark},{GlimmerHMM_glimmerT_4594-T1;GlimmerHMM},{Augustus_model.g3879.t1;Augustus}
13454	13376	INTRON			{GeneMark_model.4910_t;GeneMark},{GlimmerHMM_glimmerT_4594-T1;GlimmerHMM},{Augustus_model.g3879.t1;Augustus}
13608	13455	initial-	4	4	{GeneMark_model.4910_t;GeneMark},{GlimmerHMM_glimmerT_4594-T1;GlimmerHMM},{Augustus_model.g3879.t1;Augustus}

# EVM prediction: Mode:STANDARD S-ratio: 3.61 13734-15495 orient(+) score(6025.00) noncoding_equivalent(1669.87) raw_noncoding(2035.00) offset(365.13) 
13734	13793	initial+	1	3	{Augustus_model.g3880.t1;Augustus},{GlimmerHMM_glimmerT_4595-T1;GlimmerHMM},{GeneMark_model.4911_t;GeneMark}
13794	13848	INTRON			{Augustus_model.g3880.t1;Augustus},{GeneMark_model.4911_t;GeneMark}
13849	13904	internal+	1	2	{Augustus_model.g3880.t1;Augustus},{GeneMark_model.4911_t;GeneMark}
13905	13977	INTRON			{Augustus_model.g3880.t1;Augustus},{GeneMark_model.4911_t;GeneMark}
13978	14225	internal+	3	1	{Augustus_model.g3880.t1;Augustus},{GeneMark_model.4911_t;GeneMark}
14226	14321	INTRON			{snap_scaffold_11-snap.175-T1;snap},{Augustus_model.g3880.t1;Augustus},{GlimmerHMM_glimmerT_4595-T1;GlimmerHMM},{GeneMark_model.4911_t;GeneMark}
14322	15172	internal+	2	3	{Augustus_model.g3880.t1;Augustus},{GlimmerHMM_glimmerT_4595-T1;GlimmerHMM},{GeneMark_model.4911_t;GeneMark}
15173	15244	INTRON			{Augustus_model.g3880.t1;Augustus},{GlimmerHMM_glimmerT_4595-T1;GlimmerHMM},{GeneMark_model.4911_t;GeneMark}
15245	15305	internal+	1	1	{Augustus_model.g3880.t1;Augustus},{GlimmerHMM_glimmerT_4595-T1;GlimmerHMM},{GeneMark_model.4911_t;GeneMark}
15306	15373	INTRON			{Augustus_model.g3880.t1;Augustus},{GlimmerHMM_glimmerT_4595-T1;GlimmerHMM},{GeneMark_model.4911_t;GeneMark}
15374	15495	terminal+	2	3	{Augustus_model.g3880.t1;Augustus},{GlimmerHMM_glimmerT_4595-T1;GlimmerHMM},{GeneMark_model.4911_t;GeneMark}

# EVM prediction: Mode:STANDARD S-ratio: 32.78 15727-19392 orient(-) score(14226.00) noncoding_equivalent(434.00) raw_noncoding(438.00) offset(4.00) 
17535	15727	terminal-	4	6	{GeneMark_model.4912_t;GeneMark},{GlimmerHMM_glimmerT_4596-T1;GlimmerHMM}
17598	17536	INTRON			{GeneMark_model.4912_t;GeneMark},{GlimmerHMM_glimmerT_4596-T1;GlimmerHMM}
19392	17599	initial-	4	6	{GeneMark_model.4912_t;GeneMark},{GlimmerHMM_glimmerT_4596-T1;GlimmerHMM}

# EVM prediction: Mode:STANDARD S-ratio: 3.13 19861-22229 orient(-) score(7734.00) noncoding_equivalent(2468.33) raw_noncoding(3218.00) offset(749.67) 
20275	19861	terminal-	6	6	{snap_scaffold_11-snap.177-T1;snap},{GlimmerHMM_glimmerT_4597-T1;GlimmerHMM},{GeneMark_model.4913_t;GeneMark},{Augustus_model.g3882.t1;Augustus}
20340	20276	INTRON			{GlimmerHMM_glimmerT_4597-T1;GlimmerHMM},{GeneMark_model.4913_t;GeneMark},{Augustus_model.g3882.t1;Augustus}
20443	20341	internal-	5	5	{GlimmerHMM_glimmerT_4597-T1;GlimmerHMM},{GeneMark_model.4913_t;GeneMark},{Augustus_model.g3882.t1;Augustus}
20502	20444	INTRON			{GlimmerHMM_glimmerT_4597-T1;GlimmerHMM},{GeneMark_model.4913_t;GeneMark},{Augustus_model.g3882.t1;Augustus}
20670	20503	internal-	5	4	{GlimmerHMM_glimmerT_4597-T1;GlimmerHMM},{GeneMark_model.4913_t;GeneMark},{Augustus_model.g3882.t1;Augustus}
20731	20671	INTRON			{GlimmerHMM_glimmerT_4597-T1;GlimmerHMM},{GeneMark_model.4913_t;GeneMark},{Augustus_model.g3882.t1;Augustus}
21055	20732	internal-	5	4	{GlimmerHMM_glimmerT_4597-T1;GlimmerHMM},{GeneMark_model.4913_t;GeneMark},{Augustus_model.g3882.t1;Augustus}
21116	21056	INTRON			{GlimmerHMM_glimmerT_4597-T1;GlimmerHMM},{GeneMark_model.4913_t;GeneMark},{Augustus_model.g3882.t1;Augustus}
21300	21117	internal-	4	4	{GlimmerHMM_glimmerT_4597-T1;GlimmerHMM},{GeneMark_model.4913_t;GeneMark},{Augustus_model.g3882.t1;Augustus}
21361	21301	INTRON			{GlimmerHMM_glimmerT_4597-T1;GlimmerHMM},{GeneMark_model.4913_t;GeneMark},{Augustus_model.g3882.t1;Augustus}
21491	21362	internal-	6	6	{GlimmerHMM_glimmerT_4597-T1;GlimmerHMM},{GeneMark_model.4913_t;GeneMark},{Augustus_model.g3882.t1;Augustus}
21562	21492	INTRON			{GlimmerHMM_glimmerT_4597-T1;GlimmerHMM},{GeneMark_model.4913_t;GeneMark},{Augustus_model.g3882.t1;Augustus}
21827	21563	internal-	5	5	{GlimmerHMM_glimmerT_4597-T1;GlimmerHMM},{GeneMark_model.4913_t;GeneMark},{Augustus_model.g3882.t1;Augustus}
21893	21828	INTRON			{GeneMark_model.4913_t;GeneMark},{Augustus_model.g3882.t1;Augustus}
21947	21894	internal-	5	4	{GeneMark_model.4913_t;GeneMark},{Augustus_model.g3882.t1;Augustus}
22043	21948	INTRON			{GeneMark_model.4913_t;GeneMark},{Augustus_model.g3882.t1;Augustus}
22074	22044	internal-	4	4	{GeneMark_model.4913_t;GeneMark},{Augustus_model.g3882.t1;Augustus}
22142	22075	INTRON			{GeneMark_model.4913_t;GeneMark},{Augustus_model.g3882.t1;Augustus}
22229	22143	initial-	4	6	{GeneMark_model.4913_t;GeneMark}

# EVM prediction: Mode:STANDARD S-ratio: 3.75 22751-24445 orient(-) score(5566.00) noncoding_equivalent(1483.03) raw_noncoding(1867.02) offset(383.99) 
22935	22751	terminal-	5	6	{GlimmerHMM_glimmerT_4598-T1;GlimmerHMM}
23003	22936	INTRON			{Augustus_model.g3882.t1;Augustus}
23224	23004	internal-	6	4	{Augustus_model.g3882.t1;Augustus}
23289	23225	INTRON			{GlimmerHMM_glimmerT_4598-T1;GlimmerHMM},{GeneMark_model.4914_t;GeneMark},{Augustus_model.g3882.t1;Augustus}
23552	23290	internal-	4	5	{GeneMark_model.4914_t;GeneMark},{Augustus_model.g3882.t1;Augustus}
23615	23553	INTRON			{GeneMark_model.4914_t;GeneMark},{Augustus_model.g3882.t1;Augustus}
24161	23616	internal-	4	6	{GeneMark_model.4914_t;GeneMark},{Augustus_model.g3882.t1;Augustus}
24304	24162	INTRON			{GlimmerHMM_glimmerT_4598-T1;GlimmerHMM},{GeneMark_model.4914_t;GeneMark},{Augustus_model.g3882.t1;Augustus}
24445	24305	initial-	4	6	{GlimmerHMM_glimmerT_4598-T1;GlimmerHMM},{GeneMark_model.4914_t;GeneMark},{Augustus_model.g3882.t1;Augustus}

# EVM prediction: Mode:STANDARD S-ratio: 2.45 24723-25766 orient(-) score(3132.00) noncoding_equivalent(1276.00) raw_noncoding(1404.00) offset(128.00) 
24781	24723	terminal-	5	6	{Augustus_model.g3883.t1;Augustus},{GlimmerHMM_glimmerT_4599-T1;GlimmerHMM},{GeneMark_model.4915_t;GeneMark}
24840	24782	INTRON			{Augustus_model.g3883.t1;Augustus},{GlimmerHMM_glimmerT_4599-T1;GlimmerHMM},{GeneMark_model.4915_t;GeneMark}
25392	24841	internal-	5	4	{Augustus_model.g3883.t1;Augustus},{GlimmerHMM_glimmerT_4599-T1;GlimmerHMM},{GeneMark_model.4915_t;GeneMark}
25453	25393	INTRON			{Augustus_model.g3883.t1;Augustus},{GlimmerHMM_glimmerT_4599-T1;GlimmerHMM},{GeneMark_model.4915_t;GeneMark}
25766	25454	initial-	4	4	{Augustus_model.g3883.t1;Augustus},{GlimmerHMM_glimmerT_4599-T1;GlimmerHMM},{GeneMark_model.4915_t;GeneMark}

# EVM prediction: Mode:STANDARD S-ratio: 3.80 26974-29199 orient(+) score(11598.00) noncoding_equivalent(3051.14) raw_noncoding(4353.00) offset(1301.86) 
26974	26987	initial+	1	2	{Augustus_model.g3884.t1;Augustus},{GlimmerHMM_glimmerT_4601-T1;GlimmerHMM},{GeneMark_model.4916_t;GeneMark}
26988	27050	INTRON			{Augustus_model.g3884.t1;Augustus},{GeneMark_model.4916_t;GeneMark}
27051	27059	internal+	3	2	{Augustus_model.g3884.t1;Augustus},{GeneMark_model.4916_t;GeneMark}
27060	27168	INTRON			{Augustus_model.g3884.t1;Augustus},{GeneMark_model.4916_t;GeneMark}
27169	27231	internal+	3	2	{Augustus_model.g3884.t1;Augustus},{GlimmerHMM_glimmerT_4601-T1;GlimmerHMM},{GeneMark_model.4916_t;GeneMark}
27232	27300	INTRON			{Augustus_model.g3884.t1;Augustus},{GlimmerHMM_glimmerT_4601-T1;GlimmerHMM},{GeneMark_model.4916_t;GeneMark},{ev_type:exonerate/ID=match.2566964.3911/Target=lcl|PJQD01000005_1_prot_POY76444_1_4879;exonerate},{ev_type:exonerate/ID=match.2566964.3910/Target=lcl|KQ954474_1_prot_KWU45142_1_2604;exonerate},{ev_type:exonerate/ID=match.2566964.3914/Target=lcl|BJWK01000020_1_prot_GEM12383_1_6400;exonerate}
27301	27350	internal+	3	1	{Augustus_model.g3884.t1;Augustus},{GeneMark_model.4916_t;GeneMark},{ev_type:exonerate/ID=match.2566964.3911/Target=lcl|PJQD01000005_1_prot_POY76444_1_4879;exonerate},{ev_type:exonerate/ID=match.2566964.3910/Target=lcl|KQ954474_1_prot_KWU45142_1_2604;exonerate},{ev_type:exonerate/ID=match.2566964.3914/Target=lcl|BJWK01000020_1_prot_GEM12383_1_6400;exonerate}
27351	27417	INTRON			{Augustus_model.g3884.t1;Augustus},{GeneMark_model.4916_t;GeneMark},{ev_type:exonerate/ID=match.2566964.3911/Target=lcl|PJQD01000005_1_prot_POY76444_1_4879;exonerate},{ev_type:exonerate/ID=match.2566964.3910/Target=lcl|KQ954474_1_prot_KWU45142_1_2604;exonerate},{ev_type:exonerate/ID=match.2566964.3914/Target=lcl|BJWK01000020_1_prot_GEM12383_1_6400;exonerate}
27418	27448	internal+	2	2	{Augustus_model.g3884.t1;Augustus},{GlimmerHMM_glimmerT_4601-T1;GlimmerHMM},{GeneMark_model.4916_t;GeneMark},{ev_type:exonerate/ID=match.2566964.3911/Target=lcl|PJQD01000005_1_prot_POY76444_1_4879;exonerate},{ev_type:exonerate/ID=match.2566964.3910/Target=lcl|KQ954474_1_prot_KWU45142_1_2604;exonerate},{ev_type:exonerate/ID=match.2566964.3914/Target=lcl|BJWK01000020_1_prot_GEM12383_1_6400;exonerate}
27449	27532	INTRON			{Augustus_model.g3884.t1;Augustus},{GlimmerHMM_glimmerT_4601-T1;GlimmerHMM},{GeneMark_model.4916_t;GeneMark},{ev_type:exonerate/ID=match.2566964.3911/Target=lcl|PJQD01000005_1_prot_POY76444_1_4879;exonerate},{ev_type:exonerate/ID=match.2566964.3910/Target=lcl|KQ954474_1_prot_KWU45142_1_2604;exonerate},{ev_type:exonerate/ID=match.2566964.3914/Target=lcl|BJWK01000020_1_prot_GEM12383_1_6400;exonerate}
27533	27688	internal+	3	2	{Augustus_model.g3884.t1;Augustus},{GlimmerHMM_glimmerT_4601-T1;GlimmerHMM},{GeneMark_model.4916_t;GeneMark},{ev_type:exonerate/ID=match.2566964.3911/Target=lcl|PJQD01000005_1_prot_POY76444_1_4879;exonerate},{ev_type:exonerate/ID=match.2566964.3910/Target=lcl|KQ954474_1_prot_KWU45142_1_2604;exonerate},{ev_type:exonerate/ID=match.2566964.3914/Target=lcl|BJWK01000020_1_prot_GEM12383_1_6400;exonerate}
27689	27758	INTRON			{Augustus_model.g3884.t1;Augustus},{GlimmerHMM_glimmerT_4601-T1;GlimmerHMM},{GeneMark_model.4916_t;GeneMark},{ev_type:exonerate/ID=match.2566964.3911/Target=lcl|PJQD01000005_1_prot_POY76444_1_4879;exonerate},{ev_type:exonerate/ID=match.2566964.3910/Target=lcl|KQ954474_1_prot_KWU45142_1_2604;exonerate},{ev_type:exonerate/ID=match.2566964.3914/Target=lcl|BJWK01000020_1_prot_GEM12383_1_6400;exonerate}
27759	27874	internal+	3	1	{Augustus_model.g3884.t1;Augustus},{GlimmerHMM_glimmerT_4601-T1;GlimmerHMM},{GeneMark_model.4916_t;GeneMark},{ev_type:exonerate/ID=match.2566964.3911/Target=lcl|PJQD01000005_1_prot_POY76444_1_4879;exonerate},{ev_type:exonerate/ID=match.2566964.3910/Target=lcl|KQ954474_1_prot_KWU45142_1_2604;exonerate},{ev_type:exonerate/ID=match.2566964.3914/Target=lcl|BJWK01000020_1_prot_GEM12383_1_6400;exonerate}
27875	27942	INTRON			{Augustus_model.g3884.t1;Augustus},{GlimmerHMM_glimmerT_4601-T1;GlimmerHMM},{GeneMark_model.4916_t;GeneMark},{ev_type:exonerate/ID=match.2566964.3911/Target=lcl|PJQD01000005_1_prot_POY76444_1_4879;exonerate},{ev_type:exonerate/ID=match.2566964.3910/Target=lcl|KQ954474_1_prot_KWU45142_1_2604;exonerate},{ev_type:exonerate/ID=match.2566964.3914/Target=lcl|BJWK01000020_1_prot_GEM12383_1_6400;exonerate}
27943	28042	internal+	2	2	{Augustus_model.g3884.t1;Augustus},{GlimmerHMM_glimmerT_4601-T1;GlimmerHMM},{GeneMark_model.4916_t;GeneMark},{ev_type:exonerate/ID=match.2566964.3911/Target=lcl|PJQD01000005_1_prot_POY76444_1_4879;exonerate},{ev_type:exonerate/ID=match.2566964.3910/Target=lcl|KQ954474_1_prot_KWU45142_1_2604;exonerate},{ev_type:exonerate/ID=match.2566964.3914/Target=lcl|BJWK01000020_1_prot_GEM12383_1_6400;exonerate}
28043	28107	INTRON			{GlimmerHMM_glimmerT_4601-T1;GlimmerHMM},{GeneMark_model.4916_t;GeneMark},{ev_type:exonerate/ID=match.2566964.3911/Target=lcl|PJQD01000005_1_prot_POY76444_1_4879;exonerate},{ev_type:exonerate/ID=match.2566964.3910/Target=lcl|KQ954474_1_prot_KWU45142_1_2604;exonerate},{ev_type:exonerate/ID=match.2566964.3914/Target=lcl|BJWK01000020_1_prot_GEM12383_1_6400;exonerate}
28108	28459	internal+	3	3	{GlimmerHMM_glimmerT_4601-T1;GlimmerHMM},{GeneMark_model.4916_t;GeneMark}
28460	28527	INTRON			{GeneMark_model.4916_t;GeneMark}
28528	28540	internal+	1	1	{GeneMark_model.4916_t;GeneMark}
28541	28587	INTRON			{GeneMark_model.4916_t;GeneMark}
28588	28629	internal+	2	1	{Augustus_model.g3884.t1;Augustus},{GeneMark_model.4916_t;GeneMark}
28630	28685	INTRON			{Augustus_model.g3884.t1;Augustus},{GeneMark_model.4916_t;GeneMark}
28686	28815	internal+	2	2	{Augustus_model.g3884.t1;Augustus},{GeneMark_model.4916_t;GeneMark},{ev_type:exonerate/ID=match.2566964.3910/Target=lcl|KQ954474_1_prot_KWU45142_1_2604;exonerate}
28816	28879	INTRON			{Augustus_model.g3884.t1;Augustus},{GlimmerHMM_glimmerT_4601-T1;GlimmerHMM},{GeneMark_model.4916_t;GeneMark},{ev_type:exonerate/ID=match.2566964.3911/Target=lcl|PJQD01000005_1_prot_POY76444_1_4879;exonerate},{ev_type:exonerate/ID=match.2566964.3910/Target=lcl|KQ954474_1_prot_KWU45142_1_2604;exonerate},{ev_type:exonerate/ID=match.2566964.3914/Target=lcl|BJWK01000020_1_prot_GEM12383_1_6400;exonerate}
28880	29124	internal+	3	1	{Augustus_model.g3884.t1;Augustus},{GlimmerHMM_glimmerT_4601-T1;GlimmerHMM},{GeneMark_model.4916_t;GeneMark}
29125	29188	INTRON			{Augustus_model.g3884.t1;Augustus},{GlimmerHMM_glimmerT_4601-T1;GlimmerHMM},{GeneMark_model.4916_t;GeneMark}
29189	29199	terminal+	2	3	{Augustus_model.g3884.t1;Augustus},{GlimmerHMM_glimmerT_4601-T1;GlimmerHMM},{GeneMark_model.4916_t;GeneMark}

# EVM prediction: Mode:STANDARD S-ratio: 2.00 29782-30470 orient(-) score(1784.00) noncoding_equivalent(889.82) raw_noncoding(1098.00) offset(208.18) 
29927	29782	terminal-	5	6	{Augustus_model.g3885.t1;Augustus},{GlimmerHMM_glimmerT_4602-T1;GlimmerHMM},{GeneMark_model.4917_t;GeneMark}
29990	29928	INTRON			{Augustus_model.g3885.t1;Augustus},{GeneMark_model.4917_t;GeneMark}
30264	29991	internal-	4	4	{Augustus_model.g3885.t1;Augustus}
30305	30265	INTRON			{Augustus_model.g3885.t1;Augustus}
30470	30306	initial-	4	6	{Augustus_model.g3885.t1;Augustus},{GlimmerHMM_glimmerT_4602-T1;GlimmerHMM},{GeneMark_model.4917_t;GeneMark}

# EVM prediction: Mode:STANDARD S-ratio: 2.48 31654-32796 orient(+) score(4869.00) noncoding_equivalent(1964.09) raw_noncoding(2535.12) offset(571.03) 
31654	31719	initial+	1	3	{Augustus_model.g3887.t1;Augustus},{GeneMark_model.4919_t;GeneMark},{GlimmerHMM_glimmerT_4603-T1;GlimmerHMM}
31720	32065	INTRON			{Augustus_model.g3887.t1;Augustus},{GeneMark_model.4919_t;GeneMark},{GlimmerHMM_glimmerT_4603-T1;GlimmerHMM},{ev_type:exonerate/ID=match.2566964.3935/Target=lcl|PJQD01000005_1_prot_POY76276_1_4712;exonerate}
32066	32150	internal+	1	1	{Augustus_model.g3887.t1;Augustus},{GeneMark_model.4919_t;GeneMark},{GlimmerHMM_glimmerT_4603-T1;GlimmerHMM},{ev_type:exonerate/ID=match.2566964.3935/Target=lcl|PJQD01000005_1_prot_POY76276_1_4712;exonerate}
32151	32306	INTRON			{Augustus_model.g3887.t1;Augustus},{GeneMark_model.4919_t;GeneMark},{GlimmerHMM_glimmerT_4603-T1;GlimmerHMM},{ev_type:exonerate/ID=match.2566964.3935/Target=lcl|PJQD01000005_1_prot_POY76276_1_4712;exonerate}
32307	32425	internal+	2	3	{Augustus_model.g3887.t1;Augustus},{GeneMark_model.4919_t;GeneMark},{GlimmerHMM_glimmerT_4603-T1;GlimmerHMM},{ev_type:exonerate/ID=match.2566964.3935/Target=lcl|PJQD01000005_1_prot_POY76276_1_4712;exonerate}
32426	32490	INTRON			{Augustus_model.g3887.t1;Augustus},{GeneMark_model.4919_t;GeneMark},{GlimmerHMM_glimmerT_4603-T1;GlimmerHMM},{ev_type:exonerate/ID=match.2566964.3935/Target=lcl|PJQD01000005_1_prot_POY76276_1_4712;exonerate}
32491	32796	terminal+	1	3	{GeneMark_model.4919_t;GeneMark},{GlimmerHMM_glimmerT_4603-T1;GlimmerHMM},{snap_scaffold_11-snap.182-T1;snap}

# EVM prediction: Mode:STANDARD S-ratio: 6.22 33144-35424 orient(+) score(16714.00) noncoding_equivalent(2688.34) raw_noncoding(3201.00) offset(512.66) 
33144	33233	initial+	1	3	{GeneMark_model.4920_t;GeneMark},{GlimmerHMM_glimmerT_4604-T1;GlimmerHMM}
33234	33300	INTRON			{Augustus_model.g3887.t1;Augustus},{GeneMark_model.4920_t;GeneMark},{GlimmerHMM_glimmerT_4604-T1;GlimmerHMM},{ev_type:exonerate/ID=match.2566964.3886/Target=lcl|PJQD01000005_1_prot_POY76426_1_4861;exonerate},{ev_type:exonerate/ID=match.2566964.3887/Target=lcl|KQ954474_1_prot_KWU45139_1_2601;exonerate},{ev_type:exonerate/ID=match.2566964.3893/Target=lcl|BJWK01000020_1_prot_GEM12338_1_6355;exonerate},{ev_type:exonerate/ID=match.2566964.3892/Target=lcl|LCTV02000003_1_prot_PRQ75821_1_4475;exonerate}
33301	33417	internal+	1	3	{Augustus_model.g3887.t1;Augustus},{GeneMark_model.4920_t;GeneMark},{GlimmerHMM_glimmerT_4604-T1;GlimmerHMM},{ev_type:exonerate/ID=match.2566964.3886/Target=lcl|PJQD01000005_1_prot_POY76426_1_4861;exonerate},{ev_type:exonerate/ID=match.2566964.3887/Target=lcl|KQ954474_1_prot_KWU45139_1_2601;exonerate},{ev_type:exonerate/ID=match.2566964.3893/Target=lcl|BJWK01000020_1_prot_GEM12338_1_6355;exonerate},{ev_type:exonerate/ID=match.2566964.3892/Target=lcl|LCTV02000003_1_prot_PRQ75821_1_4475;exonerate}
33418	33527	INTRON			{Augustus_model.g3887.t1;Augustus},{GeneMark_model.4920_t;GeneMark},{GlimmerHMM_glimmerT_4604-T1;GlimmerHMM},{ev_type:exonerate/ID=match.2566964.3886/Target=lcl|PJQD01000005_1_prot_POY76426_1_4861;exonerate},{ev_type:exonerate/ID=match.2566964.3887/Target=lcl|KQ954474_1_prot_KWU45139_1_2601;exonerate},{ev_type:exonerate/ID=match.2566964.3893/Target=lcl|BJWK01000020_1_prot_GEM12338_1_6355;exonerate},{ev_type:exonerate/ID=match.2566964.3892/Target=lcl|LCTV02000003_1_prot_PRQ75821_1_4475;exonerate}
33528	33664	internal+	1	2	{Augustus_model.g3887.t1;Augustus},{GeneMark_model.4920_t;GeneMark},{GlimmerHMM_glimmerT_4604-T1;GlimmerHMM},{ev_type:exonerate/ID=match.2566964.3886/Target=lcl|PJQD01000005_1_prot_POY76426_1_4861;exonerate},{ev_type:exonerate/ID=match.2566964.3887/Target=lcl|KQ954474_1_prot_KWU45139_1_2601;exonerate},{ev_type:exonerate/ID=match.2566964.3893/Target=lcl|BJWK01000020_1_prot_GEM12338_1_6355;exonerate},{ev_type:exonerate/ID=match.2566964.3892/Target=lcl|LCTV02000003_1_prot_PRQ75821_1_4475;exonerate}
33665	33744	INTRON			{Augustus_model.g3887.t1;Augustus},{GeneMark_model.4920_t;GeneMark},{GlimmerHMM_glimmerT_4604-T1;GlimmerHMM},{ev_type:exonerate/ID=match.2566964.3886/Target=lcl|PJQD01000005_1_prot_POY76426_1_4861;exonerate},{ev_type:exonerate/ID=match.2566964.3887/Target=lcl|KQ954474_1_prot_KWU45139_1_2601;exonerate},{ev_type:exonerate/ID=match.2566964.3893/Target=lcl|BJWK01000020_1_prot_GEM12338_1_6355;exonerate},{ev_type:exonerate/ID=match.2566964.3892/Target=lcl|LCTV02000003_1_prot_PRQ75821_1_4475;exonerate}
33745	33907	internal+	3	3	{Augustus_model.g3887.t1;Augustus},{GeneMark_model.4920_t;GeneMark},{GlimmerHMM_glimmerT_4604-T1;GlimmerHMM},{ev_type:exonerate/ID=match.2566964.3886/Target=lcl|PJQD01000005_1_prot_POY76426_1_4861;exonerate},{ev_type:exonerate/ID=match.2566964.3887/Target=lcl|KQ954474_1_prot_KWU45139_1_2601;exonerate},{ev_type:exonerate/ID=match.2566964.3893/Target=lcl|BJWK01000020_1_prot_GEM12338_1_6355;exonerate},{ev_type:exonerate/ID=match.2566964.3892/Target=lcl|LCTV02000003_1_prot_PRQ75821_1_4475;exonerate}
33908	33969	INTRON			{Augustus_model.g3887.t1;Augustus},{GeneMark_model.4920_t;GeneMark},{GlimmerHMM_glimmerT_4604-T1;GlimmerHMM},{ev_type:exonerate/ID=match.2566964.3886/Target=lcl|PJQD01000005_1_prot_POY76426_1_4861;exonerate},{ev_type:exonerate/ID=match.2566964.3887/Target=lcl|KQ954474_1_prot_KWU45139_1_2601;exonerate},{ev_type:exonerate/ID=match.2566964.3893/Target=lcl|BJWK01000020_1_prot_GEM12338_1_6355;exonerate},{ev_type:exonerate/ID=match.2566964.3892/Target=lcl|LCTV02000003_1_prot_PRQ75821_1_4475;exonerate}
33970	34128	internal+	1	3	{Augustus_model.g3887.t1;Augustus},{GeneMark_model.4920_t;GeneMark},{GlimmerHMM_glimmerT_4604-T1;GlimmerHMM},{ev_type:exonerate/ID=match.2566964.3886/Target=lcl|PJQD01000005_1_prot_POY76426_1_4861;exonerate},{ev_type:exonerate/ID=match.2566964.3887/Target=lcl|KQ954474_1_prot_KWU45139_1_2601;exonerate},{ev_type:exonerate/ID=match.2566964.3893/Target=lcl|BJWK01000020_1_prot_GEM12338_1_6355;exonerate},{ev_type:exonerate/ID=match.2566964.3892/Target=lcl|LCTV02000003_1_prot_PRQ75821_1_4475;exonerate}
34129	34219	INTRON			{Augustus_model.g3887.t1;Augustus},{GeneMark_model.4920_t;GeneMark},{GlimmerHMM_glimmerT_4604-T1;GlimmerHMM},{ev_type:exonerate/ID=match.2566964.3886/Target=lcl|PJQD01000005_1_prot_POY76426_1_4861;exonerate},{ev_type:exonerate/ID=match.2566964.3887/Target=lcl|KQ954474_1_prot_KWU45139_1_2601;exonerate},{ev_type:exonerate/ID=match.2566964.3893/Target=lcl|BJWK01000020_1_prot_GEM12338_1_6355;exonerate},{ev_type:exonerate/ID=match.2566964.3892/Target=lcl|LCTV02000003_1_prot_PRQ75821_1_4475;exonerate}
34220	34336	internal+	1	3	{Augustus_model.g3887.t1;Augustus},{GeneMark_model.4920_t;GeneMark},{GlimmerHMM_glimmerT_4604-T1;GlimmerHMM},{ev_type:exonerate/ID=match.2566964.3886/Target=lcl|PJQD01000005_1_prot_POY76426_1_4861;exonerate},{ev_type:exonerate/ID=match.2566964.3887/Target=lcl|KQ954474_1_prot_KWU45139_1_2601;exonerate},{ev_type:exonerate/ID=match.2566964.3893/Target=lcl|BJWK01000020_1_prot_GEM12338_1_6355;exonerate},{ev_type:exonerate/ID=match.2566964.3892/Target=lcl|LCTV02000003_1_prot_PRQ75821_1_4475;exonerate}
34337	34397	INTRON			{Augustus_model.g3887.t1;Augustus},{GeneMark_model.4920_t;GeneMark},{GlimmerHMM_glimmerT_4604-T1;GlimmerHMM},{ev_type:exonerate/ID=match.2566964.3886/Target=lcl|PJQD01000005_1_prot_POY76426_1_4861;exonerate},{ev_type:exonerate/ID=match.2566964.3887/Target=lcl|KQ954474_1_prot_KWU45139_1_2601;exonerate},{ev_type:exonerate/ID=match.2566964.3893/Target=lcl|BJWK01000020_1_prot_GEM12338_1_6355;exonerate},{ev_type:exonerate/ID=match.2566964.3892/Target=lcl|LCTV02000003_1_prot_PRQ75821_1_4475;exonerate}
34398	35019	internal+	1	1	{Augustus_model.g3887.t1;Augustus},{GeneMark_model.4920_t;GeneMark},{GlimmerHMM_glimmerT_4604-T1;GlimmerHMM},{ev_type:exonerate/ID=match.2566964.3886/Target=lcl|PJQD01000005_1_prot_POY76426_1_4861;exonerate},{ev_type:exonerate/ID=match.2566964.3887/Target=lcl|KQ954474_1_prot_KWU45139_1_2601;exonerate},{ev_type:exonerate/ID=match.2566964.3893/Target=lcl|BJWK01000020_1_prot_GEM12338_1_6355;exonerate},{ev_type:exonerate/ID=match.2566964.3892/Target=lcl|LCTV02000003_1_prot_PRQ75821_1_4475;exonerate}
35020	35096	INTRON			{Augustus_model.g3887.t1;Augustus},{GeneMark_model.4920_t;GeneMark},{GlimmerHMM_glimmerT_4604-T1;GlimmerHMM},{ev_type:exonerate/ID=match.2566964.3886/Target=lcl|PJQD01000005_1_prot_POY76426_1_4861;exonerate},{ev_type:exonerate/ID=match.2566964.3887/Target=lcl|KQ954474_1_prot_KWU45139_1_2601;exonerate},{ev_type:exonerate/ID=match.2566964.3893/Target=lcl|BJWK01000020_1_prot_GEM12338_1_6355;exonerate},{ev_type:exonerate/ID=match.2566964.3892/Target=lcl|LCTV02000003_1_prot_PRQ75821_1_4475;exonerate}
35097	35124	internal+	2	2	{Augustus_model.g3887.t1;Augustus},{GeneMark_model.4920_t;GeneMark},{GlimmerHMM_glimmerT_4604-T1;GlimmerHMM},{ev_type:exonerate/ID=match.2566964.3886/Target=lcl|PJQD01000005_1_prot_POY76426_1_4861;exonerate},{ev_type:exonerate/ID=match.2566964.3887/Target=lcl|KQ954474_1_prot_KWU45139_1_2601;exonerate},{ev_type:exonerate/ID=match.2566964.3893/Target=lcl|BJWK01000020_1_prot_GEM12338_1_6355;exonerate},{ev_type:exonerate/ID=match.2566964.3892/Target=lcl|LCTV02000003_1_prot_PRQ75821_1_4475;exonerate}
35125	35189	INTRON			{Augustus_model.g3887.t1;Augustus},{GeneMark_model.4920_t;GeneMark},{GlimmerHMM_glimmerT_4604-T1;GlimmerHMM},{ev_type:exonerate/ID=match.2566964.3886/Target=lcl|PJQD01000005_1_prot_POY76426_1_4861;exonerate},{ev_type:exonerate/ID=match.2566964.3887/Target=lcl|KQ954474_1_prot_KWU45139_1_2601;exonerate},{ev_type:exonerate/ID=match.2566964.3893/Target=lcl|BJWK01000020_1_prot_GEM12338_1_6355;exonerate},{ev_type:exonerate/ID=match.2566964.3892/Target=lcl|LCTV02000003_1_prot_PRQ75821_1_4475;exonerate}
35190	35298	internal+	3	3	{Augustus_model.g3887.t1;Augustus},{GeneMark_model.4920_t;GeneMark},{ev_type:exonerate/ID=match.2566964.3886/Target=lcl|PJQD01000005_1_prot_POY76426_1_4861;exonerate},{ev_type:exonerate/ID=match.2566964.3887/Target=lcl|KQ954474_1_prot_KWU45139_1_2601;exonerate},{ev_type:exonerate/ID=match.2566964.3893/Target=lcl|BJWK01000020_1_prot_GEM12338_1_6355;exonerate},{ev_type:exonerate/ID=match.2566964.3892/Target=lcl|LCTV02000003_1_prot_PRQ75821_1_4475;exonerate}
35299	35364	INTRON			{Augustus_model.g3887.t1;Augustus},{GeneMark_model.4920_t;GeneMark},{ev_type:exonerate/ID=match.2566964.3886/Target=lcl|PJQD01000005_1_prot_POY76426_1_4861;exonerate},{ev_type:exonerate/ID=match.2566964.3887/Target=lcl|KQ954474_1_prot_KWU45139_1_2601;exonerate},{ev_type:exonerate/ID=match.2566964.3893/Target=lcl|BJWK01000020_1_prot_GEM12338_1_6355;exonerate},{ev_type:exonerate/ID=match.2566964.3892/Target=lcl|LCTV02000003_1_prot_PRQ75821_1_4475;exonerate}
35365	35424	terminal+	1	3	{Augustus_model.g3887.t1;Augustus},{GeneMark_model.4920_t;GeneMark}

# EVM prediction: Mode:STANDARD S-ratio: 2.16 35510-37241 orient(-) score(4818.00) noncoding_equivalent(2228.73) raw_noncoding(2779.00) offset(550.27) 
35534	35510	terminal-	6	6	{Augustus_model.g3888.t1;Augustus},{GlimmerHMM_glimmerT_4605-T1;GlimmerHMM}
35708	35535	INTRON			{Augustus_model.g3888.t1;Augustus},{GlimmerHMM_glimmerT_4605-T1;GlimmerHMM}
35890	35709	internal-	4	5	{Augustus_model.g3888.t1;Augustus},{GlimmerHMM_glimmerT_4605-T1;GlimmerHMM}
35950	35891	INTRON			{Augustus_model.g3888.t1;Augustus},{GeneMark_model.4921_t;GeneMark}
36013	35951	internal-	4	6	{Augustus_model.g3888.t1;Augustus},{GeneMark_model.4921_t;GeneMark}
36069	36014	INTRON			{Augustus_model.g3888.t1;Augustus},{GeneMark_model.4921_t;GeneMark}
36315	36070	internal-	4	6	{Augustus_model.g3888.t1;Augustus},{GeneMark_model.4921_t;GeneMark},{GlimmerHMM_glimmerT_4605-T1;GlimmerHMM}
36377	36316	INTRON			{Augustus_model.g3888.t1;Augustus},{GeneMark_model.4921_t;GeneMark},{GlimmerHMM_glimmerT_4605-T1;GlimmerHMM}
37241	36378	initial-	4	6	{GlimmerHMM_glimmerT_4605-T1;GlimmerHMM}

# EVM prediction: Mode:STANDARD S-ratio: 1.79 38729-40481 orient(+) score(5059.00) noncoding_equivalent(2829.00) raw_noncoding(3616.00) offset(787.00) 
38729	38815	initial+	1	3	{GlimmerHMM_glimmerT_4606-T1;GlimmerHMM},{Augustus_model.g3889.t1;Augustus},{GeneMark_model.4922_t;GeneMark}
38816	38884	INTRON			{Augustus_model.g3889.t1;Augustus},{GeneMark_model.4922_t;GeneMark}
38885	39083	internal+	1	1	{Augustus_model.g3889.t1;Augustus},{GeneMark_model.4922_t;GeneMark}
39084	39151	INTRON			{GlimmerHMM_glimmerT_4606-T1;GlimmerHMM},{Augustus_model.g3889.t1;Augustus},{GeneMark_model.4922_t;GeneMark}
39152	39222	internal+	2	3	{Augustus_model.g3889.t1;Augustus},{GeneMark_model.4922_t;GeneMark}
39223	39288	INTRON			{Augustus_model.g3889.t1;Augustus},{GeneMark_model.4922_t;GeneMark}
39289	39435	internal+	1	3	{Augustus_model.g3889.t1;Augustus},{GeneMark_model.4922_t;GeneMark}
39436	39500	INTRON			{GlimmerHMM_glimmerT_4606-T1;GlimmerHMM},{Augustus_model.g3889.t1;Augustus},{GeneMark_model.4922_t;GeneMark}
39501	39548	internal+	1	3	{Augustus_model.g3889.t1;Augustus},{GeneMark_model.4922_t;GeneMark}
39549	39613	INTRON			{Augustus_model.g3889.t1;Augustus},{GeneMark_model.4922_t;GeneMark}
39614	39662	internal+	1	1	{GlimmerHMM_glimmerT_4606-T1;GlimmerHMM},{Augustus_model.g3889.t1;Augustus},{GeneMark_model.4922_t;GeneMark}
39663	39723	INTRON			{GlimmerHMM_glimmerT_4606-T1;GlimmerHMM},{Augustus_model.g3889.t1;Augustus},{GeneMark_model.4922_t;GeneMark}
39724	39805	internal+	2	2	{GlimmerHMM_glimmerT_4606-T1;GlimmerHMM},{Augustus_model.g3889.t1;Augustus},{GeneMark_model.4922_t;GeneMark}
39806	39867	INTRON			{GlimmerHMM_glimmerT_4606-T1;GlimmerHMM},{Augustus_model.g3889.t1;Augustus},{GeneMark_model.4922_t;GeneMark}
39868	39884	internal+	3	1	{GlimmerHMM_glimmerT_4606-T1;GlimmerHMM},{Augustus_model.g3889.t1;Augustus},{GeneMark_model.4922_t;GeneMark}
39885	39954	INTRON			{GlimmerHMM_glimmerT_4606-T1;GlimmerHMM},{Augustus_model.g3889.t1;Augustus},{GeneMark_model.4922_t;GeneMark}
39955	40089	internal+	2	1	{GlimmerHMM_glimmerT_4606-T1;GlimmerHMM},{Augustus_model.g3889.t1;Augustus},{GeneMark_model.4922_t;GeneMark}
40090	40159	INTRON			{GlimmerHMM_glimmerT_4606-T1;GlimmerHMM},{Augustus_model.g3889.t1;Augustus},{GeneMark_model.4922_t;GeneMark}
40160	40270	internal+	2	1	{GlimmerHMM_glimmerT_4606-T1;GlimmerHMM},{Augustus_model.g3889.t1;Augustus},{GeneMark_model.4922_t;GeneMark}
40271	40329	INTRON			{GlimmerHMM_glimmerT_4606-T1;GlimmerHMM},{Augustus_model.g3889.t1;Augustus},{GeneMark_model.4922_t;GeneMark}
40330	40481	terminal+	2	3	{GlimmerHMM_glimmerT_4606-T1;GlimmerHMM},{Augustus_model.g3889.t1;Augustus},{GeneMark_model.4922_t;GeneMark}

# EVM prediction: Mode:STANDARD S-ratio: 2.88 40787-42635 orient(+) score(6174.00) noncoding_equivalent(2145.93) raw_noncoding(2806.70) offset(660.77) 
40787	41281	initial+	1	3	{GlimmerHMM_glimmerT_4607-T1;GlimmerHMM},{Augustus_model.g3890.t1;Augustus},{GeneMark_model.4923_t;GeneMark}
41282	41355	INTRON			{GlimmerHMM_glimmerT_4607-T1;GlimmerHMM},{Augustus_model.g3890.t1;Augustus},{GeneMark_model.4923_t;GeneMark}
41356	41423	internal+	1	2	{GlimmerHMM_glimmerT_4607-T1;GlimmerHMM},{Augustus_model.g3890.t1;Augustus},{GeneMark_model.4923_t;GeneMark}
41424	41491	INTRON			{GlimmerHMM_glimmerT_4607-T1;GlimmerHMM},{Augustus_model.g3890.t1;Augustus},{GeneMark_model.4923_t;GeneMark}
41492	41533	internal+	3	2	{GlimmerHMM_glimmerT_4607-T1;GlimmerHMM},{Augustus_model.g3890.t1;Augustus},{GeneMark_model.4923_t;GeneMark}
41534	41603	INTRON			{Augustus_model.g3890.t1;Augustus},{GeneMark_model.4923_t;GeneMark}
41604	41642	internal+	3	2	{Augustus_model.g3890.t1;Augustus},{GeneMark_model.4923_t;GeneMark}
41643	41720	INTRON			{Augustus_model.g3890.t1;Augustus},{GeneMark_model.4923_t;GeneMark}
41721	41797	internal+	3	1	{GlimmerHMM_glimmerT_4607-T1;GlimmerHMM},{Augustus_model.g3890.t1;Augustus},{GeneMark_model.4923_t;GeneMark}
41798	41874	INTRON			{GlimmerHMM_glimmerT_4607-T1;GlimmerHMM},{Augustus_model.g3890.t1;Augustus},{GeneMark_model.4923_t;GeneMark}
41875	41945	internal+	2	3	{GlimmerHMM_glimmerT_4607-T1;GlimmerHMM},{Augustus_model.g3890.t1;Augustus},{GeneMark_model.4923_t;GeneMark}
41946	42027	INTRON			{GlimmerHMM_glimmerT_4607-T1;GlimmerHMM},{Augustus_model.g3890.t1;Augustus},{GeneMark_model.4923_t;GeneMark}
42028	42104	internal+	1	2	{GlimmerHMM_glimmerT_4607-T1;GlimmerHMM},{Augustus_model.g3890.t1;Augustus},{GeneMark_model.4923_t;GeneMark}
42105	42184	INTRON			{GlimmerHMM_glimmerT_4607-T1;GlimmerHMM},{Augustus_model.g3890.t1;Augustus},{GeneMark_model.4923_t;GeneMark}
42185	42337	internal+	3	2	{GlimmerHMM_glimmerT_4607-T1;GlimmerHMM},{Augustus_model.g3890.t1;Augustus},{GeneMark_model.4923_t;GeneMark}
42338	42433	INTRON			{GlimmerHMM_glimmerT_4607-T1;GlimmerHMM},{Augustus_model.g3890.t1;Augustus},{GeneMark_model.4923_t;GeneMark}
42434	42635	terminal+	3	3	{GlimmerHMM_glimmerT_4607-T1;GlimmerHMM},{Augustus_model.g3890.t1;Augustus},{GeneMark_model.4923_t;GeneMark}

# EVM prediction: Mode:STANDARD S-ratio: 2.61 42869-43918 orient(-) score(5101.00) noncoding_equivalent(1958.00) raw_noncoding(3144.00) offset(1186.00) 
42940	42869	terminal-	4	6	{GeneMark_model.4924_t;GeneMark},{HiQ_model.g3891.t1;HiQ},{GlimmerHMM_glimmerT_4608-T1;GlimmerHMM}
43021	42941	INTRON			{GeneMark_model.4924_t;GeneMark},{HiQ_model.g3891.t1;HiQ},{GlimmerHMM_glimmerT_4608-T1;GlimmerHMM},{ev_type:exonerate/ID=match.2566964.3476/Target=lcl|KQ954502_1_prot_KWU42680_1_4913;exonerate}
43087	43022	internal-	4	6	{HiQ_model.g3891.t1;HiQ},{ev_type:exonerate/ID=match.2566964.3476/Target=lcl|KQ954502_1_prot_KWU42680_1_4913;exonerate}
43160	43088	INTRON			{HiQ_model.g3891.t1;HiQ},{ev_type:exonerate/ID=match.2566964.3476/Target=lcl|KQ954502_1_prot_KWU42680_1_4913;exonerate}
43188	43161	internal-	6	6	{GeneMark_model.4924_t;GeneMark},{HiQ_model.g3891.t1;HiQ},{GlimmerHMM_glimmerT_4608-T1;GlimmerHMM},{ev_type:exonerate/ID=match.2566964.3476/Target=lcl|KQ954502_1_prot_KWU42680_1_4913;exonerate}
43265	43189	INTRON			{GeneMark_model.4924_t;GeneMark},{HiQ_model.g3891.t1;HiQ},{GlimmerHMM_glimmerT_4608-T1;GlimmerHMM},{ev_type:exonerate/ID=match.2566964.3476/Target=lcl|KQ954502_1_prot_KWU42680_1_4913;exonerate}
43316	43266	internal-	6	5	{GeneMark_model.4924_t;GeneMark},{HiQ_model.g3891.t1;HiQ},{GlimmerHMM_glimmerT_4608-T1;GlimmerHMM},{ev_type:exonerate/ID=match.2566964.3476/Target=lcl|KQ954502_1_prot_KWU42680_1_4913;exonerate}
43385	43317	INTRON			{GeneMark_model.4924_t;GeneMark},{HiQ_model.g3891.t1;HiQ},{GlimmerHMM_glimmerT_4608-T1;GlimmerHMM},{ev_type:exonerate/ID=match.2566964.3476/Target=lcl|KQ954502_1_prot_KWU42680_1_4913;exonerate}
43482	43386	internal-	5	5	{GeneMark_model.4924_t;GeneMark},{HiQ_model.g3891.t1;HiQ},{GlimmerHMM_glimmerT_4608-T1;GlimmerHMM},{ev_type:exonerate/ID=match.2566964.3476/Target=lcl|KQ954502_1_prot_KWU42680_1_4913;exonerate}
43552	43483	INTRON			{GeneMark_model.4924_t;GeneMark},{HiQ_model.g3891.t1;HiQ},{GlimmerHMM_glimmerT_4608-T1;GlimmerHMM},{ev_type:exonerate/ID=match.2566964.3476/Target=lcl|KQ954502_1_prot_KWU42680_1_4913;exonerate}
43627	43553	internal-	5	4	{GeneMark_model.4924_t;GeneMark},{HiQ_model.g3891.t1;HiQ},{GlimmerHMM_glimmerT_4608-T1;GlimmerHMM},{ev_type:exonerate/ID=match.2566964.3476/Target=lcl|KQ954502_1_prot_KWU42680_1_4913;exonerate}
43709	43628	INTRON			{GeneMark_model.4924_t;GeneMark},{HiQ_model.g3891.t1;HiQ},{GlimmerHMM_glimmerT_4608-T1;GlimmerHMM},{ev_type:exonerate/ID=match.2566964.3476/Target=lcl|KQ954502_1_prot_KWU42680_1_4913;exonerate}
43793	43710	internal-	5	4	{GeneMark_model.4924_t;GeneMark},{HiQ_model.g3891.t1;HiQ},{GlimmerHMM_glimmerT_4608-T1;GlimmerHMM},{ev_type:exonerate/ID=match.2566964.3476/Target=lcl|KQ954502_1_prot_KWU42680_1_4913;exonerate}
43887	43794	INTRON			{GeneMark_model.4924_t;GeneMark},{HiQ_model.g3891.t1;HiQ},{GlimmerHMM_glimmerT_4608-T1;GlimmerHMM},{ev_type:exonerate/ID=match.2566964.3476/Target=lcl|KQ954502_1_prot_KWU42680_1_4913;exonerate}
43918	43888	initial-	4	4	{GeneMark_model.4924_t;GeneMark},{HiQ_model.g3891.t1;HiQ},{GlimmerHMM_glimmerT_4608-T1;GlimmerHMM}

# EVM prediction: Mode:STANDARD S-ratio: 4.57 44508-47021 orient(+) score(15535.00) noncoding_equivalent(3397.00) raw_noncoding(4140.00) offset(743.00) 
44508	44647	initial+	1	2	{Augustus_model.g3892.t1;Augustus},{GeneMark_model.4925_t;GeneMark},{GlimmerHMM_glimmerT_4609-T1;GlimmerHMM}
44648	44712	INTRON			{Augustus_model.g3892.t1;Augustus},{GeneMark_model.4925_t;GeneMark},{GlimmerHMM_glimmerT_4609-T1;GlimmerHMM},{ev_type:exonerate/ID=match.2566964.3808/Target=lcl|KQ954502_1_prot_KWU42681_1_4914;exonerate},{ev_type:exonerate/ID=match.2566964.3799/Target=lcl|PJQD01000005_1_prot_POY76454_1_4889;exonerate},{ev_type:exonerate/ID=match.2566964.3801/Target=lcl|LCTV02000016_1_prot_PRQ70157_1_3021;exonerate}
44713	44815	internal+	3	3	{Augustus_model.g3892.t1;Augustus},{GeneMark_model.4925_t;GeneMark},{GlimmerHMM_glimmerT_4609-T1;GlimmerHMM},{ev_type:exonerate/ID=match.2566964.3808/Target=lcl|KQ954502_1_prot_KWU42681_1_4914;exonerate},{ev_type:exonerate/ID=match.2566964.3799/Target=lcl|PJQD01000005_1_prot_POY76454_1_4889;exonerate},{ev_type:exonerate/ID=match.2566964.3801/Target=lcl|LCTV02000016_1_prot_PRQ70157_1_3021;exonerate}
44816	44949	INTRON			{Augustus_model.g3892.t1;Augustus},{GeneMark_model.4925_t;GeneMark},{GlimmerHMM_glimmerT_4609-T1;GlimmerHMM},{ev_type:exonerate/ID=match.2566964.3808/Target=lcl|KQ954502_1_prot_KWU42681_1_4914;exonerate},{ev_type:exonerate/ID=match.2566964.3799/Target=lcl|PJQD01000005_1_prot_POY76454_1_4889;exonerate},{ev_type:exonerate/ID=match.2566964.3801/Target=lcl|LCTV02000016_1_prot_PRQ70157_1_3021;exonerate}
44950	44965	internal+	1	1	{Augustus_model.g3892.t1;Augustus},{GeneMark_model.4925_t;GeneMark},{GlimmerHMM_glimmerT_4609-T1;GlimmerHMM},{ev_type:exonerate/ID=match.2566964.3808/Target=lcl|KQ954502_1_prot_KWU42681_1_4914;exonerate},{ev_type:exonerate/ID=match.2566964.3799/Target=lcl|PJQD01000005_1_prot_POY76454_1_4889;exonerate},{ev_type:exonerate/ID=match.2566964.3801/Target=lcl|LCTV02000016_1_prot_PRQ70157_1_3021;exonerate}
44966	45040	INTRON			{Augustus_model.g3892.t1;Augustus},{GeneMark_model.4925_t;GeneMark},{GlimmerHMM_glimmerT_4609-T1;GlimmerHMM},{ev_type:exonerate/ID=match.2566964.3808/Target=lcl|KQ954502_1_prot_KWU42681_1_4914;exonerate},{ev_type:exonerate/ID=match.2566964.3799/Target=lcl|PJQD01000005_1_prot_POY76454_1_4889;exonerate},{ev_type:exonerate/ID=match.2566964.3801/Target=lcl|LCTV02000016_1_prot_PRQ70157_1_3021;exonerate}
45041	45187	internal+	2	1	{Augustus_model.g3892.t1;Augustus},{GeneMark_model.4925_t;GeneMark},{GlimmerHMM_glimmerT_4609-T1;GlimmerHMM},{ev_type:exonerate/ID=match.2566964.3799/Target=lcl|PJQD01000005_1_prot_POY76454_1_4889;exonerate},{ev_type:exonerate/ID=match.2566964.3801/Target=lcl|LCTV02000016_1_prot_PRQ70157_1_3021;exonerate}
45188	45268	INTRON			{Augustus_model.g3892.t1;Augustus},{GeneMark_model.4925_t;GeneMark},{GlimmerHMM_glimmerT_4609-T1;GlimmerHMM},{ev_type:exonerate/ID=match.2566964.3799/Target=lcl|PJQD01000005_1_prot_POY76454_1_4889;exonerate},{ev_type:exonerate/ID=match.2566964.3801/Target=lcl|LCTV02000016_1_prot_PRQ70157_1_3021;exonerate}
45269	45388	internal+	2	1	{Augustus_model.g3892.t1;Augustus},{GeneMark_model.4925_t;GeneMark},{GlimmerHMM_glimmerT_4609-T1;GlimmerHMM},{ev_type:exonerate/ID=match.2566964.3808/Target=lcl|KQ954502_1_prot_KWU42681_1_4914;exonerate},{ev_type:exonerate/ID=match.2566964.3799/Target=lcl|PJQD01000005_1_prot_POY76454_1_4889;exonerate},{ev_type:exonerate/ID=match.2566964.3801/Target=lcl|LCTV02000016_1_prot_PRQ70157_1_3021;exonerate}
45389	45452	INTRON			{Augustus_model.g3892.t1;Augustus},{GeneMark_model.4925_t;GeneMark},{GlimmerHMM_glimmerT_4609-T1;GlimmerHMM},{ev_type:exonerate/ID=match.2566964.3808/Target=lcl|KQ954502_1_prot_KWU42681_1_4914;exonerate},{ev_type:exonerate/ID=match.2566964.3799/Target=lcl|PJQD01000005_1_prot_POY76454_1_4889;exonerate},{ev_type:exonerate/ID=match.2566964.3801/Target=lcl|LCTV02000016_1_prot_PRQ70157_1_3021;exonerate}
45453	45702	internal+	2	2	{Augustus_model.g3892.t1;Augustus},{GeneMark_model.4925_t;GeneMark},{GlimmerHMM_glimmerT_4609-T1;GlimmerHMM},{ev_type:exonerate/ID=match.2566964.3808/Target=lcl|KQ954502_1_prot_KWU42681_1_4914;exonerate},{ev_type:exonerate/ID=match.2566964.3799/Target=lcl|PJQD01000005_1_prot_POY76454_1_4889;exonerate},{ev_type:exonerate/ID=match.2566964.3801/Target=lcl|LCTV02000016_1_prot_PRQ70157_1_3021;exonerate}
45703	45759	INTRON			{Augustus_model.g3892.t1;Augustus},{snap_scaffold_11-snap.186-T1;snap},{GeneMark_model.4925_t;GeneMark},{GlimmerHMM_glimmerT_4609-T1;GlimmerHMM},{ev_type:exonerate/ID=match.2566964.3808/Target=lcl|KQ954502_1_prot_KWU42681_1_4914;exonerate},{ev_type:exonerate/ID=match.2566964.3799/Target=lcl|PJQD01000005_1_prot_POY76454_1_4889;exonerate},{ev_type:exonerate/ID=match.2566964.3801/Target=lcl|LCTV02000016_1_prot_PRQ70157_1_3021;exonerate}
45760	46363	internal+	3	3	{Augustus_model.g3892.t1;Augustus},{GeneMark_model.4925_t;GeneMark},{ev_type:exonerate/ID=match.2566964.3808/Target=lcl|KQ954502_1_prot_KWU42681_1_4914;exonerate},{ev_type:exonerate/ID=match.2566964.3799/Target=lcl|PJQD01000005_1_prot_POY76454_1_4889;exonerate},{ev_type:exonerate/ID=match.2566964.3801/Target=lcl|LCTV02000016_1_prot_PRQ70157_1_3021;exonerate}
46364	46431	INTRON			{Augustus_model.g3892.t1;Augustus},{GeneMark_model.4925_t;GeneMark},{ev_type:exonerate/ID=match.2566964.3808/Target=lcl|KQ954502_1_prot_KWU42681_1_4914;exonerate},{ev_type:exonerate/ID=match.2566964.3799/Target=lcl|PJQD01000005_1_prot_POY76454_1_4889;exonerate},{ev_type:exonerate/ID=match.2566964.3801/Target=lcl|LCTV02000016_1_prot_PRQ70157_1_3021;exonerate}
46432	46504	internal+	1	1	{Augustus_model.g3892.t1;Augustus},{GeneMark_model.4925_t;GeneMark},{GlimmerHMM_glimmerT_4609-T1;GlimmerHMM},{ev_type:exonerate/ID=match.2566964.3808/Target=lcl|KQ954502_1_prot_KWU42681_1_4914;exonerate},{ev_type:exonerate/ID=match.2566964.3799/Target=lcl|PJQD01000005_1_prot_POY76454_1_4889;exonerate},{ev_type:exonerate/ID=match.2566964.3801/Target=lcl|LCTV02000016_1_prot_PRQ70157_1_3021;exonerate}
46505	46575	INTRON			{Augustus_model.g3892.t1;Augustus},{GeneMark_model.4925_t;GeneMark},{GlimmerHMM_glimmerT_4609-T1;GlimmerHMM},{ev_type:exonerate/ID=match.2566964.3808/Target=lcl|KQ954502_1_prot_KWU42681_1_4914;exonerate},{ev_type:exonerate/ID=match.2566964.3799/Target=lcl|PJQD01000005_1_prot_POY76454_1_4889;exonerate},{ev_type:exonerate/ID=match.2566964.3801/Target=lcl|LCTV02000016_1_prot_PRQ70157_1_3021;exonerate}
46576	46732	internal+	2	2	{Augustus_model.g3892.t1;Augustus},{GeneMark_model.4925_t;GeneMark},{GlimmerHMM_glimmerT_4609-T1;GlimmerHMM},{ev_type:exonerate/ID=match.2566964.3808/Target=lcl|KQ954502_1_prot_KWU42681_1_4914;exonerate},{ev_type:exonerate/ID=match.2566964.3799/Target=lcl|PJQD01000005_1_prot_POY76454_1_4889;exonerate},{ev_type:exonerate/ID=match.2566964.3801/Target=lcl|LCTV02000016_1_prot_PRQ70157_1_3021;exonerate}
46733	46806	INTRON			{Augustus_model.g3892.t1;Augustus},{GeneMark_model.4925_t;GeneMark},{GlimmerHMM_glimmerT_4609-T1;GlimmerHMM},{ev_type:exonerate/ID=match.2566964.3808/Target=lcl|KQ954502_1_prot_KWU42681_1_4914;exonerate},{ev_type:exonerate/ID=match.2566964.3799/Target=lcl|PJQD01000005_1_prot_POY76454_1_4889;exonerate},{ev_type:exonerate/ID=match.2566964.3801/Target=lcl|LCTV02000016_1_prot_PRQ70157_1_3021;exonerate}
46807	46831	internal+	3	3	{Augustus_model.g3892.t1;Augustus},{GeneMark_model.4925_t;GeneMark},{GlimmerHMM_glimmerT_4609-T1;GlimmerHMM},{ev_type:exonerate/ID=match.2566964.3808/Target=lcl|KQ954502_1_prot_KWU42681_1_4914;exonerate},{ev_type:exonerate/ID=match.2566964.3799/Target=lcl|PJQD01000005_1_prot_POY76454_1_4889;exonerate},{ev_type:exonerate/ID=match.2566964.3801/Target=lcl|LCTV02000016_1_prot_PRQ70157_1_3021;exonerate}
46832	46919	INTRON			{Augustus_model.g3892.t1;Augustus},{GeneMark_model.4925_t;GeneMark},{GlimmerHMM_glimmerT_4609-T1;GlimmerHMM},{ev_type:exonerate/ID=match.2566964.3808/Target=lcl|KQ954502_1_prot_KWU42681_1_4914;exonerate},{ev_type:exonerate/ID=match.2566964.3799/Target=lcl|PJQD01000005_1_prot_POY76454_1_4889;exonerate},{ev_type:exonerate/ID=match.2566964.3801/Target=lcl|LCTV02000016_1_prot_PRQ70157_1_3021;exonerate}
46920	47021	terminal+	1	3	{Augustus_model.g3892.t1;Augustus},{GeneMark_model.4925_t;GeneMark},{GlimmerHMM_glimmerT_4609-T1;GlimmerHMM}

# EVM prediction: Mode:STANDARD S-ratio: 4.89 47464-52663 orient(-) score(18325.00) noncoding_equivalent(3749.94) raw_noncoding(4363.00) offset(613.06) 
47827	47464	terminal-	6	6	{Augustus_model.g3893.t1;Augustus},{snap_scaffold_11-snap.187-T1;snap},{GlimmerHMM_glimmerT_4610-T1;GlimmerHMM},{GeneMark_model.4926_t;GeneMark}
47894	47828	INTRON			{Augustus_model.g3893.t1;Augustus},{GlimmerHMM_glimmerT_4610-T1;GlimmerHMM},{GeneMark_model.4926_t;GeneMark}
48031	47895	internal-	4	5	{Augustus_model.g3893.t1;Augustus},{GlimmerHMM_glimmerT_4610-T1;GlimmerHMM},{GeneMark_model.4926_t;GeneMark}
48096	48032	INTRON			{Augustus_model.g3893.t1;Augustus},{GlimmerHMM_glimmerT_4610-T1;GlimmerHMM},{GeneMark_model.4926_t;GeneMark}
49464	48097	internal-	4	6	{GlimmerHMM_glimmerT_4610-T1;GlimmerHMM},{GeneMark_model.4926_t;GeneMark}
49528	49465	INTRON			{Augustus_model.g3893.t1;Augustus},{GlimmerHMM_glimmerT_4610-T1;GlimmerHMM},{GeneMark_model.4926_t;GeneMark}
49637	49529	internal-	6	6	{Augustus_model.g3893.t1;Augustus},{GlimmerHMM_glimmerT_4610-T1;GlimmerHMM},{GeneMark_model.4926_t;GeneMark}
49703	49638	INTRON			{Augustus_model.g3893.t1;Augustus},{GlimmerHMM_glimmerT_4610-T1;GlimmerHMM},{GeneMark_model.4926_t;GeneMark}
49731	49704	internal-	5	5	{Augustus_model.g3893.t1;Augustus},{GlimmerHMM_glimmerT_4610-T1;GlimmerHMM},{GeneMark_model.4926_t;GeneMark}
49793	49732	INTRON			{Augustus_model.g3893.t1;Augustus},{GlimmerHMM_glimmerT_4610-T1;GlimmerHMM},{GeneMark_model.4926_t;GeneMark}
49883	49794	internal-	5	4	{Augustus_model.g3893.t1;Augustus},{GlimmerHMM_glimmerT_4610-T1;GlimmerHMM},{GeneMark_model.4926_t;GeneMark}
49951	49884	INTRON			{Augustus_model.g3893.t1;Augustus},{GlimmerHMM_glimmerT_4610-T1;GlimmerHMM},{GeneMark_model.4926_t;GeneMark}
50178	49952	internal-	6	4	{Augustus_model.g3893.t1;Augustus},{GlimmerHMM_glimmerT_4610-T1;GlimmerHMM},{GeneMark_model.4926_t;GeneMark}
50240	50179	INTRON			{Augustus_model.g3893.t1;Augustus},{GlimmerHMM_glimmerT_4610-T1;GlimmerHMM},{GeneMark_model.4926_t;GeneMark}
50404	50241	internal-	4	5	{Augustus_model.g3893.t1;Augustus},{GlimmerHMM_glimmerT_4610-T1;GlimmerHMM},{GeneMark_model.4926_t;GeneMark}
50475	50405	INTRON			{Augustus_model.g3893.t1;Augustus},{GlimmerHMM_glimmerT_4610-T1;GlimmerHMM},{GeneMark_model.4926_t;GeneMark}
51741	50476	internal-	4	6	{Augustus_model.g3893.t1;Augustus},{GlimmerHMM_glimmerT_4610-T1;GlimmerHMM},{GeneMark_model.4926_t;GeneMark}
51802	51742	INTRON			{Augustus_model.g3893.t1;Augustus},{GlimmerHMM_glimmerT_4610-T1;GlimmerHMM},{GeneMark_model.4926_t;GeneMark}
51898	51803	internal-	4	6	{Augustus_model.g3893.t1;Augustus},{GlimmerHMM_glimmerT_4610-T1;GlimmerHMM},{GeneMark_model.4926_t;GeneMark}
51973	51899	INTRON			{Augustus_model.g3893.t1;Augustus},{GlimmerHMM_glimmerT_4610-T1;GlimmerHMM},{GeneMark_model.4926_t;GeneMark}
52663	51974	initial-	4	6	{Augustus_model.g3893.t1;Augustus},{GlimmerHMM_glimmerT_4610-T1;GlimmerHMM}

