!! Predictions spanning range 2325 - 115975 [R1]
# EVM prediction: Mode:STANDARD S-ratio: 1.38 2325-3951 orient(+) score(3769.00) noncoding_equivalent(2737.55) raw_noncoding(3019.00) offset(281.45) 
2325	2459	internal+	1	3	{GeneMark_model.2628_t;GeneMark}
2460	2521	INTRON			{GlimmerHMM_glimmerT_2460-T1;GlimmerHMM},{GeneMark_model.2628_t;GeneMark}
2522	3330	internal+	1	2	{GlimmerHMM_glimmerT_2460-T1;GlimmerHMM},{GeneMark_model.2628_t;GeneMark}
3331	3410	INTRON			{GlimmerHMM_glimmerT_2460-T1;GlimmerHMM},{GeneMark_model.2628_t;GeneMark}
3411	3951	terminal+	3	3	{GlimmerHMM_glimmerT_2460-T1;GlimmerHMM},{GeneMark_model.2628_t;GeneMark}

# EVM prediction: Mode:STANDARD S-ratio: 1.00 4392-4810 orient(-) score(838.00) noncoding_equivalent(838.00) raw_noncoding(980.00) offset(142.00) 
4505	4392	terminal-	4	6	{GlimmerHMM_glimmerT_2461-T1;GlimmerHMM},{GeneMark_model.2629_t;GeneMark}
4576	4506	INTRON			{GlimmerHMM_glimmerT_2461-T1;GlimmerHMM},{GeneMark_model.2629_t;GeneMark}
4810	4577	initial-	4	6	{GlimmerHMM_glimmerT_2461-T1;GlimmerHMM},{GeneMark_model.2629_t;GeneMark}

# EVM prediction: Mode:STANDARD S-ratio: 1.71 5115-8257 orient(+) score(7655.00) noncoding_equivalent(4470.49) raw_noncoding(5660.21) offset(1189.72) 
5115	5319	initial+	1	1	{GlimmerHMM_glimmerT_2462-T1;GlimmerHMM},{GeneMark_model.2630_t;GeneMark}
5320	5378	INTRON			{GlimmerHMM_glimmerT_2462-T1;GlimmerHMM},{GeneMark_model.2630_t;GeneMark}
5379	5723	internal+	2	1	{GlimmerHMM_glimmerT_2462-T1;GlimmerHMM},{GeneMark_model.2630_t;GeneMark}
5724	5795	INTRON			{GlimmerHMM_glimmerT_2462-T1;GlimmerHMM},{GeneMark_model.2630_t;GeneMark}
5796	6026	internal+	2	1	{GlimmerHMM_glimmerT_2462-T1;GlimmerHMM},{GeneMark_model.2630_t;GeneMark}
6027	6096	INTRON			{GlimmerHMM_glimmerT_2462-T1;GlimmerHMM},{GeneMark_model.2630_t;GeneMark}
6097	6309	internal+	2	1	{GlimmerHMM_glimmerT_2462-T1;GlimmerHMM},{GeneMark_model.2630_t;GeneMark}
6310	6396	INTRON			{GlimmerHMM_glimmerT_2462-T1;GlimmerHMM},{GeneMark_model.2630_t;GeneMark}
6397	6470	internal+	2	3	{GlimmerHMM_glimmerT_2462-T1;GlimmerHMM},{GeneMark_model.2630_t;GeneMark}
6471	6545	INTRON			{GeneMark_model.2630_t;GeneMark}
6546	7223	internal+	1	3	{GeneMark_model.2630_t;GeneMark}
7224	7307	INTRON			{GeneMark_model.2630_t;GeneMark}
7308	7419	internal+	1	1	{GeneMark_model.2630_t;GeneMark}
7420	7486	INTRON			{GeneMark_model.2630_t;GeneMark}
7487	8114	internal+	2	2	{GlimmerHMM_glimmerT_2462-T1;GlimmerHMM},{GeneMark_model.2630_t;GeneMark}
8115	8175	INTRON			{GlimmerHMM_glimmerT_2462-T1;GlimmerHMM},{GeneMark_model.2630_t;GeneMark}
8176	8257	terminal+	3	3	{GlimmerHMM_glimmerT_2462-T1;GlimmerHMM},{GeneMark_model.2630_t;GeneMark}

# EVM prediction: Mode:STANDARD S-ratio: 1.61 9285-10782 orient(-) score(3692.00) noncoding_equivalent(2298.76) raw_noncoding(2637.24) offset(338.48) 
9617	9285	terminal-	4	6	{snap_scaffold_5-snap.438-T1;snap}
9679	9618	INTRON			{GeneMark_model.2631_t;GeneMark},{GlimmerHMM_glimmerT_2463-T1;GlimmerHMM}
10147	9680	internal-	4	6	{GeneMark_model.2631_t;GeneMark},{GlimmerHMM_glimmerT_2463-T1;GlimmerHMM}
10216	10148	INTRON			{GeneMark_model.2631_t;GeneMark},{GlimmerHMM_glimmerT_2463-T1;GlimmerHMM}
10322	10217	internal-	6	6	{GeneMark_model.2631_t;GeneMark},{GlimmerHMM_glimmerT_2463-T1;GlimmerHMM}
10390	10323	INTRON			{GeneMark_model.2631_t;GeneMark},{GlimmerHMM_glimmerT_2463-T1;GlimmerHMM}
10782	10391	initial-	4	5	{GeneMark_model.2631_t;GeneMark},{GlimmerHMM_glimmerT_2463-T1;GlimmerHMM}

# EVM prediction: Mode:STANDARD S-ratio: 2.09 11237-12922 orient(-) score(4561.00) noncoding_equivalent(2183.00) raw_noncoding(2304.00) offset(121.00) 
12405	11237	terminal-	5	6	{GeneMark_model.2632_t;GeneMark},{GlimmerHMM_glimmerT_2464-T1;GlimmerHMM}
12468	12406	INTRON			{GeneMark_model.2632_t;GeneMark},{GlimmerHMM_glimmerT_2464-T1;GlimmerHMM}
12922	12469	initial-	4	4	{GeneMark_model.2632_t;GeneMark},{GlimmerHMM_glimmerT_2464-T1;GlimmerHMM}

# EVM prediction: Mode:STANDARD S-ratio: 1.26 13155-15482 orient(-) score(5271.00) noncoding_equivalent(4181.00) raw_noncoding(4719.00) offset(538.00) 
13693	13155	terminal-	5	6	{GlimmerHMM_glimmerT_2465-T1;GlimmerHMM},{snap_scaffold_5-snap.442-T1;snap},{GeneMark_model.2633_t;GeneMark}
13765	13694	INTRON			{GlimmerHMM_glimmerT_2465-T1;GlimmerHMM},{snap_scaffold_5-snap.442-T1;snap},{GeneMark_model.2633_t;GeneMark}
14000	13766	internal-	4	4	{GlimmerHMM_glimmerT_2465-T1;GlimmerHMM},{GeneMark_model.2633_t;GeneMark}
14072	14001	INTRON			{GlimmerHMM_glimmerT_2465-T1;GlimmerHMM},{GeneMark_model.2633_t;GeneMark}
14322	14073	internal-	6	6	{GlimmerHMM_glimmerT_2465-T1;GlimmerHMM},{GeneMark_model.2633_t;GeneMark}
14398	14323	INTRON			{GlimmerHMM_glimmerT_2465-T1;GlimmerHMM},{GeneMark_model.2633_t;GeneMark}
14716	14399	internal-	6	5	{GlimmerHMM_glimmerT_2465-T1;GlimmerHMM},{GeneMark_model.2633_t;GeneMark}
14799	14717	INTRON			{GlimmerHMM_glimmerT_2465-T1;GlimmerHMM},{GeneMark_model.2633_t;GeneMark}
15482	14800	initial-	4	5	{GlimmerHMM_glimmerT_2465-T1;GlimmerHMM},{GeneMark_model.2633_t;GeneMark}

# EVM prediction: Mode:STANDARD S-ratio: 1.84 15767-17074 orient(-) score(3221.00) noncoding_equivalent(1751.72) raw_noncoding(2534.02) offset(782.31) 
15965	15767	terminal-	6	6	{GlimmerHMM_glimmerT_2466-T1;GlimmerHMM},{GeneMark_model.2634_t;GeneMark}
16031	15966	INTRON			{GlimmerHMM_glimmerT_2466-T1;GlimmerHMM},{GeneMark_model.2634_t;GeneMark}
16611	16032	internal-	5	5	{GlimmerHMM_glimmerT_2466-T1;GlimmerHMM},{GeneMark_model.2634_t;GeneMark}
16680	16612	INTRON			{GlimmerHMM_glimmerT_2466-T1;GlimmerHMM},{GeneMark_model.2634_t;GeneMark}
16716	16681	internal-	5	4	{GlimmerHMM_glimmerT_2466-T1;GlimmerHMM},{GeneMark_model.2634_t;GeneMark}
16812	16717	INTRON			{GlimmerHMM_glimmerT_2466-T1;GlimmerHMM},{GeneMark_model.2634_t;GeneMark}
16911	16813	internal-	5	4	{GlimmerHMM_glimmerT_2466-T1;GlimmerHMM},{GeneMark_model.2634_t;GeneMark}
17040	16912	INTRON			{GlimmerHMM_glimmerT_2466-T1;GlimmerHMM}
17074	17041	initial-	4	4	{GlimmerHMM_glimmerT_2466-T1;GlimmerHMM}

# EVM prediction: Mode:STANDARD S-ratio: 1.78 19091-20256 orient(-) score(2965.00) noncoding_equivalent(1661.57) raw_noncoding(1982.65) offset(321.08) 
19169	19091	terminal-	6	6	{GlimmerHMM_glimmerT_2468-T1;GlimmerHMM},{GeneMark_model.2635_t;GeneMark}
19251	19170	INTRON			{GlimmerHMM_glimmerT_2468-T1;GlimmerHMM},{GeneMark_model.2635_t;GeneMark}
19489	19252	internal-	5	5	{GlimmerHMM_glimmerT_2468-T1;GlimmerHMM},{GeneMark_model.2635_t;GeneMark}
19567	19490	INTRON			{GlimmerHMM_glimmerT_2468-T1;GlimmerHMM},{GeneMark_model.2635_t;GeneMark}
20228	19568	internal-	4	4	{GlimmerHMM_glimmerT_2468-T1;GlimmerHMM},{GeneMark_model.2635_t;GeneMark}
20247	20229	INTRON			{snap_scaffold_5-snap.444-T1;snap}
20256	20248	initial-	4	6	{snap_scaffold_5-snap.444-T1;snap}

# EVM prediction: Mode:STANDARD S-ratio: 1.62 21895-23884 orient(-) score(4923.00) noncoding_equivalent(3030.92) raw_noncoding(3331.25) offset(300.33) 
22952	21895	terminal-	5	6	{GlimmerHMM_glimmerT_2469-T1;GlimmerHMM},{GeneMark_model.2636_t;GeneMark}
23038	22953	INTRON			{GlimmerHMM_glimmerT_2469-T1;GlimmerHMM},{GeneMark_model.2636_t;GeneMark}
23188	23039	internal-	5	4	{GlimmerHMM_glimmerT_2469-T1;GlimmerHMM},{GeneMark_model.2636_t;GeneMark}
23256	23189	INTRON			{GlimmerHMM_glimmerT_2469-T1;GlimmerHMM},{GeneMark_model.2636_t;GeneMark}
23884	23257	initial-	4	4	{GlimmerHMM_glimmerT_2469-T1;GlimmerHMM},{GeneMark_model.2636_t;GeneMark}

# EVM prediction: Mode:STANDARD S-ratio: 1.63 24069-26712 orient(+) score(6393.00) noncoding_equivalent(3921.01) raw_noncoding(4829.48) offset(908.47) 
24069	24091	initial+	1	2	{GlimmerHMM_glimmerT_2470-T1;GlimmerHMM},{GeneMark_model.2637_t;GeneMark}
24092	24159	INTRON			{GlimmerHMM_glimmerT_2470-T1;GlimmerHMM},{GeneMark_model.2637_t;GeneMark}
24160	24613	internal+	3	3	{GeneMark_model.2637_t;GeneMark}
24614	24678	INTRON			{GeneMark_model.2637_t;GeneMark}
24679	24757	internal+	1	1	{GeneMark_model.2637_t;GeneMark}
24758	24823	INTRON			{GeneMark_model.2637_t;GeneMark}
24824	24986	internal+	2	2	{GlimmerHMM_glimmerT_2470-T1;GlimmerHMM},{GeneMark_model.2637_t;GeneMark}
24987	25044	INTRON			{GlimmerHMM_glimmerT_2470-T1;GlimmerHMM},{GeneMark_model.2637_t;GeneMark}
25045	26042	internal+	3	1	{GlimmerHMM_glimmerT_2470-T1;GlimmerHMM},{GeneMark_model.2637_t;GeneMark}
26043	26119	INTRON			{GlimmerHMM_glimmerT_2470-T1;GlimmerHMM},{GeneMark_model.2637_t;GeneMark}
26120	26205	internal+	2	3	{GlimmerHMM_glimmerT_2470-T1;GlimmerHMM},{GeneMark_model.2637_t;GeneMark}
26206	26280	INTRON			{GlimmerHMM_glimmerT_2470-T1;GlimmerHMM},{GeneMark_model.2637_t;GeneMark}
26281	26502	internal+	1	3	{GlimmerHMM_glimmerT_2470-T1;GlimmerHMM},{GeneMark_model.2637_t;GeneMark}
26503	26583	INTRON			{GlimmerHMM_glimmerT_2470-T1;GlimmerHMM},{GeneMark_model.2637_t;GeneMark}
26584	26712	terminal+	1	3	{GlimmerHMM_glimmerT_2470-T1;GlimmerHMM},{GeneMark_model.2637_t;GeneMark}

# EVM prediction: Mode:STANDARD S-ratio: 1.36 28935-29845 orient(-) score(2031.00) noncoding_equivalent(1498.01) raw_noncoding(1916.00) offset(417.99) 
29196	28935	terminal-	6	6	{GlimmerHMM_glimmerT_2472-T1;GlimmerHMM},{snap_scaffold_5-snap.448-T1;snap},{GeneMark_model.2639_t;GeneMark}
29271	29197	INTRON			{GlimmerHMM_glimmerT_2472-T1;GlimmerHMM},{GeneMark_model.2639_t;GeneMark}
29358	29272	internal-	6	5	{GlimmerHMM_glimmerT_2472-T1;GlimmerHMM},{GeneMark_model.2639_t;GeneMark}
29419	29359	INTRON			{GlimmerHMM_glimmerT_2472-T1;GlimmerHMM},{GeneMark_model.2639_t;GeneMark}
29492	29420	internal-	5	5	{GlimmerHMM_glimmerT_2472-T1;GlimmerHMM},{GeneMark_model.2639_t;GeneMark}
29550	29493	INTRON			{GeneMark_model.2639_t;GeneMark}
29845	29551	initial-	4	4	{GeneMark_model.2639_t;GeneMark}

# EVM prediction: Mode:STANDARD S-ratio: 2.00 30002-38263 orient(+) score(20387.00) noncoding_equivalent(10197.52) raw_noncoding(14154.00) offset(3956.48) 
30002	30054	initial+	1	2	{GlimmerHMM_glimmerT_2473-T1;GlimmerHMM},{GeneMark_model.2640_t;GeneMark}
30055	30136	INTRON			{GlimmerHMM_glimmerT_2473-T1;GlimmerHMM},{GeneMark_model.2640_t;GeneMark}
30137	33058	internal+	3	2	{GlimmerHMM_glimmerT_2473-T1;GlimmerHMM},{GeneMark_model.2640_t;GeneMark}
33059	33124	INTRON			{GlimmerHMM_glimmerT_2473-T1;GlimmerHMM},{GeneMark_model.2640_t;GeneMark}
33125	36203	internal+	3	3	{GlimmerHMM_glimmerT_2473-T1;GlimmerHMM}
36204	36580	INTRON			{GlimmerHMM_glimmerT_2473-T1;GlimmerHMM}
36581	36815	internal+	1	1	{GlimmerHMM_glimmerT_2473-T1;GlimmerHMM},{GeneMark_model.2640_t;GeneMark}
36816	36880	INTRON			{GeneMark_model.2640_t;GeneMark}
36881	36960	internal+	2	3	{GeneMark_model.2640_t;GeneMark}
36961	37586	INTRON			{GeneMark_model.2640_t;GeneMark}
37587	37669	internal+	1	2	{GeneMark_model.2640_t;GeneMark}
37670	37759	INTRON			{GeneMark_model.2640_t;GeneMark}
37760	37848	internal+	3	1	{GeneMark_model.2640_t;GeneMark}
37849	37925	INTRON			{GeneMark_model.2640_t;GeneMark}
37926	38002	internal+	2	3	{GlimmerHMM_glimmerT_2473-T1;GlimmerHMM},{GeneMark_model.2640_t;GeneMark}
38003	38158	INTRON			{GlimmerHMM_glimmerT_2473-T1;GlimmerHMM},{GeneMark_model.2640_t;GeneMark}
38159	38263	terminal+	1	3	{GlimmerHMM_glimmerT_2473-T1;GlimmerHMM},{GeneMark_model.2640_t;GeneMark}

# EVM prediction: Mode:STANDARD S-ratio: 1.46 38704-40546 orient(+) score(4307.00) noncoding_equivalent(2944.41) raw_noncoding(3803.03) offset(858.62) 
38704	38801	initial+	1	2	{GlimmerHMM_glimmerT_2474-T1;GlimmerHMM},{GeneMark_model.2641_t;GeneMark}
38802	38888	INTRON			{GlimmerHMM_glimmerT_2474-T1;GlimmerHMM},{GeneMark_model.2641_t;GeneMark}
38889	38901	internal+	3	3	{GlimmerHMM_glimmerT_2474-T1;GlimmerHMM},{GeneMark_model.2641_t;GeneMark}
38902	38971	INTRON			{GlimmerHMM_glimmerT_2474-T1;GlimmerHMM},{GeneMark_model.2641_t;GeneMark}
38972	39007	internal+	1	3	{GeneMark_model.2641_t;GeneMark}
39008	39067	INTRON			{GeneMark_model.2641_t;GeneMark}
39068	39425	internal+	1	1	{GeneMark_model.2641_t;GeneMark}
39426	39503	INTRON			{GlimmerHMM_glimmerT_2474-T1;GlimmerHMM},{GeneMark_model.2641_t;GeneMark}
39504	39939	internal+	2	2	{GlimmerHMM_glimmerT_2474-T1;GlimmerHMM},{GeneMark_model.2641_t;GeneMark}
39940	40027	INTRON			{GlimmerHMM_glimmerT_2474-T1;GlimmerHMM},{GeneMark_model.2641_t;GeneMark}
40028	40160	internal+	3	3	{GlimmerHMM_glimmerT_2474-T1;GlimmerHMM},{GeneMark_model.2641_t;GeneMark}
40161	40234	INTRON			{GlimmerHMM_glimmerT_2474-T1;GlimmerHMM},{GeneMark_model.2641_t;GeneMark}
40235	40546	terminal+	1	3	{snap_scaffold_5-snap.452-T1;snap},{GlimmerHMM_glimmerT_2474-T1;GlimmerHMM}

# EVM prediction: Mode:STANDARD S-ratio: 1.20 40669-42300 orient(+) score(3193.00) noncoding_equivalent(2668.27) raw_noncoding(4058.88) offset(1390.60) 
40669	40836	initial+	1	3	{GlimmerHMM_glimmerT_2475-T1;GlimmerHMM}
40837	40904	INTRON			{GlimmerHMM_glimmerT_2475-T1;GlimmerHMM},{GeneMark_model.2641_t;GeneMark}
40905	41003	internal+	1	3	{GlimmerHMM_glimmerT_2475-T1;GlimmerHMM},{GeneMark_model.2641_t;GeneMark}
41004	41073	INTRON			{GeneMark_model.2641_t;GeneMark}
41074	41103	internal+	1	3	{GeneMark_model.2641_t;GeneMark}
41104	41192	INTRON			{GeneMark_model.2641_t;GeneMark}
41193	41226	internal+	1	1	{GeneMark_model.2641_t;GeneMark}
41227	41288	INTRON			{GeneMark_model.2641_t;GeneMark}
41289	41296	internal+	2	3	{GeneMark_model.2641_t;GeneMark}
41297	41411	INTRON			{GeneMark_model.2641_t;GeneMark}
41412	41525	internal+	1	3	{GlimmerHMM_glimmerT_2475-T1;GlimmerHMM},{GeneMark_model.2641_t;GeneMark}
41526	41584	INTRON			{GlimmerHMM_glimmerT_2475-T1;GlimmerHMM},{GeneMark_model.2641_t;GeneMark}
41585	41820	internal+	1	2	{GlimmerHMM_glimmerT_2475-T1;GlimmerHMM},{GeneMark_model.2641_t;GeneMark}
41821	41891	INTRON			{GlimmerHMM_glimmerT_2475-T1;GlimmerHMM},{GeneMark_model.2641_t;GeneMark}
41892	42300	terminal+	3	3	{snap_scaffold_5-snap.453-T1;snap}

# EVM prediction: Mode:STANDARD S-ratio: 2.41 45383-47699 orient(+) score(6665.00) noncoding_equivalent(2770.38) raw_noncoding(3121.00) offset(350.62) 
45383	45549	initial+	1	2	{GlimmerHMM_glimmerT_2476-T1;GlimmerHMM},{GeneMark_model.2642_t;GeneMark}
45550	45616	INTRON			{GlimmerHMM_glimmerT_2476-T1;GlimmerHMM},{GeneMark_model.2642_t;GeneMark}
45617	45662	internal+	3	3	{GlimmerHMM_glimmerT_2476-T1;GlimmerHMM},{GeneMark_model.2642_t;GeneMark}
45663	45729	INTRON			{GlimmerHMM_glimmerT_2476-T1;GlimmerHMM},{GeneMark_model.2642_t;GeneMark}
45730	47289	internal+	1	3	{GlimmerHMM_glimmerT_2476-T1;GlimmerHMM},{GeneMark_model.2642_t;GeneMark}
47290	47354	INTRON			{GlimmerHMM_glimmerT_2476-T1;GlimmerHMM},{GeneMark_model.2642_t;GeneMark}
47355	47699	terminal+	1	3	{GlimmerHMM_glimmerT_2476-T1;GlimmerHMM},{GeneMark_model.2642_t;GeneMark}

# EVM prediction: Mode:STANDARD S-ratio: 1.27 47831-49676 orient(-) score(3985.00) noncoding_equivalent(3145.64) raw_noncoding(3865.00) offset(719.36) 
48400	47831	terminal-	4	6	{GlimmerHMM_glimmerT_2477-T1;GlimmerHMM},{snap_scaffold_5-snap.456-T1;snap},{GeneMark_model.2643_t;GeneMark}
48465	48401	INTRON			{GeneMark_model.2643_t;GeneMark}
48618	48466	internal-	4	6	{GeneMark_model.2643_t;GeneMark}
48683	48619	INTRON			{GeneMark_model.2643_t;GeneMark}
49080	48684	internal-	6	6	{GlimmerHMM_glimmerT_2477-T1;GlimmerHMM},{GeneMark_model.2643_t;GeneMark}
49144	49081	INTRON			{GlimmerHMM_glimmerT_2477-T1;GlimmerHMM},{GeneMark_model.2643_t;GeneMark}
49229	49145	internal-	5	5	{GlimmerHMM_glimmerT_2477-T1;GlimmerHMM},{GeneMark_model.2643_t;GeneMark}
49294	49230	INTRON			{GlimmerHMM_glimmerT_2477-T1;GlimmerHMM},{GeneMark_model.2643_t;GeneMark}
49437	49295	internal-	6	4	{GlimmerHMM_glimmerT_2477-T1;GlimmerHMM},{GeneMark_model.2643_t;GeneMark}
49476	49438	INTRON			{GlimmerHMM_glimmerT_2477-T1;GlimmerHMM},{GeneMark_model.2643_t;GeneMark}
49676	49477	initial-	4	5	{GlimmerHMM_glimmerT_2477-T1;GlimmerHMM},{GeneMark_model.2643_t;GeneMark}

# EVM prediction: Mode:STANDARD S-ratio: 1.24 50283-52121 orient(-) score(4075.00) noncoding_equivalent(3279.70) raw_noncoding(3856.02) offset(576.32) 
50849	50283	terminal-	4	6	{GeneMark_model.2644_t;GeneMark},{GlimmerHMM_glimmerT_2478-T1;GlimmerHMM}
50910	50850	INTRON			{GeneMark_model.2644_t;GeneMark},{GlimmerHMM_glimmerT_2478-T1;GlimmerHMM}
51069	50911	internal-	4	6	{GeneMark_model.2644_t;GeneMark},{GlimmerHMM_glimmerT_2478-T1;GlimmerHMM}
51129	51070	INTRON			{GeneMark_model.2644_t;GeneMark},{GlimmerHMM_glimmerT_2478-T1;GlimmerHMM}
51526	51130	internal-	6	6	{GeneMark_model.2644_t;GeneMark},{GlimmerHMM_glimmerT_2478-T1;GlimmerHMM}
51594	51527	INTRON			{GeneMark_model.2644_t;GeneMark},{GlimmerHMM_glimmerT_2478-T1;GlimmerHMM}
51679	51595	internal-	5	5	{GeneMark_model.2644_t;GeneMark},{GlimmerHMM_glimmerT_2478-T1;GlimmerHMM}
51749	51680	INTRON			{GeneMark_model.2644_t;GeneMark},{GlimmerHMM_glimmerT_2478-T1;GlimmerHMM}
51892	51750	internal-	6	4	{GeneMark_model.2644_t;GeneMark},{GlimmerHMM_glimmerT_2478-T1;GlimmerHMM}
51948	51893	INTRON			{GeneMark_model.2644_t;GeneMark},{GlimmerHMM_glimmerT_2478-T1;GlimmerHMM}
52121	51949	initial-	4	5	{GeneMark_model.2644_t;GeneMark},{GlimmerHMM_glimmerT_2478-T1;GlimmerHMM}

# EVM prediction: Mode:STANDARD S-ratio: 1.88 53022-55342 orient(+) score(6054.00) noncoding_equivalent(3226.52) raw_noncoding(3677.00) offset(450.48) 
53022	53199	initial+	1	1	{GeneMark_model.2645_t;GeneMark},{GlimmerHMM_glimmerT_2479-T1;GlimmerHMM}
53200	53260	INTRON			{GeneMark_model.2645_t;GeneMark},{GlimmerHMM_glimmerT_2479-T1;GlimmerHMM}
53261	53338	internal+	2	1	{GeneMark_model.2645_t;GeneMark},{GlimmerHMM_glimmerT_2479-T1;GlimmerHMM}
53339	53404	INTRON			{GeneMark_model.2645_t;GeneMark},{GlimmerHMM_glimmerT_2479-T1;GlimmerHMM}
53405	53610	internal+	2	3	{GeneMark_model.2645_t;GeneMark},{GlimmerHMM_glimmerT_2479-T1;GlimmerHMM}
53611	53676	INTRON			{GeneMark_model.2645_t;GeneMark},{GlimmerHMM_glimmerT_2479-T1;GlimmerHMM}
53677	54816	internal+	1	3	{GeneMark_model.2645_t;GeneMark},{GlimmerHMM_glimmerT_2479-T1;GlimmerHMM}
54817	54877	INTRON			{GeneMark_model.2645_t;GeneMark},{GlimmerHMM_glimmerT_2479-T1;GlimmerHMM}
54878	55342	terminal+	1	3	{GeneMark_model.2645_t;GeneMark},{GlimmerHMM_glimmerT_2479-T1;GlimmerHMM}

# EVM prediction: Mode:STANDARD S-ratio: 1.76 56056-56658 orient(+) score(1536.00) noncoding_equivalent(874.00) raw_noncoding(1278.00) offset(404.00) 
56056	56061	initial+	1	3	{snap_scaffold_5-snap.460-T1;snap}
56062	56334	INTRON			{GlimmerHMM_glimmerT_2480-T1;GlimmerHMM},{snap_scaffold_5-snap.460-T1;snap}
56335	56658	terminal+	1	3	{GlimmerHMM_glimmerT_2480-T1;GlimmerHMM},{snap_scaffold_5-snap.460-T1;snap}

# EVM prediction: Mode:STANDARD S-ratio: 1.77 57069-60147 orient(-) score(7861.00) noncoding_equivalent(4449.57) raw_noncoding(5341.29) offset(891.72) 
57182	57069	terminal-	4	6	{GeneMark_model.2647_t;GeneMark},{GlimmerHMM_glimmerT_2481-T1;GlimmerHMM}
57272	57183	INTRON			{GeneMark_model.2647_t;GeneMark},{GlimmerHMM_glimmerT_2481-T1;GlimmerHMM}
57764	57273	internal-	4	6	{GeneMark_model.2647_t;GeneMark},{GlimmerHMM_glimmerT_2481-T1;GlimmerHMM}
57823	57765	INTRON			{GeneMark_model.2647_t;GeneMark},{GlimmerHMM_glimmerT_2481-T1;GlimmerHMM}
58171	57824	internal-	4	6	{GeneMark_model.2647_t;GeneMark},{GlimmerHMM_glimmerT_2481-T1;GlimmerHMM}
58252	58172	INTRON			{GeneMark_model.2647_t;GeneMark},{GlimmerHMM_glimmerT_2481-T1;GlimmerHMM}
58513	58253	internal-	4	6	{GeneMark_model.2647_t;GeneMark},{GlimmerHMM_glimmerT_2481-T1;GlimmerHMM}
58592	58514	INTRON			{GeneMark_model.2647_t;GeneMark},{GlimmerHMM_glimmerT_2481-T1;GlimmerHMM}
58705	58593	internal-	5	6	{GeneMark_model.2647_t;GeneMark},{GlimmerHMM_glimmerT_2481-T1;GlimmerHMM}
58777	58706	INTRON			{GeneMark_model.2647_t;GeneMark},{GlimmerHMM_glimmerT_2481-T1;GlimmerHMM}
58862	58778	internal-	4	4	{GeneMark_model.2647_t;GeneMark},{GlimmerHMM_glimmerT_2481-T1;GlimmerHMM}
58921	58863	INTRON			{GeneMark_model.2647_t;GeneMark},{GlimmerHMM_glimmerT_2481-T1;GlimmerHMM}
60003	58922	internal-	5	6	{GeneMark_model.2647_t;GeneMark},{GlimmerHMM_glimmerT_2481-T1;GlimmerHMM}
60068	60004	INTRON			{GeneMark_model.2647_t;GeneMark},{GlimmerHMM_glimmerT_2481-T1;GlimmerHMM}
60147	60069	initial-	4	4	{GeneMark_model.2647_t;GeneMark},{GlimmerHMM_glimmerT_2481-T1;GlimmerHMM}

# EVM prediction: Mode:STANDARD S-ratio: 1.16 60677-62239 orient(+) score(3352.00) noncoding_equivalent(2898.83) raw_noncoding(3225.00) offset(326.17) 
60677	61788	initial+	1	2	{GlimmerHMM_glimmerT_2482-T1;GlimmerHMM}
61789	61872	INTRON			{GeneMark_model.2648_t;GeneMark},{GlimmerHMM_glimmerT_2482-T1;GlimmerHMM}
61873	61932	internal+	3	2	{GeneMark_model.2648_t;GeneMark},{GlimmerHMM_glimmerT_2482-T1;GlimmerHMM}
61933	62013	INTRON			{GeneMark_model.2648_t;GeneMark},{GlimmerHMM_glimmerT_2482-T1;GlimmerHMM}
62014	62239	terminal+	3	3	{snap_scaffold_5-snap.464-T1;snap},{GeneMark_model.2648_t;GeneMark},{GlimmerHMM_glimmerT_2482-T1;GlimmerHMM}

# EVM prediction: Mode:STANDARD S-ratio: 1.74 62504-64763 orient(-) score(5850.00) noncoding_equivalent(3364.30) raw_noncoding(4024.30) offset(660.00) 
62731	62504	terminal-	4	6	{GlimmerHMM_glimmerT_2483-T1;GlimmerHMM},{GeneMark_model.2649_t;GeneMark}
62805	62732	INTRON			{GlimmerHMM_glimmerT_2483-T1;GlimmerHMM},{GeneMark_model.2649_t;GeneMark}
62874	62806	internal-	4	6	{GlimmerHMM_glimmerT_2483-T1;GlimmerHMM},{GeneMark_model.2649_t;GeneMark}
62942	62875	INTRON			{GlimmerHMM_glimmerT_2483-T1;GlimmerHMM},{GeneMark_model.2649_t;GeneMark}
63302	62943	internal-	4	6	{GlimmerHMM_glimmerT_2483-T1;GlimmerHMM},{GeneMark_model.2649_t;GeneMark}
63394	63303	INTRON			{GlimmerHMM_glimmerT_2483-T1;GlimmerHMM},{snap_scaffold_5-snap.465-T1;snap},{GeneMark_model.2649_t;GeneMark}
63572	63395	internal-	6	6	{GlimmerHMM_glimmerT_2483-T1;GlimmerHMM},{GeneMark_model.2649_t;GeneMark}
63655	63573	INTRON			{GlimmerHMM_glimmerT_2483-T1;GlimmerHMM},{GeneMark_model.2649_t;GeneMark}
63796	63656	internal-	6	5	{GlimmerHMM_glimmerT_2483-T1;GlimmerHMM},{GeneMark_model.2649_t;GeneMark}
63888	63797	INTRON			{GlimmerHMM_glimmerT_2483-T1;GlimmerHMM},{GeneMark_model.2649_t;GeneMark}
64763	63889	initial-	4	5	{GlimmerHMM_glimmerT_2483-T1;GlimmerHMM}

# EVM prediction: Mode:STANDARD S-ratio: 4.34 67705-69115 orient(+) score(8525.00) noncoding_equivalent(1963.25) raw_noncoding(2645.69) offset(682.44) 
67705	67817	initial+	1	2	{GeneMark_model.2651_t;GeneMark}
67818	67874	INTRON			{GeneMark_model.2651_t;GeneMark},{ev_type:exonerate/ID=match.2566964.2080/Target=lcl|LCTV02000009_1_prot_PRQ72365_1_7921;exonerate},{ev_type:exonerate/ID=match.2566964.2077/Target=lcl|KQ954513_1_prot_KWU42195_1_5410;exonerate},{ev_type:exonerate/ID=match.2566964.2086/Target=lcl|NW_017264933_1_prot_XP_018271156_1_3114;exonerate},{ev_type:exonerate/ID=match.2566964.2074/Target=lcl|PJQD01000026_1_prot_POY74290_1_2767;exonerate}
67875	67896	internal+	3	3	{GeneMark_model.2651_t;GeneMark},{ev_type:exonerate/ID=match.2566964.2080/Target=lcl|LCTV02000009_1_prot_PRQ72365_1_7921;exonerate},{ev_type:exonerate/ID=match.2566964.2077/Target=lcl|KQ954513_1_prot_KWU42195_1_5410;exonerate},{ev_type:exonerate/ID=match.2566964.2086/Target=lcl|NW_017264933_1_prot_XP_018271156_1_3114;exonerate},{ev_type:exonerate/ID=match.2566964.2074/Target=lcl|PJQD01000026_1_prot_POY74290_1_2767;exonerate}
67897	67995	INTRON			{GeneMark_model.2651_t;GeneMark},{ev_type:exonerate/ID=match.2566964.2080/Target=lcl|LCTV02000009_1_prot_PRQ72365_1_7921;exonerate},{ev_type:exonerate/ID=match.2566964.2077/Target=lcl|KQ954513_1_prot_KWU42195_1_5410;exonerate},{ev_type:exonerate/ID=match.2566964.2086/Target=lcl|NW_017264933_1_prot_XP_018271156_1_3114;exonerate},{ev_type:exonerate/ID=match.2566964.2074/Target=lcl|PJQD01000026_1_prot_POY74290_1_2767;exonerate}
67996	68229	internal+	1	3	{GlimmerHMM_glimmerT_2484-T1;GlimmerHMM},{GeneMark_model.2651_t;GeneMark},{ev_type:exonerate/ID=match.2566964.2080/Target=lcl|LCTV02000009_1_prot_PRQ72365_1_7921;exonerate},{ev_type:exonerate/ID=match.2566964.2077/Target=lcl|KQ954513_1_prot_KWU42195_1_5410;exonerate},{ev_type:exonerate/ID=match.2566964.2086/Target=lcl|NW_017264933_1_prot_XP_018271156_1_3114;exonerate},{ev_type:exonerate/ID=match.2566964.2074/Target=lcl|PJQD01000026_1_prot_POY74290_1_2767;exonerate}
68230	68330	INTRON			{GlimmerHMM_glimmerT_2484-T1;GlimmerHMM},{GeneMark_model.2651_t;GeneMark},{ev_type:exonerate/ID=match.2566964.2080/Target=lcl|LCTV02000009_1_prot_PRQ72365_1_7921;exonerate},{ev_type:exonerate/ID=match.2566964.2077/Target=lcl|KQ954513_1_prot_KWU42195_1_5410;exonerate},{ev_type:exonerate/ID=match.2566964.2086/Target=lcl|NW_017264933_1_prot_XP_018271156_1_3114;exonerate},{ev_type:exonerate/ID=match.2566964.2074/Target=lcl|PJQD01000026_1_prot_POY74290_1_2767;exonerate}
68331	68979	internal+	1	1	{GlimmerHMM_glimmerT_2484-T1;GlimmerHMM},{GeneMark_model.2651_t;GeneMark},{ev_type:exonerate/ID=match.2566964.2086/Target=lcl|NW_017264933_1_prot_XP_018271156_1_3114;exonerate},{ev_type:exonerate/ID=match.2566964.2074/Target=lcl|PJQD01000026_1_prot_POY74290_1_2767;exonerate}
68980	69047	INTRON			{GlimmerHMM_glimmerT_2484-T1;GlimmerHMM},{GeneMark_model.2651_t;GeneMark},{ev_type:exonerate/ID=match.2566964.2086/Target=lcl|NW_017264933_1_prot_XP_018271156_1_3114;exonerate},{ev_type:exonerate/ID=match.2566964.2074/Target=lcl|PJQD01000026_1_prot_POY74290_1_2767;exonerate}
69048	69115	terminal+	2	3	{GlimmerHMM_glimmerT_2484-T1;GlimmerHMM},{GeneMark_model.2651_t;GeneMark}

# EVM prediction: Mode:STANDARD S-ratio: 1.64 69741-72942 orient(+) score(7955.00) noncoding_equivalent(4845.84) raw_noncoding(5812.00) offset(966.16) 
69741	69853	initial+	1	2	{GlimmerHMM_glimmerT_2485-T1;GlimmerHMM},{GeneMark_model.2652_t;GeneMark}
69854	69923	INTRON			{GlimmerHMM_glimmerT_2485-T1;GlimmerHMM},{GeneMark_model.2652_t;GeneMark}
69924	69962	internal+	3	2	{GlimmerHMM_glimmerT_2485-T1;GlimmerHMM},{GeneMark_model.2652_t;GeneMark}
69963	70051	INTRON			{GlimmerHMM_glimmerT_2485-T1;GlimmerHMM},{GeneMark_model.2652_t;GeneMark}
70052	70362	internal+	3	1	{GlimmerHMM_glimmerT_2485-T1;GlimmerHMM},{GeneMark_model.2652_t;GeneMark}
70363	70435	INTRON			{GlimmerHMM_glimmerT_2485-T1;GlimmerHMM},{GeneMark_model.2652_t;GeneMark}
70436	70574	internal+	2	2	{GlimmerHMM_glimmerT_2485-T1;GlimmerHMM},{GeneMark_model.2652_t;GeneMark}
70575	70652	INTRON			{GlimmerHMM_glimmerT_2485-T1;GlimmerHMM},{GeneMark_model.2652_t;GeneMark}
70653	70995	internal+	3	3	{GlimmerHMM_glimmerT_2485-T1;GlimmerHMM},{GeneMark_model.2652_t;GeneMark}
70996	71060	INTRON			{GlimmerHMM_glimmerT_2485-T1;GlimmerHMM},{GeneMark_model.2652_t;GeneMark}
71061	71546	internal+	1	3	{GlimmerHMM_glimmerT_2485-T1;GlimmerHMM},{GeneMark_model.2652_t;GeneMark}
71547	71607	INTRON			{GlimmerHMM_glimmerT_2485-T1;GlimmerHMM},{GeneMark_model.2652_t;GeneMark}
71608	72480	internal+	1	3	{GlimmerHMM_glimmerT_2485-T1;GlimmerHMM},{GeneMark_model.2652_t;GeneMark}
72481	72555	INTRON			{GlimmerHMM_glimmerT_2485-T1;GlimmerHMM},{GeneMark_model.2652_t;GeneMark}
72556	72855	internal+	1	3	{GlimmerHMM_glimmerT_2485-T1;GlimmerHMM},{GeneMark_model.2652_t;GeneMark}
72856	72921	INTRON			{GlimmerHMM_glimmerT_2485-T1;GlimmerHMM},{GeneMark_model.2652_t;GeneMark}
72922	72942	terminal+	1	3	{GlimmerHMM_glimmerT_2485-T1;GlimmerHMM},{GeneMark_model.2652_t;GeneMark}

# EVM prediction: Mode:STANDARD S-ratio: 1.74 73375-75671 orient(+) score(5292.00) noncoding_equivalent(3036.58) raw_noncoding(4370.00) offset(1333.42) 
73375	73867	initial+	1	1	{GlimmerHMM_glimmerT_2486-T1;GlimmerHMM}
73868	74297	INTRON			{GlimmerHMM_glimmerT_2486-T1;GlimmerHMM}
74298	74482	internal+	2	3	{GlimmerHMM_glimmerT_2486-T1;GlimmerHMM}
74483	74549	INTRON			{GeneMark_model.2653_t;GeneMark},{GlimmerHMM_glimmerT_2486-T1;GlimmerHMM}
74550	75671	terminal+	1	3	{GeneMark_model.2653_t;GeneMark},{GlimmerHMM_glimmerT_2486-T1;GlimmerHMM},{snap_scaffold_5-snap.472-T1;snap}

# EVM prediction: Mode:STANDARD S-ratio: 5.08 76590-77655 orient(+) score(6376.00) noncoding_equivalent(1256.20) raw_noncoding(1447.37) offset(191.18) 
76590	76656	initial+	1	1	{GlimmerHMM_glimmerT_2487-T1;GlimmerHMM},{GeneMark_model.2654_t;GeneMark}
76657	76718	INTRON			{GlimmerHMM_glimmerT_2487-T1;GlimmerHMM},{GeneMark_model.2654_t;GeneMark},{ev_type:exonerate/ID=match.2566964.2112/Target=lcl|KQ954513_1_prot_KWU42192_1_5407;exonerate},{ev_type:exonerate/ID=match.2566964.2107/Target=lcl|BJWK01000003_1_prot_GEM07572_1_1589;exonerate},{ev_type:exonerate/ID=match.2566964.2102/Target=lcl|LCTV02000002_1_prot_PRQ76775_1_3825;exonerate}
76719	77584	internal+	2	3	{GlimmerHMM_glimmerT_2487-T1;GlimmerHMM},{GeneMark_model.2654_t;GeneMark}
77585	77649	INTRON			{GlimmerHMM_glimmerT_2487-T1;GlimmerHMM},{GeneMark_model.2654_t;GeneMark}
77650	77655	terminal+	1	3	{GlimmerHMM_glimmerT_2487-T1;GlimmerHMM},{GeneMark_model.2654_t;GeneMark}

# EVM prediction: Mode:STANDARD S-ratio: 1.61 81255-82038 orient(+) score(2211.00) noncoding_equivalent(1370.00) raw_noncoding(1516.00) offset(146.00) 
81255	81462	initial+	1	1	{GlimmerHMM_glimmerT_2488-T1;GlimmerHMM},{GeneMark_model.2655_t;GeneMark}
81463	81535	INTRON			{GlimmerHMM_glimmerT_2488-T1;GlimmerHMM},{GeneMark_model.2655_t;GeneMark},{ev_type:exonerate/ID=match.2566964.2183/Target=lcl|KQ954555_1_prot_KWU41163_1_6487;exonerate}
81536	82038	terminal+	2	3	{GlimmerHMM_glimmerT_2488-T1;GlimmerHMM},{GeneMark_model.2655_t;GeneMark}

# EVM prediction: Mode:STANDARD S-ratio: 1.26 82185-85592 orient(-) score(7596.00) noncoding_equivalent(6035.62) raw_noncoding(8628.00) offset(2592.38) 
82874	82185	terminal-	4	6	{GlimmerHMM_glimmerT_2489-T1;GlimmerHMM},{GeneMark_model.2656_t;GeneMark}
82947	82875	INTRON			{GlimmerHMM_glimmerT_2489-T1;GlimmerHMM},{GeneMark_model.2656_t;GeneMark}
83061	82948	internal-	4	6	{GlimmerHMM_glimmerT_2489-T1;GlimmerHMM},{GeneMark_model.2656_t;GeneMark}
83130	83062	INTRON			{GlimmerHMM_glimmerT_2489-T1;GlimmerHMM},{GeneMark_model.2656_t;GeneMark}
83242	83131	internal-	6	6	{GlimmerHMM_glimmerT_2489-T1;GlimmerHMM},{GeneMark_model.2656_t;GeneMark}
83346	83243	INTRON			{GlimmerHMM_glimmerT_2489-T1;GlimmerHMM},{GeneMark_model.2656_t;GeneMark}
83514	83347	internal-	6	5	{GlimmerHMM_glimmerT_2489-T1;GlimmerHMM},{GeneMark_model.2656_t;GeneMark}
83917	83515	INTRON			{GlimmerHMM_glimmerT_2489-T1;GlimmerHMM},{GeneMark_model.2656_t;GeneMark}
84154	83918	internal-	6	5	{GlimmerHMM_glimmerT_2489-T1;GlimmerHMM},{GeneMark_model.2656_t;GeneMark}
84243	84155	INTRON			{GlimmerHMM_glimmerT_2489-T1;GlimmerHMM},{GeneMark_model.2656_t;GeneMark}
84488	84244	internal-	4	5	{GlimmerHMM_glimmerT_2489-T1;GlimmerHMM},{GeneMark_model.2656_t;GeneMark}
84599	84489	INTRON			{GlimmerHMM_glimmerT_2489-T1;GlimmerHMM},{GeneMark_model.2656_t;GeneMark}
84792	84600	internal-	6	6	{GlimmerHMM_glimmerT_2489-T1;GlimmerHMM},{GeneMark_model.2656_t;GeneMark}
84860	84793	INTRON			{GlimmerHMM_glimmerT_2489-T1;GlimmerHMM},{GeneMark_model.2656_t;GeneMark}
84932	84861	internal-	6	5	{GlimmerHMM_glimmerT_2489-T1;GlimmerHMM},{GeneMark_model.2656_t;GeneMark}
85008	84933	INTRON			{GlimmerHMM_glimmerT_2489-T1;GlimmerHMM},{GeneMark_model.2656_t;GeneMark}
85066	85009	internal-	5	5	{GlimmerHMM_glimmerT_2489-T1;GlimmerHMM},{GeneMark_model.2656_t;GeneMark}
85143	85067	INTRON			{GlimmerHMM_glimmerT_2489-T1;GlimmerHMM},{GeneMark_model.2656_t;GeneMark}
85186	85144	internal-	4	4	{GlimmerHMM_glimmerT_2489-T1;GlimmerHMM},{GeneMark_model.2656_t;GeneMark}
85259	85187	INTRON			{GlimmerHMM_glimmerT_2489-T1;GlimmerHMM},{GeneMark_model.2656_t;GeneMark}
85305	85260	internal-	6	6	{GlimmerHMM_glimmerT_2489-T1;GlimmerHMM},{GeneMark_model.2656_t;GeneMark}
85385	85306	INTRON			{GlimmerHMM_glimmerT_2489-T1;GlimmerHMM},{GeneMark_model.2656_t;GeneMark}
85478	85386	internal-	6	5	{GlimmerHMM_glimmerT_2489-T1;GlimmerHMM},{GeneMark_model.2656_t;GeneMark}
85560	85479	INTRON			{GlimmerHMM_glimmerT_2489-T1;GlimmerHMM},{GeneMark_model.2656_t;GeneMark}
85592	85561	initial-	4	5	{GlimmerHMM_glimmerT_2489-T1;GlimmerHMM},{GeneMark_model.2656_t;GeneMark}

# EVM prediction: Mode:STANDARD S-ratio: 1.36 87206-88183 orient(+) score(1759.00) noncoding_equivalent(1293.46) raw_noncoding(2728.08) offset(1434.62) 
87206	87211	initial+	1	3	{snap_scaffold_5-snap.477-T1;snap}
87212	87639	INTRON			{snap_scaffold_5-snap.477-T1;snap}
87640	87646	internal+	1	1	{snap_scaffold_5-snap.477-T1;snap}
87647	87770	INTRON			{GeneMark_model.2657_t;GeneMark},{GlimmerHMM_glimmerT_2490-T1;GlimmerHMM}
87771	87794	internal+	2	1	{GeneMark_model.2657_t;GeneMark},{GlimmerHMM_glimmerT_2490-T1;GlimmerHMM}
87795	87863	INTRON			{GeneMark_model.2657_t;GeneMark},{GlimmerHMM_glimmerT_2490-T1;GlimmerHMM}
87864	87944	internal+	2	1	{GeneMark_model.2657_t;GeneMark},{GlimmerHMM_glimmerT_2490-T1;GlimmerHMM}
87945	88034	INTRON			{GeneMark_model.2657_t;GeneMark},{GlimmerHMM_glimmerT_2490-T1;GlimmerHMM}
88035	88183	terminal+	2	3	{GeneMark_model.2657_t;GeneMark},{GlimmerHMM_glimmerT_2490-T1;GlimmerHMM}

# EVM prediction: Mode:STANDARD S-ratio: 1.54 88689-89744 orient(-) score(2562.00) noncoding_equivalent(1661.18) raw_noncoding(1912.55) offset(251.38) 
89001	88689	terminal-	6	6	{GlimmerHMM_glimmerT_2491-T1;GlimmerHMM}
89070	89002	INTRON			{GlimmerHMM_glimmerT_2491-T1;GlimmerHMM},{GeneMark_model.2658_t;GeneMark}
89568	89071	internal-	6	5	{GlimmerHMM_glimmerT_2491-T1;GlimmerHMM},{GeneMark_model.2658_t;GeneMark}
89658	89569	INTRON			{GlimmerHMM_glimmerT_2491-T1;GlimmerHMM},{GeneMark_model.2658_t;GeneMark}
89744	89659	initial-	4	5	{GlimmerHMM_glimmerT_2491-T1;GlimmerHMM}

# EVM prediction: Mode:STANDARD S-ratio: 2.17 91786-97465 orient(+) score(19013.00) noncoding_equivalent(8757.07) raw_noncoding(10719.25) offset(1962.18) 
91786	91983	initial+	1	3	{GeneMark_model.2659_t;GeneMark},{GlimmerHMM_glimmerT_2492-T1;GlimmerHMM}
91984	92174	INTRON			{GeneMark_model.2659_t;GeneMark},{GlimmerHMM_glimmerT_2492-T1;GlimmerHMM}
92175	92309	internal+	1	3	{GeneMark_model.2659_t;GeneMark},{GlimmerHMM_glimmerT_2492-T1;GlimmerHMM}
92310	92405	INTRON			{GeneMark_model.2659_t;GeneMark},{GlimmerHMM_glimmerT_2492-T1;GlimmerHMM},{ev_type:exonerate/ID=match.2566964.1987/Target=lcl|PJQD01000056_1_prot_POY72199_1_5138;exonerate}
92406	92606	internal+	1	3	{GeneMark_model.2659_t;GeneMark},{GlimmerHMM_glimmerT_2492-T1;GlimmerHMM},{ev_type:exonerate/ID=match.2566964.1987/Target=lcl|PJQD01000056_1_prot_POY72199_1_5138;exonerate}
92607	92694	INTRON			{GeneMark_model.2659_t;GeneMark},{GlimmerHMM_glimmerT_2492-T1;GlimmerHMM},{ev_type:exonerate/ID=match.2566964.1987/Target=lcl|PJQD01000056_1_prot_POY72199_1_5138;exonerate}
92695	93481	internal+	1	1	{GeneMark_model.2659_t;GeneMark},{GlimmerHMM_glimmerT_2492-T1;GlimmerHMM},{ev_type:exonerate/ID=match.2566964.1987/Target=lcl|PJQD01000056_1_prot_POY72199_1_5138;exonerate}
93482	93559	INTRON			{GeneMark_model.2659_t;GeneMark},{GlimmerHMM_glimmerT_2492-T1;GlimmerHMM},{ev_type:exonerate/ID=match.2566964.1987/Target=lcl|PJQD01000056_1_prot_POY72199_1_5138;exonerate}
93560	93636	internal+	2	3	{GeneMark_model.2659_t;GeneMark},{GlimmerHMM_glimmerT_2492-T1;GlimmerHMM},{ev_type:exonerate/ID=match.2566964.1987/Target=lcl|PJQD01000056_1_prot_POY72199_1_5138;exonerate}
93637	93708	INTRON			{GeneMark_model.2659_t;GeneMark},{GlimmerHMM_glimmerT_2492-T1;GlimmerHMM},{ev_type:exonerate/ID=match.2566964.1987/Target=lcl|PJQD01000056_1_prot_POY72199_1_5138;exonerate}
93709	93998	internal+	1	2	{GeneMark_model.2659_t;GeneMark},{GlimmerHMM_glimmerT_2492-T1;GlimmerHMM},{ev_type:exonerate/ID=match.2566964.1987/Target=lcl|PJQD01000056_1_prot_POY72199_1_5138;exonerate}
93999	94075	INTRON			{GeneMark_model.2659_t;GeneMark},{GlimmerHMM_glimmerT_2492-T1;GlimmerHMM},{ev_type:exonerate/ID=match.2566964.1987/Target=lcl|PJQD01000056_1_prot_POY72199_1_5138;exonerate}
94076	94328	internal+	3	3	{GeneMark_model.2659_t;GeneMark},{GlimmerHMM_glimmerT_2492-T1;GlimmerHMM},{ev_type:exonerate/ID=match.2566964.1987/Target=lcl|PJQD01000056_1_prot_POY72199_1_5138;exonerate}
94329	94408	INTRON			{GeneMark_model.2659_t;GeneMark},{GlimmerHMM_glimmerT_2492-T1;GlimmerHMM},{ev_type:exonerate/ID=match.2566964.1987/Target=lcl|PJQD01000056_1_prot_POY72199_1_5138;exonerate}
94409	94518	internal+	1	2	{GeneMark_model.2659_t;GeneMark},{GlimmerHMM_glimmerT_2492-T1;GlimmerHMM},{ev_type:exonerate/ID=match.2566964.1987/Target=lcl|PJQD01000056_1_prot_POY72199_1_5138;exonerate}
94519	94600	INTRON			{GeneMark_model.2659_t;GeneMark},{GlimmerHMM_glimmerT_2492-T1;GlimmerHMM},{ev_type:exonerate/ID=match.2566964.1987/Target=lcl|PJQD01000056_1_prot_POY72199_1_5138;exonerate}
94601	94829	internal+	3	3	{GeneMark_model.2659_t;GeneMark},{GlimmerHMM_glimmerT_2492-T1;GlimmerHMM}
94830	94888	INTRON			{GeneMark_model.2659_t;GeneMark},{GlimmerHMM_glimmerT_2492-T1;GlimmerHMM},{ev_type:exonerate/ID=match.2566964.1987/Target=lcl|PJQD01000056_1_prot_POY72199_1_5138;exonerate}
94889	95536	internal+	1	3	{GeneMark_model.2659_t;GeneMark},{GlimmerHMM_glimmerT_2492-T1;GlimmerHMM},{ev_type:exonerate/ID=match.2566964.1987/Target=lcl|PJQD01000056_1_prot_POY72199_1_5138;exonerate}
95537	95613	INTRON			{GeneMark_model.2659_t;GeneMark},{GlimmerHMM_glimmerT_2492-T1;GlimmerHMM},{ev_type:exonerate/ID=match.2566964.1987/Target=lcl|PJQD01000056_1_prot_POY72199_1_5138;exonerate}
95614	95712	internal+	1	3	{GeneMark_model.2659_t;GeneMark},{GlimmerHMM_glimmerT_2492-T1;GlimmerHMM},{ev_type:exonerate/ID=match.2566964.1987/Target=lcl|PJQD01000056_1_prot_POY72199_1_5138;exonerate}
95713	95771	INTRON			{GeneMark_model.2659_t;GeneMark},{GlimmerHMM_glimmerT_2492-T1;GlimmerHMM},{ev_type:exonerate/ID=match.2566964.1987/Target=lcl|PJQD01000056_1_prot_POY72199_1_5138;exonerate}
95772	96122	internal+	1	3	{GeneMark_model.2659_t;GeneMark},{GlimmerHMM_glimmerT_2492-T1;GlimmerHMM},{ev_type:exonerate/ID=match.2566964.1987/Target=lcl|PJQD01000056_1_prot_POY72199_1_5138;exonerate}
96123	96193	INTRON			{GeneMark_model.2659_t;GeneMark},{GlimmerHMM_glimmerT_2492-T1;GlimmerHMM},{ev_type:exonerate/ID=match.2566964.1987/Target=lcl|PJQD01000056_1_prot_POY72199_1_5138;exonerate}
96194	96843	internal+	1	2	{GeneMark_model.2659_t;GeneMark},{GlimmerHMM_glimmerT_2492-T1;GlimmerHMM}
96844	96906	INTRON			{GeneMark_model.2659_t;GeneMark},{GlimmerHMM_glimmerT_2492-T1;GlimmerHMM}
96907	97465	terminal+	3	3	{GeneMark_model.2659_t;GeneMark},{GlimmerHMM_glimmerT_2492-T1;GlimmerHMM}

# EVM prediction: Mode:STANDARD S-ratio: 1.79 97766-99917 orient(+) score(5302.00) noncoding_equivalent(2959.33) raw_noncoding(3637.00) offset(677.67) 
97766	98095	initial+	1	3	{GeneMark_model.2660_t;GeneMark}
98096	98181	INTRON			{GeneMark_model.2660_t;GeneMark}
98182	98264	internal+	1	2	{GeneMark_model.2660_t;GeneMark}
98265	98353	INTRON			{GeneMark_model.2660_t;GeneMark}
98354	98564	internal+	3	3	{GlimmerHMM_glimmerT_2493-T1;GlimmerHMM},{GeneMark_model.2660_t;GeneMark}
98565	98642	INTRON			{GlimmerHMM_glimmerT_2493-T1;GlimmerHMM},{GeneMark_model.2660_t;GeneMark}
98643	99917	terminal+	1	3	{snap_scaffold_5-snap.483-T1;snap},{GlimmerHMM_glimmerT_2493-T1;GlimmerHMM},{GeneMark_model.2660_t;GeneMark}

# EVM prediction: Mode:STANDARD S-ratio: 1.63 102658-104673 orient(+) score(6245.00) noncoding_equivalent(3821.43) raw_noncoding(5691.00) offset(1869.57) 
102658	102880	initial+	1	1	{GlimmerHMM_glimmerT_2494-T1;GlimmerHMM},{GeneMark_model.2662_t;GeneMark}
102881	102952	INTRON			{GlimmerHMM_glimmerT_2494-T1;GlimmerHMM},{GeneMark_model.2662_t;GeneMark},{ev_type:exonerate/ID=match.2566964.2137/Target=lcl|KQ954555_1_prot_KWU41155_1_6479;exonerate}
102953	103012	internal+	2	1	{GlimmerHMM_glimmerT_2494-T1;GlimmerHMM},{GeneMark_model.2662_t;GeneMark},{ev_type:exonerate/ID=match.2566964.2137/Target=lcl|KQ954555_1_prot_KWU41155_1_6479;exonerate}
103013	103078	INTRON			{GlimmerHMM_glimmerT_2494-T1;GlimmerHMM},{GeneMark_model.2662_t;GeneMark},{ev_type:exonerate/ID=match.2566964.2137/Target=lcl|KQ954555_1_prot_KWU41155_1_6479;exonerate}
103079	103186	internal+	2	1	{GlimmerHMM_glimmerT_2494-T1;GlimmerHMM},{GeneMark_model.2662_t;GeneMark},{ev_type:exonerate/ID=match.2566964.2137/Target=lcl|KQ954555_1_prot_KWU41155_1_6479;exonerate}
103187	103260	INTRON			{GlimmerHMM_glimmerT_2494-T1;GlimmerHMM},{GeneMark_model.2662_t;GeneMark},{ev_type:exonerate/ID=match.2566964.2137/Target=lcl|KQ954555_1_prot_KWU41155_1_6479;exonerate}
103261	103415	internal+	2	3	{GlimmerHMM_glimmerT_2494-T1;GlimmerHMM},{GeneMark_model.2662_t;GeneMark},{ev_type:exonerate/ID=match.2566964.2137/Target=lcl|KQ954555_1_prot_KWU41155_1_6479;exonerate}
103416	103864	INTRON			{GlimmerHMM_glimmerT_2494-T1;GlimmerHMM},{GeneMark_model.2662_t;GeneMark},{ev_type:exonerate/ID=match.2566964.2137/Target=lcl|KQ954555_1_prot_KWU41155_1_6479;exonerate}
103865	104067	internal+	1	2	{GlimmerHMM_glimmerT_2494-T1;GlimmerHMM},{GeneMark_model.2662_t;GeneMark},{ev_type:exonerate/ID=match.2566964.2137/Target=lcl|KQ954555_1_prot_KWU41155_1_6479;exonerate}
104068	104148	INTRON			{GlimmerHMM_glimmerT_2494-T1;GlimmerHMM},{GeneMark_model.2662_t;GeneMark},{ev_type:exonerate/ID=match.2566964.2137/Target=lcl|KQ954555_1_prot_KWU41155_1_6479;exonerate}
104149	104267	internal+	3	1	{GlimmerHMM_glimmerT_2494-T1;GlimmerHMM},{GeneMark_model.2662_t;GeneMark},{ev_type:exonerate/ID=match.2566964.2137/Target=lcl|KQ954555_1_prot_KWU41155_1_6479;exonerate}
104268	104389	INTRON			{GlimmerHMM_glimmerT_2494-T1;GlimmerHMM},{GeneMark_model.2662_t;GeneMark},{ev_type:exonerate/ID=match.2566964.2137/Target=lcl|KQ954555_1_prot_KWU41155_1_6479;exonerate}
104390	104440	internal+	2	1	{GlimmerHMM_glimmerT_2494-T1;GlimmerHMM},{GeneMark_model.2662_t;GeneMark},{ev_type:exonerate/ID=match.2566964.2137/Target=lcl|KQ954555_1_prot_KWU41155_1_6479;exonerate}
104441	104512	INTRON			{GlimmerHMM_glimmerT_2494-T1;GlimmerHMM},{GeneMark_model.2662_t;GeneMark},{ev_type:exonerate/ID=match.2566964.2137/Target=lcl|KQ954555_1_prot_KWU41155_1_6479;exonerate}
104513	104673	terminal+	2	3	{GlimmerHMM_glimmerT_2494-T1;GlimmerHMM},{GeneMark_model.2662_t;GeneMark}

# EVM prediction: Mode:STANDARD S-ratio: 1.91 104921-107005 orient(-) score(6653.00) noncoding_equivalent(3480.48) raw_noncoding(4629.00) offset(1148.52) 
105149	104921	terminal-	6	6	{GlimmerHMM_glimmerT_2495-T1;GlimmerHMM},{snap_scaffold_5-snap.485-T1;snap},{GeneMark_model.2663_t;GeneMark}
105242	105150	INTRON			{GlimmerHMM_glimmerT_2495-T1;GlimmerHMM},{GeneMark_model.2663_t;GeneMark},{ev_type:exonerate/ID=match.2566964.2038/Target=lcl|PJQD01000056_1_prot_POY72202_1_5141;exonerate}
105363	105243	internal-	5	5	{GlimmerHMM_glimmerT_2495-T1;GlimmerHMM},{GeneMark_model.2663_t;GeneMark},{ev_type:exonerate/ID=match.2566964.2038/Target=lcl|PJQD01000056_1_prot_POY72202_1_5141;exonerate}
105443	105364	INTRON			{GlimmerHMM_glimmerT_2495-T1;GlimmerHMM},{GeneMark_model.2663_t;GeneMark},{ev_type:exonerate/ID=match.2566964.2038/Target=lcl|PJQD01000056_1_prot_POY72202_1_5141;exonerate}
105575	105444	internal-	5	4	{GlimmerHMM_glimmerT_2495-T1;GlimmerHMM},{GeneMark_model.2663_t;GeneMark},{ev_type:exonerate/ID=match.2566964.2038/Target=lcl|PJQD01000056_1_prot_POY72202_1_5141;exonerate}
105649	105576	INTRON			{GlimmerHMM_glimmerT_2495-T1;GlimmerHMM},{GeneMark_model.2663_t;GeneMark},{ev_type:exonerate/ID=match.2566964.2038/Target=lcl|PJQD01000056_1_prot_POY72202_1_5141;exonerate}
105956	105650	internal-	4	4	{GlimmerHMM_glimmerT_2495-T1;GlimmerHMM},{GeneMark_model.2663_t;GeneMark},{ev_type:exonerate/ID=match.2566964.2038/Target=lcl|PJQD01000056_1_prot_POY72202_1_5141;exonerate}
106029	105957	INTRON			{GlimmerHMM_glimmerT_2495-T1;GlimmerHMM},{GeneMark_model.2663_t;GeneMark},{ev_type:exonerate/ID=match.2566964.2038/Target=lcl|PJQD01000056_1_prot_POY72202_1_5141;exonerate}
106341	106030	internal-	4	6	{GlimmerHMM_glimmerT_2495-T1;GlimmerHMM},{GeneMark_model.2663_t;GeneMark},{ev_type:exonerate/ID=match.2566964.2038/Target=lcl|PJQD01000056_1_prot_POY72202_1_5141;exonerate}
106411	106342	INTRON			{GlimmerHMM_glimmerT_2495-T1;GlimmerHMM},{GeneMark_model.2663_t;GeneMark},{ev_type:exonerate/ID=match.2566964.2038/Target=lcl|PJQD01000056_1_prot_POY72202_1_5141;exonerate}
106479	106412	internal-	5	6	{GlimmerHMM_glimmerT_2495-T1;GlimmerHMM},{GeneMark_model.2663_t;GeneMark},{ev_type:exonerate/ID=match.2566964.2038/Target=lcl|PJQD01000056_1_prot_POY72202_1_5141;exonerate}
106544	106480	INTRON			{GeneMark_model.2663_t;GeneMark},{ev_type:exonerate/ID=match.2566964.2038/Target=lcl|PJQD01000056_1_prot_POY72202_1_5141;exonerate}
106574	106545	internal-	5	4	{GeneMark_model.2663_t;GeneMark},{ev_type:exonerate/ID=match.2566964.2038/Target=lcl|PJQD01000056_1_prot_POY72202_1_5141;exonerate}
106656	106575	INTRON			{GeneMark_model.2663_t;GeneMark},{ev_type:exonerate/ID=match.2566964.2038/Target=lcl|PJQD01000056_1_prot_POY72202_1_5141;exonerate}
107005	106657	initial-	4	4	{GlimmerHMM_glimmerT_2495-T1;GlimmerHMM},{GeneMark_model.2663_t;GeneMark}

# EVM prediction: Mode:STANDARD S-ratio: 3.99 108345-110927 orient(+) score(15353.00) noncoding_equivalent(3848.14) raw_noncoding(5136.00) offset(1287.86) 
108345	108375	initial+	1	1	{GeneMark_model.2664_t;GeneMark}
108376	108438	INTRON			{GeneMark_model.2664_t;GeneMark}
108439	108533	internal+	2	3	{GeneMark_model.2664_t;GeneMark}
108534	108779	INTRON			{GeneMark_model.2664_t;GeneMark},{GlimmerHMM_glimmerT_2496-T1;GlimmerHMM},{ev_type:exonerate/ID=match.2566964.2008/Target=lcl|PJQD01000056_1_prot_POY72203_1_5142;exonerate},{ev_type:exonerate/ID=match.2566964.2009/Target=lcl|KQ954555_1_prot_KWU41153_1_6477;exonerate}
108780	108835	internal+	1	2	{GeneMark_model.2664_t;GeneMark},{GlimmerHMM_glimmerT_2496-T1;GlimmerHMM},{ev_type:exonerate/ID=match.2566964.2008/Target=lcl|PJQD01000056_1_prot_POY72203_1_5142;exonerate},{ev_type:exonerate/ID=match.2566964.2012/Target=lcl|LCTV02000009_1_prot_PRQ72357_1_7913;exonerate},{ev_type:exonerate/ID=match.2566964.2009/Target=lcl|KQ954555_1_prot_KWU41153_1_6477;exonerate}
108836	108904	INTRON			{GeneMark_model.2664_t;GeneMark},{GlimmerHMM_glimmerT_2496-T1;GlimmerHMM},{ev_type:exonerate/ID=match.2566964.2008/Target=lcl|PJQD01000056_1_prot_POY72203_1_5142;exonerate},{ev_type:exonerate/ID=match.2566964.2012/Target=lcl|LCTV02000009_1_prot_PRQ72357_1_7913;exonerate},{ev_type:exonerate/ID=match.2566964.2009/Target=lcl|KQ954555_1_prot_KWU41153_1_6477;exonerate},{ev_type:exonerate/ID=match.2566964.2014/Target=lcl|BJWK01000003_1_prot_GEM07706_1_1723;exonerate}
108905	109112	internal+	3	3	{GeneMark_model.2664_t;GeneMark},{GlimmerHMM_glimmerT_2496-T1;GlimmerHMM},{ev_type:exonerate/ID=match.2566964.2008/Target=lcl|PJQD01000056_1_prot_POY72203_1_5142;exonerate},{ev_type:exonerate/ID=match.2566964.2012/Target=lcl|LCTV02000009_1_prot_PRQ72357_1_7913;exonerate},{ev_type:exonerate/ID=match.2566964.2009/Target=lcl|KQ954555_1_prot_KWU41153_1_6477;exonerate},{ev_type:exonerate/ID=match.2566964.2014/Target=lcl|BJWK01000003_1_prot_GEM07706_1_1723;exonerate}
109113	109177	INTRON			{GeneMark_model.2664_t;GeneMark},{GlimmerHMM_glimmerT_2496-T1;GlimmerHMM},{ev_type:exonerate/ID=match.2566964.2008/Target=lcl|PJQD01000056_1_prot_POY72203_1_5142;exonerate},{ev_type:exonerate/ID=match.2566964.2012/Target=lcl|LCTV02000009_1_prot_PRQ72357_1_7913;exonerate},{ev_type:exonerate/ID=match.2566964.2009/Target=lcl|KQ954555_1_prot_KWU41153_1_6477;exonerate},{ev_type:exonerate/ID=match.2566964.2014/Target=lcl|BJWK01000003_1_prot_GEM07706_1_1723;exonerate}
109178	109208	internal+	1	1	{GeneMark_model.2664_t;GeneMark},{GlimmerHMM_glimmerT_2496-T1;GlimmerHMM},{ev_type:exonerate/ID=match.2566964.2008/Target=lcl|PJQD01000056_1_prot_POY72203_1_5142;exonerate},{ev_type:exonerate/ID=match.2566964.2012/Target=lcl|LCTV02000009_1_prot_PRQ72357_1_7913;exonerate},{ev_type:exonerate/ID=match.2566964.2009/Target=lcl|KQ954555_1_prot_KWU41153_1_6477;exonerate},{ev_type:exonerate/ID=match.2566964.2014/Target=lcl|BJWK01000003_1_prot_GEM07706_1_1723;exonerate}
109209	109277	INTRON			{GeneMark_model.2664_t;GeneMark},{GlimmerHMM_glimmerT_2496-T1;GlimmerHMM},{ev_type:exonerate/ID=match.2566964.2008/Target=lcl|PJQD01000056_1_prot_POY72203_1_5142;exonerate},{ev_type:exonerate/ID=match.2566964.2012/Target=lcl|LCTV02000009_1_prot_PRQ72357_1_7913;exonerate},{ev_type:exonerate/ID=match.2566964.2009/Target=lcl|KQ954555_1_prot_KWU41153_1_6477;exonerate},{ev_type:exonerate/ID=match.2566964.2014/Target=lcl|BJWK01000003_1_prot_GEM07706_1_1723;exonerate}
109278	110520	internal+	2	2	{GeneMark_model.2664_t;GeneMark},{GlimmerHMM_glimmerT_2496-T1;GlimmerHMM},{ev_type:exonerate/ID=match.2566964.2008/Target=lcl|PJQD01000056_1_prot_POY72203_1_5142;exonerate},{ev_type:exonerate/ID=match.2566964.2012/Target=lcl|LCTV02000009_1_prot_PRQ72357_1_7913;exonerate},{ev_type:exonerate/ID=match.2566964.2009/Target=lcl|KQ954555_1_prot_KWU41153_1_6477;exonerate},{ev_type:exonerate/ID=match.2566964.2014/Target=lcl|BJWK01000003_1_prot_GEM07706_1_1723;exonerate}
110521	110579	INTRON			{GeneMark_model.2664_t;GeneMark},{GlimmerHMM_glimmerT_2496-T1;GlimmerHMM},{ev_type:exonerate/ID=match.2566964.2008/Target=lcl|PJQD01000056_1_prot_POY72203_1_5142;exonerate},{ev_type:exonerate/ID=match.2566964.2012/Target=lcl|LCTV02000009_1_prot_PRQ72357_1_7913;exonerate},{ev_type:exonerate/ID=match.2566964.2009/Target=lcl|KQ954555_1_prot_KWU41153_1_6477;exonerate},{ev_type:exonerate/ID=match.2566964.2014/Target=lcl|BJWK01000003_1_prot_GEM07706_1_1723;exonerate}
110580	110842	internal+	3	1	{GeneMark_model.2664_t;GeneMark},{GlimmerHMM_glimmerT_2496-T1;GlimmerHMM}
110843	110922	INTRON			{GeneMark_model.2664_t;GeneMark},{GlimmerHMM_glimmerT_2496-T1;GlimmerHMM}
110923	110927	terminal+	2	3	{GeneMark_model.2664_t;GeneMark},{GlimmerHMM_glimmerT_2496-T1;GlimmerHMM}

# EVM prediction: Mode:STANDARD S-ratio: 1.50 112825-113572 orient(+) score(2241.00) noncoding_equivalent(1496.00) raw_noncoding(2008.00) offset(512.00) 
112825	113079	initial+	1	3	{GeneMark_model.2665_t;GeneMark},{GlimmerHMM_glimmerT_2497-T1;GlimmerHMM}
113080	113143	INTRON			{GeneMark_model.2665_t;GeneMark},{GlimmerHMM_glimmerT_2497-T1;GlimmerHMM},{ev_type:exonerate/ID=match.2566964.2136/Target=lcl|KQ954555_1_prot_KWU41151_1_6475;exonerate}
113144	113194	internal+	1	3	{GeneMark_model.2665_t;GeneMark},{GlimmerHMM_glimmerT_2497-T1;GlimmerHMM},{ev_type:exonerate/ID=match.2566964.2136/Target=lcl|KQ954555_1_prot_KWU41151_1_6475;exonerate}
113195	113257	INTRON			{GeneMark_model.2665_t;GeneMark},{GlimmerHMM_glimmerT_2497-T1;GlimmerHMM},{ev_type:exonerate/ID=match.2566964.2136/Target=lcl|KQ954555_1_prot_KWU41151_1_6475;exonerate}
113258	113326	internal+	1	3	{GeneMark_model.2665_t;GeneMark},{GlimmerHMM_glimmerT_2497-T1;GlimmerHMM},{ev_type:exonerate/ID=match.2566964.2136/Target=lcl|KQ954555_1_prot_KWU41151_1_6475;exonerate}
113327	113389	INTRON			{GeneMark_model.2665_t;GeneMark},{GlimmerHMM_glimmerT_2497-T1;GlimmerHMM},{ev_type:exonerate/ID=match.2566964.2136/Target=lcl|KQ954555_1_prot_KWU41151_1_6475;exonerate}
113390	113458	internal+	1	3	{GeneMark_model.2665_t;GeneMark},{GlimmerHMM_glimmerT_2497-T1;GlimmerHMM},{ev_type:exonerate/ID=match.2566964.2136/Target=lcl|KQ954555_1_prot_KWU41151_1_6475;exonerate}
113459	113524	INTRON			{GeneMark_model.2665_t;GeneMark},{GlimmerHMM_glimmerT_2497-T1;GlimmerHMM},{ev_type:exonerate/ID=match.2566964.2136/Target=lcl|KQ954555_1_prot_KWU41151_1_6475;exonerate}
113525	113572	terminal+	1	3	{GeneMark_model.2665_t;GeneMark},{GlimmerHMM_glimmerT_2497-T1;GlimmerHMM}

# EVM prediction: Mode:STANDARD S-ratio: 2.96 114454-115975 orient(+) score(7612.00) noncoding_equivalent(2569.82) raw_noncoding(3527.00) offset(957.18) 
114454	114498	initial+	1	3	{GeneMark_model.2666_t;GeneMark},{GlimmerHMM_glimmerT_2498-T1;GlimmerHMM}
114499	114562	INTRON			{GeneMark_model.2666_t;GeneMark},{GlimmerHMM_glimmerT_2498-T1;GlimmerHMM}
114563	114693	internal+	1	2	{GeneMark_model.2666_t;GeneMark},{GlimmerHMM_glimmerT_2498-T1;GlimmerHMM}
114694	114760	INTRON			{GeneMark_model.2666_t;GeneMark},{GlimmerHMM_glimmerT_2498-T1;GlimmerHMM},{ev_type:exonerate/ID=match.2566964.2091/Target=lcl|BJWK01000003_1_prot_GEM07707_1_1724;exonerate},{ev_type:exonerate/ID=match.2566964.2092/Target=lcl|NW_017264933_1_prot_XP_018271145_1_3103;exonerate},{ev_type:exonerate/ID=match.2566964.2093/Target=lcl|LCTV02000009_1_prot_PRQ72356_1_7912;exonerate}
114761	114802	internal+	3	2	{GeneMark_model.2666_t;GeneMark},{GlimmerHMM_glimmerT_2498-T1;GlimmerHMM},{ev_type:exonerate/ID=match.2566964.2091/Target=lcl|BJWK01000003_1_prot_GEM07707_1_1724;exonerate},{ev_type:exonerate/ID=match.2566964.2092/Target=lcl|NW_017264933_1_prot_XP_018271145_1_3103;exonerate},{ev_type:exonerate/ID=match.2566964.2093/Target=lcl|LCTV02000009_1_prot_PRQ72356_1_7912;exonerate}
114803	114878	INTRON			{GeneMark_model.2666_t;GeneMark},{GlimmerHMM_glimmerT_2498-T1;GlimmerHMM},{ev_type:exonerate/ID=match.2566964.2091/Target=lcl|BJWK01000003_1_prot_GEM07707_1_1724;exonerate},{ev_type:exonerate/ID=match.2566964.2092/Target=lcl|NW_017264933_1_prot_XP_018271145_1_3103;exonerate},{ev_type:exonerate/ID=match.2566964.2093/Target=lcl|LCTV02000009_1_prot_PRQ72356_1_7912;exonerate}
114879	114985	internal+	3	1	{GeneMark_model.2666_t;GeneMark},{GlimmerHMM_glimmerT_2498-T1;GlimmerHMM},{ev_type:exonerate/ID=match.2566964.2091/Target=lcl|BJWK01000003_1_prot_GEM07707_1_1724;exonerate},{ev_type:exonerate/ID=match.2566964.2092/Target=lcl|NW_017264933_1_prot_XP_018271145_1_3103;exonerate},{ev_type:exonerate/ID=match.2566964.2093/Target=lcl|LCTV02000009_1_prot_PRQ72356_1_7912;exonerate}
114986	115052	INTRON			{GeneMark_model.2666_t;GeneMark},{GlimmerHMM_glimmerT_2498-T1;GlimmerHMM},{ev_type:exonerate/ID=match.2566964.2091/Target=lcl|BJWK01000003_1_prot_GEM07707_1_1724;exonerate},{ev_type:exonerate/ID=match.2566964.2092/Target=lcl|NW_017264933_1_prot_XP_018271145_1_3103;exonerate},{ev_type:exonerate/ID=match.2566964.2093/Target=lcl|LCTV02000009_1_prot_PRQ72356_1_7912;exonerate}
115053	115283	internal+	2	1	{GeneMark_model.2666_t;GeneMark},{ev_type:exonerate/ID=match.2566964.2091/Target=lcl|BJWK01000003_1_prot_GEM07707_1_1724;exonerate},{ev_type:exonerate/ID=match.2566964.2092/Target=lcl|NW_017264933_1_prot_XP_018271145_1_3103;exonerate},{ev_type:exonerate/ID=match.2566964.2093/Target=lcl|LCTV02000009_1_prot_PRQ72356_1_7912;exonerate}
115284	115355	INTRON			{GeneMark_model.2666_t;GeneMark},{ev_type:exonerate/ID=match.2566964.2091/Target=lcl|BJWK01000003_1_prot_GEM07707_1_1724;exonerate},{ev_type:exonerate/ID=match.2566964.2092/Target=lcl|NW_017264933_1_prot_XP_018271145_1_3103;exonerate},{ev_type:exonerate/ID=match.2566964.2093/Target=lcl|LCTV02000009_1_prot_PRQ72356_1_7912;exonerate}
115356	115550	internal+	2	1	{GeneMark_model.2666_t;GeneMark},{GlimmerHMM_glimmerT_2498-T1;GlimmerHMM},{ev_type:exonerate/ID=match.2566964.2091/Target=lcl|BJWK01000003_1_prot_GEM07707_1_1724;exonerate},{ev_type:exonerate/ID=match.2566964.2092/Target=lcl|NW_017264933_1_prot_XP_018271145_1_3103;exonerate},{ev_type:exonerate/ID=match.2566964.2093/Target=lcl|LCTV02000009_1_prot_PRQ72356_1_7912;exonerate}
115551	115630	INTRON			{GeneMark_model.2666_t;GeneMark},{GlimmerHMM_glimmerT_2498-T1;GlimmerHMM},{ev_type:exonerate/ID=match.2566964.2091/Target=lcl|BJWK01000003_1_prot_GEM07707_1_1724;exonerate},{ev_type:exonerate/ID=match.2566964.2092/Target=lcl|NW_017264933_1_prot_XP_018271145_1_3103;exonerate},{ev_type:exonerate/ID=match.2566964.2093/Target=lcl|LCTV02000009_1_prot_PRQ72356_1_7912;exonerate}
115631	115732	internal+	2	1	{GeneMark_model.2666_t;GeneMark},{GlimmerHMM_glimmerT_2498-T1;GlimmerHMM},{ev_type:exonerate/ID=match.2566964.2091/Target=lcl|BJWK01000003_1_prot_GEM07707_1_1724;exonerate},{ev_type:exonerate/ID=match.2566964.2092/Target=lcl|NW_017264933_1_prot_XP_018271145_1_3103;exonerate},{ev_type:exonerate/ID=match.2566964.2093/Target=lcl|LCTV02000009_1_prot_PRQ72356_1_7912;exonerate}
115733	115809	INTRON			{GeneMark_model.2666_t;GeneMark},{GlimmerHMM_glimmerT_2498-T1;GlimmerHMM},{ev_type:exonerate/ID=match.2566964.2091/Target=lcl|BJWK01000003_1_prot_GEM07707_1_1724;exonerate},{ev_type:exonerate/ID=match.2566964.2092/Target=lcl|NW_017264933_1_prot_XP_018271145_1_3103;exonerate},{ev_type:exonerate/ID=match.2566964.2093/Target=lcl|LCTV02000009_1_prot_PRQ72356_1_7912;exonerate}
115810	115975	internal+	2	2	{GeneMark_model.2666_t;GeneMark},{GlimmerHMM_glimmerT_2498-T1;GlimmerHMM}

