!! Predictions spanning range 9990 - 105411 [R1]
# EVM prediction: Mode:STANDARD S-ratio: 4.43 9990-11085 orient(-) score(7537.00) noncoding_equivalent(1703.23) raw_noncoding(2078.39) offset(375.16) 
10043	9990	terminal-	4	6	{GeneMark_model.5192_t;GeneMark},{Augustus_model.g4068.t1;Augustus},{GlimmerHMM_glimmerT_4856-T1;GlimmerHMM}
10101	10044	INTRON			{GeneMark_model.5192_t;GeneMark},{Augustus_model.g4068.t1;Augustus},{GlimmerHMM_glimmerT_4856-T1;GlimmerHMM},{ev_type:exonerate/ID=match.2566964.4012/Target=lcl|PJQD01000074_1_prot_POY71691_1_5658;exonerate},{ev_type:exonerate/ID=match.2566964.4015/Target=lcl|KQ954519_1_prot_KWU42003_1_5672;exonerate},{ev_type:exonerate/ID=match.2566964.4019/Target=lcl|NW_017264947_1_prot_XP_018267706_1_7057;exonerate},{ev_type:exonerate/ID=match.2566964.4017/Target=lcl|LCTV02000011_1_prot_PRQ71771_1_1518;exonerate}
10215	10102	internal-	4	6	{GeneMark_model.5192_t;GeneMark},{Augustus_model.g4068.t1;Augustus},{GlimmerHMM_glimmerT_4856-T1;GlimmerHMM},{ev_type:exonerate/ID=match.2566964.4012/Target=lcl|PJQD01000074_1_prot_POY71691_1_5658;exonerate},{ev_type:exonerate/ID=match.2566964.4015/Target=lcl|KQ954519_1_prot_KWU42003_1_5672;exonerate},{ev_type:exonerate/ID=match.2566964.4019/Target=lcl|NW_017264947_1_prot_XP_018267706_1_7057;exonerate},{ev_type:exonerate/ID=match.2566964.4017/Target=lcl|LCTV02000011_1_prot_PRQ71771_1_1518;exonerate}
10283	10216	INTRON			{GeneMark_model.5192_t;GeneMark},{Augustus_model.g4068.t1;Augustus},{GlimmerHMM_glimmerT_4856-T1;GlimmerHMM},{ev_type:exonerate/ID=match.2566964.4012/Target=lcl|PJQD01000074_1_prot_POY71691_1_5658;exonerate},{ev_type:exonerate/ID=match.2566964.4015/Target=lcl|KQ954519_1_prot_KWU42003_1_5672;exonerate},{ev_type:exonerate/ID=match.2566964.4019/Target=lcl|NW_017264947_1_prot_XP_018267706_1_7057;exonerate},{ev_type:exonerate/ID=match.2566964.4017/Target=lcl|LCTV02000011_1_prot_PRQ71771_1_1518;exonerate}
10756	10284	internal-	5	6	{GeneMark_model.5192_t;GeneMark},{Augustus_model.g4068.t1;Augustus},{GlimmerHMM_glimmerT_4856-T1;GlimmerHMM},{ev_type:exonerate/ID=match.2566964.4012/Target=lcl|PJQD01000074_1_prot_POY71691_1_5658;exonerate},{ev_type:exonerate/ID=match.2566964.4015/Target=lcl|KQ954519_1_prot_KWU42003_1_5672;exonerate},{ev_type:exonerate/ID=match.2566964.4019/Target=lcl|NW_017264947_1_prot_XP_018267706_1_7057;exonerate},{ev_type:exonerate/ID=match.2566964.4017/Target=lcl|LCTV02000011_1_prot_PRQ71771_1_1518;exonerate}
10818	10757	INTRON			{GeneMark_model.5192_t;GeneMark},{Augustus_model.g4068.t1;Augustus},{GlimmerHMM_glimmerT_4856-T1;GlimmerHMM},{ev_type:exonerate/ID=match.2566964.4012/Target=lcl|PJQD01000074_1_prot_POY71691_1_5658;exonerate},{ev_type:exonerate/ID=match.2566964.4015/Target=lcl|KQ954519_1_prot_KWU42003_1_5672;exonerate},{ev_type:exonerate/ID=match.2566964.4019/Target=lcl|NW_017264947_1_prot_XP_018267706_1_7057;exonerate},{ev_type:exonerate/ID=match.2566964.4017/Target=lcl|LCTV02000011_1_prot_PRQ71771_1_1518;exonerate}
10837	10819	internal-	4	4	{GeneMark_model.5192_t;GeneMark},{Augustus_model.g4068.t1;Augustus},{GlimmerHMM_glimmerT_4856-T1;GlimmerHMM},{ev_type:exonerate/ID=match.2566964.4012/Target=lcl|PJQD01000074_1_prot_POY71691_1_5658;exonerate},{ev_type:exonerate/ID=match.2566964.4015/Target=lcl|KQ954519_1_prot_KWU42003_1_5672;exonerate},{ev_type:exonerate/ID=match.2566964.4019/Target=lcl|NW_017264947_1_prot_XP_018267706_1_7057;exonerate},{ev_type:exonerate/ID=match.2566964.4017/Target=lcl|LCTV02000011_1_prot_PRQ71771_1_1518;exonerate}
10900	10838	INTRON			{GeneMark_model.5192_t;GeneMark},{Augustus_model.g4068.t1;Augustus},{GlimmerHMM_glimmerT_4856-T1;GlimmerHMM},{ev_type:exonerate/ID=match.2566964.4012/Target=lcl|PJQD01000074_1_prot_POY71691_1_5658;exonerate},{ev_type:exonerate/ID=match.2566964.4015/Target=lcl|KQ954519_1_prot_KWU42003_1_5672;exonerate},{ev_type:exonerate/ID=match.2566964.4019/Target=lcl|NW_017264947_1_prot_XP_018267706_1_7057;exonerate},{ev_type:exonerate/ID=match.2566964.4017/Target=lcl|LCTV02000011_1_prot_PRQ71771_1_1518;exonerate}
10962	10901	internal-	5	6	{GeneMark_model.5192_t;GeneMark},{Augustus_model.g4068.t1;Augustus},{ev_type:exonerate/ID=match.2566964.4012/Target=lcl|PJQD01000074_1_prot_POY71691_1_5658;exonerate},{ev_type:exonerate/ID=match.2566964.4015/Target=lcl|KQ954519_1_prot_KWU42003_1_5672;exonerate},{ev_type:exonerate/ID=match.2566964.4019/Target=lcl|NW_017264947_1_prot_XP_018267706_1_7057;exonerate},{ev_type:exonerate/ID=match.2566964.4017/Target=lcl|LCTV02000011_1_prot_PRQ71771_1_1518;exonerate}
11024	10963	INTRON			{GeneMark_model.5192_t;GeneMark},{Augustus_model.g4068.t1;Augustus},{ev_type:exonerate/ID=match.2566964.4012/Target=lcl|PJQD01000074_1_prot_POY71691_1_5658;exonerate},{ev_type:exonerate/ID=match.2566964.4015/Target=lcl|KQ954519_1_prot_KWU42003_1_5672;exonerate},{ev_type:exonerate/ID=match.2566964.4019/Target=lcl|NW_017264947_1_prot_XP_018267706_1_7057;exonerate},{ev_type:exonerate/ID=match.2566964.4017/Target=lcl|LCTV02000011_1_prot_PRQ71771_1_1518;exonerate}
11085	11025	initial-	4	4	{GeneMark_model.5192_t;GeneMark}

# EVM prediction: Mode:STANDARD S-ratio: 1.23 11512-12630 orient(-) score(2468.00) noncoding_equivalent(2008.35) raw_noncoding(2668.35) offset(660.00) 
11791	11512	terminal-	6	6	{GeneMark_model.5193_t;GeneMark}
11853	11792	INTRON			{GeneMark_model.5193_t;GeneMark},{Augustus_model.g4068.t1;Augustus}
11921	11854	internal-	4	5	{GeneMark_model.5193_t;GeneMark},{Augustus_model.g4068.t1;Augustus}
11990	11922	INTRON			{GeneMark_model.5193_t;GeneMark},{Augustus_model.g4068.t1;Augustus}
12081	11991	internal-	6	6	{GeneMark_model.5193_t;GeneMark},{Augustus_model.g4068.t1;Augustus}
12141	12082	INTRON			{GeneMark_model.5193_t;GeneMark},{Augustus_model.g4068.t1;Augustus}
12241	12142	internal-	5	5	{GeneMark_model.5193_t;GeneMark},{Augustus_model.g4068.t1;Augustus}
12302	12242	INTRON			{GeneMark_model.5193_t;GeneMark},{Augustus_model.g4068.t1;Augustus}
12389	12303	internal-	5	4	{GeneMark_model.5193_t;GeneMark},{Augustus_model.g4068.t1;Augustus}
12467	12390	INTRON			{GeneMark_model.5193_t;GeneMark},{Augustus_model.g4068.t1;Augustus}
12630	12468	initial-	4	4	{GeneMark_model.5193_t;GeneMark},{Augustus_model.g4068.t1;Augustus}

# EVM prediction: Mode:STANDARD S-ratio: 5.80 12916-14273 orient(+) score(8954.00) noncoding_equivalent(1542.59) raw_noncoding(2073.00) offset(530.41) 
12916	12976	initial+	1	1	{GeneMark_model.5194_t;GeneMark},{Augustus_model.g4069.t1;Augustus},{GlimmerHMM_glimmerT_4857-T1;GlimmerHMM}
12977	13053	INTRON			{GeneMark_model.5194_t;GeneMark},{Augustus_model.g4069.t1;Augustus},{ev_type:exonerate/ID=match.2566964.4004/Target=lcl|LCTV02000011_1_prot_PRQ71773_1_1520;exonerate},{ev_type:exonerate/ID=match.2566964.4006/Target=lcl|BJWK01000010_1_prot_GEM10204_1_4221;exonerate},{ev_type:exonerate/ID=match.2566964.4000/Target=lcl|PJQD01000074_1_prot_POY71693_1_5660;exonerate},{ev_type:exonerate/ID=match.2566964.4001/Target=lcl|KQ954519_1_prot_KWU42001_1_5670;exonerate}
13054	13089	internal+	2	1	{GeneMark_model.5194_t;GeneMark},{Augustus_model.g4069.t1;Augustus},{ev_type:exonerate/ID=match.2566964.4004/Target=lcl|LCTV02000011_1_prot_PRQ71773_1_1520;exonerate},{ev_type:exonerate/ID=match.2566964.4006/Target=lcl|BJWK01000010_1_prot_GEM10204_1_4221;exonerate},{ev_type:exonerate/ID=match.2566964.4000/Target=lcl|PJQD01000074_1_prot_POY71693_1_5660;exonerate},{ev_type:exonerate/ID=match.2566964.4001/Target=lcl|KQ954519_1_prot_KWU42001_1_5670;exonerate}
13090	13165	INTRON			{GeneMark_model.5194_t;GeneMark},{Augustus_model.g4069.t1;Augustus},{ev_type:exonerate/ID=match.2566964.4004/Target=lcl|LCTV02000011_1_prot_PRQ71773_1_1520;exonerate},{ev_type:exonerate/ID=match.2566964.4006/Target=lcl|BJWK01000010_1_prot_GEM10204_1_4221;exonerate},{ev_type:exonerate/ID=match.2566964.4000/Target=lcl|PJQD01000074_1_prot_POY71693_1_5660;exonerate},{ev_type:exonerate/ID=match.2566964.4001/Target=lcl|KQ954519_1_prot_KWU42001_1_5670;exonerate}
13166	13235	internal+	2	2	{GeneMark_model.5194_t;GeneMark},{Augustus_model.g4069.t1;Augustus},{GlimmerHMM_glimmerT_4857-T1;GlimmerHMM},{ev_type:exonerate/ID=match.2566964.4004/Target=lcl|LCTV02000011_1_prot_PRQ71773_1_1520;exonerate},{ev_type:exonerate/ID=match.2566964.4006/Target=lcl|BJWK01000010_1_prot_GEM10204_1_4221;exonerate},{ev_type:exonerate/ID=match.2566964.4000/Target=lcl|PJQD01000074_1_prot_POY71693_1_5660;exonerate},{ev_type:exonerate/ID=match.2566964.4001/Target=lcl|KQ954519_1_prot_KWU42001_1_5670;exonerate}
13236	13321	INTRON			{GeneMark_model.5194_t;GeneMark},{Augustus_model.g4069.t1;Augustus},{GlimmerHMM_glimmerT_4857-T1;GlimmerHMM},{ev_type:exonerate/ID=match.2566964.4004/Target=lcl|LCTV02000011_1_prot_PRQ71773_1_1520;exonerate},{ev_type:exonerate/ID=match.2566964.4006/Target=lcl|BJWK01000010_1_prot_GEM10204_1_4221;exonerate},{ev_type:exonerate/ID=match.2566964.4000/Target=lcl|PJQD01000074_1_prot_POY71693_1_5660;exonerate},{ev_type:exonerate/ID=match.2566964.4001/Target=lcl|KQ954519_1_prot_KWU42001_1_5670;exonerate}
13322	13674	internal+	3	1	{GeneMark_model.5194_t;GeneMark},{Augustus_model.g4069.t1;Augustus},{GlimmerHMM_glimmerT_4857-T1;GlimmerHMM},{ev_type:exonerate/ID=match.2566964.4004/Target=lcl|LCTV02000011_1_prot_PRQ71773_1_1520;exonerate},{ev_type:exonerate/ID=match.2566964.4006/Target=lcl|BJWK01000010_1_prot_GEM10204_1_4221;exonerate},{ev_type:exonerate/ID=match.2566964.4000/Target=lcl|PJQD01000074_1_prot_POY71693_1_5660;exonerate},{ev_type:exonerate/ID=match.2566964.4001/Target=lcl|KQ954519_1_prot_KWU42001_1_5670;exonerate}
13675	13747	INTRON			{GeneMark_model.5194_t;GeneMark},{Augustus_model.g4069.t1;Augustus}
13748	13759	internal+	2	1	{GeneMark_model.5194_t;GeneMark},{Augustus_model.g4069.t1;Augustus}
13760	13826	INTRON			{GeneMark_model.5194_t;GeneMark},{Augustus_model.g4069.t1;Augustus}
13827	14152	internal+	2	3	{GeneMark_model.5194_t;GeneMark},{Augustus_model.g4069.t1;Augustus},{GlimmerHMM_glimmerT_4857-T1;GlimmerHMM}
14153	14219	INTRON			{GeneMark_model.5194_t;GeneMark},{Augustus_model.g4069.t1;Augustus},{GlimmerHMM_glimmerT_4857-T1;GlimmerHMM},{ev_type:exonerate/ID=match.2566964.4004/Target=lcl|LCTV02000011_1_prot_PRQ71773_1_1520;exonerate},{ev_type:exonerate/ID=match.2566964.4006/Target=lcl|BJWK01000010_1_prot_GEM10204_1_4221;exonerate},{ev_type:exonerate/ID=match.2566964.4000/Target=lcl|PJQD01000074_1_prot_POY71693_1_5660;exonerate},{ev_type:exonerate/ID=match.2566964.4001/Target=lcl|KQ954519_1_prot_KWU42001_1_5670;exonerate}
14220	14273	terminal+	1	3	{GeneMark_model.5194_t;GeneMark},{Augustus_model.g4069.t1;Augustus},{GlimmerHMM_glimmerT_4857-T1;GlimmerHMM}

# EVM prediction: Mode:STANDARD S-ratio: 4.51 14965-15335 orient(-) score(1323.00) noncoding_equivalent(293.10) raw_noncoding(354.10) offset(61.00) 
15053	14965	terminal-	5	6	{GlimmerHMM_glimmerT_4858-T1;GlimmerHMM},{GeneMark_model.5195_t;GeneMark}
15121	15054	INTRON			{GlimmerHMM_glimmerT_4858-T1;GlimmerHMM},{GeneMark_model.5195_t;GeneMark},{Augustus_model.g4070.t1;Augustus}
15335	15122	initial-	4	4	{GlimmerHMM_glimmerT_4858-T1;GlimmerHMM},{GeneMark_model.5195_t;GeneMark},{Augustus_model.g4070.t1;Augustus}

# EVM prediction: Mode:STANDARD S-ratio: 1.44 15911-17226 orient(-) score(3328.00) noncoding_equivalent(2312.82) raw_noncoding(3373.04) offset(1060.22) 
15979	15911	terminal-	4	6	{GeneMark_model.5196_t;GeneMark},{Augustus_model.g4071.t1;Augustus}
16038	15980	INTRON			{GeneMark_model.5196_t;GeneMark},{Augustus_model.g4071.t1;Augustus}
16085	16039	internal-	5	6	{GeneMark_model.5196_t;GeneMark},{Augustus_model.g4071.t1;Augustus}
16159	16086	INTRON			{GeneMark_model.5196_t;GeneMark},{Augustus_model.g4071.t1;Augustus}
16279	16160	internal-	5	4	{GeneMark_model.5196_t;GeneMark},{GlimmerHMM_glimmerT_4859-T1;GlimmerHMM},{Augustus_model.g4071.t1;Augustus}
16377	16280	INTRON			{GeneMark_model.5196_t;GeneMark},{GlimmerHMM_glimmerT_4859-T1;GlimmerHMM},{Augustus_model.g4071.t1;Augustus}
16449	16378	internal-	5	4	{GeneMark_model.5196_t;GeneMark},{GlimmerHMM_glimmerT_4859-T1;GlimmerHMM},{Augustus_model.g4071.t1;Augustus}
16547	16450	INTRON			{GeneMark_model.5196_t;GeneMark},{GlimmerHMM_glimmerT_4859-T1;GlimmerHMM},{Augustus_model.g4071.t1;Augustus}
16671	16548	internal-	4	4	{GeneMark_model.5196_t;GeneMark},{Augustus_model.g4071.t1;Augustus}
16734	16672	INTRON			{GeneMark_model.5196_t;GeneMark},{Augustus_model.g4071.t1;Augustus}
16766	16735	internal-	5	6	{GeneMark_model.5196_t;GeneMark},{Augustus_model.g4071.t1;Augustus}
16829	16767	INTRON			{GeneMark_model.5196_t;GeneMark},{Augustus_model.g4071.t1;Augustus}
16906	16830	internal-	6	4	{GeneMark_model.5196_t;GeneMark},{Augustus_model.g4071.t1;Augustus}
16976	16907	INTRON			{GeneMark_model.5196_t;GeneMark},{Augustus_model.g4071.t1;Augustus}
16991	16977	internal-	6	5	{GeneMark_model.5196_t;GeneMark},{Augustus_model.g4071.t1;Augustus}
17057	16992	INTRON			{GeneMark_model.5196_t;GeneMark},{Augustus_model.g4071.t1;Augustus}
17126	17058	internal-	6	5	{GeneMark_model.5196_t;GeneMark},{Augustus_model.g4071.t1;Augustus}
17212	17127	INTRON			{GeneMark_model.5196_t;GeneMark},{Augustus_model.g4071.t1;Augustus}
17226	17213	initial-	4	5	{GeneMark_model.5196_t;GeneMark},{Augustus_model.g4071.t1;Augustus}

# EVM prediction: Mode:STANDARD S-ratio: 3.79 18136-20305 orient(+) score(7260.00) noncoding_equivalent(1914.77) raw_noncoding(2170.00) offset(255.23) 
18136	18391	initial+	1	1	{Augustus_model.g4072.t1;Augustus},{GeneMark_model.5198_t;GeneMark},{GlimmerHMM_glimmerT_4860-T1;GlimmerHMM}
18392	18461	INTRON			{Augustus_model.g4072.t1;Augustus},{GeneMark_model.5198_t;GeneMark},{GlimmerHMM_glimmerT_4860-T1;GlimmerHMM}
18462	19206	internal+	2	2	{Augustus_model.g4072.t1;Augustus},{GeneMark_model.5198_t;GeneMark},{GlimmerHMM_glimmerT_4860-T1;GlimmerHMM}
19207	19269	INTRON			{Augustus_model.g4072.t1;Augustus},{GeneMark_model.5198_t;GeneMark},{GlimmerHMM_glimmerT_4860-T1;GlimmerHMM}
19270	19407	internal+	3	2	{Augustus_model.g4072.t1;Augustus},{GeneMark_model.5198_t;GeneMark},{GlimmerHMM_glimmerT_4860-T1;GlimmerHMM}
19408	19469	INTRON			{Augustus_model.g4072.t1;Augustus},{GeneMark_model.5198_t;GeneMark},{GlimmerHMM_glimmerT_4860-T1;GlimmerHMM}
19470	20139	internal+	3	3	{Augustus_model.g4072.t1;Augustus},{GeneMark_model.5198_t;GeneMark},{GlimmerHMM_glimmerT_4860-T1;GlimmerHMM}
20140	20200	INTRON			{Augustus_model.g4072.t1;Augustus},{GeneMark_model.5198_t;GeneMark},{GlimmerHMM_glimmerT_4860-T1;GlimmerHMM}
20201	20305	terminal+	1	3	{Augustus_model.g4072.t1;Augustus},{GeneMark_model.5198_t;GeneMark},{GlimmerHMM_glimmerT_4860-T1;GlimmerHMM}

# EVM prediction: Mode:STANDARD S-ratio: 2.07 20481-25908 orient(-) score(15491.00) noncoding_equivalent(7497.20) raw_noncoding(9868.00) offset(2370.80) 
21056	20481	terminal-	4	6	{GeneMark_model.5199_t;GeneMark},{Augustus_model.g4073.t1;Augustus}
21128	21057	INTRON			{GeneMark_model.5199_t;GeneMark},{Augustus_model.g4073.t1;Augustus}
21273	21129	internal-	6	6	{GeneMark_model.5199_t;GeneMark},{Augustus_model.g4073.t1;Augustus}
21336	21274	INTRON			{GeneMark_model.5199_t;GeneMark},{Augustus_model.g4073.t1;Augustus}
21443	21337	internal-	4	5	{GeneMark_model.5199_t;GeneMark},{GlimmerHMM_glimmerT_4861-T1;GlimmerHMM},{Augustus_model.g4073.t1;Augustus}
21503	21444	INTRON			{GeneMark_model.5199_t;GeneMark},{GlimmerHMM_glimmerT_4861-T1;GlimmerHMM},{Augustus_model.g4073.t1;Augustus}
21681	21504	internal-	6	6	{GeneMark_model.5199_t;GeneMark},{GlimmerHMM_glimmerT_4861-T1;GlimmerHMM},{Augustus_model.g4073.t1;Augustus}
21745	21682	INTRON			{GeneMark_model.5199_t;GeneMark},{GlimmerHMM_glimmerT_4861-T1;GlimmerHMM},{Augustus_model.g4073.t1;Augustus}
21828	21746	internal-	4	5	{GeneMark_model.5199_t;GeneMark},{GlimmerHMM_glimmerT_4861-T1;GlimmerHMM},{Augustus_model.g4073.t1;Augustus}
21907	21829	INTRON			{GeneMark_model.5199_t;GeneMark},{Augustus_model.g4073.t1;Augustus}
21986	21908	internal-	6	6	{GeneMark_model.5199_t;GeneMark},{Augustus_model.g4073.t1;Augustus}
22045	21987	INTRON			{GeneMark_model.5199_t;GeneMark},{Augustus_model.g4073.t1;Augustus}
22299	22046	internal-	4	5	{GeneMark_model.5199_t;GeneMark},{Augustus_model.g4073.t1;Augustus}
22358	22300	INTRON			{GeneMark_model.5199_t;GeneMark},{GlimmerHMM_glimmerT_4861-T1;GlimmerHMM},{Augustus_model.g4073.t1;Augustus}
22410	22359	internal-	6	6	{GeneMark_model.5199_t;GeneMark},{GlimmerHMM_glimmerT_4861-T1;GlimmerHMM},{Augustus_model.g4073.t1;Augustus}
22469	22411	INTRON			{GeneMark_model.5199_t;GeneMark},{GlimmerHMM_glimmerT_4861-T1;GlimmerHMM},{Augustus_model.g4073.t1;Augustus}
22574	22470	internal-	6	5	{GeneMark_model.5199_t;GeneMark},{GlimmerHMM_glimmerT_4861-T1;GlimmerHMM},{Augustus_model.g4073.t1;Augustus}
22630	22575	INTRON			{GeneMark_model.5199_t;GeneMark},{GlimmerHMM_glimmerT_4861-T1;GlimmerHMM},{Augustus_model.g4073.t1;Augustus}
22746	22631	internal-	4	5	{GeneMark_model.5199_t;GeneMark},{GlimmerHMM_glimmerT_4861-T1;GlimmerHMM},{Augustus_model.g4073.t1;Augustus}
22804	22747	INTRON			{GeneMark_model.5199_t;GeneMark},{GlimmerHMM_glimmerT_4861-T1;GlimmerHMM},{Augustus_model.g4073.t1;Augustus}
22936	22805	internal-	4	6	{GeneMark_model.5199_t;GeneMark},{Augustus_model.g4073.t1;Augustus}
22995	22937	INTRON			{GeneMark_model.5199_t;GeneMark},{Augustus_model.g4073.t1;Augustus}
23302	22996	internal-	6	6	{GeneMark_model.5199_t;GeneMark},{Augustus_model.g4073.t1;Augustus}
23362	23303	INTRON			{GeneMark_model.5199_t;GeneMark},{Augustus_model.g4073.t1;Augustus}
23544	23363	internal-	4	5	{Augustus_model.g4073.t1;Augustus}
23584	23545	INTRON			{Augustus_model.g4073.t1;Augustus}
23710	23585	internal-	4	6	{GeneMark_model.5199_t;GeneMark},{GlimmerHMM_glimmerT_4861-T1;GlimmerHMM},{Augustus_model.g4073.t1;Augustus}
23772	23711	INTRON			{GeneMark_model.5199_t;GeneMark},{GlimmerHMM_glimmerT_4861-T1;GlimmerHMM},{Augustus_model.g4073.t1;Augustus}
23894	23773	internal-	5	6	{GeneMark_model.5199_t;GeneMark},{GlimmerHMM_glimmerT_4861-T1;GlimmerHMM},{Augustus_model.g4073.t1;Augustus}
23967	23895	INTRON			{GeneMark_model.5199_t;GeneMark},{Augustus_model.g4073.t1;Augustus}
24022	23968	internal-	4	4	{GeneMark_model.5199_t;GeneMark},{Augustus_model.g4073.t1;Augustus}
24087	24023	INTRON			{GeneMark_model.5199_t;GeneMark},{Augustus_model.g4073.t1;Augustus}
24170	24088	internal-	5	6	{GeneMark_model.5199_t;GeneMark},{Augustus_model.g4073.t1;Augustus}
24243	24171	INTRON			{GeneMark_model.5199_t;GeneMark},{Augustus_model.g4073.t1;Augustus}
24349	24244	internal-	4	4	{GeneMark_model.5199_t;GeneMark},{GlimmerHMM_glimmerT_4861-T1;GlimmerHMM},{Augustus_model.g4073.t1;Augustus}
24420	24350	INTRON			{GeneMark_model.5199_t;GeneMark},{GlimmerHMM_glimmerT_4861-T1;GlimmerHMM},{Augustus_model.g4073.t1;Augustus}
24587	24421	internal-	5	6	{GeneMark_model.5199_t;GeneMark},{GlimmerHMM_glimmerT_4861-T1;GlimmerHMM},{Augustus_model.g4073.t1;Augustus}
24663	24588	INTRON			{GeneMark_model.5199_t;GeneMark},{GlimmerHMM_glimmerT_4861-T1;GlimmerHMM},{Augustus_model.g4073.t1;Augustus}
24866	24664	internal-	6	4	{GeneMark_model.5199_t;GeneMark},{GlimmerHMM_glimmerT_4861-T1;GlimmerHMM},{Augustus_model.g4073.t1;Augustus}
24931	24867	INTRON			{GeneMark_model.5199_t;GeneMark},{GlimmerHMM_glimmerT_4861-T1;GlimmerHMM},{Augustus_model.g4073.t1;Augustus}
25066	24932	internal-	6	5	{GeneMark_model.5199_t;GeneMark},{GlimmerHMM_glimmerT_4861-T1;GlimmerHMM},{Augustus_model.g4073.t1;Augustus}
25141	25067	INTRON			{GeneMark_model.5199_t;GeneMark},{GlimmerHMM_glimmerT_4861-T1;GlimmerHMM},{Augustus_model.g4073.t1;Augustus}
25310	25142	internal-	5	5	{GeneMark_model.5199_t;GeneMark},{Augustus_model.g4073.t1;Augustus}
25372	25311	INTRON			{GeneMark_model.5199_t;GeneMark},{Augustus_model.g4073.t1;Augustus}
25510	25373	internal-	5	4	{GeneMark_model.5199_t;GeneMark},{Augustus_model.g4073.t1;Augustus}
25600	25511	INTRON			{GeneMark_model.5199_t;GeneMark},{Augustus_model.g4073.t1;Augustus}
25805	25601	internal-	4	4	{GeneMark_model.5199_t;GeneMark},{Augustus_model.g4073.t1;Augustus}
25884	25806	INTRON			{GeneMark_model.5199_t;GeneMark},{Augustus_model.g4073.t1;Augustus}
25908	25885	initial-	4	6	{GeneMark_model.5199_t;GeneMark},{GlimmerHMM_glimmerT_4862-T1;GlimmerHMM},{Augustus_model.g4073.t1;Augustus}

# EVM prediction: Mode:STANDARD S-ratio: 2.74 26645-27575 orient(+) score(4363.00) noncoding_equivalent(1595.00) raw_noncoding(1951.00) offset(356.00) 
26645	26710	initial+	1	3	{Augustus_model.g4074.t1;Augustus}
26711	26772	INTRON			{Augustus_model.g4074.t1;Augustus},{GlimmerHMM_glimmerT_4863-T1;GlimmerHMM},{GeneMark_model.5200_t;GeneMark}
26773	26864	internal+	1	2	{Augustus_model.g4074.t1;Augustus},{GlimmerHMM_glimmerT_4863-T1;GlimmerHMM},{GeneMark_model.5200_t;GeneMark}
26865	26959	INTRON			{Augustus_model.g4074.t1;Augustus},{GlimmerHMM_glimmerT_4863-T1;GlimmerHMM},{GeneMark_model.5200_t;GeneMark},{ev_type:exonerate/ID=match.2566964.4028/Target=lcl|PJQD01000074_1_prot_POY71698_1_5665;exonerate},{ev_type:exonerate/ID=match.2566964.4029/Target=lcl|KQ954519_1_prot_KWU41996_1_5665;exonerate}
26960	27127	internal+	3	2	{Augustus_model.g4074.t1;Augustus},{GlimmerHMM_glimmerT_4863-T1;GlimmerHMM},{GeneMark_model.5200_t;GeneMark},{ev_type:exonerate/ID=match.2566964.4028/Target=lcl|PJQD01000074_1_prot_POY71698_1_5665;exonerate},{ev_type:exonerate/ID=match.2566964.4029/Target=lcl|KQ954519_1_prot_KWU41996_1_5665;exonerate}
27128	27232	INTRON			{Augustus_model.g4074.t1;Augustus},{GlimmerHMM_glimmerT_4863-T1;GlimmerHMM},{GeneMark_model.5200_t;GeneMark},{ev_type:exonerate/ID=match.2566964.4028/Target=lcl|PJQD01000074_1_prot_POY71698_1_5665;exonerate},{ev_type:exonerate/ID=match.2566964.4029/Target=lcl|KQ954519_1_prot_KWU41996_1_5665;exonerate}
27233	27352	internal+	3	2	{Augustus_model.g4074.t1;Augustus},{GlimmerHMM_glimmerT_4863-T1;GlimmerHMM},{GeneMark_model.5200_t;GeneMark},{ev_type:exonerate/ID=match.2566964.4028/Target=lcl|PJQD01000074_1_prot_POY71698_1_5665;exonerate},{ev_type:exonerate/ID=match.2566964.4029/Target=lcl|KQ954519_1_prot_KWU41996_1_5665;exonerate}
27353	27430	INTRON			{Augustus_model.g4074.t1;Augustus},{GlimmerHMM_glimmerT_4863-T1;GlimmerHMM},{GeneMark_model.5200_t;GeneMark},{ev_type:exonerate/ID=match.2566964.4028/Target=lcl|PJQD01000074_1_prot_POY71698_1_5665;exonerate},{ev_type:exonerate/ID=match.2566964.4029/Target=lcl|KQ954519_1_prot_KWU41996_1_5665;exonerate}
27431	27575	terminal+	3	3	{Augustus_model.g4074.t1;Augustus},{GlimmerHMM_glimmerT_4863-T1;GlimmerHMM},{GeneMark_model.5200_t;GeneMark}

# EVM prediction: Mode:STANDARD S-ratio: 2.18 28334-29447 orient(-) score(3447.00) noncoding_equivalent(1582.74) raw_noncoding(2200.00) offset(617.26) 
28336	28334	terminal-	4	6	{Augustus_model.g4075.t1;Augustus},{GeneMark_model.5201_t;GeneMark},{GlimmerHMM_glimmerT_4864-T1;GlimmerHMM}
28400	28337	INTRON			{Augustus_model.g4075.t1;Augustus},{GeneMark_model.5201_t;GeneMark},{GlimmerHMM_glimmerT_4864-T1;GlimmerHMM}
28424	28401	internal-	4	6	{Augustus_model.g4075.t1;Augustus},{GeneMark_model.5201_t;GeneMark},{GlimmerHMM_glimmerT_4864-T1;GlimmerHMM}
28497	28425	INTRON			{Augustus_model.g4075.t1;Augustus},{GeneMark_model.5201_t;GeneMark},{GlimmerHMM_glimmerT_4864-T1;GlimmerHMM}
28729	28498	internal-	6	6	{Augustus_model.g4075.t1;Augustus},{GeneMark_model.5201_t;GeneMark},{GlimmerHMM_glimmerT_4864-T1;GlimmerHMM}
28821	28730	INTRON			{Augustus_model.g4075.t1;Augustus},{GeneMark_model.5201_t;GeneMark},{GlimmerHMM_glimmerT_4864-T1;GlimmerHMM}
29090	28822	internal-	4	5	{Augustus_model.g4075.t1;Augustus},{GeneMark_model.5201_t;GeneMark},{GlimmerHMM_glimmerT_4864-T1;GlimmerHMM}
29158	29091	INTRON			{Augustus_model.g4075.t1;Augustus},{GeneMark_model.5201_t;GeneMark},{GlimmerHMM_glimmerT_4864-T1;GlimmerHMM}
29211	29159	internal-	5	6	{Augustus_model.g4075.t1;Augustus},{GeneMark_model.5201_t;GeneMark},{GlimmerHMM_glimmerT_4864-T1;GlimmerHMM}
29284	29212	INTRON			{Augustus_model.g4075.t1;Augustus},{GeneMark_model.5201_t;GeneMark}
29291	29285	internal-	4	4	{Augustus_model.g4075.t1;Augustus},{GeneMark_model.5201_t;GeneMark}
29375	29292	INTRON			{Augustus_model.g4075.t1;Augustus},{GeneMark_model.5201_t;GeneMark}
29447	29376	initial-	4	6	{Augustus_model.g4075.t1;Augustus},{GeneMark_model.5201_t;GeneMark}

# EVM prediction: Mode:STANDARD S-ratio: 4.46 29781-32984 orient(-) score(17935.00) noncoding_equivalent(4018.94) raw_noncoding(4773.00) offset(754.06) 
30130	29781	terminal-	5	6	{HiQ_model.g4076.t1;HiQ},{GeneMark_model.5202_t;GeneMark},{GlimmerHMM_glimmerT_4865-T1;GlimmerHMM}
30192	30131	INTRON			{HiQ_model.g4076.t1;HiQ},{GeneMark_model.5202_t;GeneMark},{GlimmerHMM_glimmerT_4865-T1;GlimmerHMM},{ev_type:exonerate/ID=match.2566964.3953/Target=lcl|PJQD01000153_1_prot_POY70027_1_1240;exonerate}
32427	30193	internal-	5	4	{HiQ_model.g4076.t1;HiQ},{GeneMark_model.5202_t;GeneMark},{ev_type:exonerate/ID=match.2566964.3953/Target=lcl|PJQD01000153_1_prot_POY70027_1_1240;exonerate}
32570	32428	INTRON			{HiQ_model.g4076.t1;HiQ},{GeneMark_model.5202_t;GeneMark},{ev_type:exonerate/ID=match.2566964.3953/Target=lcl|PJQD01000153_1_prot_POY70027_1_1240;exonerate}
32638	32571	internal-	6	4	{HiQ_model.g4076.t1;HiQ},{GeneMark_model.5202_t;GeneMark},{ev_type:exonerate/ID=match.2566964.3953/Target=lcl|PJQD01000153_1_prot_POY70027_1_1240;exonerate}
32733	32639	INTRON			{HiQ_model.g4076.t1;HiQ},{GeneMark_model.5202_t;GeneMark},{ev_type:exonerate/ID=match.2566964.3953/Target=lcl|PJQD01000153_1_prot_POY70027_1_1240;exonerate}
32984	32734	initial-	4	5	{HiQ_model.g4076.t1;HiQ},{GeneMark_model.5202_t;GeneMark}

# EVM prediction: Mode:STANDARD S-ratio: 1.94 33420-35522 orient(-) score(6155.00) noncoding_equivalent(3179.21) raw_noncoding(4094.33) offset(915.12) 
33438	33420	terminal-	6	6	{Augustus_model.g4077.t1;Augustus},{GeneMark_model.5203_t;GeneMark}
33507	33439	INTRON			{Augustus_model.g4077.t1;Augustus},{GeneMark_model.5203_t;GeneMark}
33570	33508	internal-	6	5	{GlimmerHMM_glimmerT_4866-T1;GlimmerHMM},{Augustus_model.g4077.t1;Augustus},{GeneMark_model.5203_t;GeneMark}
33637	33571	INTRON			{GlimmerHMM_glimmerT_4866-T1;GlimmerHMM},{Augustus_model.g4077.t1;Augustus},{GeneMark_model.5203_t;GeneMark},{ev_type:exonerate/ID=match.2566964.4023/Target=lcl|KQ954514_1_prot_KWU42181_1_5477;exonerate}
33745	33638	internal-	6	5	{GlimmerHMM_glimmerT_4866-T1;GlimmerHMM},{Augustus_model.g4077.t1;Augustus},{GeneMark_model.5203_t;GeneMark},{ev_type:exonerate/ID=match.2566964.4023/Target=lcl|KQ954514_1_prot_KWU42181_1_5477;exonerate}
33809	33746	INTRON			{GlimmerHMM_glimmerT_4866-T1;GlimmerHMM},{Augustus_model.g4077.t1;Augustus},{GeneMark_model.5203_t;GeneMark},{ev_type:exonerate/ID=match.2566964.4023/Target=lcl|KQ954514_1_prot_KWU42181_1_5477;exonerate}
34019	33810	internal-	6	5	{GlimmerHMM_glimmerT_4866-T1;GlimmerHMM},{Augustus_model.g4077.t1;Augustus},{GeneMark_model.5203_t;GeneMark},{ev_type:exonerate/ID=match.2566964.4023/Target=lcl|KQ954514_1_prot_KWU42181_1_5477;exonerate}
34092	34020	INTRON			{GlimmerHMM_glimmerT_4866-T1;GlimmerHMM},{Augustus_model.g4077.t1;Augustus},{GeneMark_model.5203_t;GeneMark},{ev_type:exonerate/ID=match.2566964.4023/Target=lcl|KQ954514_1_prot_KWU42181_1_5477;exonerate}
34526	34093	internal-	4	5	{GlimmerHMM_glimmerT_4866-T1;GlimmerHMM},{Augustus_model.g4077.t1;Augustus},{GeneMark_model.5203_t;GeneMark}
34588	34527	INTRON			{GlimmerHMM_glimmerT_4866-T1;GlimmerHMM},{Augustus_model.g4077.t1;Augustus},{GeneMark_model.5203_t;GeneMark}
35178	34589	internal-	5	6	{GeneMark_model.5203_t;GeneMark}
35344	35179	INTRON			{GeneMark_model.5203_t;GeneMark}
35522	35345	initial-	4	4	{GeneMark_model.5203_t;GeneMark}

# EVM prediction: Mode:STANDARD S-ratio: 4.35 35844-37640 orient(-) score(5510.00) noncoding_equivalent(1268.05) raw_noncoding(2022.55) offset(754.50) 
37089	35844	terminal-	6	6	{GeneMark_model.5204_t;GeneMark},{snap_scaffold_12-snap.133-T1;snap}
37157	37090	INTRON			{GeneMark_model.5204_t;GeneMark},{Augustus_model.g4077.t1;Augustus}
37192	37158	internal-	4	5	{GeneMark_model.5204_t;GeneMark},{Augustus_model.g4077.t1;Augustus}
37265	37193	INTRON			{GeneMark_model.5204_t;GeneMark}
37331	37266	internal-	4	6	{GeneMark_model.5204_t;GeneMark}
37466	37332	INTRON			{GeneMark_model.5204_t;GeneMark}
37640	37467	initial-	4	6	{GeneMark_model.5204_t;GeneMark},{Augustus_model.g4077.t1;Augustus}

# EVM prediction: Mode:STANDARD S-ratio: 2.98 37892-39228 orient(-) score(7796.00) noncoding_equivalent(2613.00) raw_noncoding(3545.00) offset(932.00) 
37973	37892	terminal-	6	6	{GeneMark_model.5205_t;GeneMark},{HiQ_model.g4078.t1;HiQ}
38036	37974	INTRON			{GeneMark_model.5205_t;GeneMark},{HiQ_model.g4078.t1;HiQ},{ev_type:exonerate/ID=match.2566964.4002/Target=lcl|PJQD01000153_1_prot_POY70024_1_1237;exonerate},{ev_type:exonerate/ID=match.2566964.3998/Target=lcl|KQ954514_1_prot_KWU42180_1_5476;exonerate}
38191	38037	internal-	4	5	{GeneMark_model.5205_t;GeneMark},{HiQ_model.g4078.t1;HiQ},{ev_type:exonerate/ID=match.2566964.3998/Target=lcl|KQ954514_1_prot_KWU42180_1_5476;exonerate}
38280	38192	INTRON			{GeneMark_model.5205_t;GeneMark},{HiQ_model.g4078.t1;HiQ},{GlimmerHMM_glimmerT_4867-T1;GlimmerHMM},{ev_type:exonerate/ID=match.2566964.3998/Target=lcl|KQ954514_1_prot_KWU42180_1_5476;exonerate}
38455	38281	internal-	6	6	{GeneMark_model.5205_t;GeneMark},{HiQ_model.g4078.t1;HiQ},{GlimmerHMM_glimmerT_4867-T1;GlimmerHMM},{ev_type:exonerate/ID=match.2566964.4002/Target=lcl|PJQD01000153_1_prot_POY70024_1_1237;exonerate},{ev_type:exonerate/ID=match.2566964.3998/Target=lcl|KQ954514_1_prot_KWU42180_1_5476;exonerate}
38529	38456	INTRON			{GeneMark_model.5205_t;GeneMark},{HiQ_model.g4078.t1;HiQ},{GlimmerHMM_glimmerT_4867-T1;GlimmerHMM},{ev_type:exonerate/ID=match.2566964.4002/Target=lcl|PJQD01000153_1_prot_POY70024_1_1237;exonerate},{ev_type:exonerate/ID=match.2566964.3998/Target=lcl|KQ954514_1_prot_KWU42180_1_5476;exonerate}
38710	38530	internal-	5	5	{GeneMark_model.5205_t;GeneMark},{HiQ_model.g4078.t1;HiQ},{GlimmerHMM_glimmerT_4867-T1;GlimmerHMM},{ev_type:exonerate/ID=match.2566964.4002/Target=lcl|PJQD01000153_1_prot_POY70024_1_1237;exonerate},{ev_type:exonerate/ID=match.2566964.3998/Target=lcl|KQ954514_1_prot_KWU42180_1_5476;exonerate}
38778	38711	INTRON			{GeneMark_model.5205_t;GeneMark},{HiQ_model.g4078.t1;HiQ},{GlimmerHMM_glimmerT_4867-T1;GlimmerHMM},{ev_type:exonerate/ID=match.2566964.3998/Target=lcl|KQ954514_1_prot_KWU42180_1_5476;exonerate}
39023	38779	internal-	6	4	{GeneMark_model.5205_t;GeneMark},{HiQ_model.g4078.t1;HiQ},{GlimmerHMM_glimmerT_4867-T1;GlimmerHMM},{ev_type:exonerate/ID=match.2566964.3998/Target=lcl|KQ954514_1_prot_KWU42180_1_5476;exonerate}
39196	39024	INTRON			{GeneMark_model.5205_t;GeneMark},{HiQ_model.g4078.t1;HiQ},{GlimmerHMM_glimmerT_4867-T1;GlimmerHMM},{ev_type:exonerate/ID=match.2566964.4002/Target=lcl|PJQD01000153_1_prot_POY70024_1_1237;exonerate},{ev_type:exonerate/ID=match.2566964.3998/Target=lcl|KQ954514_1_prot_KWU42180_1_5476;exonerate}
39228	39197	initial-	4	5	{GeneMark_model.5205_t;GeneMark},{HiQ_model.g4078.t1;HiQ},{GlimmerHMM_glimmerT_4867-T1;GlimmerHMM}

# EVM prediction: Mode:STANDARD S-ratio: 1.63 40354-41534 orient(+) score(2828.00) noncoding_equivalent(1738.88) raw_noncoding(2363.00) offset(624.12) 
40354	40715	initial+	1	2	{GlimmerHMM_glimmerT_4868-T1;GlimmerHMM},{Augustus_model.g4079.t1;Augustus}
40716	40794	INTRON			{Augustus_model.g4079.t1;Augustus}
40795	40902	internal+	3	2	{GeneMark_model.5206_t;GeneMark},{Augustus_model.g4079.t1;Augustus}
40903	40966	INTRON			{GeneMark_model.5206_t;GeneMark},{Augustus_model.g4079.t1;Augustus}
40967	41149	internal+	3	2	{GeneMark_model.5206_t;GeneMark},{Augustus_model.g4079.t1;Augustus}
41150	41290	INTRON			{GeneMark_model.5206_t;GeneMark},{Augustus_model.g4079.t1;Augustus}
41291	41534	terminal+	3	3	{GeneMark_model.5206_t;GeneMark},{Augustus_model.g4079.t1;Augustus}

# EVM prediction: Mode:STANDARD S-ratio: 4.73 41636-43045 orient(-) score(5082.00) noncoding_equivalent(1075.52) raw_noncoding(1218.00) offset(142.48) 
41983	41636	terminal-	4	6	{snap_scaffold_12-snap.134-T1;snap},{Augustus_model.g4080.t1;Augustus},{GeneMark_model.5207_t;GeneMark},{GlimmerHMM_glimmerT_4869-T1;GlimmerHMM}
42054	41984	INTRON			{Augustus_model.g4080.t1;Augustus},{GeneMark_model.5207_t;GeneMark},{GlimmerHMM_glimmerT_4869-T1;GlimmerHMM}
42435	42055	internal-	4	6	{Augustus_model.g4080.t1;Augustus},{GeneMark_model.5207_t;GeneMark},{GlimmerHMM_glimmerT_4869-T1;GlimmerHMM}
42499	42436	INTRON			{Augustus_model.g4080.t1;Augustus},{GeneMark_model.5207_t;GeneMark},{GlimmerHMM_glimmerT_4869-T1;GlimmerHMM}
42920	42500	internal-	6	6	{Augustus_model.g4080.t1;Augustus},{GeneMark_model.5207_t;GeneMark},{GlimmerHMM_glimmerT_4869-T1;GlimmerHMM}
42986	42921	INTRON			{snap_scaffold_12-snap.135-T1;snap},{Augustus_model.g4080.t1;Augustus},{GeneMark_model.5207_t;GeneMark},{GlimmerHMM_glimmerT_4869-T1;GlimmerHMM}
43045	42987	initial-	4	5	{Augustus_model.g4080.t1;Augustus},{GeneMark_model.5207_t;GeneMark},{GlimmerHMM_glimmerT_4869-T1;GlimmerHMM}

# EVM prediction: Mode:STANDARD S-ratio: 2.07 43373-45769 orient(+) score(6868.00) noncoding_equivalent(3323.32) raw_noncoding(4420.00) offset(1096.68) 
43373	43542	initial+	1	2	{Augustus_model.g4081.t1;Augustus}
43543	43618	INTRON			{GeneMark_model.5208_t;GeneMark},{Augustus_model.g4081.t1;Augustus}
43619	43642	internal+	3	2	{GeneMark_model.5208_t;GeneMark},{Augustus_model.g4081.t1;Augustus}
43643	43709	INTRON			{GeneMark_model.5208_t;GeneMark},{Augustus_model.g4081.t1;Augustus}
43710	43719	internal+	3	3	{Augustus_model.g4081.t1;Augustus}
43720	43797	INTRON			{Augustus_model.g4081.t1;Augustus}
43798	43906	internal+	1	1	{GeneMark_model.5208_t;GeneMark},{GlimmerHMM_glimmerT_4870-T1;GlimmerHMM},{Augustus_model.g4081.t1;Augustus}
43907	43978	INTRON			{GeneMark_model.5208_t;GeneMark},{GlimmerHMM_glimmerT_4870-T1;GlimmerHMM},{Augustus_model.g4081.t1;Augustus}
43979	44272	internal+	2	1	{GeneMark_model.5208_t;GeneMark},{GlimmerHMM_glimmerT_4870-T1;GlimmerHMM},{Augustus_model.g4081.t1;Augustus}
44273	44349	INTRON			{GeneMark_model.5208_t;GeneMark},{GlimmerHMM_glimmerT_4870-T1;GlimmerHMM},{Augustus_model.g4081.t1;Augustus}
44350	44495	internal+	2	3	{GeneMark_model.5208_t;GeneMark},{GlimmerHMM_glimmerT_4870-T1;GlimmerHMM},{Augustus_model.g4081.t1;Augustus}
44496	44562	INTRON			{GeneMark_model.5208_t;GeneMark},{GlimmerHMM_glimmerT_4870-T1;GlimmerHMM},{Augustus_model.g4081.t1;Augustus}
44563	44678	internal+	1	2	{GeneMark_model.5208_t;GeneMark},{Augustus_model.g4081.t1;Augustus}
44679	44750	INTRON			{GeneMark_model.5208_t;GeneMark},{Augustus_model.g4081.t1;Augustus}
44751	44817	internal+	3	3	{GeneMark_model.5208_t;GeneMark},{Augustus_model.g4081.t1;Augustus}
44818	44878	INTRON			{GeneMark_model.5208_t;GeneMark},{Augustus_model.g4081.t1;Augustus}
44879	45047	internal+	1	1	{GeneMark_model.5208_t;GeneMark},{Augustus_model.g4081.t1;Augustus}
45048	45123	INTRON			{GlimmerHMM_glimmerT_4871-T1;GlimmerHMM},{GeneMark_model.5208_t;GeneMark},{Augustus_model.g4081.t1;Augustus}
45124	45548	internal+	2	3	{GlimmerHMM_glimmerT_4871-T1;GlimmerHMM},{GeneMark_model.5208_t;GeneMark},{Augustus_model.g4081.t1;Augustus}
45549	45646	INTRON			{GlimmerHMM_glimmerT_4871-T1;GlimmerHMM},{GeneMark_model.5208_t;GeneMark},{Augustus_model.g4081.t1;Augustus}
45647	45769	terminal+	1	3	{GlimmerHMM_glimmerT_4871-T1;GlimmerHMM},{GeneMark_model.5208_t;GeneMark},{Augustus_model.g4081.t1;Augustus}

# EVM prediction: Mode:STANDARD S-ratio: 1.43 46312-47809 orient(+) score(4026.00) noncoding_equivalent(2820.48) raw_noncoding(4000.00) offset(1179.52) 
46312	46371	initial+	1	3	{GeneMark_model.5209_t;GeneMark},{Augustus_model.g4082.t1;Augustus},{GlimmerHMM_glimmerT_4872-T1;GlimmerHMM}
46372	46436	INTRON			{GeneMark_model.5209_t;GeneMark},{Augustus_model.g4082.t1;Augustus},{GlimmerHMM_glimmerT_4872-T1;GlimmerHMM}
46437	46509	internal+	1	1	{GeneMark_model.5209_t;GeneMark},{Augustus_model.g4082.t1;Augustus},{GlimmerHMM_glimmerT_4872-T1;GlimmerHMM}
46510	46581	INTRON			{GeneMark_model.5209_t;GeneMark},{Augustus_model.g4082.t1;Augustus}
46582	46620	internal+	2	1	{GeneMark_model.5209_t;GeneMark},{Augustus_model.g4082.t1;Augustus}
46621	46698	INTRON			{GeneMark_model.5209_t;GeneMark},{Augustus_model.g4082.t1;Augustus}
46699	46751	internal+	2	3	{GeneMark_model.5209_t;GeneMark},{Augustus_model.g4082.t1;Augustus}
46752	46823	INTRON			{GeneMark_model.5209_t;GeneMark},{Augustus_model.g4082.t1;Augustus}
46824	46836	internal+	1	1	{GeneMark_model.5209_t;GeneMark},{Augustus_model.g4082.t1;Augustus}
46837	46977	INTRON			{GeneMark_model.5209_t;GeneMark},{Augustus_model.g4082.t1;Augustus}
46978	47120	internal+	2	3	{GeneMark_model.5209_t;GeneMark},{Augustus_model.g4082.t1;Augustus},{GlimmerHMM_glimmerT_4872-T1;GlimmerHMM}
47121	47209	INTRON			{GeneMark_model.5209_t;GeneMark},{Augustus_model.g4082.t1;Augustus},{GlimmerHMM_glimmerT_4872-T1;GlimmerHMM}
47210	47269	internal+	1	3	{GeneMark_model.5209_t;GeneMark},{Augustus_model.g4082.t1;Augustus},{GlimmerHMM_glimmerT_4872-T1;GlimmerHMM}
47270	47387	INTRON			{GeneMark_model.5209_t;GeneMark},{Augustus_model.g4082.t1;Augustus},{GlimmerHMM_glimmerT_4872-T1;GlimmerHMM}
47388	47524	internal+	1	2	{GeneMark_model.5209_t;GeneMark},{Augustus_model.g4082.t1;Augustus},{GlimmerHMM_glimmerT_4872-T1;GlimmerHMM}
47525	47688	INTRON			{GeneMark_model.5209_t;GeneMark},{Augustus_model.g4082.t1;Augustus},{GlimmerHMM_glimmerT_4872-T1;GlimmerHMM}
47689	47809	terminal+	3	3	{GeneMark_model.5209_t;GeneMark},{Augustus_model.g4082.t1;Augustus},{GlimmerHMM_glimmerT_4872-T1;GlimmerHMM}

# EVM prediction: Mode:STANDARD S-ratio: 1.45 50087-51588 orient(+) score(3644.00) noncoding_equivalent(2516.24) raw_noncoding(2876.00) offset(359.76) 
50087	50593	initial+	1	3	{GeneMark_model.5210_t;GeneMark},{Augustus_model.g4083.t1;Augustus}
50594	50666	INTRON			{GeneMark_model.5210_t;GeneMark},{Augustus_model.g4083.t1;Augustus}
50667	50874	internal+	1	1	{GeneMark_model.5210_t;GeneMark},{Augustus_model.g4083.t1;Augustus}
50875	50943	INTRON			{GeneMark_model.5210_t;GeneMark},{Augustus_model.g4083.t1;Augustus}
50944	50954	internal+	2	3	{GeneMark_model.5210_t;GeneMark},{Augustus_model.g4083.t1;Augustus}
50955	51033	INTRON			{GeneMark_model.5210_t;GeneMark},{snap_scaffold_12-snap.137-T1;snap},{Augustus_model.g4083.t1;Augustus}
51034	51588	terminal+	1	3	{GeneMark_model.5210_t;GeneMark},{snap_scaffold_12-snap.137-T1;snap},{Augustus_model.g4083.t1;Augustus}

# EVM prediction: Mode:STANDARD S-ratio: 1.80 51989-53831 orient(-) score(4721.00) noncoding_equivalent(2628.54) raw_noncoding(3154.00) offset(525.46) 
52216	51989	terminal-	4	6	{Augustus_model.g4084.t1;Augustus},{GeneMark_model.5211_t;GeneMark}
52312	52217	INTRON			{Augustus_model.g4084.t1;Augustus},{GeneMark_model.5211_t;GeneMark}
52478	52313	internal-	6	6	{Augustus_model.g4084.t1;Augustus},{GeneMark_model.5211_t;GeneMark}
52552	52479	INTRON			{GeneMark_model.5211_t;GeneMark}
52783	52553	internal-	6	5	{GeneMark_model.5211_t;GeneMark}
52852	52784	INTRON			{Augustus_model.g4084.t1;Augustus},{GeneMark_model.5211_t;GeneMark}
53056	52853	internal-	6	5	{Augustus_model.g4084.t1;Augustus},{GeneMark_model.5211_t;GeneMark},{GlimmerHMM_glimmerT_4873-T1;GlimmerHMM}
53121	53057	INTRON			{Augustus_model.g4084.t1;Augustus},{GeneMark_model.5211_t;GeneMark},{GlimmerHMM_glimmerT_4873-T1;GlimmerHMM}
53831	53122	initial-	4	5	{Augustus_model.g4084.t1;Augustus},{GeneMark_model.5211_t;GeneMark}

# EVM prediction: Mode:STANDARD S-ratio: 1.58 54145-55178 orient(+) score(2696.00) noncoding_equivalent(1710.86) raw_noncoding(2111.24) offset(400.37) 
54145	54401	initial+	1	2	{GeneMark_model.5212_t;GeneMark},{Augustus_model.g4085.t1;Augustus}
54402	54468	INTRON			{GeneMark_model.5212_t;GeneMark},{Augustus_model.g4085.t1;Augustus}
54469	54491	internal+	3	1	{GeneMark_model.5212_t;GeneMark},{Augustus_model.g4085.t1;Augustus}
54492	54550	INTRON			{GeneMark_model.5212_t;GeneMark},{Augustus_model.g4085.t1;Augustus}
54551	54874	internal+	2	1	{GlimmerHMM_glimmerT_4874-T1;GlimmerHMM},{GeneMark_model.5212_t;GeneMark},{Augustus_model.g4085.t1;Augustus}
54875	54949	INTRON			{GlimmerHMM_glimmerT_4874-T1;GlimmerHMM},{GeneMark_model.5212_t;GeneMark},{Augustus_model.g4085.t1;Augustus}
54950	55071	internal+	2	3	{GlimmerHMM_glimmerT_4874-T1;GlimmerHMM},{GeneMark_model.5212_t;GeneMark},{Augustus_model.g4085.t1;Augustus}
55072	55136	INTRON			{GlimmerHMM_glimmerT_4874-T1;GlimmerHMM},{GeneMark_model.5212_t;GeneMark},{Augustus_model.g4085.t1;Augustus}
55137	55178	terminal+	1	3	{GlimmerHMM_glimmerT_4874-T1;GlimmerHMM},{GeneMark_model.5212_t;GeneMark},{Augustus_model.g4085.t1;Augustus}

# EVM prediction: Mode:STANDARD S-ratio: 4.90 55226-60615 orient(-) score(18545.00) noncoding_equivalent(3781.64) raw_noncoding(4163.00) offset(381.36) 
55307	55226	terminal-	6	6	{GeneMark_model.5213_t;GeneMark},{Augustus_model.g4086.t1;Augustus},{GlimmerHMM_glimmerT_4875-T1;GlimmerHMM}
55377	55308	INTRON			{GeneMark_model.5213_t;GeneMark},{Augustus_model.g4086.t1;Augustus},{GlimmerHMM_glimmerT_4875-T1;GlimmerHMM}
55923	55378	internal-	6	5	{GeneMark_model.5213_t;GeneMark},{GlimmerHMM_glimmerT_4875-T1;GlimmerHMM}
55991	55924	INTRON			{GeneMark_model.5213_t;GeneMark},{GlimmerHMM_glimmerT_4875-T1;GlimmerHMM}
56211	55992	internal-	5	5	{GeneMark_model.5213_t;GeneMark},{Augustus_model.g4086.t1;Augustus},{GlimmerHMM_glimmerT_4875-T1;GlimmerHMM}
56270	56212	INTRON			{GeneMark_model.5213_t;GeneMark},{Augustus_model.g4086.t1;Augustus},{GlimmerHMM_glimmerT_4875-T1;GlimmerHMM}
56393	56271	internal-	5	4	{GeneMark_model.5213_t;GeneMark},{Augustus_model.g4086.t1;Augustus},{GlimmerHMM_glimmerT_4875-T1;GlimmerHMM}
56455	56394	INTRON			{GeneMark_model.5213_t;GeneMark},{Augustus_model.g4086.t1;Augustus},{GlimmerHMM_glimmerT_4875-T1;GlimmerHMM}
56618	56456	internal-	4	4	{GeneMark_model.5213_t;GeneMark},{Augustus_model.g4086.t1;Augustus},{GlimmerHMM_glimmerT_4875-T1;GlimmerHMM}
56683	56619	INTRON			{GeneMark_model.5213_t;GeneMark},{Augustus_model.g4086.t1;Augustus},{GlimmerHMM_glimmerT_4875-T1;GlimmerHMM}
58050	56684	internal-	5	6	{GeneMark_model.5213_t;GeneMark},{Augustus_model.g4086.t1;Augustus},{GlimmerHMM_glimmerT_4875-T1;GlimmerHMM}
58118	58051	INTRON			{GeneMark_model.5213_t;GeneMark},{Augustus_model.g4086.t1;Augustus},{GlimmerHMM_glimmerT_4875-T1;GlimmerHMM}
59557	58119	internal-	6	4	{GeneMark_model.5213_t;GeneMark},{Augustus_model.g4086.t1;Augustus},{GlimmerHMM_glimmerT_4875-T1;GlimmerHMM}
59632	59558	INTRON			{GeneMark_model.5213_t;GeneMark},{Augustus_model.g4086.t1;Augustus},{GlimmerHMM_glimmerT_4875-T1;GlimmerHMM}
60615	59633	initial-	4	5	{GeneMark_model.5213_t;GeneMark},{GlimmerHMM_glimmerT_4875-T1;GlimmerHMM}

# EVM prediction: Mode:STANDARD S-ratio: 3.04 61308-64485 orient(+) score(10574.00) noncoding_equivalent(3476.18) raw_noncoding(4080.00) offset(603.82) 
61308	61460	initial+	1	3	{Augustus_model.g4087.t1;Augustus}
61461	61504	INTRON			{Augustus_model.g4087.t1;Augustus}
61505	61593	internal+	1	2	{GeneMark_model.5214_t;GeneMark},{Augustus_model.g4087.t1;Augustus}
61594	61656	INTRON			{GeneMark_model.5214_t;GeneMark},{Augustus_model.g4087.t1;Augustus},{GlimmerHMM_glimmerT_4876-T1;GlimmerHMM}
61657	61753	internal+	3	3	{GeneMark_model.5214_t;GeneMark},{Augustus_model.g4087.t1;Augustus},{GlimmerHMM_glimmerT_4876-T1;GlimmerHMM}
61754	61819	INTRON			{GeneMark_model.5214_t;GeneMark},{Augustus_model.g4087.t1;Augustus},{GlimmerHMM_glimmerT_4876-T1;GlimmerHMM}
61820	62224	internal+	1	3	{GeneMark_model.5214_t;GeneMark},{Augustus_model.g4087.t1;Augustus},{GlimmerHMM_glimmerT_4876-T1;GlimmerHMM}
62225	62291	INTRON			{GeneMark_model.5214_t;GeneMark},{Augustus_model.g4087.t1;Augustus},{GlimmerHMM_glimmerT_4876-T1;GlimmerHMM}
62292	62619	internal+	1	1	{GeneMark_model.5214_t;GeneMark},{Augustus_model.g4087.t1;Augustus},{GlimmerHMM_glimmerT_4876-T1;GlimmerHMM}
62620	62678	INTRON			{GeneMark_model.5214_t;GeneMark},{Augustus_model.g4087.t1;Augustus},{GlimmerHMM_glimmerT_4876-T1;GlimmerHMM}
62679	62908	internal+	2	3	{GeneMark_model.5214_t;GeneMark},{Augustus_model.g4087.t1;Augustus},{GlimmerHMM_glimmerT_4876-T1;GlimmerHMM}
62909	62975	INTRON			{GeneMark_model.5214_t;GeneMark},{Augustus_model.g4087.t1;Augustus},{GlimmerHMM_glimmerT_4876-T1;GlimmerHMM},{snap_scaffold_12-snap.142-T1;snap}
62976	63209	internal+	1	3	{GeneMark_model.5214_t;GeneMark},{Augustus_model.g4087.t1;Augustus},{GlimmerHMM_glimmerT_4876-T1;GlimmerHMM}
63210	63283	INTRON			{GeneMark_model.5214_t;GeneMark},{Augustus_model.g4087.t1;Augustus},{GlimmerHMM_glimmerT_4876-T1;GlimmerHMM}
63284	63390	internal+	1	2	{GeneMark_model.5214_t;GeneMark},{Augustus_model.g4087.t1;Augustus},{GlimmerHMM_glimmerT_4876-T1;GlimmerHMM}
63391	63452	INTRON			{GeneMark_model.5214_t;GeneMark},{Augustus_model.g4087.t1;Augustus},{GlimmerHMM_glimmerT_4876-T1;GlimmerHMM}
63453	63741	internal+	3	3	{GeneMark_model.5214_t;GeneMark},{Augustus_model.g4087.t1;Augustus},{GlimmerHMM_glimmerT_4876-T1;GlimmerHMM}
63742	63802	INTRON			{GeneMark_model.5214_t;GeneMark},{Augustus_model.g4087.t1;Augustus},{GlimmerHMM_glimmerT_4876-T1;GlimmerHMM}
63803	63968	internal+	1	1	{GeneMark_model.5214_t;GeneMark},{Augustus_model.g4087.t1;Augustus},{GlimmerHMM_glimmerT_4876-T1;GlimmerHMM}
63969	64056	INTRON			{GeneMark_model.5214_t;GeneMark},{Augustus_model.g4087.t1;Augustus},{GlimmerHMM_glimmerT_4876-T1;GlimmerHMM}
64057	64378	internal+	2	2	{GeneMark_model.5214_t;GeneMark},{Augustus_model.g4087.t1;Augustus},{GlimmerHMM_glimmerT_4876-T1;GlimmerHMM}
64379	64442	INTRON			{GeneMark_model.5214_t;GeneMark},{Augustus_model.g4087.t1;Augustus},{GlimmerHMM_glimmerT_4876-T1;GlimmerHMM}
64443	64485	terminal+	3	3	{GeneMark_model.5214_t;GeneMark},{Augustus_model.g4087.t1;Augustus},{GlimmerHMM_glimmerT_4876-T1;GlimmerHMM}

# EVM prediction: Mode:STANDARD S-ratio: 8.67 65026-65984 orient(-) score(9198.00) noncoding_equivalent(1061.39) raw_noncoding(2229.47) offset(1168.09) 
65181	65026	terminal-	4	6	{GlimmerHMM_glimmerT_4877-T1;GlimmerHMM},{HiQ_model.g4088.t1;HiQ},{GeneMark_model.5215_t;GeneMark}
65245	65182	INTRON			{GlimmerHMM_glimmerT_4877-T1;GlimmerHMM},{HiQ_model.g4088.t1;HiQ},{GeneMark_model.5215_t;GeneMark},{ev_type:exonerate/ID=match.2566964.1676/Target=lcl|NW_017264942_1_prot_XP_018268491_1_6354;exonerate},{ev_type:exonerate/ID=match.2566964.1674/Target=lcl|PJQD01000074_1_prot_POY71686_1_5653;exonerate},{ev_type:exonerate/ID=match.2566964.1671/Target=RHOA_EMENI;exonerate},{ev_type:exonerate/ID=match.2566964.1675/Target=lcl|KQ954514_1_prot_KWU42187_1_5483;exonerate},{ev_type:exonerate/ID=match.2566964.1672/Target=lcl|LCTV02000011_1_prot_PRQ71744_1_1491;exonerate},{ev_type:exonerate/ID=match.2566964.1673/Target=lcl|BJWK01000010_1_prot_GEM10178_1_4195;exonerate}
65549	65246	internal-	6	6	{GlimmerHMM_glimmerT_4877-T1;GlimmerHMM},{HiQ_model.g4088.t1;HiQ},{GeneMark_model.5215_t;GeneMark},{ev_type:exonerate/ID=match.2566964.1676/Target=lcl|NW_017264942_1_prot_XP_018268491_1_6354;exonerate},{ev_type:exonerate/ID=match.2566964.1674/Target=lcl|PJQD01000074_1_prot_POY71686_1_5653;exonerate},{ev_type:exonerate/ID=match.2566964.1671/Target=RHOA_EMENI;exonerate},{ev_type:exonerate/ID=match.2566964.1675/Target=lcl|KQ954514_1_prot_KWU42187_1_5483;exonerate},{ev_type:exonerate/ID=match.2566964.1672/Target=lcl|LCTV02000011_1_prot_PRQ71744_1_1491;exonerate},{ev_type:exonerate/ID=match.2566964.1673/Target=lcl|BJWK01000010_1_prot_GEM10178_1_4195;exonerate}
65629	65550	INTRON			{HiQ_model.g4088.t1;HiQ},{ev_type:exonerate/ID=match.2566964.1676/Target=lcl|NW_017264942_1_prot_XP_018268491_1_6354;exonerate},{ev_type:exonerate/ID=match.2566964.1674/Target=lcl|PJQD01000074_1_prot_POY71686_1_5653;exonerate},{ev_type:exonerate/ID=match.2566964.1671/Target=RHOA_EMENI;exonerate},{ev_type:exonerate/ID=match.2566964.1675/Target=lcl|KQ954514_1_prot_KWU42187_1_5483;exonerate},{ev_type:exonerate/ID=match.2566964.1672/Target=lcl|LCTV02000011_1_prot_PRQ71744_1_1491;exonerate},{ev_type:exonerate/ID=match.2566964.1673/Target=lcl|BJWK01000010_1_prot_GEM10178_1_4195;exonerate}
65658	65630	internal-	4	5	{HiQ_model.g4088.t1;HiQ},{ev_type:exonerate/ID=match.2566964.1676/Target=lcl|NW_017264942_1_prot_XP_018268491_1_6354;exonerate},{ev_type:exonerate/ID=match.2566964.1674/Target=lcl|PJQD01000074_1_prot_POY71686_1_5653;exonerate},{ev_type:exonerate/ID=match.2566964.1671/Target=RHOA_EMENI;exonerate},{ev_type:exonerate/ID=match.2566964.1675/Target=lcl|KQ954514_1_prot_KWU42187_1_5483;exonerate},{ev_type:exonerate/ID=match.2566964.1672/Target=lcl|LCTV02000011_1_prot_PRQ71744_1_1491;exonerate},{ev_type:exonerate/ID=match.2566964.1673/Target=lcl|BJWK01000010_1_prot_GEM10178_1_4195;exonerate}
65888	65659	INTRON			{HiQ_model.g4088.t1;HiQ},{ev_type:exonerate/ID=match.2566964.1676/Target=lcl|NW_017264942_1_prot_XP_018268491_1_6354;exonerate},{ev_type:exonerate/ID=match.2566964.1674/Target=lcl|PJQD01000074_1_prot_POY71686_1_5653;exonerate},{ev_type:exonerate/ID=match.2566964.1671/Target=RHOA_EMENI;exonerate},{ev_type:exonerate/ID=match.2566964.1675/Target=lcl|KQ954514_1_prot_KWU42187_1_5483;exonerate},{ev_type:exonerate/ID=match.2566964.1672/Target=lcl|LCTV02000011_1_prot_PRQ71744_1_1491;exonerate},{ev_type:exonerate/ID=match.2566964.1673/Target=lcl|BJWK01000010_1_prot_GEM10178_1_4195;exonerate}
65984	65889	initial-	4	6	{HiQ_model.g4088.t1;HiQ},{GeneMark_model.5215_t;GeneMark}

# EVM prediction: Mode:STANDARD S-ratio: 3.53 67748-69331 orient(+) score(5334.00) noncoding_equivalent(1512.00) raw_noncoding(1785.00) offset(273.00) 
67748	67874	initial+	1	1	{GlimmerHMM_glimmerT_4878-T1;GlimmerHMM}
67875	67994	INTRON			{Augustus_model.g4089.t1;Augustus},{GlimmerHMM_glimmerT_4878-T1;GlimmerHMM},{GeneMark_model.5216_t;GeneMark}
67995	68156	internal+	2	1	{Augustus_model.g4089.t1;Augustus},{GlimmerHMM_glimmerT_4878-T1;GlimmerHMM},{GeneMark_model.5216_t;GeneMark}
68157	68224	INTRON			{Augustus_model.g4089.t1;Augustus},{GlimmerHMM_glimmerT_4878-T1;GlimmerHMM},{GeneMark_model.5216_t;GeneMark}
68225	68524	internal+	2	1	{Augustus_model.g4089.t1;Augustus},{GlimmerHMM_glimmerT_4878-T1;GlimmerHMM},{GeneMark_model.5216_t;GeneMark}
68525	68597	INTRON			{Augustus_model.g4089.t1;Augustus},{GlimmerHMM_glimmerT_4878-T1;GlimmerHMM},{GeneMark_model.5216_t;GeneMark}
68598	69331	terminal+	2	3	{Augustus_model.g4089.t1;Augustus},{GlimmerHMM_glimmerT_4878-T1;GlimmerHMM},{GeneMark_model.5216_t;GeneMark}

# EVM prediction: Mode:STANDARD S-ratio: 2.64 69802-70676 orient(+) score(3939.00) noncoding_equivalent(1492.55) raw_noncoding(2045.00) offset(552.45) 
69802	69863	initial+	1	2	{GeneMark_model.5217_t;GeneMark},{Augustus_model.g4090.t1;Augustus}
69864	70090	INTRON			{GeneMark_model.5217_t;GeneMark},{Augustus_model.g4090.t1;Augustus},{ev_type:exonerate/ID=match.2566964.4047/Target=lcl|KQ954514_1_prot_KWU42185_1_5481;exonerate}
70091	70190	internal+	3	3	{GeneMark_model.5217_t;GeneMark},{Augustus_model.g4090.t1;Augustus},{ev_type:exonerate/ID=match.2566964.4047/Target=lcl|KQ954514_1_prot_KWU42185_1_5481;exonerate}
70191	70271	INTRON			{GlimmerHMM_glimmerT_4879-T1;GlimmerHMM},{GeneMark_model.5217_t;GeneMark},{Augustus_model.g4090.t1;Augustus},{ev_type:exonerate/ID=match.2566964.4050/Target=lcl|PJQD01000074_1_prot_POY71684_1_5651;exonerate},{ev_type:exonerate/ID=match.2566964.4047/Target=lcl|KQ954514_1_prot_KWU42185_1_5481;exonerate}
70272	70379	internal+	1	3	{GlimmerHMM_glimmerT_4879-T1;GlimmerHMM},{GeneMark_model.5217_t;GeneMark},{Augustus_model.g4090.t1;Augustus},{ev_type:exonerate/ID=match.2566964.4050/Target=lcl|PJQD01000074_1_prot_POY71684_1_5651;exonerate},{ev_type:exonerate/ID=match.2566964.4047/Target=lcl|KQ954514_1_prot_KWU42185_1_5481;exonerate}
70380	70443	INTRON			{GlimmerHMM_glimmerT_4879-T1;GlimmerHMM},{GeneMark_model.5217_t;GeneMark},{Augustus_model.g4090.t1;Augustus},{ev_type:exonerate/ID=match.2566964.4050/Target=lcl|PJQD01000074_1_prot_POY71684_1_5651;exonerate},{ev_type:exonerate/ID=match.2566964.4047/Target=lcl|KQ954514_1_prot_KWU42185_1_5481;exonerate}
70444	70503	internal+	1	3	{GlimmerHMM_glimmerT_4879-T1;GlimmerHMM},{GeneMark_model.5217_t;GeneMark},{Augustus_model.g4090.t1;Augustus},{ev_type:exonerate/ID=match.2566964.4050/Target=lcl|PJQD01000074_1_prot_POY71684_1_5651;exonerate},{ev_type:exonerate/ID=match.2566964.4047/Target=lcl|KQ954514_1_prot_KWU42185_1_5481;exonerate}
70504	70616	INTRON			{GlimmerHMM_glimmerT_4879-T1;GlimmerHMM},{GeneMark_model.5217_t;GeneMark},{Augustus_model.g4090.t1;Augustus},{ev_type:exonerate/ID=match.2566964.4050/Target=lcl|PJQD01000074_1_prot_POY71684_1_5651;exonerate},{ev_type:exonerate/ID=match.2566964.4047/Target=lcl|KQ954514_1_prot_KWU42185_1_5481;exonerate}
70617	70676	terminal+	1	3	{GlimmerHMM_glimmerT_4879-T1;GlimmerHMM},{GeneMark_model.5217_t;GeneMark},{Augustus_model.g4090.t1;Augustus}

# EVM prediction: Mode:STANDARD S-ratio: 1.73 71043-71540 orient(-) score(1261.00) noncoding_equivalent(730.48) raw_noncoding(858.00) offset(127.52) 
71363	71043	terminal-	4	6	{Augustus_model.g4091.t1;Augustus},{GeneMark_model.5218_t;GeneMark}
71429	71364	INTRON			{Augustus_model.g4091.t1;Augustus},{GeneMark_model.5218_t;GeneMark}
71540	71430	initial-	4	6	{GeneMark_model.5218_t;GeneMark}

# EVM prediction: Mode:STANDARD S-ratio: 2.28 73094-73812 orient(-) score(1509.00) noncoding_equivalent(661.65) raw_noncoding(1666.03) offset(1004.38) 
73373	73094	terminal-	6	6	{GlimmerHMM_glimmerT_4881-T1;GlimmerHMM}
73726	73374	INTRON			{GlimmerHMM_glimmerT_4881-T1;GlimmerHMM}
73812	73727	initial-	4	5	{GlimmerHMM_glimmerT_4881-T1;GlimmerHMM}

# EVM prediction: Mode:STANDARD S-ratio: 4.04 74455-78934 orient(+) score(23708.00) noncoding_equivalent(5865.97) raw_noncoding(7120.00) offset(1254.03) 
74455	74536	initial+	1	1	{GeneMark_model.5220_t;GeneMark},{Augustus_model.g4092.t1;Augustus},{GlimmerHMM_glimmerT_4882-T1;GlimmerHMM}
74537	74600	INTRON			{GeneMark_model.5220_t;GeneMark},{Augustus_model.g4092.t1;Augustus},{GlimmerHMM_glimmerT_4882-T1;GlimmerHMM},{ev_type:exonerate/ID=match.2566964.3955/Target=lcl|KQ954514_1_prot_KWU42184_1_5480;exonerate},{ev_type:exonerate/ID=match.2566964.3954/Target=lcl|PJQD01000074_1_prot_POY71683_1_5650;exonerate}
74601	74686	internal+	2	3	{GeneMark_model.5220_t;GeneMark},{Augustus_model.g4092.t1;Augustus},{GlimmerHMM_glimmerT_4882-T1;GlimmerHMM},{ev_type:exonerate/ID=match.2566964.3955/Target=lcl|KQ954514_1_prot_KWU42184_1_5480;exonerate},{ev_type:exonerate/ID=match.2566964.3954/Target=lcl|PJQD01000074_1_prot_POY71683_1_5650;exonerate}
74687	74772	INTRON			{GeneMark_model.5220_t;GeneMark},{Augustus_model.g4092.t1;Augustus},{GlimmerHMM_glimmerT_4882-T1;GlimmerHMM},{ev_type:exonerate/ID=match.2566964.3955/Target=lcl|KQ954514_1_prot_KWU42184_1_5480;exonerate},{ev_type:exonerate/ID=match.2566964.3954/Target=lcl|PJQD01000074_1_prot_POY71683_1_5650;exonerate}
74773	74819	internal+	1	2	{GeneMark_model.5220_t;GeneMark},{Augustus_model.g4092.t1;Augustus},{GlimmerHMM_glimmerT_4882-T1;GlimmerHMM},{ev_type:exonerate/ID=match.2566964.3955/Target=lcl|KQ954514_1_prot_KWU42184_1_5480;exonerate},{ev_type:exonerate/ID=match.2566964.3954/Target=lcl|PJQD01000074_1_prot_POY71683_1_5650;exonerate}
74820	74932	INTRON			{GeneMark_model.5220_t;GeneMark},{Augustus_model.g4092.t1;Augustus},{GlimmerHMM_glimmerT_4882-T1;GlimmerHMM},{ev_type:exonerate/ID=match.2566964.3955/Target=lcl|KQ954514_1_prot_KWU42184_1_5480;exonerate},{ev_type:exonerate/ID=match.2566964.3954/Target=lcl|PJQD01000074_1_prot_POY71683_1_5650;exonerate}
74933	75017	internal+	3	3	{GeneMark_model.5220_t;GeneMark},{Augustus_model.g4092.t1;Augustus},{GlimmerHMM_glimmerT_4882-T1;GlimmerHMM},{ev_type:exonerate/ID=match.2566964.3955/Target=lcl|KQ954514_1_prot_KWU42184_1_5480;exonerate},{ev_type:exonerate/ID=match.2566964.3954/Target=lcl|PJQD01000074_1_prot_POY71683_1_5650;exonerate}
75018	75081	INTRON			{GeneMark_model.5220_t;GeneMark},{Augustus_model.g4092.t1;Augustus},{GlimmerHMM_glimmerT_4882-T1;GlimmerHMM},{ev_type:exonerate/ID=match.2566964.3955/Target=lcl|KQ954514_1_prot_KWU42184_1_5480;exonerate},{ev_type:exonerate/ID=match.2566964.3954/Target=lcl|PJQD01000074_1_prot_POY71683_1_5650;exonerate}
75082	75691	internal+	1	1	{GeneMark_model.5220_t;GeneMark},{Augustus_model.g4092.t1;Augustus},{GlimmerHMM_glimmerT_4882-T1;GlimmerHMM},{ev_type:exonerate/ID=match.2566964.3955/Target=lcl|KQ954514_1_prot_KWU42184_1_5480;exonerate},{ev_type:exonerate/ID=match.2566964.3954/Target=lcl|PJQD01000074_1_prot_POY71683_1_5650;exonerate}
75692	75757	INTRON			{GeneMark_model.5220_t;GeneMark},{Augustus_model.g4092.t1;Augustus},{GlimmerHMM_glimmerT_4882-T1;GlimmerHMM},{ev_type:exonerate/ID=match.2566964.3955/Target=lcl|KQ954514_1_prot_KWU42184_1_5480;exonerate},{ev_type:exonerate/ID=match.2566964.3954/Target=lcl|PJQD01000074_1_prot_POY71683_1_5650;exonerate}
75758	75865	internal+	2	1	{GeneMark_model.5220_t;GeneMark},{Augustus_model.g4092.t1;Augustus},{GlimmerHMM_glimmerT_4882-T1;GlimmerHMM},{ev_type:exonerate/ID=match.2566964.3955/Target=lcl|KQ954514_1_prot_KWU42184_1_5480;exonerate},{ev_type:exonerate/ID=match.2566964.3954/Target=lcl|PJQD01000074_1_prot_POY71683_1_5650;exonerate}
75866	75924	INTRON			{GeneMark_model.5220_t;GeneMark},{Augustus_model.g4092.t1;Augustus},{GlimmerHMM_glimmerT_4882-T1;GlimmerHMM},{ev_type:exonerate/ID=match.2566964.3955/Target=lcl|KQ954514_1_prot_KWU42184_1_5480;exonerate},{ev_type:exonerate/ID=match.2566964.3954/Target=lcl|PJQD01000074_1_prot_POY71683_1_5650;exonerate}
75925	76243	internal+	2	2	{GeneMark_model.5220_t;GeneMark},{Augustus_model.g4092.t1;Augustus},{GlimmerHMM_glimmerT_4882-T1;GlimmerHMM},{ev_type:exonerate/ID=match.2566964.3955/Target=lcl|KQ954514_1_prot_KWU42184_1_5480;exonerate},{ev_type:exonerate/ID=match.2566964.3954/Target=lcl|PJQD01000074_1_prot_POY71683_1_5650;exonerate}
76244	76318	INTRON			{GeneMark_model.5220_t;GeneMark},{Augustus_model.g4092.t1;Augustus},{GlimmerHMM_glimmerT_4882-T1;GlimmerHMM},{ev_type:exonerate/ID=match.2566964.3955/Target=lcl|KQ954514_1_prot_KWU42184_1_5480;exonerate},{ev_type:exonerate/ID=match.2566964.3954/Target=lcl|PJQD01000074_1_prot_POY71683_1_5650;exonerate}
76319	76607	internal+	3	3	{GeneMark_model.5220_t;GeneMark},{Augustus_model.g4092.t1;Augustus},{GlimmerHMM_glimmerT_4882-T1;GlimmerHMM},{ev_type:exonerate/ID=match.2566964.3955/Target=lcl|KQ954514_1_prot_KWU42184_1_5480;exonerate},{ev_type:exonerate/ID=match.2566964.3954/Target=lcl|PJQD01000074_1_prot_POY71683_1_5650;exonerate}
76608	76671	INTRON			{snap_scaffold_12-snap.149-T1;snap},{GeneMark_model.5220_t;GeneMark},{Augustus_model.g4092.t1;Augustus},{GlimmerHMM_glimmerT_4882-T1;GlimmerHMM},{ev_type:exonerate/ID=match.2566964.3955/Target=lcl|KQ954514_1_prot_KWU42184_1_5480;exonerate},{ev_type:exonerate/ID=match.2566964.3954/Target=lcl|PJQD01000074_1_prot_POY71683_1_5650;exonerate}
76672	76959	internal+	1	3	{GeneMark_model.5220_t;GeneMark},{Augustus_model.g4092.t1;Augustus},{GlimmerHMM_glimmerT_4882-T1;GlimmerHMM},{ev_type:exonerate/ID=match.2566964.3955/Target=lcl|KQ954514_1_prot_KWU42184_1_5480;exonerate},{ev_type:exonerate/ID=match.2566964.3954/Target=lcl|PJQD01000074_1_prot_POY71683_1_5650;exonerate}
76960	77030	INTRON			{GeneMark_model.5220_t;GeneMark},{Augustus_model.g4092.t1;Augustus},{GlimmerHMM_glimmerT_4882-T1;GlimmerHMM},{ev_type:exonerate/ID=match.2566964.3955/Target=lcl|KQ954514_1_prot_KWU42184_1_5480;exonerate},{ev_type:exonerate/ID=match.2566964.3954/Target=lcl|PJQD01000074_1_prot_POY71683_1_5650;exonerate}
77031	77158	internal+	1	2	{GeneMark_model.5220_t;GeneMark},{Augustus_model.g4092.t1;Augustus},{GlimmerHMM_glimmerT_4882-T1;GlimmerHMM},{ev_type:exonerate/ID=match.2566964.3955/Target=lcl|KQ954514_1_prot_KWU42184_1_5480;exonerate},{ev_type:exonerate/ID=match.2566964.3954/Target=lcl|PJQD01000074_1_prot_POY71683_1_5650;exonerate}
77159	77235	INTRON			{GeneMark_model.5220_t;GeneMark},{Augustus_model.g4092.t1;Augustus},{GlimmerHMM_glimmerT_4882-T1;GlimmerHMM},{ev_type:exonerate/ID=match.2566964.3955/Target=lcl|KQ954514_1_prot_KWU42184_1_5480;exonerate},{ev_type:exonerate/ID=match.2566964.3954/Target=lcl|PJQD01000074_1_prot_POY71683_1_5650;exonerate}
77236	77369	internal+	3	1	{GeneMark_model.5220_t;GeneMark},{Augustus_model.g4092.t1;Augustus},{GlimmerHMM_glimmerT_4882-T1;GlimmerHMM},{ev_type:exonerate/ID=match.2566964.3955/Target=lcl|KQ954514_1_prot_KWU42184_1_5480;exonerate},{ev_type:exonerate/ID=match.2566964.3954/Target=lcl|PJQD01000074_1_prot_POY71683_1_5650;exonerate}
77370	77431	INTRON			{GeneMark_model.5220_t;GeneMark},{Augustus_model.g4092.t1;Augustus},{GlimmerHMM_glimmerT_4882-T1;GlimmerHMM},{ev_type:exonerate/ID=match.2566964.3955/Target=lcl|KQ954514_1_prot_KWU42184_1_5480;exonerate},{ev_type:exonerate/ID=match.2566964.3954/Target=lcl|PJQD01000074_1_prot_POY71683_1_5650;exonerate}
77432	77467	internal+	2	1	{GeneMark_model.5220_t;GeneMark},{Augustus_model.g4092.t1;Augustus},{GlimmerHMM_glimmerT_4882-T1;GlimmerHMM},{ev_type:exonerate/ID=match.2566964.3955/Target=lcl|KQ954514_1_prot_KWU42184_1_5480;exonerate},{ev_type:exonerate/ID=match.2566964.3954/Target=lcl|PJQD01000074_1_prot_POY71683_1_5650;exonerate}
77468	77546	INTRON			{GeneMark_model.5220_t;GeneMark},{Augustus_model.g4092.t1;Augustus},{GlimmerHMM_glimmerT_4882-T1;GlimmerHMM},{ev_type:exonerate/ID=match.2566964.3955/Target=lcl|KQ954514_1_prot_KWU42184_1_5480;exonerate},{ev_type:exonerate/ID=match.2566964.3954/Target=lcl|PJQD01000074_1_prot_POY71683_1_5650;exonerate}
77547	77708	internal+	2	1	{GeneMark_model.5220_t;GeneMark},{Augustus_model.g4092.t1;Augustus},{GlimmerHMM_glimmerT_4882-T1;GlimmerHMM},{ev_type:exonerate/ID=match.2566964.3955/Target=lcl|KQ954514_1_prot_KWU42184_1_5480;exonerate},{ev_type:exonerate/ID=match.2566964.3954/Target=lcl|PJQD01000074_1_prot_POY71683_1_5650;exonerate}
77709	77775	INTRON			{GeneMark_model.5220_t;GeneMark},{Augustus_model.g4092.t1;Augustus},{GlimmerHMM_glimmerT_4882-T1;GlimmerHMM},{ev_type:exonerate/ID=match.2566964.3955/Target=lcl|KQ954514_1_prot_KWU42184_1_5480;exonerate},{ev_type:exonerate/ID=match.2566964.3954/Target=lcl|PJQD01000074_1_prot_POY71683_1_5650;exonerate}
77776	77944	internal+	2	2	{GeneMark_model.5220_t;GeneMark},{Augustus_model.g4092.t1;Augustus},{GlimmerHMM_glimmerT_4882-T1;GlimmerHMM},{ev_type:exonerate/ID=match.2566964.3955/Target=lcl|KQ954514_1_prot_KWU42184_1_5480;exonerate},{ev_type:exonerate/ID=match.2566964.3954/Target=lcl|PJQD01000074_1_prot_POY71683_1_5650;exonerate}
77945	78017	INTRON			{GeneMark_model.5220_t;GeneMark},{Augustus_model.g4092.t1;Augustus},{GlimmerHMM_glimmerT_4882-T1;GlimmerHMM},{ev_type:exonerate/ID=match.2566964.3955/Target=lcl|KQ954514_1_prot_KWU42184_1_5480;exonerate},{ev_type:exonerate/ID=match.2566964.3954/Target=lcl|PJQD01000074_1_prot_POY71683_1_5650;exonerate}
78018	78070	internal+	3	1	{GeneMark_model.5220_t;GeneMark},{Augustus_model.g4092.t1;Augustus},{GlimmerHMM_glimmerT_4882-T1;GlimmerHMM},{ev_type:exonerate/ID=match.2566964.3955/Target=lcl|KQ954514_1_prot_KWU42184_1_5480;exonerate},{ev_type:exonerate/ID=match.2566964.3954/Target=lcl|PJQD01000074_1_prot_POY71683_1_5650;exonerate}
78071	78139	INTRON			{GeneMark_model.5220_t;GeneMark},{Augustus_model.g4092.t1;Augustus},{GlimmerHMM_glimmerT_4882-T1;GlimmerHMM},{ev_type:exonerate/ID=match.2566964.3955/Target=lcl|KQ954514_1_prot_KWU42184_1_5480;exonerate},{ev_type:exonerate/ID=match.2566964.3954/Target=lcl|PJQD01000074_1_prot_POY71683_1_5650;exonerate}
78140	78265	internal+	2	1	{GeneMark_model.5220_t;GeneMark},{Augustus_model.g4092.t1;Augustus},{GlimmerHMM_glimmerT_4882-T1;GlimmerHMM},{ev_type:exonerate/ID=match.2566964.3955/Target=lcl|KQ954514_1_prot_KWU42184_1_5480;exonerate},{ev_type:exonerate/ID=match.2566964.3954/Target=lcl|PJQD01000074_1_prot_POY71683_1_5650;exonerate}
78266	78325	INTRON			{GeneMark_model.5220_t;GeneMark},{Augustus_model.g4092.t1;Augustus},{GlimmerHMM_glimmerT_4882-T1;GlimmerHMM},{ev_type:exonerate/ID=match.2566964.3955/Target=lcl|KQ954514_1_prot_KWU42184_1_5480;exonerate},{ev_type:exonerate/ID=match.2566964.3954/Target=lcl|PJQD01000074_1_prot_POY71683_1_5650;exonerate}
78326	78373	internal+	2	1	{GeneMark_model.5220_t;GeneMark},{Augustus_model.g4092.t1;Augustus},{GlimmerHMM_glimmerT_4882-T1;GlimmerHMM},{ev_type:exonerate/ID=match.2566964.3955/Target=lcl|KQ954514_1_prot_KWU42184_1_5480;exonerate},{ev_type:exonerate/ID=match.2566964.3954/Target=lcl|PJQD01000074_1_prot_POY71683_1_5650;exonerate}
78374	78437	INTRON			{GeneMark_model.5220_t;GeneMark},{Augustus_model.g4092.t1;Augustus},{GlimmerHMM_glimmerT_4882-T1;GlimmerHMM},{ev_type:exonerate/ID=match.2566964.3955/Target=lcl|KQ954514_1_prot_KWU42184_1_5480;exonerate},{ev_type:exonerate/ID=match.2566964.3954/Target=lcl|PJQD01000074_1_prot_POY71683_1_5650;exonerate}
78438	78510	internal+	2	2	{GeneMark_model.5220_t;GeneMark},{Augustus_model.g4092.t1;Augustus},{GlimmerHMM_glimmerT_4882-T1;GlimmerHMM},{ev_type:exonerate/ID=match.2566964.3955/Target=lcl|KQ954514_1_prot_KWU42184_1_5480;exonerate},{ev_type:exonerate/ID=match.2566964.3954/Target=lcl|PJQD01000074_1_prot_POY71683_1_5650;exonerate}
78511	78574	INTRON			{GeneMark_model.5220_t;GeneMark},{Augustus_model.g4092.t1;Augustus},{GlimmerHMM_glimmerT_4882-T1;GlimmerHMM},{ev_type:exonerate/ID=match.2566964.3955/Target=lcl|KQ954514_1_prot_KWU42184_1_5480;exonerate},{ev_type:exonerate/ID=match.2566964.3954/Target=lcl|PJQD01000074_1_prot_POY71683_1_5650;exonerate}
78575	78666	internal+	3	1	{GeneMark_model.5220_t;GeneMark},{Augustus_model.g4092.t1;Augustus},{GlimmerHMM_glimmerT_4882-T1;GlimmerHMM},{ev_type:exonerate/ID=match.2566964.3955/Target=lcl|KQ954514_1_prot_KWU42184_1_5480;exonerate},{ev_type:exonerate/ID=match.2566964.3954/Target=lcl|PJQD01000074_1_prot_POY71683_1_5650;exonerate}
78667	78734	INTRON			{GeneMark_model.5220_t;GeneMark},{Augustus_model.g4092.t1;Augustus},{GlimmerHMM_glimmerT_4882-T1;GlimmerHMM},{ev_type:exonerate/ID=match.2566964.3955/Target=lcl|KQ954514_1_prot_KWU42184_1_5480;exonerate},{ev_type:exonerate/ID=match.2566964.3954/Target=lcl|PJQD01000074_1_prot_POY71683_1_5650;exonerate}
78735	78934	terminal+	2	3	{snap_scaffold_12-snap.151-T1;snap},{GeneMark_model.5220_t;GeneMark},{Augustus_model.g4092.t1;Augustus},{GlimmerHMM_glimmerT_4882-T1;GlimmerHMM}

# EVM prediction: Mode:STANDARD S-ratio: 5.39 79122-82553 orient(-) score(31698.00) noncoding_equivalent(5882.48) raw_noncoding(7207.00) offset(1324.52) 
79274	79122	terminal-	4	6	{GeneMark_model.5221_t;GeneMark},{GlimmerHMM_glimmerT_4883-T1;GlimmerHMM},{HiQ_model.g4093.t1;HiQ}
79356	79275	INTRON			{GeneMark_model.5221_t;GeneMark},{GlimmerHMM_glimmerT_4883-T1;GlimmerHMM},{HiQ_model.g4093.t1;HiQ},{ev_type:exonerate/ID=match.2566964.3964/Target=lcl|LCTV02000011_1_prot_PRQ71745_1_1492;exonerate},{ev_type:exonerate/ID=match.2566964.3961/Target=lcl|KQ954519_1_prot_KWU41995_1_5664;exonerate},{ev_type:exonerate/ID=match.2566964.3963/Target=lcl|NW_017264942_1_prot_XP_018268497_1_6360;exonerate},{ev_type:exonerate/ID=match.2566964.3965/Target=lcl|BJWK01000010_1_prot_GEM10179_1_4196;exonerate},{ev_type:exonerate/ID=match.2566964.3958/Target=lcl|PJQD01000074_1_prot_POY71679_1_5646;exonerate}
79622	79357	internal-	5	6	{GeneMark_model.5221_t;GeneMark},{GlimmerHMM_glimmerT_4883-T1;GlimmerHMM},{HiQ_model.g4093.t1;HiQ},{ev_type:exonerate/ID=match.2566964.3964/Target=lcl|LCTV02000011_1_prot_PRQ71745_1_1492;exonerate},{ev_type:exonerate/ID=match.2566964.3961/Target=lcl|KQ954519_1_prot_KWU41995_1_5664;exonerate},{ev_type:exonerate/ID=match.2566964.3963/Target=lcl|NW_017264942_1_prot_XP_018268497_1_6360;exonerate},{ev_type:exonerate/ID=match.2566964.3965/Target=lcl|BJWK01000010_1_prot_GEM10179_1_4196;exonerate},{ev_type:exonerate/ID=match.2566964.3958/Target=lcl|PJQD01000074_1_prot_POY71679_1_5646;exonerate}
79701	79623	INTRON			{GeneMark_model.5221_t;GeneMark},{GlimmerHMM_glimmerT_4883-T1;GlimmerHMM},{HiQ_model.g4093.t1;HiQ},{ev_type:exonerate/ID=match.2566964.3964/Target=lcl|LCTV02000011_1_prot_PRQ71745_1_1492;exonerate},{ev_type:exonerate/ID=match.2566964.3961/Target=lcl|KQ954519_1_prot_KWU41995_1_5664;exonerate},{ev_type:exonerate/ID=match.2566964.3963/Target=lcl|NW_017264942_1_prot_XP_018268497_1_6360;exonerate},{ev_type:exonerate/ID=match.2566964.3965/Target=lcl|BJWK01000010_1_prot_GEM10179_1_4196;exonerate},{ev_type:exonerate/ID=match.2566964.3958/Target=lcl|PJQD01000074_1_prot_POY71679_1_5646;exonerate}
80083	79702	internal-	4	4	{GeneMark_model.5221_t;GeneMark},{GlimmerHMM_glimmerT_4883-T1;GlimmerHMM},{HiQ_model.g4093.t1;HiQ},{ev_type:exonerate/ID=match.2566964.3964/Target=lcl|LCTV02000011_1_prot_PRQ71745_1_1492;exonerate},{ev_type:exonerate/ID=match.2566964.3961/Target=lcl|KQ954519_1_prot_KWU41995_1_5664;exonerate},{ev_type:exonerate/ID=match.2566964.3963/Target=lcl|NW_017264942_1_prot_XP_018268497_1_6360;exonerate},{ev_type:exonerate/ID=match.2566964.3965/Target=lcl|BJWK01000010_1_prot_GEM10179_1_4196;exonerate},{ev_type:exonerate/ID=match.2566964.3958/Target=lcl|PJQD01000074_1_prot_POY71679_1_5646;exonerate}
80153	80084	INTRON			{GeneMark_model.5221_t;GeneMark},{GlimmerHMM_glimmerT_4883-T1;GlimmerHMM},{HiQ_model.g4093.t1;HiQ},{ev_type:exonerate/ID=match.2566964.3964/Target=lcl|LCTV02000011_1_prot_PRQ71745_1_1492;exonerate},{ev_type:exonerate/ID=match.2566964.3961/Target=lcl|KQ954519_1_prot_KWU41995_1_5664;exonerate},{ev_type:exonerate/ID=match.2566964.3963/Target=lcl|NW_017264942_1_prot_XP_018268497_1_6360;exonerate},{ev_type:exonerate/ID=match.2566964.3965/Target=lcl|BJWK01000010_1_prot_GEM10179_1_4196;exonerate},{ev_type:exonerate/ID=match.2566964.3958/Target=lcl|PJQD01000074_1_prot_POY71679_1_5646;exonerate}
80412	80154	internal-	6	6	{GeneMark_model.5221_t;GeneMark},{GlimmerHMM_glimmerT_4883-T1;GlimmerHMM},{HiQ_model.g4093.t1;HiQ},{ev_type:exonerate/ID=match.2566964.3964/Target=lcl|LCTV02000011_1_prot_PRQ71745_1_1492;exonerate},{ev_type:exonerate/ID=match.2566964.3961/Target=lcl|KQ954519_1_prot_KWU41995_1_5664;exonerate},{ev_type:exonerate/ID=match.2566964.3963/Target=lcl|NW_017264942_1_prot_XP_018268497_1_6360;exonerate},{ev_type:exonerate/ID=match.2566964.3965/Target=lcl|BJWK01000010_1_prot_GEM10179_1_4196;exonerate},{ev_type:exonerate/ID=match.2566964.3958/Target=lcl|PJQD01000074_1_prot_POY71679_1_5646;exonerate}
80485	80413	INTRON			{GeneMark_model.5221_t;GeneMark},{GlimmerHMM_glimmerT_4883-T1;GlimmerHMM},{HiQ_model.g4093.t1;HiQ},{ev_type:exonerate/ID=match.2566964.3964/Target=lcl|LCTV02000011_1_prot_PRQ71745_1_1492;exonerate},{ev_type:exonerate/ID=match.2566964.3961/Target=lcl|KQ954519_1_prot_KWU41995_1_5664;exonerate},{ev_type:exonerate/ID=match.2566964.3963/Target=lcl|NW_017264942_1_prot_XP_018268497_1_6360;exonerate},{ev_type:exonerate/ID=match.2566964.3965/Target=lcl|BJWK01000010_1_prot_GEM10179_1_4196;exonerate},{ev_type:exonerate/ID=match.2566964.3958/Target=lcl|PJQD01000074_1_prot_POY71679_1_5646;exonerate}
81198	80486	internal-	4	5	{GeneMark_model.5221_t;GeneMark},{GlimmerHMM_glimmerT_4883-T1;GlimmerHMM},{HiQ_model.g4093.t1;HiQ},{ev_type:exonerate/ID=match.2566964.3964/Target=lcl|LCTV02000011_1_prot_PRQ71745_1_1492;exonerate},{ev_type:exonerate/ID=match.2566964.3961/Target=lcl|KQ954519_1_prot_KWU41995_1_5664;exonerate},{ev_type:exonerate/ID=match.2566964.3963/Target=lcl|NW_017264942_1_prot_XP_018268497_1_6360;exonerate},{ev_type:exonerate/ID=match.2566964.3965/Target=lcl|BJWK01000010_1_prot_GEM10179_1_4196;exonerate},{ev_type:exonerate/ID=match.2566964.3958/Target=lcl|PJQD01000074_1_prot_POY71679_1_5646;exonerate}
81272	81199	INTRON			{GeneMark_model.5221_t;GeneMark},{GlimmerHMM_glimmerT_4883-T1;GlimmerHMM},{HiQ_model.g4093.t1;HiQ},{ev_type:exonerate/ID=match.2566964.3964/Target=lcl|LCTV02000011_1_prot_PRQ71745_1_1492;exonerate},{ev_type:exonerate/ID=match.2566964.3961/Target=lcl|KQ954519_1_prot_KWU41995_1_5664;exonerate},{ev_type:exonerate/ID=match.2566964.3963/Target=lcl|NW_017264942_1_prot_XP_018268497_1_6360;exonerate},{ev_type:exonerate/ID=match.2566964.3965/Target=lcl|BJWK01000010_1_prot_GEM10179_1_4196;exonerate},{ev_type:exonerate/ID=match.2566964.3958/Target=lcl|PJQD01000074_1_prot_POY71679_1_5646;exonerate}
81465	81273	internal-	6	6	{GeneMark_model.5221_t;GeneMark},{GlimmerHMM_glimmerT_4883-T1;GlimmerHMM},{HiQ_model.g4093.t1;HiQ},{ev_type:exonerate/ID=match.2566964.3964/Target=lcl|LCTV02000011_1_prot_PRQ71745_1_1492;exonerate},{ev_type:exonerate/ID=match.2566964.3961/Target=lcl|KQ954519_1_prot_KWU41995_1_5664;exonerate},{ev_type:exonerate/ID=match.2566964.3963/Target=lcl|NW_017264942_1_prot_XP_018268497_1_6360;exonerate},{ev_type:exonerate/ID=match.2566964.3965/Target=lcl|BJWK01000010_1_prot_GEM10179_1_4196;exonerate},{ev_type:exonerate/ID=match.2566964.3958/Target=lcl|PJQD01000074_1_prot_POY71679_1_5646;exonerate}
81545	81466	INTRON			{GeneMark_model.5221_t;GeneMark},{GlimmerHMM_glimmerT_4883-T1;GlimmerHMM},{HiQ_model.g4093.t1;HiQ},{ev_type:exonerate/ID=match.2566964.3964/Target=lcl|LCTV02000011_1_prot_PRQ71745_1_1492;exonerate},{ev_type:exonerate/ID=match.2566964.3961/Target=lcl|KQ954519_1_prot_KWU41995_1_5664;exonerate},{ev_type:exonerate/ID=match.2566964.3963/Target=lcl|NW_017264942_1_prot_XP_018268497_1_6360;exonerate},{ev_type:exonerate/ID=match.2566964.3965/Target=lcl|BJWK01000010_1_prot_GEM10179_1_4196;exonerate},{ev_type:exonerate/ID=match.2566964.3958/Target=lcl|PJQD01000074_1_prot_POY71679_1_5646;exonerate}
81736	81546	internal-	4	5	{GeneMark_model.5221_t;GeneMark},{GlimmerHMM_glimmerT_4883-T1;GlimmerHMM},{HiQ_model.g4093.t1;HiQ},{ev_type:exonerate/ID=match.2566964.3964/Target=lcl|LCTV02000011_1_prot_PRQ71745_1_1492;exonerate},{ev_type:exonerate/ID=match.2566964.3961/Target=lcl|KQ954519_1_prot_KWU41995_1_5664;exonerate},{ev_type:exonerate/ID=match.2566964.3963/Target=lcl|NW_017264942_1_prot_XP_018268497_1_6360;exonerate},{ev_type:exonerate/ID=match.2566964.3965/Target=lcl|BJWK01000010_1_prot_GEM10179_1_4196;exonerate},{ev_type:exonerate/ID=match.2566964.3958/Target=lcl|PJQD01000074_1_prot_POY71679_1_5646;exonerate}
81836	81737	INTRON			{GeneMark_model.5221_t;GeneMark},{GlimmerHMM_glimmerT_4883-T1;GlimmerHMM},{HiQ_model.g4093.t1;HiQ},{ev_type:exonerate/ID=match.2566964.3964/Target=lcl|LCTV02000011_1_prot_PRQ71745_1_1492;exonerate},{ev_type:exonerate/ID=match.2566964.3961/Target=lcl|KQ954519_1_prot_KWU41995_1_5664;exonerate},{ev_type:exonerate/ID=match.2566964.3963/Target=lcl|NW_017264942_1_prot_XP_018268497_1_6360;exonerate},{ev_type:exonerate/ID=match.2566964.3965/Target=lcl|BJWK01000010_1_prot_GEM10179_1_4196;exonerate},{ev_type:exonerate/ID=match.2566964.3958/Target=lcl|PJQD01000074_1_prot_POY71679_1_5646;exonerate}
81973	81837	internal-	5	6	{GeneMark_model.5221_t;GeneMark},{GlimmerHMM_glimmerT_4883-T1;GlimmerHMM},{HiQ_model.g4093.t1;HiQ},{ev_type:exonerate/ID=match.2566964.3964/Target=lcl|LCTV02000011_1_prot_PRQ71745_1_1492;exonerate},{ev_type:exonerate/ID=match.2566964.3961/Target=lcl|KQ954519_1_prot_KWU41995_1_5664;exonerate},{ev_type:exonerate/ID=match.2566964.3963/Target=lcl|NW_017264942_1_prot_XP_018268497_1_6360;exonerate},{ev_type:exonerate/ID=match.2566964.3965/Target=lcl|BJWK01000010_1_prot_GEM10179_1_4196;exonerate},{ev_type:exonerate/ID=match.2566964.3958/Target=lcl|PJQD01000074_1_prot_POY71679_1_5646;exonerate}
82052	81974	INTRON			{GeneMark_model.5221_t;GeneMark},{GlimmerHMM_glimmerT_4883-T1;GlimmerHMM},{HiQ_model.g4093.t1;HiQ},{ev_type:exonerate/ID=match.2566964.3964/Target=lcl|LCTV02000011_1_prot_PRQ71745_1_1492;exonerate},{ev_type:exonerate/ID=match.2566964.3961/Target=lcl|KQ954519_1_prot_KWU41995_1_5664;exonerate},{ev_type:exonerate/ID=match.2566964.3963/Target=lcl|NW_017264942_1_prot_XP_018268497_1_6360;exonerate},{ev_type:exonerate/ID=match.2566964.3965/Target=lcl|BJWK01000010_1_prot_GEM10179_1_4196;exonerate},{ev_type:exonerate/ID=match.2566964.3958/Target=lcl|PJQD01000074_1_prot_POY71679_1_5646;exonerate}
82262	82053	internal-	5	4	{GeneMark_model.5221_t;GeneMark},{GlimmerHMM_glimmerT_4883-T1;GlimmerHMM},{HiQ_model.g4093.t1;HiQ},{ev_type:exonerate/ID=match.2566964.3964/Target=lcl|LCTV02000011_1_prot_PRQ71745_1_1492;exonerate},{ev_type:exonerate/ID=match.2566964.3961/Target=lcl|KQ954519_1_prot_KWU41995_1_5664;exonerate},{ev_type:exonerate/ID=match.2566964.3963/Target=lcl|NW_017264942_1_prot_XP_018268497_1_6360;exonerate},{ev_type:exonerate/ID=match.2566964.3965/Target=lcl|BJWK01000010_1_prot_GEM10179_1_4196;exonerate},{ev_type:exonerate/ID=match.2566964.3958/Target=lcl|PJQD01000074_1_prot_POY71679_1_5646;exonerate}
82324	82263	INTRON			{GeneMark_model.5221_t;GeneMark},{HiQ_model.g4093.t1;HiQ},{ev_type:exonerate/ID=match.2566964.3964/Target=lcl|LCTV02000011_1_prot_PRQ71745_1_1492;exonerate},{ev_type:exonerate/ID=match.2566964.3961/Target=lcl|KQ954519_1_prot_KWU41995_1_5664;exonerate},{ev_type:exonerate/ID=match.2566964.3963/Target=lcl|NW_017264942_1_prot_XP_018268497_1_6360;exonerate},{ev_type:exonerate/ID=match.2566964.3965/Target=lcl|BJWK01000010_1_prot_GEM10179_1_4196;exonerate},{ev_type:exonerate/ID=match.2566964.3958/Target=lcl|PJQD01000074_1_prot_POY71679_1_5646;exonerate}
82553	82325	initial-	4	4	{GeneMark_model.5221_t;GeneMark},{HiQ_model.g4093.t1;HiQ}

# EVM prediction: Mode:STANDARD S-ratio: 4.20 83098-84137 orient(+) score(3246.00) noncoding_equivalent(773.68) raw_noncoding(1210.79) offset(437.11) 
83098	83269	initial+	1	1	{Augustus_model.g4094.t1;Augustus},{GeneMark_model.5222_t;GeneMark},{GlimmerHMM_glimmerT_4884-T1;GlimmerHMM}
83270	83333	INTRON			{Augustus_model.g4094.t1;Augustus},{GeneMark_model.5222_t;GeneMark}
83334	83358	internal+	2	2	{GeneMark_model.5222_t;GeneMark}
83359	83425	INTRON			{GeneMark_model.5222_t;GeneMark}
83426	83830	internal+	3	2	{GeneMark_model.5222_t;GeneMark}
83831	83904	INTRON			{Augustus_model.g4094.t1;Augustus},{GeneMark_model.5222_t;GeneMark}
83905	83931	internal+	3	2	{Augustus_model.g4094.t1;Augustus},{GeneMark_model.5222_t;GeneMark}
83932	84010	INTRON			{Augustus_model.g4094.t1;Augustus},{GeneMark_model.5222_t;GeneMark}
84011	84137	terminal+	3	3	{GeneMark_model.5222_t;GeneMark},{GlimmerHMM_glimmerT_4884-T1;GlimmerHMM}

# EVM prediction: Mode:STANDARD S-ratio: 9.01 84575-87692 orient(+) score(11335.00) noncoding_equivalent(1258.16) raw_noncoding(1447.17) offset(189.01) 
84575	86941	initial+	1	3	{GeneMark_model.5223_t;GeneMark},{GlimmerHMM_glimmerT_4885-T1;GlimmerHMM}
86942	87007	INTRON			{GeneMark_model.5223_t;GeneMark},{GlimmerHMM_glimmerT_4885-T1;GlimmerHMM},{Augustus_model.g4094.t1;Augustus}
87008	87130	internal+	1	3	{GeneMark_model.5223_t;GeneMark},{GlimmerHMM_glimmerT_4885-T1;GlimmerHMM},{Augustus_model.g4094.t1;Augustus}
87131	87208	INTRON			{GeneMark_model.5223_t;GeneMark},{Augustus_model.g4094.t1;Augustus}
87209	87315	internal+	1	2	{GeneMark_model.5223_t;GeneMark},{Augustus_model.g4094.t1;Augustus}
87316	87379	INTRON			{GeneMark_model.5223_t;GeneMark},{Augustus_model.g4094.t1;Augustus}
87380	87692	terminal+	3	3	{GeneMark_model.5223_t;GeneMark},{Augustus_model.g4094.t1;Augustus}

# EVM prediction: Mode:STANDARD S-ratio: 3.05 88260-90696 orient(+) score(7804.00) noncoding_equivalent(2559.80) raw_noncoding(3241.00) offset(681.20) 
88260	88482	initial+	1	1	{Augustus_model.g4095.t1;Augustus},{GlimmerHMM_glimmerT_4886-T1;GlimmerHMM},{GeneMark_model.5224_t;GeneMark}
88483	88556	INTRON			{Augustus_model.g4095.t1;Augustus},{GlimmerHMM_glimmerT_4886-T1;GlimmerHMM},{GeneMark_model.5224_t;GeneMark}
88557	88885	internal+	2	3	{Augustus_model.g4095.t1;Augustus},{GlimmerHMM_glimmerT_4886-T1;GlimmerHMM},{GeneMark_model.5224_t;GeneMark}
88886	88940	INTRON			{Augustus_model.g4095.t1;Augustus},{GlimmerHMM_glimmerT_4886-T1;GlimmerHMM},{GeneMark_model.5224_t;GeneMark}
88941	89050	internal+	1	2	{Augustus_model.g4095.t1;Augustus},{GlimmerHMM_glimmerT_4886-T1;GlimmerHMM},{GeneMark_model.5224_t;GeneMark}
89051	89121	INTRON			{Augustus_model.g4095.t1;Augustus},{GeneMark_model.5224_t;GeneMark}
89122	89169	internal+	3	2	{Augustus_model.g4095.t1;Augustus},{GeneMark_model.5224_t;GeneMark}
89170	89227	INTRON			{Augustus_model.g4095.t1;Augustus},{GeneMark_model.5224_t;GeneMark}
89228	89456	internal+	3	3	{Augustus_model.g4095.t1;Augustus},{GlimmerHMM_glimmerT_4886-T1;GlimmerHMM},{GeneMark_model.5224_t;GeneMark}
89457	89515	INTRON			{Augustus_model.g4095.t1;Augustus},{GlimmerHMM_glimmerT_4886-T1;GlimmerHMM},{GeneMark_model.5224_t;GeneMark}
89516	89687	internal+	1	1	{Augustus_model.g4095.t1;Augustus},{GeneMark_model.5224_t;GeneMark}
89688	89752	INTRON			{Augustus_model.g4095.t1;Augustus},{GeneMark_model.5224_t;GeneMark}
89753	89803	internal+	2	1	{Augustus_model.g4095.t1;Augustus},{GlimmerHMM_glimmerT_4886-T1;GlimmerHMM},{GeneMark_model.5224_t;GeneMark}
89804	89859	INTRON			{Augustus_model.g4095.t1;Augustus},{GlimmerHMM_glimmerT_4886-T1;GlimmerHMM},{GeneMark_model.5224_t;GeneMark}
89860	90036	internal+	2	1	{Augustus_model.g4095.t1;Augustus},{GlimmerHMM_glimmerT_4886-T1;GlimmerHMM},{GeneMark_model.5224_t;GeneMark}
90037	90112	INTRON			{Augustus_model.g4095.t1;Augustus},{GlimmerHMM_glimmerT_4886-T1;GlimmerHMM},{GeneMark_model.5224_t;GeneMark}
90113	90696	terminal+	2	3	{Augustus_model.g4095.t1;Augustus},{GlimmerHMM_glimmerT_4886-T1;GlimmerHMM},{GeneMark_model.5224_t;GeneMark}

# EVM prediction: Mode:STANDARD S-ratio: 4.18 90983-92749 orient(-) score(6272.00) noncoding_equivalent(1500.00) raw_noncoding(1659.00) offset(159.00) 
91022	90983	terminal-	6	6	{GeneMark_model.5225_t;GeneMark},{GlimmerHMM_glimmerT_4887-T1;GlimmerHMM},{Augustus_model.g4096.t1;Augustus}
91088	91023	INTRON			{GeneMark_model.5225_t;GeneMark},{GlimmerHMM_glimmerT_4887-T1;GlimmerHMM},{Augustus_model.g4096.t1;Augustus}
91499	91089	internal-	6	5	{GeneMark_model.5225_t;GeneMark},{GlimmerHMM_glimmerT_4887-T1;GlimmerHMM},{Augustus_model.g4096.t1;Augustus}
91577	91500	INTRON			{GeneMark_model.5225_t;GeneMark},{GlimmerHMM_glimmerT_4887-T1;GlimmerHMM},{snap_scaffold_12-snap.158-T1;snap},{Augustus_model.g4096.t1;Augustus}
91755	91578	internal-	5	5	{GeneMark_model.5225_t;GeneMark},{GlimmerHMM_glimmerT_4887-T1;GlimmerHMM},{Augustus_model.g4096.t1;Augustus}
91835	91756	INTRON			{GeneMark_model.5225_t;GeneMark},{GlimmerHMM_glimmerT_4887-T1;GlimmerHMM},{Augustus_model.g4096.t1;Augustus}
92146	91836	internal-	6	4	{GeneMark_model.5225_t;GeneMark},{GlimmerHMM_glimmerT_4887-T1;GlimmerHMM},{Augustus_model.g4096.t1;Augustus}
92207	92147	INTRON			{GeneMark_model.5225_t;GeneMark},{GlimmerHMM_glimmerT_4887-T1;GlimmerHMM},{Augustus_model.g4096.t1;Augustus}
92749	92208	initial-	4	5	{GeneMark_model.5225_t;GeneMark}

# EVM prediction: Mode:STANDARD S-ratio: 3.60 93036-94750 orient(-) score(5365.00) noncoding_equivalent(1491.87) raw_noncoding(1894.06) offset(402.19) 
93618	93036	terminal-	6	6	{GeneMark_model.5226_t;GeneMark}
93890	93619	INTRON			{GlimmerHMM_glimmerT_4887-T1;GlimmerHMM},{Augustus_model.g4096.t1;Augustus}
94750	93891	initial-	4	5	{GeneMark_model.5226_t;GeneMark},{Augustus_model.g4096.t1;Augustus}

# EVM prediction: Mode:STANDARD S-ratio: 2.23 95647-96688 orient(-) score(3282.00) noncoding_equivalent(1468.56) raw_noncoding(1736.70) offset(268.14) 
95670	95647	terminal-	4	6	{GeneMark_model.5227_t;GeneMark},{Augustus_model.g4097.t1;Augustus}
95741	95671	INTRON			{GeneMark_model.5227_t;GeneMark},{Augustus_model.g4097.t1;Augustus}
95939	95742	internal-	4	6	{GeneMark_model.5227_t;GeneMark},{GlimmerHMM_glimmerT_4887-T1;GlimmerHMM},{Augustus_model.g4097.t1;Augustus}
96006	95940	INTRON			{GeneMark_model.5227_t;GeneMark},{GlimmerHMM_glimmerT_4887-T1;GlimmerHMM},{Augustus_model.g4097.t1;Augustus}
96094	96007	internal-	6	6	{GeneMark_model.5227_t;GeneMark},{GlimmerHMM_glimmerT_4887-T1;GlimmerHMM},{Augustus_model.g4097.t1;Augustus}
96163	96095	INTRON			{GeneMark_model.5227_t;GeneMark},{GlimmerHMM_glimmerT_4887-T1;GlimmerHMM},{Augustus_model.g4097.t1;Augustus}
96233	96164	internal-	5	5	{GeneMark_model.5227_t;GeneMark},{GlimmerHMM_glimmerT_4887-T1;GlimmerHMM},{Augustus_model.g4097.t1;Augustus}
96396	96234	INTRON			{GeneMark_model.5227_t;GeneMark},{GlimmerHMM_glimmerT_4887-T1;GlimmerHMM},{Augustus_model.g4097.t1;Augustus}
96688	96397	initial-	4	4	{GeneMark_model.5227_t;GeneMark},{GlimmerHMM_glimmerT_4887-T1;GlimmerHMM},{Augustus_model.g4097.t1;Augustus}

# EVM prediction: Mode:STANDARD S-ratio: 3.27 97166-99173 orient(+) score(6600.00) noncoding_equivalent(2016.09) raw_noncoding(2710.49) offset(694.39) 
97166	97184	initial+	1	1	{Augustus_model.g4098.t1;Augustus},{GlimmerHMM_glimmerT_4888-T1;GlimmerHMM}
97185	97471	INTRON			{Augustus_model.g4098.t1;Augustus},{GlimmerHMM_glimmerT_4888-T1;GlimmerHMM}
97472	98334	internal+	2	3	{Augustus_model.g4098.t1;Augustus},{GeneMark_model.5228_t;GeneMark},{GlimmerHMM_glimmerT_4888-T1;GlimmerHMM}
98335	98411	INTRON			{Augustus_model.g4098.t1;Augustus},{GeneMark_model.5228_t;GeneMark},{GlimmerHMM_glimmerT_4888-T1;GlimmerHMM}
98412	98526	internal+	1	1	{Augustus_model.g4098.t1;Augustus},{GeneMark_model.5228_t;GeneMark},{GlimmerHMM_glimmerT_4888-T1;GlimmerHMM}
98527	98594	INTRON			{Augustus_model.g4098.t1;Augustus},{GeneMark_model.5228_t;GeneMark},{GlimmerHMM_glimmerT_4888-T1;GlimmerHMM}
98595	98760	internal+	2	2	{Augustus_model.g4098.t1;Augustus},{GeneMark_model.5228_t;GeneMark},{GlimmerHMM_glimmerT_4888-T1;GlimmerHMM}
98761	98832	INTRON			{Augustus_model.g4098.t1;Augustus},{GeneMark_model.5228_t;GeneMark},{GlimmerHMM_glimmerT_4888-T1;GlimmerHMM}
98833	98924	internal+	3	1	{Augustus_model.g4098.t1;Augustus},{GeneMark_model.5228_t;GeneMark},{GlimmerHMM_glimmerT_4888-T1;GlimmerHMM}
98925	99009	INTRON			{Augustus_model.g4098.t1;Augustus},{GeneMark_model.5228_t;GeneMark},{GlimmerHMM_glimmerT_4888-T1;GlimmerHMM}
99010	99173	terminal+	2	3	{Augustus_model.g4098.t1;Augustus},{GeneMark_model.5228_t;GeneMark},{GlimmerHMM_glimmerT_4888-T1;GlimmerHMM}

# EVM prediction: Mode:STANDARD S-ratio: 2.95 99775-100583 orient(+) score(2411.00) noncoding_equivalent(817.42) raw_noncoding(1245.38) offset(427.95) 
99775	99825	initial+	1	3	{Augustus_model.g4099.t1;Augustus},{GlimmerHMM_glimmerT_4889-T1;GlimmerHMM}
99826	99900	INTRON			{Augustus_model.g4099.t1;Augustus},{GlimmerHMM_glimmerT_4889-T1;GlimmerHMM}
99901	100185	internal+	1	3	{Augustus_model.g4099.t1;Augustus},{GlimmerHMM_glimmerT_4889-T1;GlimmerHMM}
100186	100245	INTRON			{Augustus_model.g4099.t1;Augustus},{GlimmerHMM_glimmerT_4889-T1;GlimmerHMM}
100246	100408	internal+	1	1	{Augustus_model.g4099.t1;Augustus},{GeneMark_model.5229_t;GeneMark},{GlimmerHMM_glimmerT_4889-T1;GlimmerHMM}
100409	100527	INTRON			{GeneMark_model.5229_t;GeneMark},{GlimmerHMM_glimmerT_4889-T1;GlimmerHMM}
100528	100583	terminal+	2	3	{GeneMark_model.5229_t;GeneMark},{GlimmerHMM_glimmerT_4889-T1;GlimmerHMM}

# EVM prediction: Mode:STANDARD S-ratio: 2.13 101017-103202 orient(-) score(5855.00) noncoding_equivalent(2751.97) raw_noncoding(3679.62) offset(927.65) 
101304	101017	terminal-	4	6	{GlimmerHMM_glimmerT_4890-T1;GlimmerHMM},{Augustus_model.g4100.t1;Augustus}
101564	101305	INTRON			{GlimmerHMM_glimmerT_4890-T1;GlimmerHMM},{Augustus_model.g4100.t1;Augustus}
101690	101565	internal-	4	6	{GlimmerHMM_glimmerT_4890-T1;GlimmerHMM},{Augustus_model.g4100.t1;Augustus}
101757	101691	INTRON			{GeneMark_model.5231_t;GeneMark},{GlimmerHMM_glimmerT_4890-T1;GlimmerHMM},{Augustus_model.g4100.t1;Augustus}
102381	101758	internal-	4	6	{GeneMark_model.5231_t;GeneMark},{GlimmerHMM_glimmerT_4890-T1;GlimmerHMM}
102443	102382	INTRON			{GeneMark_model.5231_t;GeneMark},{Augustus_model.g4100.t1;Augustus}
102517	102444	internal-	5	6	{GeneMark_model.5231_t;GeneMark},{Augustus_model.g4100.t1;Augustus}
102581	102518	INTRON			{GeneMark_model.5231_t;GeneMark},{Augustus_model.g4100.t1;Augustus}
102618	102582	internal-	4	4	{GeneMark_model.5231_t;GeneMark},{Augustus_model.g4100.t1;Augustus}
102692	102619	INTRON			{GeneMark_model.5231_t;GeneMark},{Augustus_model.g4100.t1;Augustus}
103202	102693	initial-	4	6	{GeneMark_model.5231_t;GeneMark},{GlimmerHMM_glimmerT_4890-T1;GlimmerHMM}

# EVM prediction: Mode:STANDARD S-ratio: 1.67 103710-105411 orient(-) score(4847.00) noncoding_equivalent(2900.76) raw_noncoding(4014.36) offset(1113.60) 
103798	103710	terminal-	5	6	{GeneMark_model.5232_t;GeneMark},{GlimmerHMM_glimmerT_4891-T1;GlimmerHMM}
103890	103799	INTRON			{GeneMark_model.5232_t;GeneMark},{GlimmerHMM_glimmerT_4891-T1;GlimmerHMM}
103940	103891	internal-	6	4	{GeneMark_model.5232_t;GeneMark},{GlimmerHMM_glimmerT_4891-T1;GlimmerHMM},{Augustus_model.g4100.t1;Augustus}
104022	103941	INTRON			{GeneMark_model.5232_t;GeneMark},{GlimmerHMM_glimmerT_4891-T1;GlimmerHMM},{Augustus_model.g4100.t1;Augustus}
104132	104023	internal-	4	5	{GeneMark_model.5232_t;GeneMark},{GlimmerHMM_glimmerT_4891-T1;GlimmerHMM},{Augustus_model.g4100.t1;Augustus}
104215	104133	INTRON			{GeneMark_model.5232_t;GeneMark},{GlimmerHMM_glimmerT_4891-T1;GlimmerHMM},{Augustus_model.g4100.t1;Augustus}
104288	104216	internal-	6	6	{GeneMark_model.5232_t;GeneMark},{Augustus_model.g4100.t1;Augustus}
104394	104289	INTRON			{GeneMark_model.5232_t;GeneMark},{Augustus_model.g4100.t1;Augustus}
104434	104395	internal-	5	5	{GeneMark_model.5232_t;GeneMark},{Augustus_model.g4100.t1;Augustus}
104540	104435	INTRON			{GeneMark_model.5232_t;GeneMark},{Augustus_model.g4100.t1;Augustus}
104629	104541	internal-	6	4	{GeneMark_model.5232_t;GeneMark},{GlimmerHMM_glimmerT_4891-T1;GlimmerHMM},{Augustus_model.g4100.t1;Augustus}
104742	104630	INTRON			{GeneMark_model.5232_t;GeneMark},{GlimmerHMM_glimmerT_4891-T1;GlimmerHMM},{Augustus_model.g4100.t1;Augustus}
104927	104743	internal-	4	5	{GeneMark_model.5232_t;GeneMark},{GlimmerHMM_glimmerT_4891-T1;GlimmerHMM},{Augustus_model.g4100.t1;Augustus}
105001	104928	INTRON			{GeneMark_model.5232_t;GeneMark},{GlimmerHMM_glimmerT_4891-T1;GlimmerHMM},{Augustus_model.g4100.t1;Augustus}
105090	105002	internal-	5	6	{GeneMark_model.5232_t;GeneMark},{GlimmerHMM_glimmerT_4891-T1;GlimmerHMM},{Augustus_model.g4100.t1;Augustus}
105165	105091	INTRON			{GeneMark_model.5232_t;GeneMark},{GlimmerHMM_glimmerT_4891-T1;GlimmerHMM},{Augustus_model.g4100.t1;Augustus}
105197	105166	internal-	6	4	{GeneMark_model.5232_t;GeneMark},{GlimmerHMM_glimmerT_4891-T1;GlimmerHMM},{Augustus_model.g4100.t1;Augustus}
105253	105198	INTRON			{GeneMark_model.5232_t;GeneMark},{GlimmerHMM_glimmerT_4891-T1;GlimmerHMM},{Augustus_model.g4100.t1;Augustus}
105411	105254	initial-	4	5	{GeneMark_model.5232_t;GeneMark},{GlimmerHMM_glimmerT_4891-T1;GlimmerHMM},{Augustus_model.g4100.t1;Augustus}

